{"numFailedTestSuites":10,"numFailedTests":92,"numPassedTestSuites":78,"numPassedTests":1173,"numPendingTestSuites":0,"numPendingTests":1,"numRuntimeErrorTestSuites":0,"numTodoTests":0,"numTotalTestSuites":88,"numTotalTests":1266,"openHandles":[],"snapshot":{"added":0,"didUpdate":false,"failure":false,"filesAdded":0,"filesRemoved":0,"filesRemovedList":[],"filesUnmatched":0,"filesUpdated":0,"matched":0,"total":0,"unchecked":0,"uncheckedKeysByFile":[],"unmatched":0,"updated":0},"startTime":1763189459777,"success":false,"testResults":[{"assertionResults":[{"ancestorTitles":["Header Component","Structure and Layout"],"duration":135,"failing":false,"failureDetails":[],"failureMessages":[],"fullName":"Header Component Structure and Layout should render header element with correct classes","invocations":1,"location":null,"numPassingAsserts":7,"retryReasons":[],"startAt":1763189480724,"status":"passed","title":"should render header element with correct classes"},{"ancestorTitles":["Header Component","Structure and Layout"],"duration":63,"failing":false,"failureDetails":[],"failureMessages":[],"fullName":"Header Component Structure and Layout should apply positioning and spacing classes","invocations":1,"location":null,"numPassingAsserts":4,"retryReasons":[],"startAt":1763189480861,"status":"passed","title":"should apply positioning and spacing classes"},{"ancestorTitles":["Header Component","Structure and Layout"],"duration":41,"failing":false,"failureDetails":[],"failureMessages":[],"fullName":"Header Component Structure and Layout should apply backdrop blur classes for responsive design","invocations":1,"location":null,"numPassingAsserts":2,"retryReasons":[],"startAt":1763189480924,"status":"passed","title":"should apply backdrop blur classes for responsive design"},{"ancestorTitles":["Header Component","Structure and Layout"],"duration":17,"failing":false,"failureDetails":[],"failureMessages":[],"fullName":"Header Component Structure and Layout should have shadow styling","invocations":1,"location":null,"numPassingAsserts":1,"retryReasons":[],"startAt":1763189480965,"status":"passed","title":"should have shadow styling"},{"ancestorTitles":["Header Component","Logo and Brand"],"duration":62,"failing":false,"failureDetails":[],"failureMessages":[],"fullName":"Header Component Logo and Brand should render logo image","invocations":1,"location":null,"numPassingAsserts":1,"retryReasons":[],"startAt":1763189480983,"status":"passed","title":"should render logo image"},{"ancestorTitles":["Header Component","Logo and Brand"],"duration":30,"failing":false,"failureDetails":[{"matcherResult":{"pass":false,"message":"\u001b[2mexpect(\u001b[22m\u001b[31melement\u001b[39m\u001b[2m).toHaveAttribute(\u001b[22m\u001b[32m\u001b[32m\"src\"\u001b[39m\u001b[32m\u001b[39m\u001b[2m, \u001b[22m\u001b[32m\u001b[32m\"/zamr_logo.webp\"\u001b[39m\u001b[32m\u001b[39m\u001b[2m) // element.getAttribute(\"src\") === \"/zamr_logo.webp\"\u001b[22m\n\nExpected the element to have attribute:\n\u001b[32m  src=\"/zamr_logo.webp\"\u001b[39m\nReceived:\n\u001b[31m  src=\"/logo_zamr.webp\"\u001b[39m"}}],"failureMessages":["Error: \u001b[2mexpect(\u001b[22m\u001b[31melement\u001b[39m\u001b[2m).toHaveAttribute(\u001b[22m\u001b[32m\u001b[32m\"src\"\u001b[39m\u001b[32m\u001b[39m\u001b[2m, \u001b[22m\u001b[32m\u001b[32m\"/zamr_logo.webp\"\u001b[39m\u001b[32m\u001b[39m\u001b[2m) // element.getAttribute(\"src\") === \"/zamr_logo.webp\"\u001b[22m\n\nExpected the element to have attribute:\n\u001b[32m  src=\"/zamr_logo.webp\"\u001b[39m\nReceived:\n\u001b[31m  src=\"/logo_zamr.webp\"\u001b[39m\n    at Object.toHaveAttribute (C:\\Users\\leovp\\Programming\\adorador\\adorador-frontend\\src\\app\\(public)\\_ui\\header\\__tests__\\Header.test.tsx:133:20)\n    at Promise.finally.completed (C:\\Users\\leovp\\Programming\\adorador\\adorador-frontend\\node_modules\\jest-circus\\build\\jestAdapterInit.js:1557:28)\n    at new Promise (<anonymous>)\n    at callAsyncCircusFn (C:\\Users\\leovp\\Programming\\adorador\\adorador-frontend\\node_modules\\jest-circus\\build\\jestAdapterInit.js:1497:10)\n    at _callCircusTest (C:\\Users\\leovp\\Programming\\adorador\\adorador-frontend\\node_modules\\jest-circus\\build\\jestAdapterInit.js:1007:40)\n    at processTicksAndRejections (node:internal/process/task_queues:95:5)\n    at _runTest (C:\\Users\\leovp\\Programming\\adorador\\adorador-frontend\\node_modules\\jest-circus\\build\\jestAdapterInit.js:947:3)\n    at C:\\Users\\leovp\\Programming\\adorador\\adorador-frontend\\node_modules\\jest-circus\\build\\jestAdapterInit.js:849:7\n    at _runTestsForDescribeBlock (C:\\Users\\leovp\\Programming\\adorador\\adorador-frontend\\node_modules\\jest-circus\\build\\jestAdapterInit.js:862:11)\n    at _runTestsForDescribeBlock (C:\\Users\\leovp\\Programming\\adorador\\adorador-frontend\\node_modules\\jest-circus\\build\\jestAdapterInit.js:857:11)\n    at _runTestsForDescribeBlock (C:\\Users\\leovp\\Programming\\adorador\\adorador-frontend\\node_modules\\jest-circus\\build\\jestAdapterInit.js:857:11)\n    at run (C:\\Users\\leovp\\Programming\\adorador\\adorador-frontend\\node_modules\\jest-circus\\build\\jestAdapterInit.js:761:3)\n    at runAndTransformResultsToJestFormat (C:\\Users\\leovp\\Programming\\adorador\\adorador-frontend\\node_modules\\jest-circus\\build\\jestAdapterInit.js:1918:21)\n    at jestAdapter (C:\\Users\\leovp\\Programming\\adorador\\adorador-frontend\\node_modules\\jest-circus\\build\\runner.js:101:19)\n    at runTestInternal (C:\\Users\\leovp\\Programming\\adorador\\adorador-frontend\\node_modules\\jest-runner\\build\\testWorker.js:277:16)\n    at runTest (C:\\Users\\leovp\\Programming\\adorador\\adorador-frontend\\node_modules\\jest-runner\\build\\testWorker.js:345:7)\n    at Object.worker (C:\\Users\\leovp\\Programming\\adorador\\adorador-frontend\\node_modules\\jest-runner\\build\\testWorker.js:499:12)"],"fullName":"Header Component Logo and Brand should render logo with correct src","invocations":1,"location":null,"numPassingAsserts":0,"retryReasons":[],"startAt":1763189481046,"status":"failed","title":"should render logo with correct src"},{"ancestorTitles":["Header Component","Logo and Brand"],"duration":19,"failing":false,"failureDetails":[],"failureMessages":[],"fullName":"Header Component Logo and Brand should render logo with correct dimensions","invocations":1,"location":null,"numPassingAsserts":2,"retryReasons":[],"startAt":1763189481123,"status":"passed","title":"should render logo with correct dimensions"},{"ancestorTitles":["Header Component","Logo and Brand"],"duration":19,"failing":false,"failureDetails":[{"matcherResult":{"pass":false,"message":"\u001b[2mexpect(\u001b[22m\u001b[31melement\u001b[39m\u001b[2m).toHaveClass(\u001b[22m\u001b[32m\u001b[32m\"h-10\"\u001b[39m\u001b[32m\u001b[39m\u001b[2m)\u001b[22m\n\nExpected the element to have class:\n\u001b[32m  h-10\u001b[39m\nReceived:\n\u001b[31m  h-20 w-auto object-contain\u001b[39m"}}],"failureMessages":["Error: \u001b[2mexpect(\u001b[22m\u001b[31melement\u001b[39m\u001b[2m).toHaveClass(\u001b[22m\u001b[32m\u001b[32m\"h-10\"\u001b[39m\u001b[32m\u001b[39m\u001b[2m)\u001b[22m\n\nExpected the element to have class:\n\u001b[32m  h-10\u001b[39m\nReceived:\n\u001b[31m  h-20 w-auto object-contain\u001b[39m\n    at Object.toHaveClass (C:\\Users\\leovp\\Programming\\adorador\\adorador-frontend\\src\\app\\(public)\\_ui\\header\\__tests__\\Header.test.tsx:148:20)\n    at Promise.finally.completed (C:\\Users\\leovp\\Programming\\adorador\\adorador-frontend\\node_modules\\jest-circus\\build\\jestAdapterInit.js:1557:28)\n    at new Promise (<anonymous>)\n    at callAsyncCircusFn (C:\\Users\\leovp\\Programming\\adorador\\adorador-frontend\\node_modules\\jest-circus\\build\\jestAdapterInit.js:1497:10)\n    at _callCircusTest (C:\\Users\\leovp\\Programming\\adorador\\adorador-frontend\\node_modules\\jest-circus\\build\\jestAdapterInit.js:1007:40)\n    at processTicksAndRejections (node:internal/process/task_queues:95:5)\n    at _runTest (C:\\Users\\leovp\\Programming\\adorador\\adorador-frontend\\node_modules\\jest-circus\\build\\jestAdapterInit.js:947:3)\n    at C:\\Users\\leovp\\Programming\\adorador\\adorador-frontend\\node_modules\\jest-circus\\build\\jestAdapterInit.js:849:7\n    at _runTestsForDescribeBlock (C:\\Users\\leovp\\Programming\\adorador\\adorador-frontend\\node_modules\\jest-circus\\build\\jestAdapterInit.js:862:11)\n    at _runTestsForDescribeBlock (C:\\Users\\leovp\\Programming\\adorador\\adorador-frontend\\node_modules\\jest-circus\\build\\jestAdapterInit.js:857:11)\n    at _runTestsForDescribeBlock (C:\\Users\\leovp\\Programming\\adorador\\adorador-frontend\\node_modules\\jest-circus\\build\\jestAdapterInit.js:857:11)\n    at run (C:\\Users\\leovp\\Programming\\adorador\\adorador-frontend\\node_modules\\jest-circus\\build\\jestAdapterInit.js:761:3)\n    at runAndTransformResultsToJestFormat (C:\\Users\\leovp\\Programming\\adorador\\adorador-frontend\\node_modules\\jest-circus\\build\\jestAdapterInit.js:1918:21)\n    at jestAdapter (C:\\Users\\leovp\\Programming\\adorador\\adorador-frontend\\node_modules\\jest-circus\\build\\runner.js:101:19)\n    at runTestInternal (C:\\Users\\leovp\\Programming\\adorador\\adorador-frontend\\node_modules\\jest-runner\\build\\testWorker.js:277:16)\n    at runTest (C:\\Users\\leovp\\Programming\\adorador\\adorador-frontend\\node_modules\\jest-runner\\build\\testWorker.js:345:7)\n    at Object.worker (C:\\Users\\leovp\\Programming\\adorador\\adorador-frontend\\node_modules\\jest-runner\\build\\testWorker.js:499:12)"],"fullName":"Header Component Logo and Brand should apply correct classes to logo","invocations":1,"location":null,"numPassingAsserts":0,"retryReasons":[],"startAt":1763189481143,"status":"failed","title":"should apply correct classes to logo"},{"ancestorTitles":["Header Component","Logo and Brand"],"duration":569,"failing":false,"failureDetails":[{"name":"TestingLibraryElementError"}],"failureMessages":["TestingLibraryElementError: Unable to find an accessible element with the role \"heading\"\n\nHere are the accessible roles:\n\n  banner:\n\n  Name \"\":\n  \u001b[36m<header\u001b[39m\n    \u001b[33mclass\u001b[39m=\u001b[32m\"fixed z-40 flex h-[5rem] w-screen items-center justify-between border-b border-brand-purple-100/50 bg-white/80 px-5 shadow-lg backdrop-blur-md transition-all sm:px-20\"\u001b[39m\n  \u001b[36m/>\u001b[39m\n\n  --------------------------------------------------\n  link:\n\n  Name \"Test App Name\":\n  \u001b[36m<a\u001b[39m\n    \u001b[33mclass\u001b[39m=\u001b[32m\"group flex items-center justify-center gap-2 transition-transform hover:scale-105\"\u001b[39m\n    \u001b[33mhref\u001b[39m=\u001b[32m\"/\"\u001b[39m\n  \u001b[36m/>\u001b[39m\n\n  --------------------------------------------------\n  img:\n\n  Name \"Test App Name\":\n  \u001b[36m<img\u001b[39m\n    \u001b[33malt\u001b[39m=\u001b[32m\"Test App Name\"\u001b[39m\n    \u001b[33mclass\u001b[39m=\u001b[32m\"h-20 w-auto object-contain\"\u001b[39m\n    \u001b[33mheight\u001b[39m=\u001b[32m\"100\"\u001b[39m\n    \u001b[33msrc\u001b[39m=\u001b[32m\"/logo_zamr.webp\"\u001b[39m\n    \u001b[33mwidth\u001b[39m=\u001b[32m\"100\"\u001b[39m\n  \u001b[36m/>\u001b[39m\n\n  --------------------------------------------------\n  navigation:\n\n  Name \"\":\n  \u001b[36m<nav\u001b[39m\n    \u001b[33mdata-testid\u001b[39m=\u001b[32m\"responsive-navbar\"\u001b[39m\n  \u001b[36m/>\u001b[39m\n\n  --------------------------------------------------\n\nIgnored nodes: comments, script, style\n\u001b[36m<body>\u001b[39m\n  \u001b[36m<div>\u001b[39m\n    \u001b[36m<header\u001b[39m\n      \u001b[33mclass\u001b[39m=\u001b[32m\"fixed z-40 flex h-[5rem] w-screen items-center justify-between border-b border-brand-purple-100/50 bg-white/80 px-5 shadow-lg backdrop-blur-md transition-all sm:px-20\"\u001b[39m\n    \u001b[36m>\u001b[39m\n      \u001b[36m<a\u001b[39m\n        \u001b[33mclass\u001b[39m=\u001b[32m\"group flex items-center justify-center gap-2 transition-transform hover:scale-105\"\u001b[39m\n        \u001b[33mhref\u001b[39m=\u001b[32m\"/\"\u001b[39m\n      \u001b[36m>\u001b[39m\n        \u001b[36m<div\u001b[39m\n          \u001b[33mclass\u001b[39m=\u001b[32m\"rounded-xl p-1.5 transition-all group-hover:shadow-md\"\u001b[39m\n        \u001b[36m>\u001b[39m\n          \u001b[36m<img\u001b[39m\n            \u001b[33malt\u001b[39m=\u001b[32m\"Test App Name\"\u001b[39m\n            \u001b[33mclass\u001b[39m=\u001b[32m\"h-20 w-auto object-contain\"\u001b[39m\n            \u001b[33mheight\u001b[39m=\u001b[32m\"100\"\u001b[39m\n            \u001b[33msrc\u001b[39m=\u001b[32m\"/logo_zamr.webp\"\u001b[39m\n            \u001b[33mwidth\u001b[39m=\u001b[32m\"100\"\u001b[39m\n          \u001b[36m/>\u001b[39m\n        \u001b[36m</div>\u001b[39m\n      \u001b[36m</a>\u001b[39m\n      \u001b[36m<div\u001b[39m\n        \u001b[33mclass\u001b[39m=\u001b[32m\"flex items-center gap-3\"\u001b[39m\n      \u001b[36m>\u001b[39m\n        \u001b[36m<div\u001b[39m\n          \u001b[33mdata-testid\u001b[39m=\u001b[32m\"notification-bell\"\u001b[39m\n        \u001b[36m>\u001b[39m\n          \u001b[0mNotification Bell\u001b[0m\n        \u001b[36m</div>\u001b[39m\n        \u001b[36m<nav\u001b[39m\n          \u001b[33mdata-testid\u001b[39m=\u001b[32m\"responsive-navbar\"\u001b[39m\n        \u001b[36m>\u001b[39m\n          \u001b[0mResponsive NavBar\u001b[0m\n        \u001b[36m</nav>\u001b[39m\n      \u001b[36m</div>\u001b[39m\n    \u001b[36m</header>\u001b[39m\n  \u001b[36m</div>\u001b[39m\n\u001b[36m</body>\u001b[39m\n    at Object.getElementError (C:\\Users\\leovp\\Programming\\adorador\\adorador-frontend\\node_modules\\@testing-library\\dom\\dist\\config.js:37:19)\n    at C:\\Users\\leovp\\Programming\\adorador\\adorador-frontend\\node_modules\\@testing-library\\dom\\dist\\query-helpers.js:76:38\n    at C:\\Users\\leovp\\Programming\\adorador\\adorador-frontend\\node_modules\\@testing-library\\dom\\dist\\query-helpers.js:52:17\n    at C:\\Users\\leovp\\Programming\\adorador\\adorador-frontend\\node_modules\\@testing-library\\dom\\dist\\query-helpers.js:95:19\n    at Object.getByRole (C:\\Users\\leovp\\Programming\\adorador\\adorador-frontend\\src\\app\\(public)\\_ui\\header\\__tests__\\Header.test.tsx:156:30)\n    at Promise.finally.completed (C:\\Users\\leovp\\Programming\\adorador\\adorador-frontend\\node_modules\\jest-circus\\build\\jestAdapterInit.js:1557:28)\n    at new Promise (<anonymous>)\n    at callAsyncCircusFn (C:\\Users\\leovp\\Programming\\adorador\\adorador-frontend\\node_modules\\jest-circus\\build\\jestAdapterInit.js:1497:10)\n    at _callCircusTest (C:\\Users\\leovp\\Programming\\adorador\\adorador-frontend\\node_modules\\jest-circus\\build\\jestAdapterInit.js:1007:40)\n    at processTicksAndRejections (node:internal/process/task_queues:95:5)\n    at _runTest (C:\\Users\\leovp\\Programming\\adorador\\adorador-frontend\\node_modules\\jest-circus\\build\\jestAdapterInit.js:947:3)\n    at C:\\Users\\leovp\\Programming\\adorador\\adorador-frontend\\node_modules\\jest-circus\\build\\jestAdapterInit.js:849:7\n    at _runTestsForDescribeBlock (C:\\Users\\leovp\\Programming\\adorador\\adorador-frontend\\node_modules\\jest-circus\\build\\jestAdapterInit.js:862:11)\n    at _runTestsForDescribeBlock (C:\\Users\\leovp\\Programming\\adorador\\adorador-frontend\\node_modules\\jest-circus\\build\\jestAdapterInit.js:857:11)\n    at _runTestsForDescribeBlock (C:\\Users\\leovp\\Programming\\adorador\\adorador-frontend\\node_modules\\jest-circus\\build\\jestAdapterInit.js:857:11)\n    at run (C:\\Users\\leovp\\Programming\\adorador\\adorador-frontend\\node_modules\\jest-circus\\build\\jestAdapterInit.js:761:3)\n    at runAndTransformResultsToJestFormat (C:\\Users\\leovp\\Programming\\adorador\\adorador-frontend\\node_modules\\jest-circus\\build\\jestAdapterInit.js:1918:21)\n    at jestAdapter (C:\\Users\\leovp\\Programming\\adorador\\adorador-frontend\\node_modules\\jest-circus\\build\\runner.js:101:19)\n    at runTestInternal (C:\\Users\\leovp\\Programming\\adorador\\adorador-frontend\\node_modules\\jest-runner\\build\\testWorker.js:277:16)\n    at runTest (C:\\Users\\leovp\\Programming\\adorador\\adorador-frontend\\node_modules\\jest-runner\\build\\testWorker.js:345:7)\n    at Object.worker (C:\\Users\\leovp\\Programming\\adorador\\adorador-frontend\\node_modules\\jest-runner\\build\\testWorker.js:499:12)"],"fullName":"Header Component Logo and Brand should render app name as h1","invocations":1,"location":null,"numPassingAsserts":0,"retryReasons":[],"startAt":1763189481165,"status":"failed","title":"should render app name as h1"},{"ancestorTitles":["Header Component","Logo and Brand"],"duration":106,"failing":false,"failureDetails":[{"name":"TestingLibraryElementError"}],"failureMessages":["TestingLibraryElementError: Unable to find an accessible element with the role \"heading\"\n\nHere are the accessible roles:\n\n  banner:\n\n  Name \"\":\n  \u001b[36m<header\u001b[39m\n    \u001b[33mclass\u001b[39m=\u001b[32m\"fixed z-40 flex h-[5rem] w-screen items-center justify-between border-b border-brand-purple-100/50 bg-white/80 px-5 shadow-lg backdrop-blur-md transition-all sm:px-20\"\u001b[39m\n  \u001b[36m/>\u001b[39m\n\n  --------------------------------------------------\n  link:\n\n  Name \"Test App Name\":\n  \u001b[36m<a\u001b[39m\n    \u001b[33mclass\u001b[39m=\u001b[32m\"group flex items-center justify-center gap-2 transition-transform hover:scale-105\"\u001b[39m\n    \u001b[33mhref\u001b[39m=\u001b[32m\"/\"\u001b[39m\n  \u001b[36m/>\u001b[39m\n\n  --------------------------------------------------\n  img:\n\n  Name \"Test App Name\":\n  \u001b[36m<img\u001b[39m\n    \u001b[33malt\u001b[39m=\u001b[32m\"Test App Name\"\u001b[39m\n    \u001b[33mclass\u001b[39m=\u001b[32m\"h-20 w-auto object-contain\"\u001b[39m\n    \u001b[33mheight\u001b[39m=\u001b[32m\"100\"\u001b[39m\n    \u001b[33msrc\u001b[39m=\u001b[32m\"/logo_zamr.webp\"\u001b[39m\n    \u001b[33mwidth\u001b[39m=\u001b[32m\"100\"\u001b[39m\n  \u001b[36m/>\u001b[39m\n\n  --------------------------------------------------\n  navigation:\n\n  Name \"\":\n  \u001b[36m<nav\u001b[39m\n    \u001b[33mdata-testid\u001b[39m=\u001b[32m\"responsive-navbar\"\u001b[39m\n  \u001b[36m/>\u001b[39m\n\n  --------------------------------------------------\n\nIgnored nodes: comments, script, style\n\u001b[36m<body>\u001b[39m\n  \u001b[36m<div>\u001b[39m\n    \u001b[36m<header\u001b[39m\n      \u001b[33mclass\u001b[39m=\u001b[32m\"fixed z-40 flex h-[5rem] w-screen items-center justify-between border-b border-brand-purple-100/50 bg-white/80 px-5 shadow-lg backdrop-blur-md transition-all sm:px-20\"\u001b[39m\n    \u001b[36m>\u001b[39m\n      \u001b[36m<a\u001b[39m\n        \u001b[33mclass\u001b[39m=\u001b[32m\"group flex items-center justify-center gap-2 transition-transform hover:scale-105\"\u001b[39m\n        \u001b[33mhref\u001b[39m=\u001b[32m\"/\"\u001b[39m\n      \u001b[36m>\u001b[39m\n        \u001b[36m<div\u001b[39m\n          \u001b[33mclass\u001b[39m=\u001b[32m\"rounded-xl p-1.5 transition-all group-hover:shadow-md\"\u001b[39m\n        \u001b[36m>\u001b[39m\n          \u001b[36m<img\u001b[39m\n            \u001b[33malt\u001b[39m=\u001b[32m\"Test App Name\"\u001b[39m\n            \u001b[33mclass\u001b[39m=\u001b[32m\"h-20 w-auto object-contain\"\u001b[39m\n            \u001b[33mheight\u001b[39m=\u001b[32m\"100\"\u001b[39m\n            \u001b[33msrc\u001b[39m=\u001b[32m\"/logo_zamr.webp\"\u001b[39m\n            \u001b[33mwidth\u001b[39m=\u001b[32m\"100\"\u001b[39m\n          \u001b[36m/>\u001b[39m\n        \u001b[36m</div>\u001b[39m\n      \u001b[36m</a>\u001b[39m\n      \u001b[36m<div\u001b[39m\n        \u001b[33mclass\u001b[39m=\u001b[32m\"flex items-center gap-3\"\u001b[39m\n      \u001b[36m>\u001b[39m\n        \u001b[36m<div\u001b[39m\n          \u001b[33mdata-testid\u001b[39m=\u001b[32m\"notification-bell\"\u001b[39m\n        \u001b[36m>\u001b[39m\n          \u001b[0mNotification Bell\u001b[0m\n        \u001b[36m</div>\u001b[39m\n        \u001b[36m<nav\u001b[39m\n          \u001b[33mdata-testid\u001b[39m=\u001b[32m\"responsive-navbar\"\u001b[39m\n        \u001b[36m>\u001b[39m\n          \u001b[0mResponsive NavBar\u001b[0m\n        \u001b[36m</nav>\u001b[39m\n      \u001b[36m</div>\u001b[39m\n    \u001b[36m</header>\u001b[39m\n  \u001b[36m</div>\u001b[39m\n\u001b[36m</body>\u001b[39m\n    at Object.getElementError (C:\\Users\\leovp\\Programming\\adorador\\adorador-frontend\\node_modules\\@testing-library\\dom\\dist\\config.js:37:19)\n    at C:\\Users\\leovp\\Programming\\adorador\\adorador-frontend\\node_modules\\@testing-library\\dom\\dist\\query-helpers.js:76:38\n    at C:\\Users\\leovp\\Programming\\adorador\\adorador-frontend\\node_modules\\@testing-library\\dom\\dist\\query-helpers.js:52:17\n    at C:\\Users\\leovp\\Programming\\adorador\\adorador-frontend\\node_modules\\@testing-library\\dom\\dist\\query-helpers.js:95:19\n    at Object.getByRole (C:\\Users\\leovp\\Programming\\adorador\\adorador-frontend\\src\\app\\(public)\\_ui\\header\\__tests__\\Header.test.tsx:164:30)\n    at Promise.finally.completed (C:\\Users\\leovp\\Programming\\adorador\\adorador-frontend\\node_modules\\jest-circus\\build\\jestAdapterInit.js:1557:28)\n    at new Promise (<anonymous>)\n    at callAsyncCircusFn (C:\\Users\\leovp\\Programming\\adorador\\adorador-frontend\\node_modules\\jest-circus\\build\\jestAdapterInit.js:1497:10)\n    at _callCircusTest (C:\\Users\\leovp\\Programming\\adorador\\adorador-frontend\\node_modules\\jest-circus\\build\\jestAdapterInit.js:1007:40)\n    at processTicksAndRejections (node:internal/process/task_queues:95:5)\n    at _runTest (C:\\Users\\leovp\\Programming\\adorador\\adorador-frontend\\node_modules\\jest-circus\\build\\jestAdapterInit.js:947:3)\n    at C:\\Users\\leovp\\Programming\\adorador\\adorador-frontend\\node_modules\\jest-circus\\build\\jestAdapterInit.js:849:7\n    at _runTestsForDescribeBlock (C:\\Users\\leovp\\Programming\\adorador\\adorador-frontend\\node_modules\\jest-circus\\build\\jestAdapterInit.js:862:11)\n    at _runTestsForDescribeBlock (C:\\Users\\leovp\\Programming\\adorador\\adorador-frontend\\node_modules\\jest-circus\\build\\jestAdapterInit.js:857:11)\n    at _runTestsForDescribeBlock (C:\\Users\\leovp\\Programming\\adorador\\adorador-frontend\\node_modules\\jest-circus\\build\\jestAdapterInit.js:857:11)\n    at run (C:\\Users\\leovp\\Programming\\adorador\\adorador-frontend\\node_modules\\jest-circus\\build\\jestAdapterInit.js:761:3)\n    at runAndTransformResultsToJestFormat (C:\\Users\\leovp\\Programming\\adorador\\adorador-frontend\\node_modules\\jest-circus\\build\\jestAdapterInit.js:1918:21)\n    at jestAdapter (C:\\Users\\leovp\\Programming\\adorador\\adorador-frontend\\node_modules\\jest-circus\\build\\runner.js:101:19)\n    at runTestInternal (C:\\Users\\leovp\\Programming\\adorador\\adorador-frontend\\node_modules\\jest-runner\\build\\testWorker.js:277:16)\n    at runTest (C:\\Users\\leovp\\Programming\\adorador\\adorador-frontend\\node_modules\\jest-runner\\build\\testWorker.js:345:7)\n    at Object.worker (C:\\Users\\leovp\\Programming\\adorador\\adorador-frontend\\node_modules\\jest-runner\\build\\testWorker.js:499:12)"],"fullName":"Header Component Logo and Brand should apply correct typography classes to app name","invocations":1,"location":null,"numPassingAsserts":0,"retryReasons":[],"startAt":1763189481742,"status":"failed","title":"should apply correct typography classes to app name"},{"ancestorTitles":["Header Component","Home Link"],"duration":35,"failing":false,"failureDetails":[],"failureMessages":[],"fullName":"Header Component Home Link should render link to home page","invocations":1,"location":null,"numPassingAsserts":2,"retryReasons":[],"startAt":1763189481852,"status":"passed","title":"should render link to home page"},{"ancestorTitles":["Header Component","Home Link"],"duration":106,"failing":false,"failureDetails":[{"name":"TestingLibraryElementError"}],"failureMessages":["TestingLibraryElementError: Unable to find an accessible element with the role \"heading\"\n\nHere are the accessible roles:\n\n  banner:\n\n  Name \"\":\n  \u001b[36m<header\u001b[39m\n    \u001b[33mclass\u001b[39m=\u001b[32m\"fixed z-40 flex h-[5rem] w-screen items-center justify-between border-b border-brand-purple-100/50 bg-white/80 px-5 shadow-lg backdrop-blur-md transition-all sm:px-20\"\u001b[39m\n  \u001b[36m/>\u001b[39m\n\n  --------------------------------------------------\n  link:\n\n  Name \"Test App Name\":\n  \u001b[36m<a\u001b[39m\n    \u001b[33mclass\u001b[39m=\u001b[32m\"group flex items-center justify-center gap-2 transition-transform hover:scale-105\"\u001b[39m\n    \u001b[33mhref\u001b[39m=\u001b[32m\"/\"\u001b[39m\n  \u001b[36m/>\u001b[39m\n\n  --------------------------------------------------\n  img:\n\n  Name \"Test App Name\":\n  \u001b[36m<img\u001b[39m\n    \u001b[33malt\u001b[39m=\u001b[32m\"Test App Name\"\u001b[39m\n    \u001b[33mclass\u001b[39m=\u001b[32m\"h-20 w-auto object-contain\"\u001b[39m\n    \u001b[33mheight\u001b[39m=\u001b[32m\"100\"\u001b[39m\n    \u001b[33msrc\u001b[39m=\u001b[32m\"/logo_zamr.webp\"\u001b[39m\n    \u001b[33mwidth\u001b[39m=\u001b[32m\"100\"\u001b[39m\n  \u001b[36m/>\u001b[39m\n\n  --------------------------------------------------\n  navigation:\n\n  Name \"\":\n  \u001b[36m<nav\u001b[39m\n    \u001b[33mdata-testid\u001b[39m=\u001b[32m\"responsive-navbar\"\u001b[39m\n  \u001b[36m/>\u001b[39m\n\n  --------------------------------------------------\n\nIgnored nodes: comments, script, style\n\u001b[36m<body>\u001b[39m\n  \u001b[36m<div>\u001b[39m\n    \u001b[36m<header\u001b[39m\n      \u001b[33mclass\u001b[39m=\u001b[32m\"fixed z-40 flex h-[5rem] w-screen items-center justify-between border-b border-brand-purple-100/50 bg-white/80 px-5 shadow-lg backdrop-blur-md transition-all sm:px-20\"\u001b[39m\n    \u001b[36m>\u001b[39m\n      \u001b[36m<a\u001b[39m\n        \u001b[33mclass\u001b[39m=\u001b[32m\"group flex items-center justify-center gap-2 transition-transform hover:scale-105\"\u001b[39m\n        \u001b[33mhref\u001b[39m=\u001b[32m\"/\"\u001b[39m\n      \u001b[36m>\u001b[39m\n        \u001b[36m<div\u001b[39m\n          \u001b[33mclass\u001b[39m=\u001b[32m\"rounded-xl p-1.5 transition-all group-hover:shadow-md\"\u001b[39m\n        \u001b[36m>\u001b[39m\n          \u001b[36m<img\u001b[39m\n            \u001b[33malt\u001b[39m=\u001b[32m\"Test App Name\"\u001b[39m\n            \u001b[33mclass\u001b[39m=\u001b[32m\"h-20 w-auto object-contain\"\u001b[39m\n            \u001b[33mheight\u001b[39m=\u001b[32m\"100\"\u001b[39m\n            \u001b[33msrc\u001b[39m=\u001b[32m\"/logo_zamr.webp\"\u001b[39m\n            \u001b[33mwidth\u001b[39m=\u001b[32m\"100\"\u001b[39m\n          \u001b[36m/>\u001b[39m\n        \u001b[36m</div>\u001b[39m\n      \u001b[36m</a>\u001b[39m\n      \u001b[36m<div\u001b[39m\n        \u001b[33mclass\u001b[39m=\u001b[32m\"flex items-center gap-3\"\u001b[39m\n      \u001b[36m>\u001b[39m\n        \u001b[36m<div\u001b[39m\n          \u001b[33mdata-testid\u001b[39m=\u001b[32m\"notification-bell\"\u001b[39m\n        \u001b[36m>\u001b[39m\n          \u001b[0mNotification Bell\u001b[0m\n        \u001b[36m</div>\u001b[39m\n        \u001b[36m<nav\u001b[39m\n          \u001b[33mdata-testid\u001b[39m=\u001b[32m\"responsive-navbar\"\u001b[39m\n        \u001b[36m>\u001b[39m\n          \u001b[0mResponsive NavBar\u001b[0m\n        \u001b[36m</nav>\u001b[39m\n      \u001b[36m</div>\u001b[39m\n    \u001b[36m</header>\u001b[39m\n  \u001b[36m</div>\u001b[39m\n\u001b[36m</body>\u001b[39m\n    at Object.getElementError (C:\\Users\\leovp\\Programming\\adorador\\adorador-frontend\\node_modules\\@testing-library\\dom\\dist\\config.js:37:19)\n    at C:\\Users\\leovp\\Programming\\adorador\\adorador-frontend\\node_modules\\@testing-library\\dom\\dist\\query-helpers.js:76:38\n    at C:\\Users\\leovp\\Programming\\adorador\\adorador-frontend\\node_modules\\@testing-library\\dom\\dist\\query-helpers.js:52:17\n    at C:\\Users\\leovp\\Programming\\adorador\\adorador-frontend\\node_modules\\@testing-library\\dom\\dist\\query-helpers.js:95:19\n    at Object.getByRole (C:\\Users\\leovp\\Programming\\adorador\\adorador-frontend\\src\\app\\(public)\\_ui\\header\\__tests__\\Header.test.tsx:188:30)\n    at Promise.finally.completed (C:\\Users\\leovp\\Programming\\adorador\\adorador-frontend\\node_modules\\jest-circus\\build\\jestAdapterInit.js:1557:28)\n    at new Promise (<anonymous>)\n    at callAsyncCircusFn (C:\\Users\\leovp\\Programming\\adorador\\adorador-frontend\\node_modules\\jest-circus\\build\\jestAdapterInit.js:1497:10)\n    at _callCircusTest (C:\\Users\\leovp\\Programming\\adorador\\adorador-frontend\\node_modules\\jest-circus\\build\\jestAdapterInit.js:1007:40)\n    at processTicksAndRejections (node:internal/process/task_queues:95:5)\n    at _runTest (C:\\Users\\leovp\\Programming\\adorador\\adorador-frontend\\node_modules\\jest-circus\\build\\jestAdapterInit.js:947:3)\n    at C:\\Users\\leovp\\Programming\\adorador\\adorador-frontend\\node_modules\\jest-circus\\build\\jestAdapterInit.js:849:7\n    at _runTestsForDescribeBlock (C:\\Users\\leovp\\Programming\\adorador\\adorador-frontend\\node_modules\\jest-circus\\build\\jestAdapterInit.js:862:11)\n    at _runTestsForDescribeBlock (C:\\Users\\leovp\\Programming\\adorador\\adorador-frontend\\node_modules\\jest-circus\\build\\jestAdapterInit.js:857:11)\n    at _runTestsForDescribeBlock (C:\\Users\\leovp\\Programming\\adorador\\adorador-frontend\\node_modules\\jest-circus\\build\\jestAdapterInit.js:857:11)\n    at run (C:\\Users\\leovp\\Programming\\adorador\\adorador-frontend\\node_modules\\jest-circus\\build\\jestAdapterInit.js:761:3)\n    at runAndTransformResultsToJestFormat (C:\\Users\\leovp\\Programming\\adorador\\adorador-frontend\\node_modules\\jest-circus\\build\\jestAdapterInit.js:1918:21)\n    at jestAdapter (C:\\Users\\leovp\\Programming\\adorador\\adorador-frontend\\node_modules\\jest-circus\\build\\runner.js:101:19)\n    at runTestInternal (C:\\Users\\leovp\\Programming\\adorador\\adorador-frontend\\node_modules\\jest-runner\\build\\testWorker.js:277:16)\n    at runTest (C:\\Users\\leovp\\Programming\\adorador\\adorador-frontend\\node_modules\\jest-runner\\build\\testWorker.js:345:7)\n    at Object.worker (C:\\Users\\leovp\\Programming\\adorador\\adorador-frontend\\node_modules\\jest-runner\\build\\testWorker.js:499:12)"],"fullName":"Header Component Home Link should wrap logo and app name in home link","invocations":1,"location":null,"numPassingAsserts":0,"retryReasons":[],"startAt":1763189481889,"status":"failed","title":"should wrap logo and app name in home link"},{"ancestorTitles":["Header Component","Home Link"],"duration":36,"failing":false,"failureDetails":[],"failureMessages":[],"fullName":"Header Component Home Link should apply flex layout to link","invocations":1,"location":null,"numPassingAsserts":4,"retryReasons":[],"startAt":1763189481997,"status":"passed","title":"should apply flex layout to link"},{"ancestorTitles":["Header Component","Navigation"],"duration":23,"failing":false,"failureDetails":[],"failureMessages":[],"fullName":"Header Component Navigation should render ResponsiveNavBar component","invocations":1,"location":null,"numPassingAsserts":1,"retryReasons":[],"startAt":1763189482034,"status":"passed","title":"should render ResponsiveNavBar component"},{"ancestorTitles":["Header Component","Navigation"],"duration":92,"failing":false,"failureDetails":[{"name":"TestingLibraryElementError"}],"failureMessages":["TestingLibraryElementError: Unable to find an accessible element with the role \"heading\"\n\nHere are the accessible roles:\n\n  banner:\n\n  Name \"\":\n  \u001b[36m<header\u001b[39m\n    \u001b[33mclass\u001b[39m=\u001b[32m\"fixed z-40 flex h-[5rem] w-screen items-center justify-between border-b border-brand-purple-100/50 bg-white/80 px-5 shadow-lg backdrop-blur-md transition-all sm:px-20\"\u001b[39m\n  \u001b[36m/>\u001b[39m\n\n  --------------------------------------------------\n  link:\n\n  Name \"Test App Name\":\n  \u001b[36m<a\u001b[39m\n    \u001b[33mclass\u001b[39m=\u001b[32m\"group flex items-center justify-center gap-2 transition-transform hover:scale-105\"\u001b[39m\n    \u001b[33mhref\u001b[39m=\u001b[32m\"/\"\u001b[39m\n  \u001b[36m/>\u001b[39m\n\n  --------------------------------------------------\n  img:\n\n  Name \"Test App Name\":\n  \u001b[36m<img\u001b[39m\n    \u001b[33malt\u001b[39m=\u001b[32m\"Test App Name\"\u001b[39m\n    \u001b[33mclass\u001b[39m=\u001b[32m\"h-20 w-auto object-contain\"\u001b[39m\n    \u001b[33mheight\u001b[39m=\u001b[32m\"100\"\u001b[39m\n    \u001b[33msrc\u001b[39m=\u001b[32m\"/logo_zamr.webp\"\u001b[39m\n    \u001b[33mwidth\u001b[39m=\u001b[32m\"100\"\u001b[39m\n  \u001b[36m/>\u001b[39m\n\n  --------------------------------------------------\n  navigation:\n\n  Name \"\":\n  \u001b[36m<nav\u001b[39m\n    \u001b[33mdata-testid\u001b[39m=\u001b[32m\"responsive-navbar\"\u001b[39m\n  \u001b[36m/>\u001b[39m\n\n  --------------------------------------------------\n\nIgnored nodes: comments, script, style\n\u001b[36m<body>\u001b[39m\n  \u001b[36m<div>\u001b[39m\n    \u001b[36m<header\u001b[39m\n      \u001b[33mclass\u001b[39m=\u001b[32m\"fixed z-40 flex h-[5rem] w-screen items-center justify-between border-b border-brand-purple-100/50 bg-white/80 px-5 shadow-lg backdrop-blur-md transition-all sm:px-20\"\u001b[39m\n    \u001b[36m>\u001b[39m\n      \u001b[36m<a\u001b[39m\n        \u001b[33mclass\u001b[39m=\u001b[32m\"group flex items-center justify-center gap-2 transition-transform hover:scale-105\"\u001b[39m\n        \u001b[33mhref\u001b[39m=\u001b[32m\"/\"\u001b[39m\n      \u001b[36m>\u001b[39m\n        \u001b[36m<div\u001b[39m\n          \u001b[33mclass\u001b[39m=\u001b[32m\"rounded-xl p-1.5 transition-all group-hover:shadow-md\"\u001b[39m\n        \u001b[36m>\u001b[39m\n          \u001b[36m<img\u001b[39m\n            \u001b[33malt\u001b[39m=\u001b[32m\"Test App Name\"\u001b[39m\n            \u001b[33mclass\u001b[39m=\u001b[32m\"h-20 w-auto object-contain\"\u001b[39m\n            \u001b[33mheight\u001b[39m=\u001b[32m\"100\"\u001b[39m\n            \u001b[33msrc\u001b[39m=\u001b[32m\"/logo_zamr.webp\"\u001b[39m\n            \u001b[33mwidth\u001b[39m=\u001b[32m\"100\"\u001b[39m\n          \u001b[36m/>\u001b[39m\n        \u001b[36m</div>\u001b[39m\n      \u001b[36m</a>\u001b[39m\n      \u001b[36m<div\u001b[39m\n        \u001b[33mclass\u001b[39m=\u001b[32m\"flex items-center gap-3\"\u001b[39m\n      \u001b[36m>\u001b[39m\n        \u001b[36m<div\u001b[39m\n          \u001b[33mdata-testid\u001b[39m=\u001b[32m\"notification-bell\"\u001b[39m\n        \u001b[36m>\u001b[39m\n          \u001b[0mNotification Bell\u001b[0m\n        \u001b[36m</div>\u001b[39m\n        \u001b[36m<nav\u001b[39m\n          \u001b[33mdata-testid\u001b[39m=\u001b[32m\"responsive-navbar\"\u001b[39m\n        \u001b[36m>\u001b[39m\n          \u001b[0mResponsive NavBar\u001b[0m\n        \u001b[36m</nav>\u001b[39m\n      \u001b[36m</div>\u001b[39m\n    \u001b[36m</header>\u001b[39m\n  \u001b[36m</div>\u001b[39m\n\u001b[36m</body>\u001b[39m\n    at Object.getElementError (C:\\Users\\leovp\\Programming\\adorador\\adorador-frontend\\node_modules\\@testing-library\\dom\\dist\\config.js:37:19)\n    at C:\\Users\\leovp\\Programming\\adorador\\adorador-frontend\\node_modules\\@testing-library\\dom\\dist\\query-helpers.js:76:38\n    at C:\\Users\\leovp\\Programming\\adorador\\adorador-frontend\\node_modules\\@testing-library\\dom\\dist\\query-helpers.js:52:17\n    at C:\\Users\\leovp\\Programming\\adorador\\adorador-frontend\\node_modules\\@testing-library\\dom\\dist\\query-helpers.js:95:19\n    at Object.getByRole (C:\\Users\\leovp\\Programming\\adorador\\adorador-frontend\\src\\app\\(public)\\_ui\\header\\__tests__\\Header.test.tsx:216:30)\n    at Promise.finally.completed (C:\\Users\\leovp\\Programming\\adorador\\adorador-frontend\\node_modules\\jest-circus\\build\\jestAdapterInit.js:1557:28)\n    at new Promise (<anonymous>)\n    at callAsyncCircusFn (C:\\Users\\leovp\\Programming\\adorador\\adorador-frontend\\node_modules\\jest-circus\\build\\jestAdapterInit.js:1497:10)\n    at _callCircusTest (C:\\Users\\leovp\\Programming\\adorador\\adorador-frontend\\node_modules\\jest-circus\\build\\jestAdapterInit.js:1007:40)\n    at processTicksAndRejections (node:internal/process/task_queues:95:5)\n    at _runTest (C:\\Users\\leovp\\Programming\\adorador\\adorador-frontend\\node_modules\\jest-circus\\build\\jestAdapterInit.js:947:3)\n    at C:\\Users\\leovp\\Programming\\adorador\\adorador-frontend\\node_modules\\jest-circus\\build\\jestAdapterInit.js:849:7\n    at _runTestsForDescribeBlock (C:\\Users\\leovp\\Programming\\adorador\\adorador-frontend\\node_modules\\jest-circus\\build\\jestAdapterInit.js:862:11)\n    at _runTestsForDescribeBlock (C:\\Users\\leovp\\Programming\\adorador\\adorador-frontend\\node_modules\\jest-circus\\build\\jestAdapterInit.js:857:11)\n    at _runTestsForDescribeBlock (C:\\Users\\leovp\\Programming\\adorador\\adorador-frontend\\node_modules\\jest-circus\\build\\jestAdapterInit.js:857:11)\n    at run (C:\\Users\\leovp\\Programming\\adorador\\adorador-frontend\\node_modules\\jest-circus\\build\\jestAdapterInit.js:761:3)\n    at runAndTransformResultsToJestFormat (C:\\Users\\leovp\\Programming\\adorador\\adorador-frontend\\node_modules\\jest-circus\\build\\jestAdapterInit.js:1918:21)\n    at jestAdapter (C:\\Users\\leovp\\Programming\\adorador\\adorador-frontend\\node_modules\\jest-circus\\build\\runner.js:101:19)\n    at runTestInternal (C:\\Users\\leovp\\Programming\\adorador\\adorador-frontend\\node_modules\\jest-runner\\build\\testWorker.js:277:16)\n    at runTest (C:\\Users\\leovp\\Programming\\adorador\\adorador-frontend\\node_modules\\jest-runner\\build\\testWorker.js:345:7)\n    at Object.worker (C:\\Users\\leovp\\Programming\\adorador\\adorador-frontend\\node_modules\\jest-runner\\build\\testWorker.js:499:12)"],"fullName":"Header Component Navigation should render ResponsiveNavBar after logo/brand section","invocations":1,"location":null,"numPassingAsserts":0,"retryReasons":[],"startAt":1763189482057,"status":"failed","title":"should render ResponsiveNavBar after logo/brand section"},{"ancestorTitles":["Header Component","Semantic HTML"],"duration":14,"failing":false,"failureDetails":[],"failureMessages":[],"fullName":"Header Component Semantic HTML should use header tag as wrapper","invocations":1,"location":null,"numPassingAsserts":1,"retryReasons":[],"startAt":1763189482153,"status":"passed","title":"should use header tag as wrapper"},{"ancestorTitles":["Header Component","Semantic HTML"],"duration":80,"failing":false,"failureDetails":[{"name":"TestingLibraryElementError"}],"failureMessages":["TestingLibraryElementError: Unable to find an accessible element with the role \"heading\"\n\nHere are the accessible roles:\n\n  banner:\n\n  Name \"\":\n  \u001b[36m<header\u001b[39m\n    \u001b[33mclass\u001b[39m=\u001b[32m\"fixed z-40 flex h-[5rem] w-screen items-center justify-between border-b border-brand-purple-100/50 bg-white/80 px-5 shadow-lg backdrop-blur-md transition-all sm:px-20\"\u001b[39m\n  \u001b[36m/>\u001b[39m\n\n  --------------------------------------------------\n  link:\n\n  Name \"Test App Name\":\n  \u001b[36m<a\u001b[39m\n    \u001b[33mclass\u001b[39m=\u001b[32m\"group flex items-center justify-center gap-2 transition-transform hover:scale-105\"\u001b[39m\n    \u001b[33mhref\u001b[39m=\u001b[32m\"/\"\u001b[39m\n  \u001b[36m/>\u001b[39m\n\n  --------------------------------------------------\n  img:\n\n  Name \"Test App Name\":\n  \u001b[36m<img\u001b[39m\n    \u001b[33malt\u001b[39m=\u001b[32m\"Test App Name\"\u001b[39m\n    \u001b[33mclass\u001b[39m=\u001b[32m\"h-20 w-auto object-contain\"\u001b[39m\n    \u001b[33mheight\u001b[39m=\u001b[32m\"100\"\u001b[39m\n    \u001b[33msrc\u001b[39m=\u001b[32m\"/logo_zamr.webp\"\u001b[39m\n    \u001b[33mwidth\u001b[39m=\u001b[32m\"100\"\u001b[39m\n  \u001b[36m/>\u001b[39m\n\n  --------------------------------------------------\n  navigation:\n\n  Name \"\":\n  \u001b[36m<nav\u001b[39m\n    \u001b[33mdata-testid\u001b[39m=\u001b[32m\"responsive-navbar\"\u001b[39m\n  \u001b[36m/>\u001b[39m\n\n  --------------------------------------------------\n\nIgnored nodes: comments, script, style\n\u001b[36m<body>\u001b[39m\n  \u001b[36m<div>\u001b[39m\n    \u001b[36m<header\u001b[39m\n      \u001b[33mclass\u001b[39m=\u001b[32m\"fixed z-40 flex h-[5rem] w-screen items-center justify-between border-b border-brand-purple-100/50 bg-white/80 px-5 shadow-lg backdrop-blur-md transition-all sm:px-20\"\u001b[39m\n    \u001b[36m>\u001b[39m\n      \u001b[36m<a\u001b[39m\n        \u001b[33mclass\u001b[39m=\u001b[32m\"group flex items-center justify-center gap-2 transition-transform hover:scale-105\"\u001b[39m\n        \u001b[33mhref\u001b[39m=\u001b[32m\"/\"\u001b[39m\n      \u001b[36m>\u001b[39m\n        \u001b[36m<div\u001b[39m\n          \u001b[33mclass\u001b[39m=\u001b[32m\"rounded-xl p-1.5 transition-all group-hover:shadow-md\"\u001b[39m\n        \u001b[36m>\u001b[39m\n          \u001b[36m<img\u001b[39m\n            \u001b[33malt\u001b[39m=\u001b[32m\"Test App Name\"\u001b[39m\n            \u001b[33mclass\u001b[39m=\u001b[32m\"h-20 w-auto object-contain\"\u001b[39m\n            \u001b[33mheight\u001b[39m=\u001b[32m\"100\"\u001b[39m\n            \u001b[33msrc\u001b[39m=\u001b[32m\"/logo_zamr.webp\"\u001b[39m\n            \u001b[33mwidth\u001b[39m=\u001b[32m\"100\"\u001b[39m\n          \u001b[36m/>\u001b[39m\n        \u001b[36m</div>\u001b[39m\n      \u001b[36m</a>\u001b[39m\n      \u001b[36m<div\u001b[39m\n        \u001b[33mclass\u001b[39m=\u001b[32m\"flex items-center gap-3\"\u001b[39m\n      \u001b[36m>\u001b[39m\n        \u001b[36m<div\u001b[39m\n          \u001b[33mdata-testid\u001b[39m=\u001b[32m\"notification-bell\"\u001b[39m\n        \u001b[36m>\u001b[39m\n          \u001b[0mNotification Bell\u001b[0m\n        \u001b[36m</div>\u001b[39m\n        \u001b[36m<nav\u001b[39m\n          \u001b[33mdata-testid\u001b[39m=\u001b[32m\"responsive-navbar\"\u001b[39m\n        \u001b[36m>\u001b[39m\n          \u001b[0mResponsive NavBar\u001b[0m\n        \u001b[36m</nav>\u001b[39m\n      \u001b[36m</div>\u001b[39m\n    \u001b[36m</header>\u001b[39m\n  \u001b[36m</div>\u001b[39m\n\u001b[36m</body>\u001b[39m\n    at Object.getElementError (C:\\Users\\leovp\\Programming\\adorador\\adorador-frontend\\node_modules\\@testing-library\\dom\\dist\\config.js:37:19)\n    at C:\\Users\\leovp\\Programming\\adorador\\adorador-frontend\\node_modules\\@testing-library\\dom\\dist\\query-helpers.js:76:38\n    at C:\\Users\\leovp\\Programming\\adorador\\adorador-frontend\\node_modules\\@testing-library\\dom\\dist\\query-helpers.js:52:17\n    at C:\\Users\\leovp\\Programming\\adorador\\adorador-frontend\\node_modules\\@testing-library\\dom\\dist\\query-helpers.js:95:19\n    at Object.getByRole (C:\\Users\\leovp\\Programming\\adorador\\adorador-frontend\\src\\app\\(public)\\_ui\\header\\__tests__\\Header.test.tsx:237:25)\n    at Promise.finally.completed (C:\\Users\\leovp\\Programming\\adorador\\adorador-frontend\\node_modules\\jest-circus\\build\\jestAdapterInit.js:1557:28)\n    at new Promise (<anonymous>)\n    at callAsyncCircusFn (C:\\Users\\leovp\\Programming\\adorador\\adorador-frontend\\node_modules\\jest-circus\\build\\jestAdapterInit.js:1497:10)\n    at _callCircusTest (C:\\Users\\leovp\\Programming\\adorador\\adorador-frontend\\node_modules\\jest-circus\\build\\jestAdapterInit.js:1007:40)\n    at processTicksAndRejections (node:internal/process/task_queues:95:5)\n    at _runTest (C:\\Users\\leovp\\Programming\\adorador\\adorador-frontend\\node_modules\\jest-circus\\build\\jestAdapterInit.js:947:3)\n    at C:\\Users\\leovp\\Programming\\adorador\\adorador-frontend\\node_modules\\jest-circus\\build\\jestAdapterInit.js:849:7\n    at _runTestsForDescribeBlock (C:\\Users\\leovp\\Programming\\adorador\\adorador-frontend\\node_modules\\jest-circus\\build\\jestAdapterInit.js:862:11)\n    at _runTestsForDescribeBlock (C:\\Users\\leovp\\Programming\\adorador\\adorador-frontend\\node_modules\\jest-circus\\build\\jestAdapterInit.js:857:11)\n    at _runTestsForDescribeBlock (C:\\Users\\leovp\\Programming\\adorador\\adorador-frontend\\node_modules\\jest-circus\\build\\jestAdapterInit.js:857:11)\n    at run (C:\\Users\\leovp\\Programming\\adorador\\adorador-frontend\\node_modules\\jest-circus\\build\\jestAdapterInit.js:761:3)\n    at runAndTransformResultsToJestFormat (C:\\Users\\leovp\\Programming\\adorador\\adorador-frontend\\node_modules\\jest-circus\\build\\jestAdapterInit.js:1918:21)\n    at jestAdapter (C:\\Users\\leovp\\Programming\\adorador\\adorador-frontend\\node_modules\\jest-circus\\build\\runner.js:101:19)\n    at runTestInternal (C:\\Users\\leovp\\Programming\\adorador\\adorador-frontend\\node_modules\\jest-runner\\build\\testWorker.js:277:16)\n    at runTest (C:\\Users\\leovp\\Programming\\adorador\\adorador-frontend\\node_modules\\jest-runner\\build\\testWorker.js:345:7)\n    at Object.worker (C:\\Users\\leovp\\Programming\\adorador\\adorador-frontend\\node_modules\\jest-runner\\build\\testWorker.js:499:12)"],"fullName":"Header Component Semantic HTML should have proper heading hierarchy with h1","invocations":1,"location":null,"numPassingAsserts":0,"retryReasons":[],"startAt":1763189482167,"status":"failed","title":"should have proper heading hierarchy with h1"},{"ancestorTitles":["Header Component","Semantic HTML"],"duration":20,"failing":false,"failureDetails":[],"failureMessages":[],"fullName":"Header Component Semantic HTML should contain link for navigation","invocations":1,"location":null,"numPassingAsserts":1,"retryReasons":[],"startAt":1763189482249,"status":"passed","title":"should contain link for navigation"},{"ancestorTitles":["Header Component","Accessibility"],"duration":9,"failing":false,"failureDetails":[],"failureMessages":[],"fullName":"Header Component Accessibility should have alt text for logo image","invocations":1,"location":null,"numPassingAsserts":1,"retryReasons":[],"startAt":1763189482270,"status":"passed","title":"should have alt text for logo image"},{"ancestorTitles":["Header Component","Accessibility"],"duration":95,"failing":false,"failureDetails":[{"name":"TestingLibraryElementError"}],"failureMessages":["TestingLibraryElementError: Unable to find an accessible element with the role \"heading\"\n\nHere are the accessible roles:\n\n  banner:\n\n  Name \"\":\n  \u001b[36m<header\u001b[39m\n    \u001b[33mclass\u001b[39m=\u001b[32m\"fixed z-40 flex h-[5rem] w-screen items-center justify-between border-b border-brand-purple-100/50 bg-white/80 px-5 shadow-lg backdrop-blur-md transition-all sm:px-20\"\u001b[39m\n  \u001b[36m/>\u001b[39m\n\n  --------------------------------------------------\n  link:\n\n  Name \"Test App Name\":\n  \u001b[36m<a\u001b[39m\n    \u001b[33mclass\u001b[39m=\u001b[32m\"group flex items-center justify-center gap-2 transition-transform hover:scale-105\"\u001b[39m\n    \u001b[33mhref\u001b[39m=\u001b[32m\"/\"\u001b[39m\n  \u001b[36m/>\u001b[39m\n\n  --------------------------------------------------\n  img:\n\n  Name \"Test App Name\":\n  \u001b[36m<img\u001b[39m\n    \u001b[33malt\u001b[39m=\u001b[32m\"Test App Name\"\u001b[39m\n    \u001b[33mclass\u001b[39m=\u001b[32m\"h-20 w-auto object-contain\"\u001b[39m\n    \u001b[33mheight\u001b[39m=\u001b[32m\"100\"\u001b[39m\n    \u001b[33msrc\u001b[39m=\u001b[32m\"/logo_zamr.webp\"\u001b[39m\n    \u001b[33mwidth\u001b[39m=\u001b[32m\"100\"\u001b[39m\n  \u001b[36m/>\u001b[39m\n\n  --------------------------------------------------\n  navigation:\n\n  Name \"\":\n  \u001b[36m<nav\u001b[39m\n    \u001b[33mdata-testid\u001b[39m=\u001b[32m\"responsive-navbar\"\u001b[39m\n  \u001b[36m/>\u001b[39m\n\n  --------------------------------------------------\n\nIgnored nodes: comments, script, style\n\u001b[36m<body>\u001b[39m\n  \u001b[36m<div>\u001b[39m\n    \u001b[36m<header\u001b[39m\n      \u001b[33mclass\u001b[39m=\u001b[32m\"fixed z-40 flex h-[5rem] w-screen items-center justify-between border-b border-brand-purple-100/50 bg-white/80 px-5 shadow-lg backdrop-blur-md transition-all sm:px-20\"\u001b[39m\n    \u001b[36m>\u001b[39m\n      \u001b[36m<a\u001b[39m\n        \u001b[33mclass\u001b[39m=\u001b[32m\"group flex items-center justify-center gap-2 transition-transform hover:scale-105\"\u001b[39m\n        \u001b[33mhref\u001b[39m=\u001b[32m\"/\"\u001b[39m\n      \u001b[36m>\u001b[39m\n        \u001b[36m<div\u001b[39m\n          \u001b[33mclass\u001b[39m=\u001b[32m\"rounded-xl p-1.5 transition-all group-hover:shadow-md\"\u001b[39m\n        \u001b[36m>\u001b[39m\n          \u001b[36m<img\u001b[39m\n            \u001b[33malt\u001b[39m=\u001b[32m\"Test App Name\"\u001b[39m\n            \u001b[33mclass\u001b[39m=\u001b[32m\"h-20 w-auto object-contain\"\u001b[39m\n            \u001b[33mheight\u001b[39m=\u001b[32m\"100\"\u001b[39m\n            \u001b[33msrc\u001b[39m=\u001b[32m\"/logo_zamr.webp\"\u001b[39m\n            \u001b[33mwidth\u001b[39m=\u001b[32m\"100\"\u001b[39m\n          \u001b[36m/>\u001b[39m\n        \u001b[36m</div>\u001b[39m\n      \u001b[36m</a>\u001b[39m\n      \u001b[36m<div\u001b[39m\n        \u001b[33mclass\u001b[39m=\u001b[32m\"flex items-center gap-3\"\u001b[39m\n      \u001b[36m>\u001b[39m\n        \u001b[36m<div\u001b[39m\n          \u001b[33mdata-testid\u001b[39m=\u001b[32m\"notification-bell\"\u001b[39m\n        \u001b[36m>\u001b[39m\n          \u001b[0mNotification Bell\u001b[0m\n        \u001b[36m</div>\u001b[39m\n        \u001b[36m<nav\u001b[39m\n          \u001b[33mdata-testid\u001b[39m=\u001b[32m\"responsive-navbar\"\u001b[39m\n        \u001b[36m>\u001b[39m\n          \u001b[0mResponsive NavBar\u001b[0m\n        \u001b[36m</nav>\u001b[39m\n      \u001b[36m</div>\u001b[39m\n    \u001b[36m</header>\u001b[39m\n  \u001b[36m</div>\u001b[39m\n\u001b[36m</body>\u001b[39m\n    at Object.getElementError (C:\\Users\\leovp\\Programming\\adorador\\adorador-frontend\\node_modules\\@testing-library\\dom\\dist\\config.js:37:19)\n    at C:\\Users\\leovp\\Programming\\adorador\\adorador-frontend\\node_modules\\@testing-library\\dom\\dist\\query-helpers.js:76:38\n    at C:\\Users\\leovp\\Programming\\adorador\\adorador-frontend\\node_modules\\@testing-library\\dom\\dist\\query-helpers.js:52:17\n    at C:\\Users\\leovp\\Programming\\adorador\\adorador-frontend\\node_modules\\@testing-library\\dom\\dist\\query-helpers.js:95:19\n    at Object.getByRole (C:\\Users\\leovp\\Programming\\adorador\\adorador-frontend\\src\\app\\(public)\\_ui\\header\\__tests__\\Header.test.tsx:260:30)\n    at Promise.finally.completed (C:\\Users\\leovp\\Programming\\adorador\\adorador-frontend\\node_modules\\jest-circus\\build\\jestAdapterInit.js:1557:28)\n    at new Promise (<anonymous>)\n    at callAsyncCircusFn (C:\\Users\\leovp\\Programming\\adorador\\adorador-frontend\\node_modules\\jest-circus\\build\\jestAdapterInit.js:1497:10)\n    at _callCircusTest (C:\\Users\\leovp\\Programming\\adorador\\adorador-frontend\\node_modules\\jest-circus\\build\\jestAdapterInit.js:1007:40)\n    at processTicksAndRejections (node:internal/process/task_queues:95:5)\n    at _runTest (C:\\Users\\leovp\\Programming\\adorador\\adorador-frontend\\node_modules\\jest-circus\\build\\jestAdapterInit.js:947:3)\n    at C:\\Users\\leovp\\Programming\\adorador\\adorador-frontend\\node_modules\\jest-circus\\build\\jestAdapterInit.js:849:7\n    at _runTestsForDescribeBlock (C:\\Users\\leovp\\Programming\\adorador\\adorador-frontend\\node_modules\\jest-circus\\build\\jestAdapterInit.js:862:11)\n    at _runTestsForDescribeBlock (C:\\Users\\leovp\\Programming\\adorador\\adorador-frontend\\node_modules\\jest-circus\\build\\jestAdapterInit.js:857:11)\n    at _runTestsForDescribeBlock (C:\\Users\\leovp\\Programming\\adorador\\adorador-frontend\\node_modules\\jest-circus\\build\\jestAdapterInit.js:857:11)\n    at run (C:\\Users\\leovp\\Programming\\adorador\\adorador-frontend\\node_modules\\jest-circus\\build\\jestAdapterInit.js:761:3)\n    at runAndTransformResultsToJestFormat (C:\\Users\\leovp\\Programming\\adorador\\adorador-frontend\\node_modules\\jest-circus\\build\\jestAdapterInit.js:1918:21)\n    at jestAdapter (C:\\Users\\leovp\\Programming\\adorador\\adorador-frontend\\node_modules\\jest-circus\\build\\runner.js:101:19)\n    at runTestInternal (C:\\Users\\leovp\\Programming\\adorador\\adorador-frontend\\node_modules\\jest-runner\\build\\testWorker.js:277:16)\n    at runTest (C:\\Users\\leovp\\Programming\\adorador\\adorador-frontend\\node_modules\\jest-runner\\build\\testWorker.js:345:7)\n    at Object.worker (C:\\Users\\leovp\\Programming\\adorador\\adorador-frontend\\node_modules\\jest-runner\\build\\testWorker.js:499:12)"],"fullName":"Header Component Accessibility should have heading for screen readers","invocations":1,"location":null,"numPassingAsserts":0,"retryReasons":[],"startAt":1763189482279,"status":"failed","title":"should have heading for screen readers"},{"ancestorTitles":["Header Component","Accessibility"],"duration":14,"failing":false,"failureDetails":[],"failureMessages":[],"fullName":"Header Component Accessibility should have link with href for keyboard navigation","invocations":1,"location":null,"numPassingAsserts":1,"retryReasons":[],"startAt":1763189482377,"status":"passed","title":"should have link with href for keyboard navigation"},{"ancestorTitles":["Header Component","Integration"],"duration":74,"failing":false,"failureDetails":[{"name":"TestingLibraryElementError"}],"failureMessages":["TestingLibraryElementError: Unable to find an accessible element with the role \"heading\"\n\nHere are the accessible roles:\n\n  banner:\n\n  Name \"\":\n  \u001b[36m<header\u001b[39m\n    \u001b[33mclass\u001b[39m=\u001b[32m\"fixed z-40 flex h-[5rem] w-screen items-center justify-between border-b border-brand-purple-100/50 bg-white/80 px-5 shadow-lg backdrop-blur-md transition-all sm:px-20\"\u001b[39m\n  \u001b[36m/>\u001b[39m\n\n  --------------------------------------------------\n  link:\n\n  Name \"Test App Name\":\n  \u001b[36m<a\u001b[39m\n    \u001b[33mclass\u001b[39m=\u001b[32m\"group flex items-center justify-center gap-2 transition-transform hover:scale-105\"\u001b[39m\n    \u001b[33mhref\u001b[39m=\u001b[32m\"/\"\u001b[39m\n  \u001b[36m/>\u001b[39m\n\n  --------------------------------------------------\n  img:\n\n  Name \"Test App Name\":\n  \u001b[36m<img\u001b[39m\n    \u001b[33malt\u001b[39m=\u001b[32m\"Test App Name\"\u001b[39m\n    \u001b[33mclass\u001b[39m=\u001b[32m\"h-20 w-auto object-contain\"\u001b[39m\n    \u001b[33mheight\u001b[39m=\u001b[32m\"100\"\u001b[39m\n    \u001b[33msrc\u001b[39m=\u001b[32m\"/logo_zamr.webp\"\u001b[39m\n    \u001b[33mwidth\u001b[39m=\u001b[32m\"100\"\u001b[39m\n  \u001b[36m/>\u001b[39m\n\n  --------------------------------------------------\n  navigation:\n\n  Name \"\":\n  \u001b[36m<nav\u001b[39m\n    \u001b[33mdata-testid\u001b[39m=\u001b[32m\"responsive-navbar\"\u001b[39m\n  \u001b[36m/>\u001b[39m\n\n  --------------------------------------------------\n\nIgnored nodes: comments, script, style\n\u001b[36m<body>\u001b[39m\n  \u001b[36m<div>\u001b[39m\n    \u001b[36m<header\u001b[39m\n      \u001b[33mclass\u001b[39m=\u001b[32m\"fixed z-40 flex h-[5rem] w-screen items-center justify-between border-b border-brand-purple-100/50 bg-white/80 px-5 shadow-lg backdrop-blur-md transition-all sm:px-20\"\u001b[39m\n    \u001b[36m>\u001b[39m\n      \u001b[36m<a\u001b[39m\n        \u001b[33mclass\u001b[39m=\u001b[32m\"group flex items-center justify-center gap-2 transition-transform hover:scale-105\"\u001b[39m\n        \u001b[33mhref\u001b[39m=\u001b[32m\"/\"\u001b[39m\n      \u001b[36m>\u001b[39m\n        \u001b[36m<div\u001b[39m\n          \u001b[33mclass\u001b[39m=\u001b[32m\"rounded-xl p-1.5 transition-all group-hover:shadow-md\"\u001b[39m\n        \u001b[36m>\u001b[39m\n          \u001b[36m<img\u001b[39m\n            \u001b[33malt\u001b[39m=\u001b[32m\"Test App Name\"\u001b[39m\n            \u001b[33mclass\u001b[39m=\u001b[32m\"h-20 w-auto object-contain\"\u001b[39m\n            \u001b[33mheight\u001b[39m=\u001b[32m\"100\"\u001b[39m\n            \u001b[33msrc\u001b[39m=\u001b[32m\"/logo_zamr.webp\"\u001b[39m\n            \u001b[33mwidth\u001b[39m=\u001b[32m\"100\"\u001b[39m\n          \u001b[36m/>\u001b[39m\n        \u001b[36m</div>\u001b[39m\n      \u001b[36m</a>\u001b[39m\n      \u001b[36m<div\u001b[39m\n        \u001b[33mclass\u001b[39m=\u001b[32m\"flex items-center gap-3\"\u001b[39m\n      \u001b[36m>\u001b[39m\n        \u001b[36m<div\u001b[39m\n          \u001b[33mdata-testid\u001b[39m=\u001b[32m\"notification-bell\"\u001b[39m\n        \u001b[36m>\u001b[39m\n          \u001b[0mNotification Bell\u001b[0m\n        \u001b[36m</div>\u001b[39m\n        \u001b[36m<nav\u001b[39m\n          \u001b[33mdata-testid\u001b[39m=\u001b[32m\"responsive-navbar\"\u001b[39m\n        \u001b[36m>\u001b[39m\n          \u001b[0mResponsive NavBar\u001b[0m\n        \u001b[36m</nav>\u001b[39m\n      \u001b[36m</div>\u001b[39m\n    \u001b[36m</header>\u001b[39m\n  \u001b[36m</div>\u001b[39m\n\u001b[36m</body>\u001b[39m\n    at Object.getElementError (C:\\Users\\leovp\\Programming\\adorador\\adorador-frontend\\node_modules\\@testing-library\\dom\\dist\\config.js:37:19)\n    at C:\\Users\\leovp\\Programming\\adorador\\adorador-frontend\\node_modules\\@testing-library\\dom\\dist\\query-helpers.js:76:38\n    at C:\\Users\\leovp\\Programming\\adorador\\adorador-frontend\\node_modules\\@testing-library\\dom\\dist\\query-helpers.js:52:17\n    at C:\\Users\\leovp\\Programming\\adorador\\adorador-frontend\\node_modules\\@testing-library\\dom\\dist\\query-helpers.js:95:19\n    at Object.getByRole (C:\\Users\\leovp\\Programming\\adorador\\adorador-frontend\\src\\app\\(public)\\_ui\\header\\__tests__\\Header.test.tsx:278:21)\n    at Promise.finally.completed (C:\\Users\\leovp\\Programming\\adorador\\adorador-frontend\\node_modules\\jest-circus\\build\\jestAdapterInit.js:1557:28)\n    at new Promise (<anonymous>)\n    at callAsyncCircusFn (C:\\Users\\leovp\\Programming\\adorador\\adorador-frontend\\node_modules\\jest-circus\\build\\jestAdapterInit.js:1497:10)\n    at _callCircusTest (C:\\Users\\leovp\\Programming\\adorador\\adorador-frontend\\node_modules\\jest-circus\\build\\jestAdapterInit.js:1007:40)\n    at processTicksAndRejections (node:internal/process/task_queues:95:5)\n    at _runTest (C:\\Users\\leovp\\Programming\\adorador\\adorador-frontend\\node_modules\\jest-circus\\build\\jestAdapterInit.js:947:3)\n    at C:\\Users\\leovp\\Programming\\adorador\\adorador-frontend\\node_modules\\jest-circus\\build\\jestAdapterInit.js:849:7\n    at _runTestsForDescribeBlock (C:\\Users\\leovp\\Programming\\adorador\\adorador-frontend\\node_modules\\jest-circus\\build\\jestAdapterInit.js:862:11)\n    at _runTestsForDescribeBlock (C:\\Users\\leovp\\Programming\\adorador\\adorador-frontend\\node_modules\\jest-circus\\build\\jestAdapterInit.js:857:11)\n    at _runTestsForDescribeBlock (C:\\Users\\leovp\\Programming\\adorador\\adorador-frontend\\node_modules\\jest-circus\\build\\jestAdapterInit.js:857:11)\n    at run (C:\\Users\\leovp\\Programming\\adorador\\adorador-frontend\\node_modules\\jest-circus\\build\\jestAdapterInit.js:761:3)\n    at runAndTransformResultsToJestFormat (C:\\Users\\leovp\\Programming\\adorador\\adorador-frontend\\node_modules\\jest-circus\\build\\jestAdapterInit.js:1918:21)\n    at jestAdapter (C:\\Users\\leovp\\Programming\\adorador\\adorador-frontend\\node_modules\\jest-circus\\build\\runner.js:101:19)\n    at runTestInternal (C:\\Users\\leovp\\Programming\\adorador\\adorador-frontend\\node_modules\\jest-runner\\build\\testWorker.js:277:16)\n    at runTest (C:\\Users\\leovp\\Programming\\adorador\\adorador-frontend\\node_modules\\jest-runner\\build\\testWorker.js:345:7)\n    at Object.worker (C:\\Users\\leovp\\Programming\\adorador\\adorador-frontend\\node_modules\\jest-runner\\build\\testWorker.js:499:12)"],"fullName":"Header Component Integration should render all elements together correctly","invocations":1,"location":null,"numPassingAsserts":2,"retryReasons":[],"startAt":1763189482392,"status":"failed","title":"should render all elements together correctly"},{"ancestorTitles":["Header Component","Integration"],"duration":13,"failing":false,"failureDetails":[],"failureMessages":[],"fullName":"Header Component Integration should maintain correct visual hierarchy","invocations":1,"location":null,"numPassingAsserts":2,"retryReasons":[],"startAt":1763189482474,"status":"passed","title":"should maintain correct visual hierarchy"},{"ancestorTitles":["Header Component","Responsive Design"],"duration":20,"failing":false,"failureDetails":[],"failureMessages":[],"fullName":"Header Component Responsive Design should have mobile padding classes","invocations":1,"location":null,"numPassingAsserts":1,"retryReasons":[],"startAt":1763189482488,"status":"passed","title":"should have mobile padding classes"},{"ancestorTitles":["Header Component","Responsive Design"],"duration":25,"failing":false,"failureDetails":[],"failureMessages":[],"fullName":"Header Component Responsive Design should have tablet/desktop padding classes","invocations":1,"location":null,"numPassingAsserts":1,"retryReasons":[],"startAt":1763189482509,"status":"passed","title":"should have tablet/desktop padding classes"},{"ancestorTitles":["Header Component","Responsive Design"],"duration":19,"failing":false,"failureDetails":[],"failureMessages":[],"fullName":"Header Component Responsive Design should have responsive background opacity","invocations":1,"location":null,"numPassingAsserts":1,"retryReasons":[],"startAt":1763189482535,"status":"passed","title":"should have responsive background opacity"},{"ancestorTitles":["Header Component","Responsive Design"],"duration":12,"failing":false,"failureDetails":[],"failureMessages":[],"fullName":"Header Component Responsive Design should have responsive backdrop blur","invocations":1,"location":null,"numPassingAsserts":1,"retryReasons":[],"startAt":1763189482554,"status":"passed","title":"should have responsive backdrop blur"},{"ancestorTitles":["Header Component","Mobile Component Visibility Integration"],"duration":10,"failing":false,"failureDetails":[],"failureMessages":[],"fullName":"Header Component Mobile Component Visibility Integration should render both NotificationBell and ResponsiveNavBar","invocations":1,"location":null,"numPassingAsserts":2,"retryReasons":[],"startAt":1763189482567,"status":"passed","title":"should render both NotificationBell and ResponsiveNavBar"},{"ancestorTitles":["Header Component","Mobile Component Visibility Integration"],"duration":13,"failing":false,"failureDetails":[],"failureMessages":[],"fullName":"Header Component Mobile Component Visibility Integration should place both components in the same container with gap","invocations":1,"location":null,"numPassingAsserts":4,"retryReasons":[],"startAt":1763189482578,"status":"passed","title":"should place both components in the same container with gap"}],"endTime":1763189482860,"message":"\u001b[1m\u001b[31m  \u001b[1m● \u001b[22m\u001b[1mHeader Component › Logo and Brand › should render logo with correct src\u001b[39m\u001b[22m\n\n    \u001b[2mexpect(\u001b[22m\u001b[31melement\u001b[39m\u001b[2m).toHaveAttribute(\u001b[22m\u001b[32m\u001b[32m\"src\"\u001b[39m\u001b[32m\u001b[39m\u001b[2m, \u001b[22m\u001b[32m\u001b[32m\"/zamr_logo.webp\"\u001b[39m\u001b[32m\u001b[39m\u001b[2m) // element.getAttribute(\"src\") === \"/zamr_logo.webp\"\u001b[22m\n\n    Expected the element to have attribute:\n    \u001b[32m  src=\"/zamr_logo.webp\"\u001b[39m\n    Received:\n    \u001b[31m  src=\"/logo_zamr.webp\"\u001b[39m\n\u001b[2m\u001b[22m\n\u001b[2m    \u001b[0m \u001b[90m 131 |\u001b[39m\u001b[22m\n\u001b[2m     \u001b[90m 132 |\u001b[39m       \u001b[36mconst\u001b[39m logo \u001b[33m=\u001b[39m screen\u001b[33m.\u001b[39mgetByAltText(\u001b[32m'Test App Name'\u001b[39m)\u001b[33m;\u001b[39m\u001b[22m\n\u001b[2m    \u001b[31m\u001b[1m>\u001b[22m\u001b[2m\u001b[39m\u001b[90m 133 |\u001b[39m       expect(logo)\u001b[33m.\u001b[39mtoHaveAttribute(\u001b[32m'src'\u001b[39m\u001b[33m,\u001b[39m \u001b[32m'/zamr_logo.webp'\u001b[39m)\u001b[33m;\u001b[39m\u001b[22m\n\u001b[2m     \u001b[90m     |\u001b[39m                    \u001b[31m\u001b[1m^\u001b[22m\u001b[2m\u001b[39m\u001b[22m\n\u001b[2m     \u001b[90m 134 |\u001b[39m     })\u001b[33m;\u001b[39m\u001b[22m\n\u001b[2m     \u001b[90m 135 |\u001b[39m\u001b[22m\n\u001b[2m     \u001b[90m 136 |\u001b[39m     it(\u001b[32m'should render logo with correct dimensions'\u001b[39m\u001b[33m,\u001b[39m () \u001b[33m=>\u001b[39m {\u001b[0m\u001b[22m\n\u001b[2m\u001b[22m\n\u001b[2m      \u001b[2mat Object.toHaveAttribute (C:\\Users\\leovp\\Programming\\adorador\\adorador-frontend\\src\\app\\(public)\u001b[22m\u001b[2m../../../../../_ui/header/__tests__/Header.test.tsx\u001b[2m:133:20)\u001b[22m\u001b[2m\u001b[22m\n\n\u001b[1m\u001b[31m  \u001b[1m● \u001b[22m\u001b[1mHeader Component › Logo and Brand › should apply correct classes to logo\u001b[39m\u001b[22m\n\n    \u001b[2mexpect(\u001b[22m\u001b[31melement\u001b[39m\u001b[2m).toHaveClass(\u001b[22m\u001b[32m\u001b[32m\"h-10\"\u001b[39m\u001b[32m\u001b[39m\u001b[2m)\u001b[22m\n\n    Expected the element to have class:\n    \u001b[32m  h-10\u001b[39m\n    Received:\n    \u001b[31m  h-20 w-auto object-contain\u001b[39m\n\u001b[2m\u001b[22m\n\u001b[2m    \u001b[0m \u001b[90m 146 |\u001b[39m\u001b[22m\n\u001b[2m     \u001b[90m 147 |\u001b[39m       \u001b[36mconst\u001b[39m logo \u001b[33m=\u001b[39m screen\u001b[33m.\u001b[39mgetByAltText(\u001b[32m'Test App Name'\u001b[39m)\u001b[33m;\u001b[39m\u001b[22m\n\u001b[2m    \u001b[31m\u001b[1m>\u001b[22m\u001b[2m\u001b[39m\u001b[90m 148 |\u001b[39m       expect(logo)\u001b[33m.\u001b[39mtoHaveClass(\u001b[32m'h-10'\u001b[39m)\u001b[33m;\u001b[39m\u001b[22m\n\u001b[2m     \u001b[90m     |\u001b[39m                    \u001b[31m\u001b[1m^\u001b[22m\u001b[2m\u001b[39m\u001b[22m\n\u001b[2m     \u001b[90m 149 |\u001b[39m       expect(logo)\u001b[33m.\u001b[39mtoHaveClass(\u001b[32m'w-auto'\u001b[39m)\u001b[33m;\u001b[39m\u001b[22m\n\u001b[2m     \u001b[90m 150 |\u001b[39m       expect(logo)\u001b[33m.\u001b[39mtoHaveClass(\u001b[32m'object-contain'\u001b[39m)\u001b[33m;\u001b[39m\u001b[22m\n\u001b[2m     \u001b[90m 151 |\u001b[39m     })\u001b[33m;\u001b[39m\u001b[0m\u001b[22m\n\u001b[2m\u001b[22m\n\u001b[2m      \u001b[2mat Object.toHaveClass (C:\\Users\\leovp\\Programming\\adorador\\adorador-frontend\\src\\app\\(public)\u001b[22m\u001b[2m../../../../../_ui/header/__tests__/Header.test.tsx\u001b[2m:148:20)\u001b[22m\u001b[2m\u001b[22m\n\n\u001b[1m\u001b[31m  \u001b[1m● \u001b[22m\u001b[1mHeader Component › Logo and Brand › should render app name as h1\u001b[39m\u001b[22m\n\n    TestingLibraryElementError: Unable to find an accessible element with the role \"heading\"\n\n    Here are the accessible roles:\n\n      banner:\n\n      Name \"\":\n      \u001b[36m<header\u001b[39m\n        \u001b[33mclass\u001b[39m=\u001b[32m\"fixed z-40 flex h-[5rem] w-screen items-center justify-between border-b border-brand-purple-100/50 bg-white/80 px-5 shadow-lg backdrop-blur-md transition-all sm:px-20\"\u001b[39m\n      \u001b[36m/>\u001b[39m\n\n      --------------------------------------------------\n      link:\n\n      Name \"Test App Name\":\n      \u001b[36m<a\u001b[39m\n        \u001b[33mclass\u001b[39m=\u001b[32m\"group flex items-center justify-center gap-2 transition-transform hover:scale-105\"\u001b[39m\n        \u001b[33mhref\u001b[39m=\u001b[32m\"/\"\u001b[39m\n      \u001b[36m/>\u001b[39m\n\n      --------------------------------------------------\n      img:\n\n      Name \"Test App Name\":\n      \u001b[36m<img\u001b[39m\n        \u001b[33malt\u001b[39m=\u001b[32m\"Test App Name\"\u001b[39m\n        \u001b[33mclass\u001b[39m=\u001b[32m\"h-20 w-auto object-contain\"\u001b[39m\n        \u001b[33mheight\u001b[39m=\u001b[32m\"100\"\u001b[39m\n        \u001b[33msrc\u001b[39m=\u001b[32m\"/logo_zamr.webp\"\u001b[39m\n        \u001b[33mwidth\u001b[39m=\u001b[32m\"100\"\u001b[39m\n      \u001b[36m/>\u001b[39m\n\n      --------------------------------------------------\n      navigation:\n\n      Name \"\":\n      \u001b[36m<nav\u001b[39m\n        \u001b[33mdata-testid\u001b[39m=\u001b[32m\"responsive-navbar\"\u001b[39m\n      \u001b[36m/>\u001b[39m\n\n      --------------------------------------------------\n\n    Ignored nodes: comments, script, style\n    \u001b[36m<body>\u001b[39m\n      \u001b[36m<div>\u001b[39m\n        \u001b[36m<header\u001b[39m\n          \u001b[33mclass\u001b[39m=\u001b[32m\"fixed z-40 flex h-[5rem] w-screen items-center justify-between border-b border-brand-purple-100/50 bg-white/80 px-5 shadow-lg backdrop-blur-md transition-all sm:px-20\"\u001b[39m\n        \u001b[36m>\u001b[39m\n          \u001b[36m<a\u001b[39m\n            \u001b[33mclass\u001b[39m=\u001b[32m\"group flex items-center justify-center gap-2 transition-transform hover:scale-105\"\u001b[39m\n            \u001b[33mhref\u001b[39m=\u001b[32m\"/\"\u001b[39m\n          \u001b[36m>\u001b[39m\n            \u001b[36m<div\u001b[39m\n              \u001b[33mclass\u001b[39m=\u001b[32m\"rounded-xl p-1.5 transition-all group-hover:shadow-md\"\u001b[39m\n            \u001b[36m>\u001b[39m\n              \u001b[36m<img\u001b[39m\n                \u001b[33malt\u001b[39m=\u001b[32m\"Test App Name\"\u001b[39m\n                \u001b[33mclass\u001b[39m=\u001b[32m\"h-20 w-auto object-contain\"\u001b[39m\n                \u001b[33mheight\u001b[39m=\u001b[32m\"100\"\u001b[39m\n                \u001b[33msrc\u001b[39m=\u001b[32m\"/logo_zamr.webp\"\u001b[39m\n                \u001b[33mwidth\u001b[39m=\u001b[32m\"100\"\u001b[39m\n              \u001b[36m/>\u001b[39m\n            \u001b[36m</div>\u001b[39m\n          \u001b[36m</a>\u001b[39m\n          \u001b[36m<div\u001b[39m\n            \u001b[33mclass\u001b[39m=\u001b[32m\"flex items-center gap-3\"\u001b[39m\n          \u001b[36m>\u001b[39m\n            \u001b[36m<div\u001b[39m\n              \u001b[33mdata-testid\u001b[39m=\u001b[32m\"notification-bell\"\u001b[39m\n            \u001b[36m>\u001b[39m\n              \u001b[0mNotification Bell\u001b[0m\n            \u001b[36m</div>\u001b[39m\n            \u001b[36m<nav\u001b[39m\n              \u001b[33mdata-testid\u001b[39m=\u001b[32m\"responsive-navbar\"\u001b[39m\n            \u001b[36m>\u001b[39m\n              \u001b[0mResponsive NavBar\u001b[0m\n            \u001b[36m</nav>\u001b[39m\n          \u001b[36m</div>\u001b[39m\n        \u001b[36m</header>\u001b[39m\n      \u001b[36m</div>\u001b[39m\n    \u001b[36m</body>\u001b[39m\n\u001b[2m\u001b[22m\n\u001b[2m    \u001b[0m \u001b[90m 154 |\u001b[39m       render(\u001b[33m<\u001b[39m\u001b[33mHeader\u001b[39m \u001b[33m/\u001b[39m\u001b[33m>\u001b[39m)\u001b[33m;\u001b[39m\u001b[22m\n\u001b[2m     \u001b[90m 155 |\u001b[39m\u001b[22m\n\u001b[2m    \u001b[31m\u001b[1m>\u001b[22m\u001b[2m\u001b[39m\u001b[90m 156 |\u001b[39m       \u001b[36mconst\u001b[39m heading \u001b[33m=\u001b[39m screen\u001b[33m.\u001b[39mgetByRole(\u001b[32m'heading'\u001b[39m\u001b[33m,\u001b[39m { level\u001b[33m:\u001b[39m \u001b[35m1\u001b[39m })\u001b[33m;\u001b[39m\u001b[22m\n\u001b[2m     \u001b[90m     |\u001b[39m                              \u001b[31m\u001b[1m^\u001b[22m\u001b[2m\u001b[39m\u001b[22m\n\u001b[2m     \u001b[90m 157 |\u001b[39m       expect(heading)\u001b[33m.\u001b[39mtoBeInTheDocument()\u001b[33m;\u001b[39m\u001b[22m\n\u001b[2m     \u001b[90m 158 |\u001b[39m       expect(heading)\u001b[33m.\u001b[39mtoHaveTextContent(\u001b[32m'Test App Name'\u001b[39m)\u001b[33m;\u001b[39m\u001b[22m\n\u001b[2m     \u001b[90m 159 |\u001b[39m     })\u001b[33m;\u001b[39m\u001b[0m\u001b[22m\n\u001b[2m\u001b[22m\n\u001b[2m      \u001b[2mat Object.getElementError (\u001b[22m\u001b[2mnode_modules/@testing-library/dom/dist/config.js\u001b[2m:37:19)\u001b[22m\u001b[2m\u001b[22m\n\u001b[2m      \u001b[2mat \u001b[22m\u001b[2mnode_modules/@testing-library/dom/dist/query-helpers.js\u001b[2m:76:38\u001b[22m\u001b[2m\u001b[22m\n\u001b[2m      \u001b[2mat \u001b[22m\u001b[2mnode_modules/@testing-library/dom/dist/query-helpers.js\u001b[2m:52:17\u001b[22m\u001b[2m\u001b[22m\n\u001b[2m      \u001b[2mat \u001b[22m\u001b[2mnode_modules/@testing-library/dom/dist/query-helpers.js\u001b[2m:95:19\u001b[22m\u001b[2m\u001b[22m\n\u001b[2m      \u001b[2mat Object.getByRole (C:\\Users\\leovp\\Programming\\adorador\\adorador-frontend\\src\\app\\(public)\u001b[22m\u001b[2m../../../../../_ui/header/__tests__/Header.test.tsx\u001b[2m:156:30)\u001b[22m\u001b[2m\u001b[22m\n\n\u001b[1m\u001b[31m  \u001b[1m● \u001b[22m\u001b[1mHeader Component › Logo and Brand › should apply correct typography classes to app name\u001b[39m\u001b[22m\n\n    TestingLibraryElementError: Unable to find an accessible element with the role \"heading\"\n\n    Here are the accessible roles:\n\n      banner:\n\n      Name \"\":\n      \u001b[36m<header\u001b[39m\n        \u001b[33mclass\u001b[39m=\u001b[32m\"fixed z-40 flex h-[5rem] w-screen items-center justify-between border-b border-brand-purple-100/50 bg-white/80 px-5 shadow-lg backdrop-blur-md transition-all sm:px-20\"\u001b[39m\n      \u001b[36m/>\u001b[39m\n\n      --------------------------------------------------\n      link:\n\n      Name \"Test App Name\":\n      \u001b[36m<a\u001b[39m\n        \u001b[33mclass\u001b[39m=\u001b[32m\"group flex items-center justify-center gap-2 transition-transform hover:scale-105\"\u001b[39m\n        \u001b[33mhref\u001b[39m=\u001b[32m\"/\"\u001b[39m\n      \u001b[36m/>\u001b[39m\n\n      --------------------------------------------------\n      img:\n\n      Name \"Test App Name\":\n      \u001b[36m<img\u001b[39m\n        \u001b[33malt\u001b[39m=\u001b[32m\"Test App Name\"\u001b[39m\n        \u001b[33mclass\u001b[39m=\u001b[32m\"h-20 w-auto object-contain\"\u001b[39m\n        \u001b[33mheight\u001b[39m=\u001b[32m\"100\"\u001b[39m\n        \u001b[33msrc\u001b[39m=\u001b[32m\"/logo_zamr.webp\"\u001b[39m\n        \u001b[33mwidth\u001b[39m=\u001b[32m\"100\"\u001b[39m\n      \u001b[36m/>\u001b[39m\n\n      --------------------------------------------------\n      navigation:\n\n      Name \"\":\n      \u001b[36m<nav\u001b[39m\n        \u001b[33mdata-testid\u001b[39m=\u001b[32m\"responsive-navbar\"\u001b[39m\n      \u001b[36m/>\u001b[39m\n\n      --------------------------------------------------\n\n    Ignored nodes: comments, script, style\n    \u001b[36m<body>\u001b[39m\n      \u001b[36m<div>\u001b[39m\n        \u001b[36m<header\u001b[39m\n          \u001b[33mclass\u001b[39m=\u001b[32m\"fixed z-40 flex h-[5rem] w-screen items-center justify-between border-b border-brand-purple-100/50 bg-white/80 px-5 shadow-lg backdrop-blur-md transition-all sm:px-20\"\u001b[39m\n        \u001b[36m>\u001b[39m\n          \u001b[36m<a\u001b[39m\n            \u001b[33mclass\u001b[39m=\u001b[32m\"group flex items-center justify-center gap-2 transition-transform hover:scale-105\"\u001b[39m\n            \u001b[33mhref\u001b[39m=\u001b[32m\"/\"\u001b[39m\n          \u001b[36m>\u001b[39m\n            \u001b[36m<div\u001b[39m\n              \u001b[33mclass\u001b[39m=\u001b[32m\"rounded-xl p-1.5 transition-all group-hover:shadow-md\"\u001b[39m\n            \u001b[36m>\u001b[39m\n              \u001b[36m<img\u001b[39m\n                \u001b[33malt\u001b[39m=\u001b[32m\"Test App Name\"\u001b[39m\n                \u001b[33mclass\u001b[39m=\u001b[32m\"h-20 w-auto object-contain\"\u001b[39m\n                \u001b[33mheight\u001b[39m=\u001b[32m\"100\"\u001b[39m\n                \u001b[33msrc\u001b[39m=\u001b[32m\"/logo_zamr.webp\"\u001b[39m\n                \u001b[33mwidth\u001b[39m=\u001b[32m\"100\"\u001b[39m\n              \u001b[36m/>\u001b[39m\n            \u001b[36m</div>\u001b[39m\n          \u001b[36m</a>\u001b[39m\n          \u001b[36m<div\u001b[39m\n            \u001b[33mclass\u001b[39m=\u001b[32m\"flex items-center gap-3\"\u001b[39m\n          \u001b[36m>\u001b[39m\n            \u001b[36m<div\u001b[39m\n              \u001b[33mdata-testid\u001b[39m=\u001b[32m\"notification-bell\"\u001b[39m\n            \u001b[36m>\u001b[39m\n              \u001b[0mNotification Bell\u001b[0m\n            \u001b[36m</div>\u001b[39m\n            \u001b[36m<nav\u001b[39m\n              \u001b[33mdata-testid\u001b[39m=\u001b[32m\"responsive-navbar\"\u001b[39m\n            \u001b[36m>\u001b[39m\n              \u001b[0mResponsive NavBar\u001b[0m\n            \u001b[36m</nav>\u001b[39m\n          \u001b[36m</div>\u001b[39m\n        \u001b[36m</header>\u001b[39m\n      \u001b[36m</div>\u001b[39m\n    \u001b[36m</body>\u001b[39m\n\u001b[2m\u001b[22m\n\u001b[2m    \u001b[0m \u001b[90m 162 |\u001b[39m       render(\u001b[33m<\u001b[39m\u001b[33mHeader\u001b[39m \u001b[33m/\u001b[39m\u001b[33m>\u001b[39m)\u001b[33m;\u001b[39m\u001b[22m\n\u001b[2m     \u001b[90m 163 |\u001b[39m\u001b[22m\n\u001b[2m    \u001b[31m\u001b[1m>\u001b[22m\u001b[2m\u001b[39m\u001b[90m 164 |\u001b[39m       \u001b[36mconst\u001b[39m heading \u001b[33m=\u001b[39m screen\u001b[33m.\u001b[39mgetByRole(\u001b[32m'heading'\u001b[39m\u001b[33m,\u001b[39m { level\u001b[33m:\u001b[39m \u001b[35m1\u001b[39m })\u001b[33m;\u001b[39m\u001b[22m\n\u001b[2m     \u001b[90m     |\u001b[39m                              \u001b[31m\u001b[1m^\u001b[22m\u001b[2m\u001b[39m\u001b[22m\n\u001b[2m     \u001b[90m 165 |\u001b[39m       expect(heading)\u001b[33m.\u001b[39mtoHaveClass(\u001b[32m'font-agdasima'\u001b[39m)\u001b[33m;\u001b[39m\u001b[22m\n\u001b[2m     \u001b[90m 166 |\u001b[39m       expect(heading)\u001b[33m.\u001b[39mtoHaveClass(\u001b[32m'text-3xl'\u001b[39m)\u001b[33m;\u001b[39m\u001b[22m\n\u001b[2m     \u001b[90m 167 |\u001b[39m       expect(heading)\u001b[33m.\u001b[39mtoHaveClass(\u001b[32m'font-bold'\u001b[39m)\u001b[33m;\u001b[39m\u001b[0m\u001b[22m\n\u001b[2m\u001b[22m\n\u001b[2m      \u001b[2mat Object.getElementError (\u001b[22m\u001b[2mnode_modules/@testing-library/dom/dist/config.js\u001b[2m:37:19)\u001b[22m\u001b[2m\u001b[22m\n\u001b[2m      \u001b[2mat \u001b[22m\u001b[2mnode_modules/@testing-library/dom/dist/query-helpers.js\u001b[2m:76:38\u001b[22m\u001b[2m\u001b[22m\n\u001b[2m      \u001b[2mat \u001b[22m\u001b[2mnode_modules/@testing-library/dom/dist/query-helpers.js\u001b[2m:52:17\u001b[22m\u001b[2m\u001b[22m\n\u001b[2m      \u001b[2mat \u001b[22m\u001b[2mnode_modules/@testing-library/dom/dist/query-helpers.js\u001b[2m:95:19\u001b[22m\u001b[2m\u001b[22m\n\u001b[2m      \u001b[2mat Object.getByRole (C:\\Users\\leovp\\Programming\\adorador\\adorador-frontend\\src\\app\\(public)\u001b[22m\u001b[2m../../../../../_ui/header/__tests__/Header.test.tsx\u001b[2m:164:30)\u001b[22m\u001b[2m\u001b[22m\n\n\u001b[1m\u001b[31m  \u001b[1m● \u001b[22m\u001b[1mHeader Component › Home Link › should wrap logo and app name in home link\u001b[39m\u001b[22m\n\n    TestingLibraryElementError: Unable to find an accessible element with the role \"heading\"\n\n    Here are the accessible roles:\n\n      banner:\n\n      Name \"\":\n      \u001b[36m<header\u001b[39m\n        \u001b[33mclass\u001b[39m=\u001b[32m\"fixed z-40 flex h-[5rem] w-screen items-center justify-between border-b border-brand-purple-100/50 bg-white/80 px-5 shadow-lg backdrop-blur-md transition-all sm:px-20\"\u001b[39m\n      \u001b[36m/>\u001b[39m\n\n      --------------------------------------------------\n      link:\n\n      Name \"Test App Name\":\n      \u001b[36m<a\u001b[39m\n        \u001b[33mclass\u001b[39m=\u001b[32m\"group flex items-center justify-center gap-2 transition-transform hover:scale-105\"\u001b[39m\n        \u001b[33mhref\u001b[39m=\u001b[32m\"/\"\u001b[39m\n      \u001b[36m/>\u001b[39m\n\n      --------------------------------------------------\n      img:\n\n      Name \"Test App Name\":\n      \u001b[36m<img\u001b[39m\n        \u001b[33malt\u001b[39m=\u001b[32m\"Test App Name\"\u001b[39m\n        \u001b[33mclass\u001b[39m=\u001b[32m\"h-20 w-auto object-contain\"\u001b[39m\n        \u001b[33mheight\u001b[39m=\u001b[32m\"100\"\u001b[39m\n        \u001b[33msrc\u001b[39m=\u001b[32m\"/logo_zamr.webp\"\u001b[39m\n        \u001b[33mwidth\u001b[39m=\u001b[32m\"100\"\u001b[39m\n      \u001b[36m/>\u001b[39m\n\n      --------------------------------------------------\n      navigation:\n\n      Name \"\":\n      \u001b[36m<nav\u001b[39m\n        \u001b[33mdata-testid\u001b[39m=\u001b[32m\"responsive-navbar\"\u001b[39m\n      \u001b[36m/>\u001b[39m\n\n      --------------------------------------------------\n\n    Ignored nodes: comments, script, style\n    \u001b[36m<body>\u001b[39m\n      \u001b[36m<div>\u001b[39m\n        \u001b[36m<header\u001b[39m\n          \u001b[33mclass\u001b[39m=\u001b[32m\"fixed z-40 flex h-[5rem] w-screen items-center justify-between border-b border-brand-purple-100/50 bg-white/80 px-5 shadow-lg backdrop-blur-md transition-all sm:px-20\"\u001b[39m\n        \u001b[36m>\u001b[39m\n          \u001b[36m<a\u001b[39m\n            \u001b[33mclass\u001b[39m=\u001b[32m\"group flex items-center justify-center gap-2 transition-transform hover:scale-105\"\u001b[39m\n            \u001b[33mhref\u001b[39m=\u001b[32m\"/\"\u001b[39m\n          \u001b[36m>\u001b[39m\n            \u001b[36m<div\u001b[39m\n              \u001b[33mclass\u001b[39m=\u001b[32m\"rounded-xl p-1.5 transition-all group-hover:shadow-md\"\u001b[39m\n            \u001b[36m>\u001b[39m\n              \u001b[36m<img\u001b[39m\n                \u001b[33malt\u001b[39m=\u001b[32m\"Test App Name\"\u001b[39m\n                \u001b[33mclass\u001b[39m=\u001b[32m\"h-20 w-auto object-contain\"\u001b[39m\n                \u001b[33mheight\u001b[39m=\u001b[32m\"100\"\u001b[39m\n                \u001b[33msrc\u001b[39m=\u001b[32m\"/logo_zamr.webp\"\u001b[39m\n                \u001b[33mwidth\u001b[39m=\u001b[32m\"100\"\u001b[39m\n              \u001b[36m/>\u001b[39m\n            \u001b[36m</div>\u001b[39m\n          \u001b[36m</a>\u001b[39m\n          \u001b[36m<div\u001b[39m\n            \u001b[33mclass\u001b[39m=\u001b[32m\"flex items-center gap-3\"\u001b[39m\n          \u001b[36m>\u001b[39m\n            \u001b[36m<div\u001b[39m\n              \u001b[33mdata-testid\u001b[39m=\u001b[32m\"notification-bell\"\u001b[39m\n            \u001b[36m>\u001b[39m\n              \u001b[0mNotification Bell\u001b[0m\n            \u001b[36m</div>\u001b[39m\n            \u001b[36m<nav\u001b[39m\n              \u001b[33mdata-testid\u001b[39m=\u001b[32m\"responsive-navbar\"\u001b[39m\n            \u001b[36m>\u001b[39m\n              \u001b[0mResponsive NavBar\u001b[0m\n            \u001b[36m</nav>\u001b[39m\n          \u001b[36m</div>\u001b[39m\n        \u001b[36m</header>\u001b[39m\n      \u001b[36m</div>\u001b[39m\n    \u001b[36m</body>\u001b[39m\n\u001b[2m\u001b[22m\n\u001b[2m    \u001b[0m \u001b[90m 186 |\u001b[39m       \u001b[36mconst\u001b[39m homeLink \u001b[33m=\u001b[39m screen\u001b[33m.\u001b[39mgetByRole(\u001b[32m'link'\u001b[39m)\u001b[33m;\u001b[39m\u001b[22m\n\u001b[2m     \u001b[90m 187 |\u001b[39m       \u001b[36mconst\u001b[39m logo \u001b[33m=\u001b[39m screen\u001b[33m.\u001b[39mgetByAltText(\u001b[32m'Test App Name'\u001b[39m)\u001b[33m;\u001b[39m\u001b[22m\n\u001b[2m    \u001b[31m\u001b[1m>\u001b[22m\u001b[2m\u001b[39m\u001b[90m 188 |\u001b[39m       \u001b[36mconst\u001b[39m heading \u001b[33m=\u001b[39m screen\u001b[33m.\u001b[39mgetByRole(\u001b[32m'heading'\u001b[39m\u001b[33m,\u001b[39m { level\u001b[33m:\u001b[39m \u001b[35m1\u001b[39m })\u001b[33m;\u001b[39m\u001b[22m\n\u001b[2m     \u001b[90m     |\u001b[39m                              \u001b[31m\u001b[1m^\u001b[22m\u001b[2m\u001b[39m\u001b[22m\n\u001b[2m     \u001b[90m 189 |\u001b[39m\u001b[22m\n\u001b[2m     \u001b[90m 190 |\u001b[39m       expect(homeLink)\u001b[33m.\u001b[39mtoContainElement(logo)\u001b[33m;\u001b[39m\u001b[22m\n\u001b[2m     \u001b[90m 191 |\u001b[39m       expect(homeLink)\u001b[33m.\u001b[39mtoContainElement(heading)\u001b[33m;\u001b[39m\u001b[0m\u001b[22m\n\u001b[2m\u001b[22m\n\u001b[2m      \u001b[2mat Object.getElementError (\u001b[22m\u001b[2mnode_modules/@testing-library/dom/dist/config.js\u001b[2m:37:19)\u001b[22m\u001b[2m\u001b[22m\n\u001b[2m      \u001b[2mat \u001b[22m\u001b[2mnode_modules/@testing-library/dom/dist/query-helpers.js\u001b[2m:76:38\u001b[22m\u001b[2m\u001b[22m\n\u001b[2m      \u001b[2mat \u001b[22m\u001b[2mnode_modules/@testing-library/dom/dist/query-helpers.js\u001b[2m:52:17\u001b[22m\u001b[2m\u001b[22m\n\u001b[2m      \u001b[2mat \u001b[22m\u001b[2mnode_modules/@testing-library/dom/dist/query-helpers.js\u001b[2m:95:19\u001b[22m\u001b[2m\u001b[22m\n\u001b[2m      \u001b[2mat Object.getByRole (C:\\Users\\leovp\\Programming\\adorador\\adorador-frontend\\src\\app\\(public)\u001b[22m\u001b[2m../../../../../_ui/header/__tests__/Header.test.tsx\u001b[2m:188:30)\u001b[22m\u001b[2m\u001b[22m\n\n\u001b[1m\u001b[31m  \u001b[1m● \u001b[22m\u001b[1mHeader Component › Navigation › should render ResponsiveNavBar after logo/brand section\u001b[39m\u001b[22m\n\n    TestingLibraryElementError: Unable to find an accessible element with the role \"heading\"\n\n    Here are the accessible roles:\n\n      banner:\n\n      Name \"\":\n      \u001b[36m<header\u001b[39m\n        \u001b[33mclass\u001b[39m=\u001b[32m\"fixed z-40 flex h-[5rem] w-screen items-center justify-between border-b border-brand-purple-100/50 bg-white/80 px-5 shadow-lg backdrop-blur-md transition-all sm:px-20\"\u001b[39m\n      \u001b[36m/>\u001b[39m\n\n      --------------------------------------------------\n      link:\n\n      Name \"Test App Name\":\n      \u001b[36m<a\u001b[39m\n        \u001b[33mclass\u001b[39m=\u001b[32m\"group flex items-center justify-center gap-2 transition-transform hover:scale-105\"\u001b[39m\n        \u001b[33mhref\u001b[39m=\u001b[32m\"/\"\u001b[39m\n      \u001b[36m/>\u001b[39m\n\n      --------------------------------------------------\n      img:\n\n      Name \"Test App Name\":\n      \u001b[36m<img\u001b[39m\n        \u001b[33malt\u001b[39m=\u001b[32m\"Test App Name\"\u001b[39m\n        \u001b[33mclass\u001b[39m=\u001b[32m\"h-20 w-auto object-contain\"\u001b[39m\n        \u001b[33mheight\u001b[39m=\u001b[32m\"100\"\u001b[39m\n        \u001b[33msrc\u001b[39m=\u001b[32m\"/logo_zamr.webp\"\u001b[39m\n        \u001b[33mwidth\u001b[39m=\u001b[32m\"100\"\u001b[39m\n      \u001b[36m/>\u001b[39m\n\n      --------------------------------------------------\n      navigation:\n\n      Name \"\":\n      \u001b[36m<nav\u001b[39m\n        \u001b[33mdata-testid\u001b[39m=\u001b[32m\"responsive-navbar\"\u001b[39m\n      \u001b[36m/>\u001b[39m\n\n      --------------------------------------------------\n\n    Ignored nodes: comments, script, style\n    \u001b[36m<body>\u001b[39m\n      \u001b[36m<div>\u001b[39m\n        \u001b[36m<header\u001b[39m\n          \u001b[33mclass\u001b[39m=\u001b[32m\"fixed z-40 flex h-[5rem] w-screen items-center justify-between border-b border-brand-purple-100/50 bg-white/80 px-5 shadow-lg backdrop-blur-md transition-all sm:px-20\"\u001b[39m\n        \u001b[36m>\u001b[39m\n          \u001b[36m<a\u001b[39m\n            \u001b[33mclass\u001b[39m=\u001b[32m\"group flex items-center justify-center gap-2 transition-transform hover:scale-105\"\u001b[39m\n            \u001b[33mhref\u001b[39m=\u001b[32m\"/\"\u001b[39m\n          \u001b[36m>\u001b[39m\n            \u001b[36m<div\u001b[39m\n              \u001b[33mclass\u001b[39m=\u001b[32m\"rounded-xl p-1.5 transition-all group-hover:shadow-md\"\u001b[39m\n            \u001b[36m>\u001b[39m\n              \u001b[36m<img\u001b[39m\n                \u001b[33malt\u001b[39m=\u001b[32m\"Test App Name\"\u001b[39m\n                \u001b[33mclass\u001b[39m=\u001b[32m\"h-20 w-auto object-contain\"\u001b[39m\n                \u001b[33mheight\u001b[39m=\u001b[32m\"100\"\u001b[39m\n                \u001b[33msrc\u001b[39m=\u001b[32m\"/logo_zamr.webp\"\u001b[39m\n                \u001b[33mwidth\u001b[39m=\u001b[32m\"100\"\u001b[39m\n              \u001b[36m/>\u001b[39m\n            \u001b[36m</div>\u001b[39m\n          \u001b[36m</a>\u001b[39m\n          \u001b[36m<div\u001b[39m\n            \u001b[33mclass\u001b[39m=\u001b[32m\"flex items-center gap-3\"\u001b[39m\n          \u001b[36m>\u001b[39m\n            \u001b[36m<div\u001b[39m\n              \u001b[33mdata-testid\u001b[39m=\u001b[32m\"notification-bell\"\u001b[39m\n            \u001b[36m>\u001b[39m\n              \u001b[0mNotification Bell\u001b[0m\n            \u001b[36m</div>\u001b[39m\n            \u001b[36m<nav\u001b[39m\n              \u001b[33mdata-testid\u001b[39m=\u001b[32m\"responsive-navbar\"\u001b[39m\n            \u001b[36m>\u001b[39m\n              \u001b[0mResponsive NavBar\u001b[0m\n            \u001b[36m</nav>\u001b[39m\n          \u001b[36m</div>\u001b[39m\n        \u001b[36m</header>\u001b[39m\n      \u001b[36m</div>\u001b[39m\n    \u001b[36m</body>\u001b[39m\n\u001b[2m\u001b[22m\n\u001b[2m    \u001b[0m \u001b[90m 214 |\u001b[39m       render(\u001b[33m<\u001b[39m\u001b[33mHeader\u001b[39m \u001b[33m/\u001b[39m\u001b[33m>\u001b[39m)\u001b[33m;\u001b[39m\u001b[22m\n\u001b[2m     \u001b[90m 215 |\u001b[39m\u001b[22m\n\u001b[2m    \u001b[31m\u001b[1m>\u001b[22m\u001b[2m\u001b[39m\u001b[90m 216 |\u001b[39m       \u001b[36mconst\u001b[39m heading \u001b[33m=\u001b[39m screen\u001b[33m.\u001b[39mgetByRole(\u001b[32m'heading'\u001b[39m\u001b[33m,\u001b[39m { level\u001b[33m:\u001b[39m \u001b[35m1\u001b[39m })\u001b[33m;\u001b[39m\u001b[22m\n\u001b[2m     \u001b[90m     |\u001b[39m                              \u001b[31m\u001b[1m^\u001b[22m\u001b[2m\u001b[39m\u001b[22m\n\u001b[2m     \u001b[90m 217 |\u001b[39m       \u001b[36mconst\u001b[39m navbar \u001b[33m=\u001b[39m screen\u001b[33m.\u001b[39mgetByTestId(\u001b[32m'responsive-navbar'\u001b[39m)\u001b[33m;\u001b[39m\u001b[22m\n\u001b[2m     \u001b[90m 218 |\u001b[39m\u001b[22m\n\u001b[2m     \u001b[90m 219 |\u001b[39m       expect(\u001b[0m\u001b[22m\n\u001b[2m\u001b[22m\n\u001b[2m      \u001b[2mat Object.getElementError (\u001b[22m\u001b[2mnode_modules/@testing-library/dom/dist/config.js\u001b[2m:37:19)\u001b[22m\u001b[2m\u001b[22m\n\u001b[2m      \u001b[2mat \u001b[22m\u001b[2mnode_modules/@testing-library/dom/dist/query-helpers.js\u001b[2m:76:38\u001b[22m\u001b[2m\u001b[22m\n\u001b[2m      \u001b[2mat \u001b[22m\u001b[2mnode_modules/@testing-library/dom/dist/query-helpers.js\u001b[2m:52:17\u001b[22m\u001b[2m\u001b[22m\n\u001b[2m      \u001b[2mat \u001b[22m\u001b[2mnode_modules/@testing-library/dom/dist/query-helpers.js\u001b[2m:95:19\u001b[22m\u001b[2m\u001b[22m\n\u001b[2m      \u001b[2mat Object.getByRole (C:\\Users\\leovp\\Programming\\adorador\\adorador-frontend\\src\\app\\(public)\u001b[22m\u001b[2m../../../../../_ui/header/__tests__/Header.test.tsx\u001b[2m:216:30)\u001b[22m\u001b[2m\u001b[22m\n\n\u001b[1m\u001b[31m  \u001b[1m● \u001b[22m\u001b[1mHeader Component › Semantic HTML › should have proper heading hierarchy with h1\u001b[39m\u001b[22m\n\n    TestingLibraryElementError: Unable to find an accessible element with the role \"heading\"\n\n    Here are the accessible roles:\n\n      banner:\n\n      Name \"\":\n      \u001b[36m<header\u001b[39m\n        \u001b[33mclass\u001b[39m=\u001b[32m\"fixed z-40 flex h-[5rem] w-screen items-center justify-between border-b border-brand-purple-100/50 bg-white/80 px-5 shadow-lg backdrop-blur-md transition-all sm:px-20\"\u001b[39m\n      \u001b[36m/>\u001b[39m\n\n      --------------------------------------------------\n      link:\n\n      Name \"Test App Name\":\n      \u001b[36m<a\u001b[39m\n        \u001b[33mclass\u001b[39m=\u001b[32m\"group flex items-center justify-center gap-2 transition-transform hover:scale-105\"\u001b[39m\n        \u001b[33mhref\u001b[39m=\u001b[32m\"/\"\u001b[39m\n      \u001b[36m/>\u001b[39m\n\n      --------------------------------------------------\n      img:\n\n      Name \"Test App Name\":\n      \u001b[36m<img\u001b[39m\n        \u001b[33malt\u001b[39m=\u001b[32m\"Test App Name\"\u001b[39m\n        \u001b[33mclass\u001b[39m=\u001b[32m\"h-20 w-auto object-contain\"\u001b[39m\n        \u001b[33mheight\u001b[39m=\u001b[32m\"100\"\u001b[39m\n        \u001b[33msrc\u001b[39m=\u001b[32m\"/logo_zamr.webp\"\u001b[39m\n        \u001b[33mwidth\u001b[39m=\u001b[32m\"100\"\u001b[39m\n      \u001b[36m/>\u001b[39m\n\n      --------------------------------------------------\n      navigation:\n\n      Name \"\":\n      \u001b[36m<nav\u001b[39m\n        \u001b[33mdata-testid\u001b[39m=\u001b[32m\"responsive-navbar\"\u001b[39m\n      \u001b[36m/>\u001b[39m\n\n      --------------------------------------------------\n\n    Ignored nodes: comments, script, style\n    \u001b[36m<body>\u001b[39m\n      \u001b[36m<div>\u001b[39m\n        \u001b[36m<header\u001b[39m\n          \u001b[33mclass\u001b[39m=\u001b[32m\"fixed z-40 flex h-[5rem] w-screen items-center justify-between border-b border-brand-purple-100/50 bg-white/80 px-5 shadow-lg backdrop-blur-md transition-all sm:px-20\"\u001b[39m\n        \u001b[36m>\u001b[39m\n          \u001b[36m<a\u001b[39m\n            \u001b[33mclass\u001b[39m=\u001b[32m\"group flex items-center justify-center gap-2 transition-transform hover:scale-105\"\u001b[39m\n            \u001b[33mhref\u001b[39m=\u001b[32m\"/\"\u001b[39m\n          \u001b[36m>\u001b[39m\n            \u001b[36m<div\u001b[39m\n              \u001b[33mclass\u001b[39m=\u001b[32m\"rounded-xl p-1.5 transition-all group-hover:shadow-md\"\u001b[39m\n            \u001b[36m>\u001b[39m\n              \u001b[36m<img\u001b[39m\n                \u001b[33malt\u001b[39m=\u001b[32m\"Test App Name\"\u001b[39m\n                \u001b[33mclass\u001b[39m=\u001b[32m\"h-20 w-auto object-contain\"\u001b[39m\n                \u001b[33mheight\u001b[39m=\u001b[32m\"100\"\u001b[39m\n                \u001b[33msrc\u001b[39m=\u001b[32m\"/logo_zamr.webp\"\u001b[39m\n                \u001b[33mwidth\u001b[39m=\u001b[32m\"100\"\u001b[39m\n              \u001b[36m/>\u001b[39m\n            \u001b[36m</div>\u001b[39m\n          \u001b[36m</a>\u001b[39m\n          \u001b[36m<div\u001b[39m\n            \u001b[33mclass\u001b[39m=\u001b[32m\"flex items-center gap-3\"\u001b[39m\n          \u001b[36m>\u001b[39m\n            \u001b[36m<div\u001b[39m\n              \u001b[33mdata-testid\u001b[39m=\u001b[32m\"notification-bell\"\u001b[39m\n            \u001b[36m>\u001b[39m\n              \u001b[0mNotification Bell\u001b[0m\n            \u001b[36m</div>\u001b[39m\n            \u001b[36m<nav\u001b[39m\n              \u001b[33mdata-testid\u001b[39m=\u001b[32m\"responsive-navbar\"\u001b[39m\n            \u001b[36m>\u001b[39m\n              \u001b[0mResponsive NavBar\u001b[0m\n            \u001b[36m</nav>\u001b[39m\n          \u001b[36m</div>\u001b[39m\n        \u001b[36m</header>\u001b[39m\n      \u001b[36m</div>\u001b[39m\n    \u001b[36m</body>\u001b[39m\n\u001b[2m\u001b[22m\n\u001b[2m    \u001b[0m \u001b[90m 235 |\u001b[39m       render(\u001b[33m<\u001b[39m\u001b[33mHeader\u001b[39m \u001b[33m/\u001b[39m\u001b[33m>\u001b[39m)\u001b[33m;\u001b[39m\u001b[22m\n\u001b[2m     \u001b[90m 236 |\u001b[39m\u001b[22m\n\u001b[2m    \u001b[31m\u001b[1m>\u001b[22m\u001b[2m\u001b[39m\u001b[90m 237 |\u001b[39m       \u001b[36mconst\u001b[39m h1 \u001b[33m=\u001b[39m screen\u001b[33m.\u001b[39mgetByRole(\u001b[32m'heading'\u001b[39m\u001b[33m,\u001b[39m { level\u001b[33m:\u001b[39m \u001b[35m1\u001b[39m })\u001b[33m;\u001b[39m\u001b[22m\n\u001b[2m     \u001b[90m     |\u001b[39m                         \u001b[31m\u001b[1m^\u001b[22m\u001b[2m\u001b[39m\u001b[22m\n\u001b[2m     \u001b[90m 238 |\u001b[39m       expect(h1)\u001b[33m.\u001b[39mtoBeInTheDocument()\u001b[33m;\u001b[39m\u001b[22m\n\u001b[2m     \u001b[90m 239 |\u001b[39m     })\u001b[33m;\u001b[39m\u001b[22m\n\u001b[2m     \u001b[90m 240 |\u001b[39m\u001b[0m\u001b[22m\n\u001b[2m\u001b[22m\n\u001b[2m      \u001b[2mat Object.getElementError (\u001b[22m\u001b[2mnode_modules/@testing-library/dom/dist/config.js\u001b[2m:37:19)\u001b[22m\u001b[2m\u001b[22m\n\u001b[2m      \u001b[2mat \u001b[22m\u001b[2mnode_modules/@testing-library/dom/dist/query-helpers.js\u001b[2m:76:38\u001b[22m\u001b[2m\u001b[22m\n\u001b[2m      \u001b[2mat \u001b[22m\u001b[2mnode_modules/@testing-library/dom/dist/query-helpers.js\u001b[2m:52:17\u001b[22m\u001b[2m\u001b[22m\n\u001b[2m      \u001b[2mat \u001b[22m\u001b[2mnode_modules/@testing-library/dom/dist/query-helpers.js\u001b[2m:95:19\u001b[22m\u001b[2m\u001b[22m\n\u001b[2m      \u001b[2mat Object.getByRole (C:\\Users\\leovp\\Programming\\adorador\\adorador-frontend\\src\\app\\(public)\u001b[22m\u001b[2m../../../../../_ui/header/__tests__/Header.test.tsx\u001b[2m:237:25)\u001b[22m\u001b[2m\u001b[22m\n\n\u001b[1m\u001b[31m  \u001b[1m● \u001b[22m\u001b[1mHeader Component › Accessibility › should have heading for screen readers\u001b[39m\u001b[22m\n\n    TestingLibraryElementError: Unable to find an accessible element with the role \"heading\"\n\n    Here are the accessible roles:\n\n      banner:\n\n      Name \"\":\n      \u001b[36m<header\u001b[39m\n        \u001b[33mclass\u001b[39m=\u001b[32m\"fixed z-40 flex h-[5rem] w-screen items-center justify-between border-b border-brand-purple-100/50 bg-white/80 px-5 shadow-lg backdrop-blur-md transition-all sm:px-20\"\u001b[39m\n      \u001b[36m/>\u001b[39m\n\n      --------------------------------------------------\n      link:\n\n      Name \"Test App Name\":\n      \u001b[36m<a\u001b[39m\n        \u001b[33mclass\u001b[39m=\u001b[32m\"group flex items-center justify-center gap-2 transition-transform hover:scale-105\"\u001b[39m\n        \u001b[33mhref\u001b[39m=\u001b[32m\"/\"\u001b[39m\n      \u001b[36m/>\u001b[39m\n\n      --------------------------------------------------\n      img:\n\n      Name \"Test App Name\":\n      \u001b[36m<img\u001b[39m\n        \u001b[33malt\u001b[39m=\u001b[32m\"Test App Name\"\u001b[39m\n        \u001b[33mclass\u001b[39m=\u001b[32m\"h-20 w-auto object-contain\"\u001b[39m\n        \u001b[33mheight\u001b[39m=\u001b[32m\"100\"\u001b[39m\n        \u001b[33msrc\u001b[39m=\u001b[32m\"/logo_zamr.webp\"\u001b[39m\n        \u001b[33mwidth\u001b[39m=\u001b[32m\"100\"\u001b[39m\n      \u001b[36m/>\u001b[39m\n\n      --------------------------------------------------\n      navigation:\n\n      Name \"\":\n      \u001b[36m<nav\u001b[39m\n        \u001b[33mdata-testid\u001b[39m=\u001b[32m\"responsive-navbar\"\u001b[39m\n      \u001b[36m/>\u001b[39m\n\n      --------------------------------------------------\n\n    Ignored nodes: comments, script, style\n    \u001b[36m<body>\u001b[39m\n      \u001b[36m<div>\u001b[39m\n        \u001b[36m<header\u001b[39m\n          \u001b[33mclass\u001b[39m=\u001b[32m\"fixed z-40 flex h-[5rem] w-screen items-center justify-between border-b border-brand-purple-100/50 bg-white/80 px-5 shadow-lg backdrop-blur-md transition-all sm:px-20\"\u001b[39m\n        \u001b[36m>\u001b[39m\n          \u001b[36m<a\u001b[39m\n            \u001b[33mclass\u001b[39m=\u001b[32m\"group flex items-center justify-center gap-2 transition-transform hover:scale-105\"\u001b[39m\n            \u001b[33mhref\u001b[39m=\u001b[32m\"/\"\u001b[39m\n          \u001b[36m>\u001b[39m\n            \u001b[36m<div\u001b[39m\n              \u001b[33mclass\u001b[39m=\u001b[32m\"rounded-xl p-1.5 transition-all group-hover:shadow-md\"\u001b[39m\n            \u001b[36m>\u001b[39m\n              \u001b[36m<img\u001b[39m\n                \u001b[33malt\u001b[39m=\u001b[32m\"Test App Name\"\u001b[39m\n                \u001b[33mclass\u001b[39m=\u001b[32m\"h-20 w-auto object-contain\"\u001b[39m\n                \u001b[33mheight\u001b[39m=\u001b[32m\"100\"\u001b[39m\n                \u001b[33msrc\u001b[39m=\u001b[32m\"/logo_zamr.webp\"\u001b[39m\n                \u001b[33mwidth\u001b[39m=\u001b[32m\"100\"\u001b[39m\n              \u001b[36m/>\u001b[39m\n            \u001b[36m</div>\u001b[39m\n          \u001b[36m</a>\u001b[39m\n          \u001b[36m<div\u001b[39m\n            \u001b[33mclass\u001b[39m=\u001b[32m\"flex items-center gap-3\"\u001b[39m\n          \u001b[36m>\u001b[39m\n            \u001b[36m<div\u001b[39m\n              \u001b[33mdata-testid\u001b[39m=\u001b[32m\"notification-bell\"\u001b[39m\n            \u001b[36m>\u001b[39m\n              \u001b[0mNotification Bell\u001b[0m\n            \u001b[36m</div>\u001b[39m\n            \u001b[36m<nav\u001b[39m\n              \u001b[33mdata-testid\u001b[39m=\u001b[32m\"responsive-navbar\"\u001b[39m\n            \u001b[36m>\u001b[39m\n              \u001b[0mResponsive NavBar\u001b[0m\n            \u001b[36m</nav>\u001b[39m\n          \u001b[36m</div>\u001b[39m\n        \u001b[36m</header>\u001b[39m\n      \u001b[36m</div>\u001b[39m\n    \u001b[36m</body>\u001b[39m\n\u001b[2m\u001b[22m\n\u001b[2m    \u001b[0m \u001b[90m 258 |\u001b[39m       render(\u001b[33m<\u001b[39m\u001b[33mHeader\u001b[39m \u001b[33m/\u001b[39m\u001b[33m>\u001b[39m)\u001b[33m;\u001b[39m\u001b[22m\n\u001b[2m     \u001b[90m 259 |\u001b[39m\u001b[22m\n\u001b[2m    \u001b[31m\u001b[1m>\u001b[22m\u001b[2m\u001b[39m\u001b[90m 260 |\u001b[39m       \u001b[36mconst\u001b[39m heading \u001b[33m=\u001b[39m screen\u001b[33m.\u001b[39mgetByRole(\u001b[32m'heading'\u001b[39m\u001b[33m,\u001b[39m { level\u001b[33m:\u001b[39m \u001b[35m1\u001b[39m })\u001b[33m;\u001b[39m\u001b[22m\n\u001b[2m     \u001b[90m     |\u001b[39m                              \u001b[31m\u001b[1m^\u001b[22m\u001b[2m\u001b[39m\u001b[22m\n\u001b[2m     \u001b[90m 261 |\u001b[39m       expect(heading)\u001b[33m.\u001b[39mtoBeInTheDocument()\u001b[33m;\u001b[39m\u001b[22m\n\u001b[2m     \u001b[90m 262 |\u001b[39m     })\u001b[33m;\u001b[39m\u001b[22m\n\u001b[2m     \u001b[90m 263 |\u001b[39m\u001b[0m\u001b[22m\n\u001b[2m\u001b[22m\n\u001b[2m      \u001b[2mat Object.getElementError (\u001b[22m\u001b[2mnode_modules/@testing-library/dom/dist/config.js\u001b[2m:37:19)\u001b[22m\u001b[2m\u001b[22m\n\u001b[2m      \u001b[2mat \u001b[22m\u001b[2mnode_modules/@testing-library/dom/dist/query-helpers.js\u001b[2m:76:38\u001b[22m\u001b[2m\u001b[22m\n\u001b[2m      \u001b[2mat \u001b[22m\u001b[2mnode_modules/@testing-library/dom/dist/query-helpers.js\u001b[2m:52:17\u001b[22m\u001b[2m\u001b[22m\n\u001b[2m      \u001b[2mat \u001b[22m\u001b[2mnode_modules/@testing-library/dom/dist/query-helpers.js\u001b[2m:95:19\u001b[22m\u001b[2m\u001b[22m\n\u001b[2m      \u001b[2mat Object.getByRole (C:\\Users\\leovp\\Programming\\adorador\\adorador-frontend\\src\\app\\(public)\u001b[22m\u001b[2m../../../../../_ui/header/__tests__/Header.test.tsx\u001b[2m:260:30)\u001b[22m\u001b[2m\u001b[22m\n\n\u001b[1m\u001b[31m  \u001b[1m● \u001b[22m\u001b[1mHeader Component › Integration › should render all elements together correctly\u001b[39m\u001b[22m\n\n    TestingLibraryElementError: Unable to find an accessible element with the role \"heading\"\n\n    Here are the accessible roles:\n\n      banner:\n\n      Name \"\":\n      \u001b[36m<header\u001b[39m\n        \u001b[33mclass\u001b[39m=\u001b[32m\"fixed z-40 flex h-[5rem] w-screen items-center justify-between border-b border-brand-purple-100/50 bg-white/80 px-5 shadow-lg backdrop-blur-md transition-all sm:px-20\"\u001b[39m\n      \u001b[36m/>\u001b[39m\n\n      --------------------------------------------------\n      link:\n\n      Name \"Test App Name\":\n      \u001b[36m<a\u001b[39m\n        \u001b[33mclass\u001b[39m=\u001b[32m\"group flex items-center justify-center gap-2 transition-transform hover:scale-105\"\u001b[39m\n        \u001b[33mhref\u001b[39m=\u001b[32m\"/\"\u001b[39m\n      \u001b[36m/>\u001b[39m\n\n      --------------------------------------------------\n      img:\n\n      Name \"Test App Name\":\n      \u001b[36m<img\u001b[39m\n        \u001b[33malt\u001b[39m=\u001b[32m\"Test App Name\"\u001b[39m\n        \u001b[33mclass\u001b[39m=\u001b[32m\"h-20 w-auto object-contain\"\u001b[39m\n        \u001b[33mheight\u001b[39m=\u001b[32m\"100\"\u001b[39m\n        \u001b[33msrc\u001b[39m=\u001b[32m\"/logo_zamr.webp\"\u001b[39m\n        \u001b[33mwidth\u001b[39m=\u001b[32m\"100\"\u001b[39m\n      \u001b[36m/>\u001b[39m\n\n      --------------------------------------------------\n      navigation:\n\n      Name \"\":\n      \u001b[36m<nav\u001b[39m\n        \u001b[33mdata-testid\u001b[39m=\u001b[32m\"responsive-navbar\"\u001b[39m\n      \u001b[36m/>\u001b[39m\n\n      --------------------------------------------------\n\n    Ignored nodes: comments, script, style\n    \u001b[36m<body>\u001b[39m\n      \u001b[36m<div>\u001b[39m\n        \u001b[36m<header\u001b[39m\n          \u001b[33mclass\u001b[39m=\u001b[32m\"fixed z-40 flex h-[5rem] w-screen items-center justify-between border-b border-brand-purple-100/50 bg-white/80 px-5 shadow-lg backdrop-blur-md transition-all sm:px-20\"\u001b[39m\n        \u001b[36m>\u001b[39m\n          \u001b[36m<a\u001b[39m\n            \u001b[33mclass\u001b[39m=\u001b[32m\"group flex items-center justify-center gap-2 transition-transform hover:scale-105\"\u001b[39m\n            \u001b[33mhref\u001b[39m=\u001b[32m\"/\"\u001b[39m\n          \u001b[36m>\u001b[39m\n            \u001b[36m<div\u001b[39m\n              \u001b[33mclass\u001b[39m=\u001b[32m\"rounded-xl p-1.5 transition-all group-hover:shadow-md\"\u001b[39m\n            \u001b[36m>\u001b[39m\n              \u001b[36m<img\u001b[39m\n                \u001b[33malt\u001b[39m=\u001b[32m\"Test App Name\"\u001b[39m\n                \u001b[33mclass\u001b[39m=\u001b[32m\"h-20 w-auto object-contain\"\u001b[39m\n                \u001b[33mheight\u001b[39m=\u001b[32m\"100\"\u001b[39m\n                \u001b[33msrc\u001b[39m=\u001b[32m\"/logo_zamr.webp\"\u001b[39m\n                \u001b[33mwidth\u001b[39m=\u001b[32m\"100\"\u001b[39m\n              \u001b[36m/>\u001b[39m\n            \u001b[36m</div>\u001b[39m\n          \u001b[36m</a>\u001b[39m\n          \u001b[36m<div\u001b[39m\n            \u001b[33mclass\u001b[39m=\u001b[32m\"flex items-center gap-3\"\u001b[39m\n          \u001b[36m>\u001b[39m\n            \u001b[36m<div\u001b[39m\n              \u001b[33mdata-testid\u001b[39m=\u001b[32m\"notification-bell\"\u001b[39m\n            \u001b[36m>\u001b[39m\n              \u001b[0mNotification Bell\u001b[0m\n            \u001b[36m</div>\u001b[39m\n            \u001b[36m<nav\u001b[39m\n              \u001b[33mdata-testid\u001b[39m=\u001b[32m\"responsive-navbar\"\u001b[39m\n            \u001b[36m>\u001b[39m\n              \u001b[0mResponsive NavBar\u001b[0m\n            \u001b[36m</nav>\u001b[39m\n          \u001b[36m</div>\u001b[39m\n        \u001b[36m</header>\u001b[39m\n      \u001b[36m</div>\u001b[39m\n    \u001b[36m</body>\u001b[39m\n\u001b[2m\u001b[22m\n\u001b[2m    \u001b[0m \u001b[90m 276 |\u001b[39m       expect(screen\u001b[33m.\u001b[39mgetByRole(\u001b[32m'link'\u001b[39m))\u001b[33m.\u001b[39mtoBeInTheDocument()\u001b[33m;\u001b[39m\u001b[22m\n\u001b[2m     \u001b[90m 277 |\u001b[39m       expect(screen\u001b[33m.\u001b[39mgetByAltText(\u001b[32m'Test App Name'\u001b[39m))\u001b[33m.\u001b[39mtoBeInTheDocument()\u001b[33m;\u001b[39m\u001b[22m\n\u001b[2m    \u001b[31m\u001b[1m>\u001b[22m\u001b[2m\u001b[39m\u001b[90m 278 |\u001b[39m       expect(screen\u001b[33m.\u001b[39mgetByRole(\u001b[32m'heading'\u001b[39m\u001b[33m,\u001b[39m { level\u001b[33m:\u001b[39m \u001b[35m1\u001b[39m }))\u001b[33m.\u001b[39mtoBeInTheDocument()\u001b[33m;\u001b[39m\u001b[22m\n\u001b[2m     \u001b[90m     |\u001b[39m                     \u001b[31m\u001b[1m^\u001b[22m\u001b[2m\u001b[39m\u001b[22m\n\u001b[2m     \u001b[90m 279 |\u001b[39m       expect(screen\u001b[33m.\u001b[39mgetByTestId(\u001b[32m'responsive-navbar'\u001b[39m))\u001b[33m.\u001b[39mtoBeInTheDocument()\u001b[33m;\u001b[39m\u001b[22m\n\u001b[2m     \u001b[90m 280 |\u001b[39m     })\u001b[33m;\u001b[39m\u001b[22m\n\u001b[2m     \u001b[90m 281 |\u001b[39m\u001b[0m\u001b[22m\n\u001b[2m\u001b[22m\n\u001b[2m      \u001b[2mat Object.getElementError (\u001b[22m\u001b[2mnode_modules/@testing-library/dom/dist/config.js\u001b[2m:37:19)\u001b[22m\u001b[2m\u001b[22m\n\u001b[2m      \u001b[2mat \u001b[22m\u001b[2mnode_modules/@testing-library/dom/dist/query-helpers.js\u001b[2m:76:38\u001b[22m\u001b[2m\u001b[22m\n\u001b[2m      \u001b[2mat \u001b[22m\u001b[2mnode_modules/@testing-library/dom/dist/query-helpers.js\u001b[2m:52:17\u001b[22m\u001b[2m\u001b[22m\n\u001b[2m      \u001b[2mat \u001b[22m\u001b[2mnode_modules/@testing-library/dom/dist/query-helpers.js\u001b[2m:95:19\u001b[22m\u001b[2m\u001b[22m\n\u001b[2m      \u001b[2mat Object.getByRole (C:\\Users\\leovp\\Programming\\adorador\\adorador-frontend\\src\\app\\(public)\u001b[22m\u001b[2m../../../../../_ui/header/__tests__/Header.test.tsx\u001b[2m:278:21)\u001b[22m\u001b[2m\u001b[22m\n","name":"C:\\Users\\leovp\\Programming\\adorador\\adorador-frontend\\src\\app\\(public)\\_ui\\header\\__tests__\\Header.test.tsx","startTime":1763189468337,"status":"failed","summary":""},{"assertionResults":[{"ancestorTitles":["BandsShowCase","Estado de carga"],"duration":528,"failing":false,"failureDetails":[{}],"failureMessages":["Error: No QueryClient set, use QueryClientProvider to set one\n    at useQueryClient (C:\\Users\\leovp\\Programming\\adorador\\adorador-frontend\\node_modules\\@tanstack\\react-query\\src\\QueryClientProvider.tsx:18:11)\n    at useAllBandSongsWebSocket (C:\\Users\\leovp\\Programming\\adorador\\adorador-frontend\\src\\global\\hooks\\useAllBandSongsWebSocket.ts:28:37)\n    at BandsShowCase (C:\\Users\\leovp\\Programming\\adorador\\adorador-frontend\\src\\app\\(public)\\grupos\\_components\\BandsShowCase.tsx:25:27)\n    at renderWithHooks (C:\\Users\\leovp\\Programming\\adorador\\adorador-frontend\\node_modules\\react-dom\\cjs\\react-dom.development.js:15486:18)\n    at mountIndeterminateComponent (C:\\Users\\leovp\\Programming\\adorador\\adorador-frontend\\node_modules\\react-dom\\cjs\\react-dom.development.js:20103:13)\n    at beginWork (C:\\Users\\leovp\\Programming\\adorador\\adorador-frontend\\node_modules\\react-dom\\cjs\\react-dom.development.js:21626:16)\n    at beginWork$1 (C:\\Users\\leovp\\Programming\\adorador\\adorador-frontend\\node_modules\\react-dom\\cjs\\react-dom.development.js:27465:14)\n    at performUnitOfWork (C:\\Users\\leovp\\Programming\\adorador\\adorador-frontend\\node_modules\\react-dom\\cjs\\react-dom.development.js:26599:12)\n    at workLoopSync (C:\\Users\\leovp\\Programming\\adorador\\adorador-frontend\\node_modules\\react-dom\\cjs\\react-dom.development.js:26505:5)\n    at renderRootSync (C:\\Users\\leovp\\Programming\\adorador\\adorador-frontend\\node_modules\\react-dom\\cjs\\react-dom.development.js:26473:7)\n    at recoverFromConcurrentError (C:\\Users\\leovp\\Programming\\adorador\\adorador-frontend\\node_modules\\react-dom\\cjs\\react-dom.development.js:25889:20)\n    at performConcurrentWorkOnRoot (C:\\Users\\leovp\\Programming\\adorador\\adorador-frontend\\node_modules\\react-dom\\cjs\\react-dom.development.js:25789:22)\n    at flushActQueue (C:\\Users\\leovp\\Programming\\adorador\\adorador-frontend\\node_modules\\react\\cjs\\react.development.js:2667:24)\n    at act (C:\\Users\\leovp\\Programming\\adorador\\adorador-frontend\\node_modules\\react\\cjs\\react.development.js:2582:11)\n    at C:\\Users\\leovp\\Programming\\adorador\\adorador-frontend\\node_modules\\@testing-library\\react\\dist\\act-compat.js:47:25\n    at renderRoot (C:\\Users\\leovp\\Programming\\adorador\\adorador-frontend\\node_modules\\@testing-library\\react\\dist\\pure.js:190:26)\n    at render (C:\\Users\\leovp\\Programming\\adorador\\adorador-frontend\\node_modules\\@testing-library\\react\\dist\\pure.js:292:10)\n    at Object.<anonymous> (C:\\Users\\leovp\\Programming\\adorador\\adorador-frontend\\src\\app\\(public)\\grupos\\_components\\__tests__\\BandsShowCase.test.tsx:147:13)\n    at Promise.finally.completed (C:\\Users\\leovp\\Programming\\adorador\\adorador-frontend\\node_modules\\jest-circus\\build\\jestAdapterInit.js:1557:28)\n    at new Promise (<anonymous>)\n    at callAsyncCircusFn (C:\\Users\\leovp\\Programming\\adorador\\adorador-frontend\\node_modules\\jest-circus\\build\\jestAdapterInit.js:1497:10)\n    at _callCircusTest (C:\\Users\\leovp\\Programming\\adorador\\adorador-frontend\\node_modules\\jest-circus\\build\\jestAdapterInit.js:1007:40)\n    at processTicksAndRejections (node:internal/process/task_queues:95:5)\n    at _runTest (C:\\Users\\leovp\\Programming\\adorador\\adorador-frontend\\node_modules\\jest-circus\\build\\jestAdapterInit.js:947:3)\n    at C:\\Users\\leovp\\Programming\\adorador\\adorador-frontend\\node_modules\\jest-circus\\build\\jestAdapterInit.js:849:7\n    at _runTestsForDescribeBlock (C:\\Users\\leovp\\Programming\\adorador\\adorador-frontend\\node_modules\\jest-circus\\build\\jestAdapterInit.js:862:11)\n    at _runTestsForDescribeBlock (C:\\Users\\leovp\\Programming\\adorador\\adorador-frontend\\node_modules\\jest-circus\\build\\jestAdapterInit.js:857:11)\n    at _runTestsForDescribeBlock (C:\\Users\\leovp\\Programming\\adorador\\adorador-frontend\\node_modules\\jest-circus\\build\\jestAdapterInit.js:857:11)\n    at run (C:\\Users\\leovp\\Programming\\adorador\\adorador-frontend\\node_modules\\jest-circus\\build\\jestAdapterInit.js:761:3)\n    at runAndTransformResultsToJestFormat (C:\\Users\\leovp\\Programming\\adorador\\adorador-frontend\\node_modules\\jest-circus\\build\\jestAdapterInit.js:1918:21)\n    at jestAdapter (C:\\Users\\leovp\\Programming\\adorador\\adorador-frontend\\node_modules\\jest-circus\\build\\runner.js:101:19)\n    at runTestInternal (C:\\Users\\leovp\\Programming\\adorador\\adorador-frontend\\node_modules\\jest-runner\\build\\testWorker.js:277:16)\n    at runTest (C:\\Users\\leovp\\Programming\\adorador\\adorador-frontend\\node_modules\\jest-runner\\build\\testWorker.js:345:7)\n    at Object.worker (C:\\Users\\leovp\\Programming\\adorador\\adorador-frontend\\node_modules\\jest-runner\\build\\testWorker.js:499:12)"],"fullName":"BandsShowCase Estado de carga debe mostrar skeletons mientras carga","invocations":1,"location":null,"numPassingAsserts":0,"retryReasons":[],"startAt":1763189486551,"status":"failed","title":"debe mostrar skeletons mientras carga"},{"ancestorTitles":["BandsShowCase","Estado de carga"],"duration":53,"failing":false,"failureDetails":[{}],"failureMessages":["Error: No QueryClient set, use QueryClientProvider to set one\n    at useQueryClient (C:\\Users\\leovp\\Programming\\adorador\\adorador-frontend\\node_modules\\@tanstack\\react-query\\src\\QueryClientProvider.tsx:18:11)\n    at useAllBandSongsWebSocket (C:\\Users\\leovp\\Programming\\adorador\\adorador-frontend\\src\\global\\hooks\\useAllBandSongsWebSocket.ts:28:37)\n    at BandsShowCase (C:\\Users\\leovp\\Programming\\adorador\\adorador-frontend\\src\\app\\(public)\\grupos\\_components\\BandsShowCase.tsx:25:27)\n    at renderWithHooks (C:\\Users\\leovp\\Programming\\adorador\\adorador-frontend\\node_modules\\react-dom\\cjs\\react-dom.development.js:15486:18)\n    at mountIndeterminateComponent (C:\\Users\\leovp\\Programming\\adorador\\adorador-frontend\\node_modules\\react-dom\\cjs\\react-dom.development.js:20103:13)\n    at beginWork (C:\\Users\\leovp\\Programming\\adorador\\adorador-frontend\\node_modules\\react-dom\\cjs\\react-dom.development.js:21626:16)\n    at beginWork$1 (C:\\Users\\leovp\\Programming\\adorador\\adorador-frontend\\node_modules\\react-dom\\cjs\\react-dom.development.js:27465:14)\n    at performUnitOfWork (C:\\Users\\leovp\\Programming\\adorador\\adorador-frontend\\node_modules\\react-dom\\cjs\\react-dom.development.js:26599:12)\n    at workLoopSync (C:\\Users\\leovp\\Programming\\adorador\\adorador-frontend\\node_modules\\react-dom\\cjs\\react-dom.development.js:26505:5)\n    at renderRootSync (C:\\Users\\leovp\\Programming\\adorador\\adorador-frontend\\node_modules\\react-dom\\cjs\\react-dom.development.js:26473:7)\n    at recoverFromConcurrentError (C:\\Users\\leovp\\Programming\\adorador\\adorador-frontend\\node_modules\\react-dom\\cjs\\react-dom.development.js:25889:20)\n    at performConcurrentWorkOnRoot (C:\\Users\\leovp\\Programming\\adorador\\adorador-frontend\\node_modules\\react-dom\\cjs\\react-dom.development.js:25789:22)\n    at flushActQueue (C:\\Users\\leovp\\Programming\\adorador\\adorador-frontend\\node_modules\\react\\cjs\\react.development.js:2667:24)\n    at act (C:\\Users\\leovp\\Programming\\adorador\\adorador-frontend\\node_modules\\react\\cjs\\react.development.js:2582:11)\n    at C:\\Users\\leovp\\Programming\\adorador\\adorador-frontend\\node_modules\\@testing-library\\react\\dist\\act-compat.js:47:25\n    at renderRoot (C:\\Users\\leovp\\Programming\\adorador\\adorador-frontend\\node_modules\\@testing-library\\react\\dist\\pure.js:190:26)\n    at render (C:\\Users\\leovp\\Programming\\adorador\\adorador-frontend\\node_modules\\@testing-library\\react\\dist\\pure.js:292:10)\n    at Object.<anonymous> (C:\\Users\\leovp\\Programming\\adorador\\adorador-frontend\\src\\app\\(public)\\grupos\\_components\\__tests__\\BandsShowCase.test.tsx:160:13)\n    at Promise.finally.completed (C:\\Users\\leovp\\Programming\\adorador\\adorador-frontend\\node_modules\\jest-circus\\build\\jestAdapterInit.js:1557:28)\n    at new Promise (<anonymous>)\n    at callAsyncCircusFn (C:\\Users\\leovp\\Programming\\adorador\\adorador-frontend\\node_modules\\jest-circus\\build\\jestAdapterInit.js:1497:10)\n    at _callCircusTest (C:\\Users\\leovp\\Programming\\adorador\\adorador-frontend\\node_modules\\jest-circus\\build\\jestAdapterInit.js:1007:40)\n    at processTicksAndRejections (node:internal/process/task_queues:95:5)\n    at _runTest (C:\\Users\\leovp\\Programming\\adorador\\adorador-frontend\\node_modules\\jest-circus\\build\\jestAdapterInit.js:947:3)\n    at C:\\Users\\leovp\\Programming\\adorador\\adorador-frontend\\node_modules\\jest-circus\\build\\jestAdapterInit.js:849:7\n    at _runTestsForDescribeBlock (C:\\Users\\leovp\\Programming\\adorador\\adorador-frontend\\node_modules\\jest-circus\\build\\jestAdapterInit.js:862:11)\n    at _runTestsForDescribeBlock (C:\\Users\\leovp\\Programming\\adorador\\adorador-frontend\\node_modules\\jest-circus\\build\\jestAdapterInit.js:857:11)\n    at _runTestsForDescribeBlock (C:\\Users\\leovp\\Programming\\adorador\\adorador-frontend\\node_modules\\jest-circus\\build\\jestAdapterInit.js:857:11)\n    at run (C:\\Users\\leovp\\Programming\\adorador\\adorador-frontend\\node_modules\\jest-circus\\build\\jestAdapterInit.js:761:3)\n    at runAndTransformResultsToJestFormat (C:\\Users\\leovp\\Programming\\adorador\\adorador-frontend\\node_modules\\jest-circus\\build\\jestAdapterInit.js:1918:21)\n    at jestAdapter (C:\\Users\\leovp\\Programming\\adorador\\adorador-frontend\\node_modules\\jest-circus\\build\\runner.js:101:19)\n    at runTestInternal (C:\\Users\\leovp\\Programming\\adorador\\adorador-frontend\\node_modules\\jest-runner\\build\\testWorker.js:277:16)\n    at runTest (C:\\Users\\leovp\\Programming\\adorador\\adorador-frontend\\node_modules\\jest-runner\\build\\testWorker.js:345:7)\n    at Object.worker (C:\\Users\\leovp\\Programming\\adorador\\adorador-frontend\\node_modules\\jest-runner\\build\\testWorker.js:499:12)"],"fullName":"BandsShowCase Estado de carga debe mostrar mensaje \"Loading...\" en cada skeleton","invocations":1,"location":null,"numPassingAsserts":0,"retryReasons":[],"startAt":1763189487095,"status":"failed","title":"debe mostrar mensaje \"Loading...\" en cada skeleton"},{"ancestorTitles":["BandsShowCase","Estado de error"],"duration":87,"failing":false,"failureDetails":[{}],"failureMessages":["Error: No QueryClient set, use QueryClientProvider to set one\n    at useQueryClient (C:\\Users\\leovp\\Programming\\adorador\\adorador-frontend\\node_modules\\@tanstack\\react-query\\src\\QueryClientProvider.tsx:18:11)\n    at useAllBandSongsWebSocket (C:\\Users\\leovp\\Programming\\adorador\\adorador-frontend\\src\\global\\hooks\\useAllBandSongsWebSocket.ts:28:37)\n    at BandsShowCase (C:\\Users\\leovp\\Programming\\adorador\\adorador-frontend\\src\\app\\(public)\\grupos\\_components\\BandsShowCase.tsx:25:27)\n    at renderWithHooks (C:\\Users\\leovp\\Programming\\adorador\\adorador-frontend\\node_modules\\react-dom\\cjs\\react-dom.development.js:15486:18)\n    at mountIndeterminateComponent (C:\\Users\\leovp\\Programming\\adorador\\adorador-frontend\\node_modules\\react-dom\\cjs\\react-dom.development.js:20103:13)\n    at beginWork (C:\\Users\\leovp\\Programming\\adorador\\adorador-frontend\\node_modules\\react-dom\\cjs\\react-dom.development.js:21626:16)\n    at beginWork$1 (C:\\Users\\leovp\\Programming\\adorador\\adorador-frontend\\node_modules\\react-dom\\cjs\\react-dom.development.js:27465:14)\n    at performUnitOfWork (C:\\Users\\leovp\\Programming\\adorador\\adorador-frontend\\node_modules\\react-dom\\cjs\\react-dom.development.js:26599:12)\n    at workLoopSync (C:\\Users\\leovp\\Programming\\adorador\\adorador-frontend\\node_modules\\react-dom\\cjs\\react-dom.development.js:26505:5)\n    at renderRootSync (C:\\Users\\leovp\\Programming\\adorador\\adorador-frontend\\node_modules\\react-dom\\cjs\\react-dom.development.js:26473:7)\n    at recoverFromConcurrentError (C:\\Users\\leovp\\Programming\\adorador\\adorador-frontend\\node_modules\\react-dom\\cjs\\react-dom.development.js:25889:20)\n    at performConcurrentWorkOnRoot (C:\\Users\\leovp\\Programming\\adorador\\adorador-frontend\\node_modules\\react-dom\\cjs\\react-dom.development.js:25789:22)\n    at flushActQueue (C:\\Users\\leovp\\Programming\\adorador\\adorador-frontend\\node_modules\\react\\cjs\\react.development.js:2667:24)\n    at act (C:\\Users\\leovp\\Programming\\adorador\\adorador-frontend\\node_modules\\react\\cjs\\react.development.js:2582:11)\n    at C:\\Users\\leovp\\Programming\\adorador\\adorador-frontend\\node_modules\\@testing-library\\react\\dist\\act-compat.js:47:25\n    at renderRoot (C:\\Users\\leovp\\Programming\\adorador\\adorador-frontend\\node_modules\\@testing-library\\react\\dist\\pure.js:190:26)\n    at render (C:\\Users\\leovp\\Programming\\adorador\\adorador-frontend\\node_modules\\@testing-library\\react\\dist\\pure.js:292:10)\n    at Object.<anonymous> (C:\\Users\\leovp\\Programming\\adorador\\adorador-frontend\\src\\app\\(public)\\grupos\\_components\\__tests__\\BandsShowCase.test.tsx:175:13)\n    at Promise.finally.completed (C:\\Users\\leovp\\Programming\\adorador\\adorador-frontend\\node_modules\\jest-circus\\build\\jestAdapterInit.js:1557:28)\n    at new Promise (<anonymous>)\n    at callAsyncCircusFn (C:\\Users\\leovp\\Programming\\adorador\\adorador-frontend\\node_modules\\jest-circus\\build\\jestAdapterInit.js:1497:10)\n    at _callCircusTest (C:\\Users\\leovp\\Programming\\adorador\\adorador-frontend\\node_modules\\jest-circus\\build\\jestAdapterInit.js:1007:40)\n    at processTicksAndRejections (node:internal/process/task_queues:95:5)\n    at _runTest (C:\\Users\\leovp\\Programming\\adorador\\adorador-frontend\\node_modules\\jest-circus\\build\\jestAdapterInit.js:947:3)\n    at C:\\Users\\leovp\\Programming\\adorador\\adorador-frontend\\node_modules\\jest-circus\\build\\jestAdapterInit.js:849:7\n    at _runTestsForDescribeBlock (C:\\Users\\leovp\\Programming\\adorador\\adorador-frontend\\node_modules\\jest-circus\\build\\jestAdapterInit.js:862:11)\n    at _runTestsForDescribeBlock (C:\\Users\\leovp\\Programming\\adorador\\adorador-frontend\\node_modules\\jest-circus\\build\\jestAdapterInit.js:857:11)\n    at _runTestsForDescribeBlock (C:\\Users\\leovp\\Programming\\adorador\\adorador-frontend\\node_modules\\jest-circus\\build\\jestAdapterInit.js:857:11)\n    at run (C:\\Users\\leovp\\Programming\\adorador\\adorador-frontend\\node_modules\\jest-circus\\build\\jestAdapterInit.js:761:3)\n    at runAndTransformResultsToJestFormat (C:\\Users\\leovp\\Programming\\adorador\\adorador-frontend\\node_modules\\jest-circus\\build\\jestAdapterInit.js:1918:21)\n    at jestAdapter (C:\\Users\\leovp\\Programming\\adorador\\adorador-frontend\\node_modules\\jest-circus\\build\\runner.js:101:19)\n    at runTestInternal (C:\\Users\\leovp\\Programming\\adorador\\adorador-frontend\\node_modules\\jest-runner\\build\\testWorker.js:277:16)\n    at runTest (C:\\Users\\leovp\\Programming\\adorador\\adorador-frontend\\node_modules\\jest-runner\\build\\testWorker.js:345:7)\n    at Object.worker (C:\\Users\\leovp\\Programming\\adorador\\adorador-frontend\\node_modules\\jest-runner\\build\\testWorker.js:499:12)"],"fullName":"BandsShowCase Estado de error debe mostrar mensaje cuando no está en ningún grupo","invocations":1,"location":null,"numPassingAsserts":0,"retryReasons":[],"startAt":1763189487152,"status":"failed","title":"debe mostrar mensaje cuando no está en ningún grupo"},{"ancestorTitles":["BandsShowCase","Estado de error"],"duration":88,"failing":false,"failureDetails":[{}],"failureMessages":["Error: No QueryClient set, use QueryClientProvider to set one\n    at useQueryClient (C:\\Users\\leovp\\Programming\\adorador\\adorador-frontend\\node_modules\\@tanstack\\react-query\\src\\QueryClientProvider.tsx:18:11)\n    at useAllBandSongsWebSocket (C:\\Users\\leovp\\Programming\\adorador\\adorador-frontend\\src\\global\\hooks\\useAllBandSongsWebSocket.ts:28:37)\n    at BandsShowCase (C:\\Users\\leovp\\Programming\\adorador\\adorador-frontend\\src\\app\\(public)\\grupos\\_components\\BandsShowCase.tsx:25:27)\n    at renderWithHooks (C:\\Users\\leovp\\Programming\\adorador\\adorador-frontend\\node_modules\\react-dom\\cjs\\react-dom.development.js:15486:18)\n    at mountIndeterminateComponent (C:\\Users\\leovp\\Programming\\adorador\\adorador-frontend\\node_modules\\react-dom\\cjs\\react-dom.development.js:20103:13)\n    at beginWork (C:\\Users\\leovp\\Programming\\adorador\\adorador-frontend\\node_modules\\react-dom\\cjs\\react-dom.development.js:21626:16)\n    at beginWork$1 (C:\\Users\\leovp\\Programming\\adorador\\adorador-frontend\\node_modules\\react-dom\\cjs\\react-dom.development.js:27465:14)\n    at performUnitOfWork (C:\\Users\\leovp\\Programming\\adorador\\adorador-frontend\\node_modules\\react-dom\\cjs\\react-dom.development.js:26599:12)\n    at workLoopSync (C:\\Users\\leovp\\Programming\\adorador\\adorador-frontend\\node_modules\\react-dom\\cjs\\react-dom.development.js:26505:5)\n    at renderRootSync (C:\\Users\\leovp\\Programming\\adorador\\adorador-frontend\\node_modules\\react-dom\\cjs\\react-dom.development.js:26473:7)\n    at recoverFromConcurrentError (C:\\Users\\leovp\\Programming\\adorador\\adorador-frontend\\node_modules\\react-dom\\cjs\\react-dom.development.js:25889:20)\n    at performConcurrentWorkOnRoot (C:\\Users\\leovp\\Programming\\adorador\\adorador-frontend\\node_modules\\react-dom\\cjs\\react-dom.development.js:25789:22)\n    at flushActQueue (C:\\Users\\leovp\\Programming\\adorador\\adorador-frontend\\node_modules\\react\\cjs\\react.development.js:2667:24)\n    at act (C:\\Users\\leovp\\Programming\\adorador\\adorador-frontend\\node_modules\\react\\cjs\\react.development.js:2582:11)\n    at C:\\Users\\leovp\\Programming\\adorador\\adorador-frontend\\node_modules\\@testing-library\\react\\dist\\act-compat.js:47:25\n    at renderRoot (C:\\Users\\leovp\\Programming\\adorador\\adorador-frontend\\node_modules\\@testing-library\\react\\dist\\pure.js:190:26)\n    at render (C:\\Users\\leovp\\Programming\\adorador\\adorador-frontend\\node_modules\\@testing-library\\react\\dist\\pure.js:292:10)\n    at Object.<anonymous> (C:\\Users\\leovp\\Programming\\adorador\\adorador-frontend\\src\\app\\(public)\\grupos\\_components\\__tests__\\BandsShowCase.test.tsx:189:13)\n    at Promise.finally.completed (C:\\Users\\leovp\\Programming\\adorador\\adorador-frontend\\node_modules\\jest-circus\\build\\jestAdapterInit.js:1557:28)\n    at new Promise (<anonymous>)\n    at callAsyncCircusFn (C:\\Users\\leovp\\Programming\\adorador\\adorador-frontend\\node_modules\\jest-circus\\build\\jestAdapterInit.js:1497:10)\n    at _callCircusTest (C:\\Users\\leovp\\Programming\\adorador\\adorador-frontend\\node_modules\\jest-circus\\build\\jestAdapterInit.js:1007:40)\n    at processTicksAndRejections (node:internal/process/task_queues:95:5)\n    at _runTest (C:\\Users\\leovp\\Programming\\adorador\\adorador-frontend\\node_modules\\jest-circus\\build\\jestAdapterInit.js:947:3)\n    at C:\\Users\\leovp\\Programming\\adorador\\adorador-frontend\\node_modules\\jest-circus\\build\\jestAdapterInit.js:849:7\n    at _runTestsForDescribeBlock (C:\\Users\\leovp\\Programming\\adorador\\adorador-frontend\\node_modules\\jest-circus\\build\\jestAdapterInit.js:862:11)\n    at _runTestsForDescribeBlock (C:\\Users\\leovp\\Programming\\adorador\\adorador-frontend\\node_modules\\jest-circus\\build\\jestAdapterInit.js:857:11)\n    at _runTestsForDescribeBlock (C:\\Users\\leovp\\Programming\\adorador\\adorador-frontend\\node_modules\\jest-circus\\build\\jestAdapterInit.js:857:11)\n    at run (C:\\Users\\leovp\\Programming\\adorador\\adorador-frontend\\node_modules\\jest-circus\\build\\jestAdapterInit.js:761:3)\n    at runAndTransformResultsToJestFormat (C:\\Users\\leovp\\Programming\\adorador\\adorador-frontend\\node_modules\\jest-circus\\build\\jestAdapterInit.js:1918:21)\n    at jestAdapter (C:\\Users\\leovp\\Programming\\adorador\\adorador-frontend\\node_modules\\jest-circus\\build\\runner.js:101:19)\n    at runTestInternal (C:\\Users\\leovp\\Programming\\adorador\\adorador-frontend\\node_modules\\jest-runner\\build\\testWorker.js:277:16)\n    at runTest (C:\\Users\\leovp\\Programming\\adorador\\adorador-frontend\\node_modules\\jest-runner\\build\\testWorker.js:345:7)\n    at Object.worker (C:\\Users\\leovp\\Programming\\adorador\\adorador-frontend\\node_modules\\jest-runner\\build\\testWorker.js:499:12)"],"fullName":"BandsShowCase Estado de error NO debe mostrar skeletons cuando hay error","invocations":1,"location":null,"numPassingAsserts":0,"retryReasons":[],"startAt":1763189487243,"status":"failed","title":"NO debe mostrar skeletons cuando hay error"},{"ancestorTitles":["BandsShowCase","Renderizado de bandas"],"duration":71,"failing":false,"failureDetails":[{}],"failureMessages":["Error: No QueryClient set, use QueryClientProvider to set one\n    at useQueryClient (C:\\Users\\leovp\\Programming\\adorador\\adorador-frontend\\node_modules\\@tanstack\\react-query\\src\\QueryClientProvider.tsx:18:11)\n    at useAllBandSongsWebSocket (C:\\Users\\leovp\\Programming\\adorador\\adorador-frontend\\src\\global\\hooks\\useAllBandSongsWebSocket.ts:28:37)\n    at BandsShowCase (C:\\Users\\leovp\\Programming\\adorador\\adorador-frontend\\src\\app\\(public)\\grupos\\_components\\BandsShowCase.tsx:25:27)\n    at renderWithHooks (C:\\Users\\leovp\\Programming\\adorador\\adorador-frontend\\node_modules\\react-dom\\cjs\\react-dom.development.js:15486:18)\n    at mountIndeterminateComponent (C:\\Users\\leovp\\Programming\\adorador\\adorador-frontend\\node_modules\\react-dom\\cjs\\react-dom.development.js:20103:13)\n    at beginWork (C:\\Users\\leovp\\Programming\\adorador\\adorador-frontend\\node_modules\\react-dom\\cjs\\react-dom.development.js:21626:16)\n    at beginWork$1 (C:\\Users\\leovp\\Programming\\adorador\\adorador-frontend\\node_modules\\react-dom\\cjs\\react-dom.development.js:27465:14)\n    at performUnitOfWork (C:\\Users\\leovp\\Programming\\adorador\\adorador-frontend\\node_modules\\react-dom\\cjs\\react-dom.development.js:26599:12)\n    at workLoopSync (C:\\Users\\leovp\\Programming\\adorador\\adorador-frontend\\node_modules\\react-dom\\cjs\\react-dom.development.js:26505:5)\n    at renderRootSync (C:\\Users\\leovp\\Programming\\adorador\\adorador-frontend\\node_modules\\react-dom\\cjs\\react-dom.development.js:26473:7)\n    at recoverFromConcurrentError (C:\\Users\\leovp\\Programming\\adorador\\adorador-frontend\\node_modules\\react-dom\\cjs\\react-dom.development.js:25889:20)\n    at performConcurrentWorkOnRoot (C:\\Users\\leovp\\Programming\\adorador\\adorador-frontend\\node_modules\\react-dom\\cjs\\react-dom.development.js:25789:22)\n    at flushActQueue (C:\\Users\\leovp\\Programming\\adorador\\adorador-frontend\\node_modules\\react\\cjs\\react.development.js:2667:24)\n    at act (C:\\Users\\leovp\\Programming\\adorador\\adorador-frontend\\node_modules\\react\\cjs\\react.development.js:2582:11)\n    at C:\\Users\\leovp\\Programming\\adorador\\adorador-frontend\\node_modules\\@testing-library\\react\\dist\\act-compat.js:47:25\n    at renderRoot (C:\\Users\\leovp\\Programming\\adorador\\adorador-frontend\\node_modules\\@testing-library\\react\\dist\\pure.js:190:26)\n    at render (C:\\Users\\leovp\\Programming\\adorador\\adorador-frontend\\node_modules\\@testing-library\\react\\dist\\pure.js:292:10)\n    at Object.<anonymous> (C:\\Users\\leovp\\Programming\\adorador\\adorador-frontend\\src\\app\\(public)\\grupos\\_components\\__tests__\\BandsShowCase.test.tsx:203:13)\n    at Promise.finally.completed (C:\\Users\\leovp\\Programming\\adorador\\adorador-frontend\\node_modules\\jest-circus\\build\\jestAdapterInit.js:1557:28)\n    at new Promise (<anonymous>)\n    at callAsyncCircusFn (C:\\Users\\leovp\\Programming\\adorador\\adorador-frontend\\node_modules\\jest-circus\\build\\jestAdapterInit.js:1497:10)\n    at _callCircusTest (C:\\Users\\leovp\\Programming\\adorador\\adorador-frontend\\node_modules\\jest-circus\\build\\jestAdapterInit.js:1007:40)\n    at processTicksAndRejections (node:internal/process/task_queues:95:5)\n    at _runTest (C:\\Users\\leovp\\Programming\\adorador\\adorador-frontend\\node_modules\\jest-circus\\build\\jestAdapterInit.js:947:3)\n    at C:\\Users\\leovp\\Programming\\adorador\\adorador-frontend\\node_modules\\jest-circus\\build\\jestAdapterInit.js:849:7\n    at _runTestsForDescribeBlock (C:\\Users\\leovp\\Programming\\adorador\\adorador-frontend\\node_modules\\jest-circus\\build\\jestAdapterInit.js:862:11)\n    at _runTestsForDescribeBlock (C:\\Users\\leovp\\Programming\\adorador\\adorador-frontend\\node_modules\\jest-circus\\build\\jestAdapterInit.js:857:11)\n    at _runTestsForDescribeBlock (C:\\Users\\leovp\\Programming\\adorador\\adorador-frontend\\node_modules\\jest-circus\\build\\jestAdapterInit.js:857:11)\n    at run (C:\\Users\\leovp\\Programming\\adorador\\adorador-frontend\\node_modules\\jest-circus\\build\\jestAdapterInit.js:761:3)\n    at runAndTransformResultsToJestFormat (C:\\Users\\leovp\\Programming\\adorador\\adorador-frontend\\node_modules\\jest-circus\\build\\jestAdapterInit.js:1918:21)\n    at jestAdapter (C:\\Users\\leovp\\Programming\\adorador\\adorador-frontend\\node_modules\\jest-circus\\build\\runner.js:101:19)\n    at runTestInternal (C:\\Users\\leovp\\Programming\\adorador\\adorador-frontend\\node_modules\\jest-runner\\build\\testWorker.js:277:16)\n    at runTest (C:\\Users\\leovp\\Programming\\adorador\\adorador-frontend\\node_modules\\jest-runner\\build\\testWorker.js:345:7)\n    at Object.worker (C:\\Users\\leovp\\Programming\\adorador\\adorador-frontend\\node_modules\\jest-runner\\build\\testWorker.js:499:12)"],"fullName":"BandsShowCase Renderizado de bandas debe renderizar todas las bandas del usuario","invocations":1,"location":null,"numPassingAsserts":0,"retryReasons":[],"startAt":1763189487340,"status":"failed","title":"debe renderizar todas las bandas del usuario"},{"ancestorTitles":["BandsShowCase","Renderizado de bandas"],"duration":49,"failing":false,"failureDetails":[{}],"failureMessages":["Error: No QueryClient set, use QueryClientProvider to set one\n    at useQueryClient (C:\\Users\\leovp\\Programming\\adorador\\adorador-frontend\\node_modules\\@tanstack\\react-query\\src\\QueryClientProvider.tsx:18:11)\n    at useAllBandSongsWebSocket (C:\\Users\\leovp\\Programming\\adorador\\adorador-frontend\\src\\global\\hooks\\useAllBandSongsWebSocket.ts:28:37)\n    at BandsShowCase (C:\\Users\\leovp\\Programming\\adorador\\adorador-frontend\\src\\app\\(public)\\grupos\\_components\\BandsShowCase.tsx:25:27)\n    at renderWithHooks (C:\\Users\\leovp\\Programming\\adorador\\adorador-frontend\\node_modules\\react-dom\\cjs\\react-dom.development.js:15486:18)\n    at mountIndeterminateComponent (C:\\Users\\leovp\\Programming\\adorador\\adorador-frontend\\node_modules\\react-dom\\cjs\\react-dom.development.js:20103:13)\n    at beginWork (C:\\Users\\leovp\\Programming\\adorador\\adorador-frontend\\node_modules\\react-dom\\cjs\\react-dom.development.js:21626:16)\n    at beginWork$1 (C:\\Users\\leovp\\Programming\\adorador\\adorador-frontend\\node_modules\\react-dom\\cjs\\react-dom.development.js:27465:14)\n    at performUnitOfWork (C:\\Users\\leovp\\Programming\\adorador\\adorador-frontend\\node_modules\\react-dom\\cjs\\react-dom.development.js:26599:12)\n    at workLoopSync (C:\\Users\\leovp\\Programming\\adorador\\adorador-frontend\\node_modules\\react-dom\\cjs\\react-dom.development.js:26505:5)\n    at renderRootSync (C:\\Users\\leovp\\Programming\\adorador\\adorador-frontend\\node_modules\\react-dom\\cjs\\react-dom.development.js:26473:7)\n    at recoverFromConcurrentError (C:\\Users\\leovp\\Programming\\adorador\\adorador-frontend\\node_modules\\react-dom\\cjs\\react-dom.development.js:25889:20)\n    at performConcurrentWorkOnRoot (C:\\Users\\leovp\\Programming\\adorador\\adorador-frontend\\node_modules\\react-dom\\cjs\\react-dom.development.js:25789:22)\n    at flushActQueue (C:\\Users\\leovp\\Programming\\adorador\\adorador-frontend\\node_modules\\react\\cjs\\react.development.js:2667:24)\n    at act (C:\\Users\\leovp\\Programming\\adorador\\adorador-frontend\\node_modules\\react\\cjs\\react.development.js:2582:11)\n    at C:\\Users\\leovp\\Programming\\adorador\\adorador-frontend\\node_modules\\@testing-library\\react\\dist\\act-compat.js:47:25\n    at renderRoot (C:\\Users\\leovp\\Programming\\adorador\\adorador-frontend\\node_modules\\@testing-library\\react\\dist\\pure.js:190:26)\n    at render (C:\\Users\\leovp\\Programming\\adorador\\adorador-frontend\\node_modules\\@testing-library\\react\\dist\\pure.js:292:10)\n    at Object.<anonymous> (C:\\Users\\leovp\\Programming\\adorador\\adorador-frontend\\src\\app\\(public)\\grupos\\_components\\__tests__\\BandsShowCase.test.tsx:217:13)\n    at Promise.finally.completed (C:\\Users\\leovp\\Programming\\adorador\\adorador-frontend\\node_modules\\jest-circus\\build\\jestAdapterInit.js:1557:28)\n    at new Promise (<anonymous>)\n    at callAsyncCircusFn (C:\\Users\\leovp\\Programming\\adorador\\adorador-frontend\\node_modules\\jest-circus\\build\\jestAdapterInit.js:1497:10)\n    at _callCircusTest (C:\\Users\\leovp\\Programming\\adorador\\adorador-frontend\\node_modules\\jest-circus\\build\\jestAdapterInit.js:1007:40)\n    at processTicksAndRejections (node:internal/process/task_queues:95:5)\n    at _runTest (C:\\Users\\leovp\\Programming\\adorador\\adorador-frontend\\node_modules\\jest-circus\\build\\jestAdapterInit.js:947:3)\n    at C:\\Users\\leovp\\Programming\\adorador\\adorador-frontend\\node_modules\\jest-circus\\build\\jestAdapterInit.js:849:7\n    at _runTestsForDescribeBlock (C:\\Users\\leovp\\Programming\\adorador\\adorador-frontend\\node_modules\\jest-circus\\build\\jestAdapterInit.js:862:11)\n    at _runTestsForDescribeBlock (C:\\Users\\leovp\\Programming\\adorador\\adorador-frontend\\node_modules\\jest-circus\\build\\jestAdapterInit.js:857:11)\n    at _runTestsForDescribeBlock (C:\\Users\\leovp\\Programming\\adorador\\adorador-frontend\\node_modules\\jest-circus\\build\\jestAdapterInit.js:857:11)\n    at run (C:\\Users\\leovp\\Programming\\adorador\\adorador-frontend\\node_modules\\jest-circus\\build\\jestAdapterInit.js:761:3)\n    at runAndTransformResultsToJestFormat (C:\\Users\\leovp\\Programming\\adorador\\adorador-frontend\\node_modules\\jest-circus\\build\\jestAdapterInit.js:1918:21)\n    at jestAdapter (C:\\Users\\leovp\\Programming\\adorador\\adorador-frontend\\node_modules\\jest-circus\\build\\runner.js:101:19)\n    at runTestInternal (C:\\Users\\leovp\\Programming\\adorador\\adorador-frontend\\node_modules\\jest-runner\\build\\testWorker.js:277:16)\n    at runTest (C:\\Users\\leovp\\Programming\\adorador\\adorador-frontend\\node_modules\\jest-runner\\build\\testWorker.js:345:7)\n    at Object.worker (C:\\Users\\leovp\\Programming\\adorador\\adorador-frontend\\node_modules\\jest-runner\\build\\testWorker.js:499:12)"],"fullName":"BandsShowCase Renderizado de bandas debe mostrar los nombres de las bandas","invocations":1,"location":null,"numPassingAsserts":0,"retryReasons":[],"startAt":1763189487415,"status":"failed","title":"debe mostrar los nombres de las bandas"},{"ancestorTitles":["BandsShowCase","Renderizado de bandas"],"duration":78,"failing":false,"failureDetails":[{}],"failureMessages":["Error: No QueryClient set, use QueryClientProvider to set one\n    at useQueryClient (C:\\Users\\leovp\\Programming\\adorador\\adorador-frontend\\node_modules\\@tanstack\\react-query\\src\\QueryClientProvider.tsx:18:11)\n    at useAllBandSongsWebSocket (C:\\Users\\leovp\\Programming\\adorador\\adorador-frontend\\src\\global\\hooks\\useAllBandSongsWebSocket.ts:28:37)\n    at BandsShowCase (C:\\Users\\leovp\\Programming\\adorador\\adorador-frontend\\src\\app\\(public)\\grupos\\_components\\BandsShowCase.tsx:25:27)\n    at renderWithHooks (C:\\Users\\leovp\\Programming\\adorador\\adorador-frontend\\node_modules\\react-dom\\cjs\\react-dom.development.js:15486:18)\n    at mountIndeterminateComponent (C:\\Users\\leovp\\Programming\\adorador\\adorador-frontend\\node_modules\\react-dom\\cjs\\react-dom.development.js:20103:13)\n    at beginWork (C:\\Users\\leovp\\Programming\\adorador\\adorador-frontend\\node_modules\\react-dom\\cjs\\react-dom.development.js:21626:16)\n    at beginWork$1 (C:\\Users\\leovp\\Programming\\adorador\\adorador-frontend\\node_modules\\react-dom\\cjs\\react-dom.development.js:27465:14)\n    at performUnitOfWork (C:\\Users\\leovp\\Programming\\adorador\\adorador-frontend\\node_modules\\react-dom\\cjs\\react-dom.development.js:26599:12)\n    at workLoopSync (C:\\Users\\leovp\\Programming\\adorador\\adorador-frontend\\node_modules\\react-dom\\cjs\\react-dom.development.js:26505:5)\n    at renderRootSync (C:\\Users\\leovp\\Programming\\adorador\\adorador-frontend\\node_modules\\react-dom\\cjs\\react-dom.development.js:26473:7)\n    at recoverFromConcurrentError (C:\\Users\\leovp\\Programming\\adorador\\adorador-frontend\\node_modules\\react-dom\\cjs\\react-dom.development.js:25889:20)\n    at performConcurrentWorkOnRoot (C:\\Users\\leovp\\Programming\\adorador\\adorador-frontend\\node_modules\\react-dom\\cjs\\react-dom.development.js:25789:22)\n    at flushActQueue (C:\\Users\\leovp\\Programming\\adorador\\adorador-frontend\\node_modules\\react\\cjs\\react.development.js:2667:24)\n    at act (C:\\Users\\leovp\\Programming\\adorador\\adorador-frontend\\node_modules\\react\\cjs\\react.development.js:2582:11)\n    at C:\\Users\\leovp\\Programming\\adorador\\adorador-frontend\\node_modules\\@testing-library\\react\\dist\\act-compat.js:47:25\n    at renderRoot (C:\\Users\\leovp\\Programming\\adorador\\adorador-frontend\\node_modules\\@testing-library\\react\\dist\\pure.js:190:26)\n    at render (C:\\Users\\leovp\\Programming\\adorador\\adorador-frontend\\node_modules\\@testing-library\\react\\dist\\pure.js:292:10)\n    at Object.<anonymous> (C:\\Users\\leovp\\Programming\\adorador\\adorador-frontend\\src\\app\\(public)\\grupos\\_components\\__tests__\\BandsShowCase.test.tsx:231:35)\n    at Promise.finally.completed (C:\\Users\\leovp\\Programming\\adorador\\adorador-frontend\\node_modules\\jest-circus\\build\\jestAdapterInit.js:1557:28)\n    at new Promise (<anonymous>)\n    at callAsyncCircusFn (C:\\Users\\leovp\\Programming\\adorador\\adorador-frontend\\node_modules\\jest-circus\\build\\jestAdapterInit.js:1497:10)\n    at _callCircusTest (C:\\Users\\leovp\\Programming\\adorador\\adorador-frontend\\node_modules\\jest-circus\\build\\jestAdapterInit.js:1007:40)\n    at processTicksAndRejections (node:internal/process/task_queues:95:5)\n    at _runTest (C:\\Users\\leovp\\Programming\\adorador\\adorador-frontend\\node_modules\\jest-circus\\build\\jestAdapterInit.js:947:3)\n    at C:\\Users\\leovp\\Programming\\adorador\\adorador-frontend\\node_modules\\jest-circus\\build\\jestAdapterInit.js:849:7\n    at _runTestsForDescribeBlock (C:\\Users\\leovp\\Programming\\adorador\\adorador-frontend\\node_modules\\jest-circus\\build\\jestAdapterInit.js:862:11)\n    at _runTestsForDescribeBlock (C:\\Users\\leovp\\Programming\\adorador\\adorador-frontend\\node_modules\\jest-circus\\build\\jestAdapterInit.js:857:11)\n    at _runTestsForDescribeBlock (C:\\Users\\leovp\\Programming\\adorador\\adorador-frontend\\node_modules\\jest-circus\\build\\jestAdapterInit.js:857:11)\n    at run (C:\\Users\\leovp\\Programming\\adorador\\adorador-frontend\\node_modules\\jest-circus\\build\\jestAdapterInit.js:761:3)\n    at runAndTransformResultsToJestFormat (C:\\Users\\leovp\\Programming\\adorador\\adorador-frontend\\node_modules\\jest-circus\\build\\jestAdapterInit.js:1918:21)\n    at jestAdapter (C:\\Users\\leovp\\Programming\\adorador\\adorador-frontend\\node_modules\\jest-circus\\build\\runner.js:101:19)\n    at runTestInternal (C:\\Users\\leovp\\Programming\\adorador\\adorador-frontend\\node_modules\\jest-runner\\build\\testWorker.js:277:16)\n    at runTest (C:\\Users\\leovp\\Programming\\adorador\\adorador-frontend\\node_modules\\jest-runner\\build\\testWorker.js:345:7)\n    at Object.worker (C:\\Users\\leovp\\Programming\\adorador\\adorador-frontend\\node_modules\\jest-runner\\build\\testWorker.js:499:12)"],"fullName":"BandsShowCase Renderizado de bandas debe renderizar la cantidad correcta de BandCards","invocations":1,"location":null,"numPassingAsserts":0,"retryReasons":[],"startAt":1763189487468,"status":"failed","title":"debe renderizar la cantidad correcta de BandCards"},{"ancestorTitles":["BandsShowCase","Renderizado de bandas"],"duration":68,"failing":false,"failureDetails":[{}],"failureMessages":["Error: No QueryClient set, use QueryClientProvider to set one\n    at useQueryClient (C:\\Users\\leovp\\Programming\\adorador\\adorador-frontend\\node_modules\\@tanstack\\react-query\\src\\QueryClientProvider.tsx:18:11)\n    at useAllBandSongsWebSocket (C:\\Users\\leovp\\Programming\\adorador\\adorador-frontend\\src\\global\\hooks\\useAllBandSongsWebSocket.ts:28:37)\n    at BandsShowCase (C:\\Users\\leovp\\Programming\\adorador\\adorador-frontend\\src\\app\\(public)\\grupos\\_components\\BandsShowCase.tsx:25:27)\n    at renderWithHooks (C:\\Users\\leovp\\Programming\\adorador\\adorador-frontend\\node_modules\\react-dom\\cjs\\react-dom.development.js:15486:18)\n    at mountIndeterminateComponent (C:\\Users\\leovp\\Programming\\adorador\\adorador-frontend\\node_modules\\react-dom\\cjs\\react-dom.development.js:20103:13)\n    at beginWork (C:\\Users\\leovp\\Programming\\adorador\\adorador-frontend\\node_modules\\react-dom\\cjs\\react-dom.development.js:21626:16)\n    at beginWork$1 (C:\\Users\\leovp\\Programming\\adorador\\adorador-frontend\\node_modules\\react-dom\\cjs\\react-dom.development.js:27465:14)\n    at performUnitOfWork (C:\\Users\\leovp\\Programming\\adorador\\adorador-frontend\\node_modules\\react-dom\\cjs\\react-dom.development.js:26599:12)\n    at workLoopSync (C:\\Users\\leovp\\Programming\\adorador\\adorador-frontend\\node_modules\\react-dom\\cjs\\react-dom.development.js:26505:5)\n    at renderRootSync (C:\\Users\\leovp\\Programming\\adorador\\adorador-frontend\\node_modules\\react-dom\\cjs\\react-dom.development.js:26473:7)\n    at recoverFromConcurrentError (C:\\Users\\leovp\\Programming\\adorador\\adorador-frontend\\node_modules\\react-dom\\cjs\\react-dom.development.js:25889:20)\n    at performConcurrentWorkOnRoot (C:\\Users\\leovp\\Programming\\adorador\\adorador-frontend\\node_modules\\react-dom\\cjs\\react-dom.development.js:25789:22)\n    at flushActQueue (C:\\Users\\leovp\\Programming\\adorador\\adorador-frontend\\node_modules\\react\\cjs\\react.development.js:2667:24)\n    at act (C:\\Users\\leovp\\Programming\\adorador\\adorador-frontend\\node_modules\\react\\cjs\\react.development.js:2582:11)\n    at C:\\Users\\leovp\\Programming\\adorador\\adorador-frontend\\node_modules\\@testing-library\\react\\dist\\act-compat.js:47:25\n    at renderRoot (C:\\Users\\leovp\\Programming\\adorador\\adorador-frontend\\node_modules\\@testing-library\\react\\dist\\pure.js:190:26)\n    at render (C:\\Users\\leovp\\Programming\\adorador\\adorador-frontend\\node_modules\\@testing-library\\react\\dist\\pure.js:292:10)\n    at Object.<anonymous> (C:\\Users\\leovp\\Programming\\adorador\\adorador-frontend\\src\\app\\(public)\\grupos\\_components\\__tests__\\BandsShowCase.test.tsx:246:35)\n    at Promise.finally.completed (C:\\Users\\leovp\\Programming\\adorador\\adorador-frontend\\node_modules\\jest-circus\\build\\jestAdapterInit.js:1557:28)\n    at new Promise (<anonymous>)\n    at callAsyncCircusFn (C:\\Users\\leovp\\Programming\\adorador\\adorador-frontend\\node_modules\\jest-circus\\build\\jestAdapterInit.js:1497:10)\n    at _callCircusTest (C:\\Users\\leovp\\Programming\\adorador\\adorador-frontend\\node_modules\\jest-circus\\build\\jestAdapterInit.js:1007:40)\n    at processTicksAndRejections (node:internal/process/task_queues:95:5)\n    at _runTest (C:\\Users\\leovp\\Programming\\adorador\\adorador-frontend\\node_modules\\jest-circus\\build\\jestAdapterInit.js:947:3)\n    at C:\\Users\\leovp\\Programming\\adorador\\adorador-frontend\\node_modules\\jest-circus\\build\\jestAdapterInit.js:849:7\n    at _runTestsForDescribeBlock (C:\\Users\\leovp\\Programming\\adorador\\adorador-frontend\\node_modules\\jest-circus\\build\\jestAdapterInit.js:862:11)\n    at _runTestsForDescribeBlock (C:\\Users\\leovp\\Programming\\adorador\\adorador-frontend\\node_modules\\jest-circus\\build\\jestAdapterInit.js:857:11)\n    at _runTestsForDescribeBlock (C:\\Users\\leovp\\Programming\\adorador\\adorador-frontend\\node_modules\\jest-circus\\build\\jestAdapterInit.js:857:11)\n    at run (C:\\Users\\leovp\\Programming\\adorador\\adorador-frontend\\node_modules\\jest-circus\\build\\jestAdapterInit.js:761:3)\n    at runAndTransformResultsToJestFormat (C:\\Users\\leovp\\Programming\\adorador\\adorador-frontend\\node_modules\\jest-circus\\build\\jestAdapterInit.js:1918:21)\n    at jestAdapter (C:\\Users\\leovp\\Programming\\adorador\\adorador-frontend\\node_modules\\jest-circus\\build\\runner.js:101:19)\n    at runTestInternal (C:\\Users\\leovp\\Programming\\adorador\\adorador-frontend\\node_modules\\jest-runner\\build\\testWorker.js:277:16)\n    at runTest (C:\\Users\\leovp\\Programming\\adorador\\adorador-frontend\\node_modules\\jest-runner\\build\\testWorker.js:345:7)\n    at Object.worker (C:\\Users\\leovp\\Programming\\adorador\\adorador-frontend\\node_modules\\jest-runner\\build\\testWorker.js:499:12)"],"fullName":"BandsShowCase Renderizado de bandas debe usar lista (<ul>) para accesibilidad","invocations":1,"location":null,"numPassingAsserts":0,"retryReasons":[],"startAt":1763189487550,"status":"failed","title":"debe usar lista (<ul>) para accesibilidad"},{"ancestorTitles":["BandsShowCase","Renderizado de bandas"],"duration":49,"failing":false,"failureDetails":[{}],"failureMessages":["Error: No QueryClient set, use QueryClientProvider to set one\n    at useQueryClient (C:\\Users\\leovp\\Programming\\adorador\\adorador-frontend\\node_modules\\@tanstack\\react-query\\src\\QueryClientProvider.tsx:18:11)\n    at useAllBandSongsWebSocket (C:\\Users\\leovp\\Programming\\adorador\\adorador-frontend\\src\\global\\hooks\\useAllBandSongsWebSocket.ts:28:37)\n    at BandsShowCase (C:\\Users\\leovp\\Programming\\adorador\\adorador-frontend\\src\\app\\(public)\\grupos\\_components\\BandsShowCase.tsx:25:27)\n    at renderWithHooks (C:\\Users\\leovp\\Programming\\adorador\\adorador-frontend\\node_modules\\react-dom\\cjs\\react-dom.development.js:15486:18)\n    at mountIndeterminateComponent (C:\\Users\\leovp\\Programming\\adorador\\adorador-frontend\\node_modules\\react-dom\\cjs\\react-dom.development.js:20103:13)\n    at beginWork (C:\\Users\\leovp\\Programming\\adorador\\adorador-frontend\\node_modules\\react-dom\\cjs\\react-dom.development.js:21626:16)\n    at beginWork$1 (C:\\Users\\leovp\\Programming\\adorador\\adorador-frontend\\node_modules\\react-dom\\cjs\\react-dom.development.js:27465:14)\n    at performUnitOfWork (C:\\Users\\leovp\\Programming\\adorador\\adorador-frontend\\node_modules\\react-dom\\cjs\\react-dom.development.js:26599:12)\n    at workLoopSync (C:\\Users\\leovp\\Programming\\adorador\\adorador-frontend\\node_modules\\react-dom\\cjs\\react-dom.development.js:26505:5)\n    at renderRootSync (C:\\Users\\leovp\\Programming\\adorador\\adorador-frontend\\node_modules\\react-dom\\cjs\\react-dom.development.js:26473:7)\n    at recoverFromConcurrentError (C:\\Users\\leovp\\Programming\\adorador\\adorador-frontend\\node_modules\\react-dom\\cjs\\react-dom.development.js:25889:20)\n    at performConcurrentWorkOnRoot (C:\\Users\\leovp\\Programming\\adorador\\adorador-frontend\\node_modules\\react-dom\\cjs\\react-dom.development.js:25789:22)\n    at flushActQueue (C:\\Users\\leovp\\Programming\\adorador\\adorador-frontend\\node_modules\\react\\cjs\\react.development.js:2667:24)\n    at act (C:\\Users\\leovp\\Programming\\adorador\\adorador-frontend\\node_modules\\react\\cjs\\react.development.js:2582:11)\n    at C:\\Users\\leovp\\Programming\\adorador\\adorador-frontend\\node_modules\\@testing-library\\react\\dist\\act-compat.js:47:25\n    at renderRoot (C:\\Users\\leovp\\Programming\\adorador\\adorador-frontend\\node_modules\\@testing-library\\react\\dist\\pure.js:190:26)\n    at render (C:\\Users\\leovp\\Programming\\adorador\\adorador-frontend\\node_modules\\@testing-library\\react\\dist\\pure.js:292:10)\n    at Object.<anonymous> (C:\\Users\\leovp\\Programming\\adorador\\adorador-frontend\\src\\app\\(public)\\grupos\\_components\\__tests__\\BandsShowCase.test.tsx:259:35)\n    at Promise.finally.completed (C:\\Users\\leovp\\Programming\\adorador\\adorador-frontend\\node_modules\\jest-circus\\build\\jestAdapterInit.js:1557:28)\n    at new Promise (<anonymous>)\n    at callAsyncCircusFn (C:\\Users\\leovp\\Programming\\adorador\\adorador-frontend\\node_modules\\jest-circus\\build\\jestAdapterInit.js:1497:10)\n    at _callCircusTest (C:\\Users\\leovp\\Programming\\adorador\\adorador-frontend\\node_modules\\jest-circus\\build\\jestAdapterInit.js:1007:40)\n    at processTicksAndRejections (node:internal/process/task_queues:95:5)\n    at _runTest (C:\\Users\\leovp\\Programming\\adorador\\adorador-frontend\\node_modules\\jest-circus\\build\\jestAdapterInit.js:947:3)\n    at C:\\Users\\leovp\\Programming\\adorador\\adorador-frontend\\node_modules\\jest-circus\\build\\jestAdapterInit.js:849:7\n    at _runTestsForDescribeBlock (C:\\Users\\leovp\\Programming\\adorador\\adorador-frontend\\node_modules\\jest-circus\\build\\jestAdapterInit.js:862:11)\n    at _runTestsForDescribeBlock (C:\\Users\\leovp\\Programming\\adorador\\adorador-frontend\\node_modules\\jest-circus\\build\\jestAdapterInit.js:857:11)\n    at _runTestsForDescribeBlock (C:\\Users\\leovp\\Programming\\adorador\\adorador-frontend\\node_modules\\jest-circus\\build\\jestAdapterInit.js:857:11)\n    at run (C:\\Users\\leovp\\Programming\\adorador\\adorador-frontend\\node_modules\\jest-circus\\build\\jestAdapterInit.js:761:3)\n    at runAndTransformResultsToJestFormat (C:\\Users\\leovp\\Programming\\adorador\\adorador-frontend\\node_modules\\jest-circus\\build\\jestAdapterInit.js:1918:21)\n    at jestAdapter (C:\\Users\\leovp\\Programming\\adorador\\adorador-frontend\\node_modules\\jest-circus\\build\\runner.js:101:19)\n    at runTestInternal (C:\\Users\\leovp\\Programming\\adorador\\adorador-frontend\\node_modules\\jest-runner\\build\\testWorker.js:277:16)\n    at runTest (C:\\Users\\leovp\\Programming\\adorador\\adorador-frontend\\node_modules\\jest-runner\\build\\testWorker.js:345:7)\n    at Object.worker (C:\\Users\\leovp\\Programming\\adorador\\adorador-frontend\\node_modules\\jest-runner\\build\\testWorker.js:499:12)"],"fullName":"BandsShowCase Renderizado de bandas cada banda debe estar en un <li>","invocations":1,"location":null,"numPassingAsserts":0,"retryReasons":[],"startAt":1763189487626,"status":"failed","title":"cada banda debe estar en un <li>"},{"ancestorTitles":["BandsShowCase","Estado vacío"],"duration":39,"failing":false,"failureDetails":[{}],"failureMessages":["Error: No QueryClient set, use QueryClientProvider to set one\n    at useQueryClient (C:\\Users\\leovp\\Programming\\adorador\\adorador-frontend\\node_modules\\@tanstack\\react-query\\src\\QueryClientProvider.tsx:18:11)\n    at useAllBandSongsWebSocket (C:\\Users\\leovp\\Programming\\adorador\\adorador-frontend\\src\\global\\hooks\\useAllBandSongsWebSocket.ts:28:37)\n    at BandsShowCase (C:\\Users\\leovp\\Programming\\adorador\\adorador-frontend\\src\\app\\(public)\\grupos\\_components\\BandsShowCase.tsx:25:27)\n    at renderWithHooks (C:\\Users\\leovp\\Programming\\adorador\\adorador-frontend\\node_modules\\react-dom\\cjs\\react-dom.development.js:15486:18)\n    at mountIndeterminateComponent (C:\\Users\\leovp\\Programming\\adorador\\adorador-frontend\\node_modules\\react-dom\\cjs\\react-dom.development.js:20103:13)\n    at beginWork (C:\\Users\\leovp\\Programming\\adorador\\adorador-frontend\\node_modules\\react-dom\\cjs\\react-dom.development.js:21626:16)\n    at beginWork$1 (C:\\Users\\leovp\\Programming\\adorador\\adorador-frontend\\node_modules\\react-dom\\cjs\\react-dom.development.js:27465:14)\n    at performUnitOfWork (C:\\Users\\leovp\\Programming\\adorador\\adorador-frontend\\node_modules\\react-dom\\cjs\\react-dom.development.js:26599:12)\n    at workLoopSync (C:\\Users\\leovp\\Programming\\adorador\\adorador-frontend\\node_modules\\react-dom\\cjs\\react-dom.development.js:26505:5)\n    at renderRootSync (C:\\Users\\leovp\\Programming\\adorador\\adorador-frontend\\node_modules\\react-dom\\cjs\\react-dom.development.js:26473:7)\n    at recoverFromConcurrentError (C:\\Users\\leovp\\Programming\\adorador\\adorador-frontend\\node_modules\\react-dom\\cjs\\react-dom.development.js:25889:20)\n    at performConcurrentWorkOnRoot (C:\\Users\\leovp\\Programming\\adorador\\adorador-frontend\\node_modules\\react-dom\\cjs\\react-dom.development.js:25789:22)\n    at flushActQueue (C:\\Users\\leovp\\Programming\\adorador\\adorador-frontend\\node_modules\\react\\cjs\\react.development.js:2667:24)\n    at act (C:\\Users\\leovp\\Programming\\adorador\\adorador-frontend\\node_modules\\react\\cjs\\react.development.js:2582:11)\n    at C:\\Users\\leovp\\Programming\\adorador\\adorador-frontend\\node_modules\\@testing-library\\react\\dist\\act-compat.js:47:25\n    at renderRoot (C:\\Users\\leovp\\Programming\\adorador\\adorador-frontend\\node_modules\\@testing-library\\react\\dist\\pure.js:190:26)\n    at render (C:\\Users\\leovp\\Programming\\adorador\\adorador-frontend\\node_modules\\@testing-library\\react\\dist\\pure.js:292:10)\n    at Object.<anonymous> (C:\\Users\\leovp\\Programming\\adorador\\adorador-frontend\\src\\app\\(public)\\grupos\\_components\\__tests__\\BandsShowCase.test.tsx:274:35)\n    at Promise.finally.completed (C:\\Users\\leovp\\Programming\\adorador\\adorador-frontend\\node_modules\\jest-circus\\build\\jestAdapterInit.js:1557:28)\n    at new Promise (<anonymous>)\n    at callAsyncCircusFn (C:\\Users\\leovp\\Programming\\adorador\\adorador-frontend\\node_modules\\jest-circus\\build\\jestAdapterInit.js:1497:10)\n    at _callCircusTest (C:\\Users\\leovp\\Programming\\adorador\\adorador-frontend\\node_modules\\jest-circus\\build\\jestAdapterInit.js:1007:40)\n    at processTicksAndRejections (node:internal/process/task_queues:95:5)\n    at _runTest (C:\\Users\\leovp\\Programming\\adorador\\adorador-frontend\\node_modules\\jest-circus\\build\\jestAdapterInit.js:947:3)\n    at C:\\Users\\leovp\\Programming\\adorador\\adorador-frontend\\node_modules\\jest-circus\\build\\jestAdapterInit.js:849:7\n    at _runTestsForDescribeBlock (C:\\Users\\leovp\\Programming\\adorador\\adorador-frontend\\node_modules\\jest-circus\\build\\jestAdapterInit.js:862:11)\n    at _runTestsForDescribeBlock (C:\\Users\\leovp\\Programming\\adorador\\adorador-frontend\\node_modules\\jest-circus\\build\\jestAdapterInit.js:857:11)\n    at _runTestsForDescribeBlock (C:\\Users\\leovp\\Programming\\adorador\\adorador-frontend\\node_modules\\jest-circus\\build\\jestAdapterInit.js:857:11)\n    at run (C:\\Users\\leovp\\Programming\\adorador\\adorador-frontend\\node_modules\\jest-circus\\build\\jestAdapterInit.js:761:3)\n    at runAndTransformResultsToJestFormat (C:\\Users\\leovp\\Programming\\adorador\\adorador-frontend\\node_modules\\jest-circus\\build\\jestAdapterInit.js:1918:21)\n    at jestAdapter (C:\\Users\\leovp\\Programming\\adorador\\adorador-frontend\\node_modules\\jest-circus\\build\\runner.js:101:19)\n    at runTestInternal (C:\\Users\\leovp\\Programming\\adorador\\adorador-frontend\\node_modules\\jest-runner\\build\\testWorker.js:277:16)\n    at runTest (C:\\Users\\leovp\\Programming\\adorador\\adorador-frontend\\node_modules\\jest-runner\\build\\testWorker.js:345:7)\n    at Object.worker (C:\\Users\\leovp\\Programming\\adorador\\adorador-frontend\\node_modules\\jest-runner\\build\\testWorker.js:499:12)"],"fullName":"BandsShowCase Estado vacío NO debe mostrar nada cuando data es array vacío","invocations":1,"location":null,"numPassingAsserts":0,"retryReasons":[],"startAt":1763189487679,"status":"failed","title":"NO debe mostrar nada cuando data es array vacío"},{"ancestorTitles":["BandsShowCase","Integración con el store de usuario"],"duration":36,"failing":false,"failureDetails":[{}],"failureMessages":["Error: No QueryClient set, use QueryClientProvider to set one\n    at useQueryClient (C:\\Users\\leovp\\Programming\\adorador\\adorador-frontend\\node_modules\\@tanstack\\react-query\\src\\QueryClientProvider.tsx:18:11)\n    at useAllBandSongsWebSocket (C:\\Users\\leovp\\Programming\\adorador\\adorador-frontend\\src\\global\\hooks\\useAllBandSongsWebSocket.ts:28:37)\n    at BandsShowCase (C:\\Users\\leovp\\Programming\\adorador\\adorador-frontend\\src\\app\\(public)\\grupos\\_components\\BandsShowCase.tsx:25:27)\n    at renderWithHooks (C:\\Users\\leovp\\Programming\\adorador\\adorador-frontend\\node_modules\\react-dom\\cjs\\react-dom.development.js:15486:18)\n    at mountIndeterminateComponent (C:\\Users\\leovp\\Programming\\adorador\\adorador-frontend\\node_modules\\react-dom\\cjs\\react-dom.development.js:20103:13)\n    at beginWork (C:\\Users\\leovp\\Programming\\adorador\\adorador-frontend\\node_modules\\react-dom\\cjs\\react-dom.development.js:21626:16)\n    at beginWork$1 (C:\\Users\\leovp\\Programming\\adorador\\adorador-frontend\\node_modules\\react-dom\\cjs\\react-dom.development.js:27465:14)\n    at performUnitOfWork (C:\\Users\\leovp\\Programming\\adorador\\adorador-frontend\\node_modules\\react-dom\\cjs\\react-dom.development.js:26599:12)\n    at workLoopSync (C:\\Users\\leovp\\Programming\\adorador\\adorador-frontend\\node_modules\\react-dom\\cjs\\react-dom.development.js:26505:5)\n    at renderRootSync (C:\\Users\\leovp\\Programming\\adorador\\adorador-frontend\\node_modules\\react-dom\\cjs\\react-dom.development.js:26473:7)\n    at recoverFromConcurrentError (C:\\Users\\leovp\\Programming\\adorador\\adorador-frontend\\node_modules\\react-dom\\cjs\\react-dom.development.js:25889:20)\n    at performConcurrentWorkOnRoot (C:\\Users\\leovp\\Programming\\adorador\\adorador-frontend\\node_modules\\react-dom\\cjs\\react-dom.development.js:25789:22)\n    at flushActQueue (C:\\Users\\leovp\\Programming\\adorador\\adorador-frontend\\node_modules\\react\\cjs\\react.development.js:2667:24)\n    at act (C:\\Users\\leovp\\Programming\\adorador\\adorador-frontend\\node_modules\\react\\cjs\\react.development.js:2582:11)\n    at C:\\Users\\leovp\\Programming\\adorador\\adorador-frontend\\node_modules\\@testing-library\\react\\dist\\act-compat.js:47:25\n    at renderRoot (C:\\Users\\leovp\\Programming\\adorador\\adorador-frontend\\node_modules\\@testing-library\\react\\dist\\pure.js:190:26)\n    at render (C:\\Users\\leovp\\Programming\\adorador\\adorador-frontend\\node_modules\\@testing-library\\react\\dist\\pure.js:292:10)\n    at Object.<anonymous> (C:\\Users\\leovp\\Programming\\adorador\\adorador-frontend\\src\\app\\(public)\\grupos\\_components\\__tests__\\BandsShowCase.test.tsx:300:13)\n    at Promise.finally.completed (C:\\Users\\leovp\\Programming\\adorador\\adorador-frontend\\node_modules\\jest-circus\\build\\jestAdapterInit.js:1557:28)\n    at new Promise (<anonymous>)\n    at callAsyncCircusFn (C:\\Users\\leovp\\Programming\\adorador\\adorador-frontend\\node_modules\\jest-circus\\build\\jestAdapterInit.js:1497:10)\n    at _callCircusTest (C:\\Users\\leovp\\Programming\\adorador\\adorador-frontend\\node_modules\\jest-circus\\build\\jestAdapterInit.js:1007:40)\n    at processTicksAndRejections (node:internal/process/task_queues:95:5)\n    at _runTest (C:\\Users\\leovp\\Programming\\adorador\\adorador-frontend\\node_modules\\jest-circus\\build\\jestAdapterInit.js:947:3)\n    at C:\\Users\\leovp\\Programming\\adorador\\adorador-frontend\\node_modules\\jest-circus\\build\\jestAdapterInit.js:849:7\n    at _runTestsForDescribeBlock (C:\\Users\\leovp\\Programming\\adorador\\adorador-frontend\\node_modules\\jest-circus\\build\\jestAdapterInit.js:862:11)\n    at _runTestsForDescribeBlock (C:\\Users\\leovp\\Programming\\adorador\\adorador-frontend\\node_modules\\jest-circus\\build\\jestAdapterInit.js:857:11)\n    at _runTestsForDescribeBlock (C:\\Users\\leovp\\Programming\\adorador\\adorador-frontend\\node_modules\\jest-circus\\build\\jestAdapterInit.js:857:11)\n    at run (C:\\Users\\leovp\\Programming\\adorador\\adorador-frontend\\node_modules\\jest-circus\\build\\jestAdapterInit.js:761:3)\n    at runAndTransformResultsToJestFormat (C:\\Users\\leovp\\Programming\\adorador\\adorador-frontend\\node_modules\\jest-circus\\build\\jestAdapterInit.js:1918:21)\n    at jestAdapter (C:\\Users\\leovp\\Programming\\adorador\\adorador-frontend\\node_modules\\jest-circus\\build\\runner.js:101:19)\n    at runTestInternal (C:\\Users\\leovp\\Programming\\adorador\\adorador-frontend\\node_modules\\jest-runner\\build\\testWorker.js:277:16)\n    at runTest (C:\\Users\\leovp\\Programming\\adorador\\adorador-frontend\\node_modules\\jest-runner\\build\\testWorker.js:345:7)\n    at Object.worker (C:\\Users\\leovp\\Programming\\adorador\\adorador-frontend\\node_modules\\jest-runner\\build\\testWorker.js:499:12)"],"fullName":"BandsShowCase Integración con el store de usuario debe llamar a getBandsOfUser con isLoggedIn = true cuando el usuario está logueado","invocations":1,"location":null,"numPassingAsserts":0,"retryReasons":[],"startAt":1763189487723,"status":"failed","title":"debe llamar a getBandsOfUser con isLoggedIn = true cuando el usuario está logueado"},{"ancestorTitles":["BandsShowCase","Integración con el store de usuario"],"duration":62,"failing":false,"failureDetails":[{}],"failureMessages":["Error: No QueryClient set, use QueryClientProvider to set one\n    at useQueryClient (C:\\Users\\leovp\\Programming\\adorador\\adorador-frontend\\node_modules\\@tanstack\\react-query\\src\\QueryClientProvider.tsx:18:11)\n    at useAllBandSongsWebSocket (C:\\Users\\leovp\\Programming\\adorador\\adorador-frontend\\src\\global\\hooks\\useAllBandSongsWebSocket.ts:28:37)\n    at BandsShowCase (C:\\Users\\leovp\\Programming\\adorador\\adorador-frontend\\src\\app\\(public)\\grupos\\_components\\BandsShowCase.tsx:25:27)\n    at renderWithHooks (C:\\Users\\leovp\\Programming\\adorador\\adorador-frontend\\node_modules\\react-dom\\cjs\\react-dom.development.js:15486:18)\n    at mountIndeterminateComponent (C:\\Users\\leovp\\Programming\\adorador\\adorador-frontend\\node_modules\\react-dom\\cjs\\react-dom.development.js:20103:13)\n    at beginWork (C:\\Users\\leovp\\Programming\\adorador\\adorador-frontend\\node_modules\\react-dom\\cjs\\react-dom.development.js:21626:16)\n    at beginWork$1 (C:\\Users\\leovp\\Programming\\adorador\\adorador-frontend\\node_modules\\react-dom\\cjs\\react-dom.development.js:27465:14)\n    at performUnitOfWork (C:\\Users\\leovp\\Programming\\adorador\\adorador-frontend\\node_modules\\react-dom\\cjs\\react-dom.development.js:26599:12)\n    at workLoopSync (C:\\Users\\leovp\\Programming\\adorador\\adorador-frontend\\node_modules\\react-dom\\cjs\\react-dom.development.js:26505:5)\n    at renderRootSync (C:\\Users\\leovp\\Programming\\adorador\\adorador-frontend\\node_modules\\react-dom\\cjs\\react-dom.development.js:26473:7)\n    at recoverFromConcurrentError (C:\\Users\\leovp\\Programming\\adorador\\adorador-frontend\\node_modules\\react-dom\\cjs\\react-dom.development.js:25889:20)\n    at performConcurrentWorkOnRoot (C:\\Users\\leovp\\Programming\\adorador\\adorador-frontend\\node_modules\\react-dom\\cjs\\react-dom.development.js:25789:22)\n    at flushActQueue (C:\\Users\\leovp\\Programming\\adorador\\adorador-frontend\\node_modules\\react\\cjs\\react.development.js:2667:24)\n    at act (C:\\Users\\leovp\\Programming\\adorador\\adorador-frontend\\node_modules\\react\\cjs\\react.development.js:2582:11)\n    at C:\\Users\\leovp\\Programming\\adorador\\adorador-frontend\\node_modules\\@testing-library\\react\\dist\\act-compat.js:47:25\n    at renderRoot (C:\\Users\\leovp\\Programming\\adorador\\adorador-frontend\\node_modules\\@testing-library\\react\\dist\\pure.js:190:26)\n    at render (C:\\Users\\leovp\\Programming\\adorador\\adorador-frontend\\node_modules\\@testing-library\\react\\dist\\pure.js:292:10)\n    at Object.<anonymous> (C:\\Users\\leovp\\Programming\\adorador\\adorador-frontend\\src\\app\\(public)\\grupos\\_components\\__tests__\\BandsShowCase.test.tsx:322:13)\n    at Promise.finally.completed (C:\\Users\\leovp\\Programming\\adorador\\adorador-frontend\\node_modules\\jest-circus\\build\\jestAdapterInit.js:1557:28)\n    at new Promise (<anonymous>)\n    at callAsyncCircusFn (C:\\Users\\leovp\\Programming\\adorador\\adorador-frontend\\node_modules\\jest-circus\\build\\jestAdapterInit.js:1497:10)\n    at _callCircusTest (C:\\Users\\leovp\\Programming\\adorador\\adorador-frontend\\node_modules\\jest-circus\\build\\jestAdapterInit.js:1007:40)\n    at processTicksAndRejections (node:internal/process/task_queues:95:5)\n    at _runTest (C:\\Users\\leovp\\Programming\\adorador\\adorador-frontend\\node_modules\\jest-circus\\build\\jestAdapterInit.js:947:3)\n    at C:\\Users\\leovp\\Programming\\adorador\\adorador-frontend\\node_modules\\jest-circus\\build\\jestAdapterInit.js:849:7\n    at _runTestsForDescribeBlock (C:\\Users\\leovp\\Programming\\adorador\\adorador-frontend\\node_modules\\jest-circus\\build\\jestAdapterInit.js:862:11)\n    at _runTestsForDescribeBlock (C:\\Users\\leovp\\Programming\\adorador\\adorador-frontend\\node_modules\\jest-circus\\build\\jestAdapterInit.js:857:11)\n    at _runTestsForDescribeBlock (C:\\Users\\leovp\\Programming\\adorador\\adorador-frontend\\node_modules\\jest-circus\\build\\jestAdapterInit.js:857:11)\n    at run (C:\\Users\\leovp\\Programming\\adorador\\adorador-frontend\\node_modules\\jest-circus\\build\\jestAdapterInit.js:761:3)\n    at runAndTransformResultsToJestFormat (C:\\Users\\leovp\\Programming\\adorador\\adorador-frontend\\node_modules\\jest-circus\\build\\jestAdapterInit.js:1918:21)\n    at jestAdapter (C:\\Users\\leovp\\Programming\\adorador\\adorador-frontend\\node_modules\\jest-circus\\build\\runner.js:101:19)\n    at runTestInternal (C:\\Users\\leovp\\Programming\\adorador\\adorador-frontend\\node_modules\\jest-runner\\build\\testWorker.js:277:16)\n    at runTest (C:\\Users\\leovp\\Programming\\adorador\\adorador-frontend\\node_modules\\jest-runner\\build\\testWorker.js:345:7)\n    at Object.worker (C:\\Users\\leovp\\Programming\\adorador\\adorador-frontend\\node_modules\\jest-runner\\build\\testWorker.js:499:12)"],"fullName":"BandsShowCase Integración con el store de usuario debe llamar a getBandsOfUser con isLoggedIn = false cuando el usuario NO está logueado","invocations":1,"location":null,"numPassingAsserts":0,"retryReasons":[],"startAt":1763189487762,"status":"failed","title":"debe llamar a getBandsOfUser con isLoggedIn = false cuando el usuario NO está logueado"},{"ancestorTitles":["BandsShowCase","Estilos y layout"],"duration":49,"failing":false,"failureDetails":[{}],"failureMessages":["Error: No QueryClient set, use QueryClientProvider to set one\n    at useQueryClient (C:\\Users\\leovp\\Programming\\adorador\\adorador-frontend\\node_modules\\@tanstack\\react-query\\src\\QueryClientProvider.tsx:18:11)\n    at useAllBandSongsWebSocket (C:\\Users\\leovp\\Programming\\adorador\\adorador-frontend\\src\\global\\hooks\\useAllBandSongsWebSocket.ts:28:37)\n    at BandsShowCase (C:\\Users\\leovp\\Programming\\adorador\\adorador-frontend\\src\\app\\(public)\\grupos\\_components\\BandsShowCase.tsx:25:27)\n    at renderWithHooks (C:\\Users\\leovp\\Programming\\adorador\\adorador-frontend\\node_modules\\react-dom\\cjs\\react-dom.development.js:15486:18)\n    at mountIndeterminateComponent (C:\\Users\\leovp\\Programming\\adorador\\adorador-frontend\\node_modules\\react-dom\\cjs\\react-dom.development.js:20103:13)\n    at beginWork (C:\\Users\\leovp\\Programming\\adorador\\adorador-frontend\\node_modules\\react-dom\\cjs\\react-dom.development.js:21626:16)\n    at beginWork$1 (C:\\Users\\leovp\\Programming\\adorador\\adorador-frontend\\node_modules\\react-dom\\cjs\\react-dom.development.js:27465:14)\n    at performUnitOfWork (C:\\Users\\leovp\\Programming\\adorador\\adorador-frontend\\node_modules\\react-dom\\cjs\\react-dom.development.js:26599:12)\n    at workLoopSync (C:\\Users\\leovp\\Programming\\adorador\\adorador-frontend\\node_modules\\react-dom\\cjs\\react-dom.development.js:26505:5)\n    at renderRootSync (C:\\Users\\leovp\\Programming\\adorador\\adorador-frontend\\node_modules\\react-dom\\cjs\\react-dom.development.js:26473:7)\n    at recoverFromConcurrentError (C:\\Users\\leovp\\Programming\\adorador\\adorador-frontend\\node_modules\\react-dom\\cjs\\react-dom.development.js:25889:20)\n    at performConcurrentWorkOnRoot (C:\\Users\\leovp\\Programming\\adorador\\adorador-frontend\\node_modules\\react-dom\\cjs\\react-dom.development.js:25789:22)\n    at flushActQueue (C:\\Users\\leovp\\Programming\\adorador\\adorador-frontend\\node_modules\\react\\cjs\\react.development.js:2667:24)\n    at act (C:\\Users\\leovp\\Programming\\adorador\\adorador-frontend\\node_modules\\react\\cjs\\react.development.js:2582:11)\n    at C:\\Users\\leovp\\Programming\\adorador\\adorador-frontend\\node_modules\\@testing-library\\react\\dist\\act-compat.js:47:25\n    at renderRoot (C:\\Users\\leovp\\Programming\\adorador\\adorador-frontend\\node_modules\\@testing-library\\react\\dist\\pure.js:190:26)\n    at render (C:\\Users\\leovp\\Programming\\adorador\\adorador-frontend\\node_modules\\@testing-library\\react\\dist\\pure.js:292:10)\n    at Object.<anonymous> (C:\\Users\\leovp\\Programming\\adorador\\adorador-frontend\\src\\app\\(public)\\grupos\\_components\\__tests__\\BandsShowCase.test.tsx:336:35)\n    at Promise.finally.completed (C:\\Users\\leovp\\Programming\\adorador\\adorador-frontend\\node_modules\\jest-circus\\build\\jestAdapterInit.js:1557:28)\n    at new Promise (<anonymous>)\n    at callAsyncCircusFn (C:\\Users\\leovp\\Programming\\adorador\\adorador-frontend\\node_modules\\jest-circus\\build\\jestAdapterInit.js:1497:10)\n    at _callCircusTest (C:\\Users\\leovp\\Programming\\adorador\\adorador-frontend\\node_modules\\jest-circus\\build\\jestAdapterInit.js:1007:40)\n    at processTicksAndRejections (node:internal/process/task_queues:95:5)\n    at _runTest (C:\\Users\\leovp\\Programming\\adorador\\adorador-frontend\\node_modules\\jest-circus\\build\\jestAdapterInit.js:947:3)\n    at C:\\Users\\leovp\\Programming\\adorador\\adorador-frontend\\node_modules\\jest-circus\\build\\jestAdapterInit.js:849:7\n    at _runTestsForDescribeBlock (C:\\Users\\leovp\\Programming\\adorador\\adorador-frontend\\node_modules\\jest-circus\\build\\jestAdapterInit.js:862:11)\n    at _runTestsForDescribeBlock (C:\\Users\\leovp\\Programming\\adorador\\adorador-frontend\\node_modules\\jest-circus\\build\\jestAdapterInit.js:857:11)\n    at _runTestsForDescribeBlock (C:\\Users\\leovp\\Programming\\adorador\\adorador-frontend\\node_modules\\jest-circus\\build\\jestAdapterInit.js:857:11)\n    at run (C:\\Users\\leovp\\Programming\\adorador\\adorador-frontend\\node_modules\\jest-circus\\build\\jestAdapterInit.js:761:3)\n    at runAndTransformResultsToJestFormat (C:\\Users\\leovp\\Programming\\adorador\\adorador-frontend\\node_modules\\jest-circus\\build\\jestAdapterInit.js:1918:21)\n    at jestAdapter (C:\\Users\\leovp\\Programming\\adorador\\adorador-frontend\\node_modules\\jest-circus\\build\\runner.js:101:19)\n    at runTestInternal (C:\\Users\\leovp\\Programming\\adorador\\adorador-frontend\\node_modules\\jest-runner\\build\\testWorker.js:277:16)\n    at runTest (C:\\Users\\leovp\\Programming\\adorador\\adorador-frontend\\node_modules\\jest-runner\\build\\testWorker.js:345:7)\n    at Object.worker (C:\\Users\\leovp\\Programming\\adorador\\adorador-frontend\\node_modules\\jest-runner\\build\\testWorker.js:499:12)"],"fullName":"BandsShowCase Estilos y layout debe aplicar flex-wrap para diseño responsive","invocations":1,"location":null,"numPassingAsserts":0,"retryReasons":[],"startAt":1763189487828,"status":"failed","title":"debe aplicar flex-wrap para diseño responsive"},{"ancestorTitles":["BandsShowCase","Estilos y layout"],"duration":111,"failing":false,"failureDetails":[{}],"failureMessages":["Error: No QueryClient set, use QueryClientProvider to set one\n    at useQueryClient (C:\\Users\\leovp\\Programming\\adorador\\adorador-frontend\\node_modules\\@tanstack\\react-query\\src\\QueryClientProvider.tsx:18:11)\n    at useAllBandSongsWebSocket (C:\\Users\\leovp\\Programming\\adorador\\adorador-frontend\\src\\global\\hooks\\useAllBandSongsWebSocket.ts:28:37)\n    at BandsShowCase (C:\\Users\\leovp\\Programming\\adorador\\adorador-frontend\\src\\app\\(public)\\grupos\\_components\\BandsShowCase.tsx:25:27)\n    at renderWithHooks (C:\\Users\\leovp\\Programming\\adorador\\adorador-frontend\\node_modules\\react-dom\\cjs\\react-dom.development.js:15486:18)\n    at mountIndeterminateComponent (C:\\Users\\leovp\\Programming\\adorador\\adorador-frontend\\node_modules\\react-dom\\cjs\\react-dom.development.js:20103:13)\n    at beginWork (C:\\Users\\leovp\\Programming\\adorador\\adorador-frontend\\node_modules\\react-dom\\cjs\\react-dom.development.js:21626:16)\n    at beginWork$1 (C:\\Users\\leovp\\Programming\\adorador\\adorador-frontend\\node_modules\\react-dom\\cjs\\react-dom.development.js:27465:14)\n    at performUnitOfWork (C:\\Users\\leovp\\Programming\\adorador\\adorador-frontend\\node_modules\\react-dom\\cjs\\react-dom.development.js:26599:12)\n    at workLoopSync (C:\\Users\\leovp\\Programming\\adorador\\adorador-frontend\\node_modules\\react-dom\\cjs\\react-dom.development.js:26505:5)\n    at renderRootSync (C:\\Users\\leovp\\Programming\\adorador\\adorador-frontend\\node_modules\\react-dom\\cjs\\react-dom.development.js:26473:7)\n    at recoverFromConcurrentError (C:\\Users\\leovp\\Programming\\adorador\\adorador-frontend\\node_modules\\react-dom\\cjs\\react-dom.development.js:25889:20)\n    at performConcurrentWorkOnRoot (C:\\Users\\leovp\\Programming\\adorador\\adorador-frontend\\node_modules\\react-dom\\cjs\\react-dom.development.js:25789:22)\n    at flushActQueue (C:\\Users\\leovp\\Programming\\adorador\\adorador-frontend\\node_modules\\react\\cjs\\react.development.js:2667:24)\n    at act (C:\\Users\\leovp\\Programming\\adorador\\adorador-frontend\\node_modules\\react\\cjs\\react.development.js:2582:11)\n    at C:\\Users\\leovp\\Programming\\adorador\\adorador-frontend\\node_modules\\@testing-library\\react\\dist\\act-compat.js:47:25\n    at renderRoot (C:\\Users\\leovp\\Programming\\adorador\\adorador-frontend\\node_modules\\@testing-library\\react\\dist\\pure.js:190:26)\n    at render (C:\\Users\\leovp\\Programming\\adorador\\adorador-frontend\\node_modules\\@testing-library\\react\\dist\\pure.js:292:10)\n    at Object.<anonymous> (C:\\Users\\leovp\\Programming\\adorador\\adorador-frontend\\src\\app\\(public)\\grupos\\_components\\__tests__\\BandsShowCase.test.tsx:349:35)\n    at Promise.finally.completed (C:\\Users\\leovp\\Programming\\adorador\\adorador-frontend\\node_modules\\jest-circus\\build\\jestAdapterInit.js:1557:28)\n    at new Promise (<anonymous>)\n    at callAsyncCircusFn (C:\\Users\\leovp\\Programming\\adorador\\adorador-frontend\\node_modules\\jest-circus\\build\\jestAdapterInit.js:1497:10)\n    at _callCircusTest (C:\\Users\\leovp\\Programming\\adorador\\adorador-frontend\\node_modules\\jest-circus\\build\\jestAdapterInit.js:1007:40)\n    at processTicksAndRejections (node:internal/process/task_queues:95:5)\n    at _runTest (C:\\Users\\leovp\\Programming\\adorador\\adorador-frontend\\node_modules\\jest-circus\\build\\jestAdapterInit.js:947:3)\n    at C:\\Users\\leovp\\Programming\\adorador\\adorador-frontend\\node_modules\\jest-circus\\build\\jestAdapterInit.js:849:7\n    at _runTestsForDescribeBlock (C:\\Users\\leovp\\Programming\\adorador\\adorador-frontend\\node_modules\\jest-circus\\build\\jestAdapterInit.js:862:11)\n    at _runTestsForDescribeBlock (C:\\Users\\leovp\\Programming\\adorador\\adorador-frontend\\node_modules\\jest-circus\\build\\jestAdapterInit.js:857:11)\n    at _runTestsForDescribeBlock (C:\\Users\\leovp\\Programming\\adorador\\adorador-frontend\\node_modules\\jest-circus\\build\\jestAdapterInit.js:857:11)\n    at run (C:\\Users\\leovp\\Programming\\adorador\\adorador-frontend\\node_modules\\jest-circus\\build\\jestAdapterInit.js:761:3)\n    at runAndTransformResultsToJestFormat (C:\\Users\\leovp\\Programming\\adorador\\adorador-frontend\\node_modules\\jest-circus\\build\\jestAdapterInit.js:1918:21)\n    at jestAdapter (C:\\Users\\leovp\\Programming\\adorador\\adorador-frontend\\node_modules\\jest-circus\\build\\runner.js:101:19)\n    at runTestInternal (C:\\Users\\leovp\\Programming\\adorador\\adorador-frontend\\node_modules\\jest-runner\\build\\testWorker.js:277:16)\n    at runTest (C:\\Users\\leovp\\Programming\\adorador\\adorador-frontend\\node_modules\\jest-runner\\build\\testWorker.js:345:7)\n    at Object.worker (C:\\Users\\leovp\\Programming\\adorador\\adorador-frontend\\node_modules\\jest-runner\\build\\testWorker.js:499:12)"],"fullName":"BandsShowCase Estilos y layout debe aplicar gap entre las cards","invocations":1,"location":null,"numPassingAsserts":0,"retryReasons":[],"startAt":1763189487880,"status":"failed","title":"debe aplicar gap entre las cards"},{"ancestorTitles":["BandsShowCase","Estilos y layout"],"duration":31,"failing":false,"failureDetails":[{}],"failureMessages":["Error: No QueryClient set, use QueryClientProvider to set one\n    at useQueryClient (C:\\Users\\leovp\\Programming\\adorador\\adorador-frontend\\node_modules\\@tanstack\\react-query\\src\\QueryClientProvider.tsx:18:11)\n    at useAllBandSongsWebSocket (C:\\Users\\leovp\\Programming\\adorador\\adorador-frontend\\src\\global\\hooks\\useAllBandSongsWebSocket.ts:28:37)\n    at BandsShowCase (C:\\Users\\leovp\\Programming\\adorador\\adorador-frontend\\src\\app\\(public)\\grupos\\_components\\BandsShowCase.tsx:25:27)\n    at renderWithHooks (C:\\Users\\leovp\\Programming\\adorador\\adorador-frontend\\node_modules\\react-dom\\cjs\\react-dom.development.js:15486:18)\n    at mountIndeterminateComponent (C:\\Users\\leovp\\Programming\\adorador\\adorador-frontend\\node_modules\\react-dom\\cjs\\react-dom.development.js:20103:13)\n    at beginWork (C:\\Users\\leovp\\Programming\\adorador\\adorador-frontend\\node_modules\\react-dom\\cjs\\react-dom.development.js:21626:16)\n    at beginWork$1 (C:\\Users\\leovp\\Programming\\adorador\\adorador-frontend\\node_modules\\react-dom\\cjs\\react-dom.development.js:27465:14)\n    at performUnitOfWork (C:\\Users\\leovp\\Programming\\adorador\\adorador-frontend\\node_modules\\react-dom\\cjs\\react-dom.development.js:26599:12)\n    at workLoopSync (C:\\Users\\leovp\\Programming\\adorador\\adorador-frontend\\node_modules\\react-dom\\cjs\\react-dom.development.js:26505:5)\n    at renderRootSync (C:\\Users\\leovp\\Programming\\adorador\\adorador-frontend\\node_modules\\react-dom\\cjs\\react-dom.development.js:26473:7)\n    at recoverFromConcurrentError (C:\\Users\\leovp\\Programming\\adorador\\adorador-frontend\\node_modules\\react-dom\\cjs\\react-dom.development.js:25889:20)\n    at performConcurrentWorkOnRoot (C:\\Users\\leovp\\Programming\\adorador\\adorador-frontend\\node_modules\\react-dom\\cjs\\react-dom.development.js:25789:22)\n    at flushActQueue (C:\\Users\\leovp\\Programming\\adorador\\adorador-frontend\\node_modules\\react\\cjs\\react.development.js:2667:24)\n    at act (C:\\Users\\leovp\\Programming\\adorador\\adorador-frontend\\node_modules\\react\\cjs\\react.development.js:2582:11)\n    at C:\\Users\\leovp\\Programming\\adorador\\adorador-frontend\\node_modules\\@testing-library\\react\\dist\\act-compat.js:47:25\n    at renderRoot (C:\\Users\\leovp\\Programming\\adorador\\adorador-frontend\\node_modules\\@testing-library\\react\\dist\\pure.js:190:26)\n    at render (C:\\Users\\leovp\\Programming\\adorador\\adorador-frontend\\node_modules\\@testing-library\\react\\dist\\pure.js:292:10)\n    at Object.<anonymous> (C:\\Users\\leovp\\Programming\\adorador\\adorador-frontend\\src\\app\\(public)\\grupos\\_components\\__tests__\\BandsShowCase.test.tsx:362:35)\n    at Promise.finally.completed (C:\\Users\\leovp\\Programming\\adorador\\adorador-frontend\\node_modules\\jest-circus\\build\\jestAdapterInit.js:1557:28)\n    at new Promise (<anonymous>)\n    at callAsyncCircusFn (C:\\Users\\leovp\\Programming\\adorador\\adorador-frontend\\node_modules\\jest-circus\\build\\jestAdapterInit.js:1497:10)\n    at _callCircusTest (C:\\Users\\leovp\\Programming\\adorador\\adorador-frontend\\node_modules\\jest-circus\\build\\jestAdapterInit.js:1007:40)\n    at processTicksAndRejections (node:internal/process/task_queues:95:5)\n    at _runTest (C:\\Users\\leovp\\Programming\\adorador\\adorador-frontend\\node_modules\\jest-circus\\build\\jestAdapterInit.js:947:3)\n    at C:\\Users\\leovp\\Programming\\adorador\\adorador-frontend\\node_modules\\jest-circus\\build\\jestAdapterInit.js:849:7\n    at _runTestsForDescribeBlock (C:\\Users\\leovp\\Programming\\adorador\\adorador-frontend\\node_modules\\jest-circus\\build\\jestAdapterInit.js:862:11)\n    at _runTestsForDescribeBlock (C:\\Users\\leovp\\Programming\\adorador\\adorador-frontend\\node_modules\\jest-circus\\build\\jestAdapterInit.js:857:11)\n    at _runTestsForDescribeBlock (C:\\Users\\leovp\\Programming\\adorador\\adorador-frontend\\node_modules\\jest-circus\\build\\jestAdapterInit.js:857:11)\n    at run (C:\\Users\\leovp\\Programming\\adorador\\adorador-frontend\\node_modules\\jest-circus\\build\\jestAdapterInit.js:761:3)\n    at runAndTransformResultsToJestFormat (C:\\Users\\leovp\\Programming\\adorador\\adorador-frontend\\node_modules\\jest-circus\\build\\jestAdapterInit.js:1918:21)\n    at jestAdapter (C:\\Users\\leovp\\Programming\\adorador\\adorador-frontend\\node_modules\\jest-circus\\build\\runner.js:101:19)\n    at runTestInternal (C:\\Users\\leovp\\Programming\\adorador\\adorador-frontend\\node_modules\\jest-runner\\build\\testWorker.js:277:16)\n    at runTest (C:\\Users\\leovp\\Programming\\adorador\\adorador-frontend\\node_modules\\jest-runner\\build\\testWorker.js:345:7)\n    at Object.worker (C:\\Users\\leovp\\Programming\\adorador\\adorador-frontend\\node_modules\\jest-runner\\build\\testWorker.js:499:12)"],"fullName":"BandsShowCase Estilos y layout debe tener height full en el contenedor principal","invocations":1,"location":null,"numPassingAsserts":0,"retryReasons":[],"startAt":1763189487995,"status":"failed","title":"debe tener height full en el contenedor principal"},{"ancestorTitles":["BandsShowCase","Transiciones de estado"],"duration":60,"failing":false,"failureDetails":[{}],"failureMessages":["Error: No QueryClient set, use QueryClientProvider to set one\n    at useQueryClient (C:\\Users\\leovp\\Programming\\adorador\\adorador-frontend\\node_modules\\@tanstack\\react-query\\src\\QueryClientProvider.tsx:18:11)\n    at useAllBandSongsWebSocket (C:\\Users\\leovp\\Programming\\adorador\\adorador-frontend\\src\\global\\hooks\\useAllBandSongsWebSocket.ts:28:37)\n    at BandsShowCase (C:\\Users\\leovp\\Programming\\adorador\\adorador-frontend\\src\\app\\(public)\\grupos\\_components\\BandsShowCase.tsx:25:27)\n    at renderWithHooks (C:\\Users\\leovp\\Programming\\adorador\\adorador-frontend\\node_modules\\react-dom\\cjs\\react-dom.development.js:15486:18)\n    at mountIndeterminateComponent (C:\\Users\\leovp\\Programming\\adorador\\adorador-frontend\\node_modules\\react-dom\\cjs\\react-dom.development.js:20103:13)\n    at beginWork (C:\\Users\\leovp\\Programming\\adorador\\adorador-frontend\\node_modules\\react-dom\\cjs\\react-dom.development.js:21626:16)\n    at beginWork$1 (C:\\Users\\leovp\\Programming\\adorador\\adorador-frontend\\node_modules\\react-dom\\cjs\\react-dom.development.js:27465:14)\n    at performUnitOfWork (C:\\Users\\leovp\\Programming\\adorador\\adorador-frontend\\node_modules\\react-dom\\cjs\\react-dom.development.js:26599:12)\n    at workLoopSync (C:\\Users\\leovp\\Programming\\adorador\\adorador-frontend\\node_modules\\react-dom\\cjs\\react-dom.development.js:26505:5)\n    at renderRootSync (C:\\Users\\leovp\\Programming\\adorador\\adorador-frontend\\node_modules\\react-dom\\cjs\\react-dom.development.js:26473:7)\n    at recoverFromConcurrentError (C:\\Users\\leovp\\Programming\\adorador\\adorador-frontend\\node_modules\\react-dom\\cjs\\react-dom.development.js:25889:20)\n    at performConcurrentWorkOnRoot (C:\\Users\\leovp\\Programming\\adorador\\adorador-frontend\\node_modules\\react-dom\\cjs\\react-dom.development.js:25789:22)\n    at flushActQueue (C:\\Users\\leovp\\Programming\\adorador\\adorador-frontend\\node_modules\\react\\cjs\\react.development.js:2667:24)\n    at act (C:\\Users\\leovp\\Programming\\adorador\\adorador-frontend\\node_modules\\react\\cjs\\react.development.js:2582:11)\n    at C:\\Users\\leovp\\Programming\\adorador\\adorador-frontend\\node_modules\\@testing-library\\react\\dist\\act-compat.js:47:25\n    at renderRoot (C:\\Users\\leovp\\Programming\\adorador\\adorador-frontend\\node_modules\\@testing-library\\react\\dist\\pure.js:190:26)\n    at render (C:\\Users\\leovp\\Programming\\adorador\\adorador-frontend\\node_modules\\@testing-library\\react\\dist\\pure.js:292:10)\n    at Object.<anonymous> (C:\\Users\\leovp\\Programming\\adorador\\adorador-frontend\\src\\app\\(public)\\grupos\\_components\\__tests__\\BandsShowCase.test.tsx:378:34)\n    at Promise.finally.completed (C:\\Users\\leovp\\Programming\\adorador\\adorador-frontend\\node_modules\\jest-circus\\build\\jestAdapterInit.js:1557:28)\n    at new Promise (<anonymous>)\n    at callAsyncCircusFn (C:\\Users\\leovp\\Programming\\adorador\\adorador-frontend\\node_modules\\jest-circus\\build\\jestAdapterInit.js:1497:10)\n    at _callCircusTest (C:\\Users\\leovp\\Programming\\adorador\\adorador-frontend\\node_modules\\jest-circus\\build\\jestAdapterInit.js:1007:40)\n    at processTicksAndRejections (node:internal/process/task_queues:95:5)\n    at _runTest (C:\\Users\\leovp\\Programming\\adorador\\adorador-frontend\\node_modules\\jest-circus\\build\\jestAdapterInit.js:947:3)\n    at C:\\Users\\leovp\\Programming\\adorador\\adorador-frontend\\node_modules\\jest-circus\\build\\jestAdapterInit.js:849:7\n    at _runTestsForDescribeBlock (C:\\Users\\leovp\\Programming\\adorador\\adorador-frontend\\node_modules\\jest-circus\\build\\jestAdapterInit.js:862:11)\n    at _runTestsForDescribeBlock (C:\\Users\\leovp\\Programming\\adorador\\adorador-frontend\\node_modules\\jest-circus\\build\\jestAdapterInit.js:857:11)\n    at _runTestsForDescribeBlock (C:\\Users\\leovp\\Programming\\adorador\\adorador-frontend\\node_modules\\jest-circus\\build\\jestAdapterInit.js:857:11)\n    at run (C:\\Users\\leovp\\Programming\\adorador\\adorador-frontend\\node_modules\\jest-circus\\build\\jestAdapterInit.js:761:3)\n    at runAndTransformResultsToJestFormat (C:\\Users\\leovp\\Programming\\adorador\\adorador-frontend\\node_modules\\jest-circus\\build\\jestAdapterInit.js:1918:21)\n    at jestAdapter (C:\\Users\\leovp\\Programming\\adorador\\adorador-frontend\\node_modules\\jest-circus\\build\\runner.js:101:19)\n    at runTestInternal (C:\\Users\\leovp\\Programming\\adorador\\adorador-frontend\\node_modules\\jest-runner\\build\\testWorker.js:277:16)\n    at runTest (C:\\Users\\leovp\\Programming\\adorador\\adorador-frontend\\node_modules\\jest-runner\\build\\testWorker.js:345:7)\n    at Object.worker (C:\\Users\\leovp\\Programming\\adorador\\adorador-frontend\\node_modules\\jest-runner\\build\\testWorker.js:499:12)"],"fullName":"BandsShowCase Transiciones de estado debe cambiar de loading a mostrar bandas correctamente","invocations":1,"location":null,"numPassingAsserts":0,"retryReasons":[],"startAt":1763189488029,"status":"failed","title":"debe cambiar de loading a mostrar bandas correctamente"},{"ancestorTitles":["BandsShowCase","Transiciones de estado"],"duration":30,"failing":false,"failureDetails":[{}],"failureMessages":["Error: No QueryClient set, use QueryClientProvider to set one\n    at useQueryClient (C:\\Users\\leovp\\Programming\\adorador\\adorador-frontend\\node_modules\\@tanstack\\react-query\\src\\QueryClientProvider.tsx:18:11)\n    at useAllBandSongsWebSocket (C:\\Users\\leovp\\Programming\\adorador\\adorador-frontend\\src\\global\\hooks\\useAllBandSongsWebSocket.ts:28:37)\n    at BandsShowCase (C:\\Users\\leovp\\Programming\\adorador\\adorador-frontend\\src\\app\\(public)\\grupos\\_components\\BandsShowCase.tsx:25:27)\n    at renderWithHooks (C:\\Users\\leovp\\Programming\\adorador\\adorador-frontend\\node_modules\\react-dom\\cjs\\react-dom.development.js:15486:18)\n    at mountIndeterminateComponent (C:\\Users\\leovp\\Programming\\adorador\\adorador-frontend\\node_modules\\react-dom\\cjs\\react-dom.development.js:20103:13)\n    at beginWork (C:\\Users\\leovp\\Programming\\adorador\\adorador-frontend\\node_modules\\react-dom\\cjs\\react-dom.development.js:21626:16)\n    at beginWork$1 (C:\\Users\\leovp\\Programming\\adorador\\adorador-frontend\\node_modules\\react-dom\\cjs\\react-dom.development.js:27465:14)\n    at performUnitOfWork (C:\\Users\\leovp\\Programming\\adorador\\adorador-frontend\\node_modules\\react-dom\\cjs\\react-dom.development.js:26599:12)\n    at workLoopSync (C:\\Users\\leovp\\Programming\\adorador\\adorador-frontend\\node_modules\\react-dom\\cjs\\react-dom.development.js:26505:5)\n    at renderRootSync (C:\\Users\\leovp\\Programming\\adorador\\adorador-frontend\\node_modules\\react-dom\\cjs\\react-dom.development.js:26473:7)\n    at recoverFromConcurrentError (C:\\Users\\leovp\\Programming\\adorador\\adorador-frontend\\node_modules\\react-dom\\cjs\\react-dom.development.js:25889:20)\n    at performConcurrentWorkOnRoot (C:\\Users\\leovp\\Programming\\adorador\\adorador-frontend\\node_modules\\react-dom\\cjs\\react-dom.development.js:25789:22)\n    at flushActQueue (C:\\Users\\leovp\\Programming\\adorador\\adorador-frontend\\node_modules\\react\\cjs\\react.development.js:2667:24)\n    at act (C:\\Users\\leovp\\Programming\\adorador\\adorador-frontend\\node_modules\\react\\cjs\\react.development.js:2582:11)\n    at C:\\Users\\leovp\\Programming\\adorador\\adorador-frontend\\node_modules\\@testing-library\\react\\dist\\act-compat.js:47:25\n    at renderRoot (C:\\Users\\leovp\\Programming\\adorador\\adorador-frontend\\node_modules\\@testing-library\\react\\dist\\pure.js:190:26)\n    at render (C:\\Users\\leovp\\Programming\\adorador\\adorador-frontend\\node_modules\\@testing-library\\react\\dist\\pure.js:292:10)\n    at Object.<anonymous> (C:\\Users\\leovp\\Programming\\adorador\\adorador-frontend\\src\\app\\(public)\\grupos\\_components\\__tests__\\BandsShowCase.test.tsx:414:34)\n    at Promise.finally.completed (C:\\Users\\leovp\\Programming\\adorador\\adorador-frontend\\node_modules\\jest-circus\\build\\jestAdapterInit.js:1557:28)\n    at new Promise (<anonymous>)\n    at callAsyncCircusFn (C:\\Users\\leovp\\Programming\\adorador\\adorador-frontend\\node_modules\\jest-circus\\build\\jestAdapterInit.js:1497:10)\n    at _callCircusTest (C:\\Users\\leovp\\Programming\\adorador\\adorador-frontend\\node_modules\\jest-circus\\build\\jestAdapterInit.js:1007:40)\n    at processTicksAndRejections (node:internal/process/task_queues:95:5)\n    at _runTest (C:\\Users\\leovp\\Programming\\adorador\\adorador-frontend\\node_modules\\jest-circus\\build\\jestAdapterInit.js:947:3)\n    at C:\\Users\\leovp\\Programming\\adorador\\adorador-frontend\\node_modules\\jest-circus\\build\\jestAdapterInit.js:849:7\n    at _runTestsForDescribeBlock (C:\\Users\\leovp\\Programming\\adorador\\adorador-frontend\\node_modules\\jest-circus\\build\\jestAdapterInit.js:862:11)\n    at _runTestsForDescribeBlock (C:\\Users\\leovp\\Programming\\adorador\\adorador-frontend\\node_modules\\jest-circus\\build\\jestAdapterInit.js:857:11)\n    at _runTestsForDescribeBlock (C:\\Users\\leovp\\Programming\\adorador\\adorador-frontend\\node_modules\\jest-circus\\build\\jestAdapterInit.js:857:11)\n    at run (C:\\Users\\leovp\\Programming\\adorador\\adorador-frontend\\node_modules\\jest-circus\\build\\jestAdapterInit.js:761:3)\n    at runAndTransformResultsToJestFormat (C:\\Users\\leovp\\Programming\\adorador\\adorador-frontend\\node_modules\\jest-circus\\build\\jestAdapterInit.js:1918:21)\n    at jestAdapter (C:\\Users\\leovp\\Programming\\adorador\\adorador-frontend\\node_modules\\jest-circus\\build\\runner.js:101:19)\n    at runTestInternal (C:\\Users\\leovp\\Programming\\adorador\\adorador-frontend\\node_modules\\jest-runner\\build\\testWorker.js:277:16)\n    at runTest (C:\\Users\\leovp\\Programming\\adorador\\adorador-frontend\\node_modules\\jest-runner\\build\\testWorker.js:345:7)\n    at Object.worker (C:\\Users\\leovp\\Programming\\adorador\\adorador-frontend\\node_modules\\jest-runner\\build\\testWorker.js:499:12)"],"fullName":"BandsShowCase Transiciones de estado debe manejar cambio de usuario no logueado a logueado","invocations":1,"location":null,"numPassingAsserts":0,"retryReasons":[],"startAt":1763189488092,"status":"failed","title":"debe manejar cambio de usuario no logueado a logueado"},{"ancestorTitles":["BandsShowCase","Casos extremos"],"duration":34,"failing":false,"failureDetails":[{}],"failureMessages":["Error: No QueryClient set, use QueryClientProvider to set one\n    at useQueryClient (C:\\Users\\leovp\\Programming\\adorador\\adorador-frontend\\node_modules\\@tanstack\\react-query\\src\\QueryClientProvider.tsx:18:11)\n    at useAllBandSongsWebSocket (C:\\Users\\leovp\\Programming\\adorador\\adorador-frontend\\src\\global\\hooks\\useAllBandSongsWebSocket.ts:28:37)\n    at BandsShowCase (C:\\Users\\leovp\\Programming\\adorador\\adorador-frontend\\src\\app\\(public)\\grupos\\_components\\BandsShowCase.tsx:25:27)\n    at renderWithHooks (C:\\Users\\leovp\\Programming\\adorador\\adorador-frontend\\node_modules\\react-dom\\cjs\\react-dom.development.js:15486:18)\n    at mountIndeterminateComponent (C:\\Users\\leovp\\Programming\\adorador\\adorador-frontend\\node_modules\\react-dom\\cjs\\react-dom.development.js:20103:13)\n    at beginWork (C:\\Users\\leovp\\Programming\\adorador\\adorador-frontend\\node_modules\\react-dom\\cjs\\react-dom.development.js:21626:16)\n    at beginWork$1 (C:\\Users\\leovp\\Programming\\adorador\\adorador-frontend\\node_modules\\react-dom\\cjs\\react-dom.development.js:27465:14)\n    at performUnitOfWork (C:\\Users\\leovp\\Programming\\adorador\\adorador-frontend\\node_modules\\react-dom\\cjs\\react-dom.development.js:26599:12)\n    at workLoopSync (C:\\Users\\leovp\\Programming\\adorador\\adorador-frontend\\node_modules\\react-dom\\cjs\\react-dom.development.js:26505:5)\n    at renderRootSync (C:\\Users\\leovp\\Programming\\adorador\\adorador-frontend\\node_modules\\react-dom\\cjs\\react-dom.development.js:26473:7)\n    at recoverFromConcurrentError (C:\\Users\\leovp\\Programming\\adorador\\adorador-frontend\\node_modules\\react-dom\\cjs\\react-dom.development.js:25889:20)\n    at performConcurrentWorkOnRoot (C:\\Users\\leovp\\Programming\\adorador\\adorador-frontend\\node_modules\\react-dom\\cjs\\react-dom.development.js:25789:22)\n    at flushActQueue (C:\\Users\\leovp\\Programming\\adorador\\adorador-frontend\\node_modules\\react\\cjs\\react.development.js:2667:24)\n    at act (C:\\Users\\leovp\\Programming\\adorador\\adorador-frontend\\node_modules\\react\\cjs\\react.development.js:2582:11)\n    at C:\\Users\\leovp\\Programming\\adorador\\adorador-frontend\\node_modules\\@testing-library\\react\\dist\\act-compat.js:47:25\n    at renderRoot (C:\\Users\\leovp\\Programming\\adorador\\adorador-frontend\\node_modules\\@testing-library\\react\\dist\\pure.js:190:26)\n    at render (C:\\Users\\leovp\\Programming\\adorador\\adorador-frontend\\node_modules\\@testing-library\\react\\dist\\pure.js:292:10)\n    at Object.<anonymous> (C:\\Users\\leovp\\Programming\\adorador\\adorador-frontend\\src\\app\\(public)\\grupos\\_components\\__tests__\\BandsShowCase.test.tsx:455:13)\n    at Promise.finally.completed (C:\\Users\\leovp\\Programming\\adorador\\adorador-frontend\\node_modules\\jest-circus\\build\\jestAdapterInit.js:1557:28)\n    at new Promise (<anonymous>)\n    at callAsyncCircusFn (C:\\Users\\leovp\\Programming\\adorador\\adorador-frontend\\node_modules\\jest-circus\\build\\jestAdapterInit.js:1497:10)\n    at _callCircusTest (C:\\Users\\leovp\\Programming\\adorador\\adorador-frontend\\node_modules\\jest-circus\\build\\jestAdapterInit.js:1007:40)\n    at processTicksAndRejections (node:internal/process/task_queues:95:5)\n    at _runTest (C:\\Users\\leovp\\Programming\\adorador\\adorador-frontend\\node_modules\\jest-circus\\build\\jestAdapterInit.js:947:3)\n    at C:\\Users\\leovp\\Programming\\adorador\\adorador-frontend\\node_modules\\jest-circus\\build\\jestAdapterInit.js:849:7\n    at _runTestsForDescribeBlock (C:\\Users\\leovp\\Programming\\adorador\\adorador-frontend\\node_modules\\jest-circus\\build\\jestAdapterInit.js:862:11)\n    at _runTestsForDescribeBlock (C:\\Users\\leovp\\Programming\\adorador\\adorador-frontend\\node_modules\\jest-circus\\build\\jestAdapterInit.js:857:11)\n    at _runTestsForDescribeBlock (C:\\Users\\leovp\\Programming\\adorador\\adorador-frontend\\node_modules\\jest-circus\\build\\jestAdapterInit.js:857:11)\n    at run (C:\\Users\\leovp\\Programming\\adorador\\adorador-frontend\\node_modules\\jest-circus\\build\\jestAdapterInit.js:761:3)\n    at runAndTransformResultsToJestFormat (C:\\Users\\leovp\\Programming\\adorador\\adorador-frontend\\node_modules\\jest-circus\\build\\jestAdapterInit.js:1918:21)\n    at jestAdapter (C:\\Users\\leovp\\Programming\\adorador\\adorador-frontend\\node_modules\\jest-circus\\build\\runner.js:101:19)\n    at runTestInternal (C:\\Users\\leovp\\Programming\\adorador\\adorador-frontend\\node_modules\\jest-runner\\build\\testWorker.js:277:16)\n    at runTest (C:\\Users\\leovp\\Programming\\adorador\\adorador-frontend\\node_modules\\jest-runner\\build\\testWorker.js:345:7)\n    at Object.worker (C:\\Users\\leovp\\Programming\\adorador\\adorador-frontend\\node_modules\\jest-runner\\build\\testWorker.js:499:12)"],"fullName":"BandsShowCase Casos extremos debe manejar una sola banda correctamente","invocations":1,"location":null,"numPassingAsserts":0,"retryReasons":[],"startAt":1763189488125,"status":"failed","title":"debe manejar una sola banda correctamente"},{"ancestorTitles":["BandsShowCase","Casos extremos"],"duration":30,"failing":false,"failureDetails":[{}],"failureMessages":["Error: No QueryClient set, use QueryClientProvider to set one\n    at useQueryClient (C:\\Users\\leovp\\Programming\\adorador\\adorador-frontend\\node_modules\\@tanstack\\react-query\\src\\QueryClientProvider.tsx:18:11)\n    at useAllBandSongsWebSocket (C:\\Users\\leovp\\Programming\\adorador\\adorador-frontend\\src\\global\\hooks\\useAllBandSongsWebSocket.ts:28:37)\n    at BandsShowCase (C:\\Users\\leovp\\Programming\\adorador\\adorador-frontend\\src\\app\\(public)\\grupos\\_components\\BandsShowCase.tsx:25:27)\n    at renderWithHooks (C:\\Users\\leovp\\Programming\\adorador\\adorador-frontend\\node_modules\\react-dom\\cjs\\react-dom.development.js:15486:18)\n    at mountIndeterminateComponent (C:\\Users\\leovp\\Programming\\adorador\\adorador-frontend\\node_modules\\react-dom\\cjs\\react-dom.development.js:20103:13)\n    at beginWork (C:\\Users\\leovp\\Programming\\adorador\\adorador-frontend\\node_modules\\react-dom\\cjs\\react-dom.development.js:21626:16)\n    at beginWork$1 (C:\\Users\\leovp\\Programming\\adorador\\adorador-frontend\\node_modules\\react-dom\\cjs\\react-dom.development.js:27465:14)\n    at performUnitOfWork (C:\\Users\\leovp\\Programming\\adorador\\adorador-frontend\\node_modules\\react-dom\\cjs\\react-dom.development.js:26599:12)\n    at workLoopSync (C:\\Users\\leovp\\Programming\\adorador\\adorador-frontend\\node_modules\\react-dom\\cjs\\react-dom.development.js:26505:5)\n    at renderRootSync (C:\\Users\\leovp\\Programming\\adorador\\adorador-frontend\\node_modules\\react-dom\\cjs\\react-dom.development.js:26473:7)\n    at recoverFromConcurrentError (C:\\Users\\leovp\\Programming\\adorador\\adorador-frontend\\node_modules\\react-dom\\cjs\\react-dom.development.js:25889:20)\n    at performConcurrentWorkOnRoot (C:\\Users\\leovp\\Programming\\adorador\\adorador-frontend\\node_modules\\react-dom\\cjs\\react-dom.development.js:25789:22)\n    at flushActQueue (C:\\Users\\leovp\\Programming\\adorador\\adorador-frontend\\node_modules\\react\\cjs\\react.development.js:2667:24)\n    at act (C:\\Users\\leovp\\Programming\\adorador\\adorador-frontend\\node_modules\\react\\cjs\\react.development.js:2582:11)\n    at C:\\Users\\leovp\\Programming\\adorador\\adorador-frontend\\node_modules\\@testing-library\\react\\dist\\act-compat.js:47:25\n    at renderRoot (C:\\Users\\leovp\\Programming\\adorador\\adorador-frontend\\node_modules\\@testing-library\\react\\dist\\pure.js:190:26)\n    at render (C:\\Users\\leovp\\Programming\\adorador\\adorador-frontend\\node_modules\\@testing-library\\react\\dist\\pure.js:292:10)\n    at Object.<anonymous> (C:\\Users\\leovp\\Programming\\adorador\\adorador-frontend\\src\\app\\(public)\\grupos\\_components\\__tests__\\BandsShowCase.test.tsx:482:35)\n    at Promise.finally.completed (C:\\Users\\leovp\\Programming\\adorador\\adorador-frontend\\node_modules\\jest-circus\\build\\jestAdapterInit.js:1557:28)\n    at new Promise (<anonymous>)\n    at callAsyncCircusFn (C:\\Users\\leovp\\Programming\\adorador\\adorador-frontend\\node_modules\\jest-circus\\build\\jestAdapterInit.js:1497:10)\n    at _callCircusTest (C:\\Users\\leovp\\Programming\\adorador\\adorador-frontend\\node_modules\\jest-circus\\build\\jestAdapterInit.js:1007:40)\n    at processTicksAndRejections (node:internal/process/task_queues:95:5)\n    at _runTest (C:\\Users\\leovp\\Programming\\adorador\\adorador-frontend\\node_modules\\jest-circus\\build\\jestAdapterInit.js:947:3)\n    at C:\\Users\\leovp\\Programming\\adorador\\adorador-frontend\\node_modules\\jest-circus\\build\\jestAdapterInit.js:849:7\n    at _runTestsForDescribeBlock (C:\\Users\\leovp\\Programming\\adorador\\adorador-frontend\\node_modules\\jest-circus\\build\\jestAdapterInit.js:862:11)\n    at _runTestsForDescribeBlock (C:\\Users\\leovp\\Programming\\adorador\\adorador-frontend\\node_modules\\jest-circus\\build\\jestAdapterInit.js:857:11)\n    at _runTestsForDescribeBlock (C:\\Users\\leovp\\Programming\\adorador\\adorador-frontend\\node_modules\\jest-circus\\build\\jestAdapterInit.js:857:11)\n    at run (C:\\Users\\leovp\\Programming\\adorador\\adorador-frontend\\node_modules\\jest-circus\\build\\jestAdapterInit.js:761:3)\n    at runAndTransformResultsToJestFormat (C:\\Users\\leovp\\Programming\\adorador\\adorador-frontend\\node_modules\\jest-circus\\build\\jestAdapterInit.js:1918:21)\n    at jestAdapter (C:\\Users\\leovp\\Programming\\adorador\\adorador-frontend\\node_modules\\jest-circus\\build\\runner.js:101:19)\n    at runTestInternal (C:\\Users\\leovp\\Programming\\adorador\\adorador-frontend\\node_modules\\jest-runner\\build\\testWorker.js:277:16)\n    at runTest (C:\\Users\\leovp\\Programming\\adorador\\adorador-frontend\\node_modules\\jest-runner\\build\\testWorker.js:345:7)\n    at Object.worker (C:\\Users\\leovp\\Programming\\adorador\\adorador-frontend\\node_modules\\jest-runner\\build\\testWorker.js:499:12)"],"fullName":"BandsShowCase Casos extremos debe manejar muchas bandas (renderizado masivo)","invocations":1,"location":null,"numPassingAsserts":0,"retryReasons":[],"startAt":1763189488162,"status":"failed","title":"debe manejar muchas bandas (renderizado masivo)"},{"ancestorTitles":["BandsShowCase","Memoización"],"duration":32,"failing":false,"failureDetails":[{}],"failureMessages":["Error: No QueryClient set, use QueryClientProvider to set one\n    at useQueryClient (C:\\Users\\leovp\\Programming\\adorador\\adorador-frontend\\node_modules\\@tanstack\\react-query\\src\\QueryClientProvider.tsx:18:11)\n    at useAllBandSongsWebSocket (C:\\Users\\leovp\\Programming\\adorador\\adorador-frontend\\src\\global\\hooks\\useAllBandSongsWebSocket.ts:28:37)\n    at BandsShowCase (C:\\Users\\leovp\\Programming\\adorador\\adorador-frontend\\src\\app\\(public)\\grupos\\_components\\BandsShowCase.tsx:25:27)\n    at renderWithHooks (C:\\Users\\leovp\\Programming\\adorador\\adorador-frontend\\node_modules\\react-dom\\cjs\\react-dom.development.js:15486:18)\n    at mountIndeterminateComponent (C:\\Users\\leovp\\Programming\\adorador\\adorador-frontend\\node_modules\\react-dom\\cjs\\react-dom.development.js:20103:13)\n    at beginWork (C:\\Users\\leovp\\Programming\\adorador\\adorador-frontend\\node_modules\\react-dom\\cjs\\react-dom.development.js:21626:16)\n    at beginWork$1 (C:\\Users\\leovp\\Programming\\adorador\\adorador-frontend\\node_modules\\react-dom\\cjs\\react-dom.development.js:27465:14)\n    at performUnitOfWork (C:\\Users\\leovp\\Programming\\adorador\\adorador-frontend\\node_modules\\react-dom\\cjs\\react-dom.development.js:26599:12)\n    at workLoopSync (C:\\Users\\leovp\\Programming\\adorador\\adorador-frontend\\node_modules\\react-dom\\cjs\\react-dom.development.js:26505:5)\n    at renderRootSync (C:\\Users\\leovp\\Programming\\adorador\\adorador-frontend\\node_modules\\react-dom\\cjs\\react-dom.development.js:26473:7)\n    at recoverFromConcurrentError (C:\\Users\\leovp\\Programming\\adorador\\adorador-frontend\\node_modules\\react-dom\\cjs\\react-dom.development.js:25889:20)\n    at performConcurrentWorkOnRoot (C:\\Users\\leovp\\Programming\\adorador\\adorador-frontend\\node_modules\\react-dom\\cjs\\react-dom.development.js:25789:22)\n    at flushActQueue (C:\\Users\\leovp\\Programming\\adorador\\adorador-frontend\\node_modules\\react\\cjs\\react.development.js:2667:24)\n    at act (C:\\Users\\leovp\\Programming\\adorador\\adorador-frontend\\node_modules\\react\\cjs\\react.development.js:2582:11)\n    at C:\\Users\\leovp\\Programming\\adorador\\adorador-frontend\\node_modules\\@testing-library\\react\\dist\\act-compat.js:47:25\n    at renderRoot (C:\\Users\\leovp\\Programming\\adorador\\adorador-frontend\\node_modules\\@testing-library\\react\\dist\\pure.js:190:26)\n    at render (C:\\Users\\leovp\\Programming\\adorador\\adorador-frontend\\node_modules\\@testing-library\\react\\dist\\pure.js:292:10)\n    at Object.<anonymous> (C:\\Users\\leovp\\Programming\\adorador\\adorador-frontend\\src\\app\\(public)\\grupos\\_components\\__tests__\\BandsShowCase.test.tsx:513:13)\n    at Promise.finally.completed (C:\\Users\\leovp\\Programming\\adorador\\adorador-frontend\\node_modules\\jest-circus\\build\\jestAdapterInit.js:1557:28)\n    at new Promise (<anonymous>)\n    at callAsyncCircusFn (C:\\Users\\leovp\\Programming\\adorador\\adorador-frontend\\node_modules\\jest-circus\\build\\jestAdapterInit.js:1497:10)\n    at _callCircusTest (C:\\Users\\leovp\\Programming\\adorador\\adorador-frontend\\node_modules\\jest-circus\\build\\jestAdapterInit.js:1007:40)\n    at processTicksAndRejections (node:internal/process/task_queues:95:5)\n    at _runTest (C:\\Users\\leovp\\Programming\\adorador\\adorador-frontend\\node_modules\\jest-circus\\build\\jestAdapterInit.js:947:3)\n    at C:\\Users\\leovp\\Programming\\adorador\\adorador-frontend\\node_modules\\jest-circus\\build\\jestAdapterInit.js:849:7\n    at _runTestsForDescribeBlock (C:\\Users\\leovp\\Programming\\adorador\\adorador-frontend\\node_modules\\jest-circus\\build\\jestAdapterInit.js:862:11)\n    at _runTestsForDescribeBlock (C:\\Users\\leovp\\Programming\\adorador\\adorador-frontend\\node_modules\\jest-circus\\build\\jestAdapterInit.js:857:11)\n    at _runTestsForDescribeBlock (C:\\Users\\leovp\\Programming\\adorador\\adorador-frontend\\node_modules\\jest-circus\\build\\jestAdapterInit.js:857:11)\n    at run (C:\\Users\\leovp\\Programming\\adorador\\adorador-frontend\\node_modules\\jest-circus\\build\\jestAdapterInit.js:761:3)\n    at runAndTransformResultsToJestFormat (C:\\Users\\leovp\\Programming\\adorador\\adorador-frontend\\node_modules\\jest-circus\\build\\jestAdapterInit.js:1918:21)\n    at jestAdapter (C:\\Users\\leovp\\Programming\\adorador\\adorador-frontend\\node_modules\\jest-circus\\build\\runner.js:101:19)\n    at runTestInternal (C:\\Users\\leovp\\Programming\\adorador\\adorador-frontend\\node_modules\\jest-runner\\build\\testWorker.js:277:16)\n    at runTest (C:\\Users\\leovp\\Programming\\adorador\\adorador-frontend\\node_modules\\jest-runner\\build\\testWorker.js:345:7)\n    at Object.worker (C:\\Users\\leovp\\Programming\\adorador\\adorador-frontend\\node_modules\\jest-runner\\build\\testWorker.js:499:12)"],"fullName":"BandsShowCase Memoización debe usar useMemo para isLoggedIn para evitar re-renders innecesarios","invocations":1,"location":null,"numPassingAsserts":0,"retryReasons":[],"startAt":1763189488194,"status":"failed","title":"debe usar useMemo para isLoggedIn para evitar re-renders innecesarios"}],"endTime":1763189489079,"message":"\u001b[1m\u001b[31m  \u001b[1m● \u001b[22m\u001b[1mBandsShowCase › Estado de carga › debe mostrar skeletons mientras carga\u001b[39m\u001b[22m\n\n    No QueryClient set, use QueryClientProvider to set one\n\u001b[2m\u001b[22m\n\u001b[2m    \u001b[0m \u001b[90m 26 |\u001b[39m   enabled \u001b[33m=\u001b[39m \u001b[36mtrue\u001b[39m\u001b[33m,\u001b[39m\u001b[22m\n\u001b[2m     \u001b[90m 27 |\u001b[39m }\u001b[33m:\u001b[39m \u001b[33mUseAllBandSongsWebSocketProps\u001b[39m) \u001b[33m=>\u001b[39m {\u001b[22m\n\u001b[2m    \u001b[31m\u001b[1m>\u001b[22m\u001b[2m\u001b[39m\u001b[90m 28 |\u001b[39m   \u001b[36mconst\u001b[39m queryClient \u001b[33m=\u001b[39m useQueryClient()\u001b[33m;\u001b[39m\u001b[22m\n\u001b[2m     \u001b[90m    |\u001b[39m                                     \u001b[31m\u001b[1m^\u001b[22m\u001b[2m\u001b[39m\u001b[22m\n\u001b[2m     \u001b[90m 29 |\u001b[39m   \u001b[36mconst\u001b[39m socketRef \u001b[33m=\u001b[39m useRef\u001b[33m<\u001b[39m\u001b[33mSocket\u001b[39m \u001b[33m|\u001b[39m \u001b[36mnull\u001b[39m\u001b[33m>\u001b[39m(\u001b[36mnull\u001b[39m)\u001b[33m;\u001b[39m\u001b[22m\n\u001b[2m     \u001b[90m 30 |\u001b[39m   \u001b[36mconst\u001b[39m listenersRef \u001b[33m=\u001b[39m useRef\u001b[33m<\u001b[39m\u001b[33mSet\u001b[39m\u001b[33m<\u001b[39m\u001b[33mstring\u001b[39m\u001b[33m>>\u001b[39m(\u001b[36mnew\u001b[39m \u001b[33mSet\u001b[39m())\u001b[33m;\u001b[39m\u001b[22m\n\u001b[2m     \u001b[90m 31 |\u001b[39m\u001b[0m\u001b[22m\n\u001b[2m\u001b[22m\n\u001b[2m      \u001b[2mat useQueryClient (\u001b[22m\u001b[2mnode_modules/@tanstack/react-query/src/QueryClientProvider.tsx\u001b[2m:18:11)\u001b[22m\u001b[2m\u001b[22m\n\u001b[2m      \u001b[2mat useAllBandSongsWebSocket (\u001b[22m\u001b[2msrc/global/hooks/useAllBandSongsWebSocket.ts\u001b[2m:28:37)\u001b[22m\u001b[2m\u001b[22m\n\u001b[2m      \u001b[2mat BandsShowCase (C:\\Users\\leovp\\Programming\\adorador\\adorador-frontend\\src\\app\\(public)\u001b[22m\u001b[2m../../../../../grupos/_components/BandsShowCase.tsx\u001b[2m:25:27)\u001b[22m\u001b[2m\u001b[22m\n\u001b[2m      \u001b[2mat renderWithHooks (\u001b[22m\u001b[2mnode_modules/react-dom/cjs/react-dom.development.js\u001b[2m:15486:18)\u001b[22m\u001b[2m\u001b[22m\n\u001b[2m      \u001b[2mat mountIndeterminateComponent (\u001b[22m\u001b[2mnode_modules/react-dom/cjs/react-dom.development.js\u001b[2m:20103:13)\u001b[22m\u001b[2m\u001b[22m\n\u001b[2m      \u001b[2mat beginWork (\u001b[22m\u001b[2mnode_modules/react-dom/cjs/react-dom.development.js\u001b[2m:21626:16)\u001b[22m\u001b[2m\u001b[22m\n\u001b[2m      \u001b[2mat beginWork$1 (\u001b[22m\u001b[2mnode_modules/react-dom/cjs/react-dom.development.js\u001b[2m:27465:14)\u001b[22m\u001b[2m\u001b[22m\n\u001b[2m      \u001b[2mat performUnitOfWork (\u001b[22m\u001b[2mnode_modules/react-dom/cjs/react-dom.development.js\u001b[2m:26599:12)\u001b[22m\u001b[2m\u001b[22m\n\u001b[2m      \u001b[2mat workLoopSync (\u001b[22m\u001b[2mnode_modules/react-dom/cjs/react-dom.development.js\u001b[2m:26505:5)\u001b[22m\u001b[2m\u001b[22m\n\u001b[2m      \u001b[2mat renderRootSync (\u001b[22m\u001b[2mnode_modules/react-dom/cjs/react-dom.development.js\u001b[2m:26473:7)\u001b[22m\u001b[2m\u001b[22m\n\u001b[2m      \u001b[2mat recoverFromConcurrentError (\u001b[22m\u001b[2mnode_modules/react-dom/cjs/react-dom.development.js\u001b[2m:25889:20)\u001b[22m\u001b[2m\u001b[22m\n\u001b[2m      \u001b[2mat performConcurrentWorkOnRoot (\u001b[22m\u001b[2mnode_modules/react-dom/cjs/react-dom.development.js\u001b[2m:25789:22)\u001b[22m\u001b[2m\u001b[22m\n\u001b[2m      \u001b[2mat flushActQueue (\u001b[22m\u001b[2mnode_modules/react/cjs/react.development.js\u001b[2m:2667:24)\u001b[22m\u001b[2m\u001b[22m\n\u001b[2m      \u001b[2mat act (\u001b[22m\u001b[2mnode_modules/react/cjs/react.development.js\u001b[2m:2582:11)\u001b[22m\u001b[2m\u001b[22m\n\u001b[2m      \u001b[2mat \u001b[22m\u001b[2mnode_modules/@testing-library/react/dist/act-compat.js\u001b[2m:47:25\u001b[22m\u001b[2m\u001b[22m\n\u001b[2m      \u001b[2mat renderRoot (\u001b[22m\u001b[2mnode_modules/@testing-library/react/dist/pure.js\u001b[2m:190:26)\u001b[22m\u001b[2m\u001b[22m\n\u001b[2m      \u001b[2mat render (\u001b[22m\u001b[2mnode_modules/@testing-library/react/dist/pure.js\u001b[2m:292:10)\u001b[22m\u001b[2m\u001b[22m\n\u001b[2m      \u001b[2mat Object.<anonymous> (C:\\Users\\leovp\\Programming\\adorador\\adorador-frontend\\src\\app\\(public)\u001b[22m\u001b[2m../../../../../grupos/_components/__tests__/BandsShowCase.test.tsx\u001b[2m:147:13)\u001b[22m\u001b[2m\u001b[22m\n\n\u001b[1m\u001b[31m  \u001b[1m● \u001b[22m\u001b[1mBandsShowCase › Estado de carga › debe mostrar mensaje \"Loading...\" en cada skeleton\u001b[39m\u001b[22m\n\n    No QueryClient set, use QueryClientProvider to set one\n\u001b[2m\u001b[22m\n\u001b[2m    \u001b[0m \u001b[90m 26 |\u001b[39m   enabled \u001b[33m=\u001b[39m \u001b[36mtrue\u001b[39m\u001b[33m,\u001b[39m\u001b[22m\n\u001b[2m     \u001b[90m 27 |\u001b[39m }\u001b[33m:\u001b[39m \u001b[33mUseAllBandSongsWebSocketProps\u001b[39m) \u001b[33m=>\u001b[39m {\u001b[22m\n\u001b[2m    \u001b[31m\u001b[1m>\u001b[22m\u001b[2m\u001b[39m\u001b[90m 28 |\u001b[39m   \u001b[36mconst\u001b[39m queryClient \u001b[33m=\u001b[39m useQueryClient()\u001b[33m;\u001b[39m\u001b[22m\n\u001b[2m     \u001b[90m    |\u001b[39m                                     \u001b[31m\u001b[1m^\u001b[22m\u001b[2m\u001b[39m\u001b[22m\n\u001b[2m     \u001b[90m 29 |\u001b[39m   \u001b[36mconst\u001b[39m socketRef \u001b[33m=\u001b[39m useRef\u001b[33m<\u001b[39m\u001b[33mSocket\u001b[39m \u001b[33m|\u001b[39m \u001b[36mnull\u001b[39m\u001b[33m>\u001b[39m(\u001b[36mnull\u001b[39m)\u001b[33m;\u001b[39m\u001b[22m\n\u001b[2m     \u001b[90m 30 |\u001b[39m   \u001b[36mconst\u001b[39m listenersRef \u001b[33m=\u001b[39m useRef\u001b[33m<\u001b[39m\u001b[33mSet\u001b[39m\u001b[33m<\u001b[39m\u001b[33mstring\u001b[39m\u001b[33m>>\u001b[39m(\u001b[36mnew\u001b[39m \u001b[33mSet\u001b[39m())\u001b[33m;\u001b[39m\u001b[22m\n\u001b[2m     \u001b[90m 31 |\u001b[39m\u001b[0m\u001b[22m\n\u001b[2m\u001b[22m\n\u001b[2m      \u001b[2mat useQueryClient (\u001b[22m\u001b[2mnode_modules/@tanstack/react-query/src/QueryClientProvider.tsx\u001b[2m:18:11)\u001b[22m\u001b[2m\u001b[22m\n\u001b[2m      \u001b[2mat useAllBandSongsWebSocket (\u001b[22m\u001b[2msrc/global/hooks/useAllBandSongsWebSocket.ts\u001b[2m:28:37)\u001b[22m\u001b[2m\u001b[22m\n\u001b[2m      \u001b[2mat BandsShowCase (C:\\Users\\leovp\\Programming\\adorador\\adorador-frontend\\src\\app\\(public)\u001b[22m\u001b[2m../../../../../grupos/_components/BandsShowCase.tsx\u001b[2m:25:27)\u001b[22m\u001b[2m\u001b[22m\n\u001b[2m      \u001b[2mat renderWithHooks (\u001b[22m\u001b[2mnode_modules/react-dom/cjs/react-dom.development.js\u001b[2m:15486:18)\u001b[22m\u001b[2m\u001b[22m\n\u001b[2m      \u001b[2mat mountIndeterminateComponent (\u001b[22m\u001b[2mnode_modules/react-dom/cjs/react-dom.development.js\u001b[2m:20103:13)\u001b[22m\u001b[2m\u001b[22m\n\u001b[2m      \u001b[2mat beginWork (\u001b[22m\u001b[2mnode_modules/react-dom/cjs/react-dom.development.js\u001b[2m:21626:16)\u001b[22m\u001b[2m\u001b[22m\n\u001b[2m      \u001b[2mat beginWork$1 (\u001b[22m\u001b[2mnode_modules/react-dom/cjs/react-dom.development.js\u001b[2m:27465:14)\u001b[22m\u001b[2m\u001b[22m\n\u001b[2m      \u001b[2mat performUnitOfWork (\u001b[22m\u001b[2mnode_modules/react-dom/cjs/react-dom.development.js\u001b[2m:26599:12)\u001b[22m\u001b[2m\u001b[22m\n\u001b[2m      \u001b[2mat workLoopSync (\u001b[22m\u001b[2mnode_modules/react-dom/cjs/react-dom.development.js\u001b[2m:26505:5)\u001b[22m\u001b[2m\u001b[22m\n\u001b[2m      \u001b[2mat renderRootSync (\u001b[22m\u001b[2mnode_modules/react-dom/cjs/react-dom.development.js\u001b[2m:26473:7)\u001b[22m\u001b[2m\u001b[22m\n\u001b[2m      \u001b[2mat recoverFromConcurrentError (\u001b[22m\u001b[2mnode_modules/react-dom/cjs/react-dom.development.js\u001b[2m:25889:20)\u001b[22m\u001b[2m\u001b[22m\n\u001b[2m      \u001b[2mat performConcurrentWorkOnRoot (\u001b[22m\u001b[2mnode_modules/react-dom/cjs/react-dom.development.js\u001b[2m:25789:22)\u001b[22m\u001b[2m\u001b[22m\n\u001b[2m      \u001b[2mat flushActQueue (\u001b[22m\u001b[2mnode_modules/react/cjs/react.development.js\u001b[2m:2667:24)\u001b[22m\u001b[2m\u001b[22m\n\u001b[2m      \u001b[2mat act (\u001b[22m\u001b[2mnode_modules/react/cjs/react.development.js\u001b[2m:2582:11)\u001b[22m\u001b[2m\u001b[22m\n\u001b[2m      \u001b[2mat \u001b[22m\u001b[2mnode_modules/@testing-library/react/dist/act-compat.js\u001b[2m:47:25\u001b[22m\u001b[2m\u001b[22m\n\u001b[2m      \u001b[2mat renderRoot (\u001b[22m\u001b[2mnode_modules/@testing-library/react/dist/pure.js\u001b[2m:190:26)\u001b[22m\u001b[2m\u001b[22m\n\u001b[2m      \u001b[2mat render (\u001b[22m\u001b[2mnode_modules/@testing-library/react/dist/pure.js\u001b[2m:292:10)\u001b[22m\u001b[2m\u001b[22m\n\u001b[2m      \u001b[2mat Object.<anonymous> (C:\\Users\\leovp\\Programming\\adorador\\adorador-frontend\\src\\app\\(public)\u001b[22m\u001b[2m../../../../../grupos/_components/__tests__/BandsShowCase.test.tsx\u001b[2m:160:13)\u001b[22m\u001b[2m\u001b[22m\n\n\u001b[1m\u001b[31m  \u001b[1m● \u001b[22m\u001b[1mBandsShowCase › Estado de error › debe mostrar mensaje cuando no está en ningún grupo\u001b[39m\u001b[22m\n\n    No QueryClient set, use QueryClientProvider to set one\n\u001b[2m\u001b[22m\n\u001b[2m    \u001b[0m \u001b[90m 26 |\u001b[39m   enabled \u001b[33m=\u001b[39m \u001b[36mtrue\u001b[39m\u001b[33m,\u001b[39m\u001b[22m\n\u001b[2m     \u001b[90m 27 |\u001b[39m }\u001b[33m:\u001b[39m \u001b[33mUseAllBandSongsWebSocketProps\u001b[39m) \u001b[33m=>\u001b[39m {\u001b[22m\n\u001b[2m    \u001b[31m\u001b[1m>\u001b[22m\u001b[2m\u001b[39m\u001b[90m 28 |\u001b[39m   \u001b[36mconst\u001b[39m queryClient \u001b[33m=\u001b[39m useQueryClient()\u001b[33m;\u001b[39m\u001b[22m\n\u001b[2m     \u001b[90m    |\u001b[39m                                     \u001b[31m\u001b[1m^\u001b[22m\u001b[2m\u001b[39m\u001b[22m\n\u001b[2m     \u001b[90m 29 |\u001b[39m   \u001b[36mconst\u001b[39m socketRef \u001b[33m=\u001b[39m useRef\u001b[33m<\u001b[39m\u001b[33mSocket\u001b[39m \u001b[33m|\u001b[39m \u001b[36mnull\u001b[39m\u001b[33m>\u001b[39m(\u001b[36mnull\u001b[39m)\u001b[33m;\u001b[39m\u001b[22m\n\u001b[2m     \u001b[90m 30 |\u001b[39m   \u001b[36mconst\u001b[39m listenersRef \u001b[33m=\u001b[39m useRef\u001b[33m<\u001b[39m\u001b[33mSet\u001b[39m\u001b[33m<\u001b[39m\u001b[33mstring\u001b[39m\u001b[33m>>\u001b[39m(\u001b[36mnew\u001b[39m \u001b[33mSet\u001b[39m())\u001b[33m;\u001b[39m\u001b[22m\n\u001b[2m     \u001b[90m 31 |\u001b[39m\u001b[0m\u001b[22m\n\u001b[2m\u001b[22m\n\u001b[2m      \u001b[2mat useQueryClient (\u001b[22m\u001b[2mnode_modules/@tanstack/react-query/src/QueryClientProvider.tsx\u001b[2m:18:11)\u001b[22m\u001b[2m\u001b[22m\n\u001b[2m      \u001b[2mat useAllBandSongsWebSocket (\u001b[22m\u001b[2msrc/global/hooks/useAllBandSongsWebSocket.ts\u001b[2m:28:37)\u001b[22m\u001b[2m\u001b[22m\n\u001b[2m      \u001b[2mat BandsShowCase (C:\\Users\\leovp\\Programming\\adorador\\adorador-frontend\\src\\app\\(public)\u001b[22m\u001b[2m../../../../../grupos/_components/BandsShowCase.tsx\u001b[2m:25:27)\u001b[22m\u001b[2m\u001b[22m\n\u001b[2m      \u001b[2mat renderWithHooks (\u001b[22m\u001b[2mnode_modules/react-dom/cjs/react-dom.development.js\u001b[2m:15486:18)\u001b[22m\u001b[2m\u001b[22m\n\u001b[2m      \u001b[2mat mountIndeterminateComponent (\u001b[22m\u001b[2mnode_modules/react-dom/cjs/react-dom.development.js\u001b[2m:20103:13)\u001b[22m\u001b[2m\u001b[22m\n\u001b[2m      \u001b[2mat beginWork (\u001b[22m\u001b[2mnode_modules/react-dom/cjs/react-dom.development.js\u001b[2m:21626:16)\u001b[22m\u001b[2m\u001b[22m\n\u001b[2m      \u001b[2mat beginWork$1 (\u001b[22m\u001b[2mnode_modules/react-dom/cjs/react-dom.development.js\u001b[2m:27465:14)\u001b[22m\u001b[2m\u001b[22m\n\u001b[2m      \u001b[2mat performUnitOfWork (\u001b[22m\u001b[2mnode_modules/react-dom/cjs/react-dom.development.js\u001b[2m:26599:12)\u001b[22m\u001b[2m\u001b[22m\n\u001b[2m      \u001b[2mat workLoopSync (\u001b[22m\u001b[2mnode_modules/react-dom/cjs/react-dom.development.js\u001b[2m:26505:5)\u001b[22m\u001b[2m\u001b[22m\n\u001b[2m      \u001b[2mat renderRootSync (\u001b[22m\u001b[2mnode_modules/react-dom/cjs/react-dom.development.js\u001b[2m:26473:7)\u001b[22m\u001b[2m\u001b[22m\n\u001b[2m      \u001b[2mat recoverFromConcurrentError (\u001b[22m\u001b[2mnode_modules/react-dom/cjs/react-dom.development.js\u001b[2m:25889:20)\u001b[22m\u001b[2m\u001b[22m\n\u001b[2m      \u001b[2mat performConcurrentWorkOnRoot (\u001b[22m\u001b[2mnode_modules/react-dom/cjs/react-dom.development.js\u001b[2m:25789:22)\u001b[22m\u001b[2m\u001b[22m\n\u001b[2m      \u001b[2mat flushActQueue (\u001b[22m\u001b[2mnode_modules/react/cjs/react.development.js\u001b[2m:2667:24)\u001b[22m\u001b[2m\u001b[22m\n\u001b[2m      \u001b[2mat act (\u001b[22m\u001b[2mnode_modules/react/cjs/react.development.js\u001b[2m:2582:11)\u001b[22m\u001b[2m\u001b[22m\n\u001b[2m      \u001b[2mat \u001b[22m\u001b[2mnode_modules/@testing-library/react/dist/act-compat.js\u001b[2m:47:25\u001b[22m\u001b[2m\u001b[22m\n\u001b[2m      \u001b[2mat renderRoot (\u001b[22m\u001b[2mnode_modules/@testing-library/react/dist/pure.js\u001b[2m:190:26)\u001b[22m\u001b[2m\u001b[22m\n\u001b[2m      \u001b[2mat render (\u001b[22m\u001b[2mnode_modules/@testing-library/react/dist/pure.js\u001b[2m:292:10)\u001b[22m\u001b[2m\u001b[22m\n\u001b[2m      \u001b[2mat Object.<anonymous> (C:\\Users\\leovp\\Programming\\adorador\\adorador-frontend\\src\\app\\(public)\u001b[22m\u001b[2m../../../../../grupos/_components/__tests__/BandsShowCase.test.tsx\u001b[2m:175:13)\u001b[22m\u001b[2m\u001b[22m\n\n\u001b[1m\u001b[31m  \u001b[1m● \u001b[22m\u001b[1mBandsShowCase › Estado de error › NO debe mostrar skeletons cuando hay error\u001b[39m\u001b[22m\n\n    No QueryClient set, use QueryClientProvider to set one\n\u001b[2m\u001b[22m\n\u001b[2m    \u001b[0m \u001b[90m 26 |\u001b[39m   enabled \u001b[33m=\u001b[39m \u001b[36mtrue\u001b[39m\u001b[33m,\u001b[39m\u001b[22m\n\u001b[2m     \u001b[90m 27 |\u001b[39m }\u001b[33m:\u001b[39m \u001b[33mUseAllBandSongsWebSocketProps\u001b[39m) \u001b[33m=>\u001b[39m {\u001b[22m\n\u001b[2m    \u001b[31m\u001b[1m>\u001b[22m\u001b[2m\u001b[39m\u001b[90m 28 |\u001b[39m   \u001b[36mconst\u001b[39m queryClient \u001b[33m=\u001b[39m useQueryClient()\u001b[33m;\u001b[39m\u001b[22m\n\u001b[2m     \u001b[90m    |\u001b[39m                                     \u001b[31m\u001b[1m^\u001b[22m\u001b[2m\u001b[39m\u001b[22m\n\u001b[2m     \u001b[90m 29 |\u001b[39m   \u001b[36mconst\u001b[39m socketRef \u001b[33m=\u001b[39m useRef\u001b[33m<\u001b[39m\u001b[33mSocket\u001b[39m \u001b[33m|\u001b[39m \u001b[36mnull\u001b[39m\u001b[33m>\u001b[39m(\u001b[36mnull\u001b[39m)\u001b[33m;\u001b[39m\u001b[22m\n\u001b[2m     \u001b[90m 30 |\u001b[39m   \u001b[36mconst\u001b[39m listenersRef \u001b[33m=\u001b[39m useRef\u001b[33m<\u001b[39m\u001b[33mSet\u001b[39m\u001b[33m<\u001b[39m\u001b[33mstring\u001b[39m\u001b[33m>>\u001b[39m(\u001b[36mnew\u001b[39m \u001b[33mSet\u001b[39m())\u001b[33m;\u001b[39m\u001b[22m\n\u001b[2m     \u001b[90m 31 |\u001b[39m\u001b[0m\u001b[22m\n\u001b[2m\u001b[22m\n\u001b[2m      \u001b[2mat useQueryClient (\u001b[22m\u001b[2mnode_modules/@tanstack/react-query/src/QueryClientProvider.tsx\u001b[2m:18:11)\u001b[22m\u001b[2m\u001b[22m\n\u001b[2m      \u001b[2mat useAllBandSongsWebSocket (\u001b[22m\u001b[2msrc/global/hooks/useAllBandSongsWebSocket.ts\u001b[2m:28:37)\u001b[22m\u001b[2m\u001b[22m\n\u001b[2m      \u001b[2mat BandsShowCase (C:\\Users\\leovp\\Programming\\adorador\\adorador-frontend\\src\\app\\(public)\u001b[22m\u001b[2m../../../../../grupos/_components/BandsShowCase.tsx\u001b[2m:25:27)\u001b[22m\u001b[2m\u001b[22m\n\u001b[2m      \u001b[2mat renderWithHooks (\u001b[22m\u001b[2mnode_modules/react-dom/cjs/react-dom.development.js\u001b[2m:15486:18)\u001b[22m\u001b[2m\u001b[22m\n\u001b[2m      \u001b[2mat mountIndeterminateComponent (\u001b[22m\u001b[2mnode_modules/react-dom/cjs/react-dom.development.js\u001b[2m:20103:13)\u001b[22m\u001b[2m\u001b[22m\n\u001b[2m      \u001b[2mat beginWork (\u001b[22m\u001b[2mnode_modules/react-dom/cjs/react-dom.development.js\u001b[2m:21626:16)\u001b[22m\u001b[2m\u001b[22m\n\u001b[2m      \u001b[2mat beginWork$1 (\u001b[22m\u001b[2mnode_modules/react-dom/cjs/react-dom.development.js\u001b[2m:27465:14)\u001b[22m\u001b[2m\u001b[22m\n\u001b[2m      \u001b[2mat performUnitOfWork (\u001b[22m\u001b[2mnode_modules/react-dom/cjs/react-dom.development.js\u001b[2m:26599:12)\u001b[22m\u001b[2m\u001b[22m\n\u001b[2m      \u001b[2mat workLoopSync (\u001b[22m\u001b[2mnode_modules/react-dom/cjs/react-dom.development.js\u001b[2m:26505:5)\u001b[22m\u001b[2m\u001b[22m\n\u001b[2m      \u001b[2mat renderRootSync (\u001b[22m\u001b[2mnode_modules/react-dom/cjs/react-dom.development.js\u001b[2m:26473:7)\u001b[22m\u001b[2m\u001b[22m\n\u001b[2m      \u001b[2mat recoverFromConcurrentError (\u001b[22m\u001b[2mnode_modules/react-dom/cjs/react-dom.development.js\u001b[2m:25889:20)\u001b[22m\u001b[2m\u001b[22m\n\u001b[2m      \u001b[2mat performConcurrentWorkOnRoot (\u001b[22m\u001b[2mnode_modules/react-dom/cjs/react-dom.development.js\u001b[2m:25789:22)\u001b[22m\u001b[2m\u001b[22m\n\u001b[2m      \u001b[2mat flushActQueue (\u001b[22m\u001b[2mnode_modules/react/cjs/react.development.js\u001b[2m:2667:24)\u001b[22m\u001b[2m\u001b[22m\n\u001b[2m      \u001b[2mat act (\u001b[22m\u001b[2mnode_modules/react/cjs/react.development.js\u001b[2m:2582:11)\u001b[22m\u001b[2m\u001b[22m\n\u001b[2m      \u001b[2mat \u001b[22m\u001b[2mnode_modules/@testing-library/react/dist/act-compat.js\u001b[2m:47:25\u001b[22m\u001b[2m\u001b[22m\n\u001b[2m      \u001b[2mat renderRoot (\u001b[22m\u001b[2mnode_modules/@testing-library/react/dist/pure.js\u001b[2m:190:26)\u001b[22m\u001b[2m\u001b[22m\n\u001b[2m      \u001b[2mat render (\u001b[22m\u001b[2mnode_modules/@testing-library/react/dist/pure.js\u001b[2m:292:10)\u001b[22m\u001b[2m\u001b[22m\n\u001b[2m      \u001b[2mat Object.<anonymous> (C:\\Users\\leovp\\Programming\\adorador\\adorador-frontend\\src\\app\\(public)\u001b[22m\u001b[2m../../../../../grupos/_components/__tests__/BandsShowCase.test.tsx\u001b[2m:189:13)\u001b[22m\u001b[2m\u001b[22m\n\n\u001b[1m\u001b[31m  \u001b[1m● \u001b[22m\u001b[1mBandsShowCase › Renderizado de bandas › debe renderizar todas las bandas del usuario\u001b[39m\u001b[22m\n\n    No QueryClient set, use QueryClientProvider to set one\n\u001b[2m\u001b[22m\n\u001b[2m    \u001b[0m \u001b[90m 26 |\u001b[39m   enabled \u001b[33m=\u001b[39m \u001b[36mtrue\u001b[39m\u001b[33m,\u001b[39m\u001b[22m\n\u001b[2m     \u001b[90m 27 |\u001b[39m }\u001b[33m:\u001b[39m \u001b[33mUseAllBandSongsWebSocketProps\u001b[39m) \u001b[33m=>\u001b[39m {\u001b[22m\n\u001b[2m    \u001b[31m\u001b[1m>\u001b[22m\u001b[2m\u001b[39m\u001b[90m 28 |\u001b[39m   \u001b[36mconst\u001b[39m queryClient \u001b[33m=\u001b[39m useQueryClient()\u001b[33m;\u001b[39m\u001b[22m\n\u001b[2m     \u001b[90m    |\u001b[39m                                     \u001b[31m\u001b[1m^\u001b[22m\u001b[2m\u001b[39m\u001b[22m\n\u001b[2m     \u001b[90m 29 |\u001b[39m   \u001b[36mconst\u001b[39m socketRef \u001b[33m=\u001b[39m useRef\u001b[33m<\u001b[39m\u001b[33mSocket\u001b[39m \u001b[33m|\u001b[39m \u001b[36mnull\u001b[39m\u001b[33m>\u001b[39m(\u001b[36mnull\u001b[39m)\u001b[33m;\u001b[39m\u001b[22m\n\u001b[2m     \u001b[90m 30 |\u001b[39m   \u001b[36mconst\u001b[39m listenersRef \u001b[33m=\u001b[39m useRef\u001b[33m<\u001b[39m\u001b[33mSet\u001b[39m\u001b[33m<\u001b[39m\u001b[33mstring\u001b[39m\u001b[33m>>\u001b[39m(\u001b[36mnew\u001b[39m \u001b[33mSet\u001b[39m())\u001b[33m;\u001b[39m\u001b[22m\n\u001b[2m     \u001b[90m 31 |\u001b[39m\u001b[0m\u001b[22m\n\u001b[2m\u001b[22m\n\u001b[2m      \u001b[2mat useQueryClient (\u001b[22m\u001b[2mnode_modules/@tanstack/react-query/src/QueryClientProvider.tsx\u001b[2m:18:11)\u001b[22m\u001b[2m\u001b[22m\n\u001b[2m      \u001b[2mat useAllBandSongsWebSocket (\u001b[22m\u001b[2msrc/global/hooks/useAllBandSongsWebSocket.ts\u001b[2m:28:37)\u001b[22m\u001b[2m\u001b[22m\n\u001b[2m      \u001b[2mat BandsShowCase (C:\\Users\\leovp\\Programming\\adorador\\adorador-frontend\\src\\app\\(public)\u001b[22m\u001b[2m../../../../../grupos/_components/BandsShowCase.tsx\u001b[2m:25:27)\u001b[22m\u001b[2m\u001b[22m\n\u001b[2m      \u001b[2mat renderWithHooks (\u001b[22m\u001b[2mnode_modules/react-dom/cjs/react-dom.development.js\u001b[2m:15486:18)\u001b[22m\u001b[2m\u001b[22m\n\u001b[2m      \u001b[2mat mountIndeterminateComponent (\u001b[22m\u001b[2mnode_modules/react-dom/cjs/react-dom.development.js\u001b[2m:20103:13)\u001b[22m\u001b[2m\u001b[22m\n\u001b[2m      \u001b[2mat beginWork (\u001b[22m\u001b[2mnode_modules/react-dom/cjs/react-dom.development.js\u001b[2m:21626:16)\u001b[22m\u001b[2m\u001b[22m\n\u001b[2m      \u001b[2mat beginWork$1 (\u001b[22m\u001b[2mnode_modules/react-dom/cjs/react-dom.development.js\u001b[2m:27465:14)\u001b[22m\u001b[2m\u001b[22m\n\u001b[2m      \u001b[2mat performUnitOfWork (\u001b[22m\u001b[2mnode_modules/react-dom/cjs/react-dom.development.js\u001b[2m:26599:12)\u001b[22m\u001b[2m\u001b[22m\n\u001b[2m      \u001b[2mat workLoopSync (\u001b[22m\u001b[2mnode_modules/react-dom/cjs/react-dom.development.js\u001b[2m:26505:5)\u001b[22m\u001b[2m\u001b[22m\n\u001b[2m      \u001b[2mat renderRootSync (\u001b[22m\u001b[2mnode_modules/react-dom/cjs/react-dom.development.js\u001b[2m:26473:7)\u001b[22m\u001b[2m\u001b[22m\n\u001b[2m      \u001b[2mat recoverFromConcurrentError (\u001b[22m\u001b[2mnode_modules/react-dom/cjs/react-dom.development.js\u001b[2m:25889:20)\u001b[22m\u001b[2m\u001b[22m\n\u001b[2m      \u001b[2mat performConcurrentWorkOnRoot (\u001b[22m\u001b[2mnode_modules/react-dom/cjs/react-dom.development.js\u001b[2m:25789:22)\u001b[22m\u001b[2m\u001b[22m\n\u001b[2m      \u001b[2mat flushActQueue (\u001b[22m\u001b[2mnode_modules/react/cjs/react.development.js\u001b[2m:2667:24)\u001b[22m\u001b[2m\u001b[22m\n\u001b[2m      \u001b[2mat act (\u001b[22m\u001b[2mnode_modules/react/cjs/react.development.js\u001b[2m:2582:11)\u001b[22m\u001b[2m\u001b[22m\n\u001b[2m      \u001b[2mat \u001b[22m\u001b[2mnode_modules/@testing-library/react/dist/act-compat.js\u001b[2m:47:25\u001b[22m\u001b[2m\u001b[22m\n\u001b[2m      \u001b[2mat renderRoot (\u001b[22m\u001b[2mnode_modules/@testing-library/react/dist/pure.js\u001b[2m:190:26)\u001b[22m\u001b[2m\u001b[22m\n\u001b[2m      \u001b[2mat render (\u001b[22m\u001b[2mnode_modules/@testing-library/react/dist/pure.js\u001b[2m:292:10)\u001b[22m\u001b[2m\u001b[22m\n\u001b[2m      \u001b[2mat Object.<anonymous> (C:\\Users\\leovp\\Programming\\adorador\\adorador-frontend\\src\\app\\(public)\u001b[22m\u001b[2m../../../../../grupos/_components/__tests__/BandsShowCase.test.tsx\u001b[2m:203:13)\u001b[22m\u001b[2m\u001b[22m\n\n\u001b[1m\u001b[31m  \u001b[1m● \u001b[22m\u001b[1mBandsShowCase › Renderizado de bandas › debe mostrar los nombres de las bandas\u001b[39m\u001b[22m\n\n    No QueryClient set, use QueryClientProvider to set one\n\u001b[2m\u001b[22m\n\u001b[2m    \u001b[0m \u001b[90m 26 |\u001b[39m   enabled \u001b[33m=\u001b[39m \u001b[36mtrue\u001b[39m\u001b[33m,\u001b[39m\u001b[22m\n\u001b[2m     \u001b[90m 27 |\u001b[39m }\u001b[33m:\u001b[39m \u001b[33mUseAllBandSongsWebSocketProps\u001b[39m) \u001b[33m=>\u001b[39m {\u001b[22m\n\u001b[2m    \u001b[31m\u001b[1m>\u001b[22m\u001b[2m\u001b[39m\u001b[90m 28 |\u001b[39m   \u001b[36mconst\u001b[39m queryClient \u001b[33m=\u001b[39m useQueryClient()\u001b[33m;\u001b[39m\u001b[22m\n\u001b[2m     \u001b[90m    |\u001b[39m                                     \u001b[31m\u001b[1m^\u001b[22m\u001b[2m\u001b[39m\u001b[22m\n\u001b[2m     \u001b[90m 29 |\u001b[39m   \u001b[36mconst\u001b[39m socketRef \u001b[33m=\u001b[39m useRef\u001b[33m<\u001b[39m\u001b[33mSocket\u001b[39m \u001b[33m|\u001b[39m \u001b[36mnull\u001b[39m\u001b[33m>\u001b[39m(\u001b[36mnull\u001b[39m)\u001b[33m;\u001b[39m\u001b[22m\n\u001b[2m     \u001b[90m 30 |\u001b[39m   \u001b[36mconst\u001b[39m listenersRef \u001b[33m=\u001b[39m useRef\u001b[33m<\u001b[39m\u001b[33mSet\u001b[39m\u001b[33m<\u001b[39m\u001b[33mstring\u001b[39m\u001b[33m>>\u001b[39m(\u001b[36mnew\u001b[39m \u001b[33mSet\u001b[39m())\u001b[33m;\u001b[39m\u001b[22m\n\u001b[2m     \u001b[90m 31 |\u001b[39m\u001b[0m\u001b[22m\n\u001b[2m\u001b[22m\n\u001b[2m      \u001b[2mat useQueryClient (\u001b[22m\u001b[2mnode_modules/@tanstack/react-query/src/QueryClientProvider.tsx\u001b[2m:18:11)\u001b[22m\u001b[2m\u001b[22m\n\u001b[2m      \u001b[2mat useAllBandSongsWebSocket (\u001b[22m\u001b[2msrc/global/hooks/useAllBandSongsWebSocket.ts\u001b[2m:28:37)\u001b[22m\u001b[2m\u001b[22m\n\u001b[2m      \u001b[2mat BandsShowCase (C:\\Users\\leovp\\Programming\\adorador\\adorador-frontend\\src\\app\\(public)\u001b[22m\u001b[2m../../../../../grupos/_components/BandsShowCase.tsx\u001b[2m:25:27)\u001b[22m\u001b[2m\u001b[22m\n\u001b[2m      \u001b[2mat renderWithHooks (\u001b[22m\u001b[2mnode_modules/react-dom/cjs/react-dom.development.js\u001b[2m:15486:18)\u001b[22m\u001b[2m\u001b[22m\n\u001b[2m      \u001b[2mat mountIndeterminateComponent (\u001b[22m\u001b[2mnode_modules/react-dom/cjs/react-dom.development.js\u001b[2m:20103:13)\u001b[22m\u001b[2m\u001b[22m\n\u001b[2m      \u001b[2mat beginWork (\u001b[22m\u001b[2mnode_modules/react-dom/cjs/react-dom.development.js\u001b[2m:21626:16)\u001b[22m\u001b[2m\u001b[22m\n\u001b[2m      \u001b[2mat beginWork$1 (\u001b[22m\u001b[2mnode_modules/react-dom/cjs/react-dom.development.js\u001b[2m:27465:14)\u001b[22m\u001b[2m\u001b[22m\n\u001b[2m      \u001b[2mat performUnitOfWork (\u001b[22m\u001b[2mnode_modules/react-dom/cjs/react-dom.development.js\u001b[2m:26599:12)\u001b[22m\u001b[2m\u001b[22m\n\u001b[2m      \u001b[2mat workLoopSync (\u001b[22m\u001b[2mnode_modules/react-dom/cjs/react-dom.development.js\u001b[2m:26505:5)\u001b[22m\u001b[2m\u001b[22m\n\u001b[2m      \u001b[2mat renderRootSync (\u001b[22m\u001b[2mnode_modules/react-dom/cjs/react-dom.development.js\u001b[2m:26473:7)\u001b[22m\u001b[2m\u001b[22m\n\u001b[2m      \u001b[2mat recoverFromConcurrentError (\u001b[22m\u001b[2mnode_modules/react-dom/cjs/react-dom.development.js\u001b[2m:25889:20)\u001b[22m\u001b[2m\u001b[22m\n\u001b[2m      \u001b[2mat performConcurrentWorkOnRoot (\u001b[22m\u001b[2mnode_modules/react-dom/cjs/react-dom.development.js\u001b[2m:25789:22)\u001b[22m\u001b[2m\u001b[22m\n\u001b[2m      \u001b[2mat flushActQueue (\u001b[22m\u001b[2mnode_modules/react/cjs/react.development.js\u001b[2m:2667:24)\u001b[22m\u001b[2m\u001b[22m\n\u001b[2m      \u001b[2mat act (\u001b[22m\u001b[2mnode_modules/react/cjs/react.development.js\u001b[2m:2582:11)\u001b[22m\u001b[2m\u001b[22m\n\u001b[2m      \u001b[2mat \u001b[22m\u001b[2mnode_modules/@testing-library/react/dist/act-compat.js\u001b[2m:47:25\u001b[22m\u001b[2m\u001b[22m\n\u001b[2m      \u001b[2mat renderRoot (\u001b[22m\u001b[2mnode_modules/@testing-library/react/dist/pure.js\u001b[2m:190:26)\u001b[22m\u001b[2m\u001b[22m\n\u001b[2m      \u001b[2mat render (\u001b[22m\u001b[2mnode_modules/@testing-library/react/dist/pure.js\u001b[2m:292:10)\u001b[22m\u001b[2m\u001b[22m\n\u001b[2m      \u001b[2mat Object.<anonymous> (C:\\Users\\leovp\\Programming\\adorador\\adorador-frontend\\src\\app\\(public)\u001b[22m\u001b[2m../../../../../grupos/_components/__tests__/BandsShowCase.test.tsx\u001b[2m:217:13)\u001b[22m\u001b[2m\u001b[22m\n\n\u001b[1m\u001b[31m  \u001b[1m● \u001b[22m\u001b[1mBandsShowCase › Renderizado de bandas › debe renderizar la cantidad correcta de BandCards\u001b[39m\u001b[22m\n\n    No QueryClient set, use QueryClientProvider to set one\n\u001b[2m\u001b[22m\n\u001b[2m    \u001b[0m \u001b[90m 26 |\u001b[39m   enabled \u001b[33m=\u001b[39m \u001b[36mtrue\u001b[39m\u001b[33m,\u001b[39m\u001b[22m\n\u001b[2m     \u001b[90m 27 |\u001b[39m }\u001b[33m:\u001b[39m \u001b[33mUseAllBandSongsWebSocketProps\u001b[39m) \u001b[33m=>\u001b[39m {\u001b[22m\n\u001b[2m    \u001b[31m\u001b[1m>\u001b[22m\u001b[2m\u001b[39m\u001b[90m 28 |\u001b[39m   \u001b[36mconst\u001b[39m queryClient \u001b[33m=\u001b[39m useQueryClient()\u001b[33m;\u001b[39m\u001b[22m\n\u001b[2m     \u001b[90m    |\u001b[39m                                     \u001b[31m\u001b[1m^\u001b[22m\u001b[2m\u001b[39m\u001b[22m\n\u001b[2m     \u001b[90m 29 |\u001b[39m   \u001b[36mconst\u001b[39m socketRef \u001b[33m=\u001b[39m useRef\u001b[33m<\u001b[39m\u001b[33mSocket\u001b[39m \u001b[33m|\u001b[39m \u001b[36mnull\u001b[39m\u001b[33m>\u001b[39m(\u001b[36mnull\u001b[39m)\u001b[33m;\u001b[39m\u001b[22m\n\u001b[2m     \u001b[90m 30 |\u001b[39m   \u001b[36mconst\u001b[39m listenersRef \u001b[33m=\u001b[39m useRef\u001b[33m<\u001b[39m\u001b[33mSet\u001b[39m\u001b[33m<\u001b[39m\u001b[33mstring\u001b[39m\u001b[33m>>\u001b[39m(\u001b[36mnew\u001b[39m \u001b[33mSet\u001b[39m())\u001b[33m;\u001b[39m\u001b[22m\n\u001b[2m     \u001b[90m 31 |\u001b[39m\u001b[0m\u001b[22m\n\u001b[2m\u001b[22m\n\u001b[2m      \u001b[2mat useQueryClient (\u001b[22m\u001b[2mnode_modules/@tanstack/react-query/src/QueryClientProvider.tsx\u001b[2m:18:11)\u001b[22m\u001b[2m\u001b[22m\n\u001b[2m      \u001b[2mat useAllBandSongsWebSocket (\u001b[22m\u001b[2msrc/global/hooks/useAllBandSongsWebSocket.ts\u001b[2m:28:37)\u001b[22m\u001b[2m\u001b[22m\n\u001b[2m      \u001b[2mat BandsShowCase (C:\\Users\\leovp\\Programming\\adorador\\adorador-frontend\\src\\app\\(public)\u001b[22m\u001b[2m../../../../../grupos/_components/BandsShowCase.tsx\u001b[2m:25:27)\u001b[22m\u001b[2m\u001b[22m\n\u001b[2m      \u001b[2mat renderWithHooks (\u001b[22m\u001b[2mnode_modules/react-dom/cjs/react-dom.development.js\u001b[2m:15486:18)\u001b[22m\u001b[2m\u001b[22m\n\u001b[2m      \u001b[2mat mountIndeterminateComponent (\u001b[22m\u001b[2mnode_modules/react-dom/cjs/react-dom.development.js\u001b[2m:20103:13)\u001b[22m\u001b[2m\u001b[22m\n\u001b[2m      \u001b[2mat beginWork (\u001b[22m\u001b[2mnode_modules/react-dom/cjs/react-dom.development.js\u001b[2m:21626:16)\u001b[22m\u001b[2m\u001b[22m\n\u001b[2m      \u001b[2mat beginWork$1 (\u001b[22m\u001b[2mnode_modules/react-dom/cjs/react-dom.development.js\u001b[2m:27465:14)\u001b[22m\u001b[2m\u001b[22m\n\u001b[2m      \u001b[2mat performUnitOfWork (\u001b[22m\u001b[2mnode_modules/react-dom/cjs/react-dom.development.js\u001b[2m:26599:12)\u001b[22m\u001b[2m\u001b[22m\n\u001b[2m      \u001b[2mat workLoopSync (\u001b[22m\u001b[2mnode_modules/react-dom/cjs/react-dom.development.js\u001b[2m:26505:5)\u001b[22m\u001b[2m\u001b[22m\n\u001b[2m      \u001b[2mat renderRootSync (\u001b[22m\u001b[2mnode_modules/react-dom/cjs/react-dom.development.js\u001b[2m:26473:7)\u001b[22m\u001b[2m\u001b[22m\n\u001b[2m      \u001b[2mat recoverFromConcurrentError (\u001b[22m\u001b[2mnode_modules/react-dom/cjs/react-dom.development.js\u001b[2m:25889:20)\u001b[22m\u001b[2m\u001b[22m\n\u001b[2m      \u001b[2mat performConcurrentWorkOnRoot (\u001b[22m\u001b[2mnode_modules/react-dom/cjs/react-dom.development.js\u001b[2m:25789:22)\u001b[22m\u001b[2m\u001b[22m\n\u001b[2m      \u001b[2mat flushActQueue (\u001b[22m\u001b[2mnode_modules/react/cjs/react.development.js\u001b[2m:2667:24)\u001b[22m\u001b[2m\u001b[22m\n\u001b[2m      \u001b[2mat act (\u001b[22m\u001b[2mnode_modules/react/cjs/react.development.js\u001b[2m:2582:11)\u001b[22m\u001b[2m\u001b[22m\n\u001b[2m      \u001b[2mat \u001b[22m\u001b[2mnode_modules/@testing-library/react/dist/act-compat.js\u001b[2m:47:25\u001b[22m\u001b[2m\u001b[22m\n\u001b[2m      \u001b[2mat renderRoot (\u001b[22m\u001b[2mnode_modules/@testing-library/react/dist/pure.js\u001b[2m:190:26)\u001b[22m\u001b[2m\u001b[22m\n\u001b[2m      \u001b[2mat render (\u001b[22m\u001b[2mnode_modules/@testing-library/react/dist/pure.js\u001b[2m:292:10)\u001b[22m\u001b[2m\u001b[22m\n\u001b[2m      \u001b[2mat Object.<anonymous> (C:\\Users\\leovp\\Programming\\adorador\\adorador-frontend\\src\\app\\(public)\u001b[22m\u001b[2m../../../../../grupos/_components/__tests__/BandsShowCase.test.tsx\u001b[2m:231:35)\u001b[22m\u001b[2m\u001b[22m\n\n\u001b[1m\u001b[31m  \u001b[1m● \u001b[22m\u001b[1mBandsShowCase › Renderizado de bandas › debe usar lista (<ul>) para accesibilidad\u001b[39m\u001b[22m\n\n    No QueryClient set, use QueryClientProvider to set one\n\u001b[2m\u001b[22m\n\u001b[2m    \u001b[0m \u001b[90m 26 |\u001b[39m   enabled \u001b[33m=\u001b[39m \u001b[36mtrue\u001b[39m\u001b[33m,\u001b[39m\u001b[22m\n\u001b[2m     \u001b[90m 27 |\u001b[39m }\u001b[33m:\u001b[39m \u001b[33mUseAllBandSongsWebSocketProps\u001b[39m) \u001b[33m=>\u001b[39m {\u001b[22m\n\u001b[2m    \u001b[31m\u001b[1m>\u001b[22m\u001b[2m\u001b[39m\u001b[90m 28 |\u001b[39m   \u001b[36mconst\u001b[39m queryClient \u001b[33m=\u001b[39m useQueryClient()\u001b[33m;\u001b[39m\u001b[22m\n\u001b[2m     \u001b[90m    |\u001b[39m                                     \u001b[31m\u001b[1m^\u001b[22m\u001b[2m\u001b[39m\u001b[22m\n\u001b[2m     \u001b[90m 29 |\u001b[39m   \u001b[36mconst\u001b[39m socketRef \u001b[33m=\u001b[39m useRef\u001b[33m<\u001b[39m\u001b[33mSocket\u001b[39m \u001b[33m|\u001b[39m \u001b[36mnull\u001b[39m\u001b[33m>\u001b[39m(\u001b[36mnull\u001b[39m)\u001b[33m;\u001b[39m\u001b[22m\n\u001b[2m     \u001b[90m 30 |\u001b[39m   \u001b[36mconst\u001b[39m listenersRef \u001b[33m=\u001b[39m useRef\u001b[33m<\u001b[39m\u001b[33mSet\u001b[39m\u001b[33m<\u001b[39m\u001b[33mstring\u001b[39m\u001b[33m>>\u001b[39m(\u001b[36mnew\u001b[39m \u001b[33mSet\u001b[39m())\u001b[33m;\u001b[39m\u001b[22m\n\u001b[2m     \u001b[90m 31 |\u001b[39m\u001b[0m\u001b[22m\n\u001b[2m\u001b[22m\n\u001b[2m      \u001b[2mat useQueryClient (\u001b[22m\u001b[2mnode_modules/@tanstack/react-query/src/QueryClientProvider.tsx\u001b[2m:18:11)\u001b[22m\u001b[2m\u001b[22m\n\u001b[2m      \u001b[2mat useAllBandSongsWebSocket (\u001b[22m\u001b[2msrc/global/hooks/useAllBandSongsWebSocket.ts\u001b[2m:28:37)\u001b[22m\u001b[2m\u001b[22m\n\u001b[2m      \u001b[2mat BandsShowCase (C:\\Users\\leovp\\Programming\\adorador\\adorador-frontend\\src\\app\\(public)\u001b[22m\u001b[2m../../../../../grupos/_components/BandsShowCase.tsx\u001b[2m:25:27)\u001b[22m\u001b[2m\u001b[22m\n\u001b[2m      \u001b[2mat renderWithHooks (\u001b[22m\u001b[2mnode_modules/react-dom/cjs/react-dom.development.js\u001b[2m:15486:18)\u001b[22m\u001b[2m\u001b[22m\n\u001b[2m      \u001b[2mat mountIndeterminateComponent (\u001b[22m\u001b[2mnode_modules/react-dom/cjs/react-dom.development.js\u001b[2m:20103:13)\u001b[22m\u001b[2m\u001b[22m\n\u001b[2m      \u001b[2mat beginWork (\u001b[22m\u001b[2mnode_modules/react-dom/cjs/react-dom.development.js\u001b[2m:21626:16)\u001b[22m\u001b[2m\u001b[22m\n\u001b[2m      \u001b[2mat beginWork$1 (\u001b[22m\u001b[2mnode_modules/react-dom/cjs/react-dom.development.js\u001b[2m:27465:14)\u001b[22m\u001b[2m\u001b[22m\n\u001b[2m      \u001b[2mat performUnitOfWork (\u001b[22m\u001b[2mnode_modules/react-dom/cjs/react-dom.development.js\u001b[2m:26599:12)\u001b[22m\u001b[2m\u001b[22m\n\u001b[2m      \u001b[2mat workLoopSync (\u001b[22m\u001b[2mnode_modules/react-dom/cjs/react-dom.development.js\u001b[2m:26505:5)\u001b[22m\u001b[2m\u001b[22m\n\u001b[2m      \u001b[2mat renderRootSync (\u001b[22m\u001b[2mnode_modules/react-dom/cjs/react-dom.development.js\u001b[2m:26473:7)\u001b[22m\u001b[2m\u001b[22m\n\u001b[2m      \u001b[2mat recoverFromConcurrentError (\u001b[22m\u001b[2mnode_modules/react-dom/cjs/react-dom.development.js\u001b[2m:25889:20)\u001b[22m\u001b[2m\u001b[22m\n\u001b[2m      \u001b[2mat performConcurrentWorkOnRoot (\u001b[22m\u001b[2mnode_modules/react-dom/cjs/react-dom.development.js\u001b[2m:25789:22)\u001b[22m\u001b[2m\u001b[22m\n\u001b[2m      \u001b[2mat flushActQueue (\u001b[22m\u001b[2mnode_modules/react/cjs/react.development.js\u001b[2m:2667:24)\u001b[22m\u001b[2m\u001b[22m\n\u001b[2m      \u001b[2mat act (\u001b[22m\u001b[2mnode_modules/react/cjs/react.development.js\u001b[2m:2582:11)\u001b[22m\u001b[2m\u001b[22m\n\u001b[2m      \u001b[2mat \u001b[22m\u001b[2mnode_modules/@testing-library/react/dist/act-compat.js\u001b[2m:47:25\u001b[22m\u001b[2m\u001b[22m\n\u001b[2m      \u001b[2mat renderRoot (\u001b[22m\u001b[2mnode_modules/@testing-library/react/dist/pure.js\u001b[2m:190:26)\u001b[22m\u001b[2m\u001b[22m\n\u001b[2m      \u001b[2mat render (\u001b[22m\u001b[2mnode_modules/@testing-library/react/dist/pure.js\u001b[2m:292:10)\u001b[22m\u001b[2m\u001b[22m\n\u001b[2m      \u001b[2mat Object.<anonymous> (C:\\Users\\leovp\\Programming\\adorador\\adorador-frontend\\src\\app\\(public)\u001b[22m\u001b[2m../../../../../grupos/_components/__tests__/BandsShowCase.test.tsx\u001b[2m:246:35)\u001b[22m\u001b[2m\u001b[22m\n\n\u001b[1m\u001b[31m  \u001b[1m● \u001b[22m\u001b[1mBandsShowCase › Renderizado de bandas › cada banda debe estar en un <li>\u001b[39m\u001b[22m\n\n    No QueryClient set, use QueryClientProvider to set one\n\u001b[2m\u001b[22m\n\u001b[2m    \u001b[0m \u001b[90m 26 |\u001b[39m   enabled \u001b[33m=\u001b[39m \u001b[36mtrue\u001b[39m\u001b[33m,\u001b[39m\u001b[22m\n\u001b[2m     \u001b[90m 27 |\u001b[39m }\u001b[33m:\u001b[39m \u001b[33mUseAllBandSongsWebSocketProps\u001b[39m) \u001b[33m=>\u001b[39m {\u001b[22m\n\u001b[2m    \u001b[31m\u001b[1m>\u001b[22m\u001b[2m\u001b[39m\u001b[90m 28 |\u001b[39m   \u001b[36mconst\u001b[39m queryClient \u001b[33m=\u001b[39m useQueryClient()\u001b[33m;\u001b[39m\u001b[22m\n\u001b[2m     \u001b[90m    |\u001b[39m                                     \u001b[31m\u001b[1m^\u001b[22m\u001b[2m\u001b[39m\u001b[22m\n\u001b[2m     \u001b[90m 29 |\u001b[39m   \u001b[36mconst\u001b[39m socketRef \u001b[33m=\u001b[39m useRef\u001b[33m<\u001b[39m\u001b[33mSocket\u001b[39m \u001b[33m|\u001b[39m \u001b[36mnull\u001b[39m\u001b[33m>\u001b[39m(\u001b[36mnull\u001b[39m)\u001b[33m;\u001b[39m\u001b[22m\n\u001b[2m     \u001b[90m 30 |\u001b[39m   \u001b[36mconst\u001b[39m listenersRef \u001b[33m=\u001b[39m useRef\u001b[33m<\u001b[39m\u001b[33mSet\u001b[39m\u001b[33m<\u001b[39m\u001b[33mstring\u001b[39m\u001b[33m>>\u001b[39m(\u001b[36mnew\u001b[39m \u001b[33mSet\u001b[39m())\u001b[33m;\u001b[39m\u001b[22m\n\u001b[2m     \u001b[90m 31 |\u001b[39m\u001b[0m\u001b[22m\n\u001b[2m\u001b[22m\n\u001b[2m      \u001b[2mat useQueryClient (\u001b[22m\u001b[2mnode_modules/@tanstack/react-query/src/QueryClientProvider.tsx\u001b[2m:18:11)\u001b[22m\u001b[2m\u001b[22m\n\u001b[2m      \u001b[2mat useAllBandSongsWebSocket (\u001b[22m\u001b[2msrc/global/hooks/useAllBandSongsWebSocket.ts\u001b[2m:28:37)\u001b[22m\u001b[2m\u001b[22m\n\u001b[2m      \u001b[2mat BandsShowCase (C:\\Users\\leovp\\Programming\\adorador\\adorador-frontend\\src\\app\\(public)\u001b[22m\u001b[2m../../../../../grupos/_components/BandsShowCase.tsx\u001b[2m:25:27)\u001b[22m\u001b[2m\u001b[22m\n\u001b[2m      \u001b[2mat renderWithHooks (\u001b[22m\u001b[2mnode_modules/react-dom/cjs/react-dom.development.js\u001b[2m:15486:18)\u001b[22m\u001b[2m\u001b[22m\n\u001b[2m      \u001b[2mat mountIndeterminateComponent (\u001b[22m\u001b[2mnode_modules/react-dom/cjs/react-dom.development.js\u001b[2m:20103:13)\u001b[22m\u001b[2m\u001b[22m\n\u001b[2m      \u001b[2mat beginWork (\u001b[22m\u001b[2mnode_modules/react-dom/cjs/react-dom.development.js\u001b[2m:21626:16)\u001b[22m\u001b[2m\u001b[22m\n\u001b[2m      \u001b[2mat beginWork$1 (\u001b[22m\u001b[2mnode_modules/react-dom/cjs/react-dom.development.js\u001b[2m:27465:14)\u001b[22m\u001b[2m\u001b[22m\n\u001b[2m      \u001b[2mat performUnitOfWork (\u001b[22m\u001b[2mnode_modules/react-dom/cjs/react-dom.development.js\u001b[2m:26599:12)\u001b[22m\u001b[2m\u001b[22m\n\u001b[2m      \u001b[2mat workLoopSync (\u001b[22m\u001b[2mnode_modules/react-dom/cjs/react-dom.development.js\u001b[2m:26505:5)\u001b[22m\u001b[2m\u001b[22m\n\u001b[2m      \u001b[2mat renderRootSync (\u001b[22m\u001b[2mnode_modules/react-dom/cjs/react-dom.development.js\u001b[2m:26473:7)\u001b[22m\u001b[2m\u001b[22m\n\u001b[2m      \u001b[2mat recoverFromConcurrentError (\u001b[22m\u001b[2mnode_modules/react-dom/cjs/react-dom.development.js\u001b[2m:25889:20)\u001b[22m\u001b[2m\u001b[22m\n\u001b[2m      \u001b[2mat performConcurrentWorkOnRoot (\u001b[22m\u001b[2mnode_modules/react-dom/cjs/react-dom.development.js\u001b[2m:25789:22)\u001b[22m\u001b[2m\u001b[22m\n\u001b[2m      \u001b[2mat flushActQueue (\u001b[22m\u001b[2mnode_modules/react/cjs/react.development.js\u001b[2m:2667:24)\u001b[22m\u001b[2m\u001b[22m\n\u001b[2m      \u001b[2mat act (\u001b[22m\u001b[2mnode_modules/react/cjs/react.development.js\u001b[2m:2582:11)\u001b[22m\u001b[2m\u001b[22m\n\u001b[2m      \u001b[2mat \u001b[22m\u001b[2mnode_modules/@testing-library/react/dist/act-compat.js\u001b[2m:47:25\u001b[22m\u001b[2m\u001b[22m\n\u001b[2m      \u001b[2mat renderRoot (\u001b[22m\u001b[2mnode_modules/@testing-library/react/dist/pure.js\u001b[2m:190:26)\u001b[22m\u001b[2m\u001b[22m\n\u001b[2m      \u001b[2mat render (\u001b[22m\u001b[2mnode_modules/@testing-library/react/dist/pure.js\u001b[2m:292:10)\u001b[22m\u001b[2m\u001b[22m\n\u001b[2m      \u001b[2mat Object.<anonymous> (C:\\Users\\leovp\\Programming\\adorador\\adorador-frontend\\src\\app\\(public)\u001b[22m\u001b[2m../../../../../grupos/_components/__tests__/BandsShowCase.test.tsx\u001b[2m:259:35)\u001b[22m\u001b[2m\u001b[22m\n\n\u001b[1m\u001b[31m  \u001b[1m● \u001b[22m\u001b[1mBandsShowCase › Estado vacío › NO debe mostrar nada cuando data es array vacío\u001b[39m\u001b[22m\n\n    No QueryClient set, use QueryClientProvider to set one\n\u001b[2m\u001b[22m\n\u001b[2m    \u001b[0m \u001b[90m 26 |\u001b[39m   enabled \u001b[33m=\u001b[39m \u001b[36mtrue\u001b[39m\u001b[33m,\u001b[39m\u001b[22m\n\u001b[2m     \u001b[90m 27 |\u001b[39m }\u001b[33m:\u001b[39m \u001b[33mUseAllBandSongsWebSocketProps\u001b[39m) \u001b[33m=>\u001b[39m {\u001b[22m\n\u001b[2m    \u001b[31m\u001b[1m>\u001b[22m\u001b[2m\u001b[39m\u001b[90m 28 |\u001b[39m   \u001b[36mconst\u001b[39m queryClient \u001b[33m=\u001b[39m useQueryClient()\u001b[33m;\u001b[39m\u001b[22m\n\u001b[2m     \u001b[90m    |\u001b[39m                                     \u001b[31m\u001b[1m^\u001b[22m\u001b[2m\u001b[39m\u001b[22m\n\u001b[2m     \u001b[90m 29 |\u001b[39m   \u001b[36mconst\u001b[39m socketRef \u001b[33m=\u001b[39m useRef\u001b[33m<\u001b[39m\u001b[33mSocket\u001b[39m \u001b[33m|\u001b[39m \u001b[36mnull\u001b[39m\u001b[33m>\u001b[39m(\u001b[36mnull\u001b[39m)\u001b[33m;\u001b[39m\u001b[22m\n\u001b[2m     \u001b[90m 30 |\u001b[39m   \u001b[36mconst\u001b[39m listenersRef \u001b[33m=\u001b[39m useRef\u001b[33m<\u001b[39m\u001b[33mSet\u001b[39m\u001b[33m<\u001b[39m\u001b[33mstring\u001b[39m\u001b[33m>>\u001b[39m(\u001b[36mnew\u001b[39m \u001b[33mSet\u001b[39m())\u001b[33m;\u001b[39m\u001b[22m\n\u001b[2m     \u001b[90m 31 |\u001b[39m\u001b[0m\u001b[22m\n\u001b[2m\u001b[22m\n\u001b[2m      \u001b[2mat useQueryClient (\u001b[22m\u001b[2mnode_modules/@tanstack/react-query/src/QueryClientProvider.tsx\u001b[2m:18:11)\u001b[22m\u001b[2m\u001b[22m\n\u001b[2m      \u001b[2mat useAllBandSongsWebSocket (\u001b[22m\u001b[2msrc/global/hooks/useAllBandSongsWebSocket.ts\u001b[2m:28:37)\u001b[22m\u001b[2m\u001b[22m\n\u001b[2m      \u001b[2mat BandsShowCase (C:\\Users\\leovp\\Programming\\adorador\\adorador-frontend\\src\\app\\(public)\u001b[22m\u001b[2m../../../../../grupos/_components/BandsShowCase.tsx\u001b[2m:25:27)\u001b[22m\u001b[2m\u001b[22m\n\u001b[2m      \u001b[2mat renderWithHooks (\u001b[22m\u001b[2mnode_modules/react-dom/cjs/react-dom.development.js\u001b[2m:15486:18)\u001b[22m\u001b[2m\u001b[22m\n\u001b[2m      \u001b[2mat mountIndeterminateComponent (\u001b[22m\u001b[2mnode_modules/react-dom/cjs/react-dom.development.js\u001b[2m:20103:13)\u001b[22m\u001b[2m\u001b[22m\n\u001b[2m      \u001b[2mat beginWork (\u001b[22m\u001b[2mnode_modules/react-dom/cjs/react-dom.development.js\u001b[2m:21626:16)\u001b[22m\u001b[2m\u001b[22m\n\u001b[2m      \u001b[2mat beginWork$1 (\u001b[22m\u001b[2mnode_modules/react-dom/cjs/react-dom.development.js\u001b[2m:27465:14)\u001b[22m\u001b[2m\u001b[22m\n\u001b[2m      \u001b[2mat performUnitOfWork (\u001b[22m\u001b[2mnode_modules/react-dom/cjs/react-dom.development.js\u001b[2m:26599:12)\u001b[22m\u001b[2m\u001b[22m\n\u001b[2m      \u001b[2mat workLoopSync (\u001b[22m\u001b[2mnode_modules/react-dom/cjs/react-dom.development.js\u001b[2m:26505:5)\u001b[22m\u001b[2m\u001b[22m\n\u001b[2m      \u001b[2mat renderRootSync (\u001b[22m\u001b[2mnode_modules/react-dom/cjs/react-dom.development.js\u001b[2m:26473:7)\u001b[22m\u001b[2m\u001b[22m\n\u001b[2m      \u001b[2mat recoverFromConcurrentError (\u001b[22m\u001b[2mnode_modules/react-dom/cjs/react-dom.development.js\u001b[2m:25889:20)\u001b[22m\u001b[2m\u001b[22m\n\u001b[2m      \u001b[2mat performConcurrentWorkOnRoot (\u001b[22m\u001b[2mnode_modules/react-dom/cjs/react-dom.development.js\u001b[2m:25789:22)\u001b[22m\u001b[2m\u001b[22m\n\u001b[2m      \u001b[2mat flushActQueue (\u001b[22m\u001b[2mnode_modules/react/cjs/react.development.js\u001b[2m:2667:24)\u001b[22m\u001b[2m\u001b[22m\n\u001b[2m      \u001b[2mat act (\u001b[22m\u001b[2mnode_modules/react/cjs/react.development.js\u001b[2m:2582:11)\u001b[22m\u001b[2m\u001b[22m\n\u001b[2m      \u001b[2mat \u001b[22m\u001b[2mnode_modules/@testing-library/react/dist/act-compat.js\u001b[2m:47:25\u001b[22m\u001b[2m\u001b[22m\n\u001b[2m      \u001b[2mat renderRoot (\u001b[22m\u001b[2mnode_modules/@testing-library/react/dist/pure.js\u001b[2m:190:26)\u001b[22m\u001b[2m\u001b[22m\n\u001b[2m      \u001b[2mat render (\u001b[22m\u001b[2mnode_modules/@testing-library/react/dist/pure.js\u001b[2m:292:10)\u001b[22m\u001b[2m\u001b[22m\n\u001b[2m      \u001b[2mat Object.<anonymous> (C:\\Users\\leovp\\Programming\\adorador\\adorador-frontend\\src\\app\\(public)\u001b[22m\u001b[2m../../../../../grupos/_components/__tests__/BandsShowCase.test.tsx\u001b[2m:274:35)\u001b[22m\u001b[2m\u001b[22m\n\n\u001b[1m\u001b[31m  \u001b[1m● \u001b[22m\u001b[1mBandsShowCase › Integración con el store de usuario › debe llamar a getBandsOfUser con isLoggedIn = true cuando el usuario está logueado\u001b[39m\u001b[22m\n\n    No QueryClient set, use QueryClientProvider to set one\n\u001b[2m\u001b[22m\n\u001b[2m    \u001b[0m \u001b[90m 26 |\u001b[39m   enabled \u001b[33m=\u001b[39m \u001b[36mtrue\u001b[39m\u001b[33m,\u001b[39m\u001b[22m\n\u001b[2m     \u001b[90m 27 |\u001b[39m }\u001b[33m:\u001b[39m \u001b[33mUseAllBandSongsWebSocketProps\u001b[39m) \u001b[33m=>\u001b[39m {\u001b[22m\n\u001b[2m    \u001b[31m\u001b[1m>\u001b[22m\u001b[2m\u001b[39m\u001b[90m 28 |\u001b[39m   \u001b[36mconst\u001b[39m queryClient \u001b[33m=\u001b[39m useQueryClient()\u001b[33m;\u001b[39m\u001b[22m\n\u001b[2m     \u001b[90m    |\u001b[39m                                     \u001b[31m\u001b[1m^\u001b[22m\u001b[2m\u001b[39m\u001b[22m\n\u001b[2m     \u001b[90m 29 |\u001b[39m   \u001b[36mconst\u001b[39m socketRef \u001b[33m=\u001b[39m useRef\u001b[33m<\u001b[39m\u001b[33mSocket\u001b[39m \u001b[33m|\u001b[39m \u001b[36mnull\u001b[39m\u001b[33m>\u001b[39m(\u001b[36mnull\u001b[39m)\u001b[33m;\u001b[39m\u001b[22m\n\u001b[2m     \u001b[90m 30 |\u001b[39m   \u001b[36mconst\u001b[39m listenersRef \u001b[33m=\u001b[39m useRef\u001b[33m<\u001b[39m\u001b[33mSet\u001b[39m\u001b[33m<\u001b[39m\u001b[33mstring\u001b[39m\u001b[33m>>\u001b[39m(\u001b[36mnew\u001b[39m \u001b[33mSet\u001b[39m())\u001b[33m;\u001b[39m\u001b[22m\n\u001b[2m     \u001b[90m 31 |\u001b[39m\u001b[0m\u001b[22m\n\u001b[2m\u001b[22m\n\u001b[2m      \u001b[2mat useQueryClient (\u001b[22m\u001b[2mnode_modules/@tanstack/react-query/src/QueryClientProvider.tsx\u001b[2m:18:11)\u001b[22m\u001b[2m\u001b[22m\n\u001b[2m      \u001b[2mat useAllBandSongsWebSocket (\u001b[22m\u001b[2msrc/global/hooks/useAllBandSongsWebSocket.ts\u001b[2m:28:37)\u001b[22m\u001b[2m\u001b[22m\n\u001b[2m      \u001b[2mat BandsShowCase (C:\\Users\\leovp\\Programming\\adorador\\adorador-frontend\\src\\app\\(public)\u001b[22m\u001b[2m../../../../../grupos/_components/BandsShowCase.tsx\u001b[2m:25:27)\u001b[22m\u001b[2m\u001b[22m\n\u001b[2m      \u001b[2mat renderWithHooks (\u001b[22m\u001b[2mnode_modules/react-dom/cjs/react-dom.development.js\u001b[2m:15486:18)\u001b[22m\u001b[2m\u001b[22m\n\u001b[2m      \u001b[2mat mountIndeterminateComponent (\u001b[22m\u001b[2mnode_modules/react-dom/cjs/react-dom.development.js\u001b[2m:20103:13)\u001b[22m\u001b[2m\u001b[22m\n\u001b[2m      \u001b[2mat beginWork (\u001b[22m\u001b[2mnode_modules/react-dom/cjs/react-dom.development.js\u001b[2m:21626:16)\u001b[22m\u001b[2m\u001b[22m\n\u001b[2m      \u001b[2mat beginWork$1 (\u001b[22m\u001b[2mnode_modules/react-dom/cjs/react-dom.development.js\u001b[2m:27465:14)\u001b[22m\u001b[2m\u001b[22m\n\u001b[2m      \u001b[2mat performUnitOfWork (\u001b[22m\u001b[2mnode_modules/react-dom/cjs/react-dom.development.js\u001b[2m:26599:12)\u001b[22m\u001b[2m\u001b[22m\n\u001b[2m      \u001b[2mat workLoopSync (\u001b[22m\u001b[2mnode_modules/react-dom/cjs/react-dom.development.js\u001b[2m:26505:5)\u001b[22m\u001b[2m\u001b[22m\n\u001b[2m      \u001b[2mat renderRootSync (\u001b[22m\u001b[2mnode_modules/react-dom/cjs/react-dom.development.js\u001b[2m:26473:7)\u001b[22m\u001b[2m\u001b[22m\n\u001b[2m      \u001b[2mat recoverFromConcurrentError (\u001b[22m\u001b[2mnode_modules/react-dom/cjs/react-dom.development.js\u001b[2m:25889:20)\u001b[22m\u001b[2m\u001b[22m\n\u001b[2m      \u001b[2mat performConcurrentWorkOnRoot (\u001b[22m\u001b[2mnode_modules/react-dom/cjs/react-dom.development.js\u001b[2m:25789:22)\u001b[22m\u001b[2m\u001b[22m\n\u001b[2m      \u001b[2mat flushActQueue (\u001b[22m\u001b[2mnode_modules/react/cjs/react.development.js\u001b[2m:2667:24)\u001b[22m\u001b[2m\u001b[22m\n\u001b[2m      \u001b[2mat act (\u001b[22m\u001b[2mnode_modules/react/cjs/react.development.js\u001b[2m:2582:11)\u001b[22m\u001b[2m\u001b[22m\n\u001b[2m      \u001b[2mat \u001b[22m\u001b[2mnode_modules/@testing-library/react/dist/act-compat.js\u001b[2m:47:25\u001b[22m\u001b[2m\u001b[22m\n\u001b[2m      \u001b[2mat renderRoot (\u001b[22m\u001b[2mnode_modules/@testing-library/react/dist/pure.js\u001b[2m:190:26)\u001b[22m\u001b[2m\u001b[22m\n\u001b[2m      \u001b[2mat render (\u001b[22m\u001b[2mnode_modules/@testing-library/react/dist/pure.js\u001b[2m:292:10)\u001b[22m\u001b[2m\u001b[22m\n\u001b[2m      \u001b[2mat Object.<anonymous> (C:\\Users\\leovp\\Programming\\adorador\\adorador-frontend\\src\\app\\(public)\u001b[22m\u001b[2m../../../../../grupos/_components/__tests__/BandsShowCase.test.tsx\u001b[2m:300:13)\u001b[22m\u001b[2m\u001b[22m\n\n\u001b[1m\u001b[31m  \u001b[1m● \u001b[22m\u001b[1mBandsShowCase › Integración con el store de usuario › debe llamar a getBandsOfUser con isLoggedIn = false cuando el usuario NO está logueado\u001b[39m\u001b[22m\n\n    No QueryClient set, use QueryClientProvider to set one\n\u001b[2m\u001b[22m\n\u001b[2m    \u001b[0m \u001b[90m 26 |\u001b[39m   enabled \u001b[33m=\u001b[39m \u001b[36mtrue\u001b[39m\u001b[33m,\u001b[39m\u001b[22m\n\u001b[2m     \u001b[90m 27 |\u001b[39m }\u001b[33m:\u001b[39m \u001b[33mUseAllBandSongsWebSocketProps\u001b[39m) \u001b[33m=>\u001b[39m {\u001b[22m\n\u001b[2m    \u001b[31m\u001b[1m>\u001b[22m\u001b[2m\u001b[39m\u001b[90m 28 |\u001b[39m   \u001b[36mconst\u001b[39m queryClient \u001b[33m=\u001b[39m useQueryClient()\u001b[33m;\u001b[39m\u001b[22m\n\u001b[2m     \u001b[90m    |\u001b[39m                                     \u001b[31m\u001b[1m^\u001b[22m\u001b[2m\u001b[39m\u001b[22m\n\u001b[2m     \u001b[90m 29 |\u001b[39m   \u001b[36mconst\u001b[39m socketRef \u001b[33m=\u001b[39m useRef\u001b[33m<\u001b[39m\u001b[33mSocket\u001b[39m \u001b[33m|\u001b[39m \u001b[36mnull\u001b[39m\u001b[33m>\u001b[39m(\u001b[36mnull\u001b[39m)\u001b[33m;\u001b[39m\u001b[22m\n\u001b[2m     \u001b[90m 30 |\u001b[39m   \u001b[36mconst\u001b[39m listenersRef \u001b[33m=\u001b[39m useRef\u001b[33m<\u001b[39m\u001b[33mSet\u001b[39m\u001b[33m<\u001b[39m\u001b[33mstring\u001b[39m\u001b[33m>>\u001b[39m(\u001b[36mnew\u001b[39m \u001b[33mSet\u001b[39m())\u001b[33m;\u001b[39m\u001b[22m\n\u001b[2m     \u001b[90m 31 |\u001b[39m\u001b[0m\u001b[22m\n\u001b[2m\u001b[22m\n\u001b[2m      \u001b[2mat useQueryClient (\u001b[22m\u001b[2mnode_modules/@tanstack/react-query/src/QueryClientProvider.tsx\u001b[2m:18:11)\u001b[22m\u001b[2m\u001b[22m\n\u001b[2m      \u001b[2mat useAllBandSongsWebSocket (\u001b[22m\u001b[2msrc/global/hooks/useAllBandSongsWebSocket.ts\u001b[2m:28:37)\u001b[22m\u001b[2m\u001b[22m\n\u001b[2m      \u001b[2mat BandsShowCase (C:\\Users\\leovp\\Programming\\adorador\\adorador-frontend\\src\\app\\(public)\u001b[22m\u001b[2m../../../../../grupos/_components/BandsShowCase.tsx\u001b[2m:25:27)\u001b[22m\u001b[2m\u001b[22m\n\u001b[2m      \u001b[2mat renderWithHooks (\u001b[22m\u001b[2mnode_modules/react-dom/cjs/react-dom.development.js\u001b[2m:15486:18)\u001b[22m\u001b[2m\u001b[22m\n\u001b[2m      \u001b[2mat mountIndeterminateComponent (\u001b[22m\u001b[2mnode_modules/react-dom/cjs/react-dom.development.js\u001b[2m:20103:13)\u001b[22m\u001b[2m\u001b[22m\n\u001b[2m      \u001b[2mat beginWork (\u001b[22m\u001b[2mnode_modules/react-dom/cjs/react-dom.development.js\u001b[2m:21626:16)\u001b[22m\u001b[2m\u001b[22m\n\u001b[2m      \u001b[2mat beginWork$1 (\u001b[22m\u001b[2mnode_modules/react-dom/cjs/react-dom.development.js\u001b[2m:27465:14)\u001b[22m\u001b[2m\u001b[22m\n\u001b[2m      \u001b[2mat performUnitOfWork (\u001b[22m\u001b[2mnode_modules/react-dom/cjs/react-dom.development.js\u001b[2m:26599:12)\u001b[22m\u001b[2m\u001b[22m\n\u001b[2m      \u001b[2mat workLoopSync (\u001b[22m\u001b[2mnode_modules/react-dom/cjs/react-dom.development.js\u001b[2m:26505:5)\u001b[22m\u001b[2m\u001b[22m\n\u001b[2m      \u001b[2mat renderRootSync (\u001b[22m\u001b[2mnode_modules/react-dom/cjs/react-dom.development.js\u001b[2m:26473:7)\u001b[22m\u001b[2m\u001b[22m\n\u001b[2m      \u001b[2mat recoverFromConcurrentError (\u001b[22m\u001b[2mnode_modules/react-dom/cjs/react-dom.development.js\u001b[2m:25889:20)\u001b[22m\u001b[2m\u001b[22m\n\u001b[2m      \u001b[2mat performConcurrentWorkOnRoot (\u001b[22m\u001b[2mnode_modules/react-dom/cjs/react-dom.development.js\u001b[2m:25789:22)\u001b[22m\u001b[2m\u001b[22m\n\u001b[2m      \u001b[2mat flushActQueue (\u001b[22m\u001b[2mnode_modules/react/cjs/react.development.js\u001b[2m:2667:24)\u001b[22m\u001b[2m\u001b[22m\n\u001b[2m      \u001b[2mat act (\u001b[22m\u001b[2mnode_modules/react/cjs/react.development.js\u001b[2m:2582:11)\u001b[22m\u001b[2m\u001b[22m\n\u001b[2m      \u001b[2mat \u001b[22m\u001b[2mnode_modules/@testing-library/react/dist/act-compat.js\u001b[2m:47:25\u001b[22m\u001b[2m\u001b[22m\n\u001b[2m      \u001b[2mat renderRoot (\u001b[22m\u001b[2mnode_modules/@testing-library/react/dist/pure.js\u001b[2m:190:26)\u001b[22m\u001b[2m\u001b[22m\n\u001b[2m      \u001b[2mat render (\u001b[22m\u001b[2mnode_modules/@testing-library/react/dist/pure.js\u001b[2m:292:10)\u001b[22m\u001b[2m\u001b[22m\n\u001b[2m      \u001b[2mat Object.<anonymous> (C:\\Users\\leovp\\Programming\\adorador\\adorador-frontend\\src\\app\\(public)\u001b[22m\u001b[2m../../../../../grupos/_components/__tests__/BandsShowCase.test.tsx\u001b[2m:322:13)\u001b[22m\u001b[2m\u001b[22m\n\n\u001b[1m\u001b[31m  \u001b[1m● \u001b[22m\u001b[1mBandsShowCase › Estilos y layout › debe aplicar flex-wrap para diseño responsive\u001b[39m\u001b[22m\n\n    No QueryClient set, use QueryClientProvider to set one\n\u001b[2m\u001b[22m\n\u001b[2m    \u001b[0m \u001b[90m 26 |\u001b[39m   enabled \u001b[33m=\u001b[39m \u001b[36mtrue\u001b[39m\u001b[33m,\u001b[39m\u001b[22m\n\u001b[2m     \u001b[90m 27 |\u001b[39m }\u001b[33m:\u001b[39m \u001b[33mUseAllBandSongsWebSocketProps\u001b[39m) \u001b[33m=>\u001b[39m {\u001b[22m\n\u001b[2m    \u001b[31m\u001b[1m>\u001b[22m\u001b[2m\u001b[39m\u001b[90m 28 |\u001b[39m   \u001b[36mconst\u001b[39m queryClient \u001b[33m=\u001b[39m useQueryClient()\u001b[33m;\u001b[39m\u001b[22m\n\u001b[2m     \u001b[90m    |\u001b[39m                                     \u001b[31m\u001b[1m^\u001b[22m\u001b[2m\u001b[39m\u001b[22m\n\u001b[2m     \u001b[90m 29 |\u001b[39m   \u001b[36mconst\u001b[39m socketRef \u001b[33m=\u001b[39m useRef\u001b[33m<\u001b[39m\u001b[33mSocket\u001b[39m \u001b[33m|\u001b[39m \u001b[36mnull\u001b[39m\u001b[33m>\u001b[39m(\u001b[36mnull\u001b[39m)\u001b[33m;\u001b[39m\u001b[22m\n\u001b[2m     \u001b[90m 30 |\u001b[39m   \u001b[36mconst\u001b[39m listenersRef \u001b[33m=\u001b[39m useRef\u001b[33m<\u001b[39m\u001b[33mSet\u001b[39m\u001b[33m<\u001b[39m\u001b[33mstring\u001b[39m\u001b[33m>>\u001b[39m(\u001b[36mnew\u001b[39m \u001b[33mSet\u001b[39m())\u001b[33m;\u001b[39m\u001b[22m\n\u001b[2m     \u001b[90m 31 |\u001b[39m\u001b[0m\u001b[22m\n\u001b[2m\u001b[22m\n\u001b[2m      \u001b[2mat useQueryClient (\u001b[22m\u001b[2mnode_modules/@tanstack/react-query/src/QueryClientProvider.tsx\u001b[2m:18:11)\u001b[22m\u001b[2m\u001b[22m\n\u001b[2m      \u001b[2mat useAllBandSongsWebSocket (\u001b[22m\u001b[2msrc/global/hooks/useAllBandSongsWebSocket.ts\u001b[2m:28:37)\u001b[22m\u001b[2m\u001b[22m\n\u001b[2m      \u001b[2mat BandsShowCase (C:\\Users\\leovp\\Programming\\adorador\\adorador-frontend\\src\\app\\(public)\u001b[22m\u001b[2m../../../../../grupos/_components/BandsShowCase.tsx\u001b[2m:25:27)\u001b[22m\u001b[2m\u001b[22m\n\u001b[2m      \u001b[2mat renderWithHooks (\u001b[22m\u001b[2mnode_modules/react-dom/cjs/react-dom.development.js\u001b[2m:15486:18)\u001b[22m\u001b[2m\u001b[22m\n\u001b[2m      \u001b[2mat mountIndeterminateComponent (\u001b[22m\u001b[2mnode_modules/react-dom/cjs/react-dom.development.js\u001b[2m:20103:13)\u001b[22m\u001b[2m\u001b[22m\n\u001b[2m      \u001b[2mat beginWork (\u001b[22m\u001b[2mnode_modules/react-dom/cjs/react-dom.development.js\u001b[2m:21626:16)\u001b[22m\u001b[2m\u001b[22m\n\u001b[2m      \u001b[2mat beginWork$1 (\u001b[22m\u001b[2mnode_modules/react-dom/cjs/react-dom.development.js\u001b[2m:27465:14)\u001b[22m\u001b[2m\u001b[22m\n\u001b[2m      \u001b[2mat performUnitOfWork (\u001b[22m\u001b[2mnode_modules/react-dom/cjs/react-dom.development.js\u001b[2m:26599:12)\u001b[22m\u001b[2m\u001b[22m\n\u001b[2m      \u001b[2mat workLoopSync (\u001b[22m\u001b[2mnode_modules/react-dom/cjs/react-dom.development.js\u001b[2m:26505:5)\u001b[22m\u001b[2m\u001b[22m\n\u001b[2m      \u001b[2mat renderRootSync (\u001b[22m\u001b[2mnode_modules/react-dom/cjs/react-dom.development.js\u001b[2m:26473:7)\u001b[22m\u001b[2m\u001b[22m\n\u001b[2m      \u001b[2mat recoverFromConcurrentError (\u001b[22m\u001b[2mnode_modules/react-dom/cjs/react-dom.development.js\u001b[2m:25889:20)\u001b[22m\u001b[2m\u001b[22m\n\u001b[2m      \u001b[2mat performConcurrentWorkOnRoot (\u001b[22m\u001b[2mnode_modules/react-dom/cjs/react-dom.development.js\u001b[2m:25789:22)\u001b[22m\u001b[2m\u001b[22m\n\u001b[2m      \u001b[2mat flushActQueue (\u001b[22m\u001b[2mnode_modules/react/cjs/react.development.js\u001b[2m:2667:24)\u001b[22m\u001b[2m\u001b[22m\n\u001b[2m      \u001b[2mat act (\u001b[22m\u001b[2mnode_modules/react/cjs/react.development.js\u001b[2m:2582:11)\u001b[22m\u001b[2m\u001b[22m\n\u001b[2m      \u001b[2mat \u001b[22m\u001b[2mnode_modules/@testing-library/react/dist/act-compat.js\u001b[2m:47:25\u001b[22m\u001b[2m\u001b[22m\n\u001b[2m      \u001b[2mat renderRoot (\u001b[22m\u001b[2mnode_modules/@testing-library/react/dist/pure.js\u001b[2m:190:26)\u001b[22m\u001b[2m\u001b[22m\n\u001b[2m      \u001b[2mat render (\u001b[22m\u001b[2mnode_modules/@testing-library/react/dist/pure.js\u001b[2m:292:10)\u001b[22m\u001b[2m\u001b[22m\n\u001b[2m      \u001b[2mat Object.<anonymous> (C:\\Users\\leovp\\Programming\\adorador\\adorador-frontend\\src\\app\\(public)\u001b[22m\u001b[2m../../../../../grupos/_components/__tests__/BandsShowCase.test.tsx\u001b[2m:336:35)\u001b[22m\u001b[2m\u001b[22m\n\n\u001b[1m\u001b[31m  \u001b[1m● \u001b[22m\u001b[1mBandsShowCase › Estilos y layout › debe aplicar gap entre las cards\u001b[39m\u001b[22m\n\n    No QueryClient set, use QueryClientProvider to set one\n\u001b[2m\u001b[22m\n\u001b[2m    \u001b[0m \u001b[90m 26 |\u001b[39m   enabled \u001b[33m=\u001b[39m \u001b[36mtrue\u001b[39m\u001b[33m,\u001b[39m\u001b[22m\n\u001b[2m     \u001b[90m 27 |\u001b[39m }\u001b[33m:\u001b[39m \u001b[33mUseAllBandSongsWebSocketProps\u001b[39m) \u001b[33m=>\u001b[39m {\u001b[22m\n\u001b[2m    \u001b[31m\u001b[1m>\u001b[22m\u001b[2m\u001b[39m\u001b[90m 28 |\u001b[39m   \u001b[36mconst\u001b[39m queryClient \u001b[33m=\u001b[39m useQueryClient()\u001b[33m;\u001b[39m\u001b[22m\n\u001b[2m     \u001b[90m    |\u001b[39m                                     \u001b[31m\u001b[1m^\u001b[22m\u001b[2m\u001b[39m\u001b[22m\n\u001b[2m     \u001b[90m 29 |\u001b[39m   \u001b[36mconst\u001b[39m socketRef \u001b[33m=\u001b[39m useRef\u001b[33m<\u001b[39m\u001b[33mSocket\u001b[39m \u001b[33m|\u001b[39m \u001b[36mnull\u001b[39m\u001b[33m>\u001b[39m(\u001b[36mnull\u001b[39m)\u001b[33m;\u001b[39m\u001b[22m\n\u001b[2m     \u001b[90m 30 |\u001b[39m   \u001b[36mconst\u001b[39m listenersRef \u001b[33m=\u001b[39m useRef\u001b[33m<\u001b[39m\u001b[33mSet\u001b[39m\u001b[33m<\u001b[39m\u001b[33mstring\u001b[39m\u001b[33m>>\u001b[39m(\u001b[36mnew\u001b[39m \u001b[33mSet\u001b[39m())\u001b[33m;\u001b[39m\u001b[22m\n\u001b[2m     \u001b[90m 31 |\u001b[39m\u001b[0m\u001b[22m\n\u001b[2m\u001b[22m\n\u001b[2m      \u001b[2mat useQueryClient (\u001b[22m\u001b[2mnode_modules/@tanstack/react-query/src/QueryClientProvider.tsx\u001b[2m:18:11)\u001b[22m\u001b[2m\u001b[22m\n\u001b[2m      \u001b[2mat useAllBandSongsWebSocket (\u001b[22m\u001b[2msrc/global/hooks/useAllBandSongsWebSocket.ts\u001b[2m:28:37)\u001b[22m\u001b[2m\u001b[22m\n\u001b[2m      \u001b[2mat BandsShowCase (C:\\Users\\leovp\\Programming\\adorador\\adorador-frontend\\src\\app\\(public)\u001b[22m\u001b[2m../../../../../grupos/_components/BandsShowCase.tsx\u001b[2m:25:27)\u001b[22m\u001b[2m\u001b[22m\n\u001b[2m      \u001b[2mat renderWithHooks (\u001b[22m\u001b[2mnode_modules/react-dom/cjs/react-dom.development.js\u001b[2m:15486:18)\u001b[22m\u001b[2m\u001b[22m\n\u001b[2m      \u001b[2mat mountIndeterminateComponent (\u001b[22m\u001b[2mnode_modules/react-dom/cjs/react-dom.development.js\u001b[2m:20103:13)\u001b[22m\u001b[2m\u001b[22m\n\u001b[2m      \u001b[2mat beginWork (\u001b[22m\u001b[2mnode_modules/react-dom/cjs/react-dom.development.js\u001b[2m:21626:16)\u001b[22m\u001b[2m\u001b[22m\n\u001b[2m      \u001b[2mat beginWork$1 (\u001b[22m\u001b[2mnode_modules/react-dom/cjs/react-dom.development.js\u001b[2m:27465:14)\u001b[22m\u001b[2m\u001b[22m\n\u001b[2m      \u001b[2mat performUnitOfWork (\u001b[22m\u001b[2mnode_modules/react-dom/cjs/react-dom.development.js\u001b[2m:26599:12)\u001b[22m\u001b[2m\u001b[22m\n\u001b[2m      \u001b[2mat workLoopSync (\u001b[22m\u001b[2mnode_modules/react-dom/cjs/react-dom.development.js\u001b[2m:26505:5)\u001b[22m\u001b[2m\u001b[22m\n\u001b[2m      \u001b[2mat renderRootSync (\u001b[22m\u001b[2mnode_modules/react-dom/cjs/react-dom.development.js\u001b[2m:26473:7)\u001b[22m\u001b[2m\u001b[22m\n\u001b[2m      \u001b[2mat recoverFromConcurrentError (\u001b[22m\u001b[2mnode_modules/react-dom/cjs/react-dom.development.js\u001b[2m:25889:20)\u001b[22m\u001b[2m\u001b[22m\n\u001b[2m      \u001b[2mat performConcurrentWorkOnRoot (\u001b[22m\u001b[2mnode_modules/react-dom/cjs/react-dom.development.js\u001b[2m:25789:22)\u001b[22m\u001b[2m\u001b[22m\n\u001b[2m      \u001b[2mat flushActQueue (\u001b[22m\u001b[2mnode_modules/react/cjs/react.development.js\u001b[2m:2667:24)\u001b[22m\u001b[2m\u001b[22m\n\u001b[2m      \u001b[2mat act (\u001b[22m\u001b[2mnode_modules/react/cjs/react.development.js\u001b[2m:2582:11)\u001b[22m\u001b[2m\u001b[22m\n\u001b[2m      \u001b[2mat \u001b[22m\u001b[2mnode_modules/@testing-library/react/dist/act-compat.js\u001b[2m:47:25\u001b[22m\u001b[2m\u001b[22m\n\u001b[2m      \u001b[2mat renderRoot (\u001b[22m\u001b[2mnode_modules/@testing-library/react/dist/pure.js\u001b[2m:190:26)\u001b[22m\u001b[2m\u001b[22m\n\u001b[2m      \u001b[2mat render (\u001b[22m\u001b[2mnode_modules/@testing-library/react/dist/pure.js\u001b[2m:292:10)\u001b[22m\u001b[2m\u001b[22m\n\u001b[2m      \u001b[2mat Object.<anonymous> (C:\\Users\\leovp\\Programming\\adorador\\adorador-frontend\\src\\app\\(public)\u001b[22m\u001b[2m../../../../../grupos/_components/__tests__/BandsShowCase.test.tsx\u001b[2m:349:35)\u001b[22m\u001b[2m\u001b[22m\n\n\u001b[1m\u001b[31m  \u001b[1m● \u001b[22m\u001b[1mBandsShowCase › Estilos y layout › debe tener height full en el contenedor principal\u001b[39m\u001b[22m\n\n    No QueryClient set, use QueryClientProvider to set one\n\u001b[2m\u001b[22m\n\u001b[2m    \u001b[0m \u001b[90m 26 |\u001b[39m   enabled \u001b[33m=\u001b[39m \u001b[36mtrue\u001b[39m\u001b[33m,\u001b[39m\u001b[22m\n\u001b[2m     \u001b[90m 27 |\u001b[39m }\u001b[33m:\u001b[39m \u001b[33mUseAllBandSongsWebSocketProps\u001b[39m) \u001b[33m=>\u001b[39m {\u001b[22m\n\u001b[2m    \u001b[31m\u001b[1m>\u001b[22m\u001b[2m\u001b[39m\u001b[90m 28 |\u001b[39m   \u001b[36mconst\u001b[39m queryClient \u001b[33m=\u001b[39m useQueryClient()\u001b[33m;\u001b[39m\u001b[22m\n\u001b[2m     \u001b[90m    |\u001b[39m                                     \u001b[31m\u001b[1m^\u001b[22m\u001b[2m\u001b[39m\u001b[22m\n\u001b[2m     \u001b[90m 29 |\u001b[39m   \u001b[36mconst\u001b[39m socketRef \u001b[33m=\u001b[39m useRef\u001b[33m<\u001b[39m\u001b[33mSocket\u001b[39m \u001b[33m|\u001b[39m \u001b[36mnull\u001b[39m\u001b[33m>\u001b[39m(\u001b[36mnull\u001b[39m)\u001b[33m;\u001b[39m\u001b[22m\n\u001b[2m     \u001b[90m 30 |\u001b[39m   \u001b[36mconst\u001b[39m listenersRef \u001b[33m=\u001b[39m useRef\u001b[33m<\u001b[39m\u001b[33mSet\u001b[39m\u001b[33m<\u001b[39m\u001b[33mstring\u001b[39m\u001b[33m>>\u001b[39m(\u001b[36mnew\u001b[39m \u001b[33mSet\u001b[39m())\u001b[33m;\u001b[39m\u001b[22m\n\u001b[2m     \u001b[90m 31 |\u001b[39m\u001b[0m\u001b[22m\n\u001b[2m\u001b[22m\n\u001b[2m      \u001b[2mat useQueryClient (\u001b[22m\u001b[2mnode_modules/@tanstack/react-query/src/QueryClientProvider.tsx\u001b[2m:18:11)\u001b[22m\u001b[2m\u001b[22m\n\u001b[2m      \u001b[2mat useAllBandSongsWebSocket (\u001b[22m\u001b[2msrc/global/hooks/useAllBandSongsWebSocket.ts\u001b[2m:28:37)\u001b[22m\u001b[2m\u001b[22m\n\u001b[2m      \u001b[2mat BandsShowCase (C:\\Users\\leovp\\Programming\\adorador\\adorador-frontend\\src\\app\\(public)\u001b[22m\u001b[2m../../../../../grupos/_components/BandsShowCase.tsx\u001b[2m:25:27)\u001b[22m\u001b[2m\u001b[22m\n\u001b[2m      \u001b[2mat renderWithHooks (\u001b[22m\u001b[2mnode_modules/react-dom/cjs/react-dom.development.js\u001b[2m:15486:18)\u001b[22m\u001b[2m\u001b[22m\n\u001b[2m      \u001b[2mat mountIndeterminateComponent (\u001b[22m\u001b[2mnode_modules/react-dom/cjs/react-dom.development.js\u001b[2m:20103:13)\u001b[22m\u001b[2m\u001b[22m\n\u001b[2m      \u001b[2mat beginWork (\u001b[22m\u001b[2mnode_modules/react-dom/cjs/react-dom.development.js\u001b[2m:21626:16)\u001b[22m\u001b[2m\u001b[22m\n\u001b[2m      \u001b[2mat beginWork$1 (\u001b[22m\u001b[2mnode_modules/react-dom/cjs/react-dom.development.js\u001b[2m:27465:14)\u001b[22m\u001b[2m\u001b[22m\n\u001b[2m      \u001b[2mat performUnitOfWork (\u001b[22m\u001b[2mnode_modules/react-dom/cjs/react-dom.development.js\u001b[2m:26599:12)\u001b[22m\u001b[2m\u001b[22m\n\u001b[2m      \u001b[2mat workLoopSync (\u001b[22m\u001b[2mnode_modules/react-dom/cjs/react-dom.development.js\u001b[2m:26505:5)\u001b[22m\u001b[2m\u001b[22m\n\u001b[2m      \u001b[2mat renderRootSync (\u001b[22m\u001b[2mnode_modules/react-dom/cjs/react-dom.development.js\u001b[2m:26473:7)\u001b[22m\u001b[2m\u001b[22m\n\u001b[2m      \u001b[2mat recoverFromConcurrentError (\u001b[22m\u001b[2mnode_modules/react-dom/cjs/react-dom.development.js\u001b[2m:25889:20)\u001b[22m\u001b[2m\u001b[22m\n\u001b[2m      \u001b[2mat performConcurrentWorkOnRoot (\u001b[22m\u001b[2mnode_modules/react-dom/cjs/react-dom.development.js\u001b[2m:25789:22)\u001b[22m\u001b[2m\u001b[22m\n\u001b[2m      \u001b[2mat flushActQueue (\u001b[22m\u001b[2mnode_modules/react/cjs/react.development.js\u001b[2m:2667:24)\u001b[22m\u001b[2m\u001b[22m\n\u001b[2m      \u001b[2mat act (\u001b[22m\u001b[2mnode_modules/react/cjs/react.development.js\u001b[2m:2582:11)\u001b[22m\u001b[2m\u001b[22m\n\u001b[2m      \u001b[2mat \u001b[22m\u001b[2mnode_modules/@testing-library/react/dist/act-compat.js\u001b[2m:47:25\u001b[22m\u001b[2m\u001b[22m\n\u001b[2m      \u001b[2mat renderRoot (\u001b[22m\u001b[2mnode_modules/@testing-library/react/dist/pure.js\u001b[2m:190:26)\u001b[22m\u001b[2m\u001b[22m\n\u001b[2m      \u001b[2mat render (\u001b[22m\u001b[2mnode_modules/@testing-library/react/dist/pure.js\u001b[2m:292:10)\u001b[22m\u001b[2m\u001b[22m\n\u001b[2m      \u001b[2mat Object.<anonymous> (C:\\Users\\leovp\\Programming\\adorador\\adorador-frontend\\src\\app\\(public)\u001b[22m\u001b[2m../../../../../grupos/_components/__tests__/BandsShowCase.test.tsx\u001b[2m:362:35)\u001b[22m\u001b[2m\u001b[22m\n\n\u001b[1m\u001b[31m  \u001b[1m● \u001b[22m\u001b[1mBandsShowCase › Transiciones de estado › debe cambiar de loading a mostrar bandas correctamente\u001b[39m\u001b[22m\n\n    No QueryClient set, use QueryClientProvider to set one\n\u001b[2m\u001b[22m\n\u001b[2m    \u001b[0m \u001b[90m 26 |\u001b[39m   enabled \u001b[33m=\u001b[39m \u001b[36mtrue\u001b[39m\u001b[33m,\u001b[39m\u001b[22m\n\u001b[2m     \u001b[90m 27 |\u001b[39m }\u001b[33m:\u001b[39m \u001b[33mUseAllBandSongsWebSocketProps\u001b[39m) \u001b[33m=>\u001b[39m {\u001b[22m\n\u001b[2m    \u001b[31m\u001b[1m>\u001b[22m\u001b[2m\u001b[39m\u001b[90m 28 |\u001b[39m   \u001b[36mconst\u001b[39m queryClient \u001b[33m=\u001b[39m useQueryClient()\u001b[33m;\u001b[39m\u001b[22m\n\u001b[2m     \u001b[90m    |\u001b[39m                                     \u001b[31m\u001b[1m^\u001b[22m\u001b[2m\u001b[39m\u001b[22m\n\u001b[2m     \u001b[90m 29 |\u001b[39m   \u001b[36mconst\u001b[39m socketRef \u001b[33m=\u001b[39m useRef\u001b[33m<\u001b[39m\u001b[33mSocket\u001b[39m \u001b[33m|\u001b[39m \u001b[36mnull\u001b[39m\u001b[33m>\u001b[39m(\u001b[36mnull\u001b[39m)\u001b[33m;\u001b[39m\u001b[22m\n\u001b[2m     \u001b[90m 30 |\u001b[39m   \u001b[36mconst\u001b[39m listenersRef \u001b[33m=\u001b[39m useRef\u001b[33m<\u001b[39m\u001b[33mSet\u001b[39m\u001b[33m<\u001b[39m\u001b[33mstring\u001b[39m\u001b[33m>>\u001b[39m(\u001b[36mnew\u001b[39m \u001b[33mSet\u001b[39m())\u001b[33m;\u001b[39m\u001b[22m\n\u001b[2m     \u001b[90m 31 |\u001b[39m\u001b[0m\u001b[22m\n\u001b[2m\u001b[22m\n\u001b[2m      \u001b[2mat useQueryClient (\u001b[22m\u001b[2mnode_modules/@tanstack/react-query/src/QueryClientProvider.tsx\u001b[2m:18:11)\u001b[22m\u001b[2m\u001b[22m\n\u001b[2m      \u001b[2mat useAllBandSongsWebSocket (\u001b[22m\u001b[2msrc/global/hooks/useAllBandSongsWebSocket.ts\u001b[2m:28:37)\u001b[22m\u001b[2m\u001b[22m\n\u001b[2m      \u001b[2mat BandsShowCase (C:\\Users\\leovp\\Programming\\adorador\\adorador-frontend\\src\\app\\(public)\u001b[22m\u001b[2m../../../../../grupos/_components/BandsShowCase.tsx\u001b[2m:25:27)\u001b[22m\u001b[2m\u001b[22m\n\u001b[2m      \u001b[2mat renderWithHooks (\u001b[22m\u001b[2mnode_modules/react-dom/cjs/react-dom.development.js\u001b[2m:15486:18)\u001b[22m\u001b[2m\u001b[22m\n\u001b[2m      \u001b[2mat mountIndeterminateComponent (\u001b[22m\u001b[2mnode_modules/react-dom/cjs/react-dom.development.js\u001b[2m:20103:13)\u001b[22m\u001b[2m\u001b[22m\n\u001b[2m      \u001b[2mat beginWork (\u001b[22m\u001b[2mnode_modules/react-dom/cjs/react-dom.development.js\u001b[2m:21626:16)\u001b[22m\u001b[2m\u001b[22m\n\u001b[2m      \u001b[2mat beginWork$1 (\u001b[22m\u001b[2mnode_modules/react-dom/cjs/react-dom.development.js\u001b[2m:27465:14)\u001b[22m\u001b[2m\u001b[22m\n\u001b[2m      \u001b[2mat performUnitOfWork (\u001b[22m\u001b[2mnode_modules/react-dom/cjs/react-dom.development.js\u001b[2m:26599:12)\u001b[22m\u001b[2m\u001b[22m\n\u001b[2m      \u001b[2mat workLoopSync (\u001b[22m\u001b[2mnode_modules/react-dom/cjs/react-dom.development.js\u001b[2m:26505:5)\u001b[22m\u001b[2m\u001b[22m\n\u001b[2m      \u001b[2mat renderRootSync (\u001b[22m\u001b[2mnode_modules/react-dom/cjs/react-dom.development.js\u001b[2m:26473:7)\u001b[22m\u001b[2m\u001b[22m\n\u001b[2m      \u001b[2mat recoverFromConcurrentError (\u001b[22m\u001b[2mnode_modules/react-dom/cjs/react-dom.development.js\u001b[2m:25889:20)\u001b[22m\u001b[2m\u001b[22m\n\u001b[2m      \u001b[2mat performConcurrentWorkOnRoot (\u001b[22m\u001b[2mnode_modules/react-dom/cjs/react-dom.development.js\u001b[2m:25789:22)\u001b[22m\u001b[2m\u001b[22m\n\u001b[2m      \u001b[2mat flushActQueue (\u001b[22m\u001b[2mnode_modules/react/cjs/react.development.js\u001b[2m:2667:24)\u001b[22m\u001b[2m\u001b[22m\n\u001b[2m      \u001b[2mat act (\u001b[22m\u001b[2mnode_modules/react/cjs/react.development.js\u001b[2m:2582:11)\u001b[22m\u001b[2m\u001b[22m\n\u001b[2m      \u001b[2mat \u001b[22m\u001b[2mnode_modules/@testing-library/react/dist/act-compat.js\u001b[2m:47:25\u001b[22m\u001b[2m\u001b[22m\n\u001b[2m      \u001b[2mat renderRoot (\u001b[22m\u001b[2mnode_modules/@testing-library/react/dist/pure.js\u001b[2m:190:26)\u001b[22m\u001b[2m\u001b[22m\n\u001b[2m      \u001b[2mat render (\u001b[22m\u001b[2mnode_modules/@testing-library/react/dist/pure.js\u001b[2m:292:10)\u001b[22m\u001b[2m\u001b[22m\n\u001b[2m      \u001b[2mat Object.<anonymous> (C:\\Users\\leovp\\Programming\\adorador\\adorador-frontend\\src\\app\\(public)\u001b[22m\u001b[2m../../../../../grupos/_components/__tests__/BandsShowCase.test.tsx\u001b[2m:378:34)\u001b[22m\u001b[2m\u001b[22m\n\n\u001b[1m\u001b[31m  \u001b[1m● \u001b[22m\u001b[1mBandsShowCase › Transiciones de estado › debe manejar cambio de usuario no logueado a logueado\u001b[39m\u001b[22m\n\n    No QueryClient set, use QueryClientProvider to set one\n\u001b[2m\u001b[22m\n\u001b[2m    \u001b[0m \u001b[90m 26 |\u001b[39m   enabled \u001b[33m=\u001b[39m \u001b[36mtrue\u001b[39m\u001b[33m,\u001b[39m\u001b[22m\n\u001b[2m     \u001b[90m 27 |\u001b[39m }\u001b[33m:\u001b[39m \u001b[33mUseAllBandSongsWebSocketProps\u001b[39m) \u001b[33m=>\u001b[39m {\u001b[22m\n\u001b[2m    \u001b[31m\u001b[1m>\u001b[22m\u001b[2m\u001b[39m\u001b[90m 28 |\u001b[39m   \u001b[36mconst\u001b[39m queryClient \u001b[33m=\u001b[39m useQueryClient()\u001b[33m;\u001b[39m\u001b[22m\n\u001b[2m     \u001b[90m    |\u001b[39m                                     \u001b[31m\u001b[1m^\u001b[22m\u001b[2m\u001b[39m\u001b[22m\n\u001b[2m     \u001b[90m 29 |\u001b[39m   \u001b[36mconst\u001b[39m socketRef \u001b[33m=\u001b[39m useRef\u001b[33m<\u001b[39m\u001b[33mSocket\u001b[39m \u001b[33m|\u001b[39m \u001b[36mnull\u001b[39m\u001b[33m>\u001b[39m(\u001b[36mnull\u001b[39m)\u001b[33m;\u001b[39m\u001b[22m\n\u001b[2m     \u001b[90m 30 |\u001b[39m   \u001b[36mconst\u001b[39m listenersRef \u001b[33m=\u001b[39m useRef\u001b[33m<\u001b[39m\u001b[33mSet\u001b[39m\u001b[33m<\u001b[39m\u001b[33mstring\u001b[39m\u001b[33m>>\u001b[39m(\u001b[36mnew\u001b[39m \u001b[33mSet\u001b[39m())\u001b[33m;\u001b[39m\u001b[22m\n\u001b[2m     \u001b[90m 31 |\u001b[39m\u001b[0m\u001b[22m\n\u001b[2m\u001b[22m\n\u001b[2m      \u001b[2mat useQueryClient (\u001b[22m\u001b[2mnode_modules/@tanstack/react-query/src/QueryClientProvider.tsx\u001b[2m:18:11)\u001b[22m\u001b[2m\u001b[22m\n\u001b[2m      \u001b[2mat useAllBandSongsWebSocket (\u001b[22m\u001b[2msrc/global/hooks/useAllBandSongsWebSocket.ts\u001b[2m:28:37)\u001b[22m\u001b[2m\u001b[22m\n\u001b[2m      \u001b[2mat BandsShowCase (C:\\Users\\leovp\\Programming\\adorador\\adorador-frontend\\src\\app\\(public)\u001b[22m\u001b[2m../../../../../grupos/_components/BandsShowCase.tsx\u001b[2m:25:27)\u001b[22m\u001b[2m\u001b[22m\n\u001b[2m      \u001b[2mat renderWithHooks (\u001b[22m\u001b[2mnode_modules/react-dom/cjs/react-dom.development.js\u001b[2m:15486:18)\u001b[22m\u001b[2m\u001b[22m\n\u001b[2m      \u001b[2mat mountIndeterminateComponent (\u001b[22m\u001b[2mnode_modules/react-dom/cjs/react-dom.development.js\u001b[2m:20103:13)\u001b[22m\u001b[2m\u001b[22m\n\u001b[2m      \u001b[2mat beginWork (\u001b[22m\u001b[2mnode_modules/react-dom/cjs/react-dom.development.js\u001b[2m:21626:16)\u001b[22m\u001b[2m\u001b[22m\n\u001b[2m      \u001b[2mat beginWork$1 (\u001b[22m\u001b[2mnode_modules/react-dom/cjs/react-dom.development.js\u001b[2m:27465:14)\u001b[22m\u001b[2m\u001b[22m\n\u001b[2m      \u001b[2mat performUnitOfWork (\u001b[22m\u001b[2mnode_modules/react-dom/cjs/react-dom.development.js\u001b[2m:26599:12)\u001b[22m\u001b[2m\u001b[22m\n\u001b[2m      \u001b[2mat workLoopSync (\u001b[22m\u001b[2mnode_modules/react-dom/cjs/react-dom.development.js\u001b[2m:26505:5)\u001b[22m\u001b[2m\u001b[22m\n\u001b[2m      \u001b[2mat renderRootSync (\u001b[22m\u001b[2mnode_modules/react-dom/cjs/react-dom.development.js\u001b[2m:26473:7)\u001b[22m\u001b[2m\u001b[22m\n\u001b[2m      \u001b[2mat recoverFromConcurrentError (\u001b[22m\u001b[2mnode_modules/react-dom/cjs/react-dom.development.js\u001b[2m:25889:20)\u001b[22m\u001b[2m\u001b[22m\n\u001b[2m      \u001b[2mat performConcurrentWorkOnRoot (\u001b[22m\u001b[2mnode_modules/react-dom/cjs/react-dom.development.js\u001b[2m:25789:22)\u001b[22m\u001b[2m\u001b[22m\n\u001b[2m      \u001b[2mat flushActQueue (\u001b[22m\u001b[2mnode_modules/react/cjs/react.development.js\u001b[2m:2667:24)\u001b[22m\u001b[2m\u001b[22m\n\u001b[2m      \u001b[2mat act (\u001b[22m\u001b[2mnode_modules/react/cjs/react.development.js\u001b[2m:2582:11)\u001b[22m\u001b[2m\u001b[22m\n\u001b[2m      \u001b[2mat \u001b[22m\u001b[2mnode_modules/@testing-library/react/dist/act-compat.js\u001b[2m:47:25\u001b[22m\u001b[2m\u001b[22m\n\u001b[2m      \u001b[2mat renderRoot (\u001b[22m\u001b[2mnode_modules/@testing-library/react/dist/pure.js\u001b[2m:190:26)\u001b[22m\u001b[2m\u001b[22m\n\u001b[2m      \u001b[2mat render (\u001b[22m\u001b[2mnode_modules/@testing-library/react/dist/pure.js\u001b[2m:292:10)\u001b[22m\u001b[2m\u001b[22m\n\u001b[2m      \u001b[2mat Object.<anonymous> (C:\\Users\\leovp\\Programming\\adorador\\adorador-frontend\\src\\app\\(public)\u001b[22m\u001b[2m../../../../../grupos/_components/__tests__/BandsShowCase.test.tsx\u001b[2m:414:34)\u001b[22m\u001b[2m\u001b[22m\n\n\u001b[1m\u001b[31m  \u001b[1m● \u001b[22m\u001b[1mBandsShowCase › Casos extremos › debe manejar una sola banda correctamente\u001b[39m\u001b[22m\n\n    No QueryClient set, use QueryClientProvider to set one\n\u001b[2m\u001b[22m\n\u001b[2m    \u001b[0m \u001b[90m 26 |\u001b[39m   enabled \u001b[33m=\u001b[39m \u001b[36mtrue\u001b[39m\u001b[33m,\u001b[39m\u001b[22m\n\u001b[2m     \u001b[90m 27 |\u001b[39m }\u001b[33m:\u001b[39m \u001b[33mUseAllBandSongsWebSocketProps\u001b[39m) \u001b[33m=>\u001b[39m {\u001b[22m\n\u001b[2m    \u001b[31m\u001b[1m>\u001b[22m\u001b[2m\u001b[39m\u001b[90m 28 |\u001b[39m   \u001b[36mconst\u001b[39m queryClient \u001b[33m=\u001b[39m useQueryClient()\u001b[33m;\u001b[39m\u001b[22m\n\u001b[2m     \u001b[90m    |\u001b[39m                                     \u001b[31m\u001b[1m^\u001b[22m\u001b[2m\u001b[39m\u001b[22m\n\u001b[2m     \u001b[90m 29 |\u001b[39m   \u001b[36mconst\u001b[39m socketRef \u001b[33m=\u001b[39m useRef\u001b[33m<\u001b[39m\u001b[33mSocket\u001b[39m \u001b[33m|\u001b[39m \u001b[36mnull\u001b[39m\u001b[33m>\u001b[39m(\u001b[36mnull\u001b[39m)\u001b[33m;\u001b[39m\u001b[22m\n\u001b[2m     \u001b[90m 30 |\u001b[39m   \u001b[36mconst\u001b[39m listenersRef \u001b[33m=\u001b[39m useRef\u001b[33m<\u001b[39m\u001b[33mSet\u001b[39m\u001b[33m<\u001b[39m\u001b[33mstring\u001b[39m\u001b[33m>>\u001b[39m(\u001b[36mnew\u001b[39m \u001b[33mSet\u001b[39m())\u001b[33m;\u001b[39m\u001b[22m\n\u001b[2m     \u001b[90m 31 |\u001b[39m\u001b[0m\u001b[22m\n\u001b[2m\u001b[22m\n\u001b[2m      \u001b[2mat useQueryClient (\u001b[22m\u001b[2mnode_modules/@tanstack/react-query/src/QueryClientProvider.tsx\u001b[2m:18:11)\u001b[22m\u001b[2m\u001b[22m\n\u001b[2m      \u001b[2mat useAllBandSongsWebSocket (\u001b[22m\u001b[2msrc/global/hooks/useAllBandSongsWebSocket.ts\u001b[2m:28:37)\u001b[22m\u001b[2m\u001b[22m\n\u001b[2m      \u001b[2mat BandsShowCase (C:\\Users\\leovp\\Programming\\adorador\\adorador-frontend\\src\\app\\(public)\u001b[22m\u001b[2m../../../../../grupos/_components/BandsShowCase.tsx\u001b[2m:25:27)\u001b[22m\u001b[2m\u001b[22m\n\u001b[2m      \u001b[2mat renderWithHooks (\u001b[22m\u001b[2mnode_modules/react-dom/cjs/react-dom.development.js\u001b[2m:15486:18)\u001b[22m\u001b[2m\u001b[22m\n\u001b[2m      \u001b[2mat mountIndeterminateComponent (\u001b[22m\u001b[2mnode_modules/react-dom/cjs/react-dom.development.js\u001b[2m:20103:13)\u001b[22m\u001b[2m\u001b[22m\n\u001b[2m      \u001b[2mat beginWork (\u001b[22m\u001b[2mnode_modules/react-dom/cjs/react-dom.development.js\u001b[2m:21626:16)\u001b[22m\u001b[2m\u001b[22m\n\u001b[2m      \u001b[2mat beginWork$1 (\u001b[22m\u001b[2mnode_modules/react-dom/cjs/react-dom.development.js\u001b[2m:27465:14)\u001b[22m\u001b[2m\u001b[22m\n\u001b[2m      \u001b[2mat performUnitOfWork (\u001b[22m\u001b[2mnode_modules/react-dom/cjs/react-dom.development.js\u001b[2m:26599:12)\u001b[22m\u001b[2m\u001b[22m\n\u001b[2m      \u001b[2mat workLoopSync (\u001b[22m\u001b[2mnode_modules/react-dom/cjs/react-dom.development.js\u001b[2m:26505:5)\u001b[22m\u001b[2m\u001b[22m\n\u001b[2m      \u001b[2mat renderRootSync (\u001b[22m\u001b[2mnode_modules/react-dom/cjs/react-dom.development.js\u001b[2m:26473:7)\u001b[22m\u001b[2m\u001b[22m\n\u001b[2m      \u001b[2mat recoverFromConcurrentError (\u001b[22m\u001b[2mnode_modules/react-dom/cjs/react-dom.development.js\u001b[2m:25889:20)\u001b[22m\u001b[2m\u001b[22m\n\u001b[2m      \u001b[2mat performConcurrentWorkOnRoot (\u001b[22m\u001b[2mnode_modules/react-dom/cjs/react-dom.development.js\u001b[2m:25789:22)\u001b[22m\u001b[2m\u001b[22m\n\u001b[2m      \u001b[2mat flushActQueue (\u001b[22m\u001b[2mnode_modules/react/cjs/react.development.js\u001b[2m:2667:24)\u001b[22m\u001b[2m\u001b[22m\n\u001b[2m      \u001b[2mat act (\u001b[22m\u001b[2mnode_modules/react/cjs/react.development.js\u001b[2m:2582:11)\u001b[22m\u001b[2m\u001b[22m\n\u001b[2m      \u001b[2mat \u001b[22m\u001b[2mnode_modules/@testing-library/react/dist/act-compat.js\u001b[2m:47:25\u001b[22m\u001b[2m\u001b[22m\n\u001b[2m      \u001b[2mat renderRoot (\u001b[22m\u001b[2mnode_modules/@testing-library/react/dist/pure.js\u001b[2m:190:26)\u001b[22m\u001b[2m\u001b[22m\n\u001b[2m      \u001b[2mat render (\u001b[22m\u001b[2mnode_modules/@testing-library/react/dist/pure.js\u001b[2m:292:10)\u001b[22m\u001b[2m\u001b[22m\n\u001b[2m      \u001b[2mat Object.<anonymous> (C:\\Users\\leovp\\Programming\\adorador\\adorador-frontend\\src\\app\\(public)\u001b[22m\u001b[2m../../../../../grupos/_components/__tests__/BandsShowCase.test.tsx\u001b[2m:455:13)\u001b[22m\u001b[2m\u001b[22m\n\n\u001b[1m\u001b[31m  \u001b[1m● \u001b[22m\u001b[1mBandsShowCase › Casos extremos › debe manejar muchas bandas (renderizado masivo)\u001b[39m\u001b[22m\n\n    No QueryClient set, use QueryClientProvider to set one\n\u001b[2m\u001b[22m\n\u001b[2m    \u001b[0m \u001b[90m 26 |\u001b[39m   enabled \u001b[33m=\u001b[39m \u001b[36mtrue\u001b[39m\u001b[33m,\u001b[39m\u001b[22m\n\u001b[2m     \u001b[90m 27 |\u001b[39m }\u001b[33m:\u001b[39m \u001b[33mUseAllBandSongsWebSocketProps\u001b[39m) \u001b[33m=>\u001b[39m {\u001b[22m\n\u001b[2m    \u001b[31m\u001b[1m>\u001b[22m\u001b[2m\u001b[39m\u001b[90m 28 |\u001b[39m   \u001b[36mconst\u001b[39m queryClient \u001b[33m=\u001b[39m useQueryClient()\u001b[33m;\u001b[39m\u001b[22m\n\u001b[2m     \u001b[90m    |\u001b[39m                                     \u001b[31m\u001b[1m^\u001b[22m\u001b[2m\u001b[39m\u001b[22m\n\u001b[2m     \u001b[90m 29 |\u001b[39m   \u001b[36mconst\u001b[39m socketRef \u001b[33m=\u001b[39m useRef\u001b[33m<\u001b[39m\u001b[33mSocket\u001b[39m \u001b[33m|\u001b[39m \u001b[36mnull\u001b[39m\u001b[33m>\u001b[39m(\u001b[36mnull\u001b[39m)\u001b[33m;\u001b[39m\u001b[22m\n\u001b[2m     \u001b[90m 30 |\u001b[39m   \u001b[36mconst\u001b[39m listenersRef \u001b[33m=\u001b[39m useRef\u001b[33m<\u001b[39m\u001b[33mSet\u001b[39m\u001b[33m<\u001b[39m\u001b[33mstring\u001b[39m\u001b[33m>>\u001b[39m(\u001b[36mnew\u001b[39m \u001b[33mSet\u001b[39m())\u001b[33m;\u001b[39m\u001b[22m\n\u001b[2m     \u001b[90m 31 |\u001b[39m\u001b[0m\u001b[22m\n\u001b[2m\u001b[22m\n\u001b[2m      \u001b[2mat useQueryClient (\u001b[22m\u001b[2mnode_modules/@tanstack/react-query/src/QueryClientProvider.tsx\u001b[2m:18:11)\u001b[22m\u001b[2m\u001b[22m\n\u001b[2m      \u001b[2mat useAllBandSongsWebSocket (\u001b[22m\u001b[2msrc/global/hooks/useAllBandSongsWebSocket.ts\u001b[2m:28:37)\u001b[22m\u001b[2m\u001b[22m\n\u001b[2m      \u001b[2mat BandsShowCase (C:\\Users\\leovp\\Programming\\adorador\\adorador-frontend\\src\\app\\(public)\u001b[22m\u001b[2m../../../../../grupos/_components/BandsShowCase.tsx\u001b[2m:25:27)\u001b[22m\u001b[2m\u001b[22m\n\u001b[2m      \u001b[2mat renderWithHooks (\u001b[22m\u001b[2mnode_modules/react-dom/cjs/react-dom.development.js\u001b[2m:15486:18)\u001b[22m\u001b[2m\u001b[22m\n\u001b[2m      \u001b[2mat mountIndeterminateComponent (\u001b[22m\u001b[2mnode_modules/react-dom/cjs/react-dom.development.js\u001b[2m:20103:13)\u001b[22m\u001b[2m\u001b[22m\n\u001b[2m      \u001b[2mat beginWork (\u001b[22m\u001b[2mnode_modules/react-dom/cjs/react-dom.development.js\u001b[2m:21626:16)\u001b[22m\u001b[2m\u001b[22m\n\u001b[2m      \u001b[2mat beginWork$1 (\u001b[22m\u001b[2mnode_modules/react-dom/cjs/react-dom.development.js\u001b[2m:27465:14)\u001b[22m\u001b[2m\u001b[22m\n\u001b[2m      \u001b[2mat performUnitOfWork (\u001b[22m\u001b[2mnode_modules/react-dom/cjs/react-dom.development.js\u001b[2m:26599:12)\u001b[22m\u001b[2m\u001b[22m\n\u001b[2m      \u001b[2mat workLoopSync (\u001b[22m\u001b[2mnode_modules/react-dom/cjs/react-dom.development.js\u001b[2m:26505:5)\u001b[22m\u001b[2m\u001b[22m\n\u001b[2m      \u001b[2mat renderRootSync (\u001b[22m\u001b[2mnode_modules/react-dom/cjs/react-dom.development.js\u001b[2m:26473:7)\u001b[22m\u001b[2m\u001b[22m\n\u001b[2m      \u001b[2mat recoverFromConcurrentError (\u001b[22m\u001b[2mnode_modules/react-dom/cjs/react-dom.development.js\u001b[2m:25889:20)\u001b[22m\u001b[2m\u001b[22m\n\u001b[2m      \u001b[2mat performConcurrentWorkOnRoot (\u001b[22m\u001b[2mnode_modules/react-dom/cjs/react-dom.development.js\u001b[2m:25789:22)\u001b[22m\u001b[2m\u001b[22m\n\u001b[2m      \u001b[2mat flushActQueue (\u001b[22m\u001b[2mnode_modules/react/cjs/react.development.js\u001b[2m:2667:24)\u001b[22m\u001b[2m\u001b[22m\n\u001b[2m      \u001b[2mat act (\u001b[22m\u001b[2mnode_modules/react/cjs/react.development.js\u001b[2m:2582:11)\u001b[22m\u001b[2m\u001b[22m\n\u001b[2m      \u001b[2mat \u001b[22m\u001b[2mnode_modules/@testing-library/react/dist/act-compat.js\u001b[2m:47:25\u001b[22m\u001b[2m\u001b[22m\n\u001b[2m      \u001b[2mat renderRoot (\u001b[22m\u001b[2mnode_modules/@testing-library/react/dist/pure.js\u001b[2m:190:26)\u001b[22m\u001b[2m\u001b[22m\n\u001b[2m      \u001b[2mat render (\u001b[22m\u001b[2mnode_modules/@testing-library/react/dist/pure.js\u001b[2m:292:10)\u001b[22m\u001b[2m\u001b[22m\n\u001b[2m      \u001b[2mat Object.<anonymous> (C:\\Users\\leovp\\Programming\\adorador\\adorador-frontend\\src\\app\\(public)\u001b[22m\u001b[2m../../../../../grupos/_components/__tests__/BandsShowCase.test.tsx\u001b[2m:482:35)\u001b[22m\u001b[2m\u001b[22m\n\n\u001b[1m\u001b[31m  \u001b[1m● \u001b[22m\u001b[1mBandsShowCase › Memoización › debe usar useMemo para isLoggedIn para evitar re-renders innecesarios\u001b[39m\u001b[22m\n\n    No QueryClient set, use QueryClientProvider to set one\n\u001b[2m\u001b[22m\n\u001b[2m    \u001b[0m \u001b[90m 26 |\u001b[39m   enabled \u001b[33m=\u001b[39m \u001b[36mtrue\u001b[39m\u001b[33m,\u001b[39m\u001b[22m\n\u001b[2m     \u001b[90m 27 |\u001b[39m }\u001b[33m:\u001b[39m \u001b[33mUseAllBandSongsWebSocketProps\u001b[39m) \u001b[33m=>\u001b[39m {\u001b[22m\n\u001b[2m    \u001b[31m\u001b[1m>\u001b[22m\u001b[2m\u001b[39m\u001b[90m 28 |\u001b[39m   \u001b[36mconst\u001b[39m queryClient \u001b[33m=\u001b[39m useQueryClient()\u001b[33m;\u001b[39m\u001b[22m\n\u001b[2m     \u001b[90m    |\u001b[39m                                     \u001b[31m\u001b[1m^\u001b[22m\u001b[2m\u001b[39m\u001b[22m\n\u001b[2m     \u001b[90m 29 |\u001b[39m   \u001b[36mconst\u001b[39m socketRef \u001b[33m=\u001b[39m useRef\u001b[33m<\u001b[39m\u001b[33mSocket\u001b[39m \u001b[33m|\u001b[39m \u001b[36mnull\u001b[39m\u001b[33m>\u001b[39m(\u001b[36mnull\u001b[39m)\u001b[33m;\u001b[39m\u001b[22m\n\u001b[2m     \u001b[90m 30 |\u001b[39m   \u001b[36mconst\u001b[39m listenersRef \u001b[33m=\u001b[39m useRef\u001b[33m<\u001b[39m\u001b[33mSet\u001b[39m\u001b[33m<\u001b[39m\u001b[33mstring\u001b[39m\u001b[33m>>\u001b[39m(\u001b[36mnew\u001b[39m \u001b[33mSet\u001b[39m())\u001b[33m;\u001b[39m\u001b[22m\n\u001b[2m     \u001b[90m 31 |\u001b[39m\u001b[0m\u001b[22m\n\u001b[2m\u001b[22m\n\u001b[2m      \u001b[2mat useQueryClient (\u001b[22m\u001b[2mnode_modules/@tanstack/react-query/src/QueryClientProvider.tsx\u001b[2m:18:11)\u001b[22m\u001b[2m\u001b[22m\n\u001b[2m      \u001b[2mat useAllBandSongsWebSocket (\u001b[22m\u001b[2msrc/global/hooks/useAllBandSongsWebSocket.ts\u001b[2m:28:37)\u001b[22m\u001b[2m\u001b[22m\n\u001b[2m      \u001b[2mat BandsShowCase (C:\\Users\\leovp\\Programming\\adorador\\adorador-frontend\\src\\app\\(public)\u001b[22m\u001b[2m../../../../../grupos/_components/BandsShowCase.tsx\u001b[2m:25:27)\u001b[22m\u001b[2m\u001b[22m\n\u001b[2m      \u001b[2mat renderWithHooks (\u001b[22m\u001b[2mnode_modules/react-dom/cjs/react-dom.development.js\u001b[2m:15486:18)\u001b[22m\u001b[2m\u001b[22m\n\u001b[2m      \u001b[2mat mountIndeterminateComponent (\u001b[22m\u001b[2mnode_modules/react-dom/cjs/react-dom.development.js\u001b[2m:20103:13)\u001b[22m\u001b[2m\u001b[22m\n\u001b[2m      \u001b[2mat beginWork (\u001b[22m\u001b[2mnode_modules/react-dom/cjs/react-dom.development.js\u001b[2m:21626:16)\u001b[22m\u001b[2m\u001b[22m\n\u001b[2m      \u001b[2mat beginWork$1 (\u001b[22m\u001b[2mnode_modules/react-dom/cjs/react-dom.development.js\u001b[2m:27465:14)\u001b[22m\u001b[2m\u001b[22m\n\u001b[2m      \u001b[2mat performUnitOfWork (\u001b[22m\u001b[2mnode_modules/react-dom/cjs/react-dom.development.js\u001b[2m:26599:12)\u001b[22m\u001b[2m\u001b[22m\n\u001b[2m      \u001b[2mat workLoopSync (\u001b[22m\u001b[2mnode_modules/react-dom/cjs/react-dom.development.js\u001b[2m:26505:5)\u001b[22m\u001b[2m\u001b[22m\n\u001b[2m      \u001b[2mat renderRootSync (\u001b[22m\u001b[2mnode_modules/react-dom/cjs/react-dom.development.js\u001b[2m:26473:7)\u001b[22m\u001b[2m\u001b[22m\n\u001b[2m      \u001b[2mat recoverFromConcurrentError (\u001b[22m\u001b[2mnode_modules/react-dom/cjs/react-dom.development.js\u001b[2m:25889:20)\u001b[22m\u001b[2m\u001b[22m\n\u001b[2m      \u001b[2mat performConcurrentWorkOnRoot (\u001b[22m\u001b[2mnode_modules/react-dom/cjs/react-dom.development.js\u001b[2m:25789:22)\u001b[22m\u001b[2m\u001b[22m\n\u001b[2m      \u001b[2mat flushActQueue (\u001b[22m\u001b[2mnode_modules/react/cjs/react.development.js\u001b[2m:2667:24)\u001b[22m\u001b[2m\u001b[22m\n\u001b[2m      \u001b[2mat act (\u001b[22m\u001b[2mnode_modules/react/cjs/react.development.js\u001b[2m:2582:11)\u001b[22m\u001b[2m\u001b[22m\n\u001b[2m      \u001b[2mat \u001b[22m\u001b[2mnode_modules/@testing-library/react/dist/act-compat.js\u001b[2m:47:25\u001b[22m\u001b[2m\u001b[22m\n\u001b[2m      \u001b[2mat renderRoot (\u001b[22m\u001b[2mnode_modules/@testing-library/react/dist/pure.js\u001b[2m:190:26)\u001b[22m\u001b[2m\u001b[22m\n\u001b[2m      \u001b[2mat render (\u001b[22m\u001b[2mnode_modules/@testing-library/react/dist/pure.js\u001b[2m:292:10)\u001b[22m\u001b[2m\u001b[22m\n\u001b[2m      \u001b[2mat Object.<anonymous> (C:\\Users\\leovp\\Programming\\adorador\\adorador-frontend\\src\\app\\(public)\u001b[22m\u001b[2m../../../../../grupos/_components/__tests__/BandsShowCase.test.tsx\u001b[2m:513:13)\u001b[22m\u001b[2m\u001b[22m\n","name":"C:\\Users\\leovp\\Programming\\adorador\\adorador-frontend\\src\\app\\(public)\\grupos\\_components\\__tests__\\BandsShowCase.test.tsx","startTime":1763189468585,"status":"failed","summary":""},{"assertionResults":[{"ancestorTitles":["Providers Component","Provider hierarchy"],"duration":496,"failing":false,"failureDetails":[{}],"failureMessages":["Error: No QueryClient set, use QueryClientProvider to set one\n    at useQueryClient (C:\\Users\\leovp\\Programming\\adorador\\adorador-frontend\\node_modules\\@tanstack\\react-query\\src\\QueryClientProvider.tsx:18:11)\n    at useNotificationListeners (C:\\Users\\leovp\\Programming\\adorador\\adorador-frontend\\src\\global\\hooks\\useNotificationListeners.tsx:16:37)\n    at WebSocketManager (C:\\Users\\leovp\\Programming\\adorador\\adorador-frontend\\src\\global\\utils\\Providers.tsx:22:27)\n    at renderWithHooks (C:\\Users\\leovp\\Programming\\adorador\\adorador-frontend\\node_modules\\react-dom\\cjs\\react-dom.development.js:15486:18)\n    at mountIndeterminateComponent (C:\\Users\\leovp\\Programming\\adorador\\adorador-frontend\\node_modules\\react-dom\\cjs\\react-dom.development.js:20103:13)\n    at beginWork (C:\\Users\\leovp\\Programming\\adorador\\adorador-frontend\\node_modules\\react-dom\\cjs\\react-dom.development.js:21626:16)\n    at beginWork$1 (C:\\Users\\leovp\\Programming\\adorador\\adorador-frontend\\node_modules\\react-dom\\cjs\\react-dom.development.js:27465:14)\n    at performUnitOfWork (C:\\Users\\leovp\\Programming\\adorador\\adorador-frontend\\node_modules\\react-dom\\cjs\\react-dom.development.js:26599:12)\n    at workLoopSync (C:\\Users\\leovp\\Programming\\adorador\\adorador-frontend\\node_modules\\react-dom\\cjs\\react-dom.development.js:26505:5)\n    at renderRootSync (C:\\Users\\leovp\\Programming\\adorador\\adorador-frontend\\node_modules\\react-dom\\cjs\\react-dom.development.js:26473:7)\n    at recoverFromConcurrentError (C:\\Users\\leovp\\Programming\\adorador\\adorador-frontend\\node_modules\\react-dom\\cjs\\react-dom.development.js:25889:20)\n    at performConcurrentWorkOnRoot (C:\\Users\\leovp\\Programming\\adorador\\adorador-frontend\\node_modules\\react-dom\\cjs\\react-dom.development.js:25789:22)\n    at flushActQueue (C:\\Users\\leovp\\Programming\\adorador\\adorador-frontend\\node_modules\\react\\cjs\\react.development.js:2667:24)\n    at act (C:\\Users\\leovp\\Programming\\adorador\\adorador-frontend\\node_modules\\react\\cjs\\react.development.js:2582:11)\n    at C:\\Users\\leovp\\Programming\\adorador\\adorador-frontend\\node_modules\\@testing-library\\react\\dist\\act-compat.js:47:25\n    at renderRoot (C:\\Users\\leovp\\Programming\\adorador\\adorador-frontend\\node_modules\\@testing-library\\react\\dist\\pure.js:190:26)\n    at render (C:\\Users\\leovp\\Programming\\adorador\\adorador-frontend\\node_modules\\@testing-library\\react\\dist\\pure.js:292:10)\n    at Object.<anonymous> (C:\\Users\\leovp\\Programming\\adorador\\adorador-frontend\\src\\global\\utils\\__tests__\\Providers.test.tsx:81:13)\n    at Promise.finally.completed (C:\\Users\\leovp\\Programming\\adorador\\adorador-frontend\\node_modules\\jest-circus\\build\\jestAdapterInit.js:1557:28)\n    at new Promise (<anonymous>)\n    at callAsyncCircusFn (C:\\Users\\leovp\\Programming\\adorador\\adorador-frontend\\node_modules\\jest-circus\\build\\jestAdapterInit.js:1497:10)\n    at _callCircusTest (C:\\Users\\leovp\\Programming\\adorador\\adorador-frontend\\node_modules\\jest-circus\\build\\jestAdapterInit.js:1007:40)\n    at processTicksAndRejections (node:internal/process/task_queues:95:5)\n    at _runTest (C:\\Users\\leovp\\Programming\\adorador\\adorador-frontend\\node_modules\\jest-circus\\build\\jestAdapterInit.js:947:3)\n    at C:\\Users\\leovp\\Programming\\adorador\\adorador-frontend\\node_modules\\jest-circus\\build\\jestAdapterInit.js:849:7\n    at _runTestsForDescribeBlock (C:\\Users\\leovp\\Programming\\adorador\\adorador-frontend\\node_modules\\jest-circus\\build\\jestAdapterInit.js:862:11)\n    at _runTestsForDescribeBlock (C:\\Users\\leovp\\Programming\\adorador\\adorador-frontend\\node_modules\\jest-circus\\build\\jestAdapterInit.js:857:11)\n    at _runTestsForDescribeBlock (C:\\Users\\leovp\\Programming\\adorador\\adorador-frontend\\node_modules\\jest-circus\\build\\jestAdapterInit.js:857:11)\n    at run (C:\\Users\\leovp\\Programming\\adorador\\adorador-frontend\\node_modules\\jest-circus\\build\\jestAdapterInit.js:761:3)\n    at runAndTransformResultsToJestFormat (C:\\Users\\leovp\\Programming\\adorador\\adorador-frontend\\node_modules\\jest-circus\\build\\jestAdapterInit.js:1918:21)\n    at jestAdapter (C:\\Users\\leovp\\Programming\\adorador\\adorador-frontend\\node_modules\\jest-circus\\build\\runner.js:101:19)\n    at runTestInternal (C:\\Users\\leovp\\Programming\\adorador\\adorador-frontend\\node_modules\\jest-runner\\build\\testWorker.js:277:16)\n    at runTest (C:\\Users\\leovp\\Programming\\adorador\\adorador-frontend\\node_modules\\jest-runner\\build\\testWorker.js:345:7)\n    at Object.worker (C:\\Users\\leovp\\Programming\\adorador\\adorador-frontend\\node_modules\\jest-runner\\build\\testWorker.js:499:12)"],"fullName":"Providers Component Provider hierarchy should render QueryClientProvider as outermost provider","invocations":1,"location":null,"numPassingAsserts":0,"retryReasons":[],"startAt":1763189490624,"status":"failed","title":"should render QueryClientProvider as outermost provider"},{"ancestorTitles":["Providers Component","Provider hierarchy"],"duration":53,"failing":false,"failureDetails":[{}],"failureMessages":["Error: No QueryClient set, use QueryClientProvider to set one\n    at useQueryClient (C:\\Users\\leovp\\Programming\\adorador\\adorador-frontend\\node_modules\\@tanstack\\react-query\\src\\QueryClientProvider.tsx:18:11)\n    at useNotificationListeners (C:\\Users\\leovp\\Programming\\adorador\\adorador-frontend\\src\\global\\hooks\\useNotificationListeners.tsx:16:37)\n    at WebSocketManager (C:\\Users\\leovp\\Programming\\adorador\\adorador-frontend\\src\\global\\utils\\Providers.tsx:22:27)\n    at renderWithHooks (C:\\Users\\leovp\\Programming\\adorador\\adorador-frontend\\node_modules\\react-dom\\cjs\\react-dom.development.js:15486:18)\n    at mountIndeterminateComponent (C:\\Users\\leovp\\Programming\\adorador\\adorador-frontend\\node_modules\\react-dom\\cjs\\react-dom.development.js:20103:13)\n    at beginWork (C:\\Users\\leovp\\Programming\\adorador\\adorador-frontend\\node_modules\\react-dom\\cjs\\react-dom.development.js:21626:16)\n    at beginWork$1 (C:\\Users\\leovp\\Programming\\adorador\\adorador-frontend\\node_modules\\react-dom\\cjs\\react-dom.development.js:27465:14)\n    at performUnitOfWork (C:\\Users\\leovp\\Programming\\adorador\\adorador-frontend\\node_modules\\react-dom\\cjs\\react-dom.development.js:26599:12)\n    at workLoopSync (C:\\Users\\leovp\\Programming\\adorador\\adorador-frontend\\node_modules\\react-dom\\cjs\\react-dom.development.js:26505:5)\n    at renderRootSync (C:\\Users\\leovp\\Programming\\adorador\\adorador-frontend\\node_modules\\react-dom\\cjs\\react-dom.development.js:26473:7)\n    at recoverFromConcurrentError (C:\\Users\\leovp\\Programming\\adorador\\adorador-frontend\\node_modules\\react-dom\\cjs\\react-dom.development.js:25889:20)\n    at performConcurrentWorkOnRoot (C:\\Users\\leovp\\Programming\\adorador\\adorador-frontend\\node_modules\\react-dom\\cjs\\react-dom.development.js:25789:22)\n    at flushActQueue (C:\\Users\\leovp\\Programming\\adorador\\adorador-frontend\\node_modules\\react\\cjs\\react.development.js:2667:24)\n    at act (C:\\Users\\leovp\\Programming\\adorador\\adorador-frontend\\node_modules\\react\\cjs\\react.development.js:2582:11)\n    at C:\\Users\\leovp\\Programming\\adorador\\adorador-frontend\\node_modules\\@testing-library\\react\\dist\\act-compat.js:47:25\n    at renderRoot (C:\\Users\\leovp\\Programming\\adorador\\adorador-frontend\\node_modules\\@testing-library\\react\\dist\\pure.js:190:26)\n    at render (C:\\Users\\leovp\\Programming\\adorador\\adorador-frontend\\node_modules\\@testing-library\\react\\dist\\pure.js:292:10)\n    at Object.<anonymous> (C:\\Users\\leovp\\Programming\\adorador\\adorador-frontend\\src\\global\\utils\\__tests__\\Providers.test.tsx:92:13)\n    at Promise.finally.completed (C:\\Users\\leovp\\Programming\\adorador\\adorador-frontend\\node_modules\\jest-circus\\build\\jestAdapterInit.js:1557:28)\n    at new Promise (<anonymous>)\n    at callAsyncCircusFn (C:\\Users\\leovp\\Programming\\adorador\\adorador-frontend\\node_modules\\jest-circus\\build\\jestAdapterInit.js:1497:10)\n    at _callCircusTest (C:\\Users\\leovp\\Programming\\adorador\\adorador-frontend\\node_modules\\jest-circus\\build\\jestAdapterInit.js:1007:40)\n    at processTicksAndRejections (node:internal/process/task_queues:95:5)\n    at _runTest (C:\\Users\\leovp\\Programming\\adorador\\adorador-frontend\\node_modules\\jest-circus\\build\\jestAdapterInit.js:947:3)\n    at C:\\Users\\leovp\\Programming\\adorador\\adorador-frontend\\node_modules\\jest-circus\\build\\jestAdapterInit.js:849:7\n    at _runTestsForDescribeBlock (C:\\Users\\leovp\\Programming\\adorador\\adorador-frontend\\node_modules\\jest-circus\\build\\jestAdapterInit.js:862:11)\n    at _runTestsForDescribeBlock (C:\\Users\\leovp\\Programming\\adorador\\adorador-frontend\\node_modules\\jest-circus\\build\\jestAdapterInit.js:857:11)\n    at _runTestsForDescribeBlock (C:\\Users\\leovp\\Programming\\adorador\\adorador-frontend\\node_modules\\jest-circus\\build\\jestAdapterInit.js:857:11)\n    at run (C:\\Users\\leovp\\Programming\\adorador\\adorador-frontend\\node_modules\\jest-circus\\build\\jestAdapterInit.js:761:3)\n    at runAndTransformResultsToJestFormat (C:\\Users\\leovp\\Programming\\adorador\\adorador-frontend\\node_modules\\jest-circus\\build\\jestAdapterInit.js:1918:21)\n    at jestAdapter (C:\\Users\\leovp\\Programming\\adorador\\adorador-frontend\\node_modules\\jest-circus\\build\\runner.js:101:19)\n    at runTestInternal (C:\\Users\\leovp\\Programming\\adorador\\adorador-frontend\\node_modules\\jest-runner\\build\\testWorker.js:277:16)\n    at runTest (C:\\Users\\leovp\\Programming\\adorador\\adorador-frontend\\node_modules\\jest-runner\\build\\testWorker.js:345:7)\n    at Object.worker (C:\\Users\\leovp\\Programming\\adorador\\adorador-frontend\\node_modules\\jest-runner\\build\\testWorker.js:499:12)"],"fullName":"Providers Component Provider hierarchy should render NextUIProvider inside QueryClientProvider","invocations":1,"location":null,"numPassingAsserts":0,"retryReasons":[],"startAt":1763189491129,"status":"failed","title":"should render NextUIProvider inside QueryClientProvider"},{"ancestorTitles":["Providers Component","Provider hierarchy"],"duration":76,"failing":false,"failureDetails":[{}],"failureMessages":["Error: No QueryClient set, use QueryClientProvider to set one\n    at useQueryClient (C:\\Users\\leovp\\Programming\\adorador\\adorador-frontend\\node_modules\\@tanstack\\react-query\\src\\QueryClientProvider.tsx:18:11)\n    at useNotificationListeners (C:\\Users\\leovp\\Programming\\adorador\\adorador-frontend\\src\\global\\hooks\\useNotificationListeners.tsx:16:37)\n    at WebSocketManager (C:\\Users\\leovp\\Programming\\adorador\\adorador-frontend\\src\\global\\utils\\Providers.tsx:22:27)\n    at renderWithHooks (C:\\Users\\leovp\\Programming\\adorador\\adorador-frontend\\node_modules\\react-dom\\cjs\\react-dom.development.js:15486:18)\n    at mountIndeterminateComponent (C:\\Users\\leovp\\Programming\\adorador\\adorador-frontend\\node_modules\\react-dom\\cjs\\react-dom.development.js:20103:13)\n    at beginWork (C:\\Users\\leovp\\Programming\\adorador\\adorador-frontend\\node_modules\\react-dom\\cjs\\react-dom.development.js:21626:16)\n    at beginWork$1 (C:\\Users\\leovp\\Programming\\adorador\\adorador-frontend\\node_modules\\react-dom\\cjs\\react-dom.development.js:27465:14)\n    at performUnitOfWork (C:\\Users\\leovp\\Programming\\adorador\\adorador-frontend\\node_modules\\react-dom\\cjs\\react-dom.development.js:26599:12)\n    at workLoopSync (C:\\Users\\leovp\\Programming\\adorador\\adorador-frontend\\node_modules\\react-dom\\cjs\\react-dom.development.js:26505:5)\n    at renderRootSync (C:\\Users\\leovp\\Programming\\adorador\\adorador-frontend\\node_modules\\react-dom\\cjs\\react-dom.development.js:26473:7)\n    at recoverFromConcurrentError (C:\\Users\\leovp\\Programming\\adorador\\adorador-frontend\\node_modules\\react-dom\\cjs\\react-dom.development.js:25889:20)\n    at performConcurrentWorkOnRoot (C:\\Users\\leovp\\Programming\\adorador\\adorador-frontend\\node_modules\\react-dom\\cjs\\react-dom.development.js:25789:22)\n    at flushActQueue (C:\\Users\\leovp\\Programming\\adorador\\adorador-frontend\\node_modules\\react\\cjs\\react.development.js:2667:24)\n    at act (C:\\Users\\leovp\\Programming\\adorador\\adorador-frontend\\node_modules\\react\\cjs\\react.development.js:2582:11)\n    at C:\\Users\\leovp\\Programming\\adorador\\adorador-frontend\\node_modules\\@testing-library\\react\\dist\\act-compat.js:47:25\n    at renderRoot (C:\\Users\\leovp\\Programming\\adorador\\adorador-frontend\\node_modules\\@testing-library\\react\\dist\\pure.js:190:26)\n    at render (C:\\Users\\leovp\\Programming\\adorador\\adorador-frontend\\node_modules\\@testing-library\\react\\dist\\pure.js:292:10)\n    at Object.<anonymous> (C:\\Users\\leovp\\Programming\\adorador\\adorador-frontend\\src\\global\\utils\\__tests__\\Providers.test.tsx:105:13)\n    at Promise.finally.completed (C:\\Users\\leovp\\Programming\\adorador\\adorador-frontend\\node_modules\\jest-circus\\build\\jestAdapterInit.js:1557:28)\n    at new Promise (<anonymous>)\n    at callAsyncCircusFn (C:\\Users\\leovp\\Programming\\adorador\\adorador-frontend\\node_modules\\jest-circus\\build\\jestAdapterInit.js:1497:10)\n    at _callCircusTest (C:\\Users\\leovp\\Programming\\adorador\\adorador-frontend\\node_modules\\jest-circus\\build\\jestAdapterInit.js:1007:40)\n    at processTicksAndRejections (node:internal/process/task_queues:95:5)\n    at _runTest (C:\\Users\\leovp\\Programming\\adorador\\adorador-frontend\\node_modules\\jest-circus\\build\\jestAdapterInit.js:947:3)\n    at C:\\Users\\leovp\\Programming\\adorador\\adorador-frontend\\node_modules\\jest-circus\\build\\jestAdapterInit.js:849:7\n    at _runTestsForDescribeBlock (C:\\Users\\leovp\\Programming\\adorador\\adorador-frontend\\node_modules\\jest-circus\\build\\jestAdapterInit.js:862:11)\n    at _runTestsForDescribeBlock (C:\\Users\\leovp\\Programming\\adorador\\adorador-frontend\\node_modules\\jest-circus\\build\\jestAdapterInit.js:857:11)\n    at _runTestsForDescribeBlock (C:\\Users\\leovp\\Programming\\adorador\\adorador-frontend\\node_modules\\jest-circus\\build\\jestAdapterInit.js:857:11)\n    at run (C:\\Users\\leovp\\Programming\\adorador\\adorador-frontend\\node_modules\\jest-circus\\build\\jestAdapterInit.js:761:3)\n    at runAndTransformResultsToJestFormat (C:\\Users\\leovp\\Programming\\adorador\\adorador-frontend\\node_modules\\jest-circus\\build\\jestAdapterInit.js:1918:21)\n    at jestAdapter (C:\\Users\\leovp\\Programming\\adorador\\adorador-frontend\\node_modules\\jest-circus\\build\\runner.js:101:19)\n    at runTestInternal (C:\\Users\\leovp\\Programming\\adorador\\adorador-frontend\\node_modules\\jest-runner\\build\\testWorker.js:277:16)\n    at runTest (C:\\Users\\leovp\\Programming\\adorador\\adorador-frontend\\node_modules\\jest-runner\\build\\testWorker.js:345:7)\n    at Object.worker (C:\\Users\\leovp\\Programming\\adorador\\adorador-frontend\\node_modules\\jest-runner\\build\\testWorker.js:499:12)"],"fullName":"Providers Component Provider hierarchy should render children inside all providers","invocations":1,"location":null,"numPassingAsserts":0,"retryReasons":[],"startAt":1763189491187,"status":"failed","title":"should render children inside all providers"},{"ancestorTitles":["Providers Component","Provider hierarchy"],"duration":49,"failing":false,"failureDetails":[{}],"failureMessages":["Error: No QueryClient set, use QueryClientProvider to set one\n    at useQueryClient (C:\\Users\\leovp\\Programming\\adorador\\adorador-frontend\\node_modules\\@tanstack\\react-query\\src\\QueryClientProvider.tsx:18:11)\n    at useNotificationListeners (C:\\Users\\leovp\\Programming\\adorador\\adorador-frontend\\src\\global\\hooks\\useNotificationListeners.tsx:16:37)\n    at WebSocketManager (C:\\Users\\leovp\\Programming\\adorador\\adorador-frontend\\src\\global\\utils\\Providers.tsx:22:27)\n    at renderWithHooks (C:\\Users\\leovp\\Programming\\adorador\\adorador-frontend\\node_modules\\react-dom\\cjs\\react-dom.development.js:15486:18)\n    at mountIndeterminateComponent (C:\\Users\\leovp\\Programming\\adorador\\adorador-frontend\\node_modules\\react-dom\\cjs\\react-dom.development.js:20103:13)\n    at beginWork (C:\\Users\\leovp\\Programming\\adorador\\adorador-frontend\\node_modules\\react-dom\\cjs\\react-dom.development.js:21626:16)\n    at beginWork$1 (C:\\Users\\leovp\\Programming\\adorador\\adorador-frontend\\node_modules\\react-dom\\cjs\\react-dom.development.js:27465:14)\n    at performUnitOfWork (C:\\Users\\leovp\\Programming\\adorador\\adorador-frontend\\node_modules\\react-dom\\cjs\\react-dom.development.js:26599:12)\n    at workLoopSync (C:\\Users\\leovp\\Programming\\adorador\\adorador-frontend\\node_modules\\react-dom\\cjs\\react-dom.development.js:26505:5)\n    at renderRootSync (C:\\Users\\leovp\\Programming\\adorador\\adorador-frontend\\node_modules\\react-dom\\cjs\\react-dom.development.js:26473:7)\n    at recoverFromConcurrentError (C:\\Users\\leovp\\Programming\\adorador\\adorador-frontend\\node_modules\\react-dom\\cjs\\react-dom.development.js:25889:20)\n    at performConcurrentWorkOnRoot (C:\\Users\\leovp\\Programming\\adorador\\adorador-frontend\\node_modules\\react-dom\\cjs\\react-dom.development.js:25789:22)\n    at flushActQueue (C:\\Users\\leovp\\Programming\\adorador\\adorador-frontend\\node_modules\\react\\cjs\\react.development.js:2667:24)\n    at act (C:\\Users\\leovp\\Programming\\adorador\\adorador-frontend\\node_modules\\react\\cjs\\react.development.js:2582:11)\n    at C:\\Users\\leovp\\Programming\\adorador\\adorador-frontend\\node_modules\\@testing-library\\react\\dist\\act-compat.js:47:25\n    at renderRoot (C:\\Users\\leovp\\Programming\\adorador\\adorador-frontend\\node_modules\\@testing-library\\react\\dist\\pure.js:190:26)\n    at render (C:\\Users\\leovp\\Programming\\adorador\\adorador-frontend\\node_modules\\@testing-library\\react\\dist\\pure.js:292:10)\n    at Object.<anonymous> (C:\\Users\\leovp\\Programming\\adorador\\adorador-frontend\\src\\global\\utils\\__tests__\\Providers.test.tsx:119:35)\n    at Promise.finally.completed (C:\\Users\\leovp\\Programming\\adorador\\adorador-frontend\\node_modules\\jest-circus\\build\\jestAdapterInit.js:1557:28)\n    at new Promise (<anonymous>)\n    at callAsyncCircusFn (C:\\Users\\leovp\\Programming\\adorador\\adorador-frontend\\node_modules\\jest-circus\\build\\jestAdapterInit.js:1497:10)\n    at _callCircusTest (C:\\Users\\leovp\\Programming\\adorador\\adorador-frontend\\node_modules\\jest-circus\\build\\jestAdapterInit.js:1007:40)\n    at processTicksAndRejections (node:internal/process/task_queues:95:5)\n    at _runTest (C:\\Users\\leovp\\Programming\\adorador\\adorador-frontend\\node_modules\\jest-circus\\build\\jestAdapterInit.js:947:3)\n    at C:\\Users\\leovp\\Programming\\adorador\\adorador-frontend\\node_modules\\jest-circus\\build\\jestAdapterInit.js:849:7\n    at _runTestsForDescribeBlock (C:\\Users\\leovp\\Programming\\adorador\\adorador-frontend\\node_modules\\jest-circus\\build\\jestAdapterInit.js:862:11)\n    at _runTestsForDescribeBlock (C:\\Users\\leovp\\Programming\\adorador\\adorador-frontend\\node_modules\\jest-circus\\build\\jestAdapterInit.js:857:11)\n    at _runTestsForDescribeBlock (C:\\Users\\leovp\\Programming\\adorador\\adorador-frontend\\node_modules\\jest-circus\\build\\jestAdapterInit.js:857:11)\n    at run (C:\\Users\\leovp\\Programming\\adorador\\adorador-frontend\\node_modules\\jest-circus\\build\\jestAdapterInit.js:761:3)\n    at runAndTransformResultsToJestFormat (C:\\Users\\leovp\\Programming\\adorador\\adorador-frontend\\node_modules\\jest-circus\\build\\jestAdapterInit.js:1918:21)\n    at jestAdapter (C:\\Users\\leovp\\Programming\\adorador\\adorador-frontend\\node_modules\\jest-circus\\build\\runner.js:101:19)\n    at runTestInternal (C:\\Users\\leovp\\Programming\\adorador\\adorador-frontend\\node_modules\\jest-runner\\build\\testWorker.js:277:16)\n    at runTest (C:\\Users\\leovp\\Programming\\adorador\\adorador-frontend\\node_modules\\jest-runner\\build\\testWorker.js:345:7)\n    at Object.worker (C:\\Users\\leovp\\Programming\\adorador\\adorador-frontend\\node_modules\\jest-runner\\build\\testWorker.js:499:12)"],"fullName":"Providers Component Provider hierarchy should have correct provider nesting order","invocations":1,"location":null,"numPassingAsserts":0,"retryReasons":[],"startAt":1763189491267,"status":"failed","title":"should have correct provider nesting order"},{"ancestorTitles":["Providers Component","TokenManager"],"duration":46,"failing":false,"failureDetails":[{}],"failureMessages":["Error: No QueryClient set, use QueryClientProvider to set one\n    at useQueryClient (C:\\Users\\leovp\\Programming\\adorador\\adorador-frontend\\node_modules\\@tanstack\\react-query\\src\\QueryClientProvider.tsx:18:11)\n    at useNotificationListeners (C:\\Users\\leovp\\Programming\\adorador\\adorador-frontend\\src\\global\\hooks\\useNotificationListeners.tsx:16:37)\n    at WebSocketManager (C:\\Users\\leovp\\Programming\\adorador\\adorador-frontend\\src\\global\\utils\\Providers.tsx:22:27)\n    at renderWithHooks (C:\\Users\\leovp\\Programming\\adorador\\adorador-frontend\\node_modules\\react-dom\\cjs\\react-dom.development.js:15486:18)\n    at mountIndeterminateComponent (C:\\Users\\leovp\\Programming\\adorador\\adorador-frontend\\node_modules\\react-dom\\cjs\\react-dom.development.js:20103:13)\n    at beginWork (C:\\Users\\leovp\\Programming\\adorador\\adorador-frontend\\node_modules\\react-dom\\cjs\\react-dom.development.js:21626:16)\n    at beginWork$1 (C:\\Users\\leovp\\Programming\\adorador\\adorador-frontend\\node_modules\\react-dom\\cjs\\react-dom.development.js:27465:14)\n    at performUnitOfWork (C:\\Users\\leovp\\Programming\\adorador\\adorador-frontend\\node_modules\\react-dom\\cjs\\react-dom.development.js:26599:12)\n    at workLoopSync (C:\\Users\\leovp\\Programming\\adorador\\adorador-frontend\\node_modules\\react-dom\\cjs\\react-dom.development.js:26505:5)\n    at renderRootSync (C:\\Users\\leovp\\Programming\\adorador\\adorador-frontend\\node_modules\\react-dom\\cjs\\react-dom.development.js:26473:7)\n    at recoverFromConcurrentError (C:\\Users\\leovp\\Programming\\adorador\\adorador-frontend\\node_modules\\react-dom\\cjs\\react-dom.development.js:25889:20)\n    at performConcurrentWorkOnRoot (C:\\Users\\leovp\\Programming\\adorador\\adorador-frontend\\node_modules\\react-dom\\cjs\\react-dom.development.js:25789:22)\n    at flushActQueue (C:\\Users\\leovp\\Programming\\adorador\\adorador-frontend\\node_modules\\react\\cjs\\react.development.js:2667:24)\n    at act (C:\\Users\\leovp\\Programming\\adorador\\adorador-frontend\\node_modules\\react\\cjs\\react.development.js:2582:11)\n    at C:\\Users\\leovp\\Programming\\adorador\\adorador-frontend\\node_modules\\@testing-library\\react\\dist\\act-compat.js:47:25\n    at renderRoot (C:\\Users\\leovp\\Programming\\adorador\\adorador-frontend\\node_modules\\@testing-library\\react\\dist\\pure.js:190:26)\n    at render (C:\\Users\\leovp\\Programming\\adorador\\adorador-frontend\\node_modules\\@testing-library\\react\\dist\\pure.js:292:10)\n    at Object.<anonymous> (C:\\Users\\leovp\\Programming\\adorador\\adorador-frontend\\src\\global\\utils\\__tests__\\Providers.test.tsx:141:13)\n    at Promise.finally.completed (C:\\Users\\leovp\\Programming\\adorador\\adorador-frontend\\node_modules\\jest-circus\\build\\jestAdapterInit.js:1557:28)\n    at new Promise (<anonymous>)\n    at callAsyncCircusFn (C:\\Users\\leovp\\Programming\\adorador\\adorador-frontend\\node_modules\\jest-circus\\build\\jestAdapterInit.js:1497:10)\n    at _callCircusTest (C:\\Users\\leovp\\Programming\\adorador\\adorador-frontend\\node_modules\\jest-circus\\build\\jestAdapterInit.js:1007:40)\n    at processTicksAndRejections (node:internal/process/task_queues:95:5)\n    at _runTest (C:\\Users\\leovp\\Programming\\adorador\\adorador-frontend\\node_modules\\jest-circus\\build\\jestAdapterInit.js:947:3)\n    at C:\\Users\\leovp\\Programming\\adorador\\adorador-frontend\\node_modules\\jest-circus\\build\\jestAdapterInit.js:849:7\n    at _runTestsForDescribeBlock (C:\\Users\\leovp\\Programming\\adorador\\adorador-frontend\\node_modules\\jest-circus\\build\\jestAdapterInit.js:862:11)\n    at _runTestsForDescribeBlock (C:\\Users\\leovp\\Programming\\adorador\\adorador-frontend\\node_modules\\jest-circus\\build\\jestAdapterInit.js:857:11)\n    at _runTestsForDescribeBlock (C:\\Users\\leovp\\Programming\\adorador\\adorador-frontend\\node_modules\\jest-circus\\build\\jestAdapterInit.js:857:11)\n    at run (C:\\Users\\leovp\\Programming\\adorador\\adorador-frontend\\node_modules\\jest-circus\\build\\jestAdapterInit.js:761:3)\n    at runAndTransformResultsToJestFormat (C:\\Users\\leovp\\Programming\\adorador\\adorador-frontend\\node_modules\\jest-circus\\build\\jestAdapterInit.js:1918:21)\n    at jestAdapter (C:\\Users\\leovp\\Programming\\adorador\\adorador-frontend\\node_modules\\jest-circus\\build\\runner.js:101:19)\n    at runTestInternal (C:\\Users\\leovp\\Programming\\adorador\\adorador-frontend\\node_modules\\jest-runner\\build\\testWorker.js:277:16)\n    at runTest (C:\\Users\\leovp\\Programming\\adorador\\adorador-frontend\\node_modules\\jest-runner\\build\\testWorker.js:345:7)\n    at Object.worker (C:\\Users\\leovp\\Programming\\adorador\\adorador-frontend\\node_modules\\jest-runner\\build\\testWorker.js:499:12)"],"fullName":"Providers Component TokenManager should call useTokenRefresh hook","invocations":1,"location":null,"numPassingAsserts":0,"retryReasons":[],"startAt":1763189491321,"status":"failed","title":"should call useTokenRefresh hook"},{"ancestorTitles":["Providers Component","TokenManager"],"duration":54,"failing":false,"failureDetails":[{}],"failureMessages":["Error: No QueryClient set, use QueryClientProvider to set one\n    at useQueryClient (C:\\Users\\leovp\\Programming\\adorador\\adorador-frontend\\node_modules\\@tanstack\\react-query\\src\\QueryClientProvider.tsx:18:11)\n    at useNotificationListeners (C:\\Users\\leovp\\Programming\\adorador\\adorador-frontend\\src\\global\\hooks\\useNotificationListeners.tsx:16:37)\n    at WebSocketManager (C:\\Users\\leovp\\Programming\\adorador\\adorador-frontend\\src\\global\\utils\\Providers.tsx:22:27)\n    at renderWithHooks (C:\\Users\\leovp\\Programming\\adorador\\adorador-frontend\\node_modules\\react-dom\\cjs\\react-dom.development.js:15486:18)\n    at mountIndeterminateComponent (C:\\Users\\leovp\\Programming\\adorador\\adorador-frontend\\node_modules\\react-dom\\cjs\\react-dom.development.js:20103:13)\n    at beginWork (C:\\Users\\leovp\\Programming\\adorador\\adorador-frontend\\node_modules\\react-dom\\cjs\\react-dom.development.js:21626:16)\n    at beginWork$1 (C:\\Users\\leovp\\Programming\\adorador\\adorador-frontend\\node_modules\\react-dom\\cjs\\react-dom.development.js:27465:14)\n    at performUnitOfWork (C:\\Users\\leovp\\Programming\\adorador\\adorador-frontend\\node_modules\\react-dom\\cjs\\react-dom.development.js:26599:12)\n    at workLoopSync (C:\\Users\\leovp\\Programming\\adorador\\adorador-frontend\\node_modules\\react-dom\\cjs\\react-dom.development.js:26505:5)\n    at renderRootSync (C:\\Users\\leovp\\Programming\\adorador\\adorador-frontend\\node_modules\\react-dom\\cjs\\react-dom.development.js:26473:7)\n    at recoverFromConcurrentError (C:\\Users\\leovp\\Programming\\adorador\\adorador-frontend\\node_modules\\react-dom\\cjs\\react-dom.development.js:25889:20)\n    at performConcurrentWorkOnRoot (C:\\Users\\leovp\\Programming\\adorador\\adorador-frontend\\node_modules\\react-dom\\cjs\\react-dom.development.js:25789:22)\n    at flushActQueue (C:\\Users\\leovp\\Programming\\adorador\\adorador-frontend\\node_modules\\react\\cjs\\react.development.js:2667:24)\n    at act (C:\\Users\\leovp\\Programming\\adorador\\adorador-frontend\\node_modules\\react\\cjs\\react.development.js:2582:11)\n    at C:\\Users\\leovp\\Programming\\adorador\\adorador-frontend\\node_modules\\@testing-library\\react\\dist\\act-compat.js:47:25\n    at renderRoot (C:\\Users\\leovp\\Programming\\adorador\\adorador-frontend\\node_modules\\@testing-library\\react\\dist\\pure.js:190:26)\n    at render (C:\\Users\\leovp\\Programming\\adorador\\adorador-frontend\\node_modules\\@testing-library\\react\\dist\\pure.js:292:10)\n    at Object.<anonymous> (C:\\Users\\leovp\\Programming\\adorador\\adorador-frontend\\src\\global\\utils\\__tests__\\Providers.test.tsx:151:13)\n    at Promise.finally.completed (C:\\Users\\leovp\\Programming\\adorador\\adorador-frontend\\node_modules\\jest-circus\\build\\jestAdapterInit.js:1557:28)\n    at new Promise (<anonymous>)\n    at callAsyncCircusFn (C:\\Users\\leovp\\Programming\\adorador\\adorador-frontend\\node_modules\\jest-circus\\build\\jestAdapterInit.js:1497:10)\n    at _callCircusTest (C:\\Users\\leovp\\Programming\\adorador\\adorador-frontend\\node_modules\\jest-circus\\build\\jestAdapterInit.js:1007:40)\n    at processTicksAndRejections (node:internal/process/task_queues:95:5)\n    at _runTest (C:\\Users\\leovp\\Programming\\adorador\\adorador-frontend\\node_modules\\jest-circus\\build\\jestAdapterInit.js:947:3)\n    at C:\\Users\\leovp\\Programming\\adorador\\adorador-frontend\\node_modules\\jest-circus\\build\\jestAdapterInit.js:849:7\n    at _runTestsForDescribeBlock (C:\\Users\\leovp\\Programming\\adorador\\adorador-frontend\\node_modules\\jest-circus\\build\\jestAdapterInit.js:862:11)\n    at _runTestsForDescribeBlock (C:\\Users\\leovp\\Programming\\adorador\\adorador-frontend\\node_modules\\jest-circus\\build\\jestAdapterInit.js:857:11)\n    at _runTestsForDescribeBlock (C:\\Users\\leovp\\Programming\\adorador\\adorador-frontend\\node_modules\\jest-circus\\build\\jestAdapterInit.js:857:11)\n    at run (C:\\Users\\leovp\\Programming\\adorador\\adorador-frontend\\node_modules\\jest-circus\\build\\jestAdapterInit.js:761:3)\n    at runAndTransformResultsToJestFormat (C:\\Users\\leovp\\Programming\\adorador\\adorador-frontend\\node_modules\\jest-circus\\build\\jestAdapterInit.js:1918:21)\n    at jestAdapter (C:\\Users\\leovp\\Programming\\adorador\\adorador-frontend\\node_modules\\jest-circus\\build\\runner.js:101:19)\n    at runTestInternal (C:\\Users\\leovp\\Programming\\adorador\\adorador-frontend\\node_modules\\jest-runner\\build\\testWorker.js:277:16)\n    at runTest (C:\\Users\\leovp\\Programming\\adorador\\adorador-frontend\\node_modules\\jest-runner\\build\\testWorker.js:345:7)\n    at Object.worker (C:\\Users\\leovp\\Programming\\adorador\\adorador-frontend\\node_modules\\jest-runner\\build\\testWorker.js:499:12)"],"fullName":"Providers Component TokenManager should call useTokenRefresh only once","invocations":1,"location":null,"numPassingAsserts":0,"retryReasons":[],"startAt":1763189491371,"status":"failed","title":"should call useTokenRefresh only once"},{"ancestorTitles":["Providers Component","TokenManager"],"duration":35,"failing":false,"failureDetails":[{}],"failureMessages":["Error: No QueryClient set, use QueryClientProvider to set one\n    at useQueryClient (C:\\Users\\leovp\\Programming\\adorador\\adorador-frontend\\node_modules\\@tanstack\\react-query\\src\\QueryClientProvider.tsx:18:11)\n    at useNotificationListeners (C:\\Users\\leovp\\Programming\\adorador\\adorador-frontend\\src\\global\\hooks\\useNotificationListeners.tsx:16:37)\n    at WebSocketManager (C:\\Users\\leovp\\Programming\\adorador\\adorador-frontend\\src\\global\\utils\\Providers.tsx:22:27)\n    at renderWithHooks (C:\\Users\\leovp\\Programming\\adorador\\adorador-frontend\\node_modules\\react-dom\\cjs\\react-dom.development.js:15486:18)\n    at mountIndeterminateComponent (C:\\Users\\leovp\\Programming\\adorador\\adorador-frontend\\node_modules\\react-dom\\cjs\\react-dom.development.js:20103:13)\n    at beginWork (C:\\Users\\leovp\\Programming\\adorador\\adorador-frontend\\node_modules\\react-dom\\cjs\\react-dom.development.js:21626:16)\n    at beginWork$1 (C:\\Users\\leovp\\Programming\\adorador\\adorador-frontend\\node_modules\\react-dom\\cjs\\react-dom.development.js:27465:14)\n    at performUnitOfWork (C:\\Users\\leovp\\Programming\\adorador\\adorador-frontend\\node_modules\\react-dom\\cjs\\react-dom.development.js:26599:12)\n    at workLoopSync (C:\\Users\\leovp\\Programming\\adorador\\adorador-frontend\\node_modules\\react-dom\\cjs\\react-dom.development.js:26505:5)\n    at renderRootSync (C:\\Users\\leovp\\Programming\\adorador\\adorador-frontend\\node_modules\\react-dom\\cjs\\react-dom.development.js:26473:7)\n    at recoverFromConcurrentError (C:\\Users\\leovp\\Programming\\adorador\\adorador-frontend\\node_modules\\react-dom\\cjs\\react-dom.development.js:25889:20)\n    at performConcurrentWorkOnRoot (C:\\Users\\leovp\\Programming\\adorador\\adorador-frontend\\node_modules\\react-dom\\cjs\\react-dom.development.js:25789:22)\n    at flushActQueue (C:\\Users\\leovp\\Programming\\adorador\\adorador-frontend\\node_modules\\react\\cjs\\react.development.js:2667:24)\n    at act (C:\\Users\\leovp\\Programming\\adorador\\adorador-frontend\\node_modules\\react\\cjs\\react.development.js:2582:11)\n    at C:\\Users\\leovp\\Programming\\adorador\\adorador-frontend\\node_modules\\@testing-library\\react\\dist\\act-compat.js:47:25\n    at renderRoot (C:\\Users\\leovp\\Programming\\adorador\\adorador-frontend\\node_modules\\@testing-library\\react\\dist\\pure.js:190:26)\n    at render (C:\\Users\\leovp\\Programming\\adorador\\adorador-frontend\\node_modules\\@testing-library\\react\\dist\\pure.js:292:10)\n    at Object.<anonymous> (C:\\Users\\leovp\\Programming\\adorador\\adorador-frontend\\src\\global\\utils\\__tests__\\Providers.test.tsx:161:35)\n    at Promise.finally.completed (C:\\Users\\leovp\\Programming\\adorador\\adorador-frontend\\node_modules\\jest-circus\\build\\jestAdapterInit.js:1557:28)\n    at new Promise (<anonymous>)\n    at callAsyncCircusFn (C:\\Users\\leovp\\Programming\\adorador\\adorador-frontend\\node_modules\\jest-circus\\build\\jestAdapterInit.js:1497:10)\n    at _callCircusTest (C:\\Users\\leovp\\Programming\\adorador\\adorador-frontend\\node_modules\\jest-circus\\build\\jestAdapterInit.js:1007:40)\n    at processTicksAndRejections (node:internal/process/task_queues:95:5)\n    at _runTest (C:\\Users\\leovp\\Programming\\adorador\\adorador-frontend\\node_modules\\jest-circus\\build\\jestAdapterInit.js:947:3)\n    at C:\\Users\\leovp\\Programming\\adorador\\adorador-frontend\\node_modules\\jest-circus\\build\\jestAdapterInit.js:849:7\n    at _runTestsForDescribeBlock (C:\\Users\\leovp\\Programming\\adorador\\adorador-frontend\\node_modules\\jest-circus\\build\\jestAdapterInit.js:862:11)\n    at _runTestsForDescribeBlock (C:\\Users\\leovp\\Programming\\adorador\\adorador-frontend\\node_modules\\jest-circus\\build\\jestAdapterInit.js:857:11)\n    at _runTestsForDescribeBlock (C:\\Users\\leovp\\Programming\\adorador\\adorador-frontend\\node_modules\\jest-circus\\build\\jestAdapterInit.js:857:11)\n    at run (C:\\Users\\leovp\\Programming\\adorador\\adorador-frontend\\node_modules\\jest-circus\\build\\jestAdapterInit.js:761:3)\n    at runAndTransformResultsToJestFormat (C:\\Users\\leovp\\Programming\\adorador\\adorador-frontend\\node_modules\\jest-circus\\build\\jestAdapterInit.js:1918:21)\n    at jestAdapter (C:\\Users\\leovp\\Programming\\adorador\\adorador-frontend\\node_modules\\jest-circus\\build\\runner.js:101:19)\n    at runTestInternal (C:\\Users\\leovp\\Programming\\adorador\\adorador-frontend\\node_modules\\jest-runner\\build\\testWorker.js:277:16)\n    at runTest (C:\\Users\\leovp\\Programming\\adorador\\adorador-frontend\\node_modules\\jest-runner\\build\\testWorker.js:345:7)\n    at Object.worker (C:\\Users\\leovp\\Programming\\adorador\\adorador-frontend\\node_modules\\jest-runner\\build\\testWorker.js:499:12)"],"fullName":"Providers Component TokenManager should not render any visible content from TokenManager","invocations":1,"location":null,"numPassingAsserts":0,"retryReasons":[],"startAt":1763189491428,"status":"failed","title":"should not render any visible content from TokenManager"},{"ancestorTitles":["Providers Component","AuthProvider"],"duration":31,"failing":false,"failureDetails":[{}],"failureMessages":["Error: No QueryClient set, use QueryClientProvider to set one\n    at useQueryClient (C:\\Users\\leovp\\Programming\\adorador\\adorador-frontend\\node_modules\\@tanstack\\react-query\\src\\QueryClientProvider.tsx:18:11)\n    at useNotificationListeners (C:\\Users\\leovp\\Programming\\adorador\\adorador-frontend\\src\\global\\hooks\\useNotificationListeners.tsx:16:37)\n    at WebSocketManager (C:\\Users\\leovp\\Programming\\adorador\\adorador-frontend\\src\\global\\utils\\Providers.tsx:22:27)\n    at renderWithHooks (C:\\Users\\leovp\\Programming\\adorador\\adorador-frontend\\node_modules\\react-dom\\cjs\\react-dom.development.js:15486:18)\n    at mountIndeterminateComponent (C:\\Users\\leovp\\Programming\\adorador\\adorador-frontend\\node_modules\\react-dom\\cjs\\react-dom.development.js:20103:13)\n    at beginWork (C:\\Users\\leovp\\Programming\\adorador\\adorador-frontend\\node_modules\\react-dom\\cjs\\react-dom.development.js:21626:16)\n    at beginWork$1 (C:\\Users\\leovp\\Programming\\adorador\\adorador-frontend\\node_modules\\react-dom\\cjs\\react-dom.development.js:27465:14)\n    at performUnitOfWork (C:\\Users\\leovp\\Programming\\adorador\\adorador-frontend\\node_modules\\react-dom\\cjs\\react-dom.development.js:26599:12)\n    at workLoopSync (C:\\Users\\leovp\\Programming\\adorador\\adorador-frontend\\node_modules\\react-dom\\cjs\\react-dom.development.js:26505:5)\n    at renderRootSync (C:\\Users\\leovp\\Programming\\adorador\\adorador-frontend\\node_modules\\react-dom\\cjs\\react-dom.development.js:26473:7)\n    at recoverFromConcurrentError (C:\\Users\\leovp\\Programming\\adorador\\adorador-frontend\\node_modules\\react-dom\\cjs\\react-dom.development.js:25889:20)\n    at performConcurrentWorkOnRoot (C:\\Users\\leovp\\Programming\\adorador\\adorador-frontend\\node_modules\\react-dom\\cjs\\react-dom.development.js:25789:22)\n    at flushActQueue (C:\\Users\\leovp\\Programming\\adorador\\adorador-frontend\\node_modules\\react\\cjs\\react.development.js:2667:24)\n    at act (C:\\Users\\leovp\\Programming\\adorador\\adorador-frontend\\node_modules\\react\\cjs\\react.development.js:2582:11)\n    at C:\\Users\\leovp\\Programming\\adorador\\adorador-frontend\\node_modules\\@testing-library\\react\\dist\\act-compat.js:47:25\n    at renderRoot (C:\\Users\\leovp\\Programming\\adorador\\adorador-frontend\\node_modules\\@testing-library\\react\\dist\\pure.js:190:26)\n    at render (C:\\Users\\leovp\\Programming\\adorador\\adorador-frontend\\node_modules\\@testing-library\\react\\dist\\pure.js:292:10)\n    at Object.<anonymous> (C:\\Users\\leovp\\Programming\\adorador\\adorador-frontend\\src\\global\\utils\\__tests__\\Providers.test.tsx:180:13)\n    at Promise.finally.completed (C:\\Users\\leovp\\Programming\\adorador\\adorador-frontend\\node_modules\\jest-circus\\build\\jestAdapterInit.js:1557:28)\n    at new Promise (<anonymous>)\n    at callAsyncCircusFn (C:\\Users\\leovp\\Programming\\adorador\\adorador-frontend\\node_modules\\jest-circus\\build\\jestAdapterInit.js:1497:10)\n    at _callCircusTest (C:\\Users\\leovp\\Programming\\adorador\\adorador-frontend\\node_modules\\jest-circus\\build\\jestAdapterInit.js:1007:40)\n    at processTicksAndRejections (node:internal/process/task_queues:95:5)\n    at _runTest (C:\\Users\\leovp\\Programming\\adorador\\adorador-frontend\\node_modules\\jest-circus\\build\\jestAdapterInit.js:947:3)\n    at C:\\Users\\leovp\\Programming\\adorador\\adorador-frontend\\node_modules\\jest-circus\\build\\jestAdapterInit.js:849:7\n    at _runTestsForDescribeBlock (C:\\Users\\leovp\\Programming\\adorador\\adorador-frontend\\node_modules\\jest-circus\\build\\jestAdapterInit.js:862:11)\n    at _runTestsForDescribeBlock (C:\\Users\\leovp\\Programming\\adorador\\adorador-frontend\\node_modules\\jest-circus\\build\\jestAdapterInit.js:857:11)\n    at _runTestsForDescribeBlock (C:\\Users\\leovp\\Programming\\adorador\\adorador-frontend\\node_modules\\jest-circus\\build\\jestAdapterInit.js:857:11)\n    at run (C:\\Users\\leovp\\Programming\\adorador\\adorador-frontend\\node_modules\\jest-circus\\build\\jestAdapterInit.js:761:3)\n    at runAndTransformResultsToJestFormat (C:\\Users\\leovp\\Programming\\adorador\\adorador-frontend\\node_modules\\jest-circus\\build\\jestAdapterInit.js:1918:21)\n    at jestAdapter (C:\\Users\\leovp\\Programming\\adorador\\adorador-frontend\\node_modules\\jest-circus\\build\\runner.js:101:19)\n    at runTestInternal (C:\\Users\\leovp\\Programming\\adorador\\adorador-frontend\\node_modules\\jest-runner\\build\\testWorker.js:277:16)\n    at runTest (C:\\Users\\leovp\\Programming\\adorador\\adorador-frontend\\node_modules\\jest-runner\\build\\testWorker.js:345:7)\n    at Object.worker (C:\\Users\\leovp\\Programming\\adorador\\adorador-frontend\\node_modules\\jest-runner\\build\\testWorker.js:499:12)"],"fullName":"Providers Component AuthProvider should call useIsClient hook","invocations":1,"location":null,"numPassingAsserts":0,"retryReasons":[],"startAt":1763189491466,"status":"failed","title":"should call useIsClient hook"},{"ancestorTitles":["Providers Component","AuthProvider"],"duration":42,"failing":false,"failureDetails":[{}],"failureMessages":["Error: No QueryClient set, use QueryClientProvider to set one\n    at useQueryClient (C:\\Users\\leovp\\Programming\\adorador\\adorador-frontend\\node_modules\\@tanstack\\react-query\\src\\QueryClientProvider.tsx:18:11)\n    at useNotificationListeners (C:\\Users\\leovp\\Programming\\adorador\\adorador-frontend\\src\\global\\hooks\\useNotificationListeners.tsx:16:37)\n    at WebSocketManager (C:\\Users\\leovp\\Programming\\adorador\\adorador-frontend\\src\\global\\utils\\Providers.tsx:22:27)\n    at renderWithHooks (C:\\Users\\leovp\\Programming\\adorador\\adorador-frontend\\node_modules\\react-dom\\cjs\\react-dom.development.js:15486:18)\n    at mountIndeterminateComponent (C:\\Users\\leovp\\Programming\\adorador\\adorador-frontend\\node_modules\\react-dom\\cjs\\react-dom.development.js:20103:13)\n    at beginWork (C:\\Users\\leovp\\Programming\\adorador\\adorador-frontend\\node_modules\\react-dom\\cjs\\react-dom.development.js:21626:16)\n    at beginWork$1 (C:\\Users\\leovp\\Programming\\adorador\\adorador-frontend\\node_modules\\react-dom\\cjs\\react-dom.development.js:27465:14)\n    at performUnitOfWork (C:\\Users\\leovp\\Programming\\adorador\\adorador-frontend\\node_modules\\react-dom\\cjs\\react-dom.development.js:26599:12)\n    at workLoopSync (C:\\Users\\leovp\\Programming\\adorador\\adorador-frontend\\node_modules\\react-dom\\cjs\\react-dom.development.js:26505:5)\n    at renderRootSync (C:\\Users\\leovp\\Programming\\adorador\\adorador-frontend\\node_modules\\react-dom\\cjs\\react-dom.development.js:26473:7)\n    at recoverFromConcurrentError (C:\\Users\\leovp\\Programming\\adorador\\adorador-frontend\\node_modules\\react-dom\\cjs\\react-dom.development.js:25889:20)\n    at performConcurrentWorkOnRoot (C:\\Users\\leovp\\Programming\\adorador\\adorador-frontend\\node_modules\\react-dom\\cjs\\react-dom.development.js:25789:22)\n    at flushActQueue (C:\\Users\\leovp\\Programming\\adorador\\adorador-frontend\\node_modules\\react\\cjs\\react.development.js:2667:24)\n    at act (C:\\Users\\leovp\\Programming\\adorador\\adorador-frontend\\node_modules\\react\\cjs\\react.development.js:2582:11)\n    at C:\\Users\\leovp\\Programming\\adorador\\adorador-frontend\\node_modules\\@testing-library\\react\\dist\\act-compat.js:47:25\n    at renderRoot (C:\\Users\\leovp\\Programming\\adorador\\adorador-frontend\\node_modules\\@testing-library\\react\\dist\\pure.js:190:26)\n    at render (C:\\Users\\leovp\\Programming\\adorador\\adorador-frontend\\node_modules\\@testing-library\\react\\dist\\pure.js:292:10)\n    at Object.<anonymous> (C:\\Users\\leovp\\Programming\\adorador\\adorador-frontend\\src\\global\\utils\\__tests__\\Providers.test.tsx:192:13)\n    at Promise.finally.completed (C:\\Users\\leovp\\Programming\\adorador\\adorador-frontend\\node_modules\\jest-circus\\build\\jestAdapterInit.js:1557:28)\n    at new Promise (<anonymous>)\n    at callAsyncCircusFn (C:\\Users\\leovp\\Programming\\adorador\\adorador-frontend\\node_modules\\jest-circus\\build\\jestAdapterInit.js:1497:10)\n    at _callCircusTest (C:\\Users\\leovp\\Programming\\adorador\\adorador-frontend\\node_modules\\jest-circus\\build\\jestAdapterInit.js:1007:40)\n    at processTicksAndRejections (node:internal/process/task_queues:95:5)\n    at _runTest (C:\\Users\\leovp\\Programming\\adorador\\adorador-frontend\\node_modules\\jest-circus\\build\\jestAdapterInit.js:947:3)\n    at C:\\Users\\leovp\\Programming\\adorador\\adorador-frontend\\node_modules\\jest-circus\\build\\jestAdapterInit.js:849:7\n    at _runTestsForDescribeBlock (C:\\Users\\leovp\\Programming\\adorador\\adorador-frontend\\node_modules\\jest-circus\\build\\jestAdapterInit.js:862:11)\n    at _runTestsForDescribeBlock (C:\\Users\\leovp\\Programming\\adorador\\adorador-frontend\\node_modules\\jest-circus\\build\\jestAdapterInit.js:857:11)\n    at _runTestsForDescribeBlock (C:\\Users\\leovp\\Programming\\adorador\\adorador-frontend\\node_modules\\jest-circus\\build\\jestAdapterInit.js:857:11)\n    at run (C:\\Users\\leovp\\Programming\\adorador\\adorador-frontend\\node_modules\\jest-circus\\build\\jestAdapterInit.js:761:3)\n    at runAndTransformResultsToJestFormat (C:\\Users\\leovp\\Programming\\adorador\\adorador-frontend\\node_modules\\jest-circus\\build\\jestAdapterInit.js:1918:21)\n    at jestAdapter (C:\\Users\\leovp\\Programming\\adorador\\adorador-frontend\\node_modules\\jest-circus\\build\\runner.js:101:19)\n    at runTestInternal (C:\\Users\\leovp\\Programming\\adorador\\adorador-frontend\\node_modules\\jest-runner\\build\\testWorker.js:277:16)\n    at runTest (C:\\Users\\leovp\\Programming\\adorador\\adorador-frontend\\node_modules\\jest-runner\\build\\testWorker.js:345:7)\n    at Object.worker (C:\\Users\\leovp\\Programming\\adorador\\adorador-frontend\\node_modules\\jest-runner\\build\\testWorker.js:499:12)"],"fullName":"Providers Component AuthProvider should initialize user when client is ready","invocations":1,"location":null,"numPassingAsserts":0,"retryReasons":[],"startAt":1763189491500,"status":"failed","title":"should initialize user when client is ready"},{"ancestorTitles":["Providers Component","AuthProvider"],"duration":50,"failing":false,"failureDetails":[{}],"failureMessages":["Error: No QueryClient set, use QueryClientProvider to set one\n    at useQueryClient (C:\\Users\\leovp\\Programming\\adorador\\adorador-frontend\\node_modules\\@tanstack\\react-query\\src\\QueryClientProvider.tsx:18:11)\n    at useNotificationListeners (C:\\Users\\leovp\\Programming\\adorador\\adorador-frontend\\src\\global\\hooks\\useNotificationListeners.tsx:16:37)\n    at WebSocketManager (C:\\Users\\leovp\\Programming\\adorador\\adorador-frontend\\src\\global\\utils\\Providers.tsx:22:27)\n    at renderWithHooks (C:\\Users\\leovp\\Programming\\adorador\\adorador-frontend\\node_modules\\react-dom\\cjs\\react-dom.development.js:15486:18)\n    at mountIndeterminateComponent (C:\\Users\\leovp\\Programming\\adorador\\adorador-frontend\\node_modules\\react-dom\\cjs\\react-dom.development.js:20103:13)\n    at beginWork (C:\\Users\\leovp\\Programming\\adorador\\adorador-frontend\\node_modules\\react-dom\\cjs\\react-dom.development.js:21626:16)\n    at beginWork$1 (C:\\Users\\leovp\\Programming\\adorador\\adorador-frontend\\node_modules\\react-dom\\cjs\\react-dom.development.js:27465:14)\n    at performUnitOfWork (C:\\Users\\leovp\\Programming\\adorador\\adorador-frontend\\node_modules\\react-dom\\cjs\\react-dom.development.js:26599:12)\n    at workLoopSync (C:\\Users\\leovp\\Programming\\adorador\\adorador-frontend\\node_modules\\react-dom\\cjs\\react-dom.development.js:26505:5)\n    at renderRootSync (C:\\Users\\leovp\\Programming\\adorador\\adorador-frontend\\node_modules\\react-dom\\cjs\\react-dom.development.js:26473:7)\n    at recoverFromConcurrentError (C:\\Users\\leovp\\Programming\\adorador\\adorador-frontend\\node_modules\\react-dom\\cjs\\react-dom.development.js:25889:20)\n    at performConcurrentWorkOnRoot (C:\\Users\\leovp\\Programming\\adorador\\adorador-frontend\\node_modules\\react-dom\\cjs\\react-dom.development.js:25789:22)\n    at flushActQueue (C:\\Users\\leovp\\Programming\\adorador\\adorador-frontend\\node_modules\\react\\cjs\\react.development.js:2667:24)\n    at act (C:\\Users\\leovp\\Programming\\adorador\\adorador-frontend\\node_modules\\react\\cjs\\react.development.js:2582:11)\n    at C:\\Users\\leovp\\Programming\\adorador\\adorador-frontend\\node_modules\\@testing-library\\react\\dist\\act-compat.js:47:25\n    at renderRoot (C:\\Users\\leovp\\Programming\\adorador\\adorador-frontend\\node_modules\\@testing-library\\react\\dist\\pure.js:190:26)\n    at render (C:\\Users\\leovp\\Programming\\adorador\\adorador-frontend\\node_modules\\@testing-library\\react\\dist\\pure.js:292:10)\n    at Object.<anonymous> (C:\\Users\\leovp\\Programming\\adorador\\adorador-frontend\\src\\global\\utils\\__tests__\\Providers.test.tsx:211:13)\n    at Promise.finally.completed (C:\\Users\\leovp\\Programming\\adorador\\adorador-frontend\\node_modules\\jest-circus\\build\\jestAdapterInit.js:1557:28)\n    at new Promise (<anonymous>)\n    at callAsyncCircusFn (C:\\Users\\leovp\\Programming\\adorador\\adorador-frontend\\node_modules\\jest-circus\\build\\jestAdapterInit.js:1497:10)\n    at _callCircusTest (C:\\Users\\leovp\\Programming\\adorador\\adorador-frontend\\node_modules\\jest-circus\\build\\jestAdapterInit.js:1007:40)\n    at processTicksAndRejections (node:internal/process/task_queues:95:5)\n    at _runTest (C:\\Users\\leovp\\Programming\\adorador\\adorador-frontend\\node_modules\\jest-circus\\build\\jestAdapterInit.js:947:3)\n    at C:\\Users\\leovp\\Programming\\adorador\\adorador-frontend\\node_modules\\jest-circus\\build\\jestAdapterInit.js:849:7\n    at _runTestsForDescribeBlock (C:\\Users\\leovp\\Programming\\adorador\\adorador-frontend\\node_modules\\jest-circus\\build\\jestAdapterInit.js:862:11)\n    at _runTestsForDescribeBlock (C:\\Users\\leovp\\Programming\\adorador\\adorador-frontend\\node_modules\\jest-circus\\build\\jestAdapterInit.js:857:11)\n    at _runTestsForDescribeBlock (C:\\Users\\leovp\\Programming\\adorador\\adorador-frontend\\node_modules\\jest-circus\\build\\jestAdapterInit.js:857:11)\n    at run (C:\\Users\\leovp\\Programming\\adorador\\adorador-frontend\\node_modules\\jest-circus\\build\\jestAdapterInit.js:761:3)\n    at runAndTransformResultsToJestFormat (C:\\Users\\leovp\\Programming\\adorador\\adorador-frontend\\node_modules\\jest-circus\\build\\jestAdapterInit.js:1918:21)\n    at jestAdapter (C:\\Users\\leovp\\Programming\\adorador\\adorador-frontend\\node_modules\\jest-circus\\build\\runner.js:101:19)\n    at runTestInternal (C:\\Users\\leovp\\Programming\\adorador\\adorador-frontend\\node_modules\\jest-runner\\build\\testWorker.js:277:16)\n    at runTest (C:\\Users\\leovp\\Programming\\adorador\\adorador-frontend\\node_modules\\jest-runner\\build\\testWorker.js:345:7)\n    at Object.worker (C:\\Users\\leovp\\Programming\\adorador\\adorador-frontend\\node_modules\\jest-runner\\build\\testWorker.js:499:12)"],"fullName":"Providers Component AuthProvider should not initialize user when not on client","invocations":1,"location":null,"numPassingAsserts":0,"retryReasons":[],"startAt":1763189491544,"status":"failed","title":"should not initialize user when not on client"},{"ancestorTitles":["Providers Component","AuthProvider"],"duration":39,"failing":false,"failureDetails":[{}],"failureMessages":["Error: No QueryClient set, use QueryClientProvider to set one\n    at useQueryClient (C:\\Users\\leovp\\Programming\\adorador\\adorador-frontend\\node_modules\\@tanstack\\react-query\\src\\QueryClientProvider.tsx:18:11)\n    at useNotificationListeners (C:\\Users\\leovp\\Programming\\adorador\\adorador-frontend\\src\\global\\hooks\\useNotificationListeners.tsx:16:37)\n    at WebSocketManager (C:\\Users\\leovp\\Programming\\adorador\\adorador-frontend\\src\\global\\utils\\Providers.tsx:22:27)\n    at renderWithHooks (C:\\Users\\leovp\\Programming\\adorador\\adorador-frontend\\node_modules\\react-dom\\cjs\\react-dom.development.js:15486:18)\n    at mountIndeterminateComponent (C:\\Users\\leovp\\Programming\\adorador\\adorador-frontend\\node_modules\\react-dom\\cjs\\react-dom.development.js:20103:13)\n    at beginWork (C:\\Users\\leovp\\Programming\\adorador\\adorador-frontend\\node_modules\\react-dom\\cjs\\react-dom.development.js:21626:16)\n    at beginWork$1 (C:\\Users\\leovp\\Programming\\adorador\\adorador-frontend\\node_modules\\react-dom\\cjs\\react-dom.development.js:27465:14)\n    at performUnitOfWork (C:\\Users\\leovp\\Programming\\adorador\\adorador-frontend\\node_modules\\react-dom\\cjs\\react-dom.development.js:26599:12)\n    at workLoopSync (C:\\Users\\leovp\\Programming\\adorador\\adorador-frontend\\node_modules\\react-dom\\cjs\\react-dom.development.js:26505:5)\n    at renderRootSync (C:\\Users\\leovp\\Programming\\adorador\\adorador-frontend\\node_modules\\react-dom\\cjs\\react-dom.development.js:26473:7)\n    at recoverFromConcurrentError (C:\\Users\\leovp\\Programming\\adorador\\adorador-frontend\\node_modules\\react-dom\\cjs\\react-dom.development.js:25889:20)\n    at performConcurrentWorkOnRoot (C:\\Users\\leovp\\Programming\\adorador\\adorador-frontend\\node_modules\\react-dom\\cjs\\react-dom.development.js:25789:22)\n    at flushActQueue (C:\\Users\\leovp\\Programming\\adorador\\adorador-frontend\\node_modules\\react\\cjs\\react.development.js:2667:24)\n    at act (C:\\Users\\leovp\\Programming\\adorador\\adorador-frontend\\node_modules\\react\\cjs\\react.development.js:2582:11)\n    at C:\\Users\\leovp\\Programming\\adorador\\adorador-frontend\\node_modules\\@testing-library\\react\\dist\\act-compat.js:47:25\n    at renderRoot (C:\\Users\\leovp\\Programming\\adorador\\adorador-frontend\\node_modules\\@testing-library\\react\\dist\\pure.js:190:26)\n    at render (C:\\Users\\leovp\\Programming\\adorador\\adorador-frontend\\node_modules\\@testing-library\\react\\dist\\pure.js:292:10)\n    at Object.<anonymous> (C:\\Users\\leovp\\Programming\\adorador\\adorador-frontend\\src\\global\\utils\\__tests__\\Providers.test.tsx:229:13)\n    at Promise.finally.completed (C:\\Users\\leovp\\Programming\\adorador\\adorador-frontend\\node_modules\\jest-circus\\build\\jestAdapterInit.js:1557:28)\n    at new Promise (<anonymous>)\n    at callAsyncCircusFn (C:\\Users\\leovp\\Programming\\adorador\\adorador-frontend\\node_modules\\jest-circus\\build\\jestAdapterInit.js:1497:10)\n    at _callCircusTest (C:\\Users\\leovp\\Programming\\adorador\\adorador-frontend\\node_modules\\jest-circus\\build\\jestAdapterInit.js:1007:40)\n    at processTicksAndRejections (node:internal/process/task_queues:95:5)\n    at _runTest (C:\\Users\\leovp\\Programming\\adorador\\adorador-frontend\\node_modules\\jest-circus\\build\\jestAdapterInit.js:947:3)\n    at C:\\Users\\leovp\\Programming\\adorador\\adorador-frontend\\node_modules\\jest-circus\\build\\jestAdapterInit.js:849:7\n    at _runTestsForDescribeBlock (C:\\Users\\leovp\\Programming\\adorador\\adorador-frontend\\node_modules\\jest-circus\\build\\jestAdapterInit.js:862:11)\n    at _runTestsForDescribeBlock (C:\\Users\\leovp\\Programming\\adorador\\adorador-frontend\\node_modules\\jest-circus\\build\\jestAdapterInit.js:857:11)\n    at _runTestsForDescribeBlock (C:\\Users\\leovp\\Programming\\adorador\\adorador-frontend\\node_modules\\jest-circus\\build\\jestAdapterInit.js:857:11)\n    at run (C:\\Users\\leovp\\Programming\\adorador\\adorador-frontend\\node_modules\\jest-circus\\build\\jestAdapterInit.js:761:3)\n    at runAndTransformResultsToJestFormat (C:\\Users\\leovp\\Programming\\adorador\\adorador-frontend\\node_modules\\jest-circus\\build\\jestAdapterInit.js:1918:21)\n    at jestAdapter (C:\\Users\\leovp\\Programming\\adorador\\adorador-frontend\\node_modules\\jest-circus\\build\\runner.js:101:19)\n    at runTestInternal (C:\\Users\\leovp\\Programming\\adorador\\adorador-frontend\\node_modules\\jest-runner\\build\\testWorker.js:277:16)\n    at runTest (C:\\Users\\leovp\\Programming\\adorador\\adorador-frontend\\node_modules\\jest-runner\\build\\testWorker.js:345:7)\n    at Object.worker (C:\\Users\\leovp\\Programming\\adorador\\adorador-frontend\\node_modules\\jest-runner\\build\\testWorker.js:499:12)"],"fullName":"Providers Component AuthProvider should initialize user immediately on mount","invocations":1,"location":null,"numPassingAsserts":0,"retryReasons":[],"startAt":1763189491602,"status":"failed","title":"should initialize user immediately on mount"},{"ancestorTitles":["Providers Component","AuthProvider"],"duration":39,"failing":false,"failureDetails":[{}],"failureMessages":["Error: No QueryClient set, use QueryClientProvider to set one\n    at useQueryClient (C:\\Users\\leovp\\Programming\\adorador\\adorador-frontend\\node_modules\\@tanstack\\react-query\\src\\QueryClientProvider.tsx:18:11)\n    at useNotificationListeners (C:\\Users\\leovp\\Programming\\adorador\\adorador-frontend\\src\\global\\hooks\\useNotificationListeners.tsx:16:37)\n    at WebSocketManager (C:\\Users\\leovp\\Programming\\adorador\\adorador-frontend\\src\\global\\utils\\Providers.tsx:22:27)\n    at renderWithHooks (C:\\Users\\leovp\\Programming\\adorador\\adorador-frontend\\node_modules\\react-dom\\cjs\\react-dom.development.js:15486:18)\n    at mountIndeterminateComponent (C:\\Users\\leovp\\Programming\\adorador\\adorador-frontend\\node_modules\\react-dom\\cjs\\react-dom.development.js:20103:13)\n    at beginWork (C:\\Users\\leovp\\Programming\\adorador\\adorador-frontend\\node_modules\\react-dom\\cjs\\react-dom.development.js:21626:16)\n    at beginWork$1 (C:\\Users\\leovp\\Programming\\adorador\\adorador-frontend\\node_modules\\react-dom\\cjs\\react-dom.development.js:27465:14)\n    at performUnitOfWork (C:\\Users\\leovp\\Programming\\adorador\\adorador-frontend\\node_modules\\react-dom\\cjs\\react-dom.development.js:26599:12)\n    at workLoopSync (C:\\Users\\leovp\\Programming\\adorador\\adorador-frontend\\node_modules\\react-dom\\cjs\\react-dom.development.js:26505:5)\n    at renderRootSync (C:\\Users\\leovp\\Programming\\adorador\\adorador-frontend\\node_modules\\react-dom\\cjs\\react-dom.development.js:26473:7)\n    at recoverFromConcurrentError (C:\\Users\\leovp\\Programming\\adorador\\adorador-frontend\\node_modules\\react-dom\\cjs\\react-dom.development.js:25889:20)\n    at performConcurrentWorkOnRoot (C:\\Users\\leovp\\Programming\\adorador\\adorador-frontend\\node_modules\\react-dom\\cjs\\react-dom.development.js:25789:22)\n    at flushActQueue (C:\\Users\\leovp\\Programming\\adorador\\adorador-frontend\\node_modules\\react\\cjs\\react.development.js:2667:24)\n    at act (C:\\Users\\leovp\\Programming\\adorador\\adorador-frontend\\node_modules\\react\\cjs\\react.development.js:2582:11)\n    at C:\\Users\\leovp\\Programming\\adorador\\adorador-frontend\\node_modules\\@testing-library\\react\\dist\\act-compat.js:47:25\n    at renderRoot (C:\\Users\\leovp\\Programming\\adorador\\adorador-frontend\\node_modules\\@testing-library\\react\\dist\\pure.js:190:26)\n    at render (C:\\Users\\leovp\\Programming\\adorador\\adorador-frontend\\node_modules\\@testing-library\\react\\dist\\pure.js:292:10)\n    at Object.<anonymous> (C:\\Users\\leovp\\Programming\\adorador\\adorador-frontend\\src\\global\\utils\\__tests__\\Providers.test.tsx:244:33)\n    at Promise.finally.completed (C:\\Users\\leovp\\Programming\\adorador\\adorador-frontend\\node_modules\\jest-circus\\build\\jestAdapterInit.js:1557:28)\n    at new Promise (<anonymous>)\n    at callAsyncCircusFn (C:\\Users\\leovp\\Programming\\adorador\\adorador-frontend\\node_modules\\jest-circus\\build\\jestAdapterInit.js:1497:10)\n    at _callCircusTest (C:\\Users\\leovp\\Programming\\adorador\\adorador-frontend\\node_modules\\jest-circus\\build\\jestAdapterInit.js:1007:40)\n    at processTicksAndRejections (node:internal/process/task_queues:95:5)\n    at _runTest (C:\\Users\\leovp\\Programming\\adorador\\adorador-frontend\\node_modules\\jest-circus\\build\\jestAdapterInit.js:947:3)\n    at C:\\Users\\leovp\\Programming\\adorador\\adorador-frontend\\node_modules\\jest-circus\\build\\jestAdapterInit.js:849:7\n    at _runTestsForDescribeBlock (C:\\Users\\leovp\\Programming\\adorador\\adorador-frontend\\node_modules\\jest-circus\\build\\jestAdapterInit.js:862:11)\n    at _runTestsForDescribeBlock (C:\\Users\\leovp\\Programming\\adorador\\adorador-frontend\\node_modules\\jest-circus\\build\\jestAdapterInit.js:857:11)\n    at _runTestsForDescribeBlock (C:\\Users\\leovp\\Programming\\adorador\\adorador-frontend\\node_modules\\jest-circus\\build\\jestAdapterInit.js:857:11)\n    at run (C:\\Users\\leovp\\Programming\\adorador\\adorador-frontend\\node_modules\\jest-circus\\build\\jestAdapterInit.js:761:3)\n    at runAndTransformResultsToJestFormat (C:\\Users\\leovp\\Programming\\adorador\\adorador-frontend\\node_modules\\jest-circus\\build\\jestAdapterInit.js:1918:21)\n    at jestAdapter (C:\\Users\\leovp\\Programming\\adorador\\adorador-frontend\\node_modules\\jest-circus\\build\\runner.js:101:19)\n    at runTestInternal (C:\\Users\\leovp\\Programming\\adorador\\adorador-frontend\\node_modules\\jest-runner\\build\\testWorker.js:277:16)\n    at runTest (C:\\Users\\leovp\\Programming\\adorador\\adorador-frontend\\node_modules\\jest-runner\\build\\testWorker.js:345:7)\n    at Object.worker (C:\\Users\\leovp\\Programming\\adorador\\adorador-frontend\\node_modules\\jest-runner\\build\\testWorker.js:499:12)"],"fullName":"Providers Component AuthProvider should handle unmount correctly","invocations":1,"location":null,"numPassingAsserts":0,"retryReasons":[],"startAt":1763189491644,"status":"failed","title":"should handle unmount correctly"},{"ancestorTitles":["Providers Component","AuthProvider"],"duration":51,"failing":false,"failureDetails":[{}],"failureMessages":["Error: No QueryClient set, use QueryClientProvider to set one\n    at useQueryClient (C:\\Users\\leovp\\Programming\\adorador\\adorador-frontend\\node_modules\\@tanstack\\react-query\\src\\QueryClientProvider.tsx:18:11)\n    at useNotificationListeners (C:\\Users\\leovp\\Programming\\adorador\\adorador-frontend\\src\\global\\hooks\\useNotificationListeners.tsx:16:37)\n    at WebSocketManager (C:\\Users\\leovp\\Programming\\adorador\\adorador-frontend\\src\\global\\utils\\Providers.tsx:22:27)\n    at renderWithHooks (C:\\Users\\leovp\\Programming\\adorador\\adorador-frontend\\node_modules\\react-dom\\cjs\\react-dom.development.js:15486:18)\n    at mountIndeterminateComponent (C:\\Users\\leovp\\Programming\\adorador\\adorador-frontend\\node_modules\\react-dom\\cjs\\react-dom.development.js:20103:13)\n    at beginWork (C:\\Users\\leovp\\Programming\\adorador\\adorador-frontend\\node_modules\\react-dom\\cjs\\react-dom.development.js:21626:16)\n    at beginWork$1 (C:\\Users\\leovp\\Programming\\adorador\\adorador-frontend\\node_modules\\react-dom\\cjs\\react-dom.development.js:27465:14)\n    at performUnitOfWork (C:\\Users\\leovp\\Programming\\adorador\\adorador-frontend\\node_modules\\react-dom\\cjs\\react-dom.development.js:26599:12)\n    at workLoopSync (C:\\Users\\leovp\\Programming\\adorador\\adorador-frontend\\node_modules\\react-dom\\cjs\\react-dom.development.js:26505:5)\n    at renderRootSync (C:\\Users\\leovp\\Programming\\adorador\\adorador-frontend\\node_modules\\react-dom\\cjs\\react-dom.development.js:26473:7)\n    at recoverFromConcurrentError (C:\\Users\\leovp\\Programming\\adorador\\adorador-frontend\\node_modules\\react-dom\\cjs\\react-dom.development.js:25889:20)\n    at performConcurrentWorkOnRoot (C:\\Users\\leovp\\Programming\\adorador\\adorador-frontend\\node_modules\\react-dom\\cjs\\react-dom.development.js:25789:22)\n    at flushActQueue (C:\\Users\\leovp\\Programming\\adorador\\adorador-frontend\\node_modules\\react\\cjs\\react.development.js:2667:24)\n    at act (C:\\Users\\leovp\\Programming\\adorador\\adorador-frontend\\node_modules\\react\\cjs\\react.development.js:2582:11)\n    at C:\\Users\\leovp\\Programming\\adorador\\adorador-frontend\\node_modules\\@testing-library\\react\\dist\\act-compat.js:47:25\n    at renderRoot (C:\\Users\\leovp\\Programming\\adorador\\adorador-frontend\\node_modules\\@testing-library\\react\\dist\\pure.js:190:26)\n    at render (C:\\Users\\leovp\\Programming\\adorador\\adorador-frontend\\node_modules\\@testing-library\\react\\dist\\pure.js:292:10)\n    at Object.<anonymous> (C:\\Users\\leovp\\Programming\\adorador\\adorador-frontend\\src\\global\\utils\\__tests__\\Providers.test.tsx:262:34)\n    at Promise.finally.completed (C:\\Users\\leovp\\Programming\\adorador\\adorador-frontend\\node_modules\\jest-circus\\build\\jestAdapterInit.js:1557:28)\n    at new Promise (<anonymous>)\n    at callAsyncCircusFn (C:\\Users\\leovp\\Programming\\adorador\\adorador-frontend\\node_modules\\jest-circus\\build\\jestAdapterInit.js:1497:10)\n    at _callCircusTest (C:\\Users\\leovp\\Programming\\adorador\\adorador-frontend\\node_modules\\jest-circus\\build\\jestAdapterInit.js:1007:40)\n    at processTicksAndRejections (node:internal/process/task_queues:95:5)\n    at _runTest (C:\\Users\\leovp\\Programming\\adorador\\adorador-frontend\\node_modules\\jest-circus\\build\\jestAdapterInit.js:947:3)\n    at C:\\Users\\leovp\\Programming\\adorador\\adorador-frontend\\node_modules\\jest-circus\\build\\jestAdapterInit.js:849:7\n    at _runTestsForDescribeBlock (C:\\Users\\leovp\\Programming\\adorador\\adorador-frontend\\node_modules\\jest-circus\\build\\jestAdapterInit.js:862:11)\n    at _runTestsForDescribeBlock (C:\\Users\\leovp\\Programming\\adorador\\adorador-frontend\\node_modules\\jest-circus\\build\\jestAdapterInit.js:857:11)\n    at _runTestsForDescribeBlock (C:\\Users\\leovp\\Programming\\adorador\\adorador-frontend\\node_modules\\jest-circus\\build\\jestAdapterInit.js:857:11)\n    at run (C:\\Users\\leovp\\Programming\\adorador\\adorador-frontend\\node_modules\\jest-circus\\build\\jestAdapterInit.js:761:3)\n    at runAndTransformResultsToJestFormat (C:\\Users\\leovp\\Programming\\adorador\\adorador-frontend\\node_modules\\jest-circus\\build\\jestAdapterInit.js:1918:21)\n    at jestAdapter (C:\\Users\\leovp\\Programming\\adorador\\adorador-frontend\\node_modules\\jest-circus\\build\\runner.js:101:19)\n    at runTestInternal (C:\\Users\\leovp\\Programming\\adorador\\adorador-frontend\\node_modules\\jest-runner\\build\\testWorker.js:277:16)\n    at runTest (C:\\Users\\leovp\\Programming\\adorador\\adorador-frontend\\node_modules\\jest-runner\\build\\testWorker.js:345:7)\n    at Object.worker (C:\\Users\\leovp\\Programming\\adorador\\adorador-frontend\\node_modules\\jest-runner\\build\\testWorker.js:499:12)"],"fullName":"Providers Component AuthProvider should only initialize once even with multiple renders","invocations":1,"location":null,"numPassingAsserts":0,"retryReasons":[],"startAt":1763189491689,"status":"failed","title":"should only initialize once even with multiple renders"},{"ancestorTitles":["Providers Component","AuthProvider"],"duration":53,"failing":false,"failureDetails":[{}],"failureMessages":["Error: No QueryClient set, use QueryClientProvider to set one\n    at useQueryClient (C:\\Users\\leovp\\Programming\\adorador\\adorador-frontend\\node_modules\\@tanstack\\react-query\\src\\QueryClientProvider.tsx:18:11)\n    at useNotificationListeners (C:\\Users\\leovp\\Programming\\adorador\\adorador-frontend\\src\\global\\hooks\\useNotificationListeners.tsx:16:37)\n    at WebSocketManager (C:\\Users\\leovp\\Programming\\adorador\\adorador-frontend\\src\\global\\utils\\Providers.tsx:22:27)\n    at renderWithHooks (C:\\Users\\leovp\\Programming\\adorador\\adorador-frontend\\node_modules\\react-dom\\cjs\\react-dom.development.js:15486:18)\n    at mountIndeterminateComponent (C:\\Users\\leovp\\Programming\\adorador\\adorador-frontend\\node_modules\\react-dom\\cjs\\react-dom.development.js:20103:13)\n    at beginWork (C:\\Users\\leovp\\Programming\\adorador\\adorador-frontend\\node_modules\\react-dom\\cjs\\react-dom.development.js:21626:16)\n    at beginWork$1 (C:\\Users\\leovp\\Programming\\adorador\\adorador-frontend\\node_modules\\react-dom\\cjs\\react-dom.development.js:27465:14)\n    at performUnitOfWork (C:\\Users\\leovp\\Programming\\adorador\\adorador-frontend\\node_modules\\react-dom\\cjs\\react-dom.development.js:26599:12)\n    at workLoopSync (C:\\Users\\leovp\\Programming\\adorador\\adorador-frontend\\node_modules\\react-dom\\cjs\\react-dom.development.js:26505:5)\n    at renderRootSync (C:\\Users\\leovp\\Programming\\adorador\\adorador-frontend\\node_modules\\react-dom\\cjs\\react-dom.development.js:26473:7)\n    at recoverFromConcurrentError (C:\\Users\\leovp\\Programming\\adorador\\adorador-frontend\\node_modules\\react-dom\\cjs\\react-dom.development.js:25889:20)\n    at performConcurrentWorkOnRoot (C:\\Users\\leovp\\Programming\\adorador\\adorador-frontend\\node_modules\\react-dom\\cjs\\react-dom.development.js:25789:22)\n    at flushActQueue (C:\\Users\\leovp\\Programming\\adorador\\adorador-frontend\\node_modules\\react\\cjs\\react.development.js:2667:24)\n    at act (C:\\Users\\leovp\\Programming\\adorador\\adorador-frontend\\node_modules\\react\\cjs\\react.development.js:2582:11)\n    at C:\\Users\\leovp\\Programming\\adorador\\adorador-frontend\\node_modules\\@testing-library\\react\\dist\\act-compat.js:47:25\n    at renderRoot (C:\\Users\\leovp\\Programming\\adorador\\adorador-frontend\\node_modules\\@testing-library\\react\\dist\\pure.js:190:26)\n    at render (C:\\Users\\leovp\\Programming\\adorador\\adorador-frontend\\node_modules\\@testing-library\\react\\dist\\pure.js:292:10)\n    at Object.<anonymous> (C:\\Users\\leovp\\Programming\\adorador\\adorador-frontend\\src\\global\\utils\\__tests__\\Providers.test.tsx:294:13)\n    at Promise.finally.completed (C:\\Users\\leovp\\Programming\\adorador\\adorador-frontend\\node_modules\\jest-circus\\build\\jestAdapterInit.js:1557:28)\n    at new Promise (<anonymous>)\n    at callAsyncCircusFn (C:\\Users\\leovp\\Programming\\adorador\\adorador-frontend\\node_modules\\jest-circus\\build\\jestAdapterInit.js:1497:10)\n    at _callCircusTest (C:\\Users\\leovp\\Programming\\adorador\\adorador-frontend\\node_modules\\jest-circus\\build\\jestAdapterInit.js:1007:40)\n    at processTicksAndRejections (node:internal/process/task_queues:95:5)\n    at _runTest (C:\\Users\\leovp\\Programming\\adorador\\adorador-frontend\\node_modules\\jest-circus\\build\\jestAdapterInit.js:947:3)\n    at C:\\Users\\leovp\\Programming\\adorador\\adorador-frontend\\node_modules\\jest-circus\\build\\jestAdapterInit.js:849:7\n    at _runTestsForDescribeBlock (C:\\Users\\leovp\\Programming\\adorador\\adorador-frontend\\node_modules\\jest-circus\\build\\jestAdapterInit.js:862:11)\n    at _runTestsForDescribeBlock (C:\\Users\\leovp\\Programming\\adorador\\adorador-frontend\\node_modules\\jest-circus\\build\\jestAdapterInit.js:857:11)\n    at _runTestsForDescribeBlock (C:\\Users\\leovp\\Programming\\adorador\\adorador-frontend\\node_modules\\jest-circus\\build\\jestAdapterInit.js:857:11)\n    at run (C:\\Users\\leovp\\Programming\\adorador\\adorador-frontend\\node_modules\\jest-circus\\build\\jestAdapterInit.js:761:3)\n    at runAndTransformResultsToJestFormat (C:\\Users\\leovp\\Programming\\adorador\\adorador-frontend\\node_modules\\jest-circus\\build\\jestAdapterInit.js:1918:21)\n    at jestAdapter (C:\\Users\\leovp\\Programming\\adorador\\adorador-frontend\\node_modules\\jest-circus\\build\\runner.js:101:19)\n    at runTestInternal (C:\\Users\\leovp\\Programming\\adorador\\adorador-frontend\\node_modules\\jest-runner\\build\\testWorker.js:277:16)\n    at runTest (C:\\Users\\leovp\\Programming\\adorador\\adorador-frontend\\node_modules\\jest-runner\\build\\testWorker.js:345:7)\n    at Object.worker (C:\\Users\\leovp\\Programming\\adorador\\adorador-frontend\\node_modules\\jest-runner\\build\\testWorker.js:499:12)"],"fullName":"Providers Component AuthProvider should render TokenManager and children","invocations":1,"location":null,"numPassingAsserts":0,"retryReasons":[],"startAt":1763189491743,"status":"failed","title":"should render TokenManager and children"},{"ancestorTitles":["Providers Component","Children rendering"],"duration":47,"failing":false,"failureDetails":[{}],"failureMessages":["Error: No QueryClient set, use QueryClientProvider to set one\n    at useQueryClient (C:\\Users\\leovp\\Programming\\adorador\\adorador-frontend\\node_modules\\@tanstack\\react-query\\src\\QueryClientProvider.tsx:18:11)\n    at useNotificationListeners (C:\\Users\\leovp\\Programming\\adorador\\adorador-frontend\\src\\global\\hooks\\useNotificationListeners.tsx:16:37)\n    at WebSocketManager (C:\\Users\\leovp\\Programming\\adorador\\adorador-frontend\\src\\global\\utils\\Providers.tsx:22:27)\n    at renderWithHooks (C:\\Users\\leovp\\Programming\\adorador\\adorador-frontend\\node_modules\\react-dom\\cjs\\react-dom.development.js:15486:18)\n    at mountIndeterminateComponent (C:\\Users\\leovp\\Programming\\adorador\\adorador-frontend\\node_modules\\react-dom\\cjs\\react-dom.development.js:20103:13)\n    at beginWork (C:\\Users\\leovp\\Programming\\adorador\\adorador-frontend\\node_modules\\react-dom\\cjs\\react-dom.development.js:21626:16)\n    at beginWork$1 (C:\\Users\\leovp\\Programming\\adorador\\adorador-frontend\\node_modules\\react-dom\\cjs\\react-dom.development.js:27465:14)\n    at performUnitOfWork (C:\\Users\\leovp\\Programming\\adorador\\adorador-frontend\\node_modules\\react-dom\\cjs\\react-dom.development.js:26599:12)\n    at workLoopSync (C:\\Users\\leovp\\Programming\\adorador\\adorador-frontend\\node_modules\\react-dom\\cjs\\react-dom.development.js:26505:5)\n    at renderRootSync (C:\\Users\\leovp\\Programming\\adorador\\adorador-frontend\\node_modules\\react-dom\\cjs\\react-dom.development.js:26473:7)\n    at recoverFromConcurrentError (C:\\Users\\leovp\\Programming\\adorador\\adorador-frontend\\node_modules\\react-dom\\cjs\\react-dom.development.js:25889:20)\n    at performConcurrentWorkOnRoot (C:\\Users\\leovp\\Programming\\adorador\\adorador-frontend\\node_modules\\react-dom\\cjs\\react-dom.development.js:25789:22)\n    at flushActQueue (C:\\Users\\leovp\\Programming\\adorador\\adorador-frontend\\node_modules\\react\\cjs\\react.development.js:2667:24)\n    at act (C:\\Users\\leovp\\Programming\\adorador\\adorador-frontend\\node_modules\\react\\cjs\\react.development.js:2582:11)\n    at C:\\Users\\leovp\\Programming\\adorador\\adorador-frontend\\node_modules\\@testing-library\\react\\dist\\act-compat.js:47:25\n    at renderRoot (C:\\Users\\leovp\\Programming\\adorador\\adorador-frontend\\node_modules\\@testing-library\\react\\dist\\pure.js:190:26)\n    at render (C:\\Users\\leovp\\Programming\\adorador\\adorador-frontend\\node_modules\\@testing-library\\react\\dist\\pure.js:292:10)\n    at Object.<anonymous> (C:\\Users\\leovp\\Programming\\adorador\\adorador-frontend\\src\\global\\utils\\__tests__\\Providers.test.tsx:307:13)\n    at Promise.finally.completed (C:\\Users\\leovp\\Programming\\adorador\\adorador-frontend\\node_modules\\jest-circus\\build\\jestAdapterInit.js:1557:28)\n    at new Promise (<anonymous>)\n    at callAsyncCircusFn (C:\\Users\\leovp\\Programming\\adorador\\adorador-frontend\\node_modules\\jest-circus\\build\\jestAdapterInit.js:1497:10)\n    at _callCircusTest (C:\\Users\\leovp\\Programming\\adorador\\adorador-frontend\\node_modules\\jest-circus\\build\\jestAdapterInit.js:1007:40)\n    at processTicksAndRejections (node:internal/process/task_queues:95:5)\n    at _runTest (C:\\Users\\leovp\\Programming\\adorador\\adorador-frontend\\node_modules\\jest-circus\\build\\jestAdapterInit.js:947:3)\n    at C:\\Users\\leovp\\Programming\\adorador\\adorador-frontend\\node_modules\\jest-circus\\build\\jestAdapterInit.js:849:7\n    at _runTestsForDescribeBlock (C:\\Users\\leovp\\Programming\\adorador\\adorador-frontend\\node_modules\\jest-circus\\build\\jestAdapterInit.js:862:11)\n    at _runTestsForDescribeBlock (C:\\Users\\leovp\\Programming\\adorador\\adorador-frontend\\node_modules\\jest-circus\\build\\jestAdapterInit.js:857:11)\n    at _runTestsForDescribeBlock (C:\\Users\\leovp\\Programming\\adorador\\adorador-frontend\\node_modules\\jest-circus\\build\\jestAdapterInit.js:857:11)\n    at run (C:\\Users\\leovp\\Programming\\adorador\\adorador-frontend\\node_modules\\jest-circus\\build\\jestAdapterInit.js:761:3)\n    at runAndTransformResultsToJestFormat (C:\\Users\\leovp\\Programming\\adorador\\adorador-frontend\\node_modules\\jest-circus\\build\\jestAdapterInit.js:1918:21)\n    at jestAdapter (C:\\Users\\leovp\\Programming\\adorador\\adorador-frontend\\node_modules\\jest-circus\\build\\runner.js:101:19)\n    at runTestInternal (C:\\Users\\leovp\\Programming\\adorador\\adorador-frontend\\node_modules\\jest-runner\\build\\testWorker.js:277:16)\n    at runTest (C:\\Users\\leovp\\Programming\\adorador\\adorador-frontend\\node_modules\\jest-runner\\build\\testWorker.js:345:7)\n    at Object.worker (C:\\Users\\leovp\\Programming\\adorador\\adorador-frontend\\node_modules\\jest-runner\\build\\testWorker.js:499:12)"],"fullName":"Providers Component Children rendering should render single child","invocations":1,"location":null,"numPassingAsserts":0,"retryReasons":[],"startAt":1763189491799,"status":"failed","title":"should render single child"},{"ancestorTitles":["Providers Component","Children rendering"],"duration":88,"failing":false,"failureDetails":[{}],"failureMessages":["Error: No QueryClient set, use QueryClientProvider to set one\n    at useQueryClient (C:\\Users\\leovp\\Programming\\adorador\\adorador-frontend\\node_modules\\@tanstack\\react-query\\src\\QueryClientProvider.tsx:18:11)\n    at useNotificationListeners (C:\\Users\\leovp\\Programming\\adorador\\adorador-frontend\\src\\global\\hooks\\useNotificationListeners.tsx:16:37)\n    at WebSocketManager (C:\\Users\\leovp\\Programming\\adorador\\adorador-frontend\\src\\global\\utils\\Providers.tsx:22:27)\n    at renderWithHooks (C:\\Users\\leovp\\Programming\\adorador\\adorador-frontend\\node_modules\\react-dom\\cjs\\react-dom.development.js:15486:18)\n    at mountIndeterminateComponent (C:\\Users\\leovp\\Programming\\adorador\\adorador-frontend\\node_modules\\react-dom\\cjs\\react-dom.development.js:20103:13)\n    at beginWork (C:\\Users\\leovp\\Programming\\adorador\\adorador-frontend\\node_modules\\react-dom\\cjs\\react-dom.development.js:21626:16)\n    at beginWork$1 (C:\\Users\\leovp\\Programming\\adorador\\adorador-frontend\\node_modules\\react-dom\\cjs\\react-dom.development.js:27465:14)\n    at performUnitOfWork (C:\\Users\\leovp\\Programming\\adorador\\adorador-frontend\\node_modules\\react-dom\\cjs\\react-dom.development.js:26599:12)\n    at workLoopSync (C:\\Users\\leovp\\Programming\\adorador\\adorador-frontend\\node_modules\\react-dom\\cjs\\react-dom.development.js:26505:5)\n    at renderRootSync (C:\\Users\\leovp\\Programming\\adorador\\adorador-frontend\\node_modules\\react-dom\\cjs\\react-dom.development.js:26473:7)\n    at recoverFromConcurrentError (C:\\Users\\leovp\\Programming\\adorador\\adorador-frontend\\node_modules\\react-dom\\cjs\\react-dom.development.js:25889:20)\n    at performConcurrentWorkOnRoot (C:\\Users\\leovp\\Programming\\adorador\\adorador-frontend\\node_modules\\react-dom\\cjs\\react-dom.development.js:25789:22)\n    at flushActQueue (C:\\Users\\leovp\\Programming\\adorador\\adorador-frontend\\node_modules\\react\\cjs\\react.development.js:2667:24)\n    at act (C:\\Users\\leovp\\Programming\\adorador\\adorador-frontend\\node_modules\\react\\cjs\\react.development.js:2582:11)\n    at C:\\Users\\leovp\\Programming\\adorador\\adorador-frontend\\node_modules\\@testing-library\\react\\dist\\act-compat.js:47:25\n    at renderRoot (C:\\Users\\leovp\\Programming\\adorador\\adorador-frontend\\node_modules\\@testing-library\\react\\dist\\pure.js:190:26)\n    at render (C:\\Users\\leovp\\Programming\\adorador\\adorador-frontend\\node_modules\\@testing-library\\react\\dist\\pure.js:292:10)\n    at Object.<anonymous> (C:\\Users\\leovp\\Programming\\adorador\\adorador-frontend\\src\\global\\utils\\__tests__\\Providers.test.tsx:317:13)\n    at Promise.finally.completed (C:\\Users\\leovp\\Programming\\adorador\\adorador-frontend\\node_modules\\jest-circus\\build\\jestAdapterInit.js:1557:28)\n    at new Promise (<anonymous>)\n    at callAsyncCircusFn (C:\\Users\\leovp\\Programming\\adorador\\adorador-frontend\\node_modules\\jest-circus\\build\\jestAdapterInit.js:1497:10)\n    at _callCircusTest (C:\\Users\\leovp\\Programming\\adorador\\adorador-frontend\\node_modules\\jest-circus\\build\\jestAdapterInit.js:1007:40)\n    at processTicksAndRejections (node:internal/process/task_queues:95:5)\n    at _runTest (C:\\Users\\leovp\\Programming\\adorador\\adorador-frontend\\node_modules\\jest-circus\\build\\jestAdapterInit.js:947:3)\n    at C:\\Users\\leovp\\Programming\\adorador\\adorador-frontend\\node_modules\\jest-circus\\build\\jestAdapterInit.js:849:7\n    at _runTestsForDescribeBlock (C:\\Users\\leovp\\Programming\\adorador\\adorador-frontend\\node_modules\\jest-circus\\build\\jestAdapterInit.js:862:11)\n    at _runTestsForDescribeBlock (C:\\Users\\leovp\\Programming\\adorador\\adorador-frontend\\node_modules\\jest-circus\\build\\jestAdapterInit.js:857:11)\n    at _runTestsForDescribeBlock (C:\\Users\\leovp\\Programming\\adorador\\adorador-frontend\\node_modules\\jest-circus\\build\\jestAdapterInit.js:857:11)\n    at run (C:\\Users\\leovp\\Programming\\adorador\\adorador-frontend\\node_modules\\jest-circus\\build\\jestAdapterInit.js:761:3)\n    at runAndTransformResultsToJestFormat (C:\\Users\\leovp\\Programming\\adorador\\adorador-frontend\\node_modules\\jest-circus\\build\\jestAdapterInit.js:1918:21)\n    at jestAdapter (C:\\Users\\leovp\\Programming\\adorador\\adorador-frontend\\node_modules\\jest-circus\\build\\runner.js:101:19)\n    at runTestInternal (C:\\Users\\leovp\\Programming\\adorador\\adorador-frontend\\node_modules\\jest-runner\\build\\testWorker.js:277:16)\n    at runTest (C:\\Users\\leovp\\Programming\\adorador\\adorador-frontend\\node_modules\\jest-runner\\build\\testWorker.js:345:7)\n    at Object.worker (C:\\Users\\leovp\\Programming\\adorador\\adorador-frontend\\node_modules\\jest-runner\\build\\testWorker.js:499:12)"],"fullName":"Providers Component Children rendering should render multiple children","invocations":1,"location":null,"numPassingAsserts":0,"retryReasons":[],"startAt":1763189491849,"status":"failed","title":"should render multiple children"},{"ancestorTitles":["Providers Component","Children rendering"],"duration":71,"failing":false,"failureDetails":[{}],"failureMessages":["Error: No QueryClient set, use QueryClientProvider to set one\n    at useQueryClient (C:\\Users\\leovp\\Programming\\adorador\\adorador-frontend\\node_modules\\@tanstack\\react-query\\src\\QueryClientProvider.tsx:18:11)\n    at useNotificationListeners (C:\\Users\\leovp\\Programming\\adorador\\adorador-frontend\\src\\global\\hooks\\useNotificationListeners.tsx:16:37)\n    at WebSocketManager (C:\\Users\\leovp\\Programming\\adorador\\adorador-frontend\\src\\global\\utils\\Providers.tsx:22:27)\n    at renderWithHooks (C:\\Users\\leovp\\Programming\\adorador\\adorador-frontend\\node_modules\\react-dom\\cjs\\react-dom.development.js:15486:18)\n    at mountIndeterminateComponent (C:\\Users\\leovp\\Programming\\adorador\\adorador-frontend\\node_modules\\react-dom\\cjs\\react-dom.development.js:20103:13)\n    at beginWork (C:\\Users\\leovp\\Programming\\adorador\\adorador-frontend\\node_modules\\react-dom\\cjs\\react-dom.development.js:21626:16)\n    at beginWork$1 (C:\\Users\\leovp\\Programming\\adorador\\adorador-frontend\\node_modules\\react-dom\\cjs\\react-dom.development.js:27465:14)\n    at performUnitOfWork (C:\\Users\\leovp\\Programming\\adorador\\adorador-frontend\\node_modules\\react-dom\\cjs\\react-dom.development.js:26599:12)\n    at workLoopSync (C:\\Users\\leovp\\Programming\\adorador\\adorador-frontend\\node_modules\\react-dom\\cjs\\react-dom.development.js:26505:5)\n    at renderRootSync (C:\\Users\\leovp\\Programming\\adorador\\adorador-frontend\\node_modules\\react-dom\\cjs\\react-dom.development.js:26473:7)\n    at recoverFromConcurrentError (C:\\Users\\leovp\\Programming\\adorador\\adorador-frontend\\node_modules\\react-dom\\cjs\\react-dom.development.js:25889:20)\n    at performConcurrentWorkOnRoot (C:\\Users\\leovp\\Programming\\adorador\\adorador-frontend\\node_modules\\react-dom\\cjs\\react-dom.development.js:25789:22)\n    at flushActQueue (C:\\Users\\leovp\\Programming\\adorador\\adorador-frontend\\node_modules\\react\\cjs\\react.development.js:2667:24)\n    at act (C:\\Users\\leovp\\Programming\\adorador\\adorador-frontend\\node_modules\\react\\cjs\\react.development.js:2582:11)\n    at C:\\Users\\leovp\\Programming\\adorador\\adorador-frontend\\node_modules\\@testing-library\\react\\dist\\act-compat.js:47:25\n    at renderRoot (C:\\Users\\leovp\\Programming\\adorador\\adorador-frontend\\node_modules\\@testing-library\\react\\dist\\pure.js:190:26)\n    at render (C:\\Users\\leovp\\Programming\\adorador\\adorador-frontend\\node_modules\\@testing-library\\react\\dist\\pure.js:292:10)\n    at Object.<anonymous> (C:\\Users\\leovp\\Programming\\adorador\\adorador-frontend\\src\\global\\utils\\__tests__\\Providers.test.tsx:341:13)\n    at Promise.finally.completed (C:\\Users\\leovp\\Programming\\adorador\\adorador-frontend\\node_modules\\jest-circus\\build\\jestAdapterInit.js:1557:28)\n    at new Promise (<anonymous>)\n    at callAsyncCircusFn (C:\\Users\\leovp\\Programming\\adorador\\adorador-frontend\\node_modules\\jest-circus\\build\\jestAdapterInit.js:1497:10)\n    at _callCircusTest (C:\\Users\\leovp\\Programming\\adorador\\adorador-frontend\\node_modules\\jest-circus\\build\\jestAdapterInit.js:1007:40)\n    at processTicksAndRejections (node:internal/process/task_queues:95:5)\n    at _runTest (C:\\Users\\leovp\\Programming\\adorador\\adorador-frontend\\node_modules\\jest-circus\\build\\jestAdapterInit.js:947:3)\n    at C:\\Users\\leovp\\Programming\\adorador\\adorador-frontend\\node_modules\\jest-circus\\build\\jestAdapterInit.js:849:7\n    at _runTestsForDescribeBlock (C:\\Users\\leovp\\Programming\\adorador\\adorador-frontend\\node_modules\\jest-circus\\build\\jestAdapterInit.js:862:11)\n    at _runTestsForDescribeBlock (C:\\Users\\leovp\\Programming\\adorador\\adorador-frontend\\node_modules\\jest-circus\\build\\jestAdapterInit.js:857:11)\n    at _runTestsForDescribeBlock (C:\\Users\\leovp\\Programming\\adorador\\adorador-frontend\\node_modules\\jest-circus\\build\\jestAdapterInit.js:857:11)\n    at run (C:\\Users\\leovp\\Programming\\adorador\\adorador-frontend\\node_modules\\jest-circus\\build\\jestAdapterInit.js:761:3)\n    at runAndTransformResultsToJestFormat (C:\\Users\\leovp\\Programming\\adorador\\adorador-frontend\\node_modules\\jest-circus\\build\\jestAdapterInit.js:1918:21)\n    at jestAdapter (C:\\Users\\leovp\\Programming\\adorador\\adorador-frontend\\node_modules\\jest-circus\\build\\runner.js:101:19)\n    at runTestInternal (C:\\Users\\leovp\\Programming\\adorador\\adorador-frontend\\node_modules\\jest-runner\\build\\testWorker.js:277:16)\n    at runTest (C:\\Users\\leovp\\Programming\\adorador\\adorador-frontend\\node_modules\\jest-runner\\build\\testWorker.js:345:7)\n    at Object.worker (C:\\Users\\leovp\\Programming\\adorador\\adorador-frontend\\node_modules\\jest-runner\\build\\testWorker.js:499:12)"],"fullName":"Providers Component Children rendering should render complex component tree","invocations":1,"location":null,"numPassingAsserts":0,"retryReasons":[],"startAt":1763189491940,"status":"failed","title":"should render complex component tree"},{"ancestorTitles":["Providers Component","Children rendering"],"duration":56,"failing":false,"failureDetails":[{}],"failureMessages":["Error: No QueryClient set, use QueryClientProvider to set one\n    at useQueryClient (C:\\Users\\leovp\\Programming\\adorador\\adorador-frontend\\node_modules\\@tanstack\\react-query\\src\\QueryClientProvider.tsx:18:11)\n    at useNotificationListeners (C:\\Users\\leovp\\Programming\\adorador\\adorador-frontend\\src\\global\\hooks\\useNotificationListeners.tsx:16:37)\n    at WebSocketManager (C:\\Users\\leovp\\Programming\\adorador\\adorador-frontend\\src\\global\\utils\\Providers.tsx:22:27)\n    at renderWithHooks (C:\\Users\\leovp\\Programming\\adorador\\adorador-frontend\\node_modules\\react-dom\\cjs\\react-dom.development.js:15486:18)\n    at mountIndeterminateComponent (C:\\Users\\leovp\\Programming\\adorador\\adorador-frontend\\node_modules\\react-dom\\cjs\\react-dom.development.js:20103:13)\n    at beginWork (C:\\Users\\leovp\\Programming\\adorador\\adorador-frontend\\node_modules\\react-dom\\cjs\\react-dom.development.js:21626:16)\n    at beginWork$1 (C:\\Users\\leovp\\Programming\\adorador\\adorador-frontend\\node_modules\\react-dom\\cjs\\react-dom.development.js:27465:14)\n    at performUnitOfWork (C:\\Users\\leovp\\Programming\\adorador\\adorador-frontend\\node_modules\\react-dom\\cjs\\react-dom.development.js:26599:12)\n    at workLoopSync (C:\\Users\\leovp\\Programming\\adorador\\adorador-frontend\\node_modules\\react-dom\\cjs\\react-dom.development.js:26505:5)\n    at renderRootSync (C:\\Users\\leovp\\Programming\\adorador\\adorador-frontend\\node_modules\\react-dom\\cjs\\react-dom.development.js:26473:7)\n    at recoverFromConcurrentError (C:\\Users\\leovp\\Programming\\adorador\\adorador-frontend\\node_modules\\react-dom\\cjs\\react-dom.development.js:25889:20)\n    at performConcurrentWorkOnRoot (C:\\Users\\leovp\\Programming\\adorador\\adorador-frontend\\node_modules\\react-dom\\cjs\\react-dom.development.js:25789:22)\n    at flushActQueue (C:\\Users\\leovp\\Programming\\adorador\\adorador-frontend\\node_modules\\react\\cjs\\react.development.js:2667:24)\n    at act (C:\\Users\\leovp\\Programming\\adorador\\adorador-frontend\\node_modules\\react\\cjs\\react.development.js:2582:11)\n    at C:\\Users\\leovp\\Programming\\adorador\\adorador-frontend\\node_modules\\@testing-library\\react\\dist\\act-compat.js:47:25\n    at renderRoot (C:\\Users\\leovp\\Programming\\adorador\\adorador-frontend\\node_modules\\@testing-library\\react\\dist\\pure.js:190:26)\n    at render (C:\\Users\\leovp\\Programming\\adorador\\adorador-frontend\\node_modules\\@testing-library\\react\\dist\\pure.js:292:10)\n    at Object.<anonymous> (C:\\Users\\leovp\\Programming\\adorador\\adorador-frontend\\src\\global\\utils\\__tests__\\Providers.test.tsx:353:13)\n    at Promise.finally.completed (C:\\Users\\leovp\\Programming\\adorador\\adorador-frontend\\node_modules\\jest-circus\\build\\jestAdapterInit.js:1557:28)\n    at new Promise (<anonymous>)\n    at callAsyncCircusFn (C:\\Users\\leovp\\Programming\\adorador\\adorador-frontend\\node_modules\\jest-circus\\build\\jestAdapterInit.js:1497:10)\n    at _callCircusTest (C:\\Users\\leovp\\Programming\\adorador\\adorador-frontend\\node_modules\\jest-circus\\build\\jestAdapterInit.js:1007:40)\n    at processTicksAndRejections (node:internal/process/task_queues:95:5)\n    at _runTest (C:\\Users\\leovp\\Programming\\adorador\\adorador-frontend\\node_modules\\jest-circus\\build\\jestAdapterInit.js:947:3)\n    at C:\\Users\\leovp\\Programming\\adorador\\adorador-frontend\\node_modules\\jest-circus\\build\\jestAdapterInit.js:849:7\n    at _runTestsForDescribeBlock (C:\\Users\\leovp\\Programming\\adorador\\adorador-frontend\\node_modules\\jest-circus\\build\\jestAdapterInit.js:862:11)\n    at _runTestsForDescribeBlock (C:\\Users\\leovp\\Programming\\adorador\\adorador-frontend\\node_modules\\jest-circus\\build\\jestAdapterInit.js:857:11)\n    at _runTestsForDescribeBlock (C:\\Users\\leovp\\Programming\\adorador\\adorador-frontend\\node_modules\\jest-circus\\build\\jestAdapterInit.js:857:11)\n    at run (C:\\Users\\leovp\\Programming\\adorador\\adorador-frontend\\node_modules\\jest-circus\\build\\jestAdapterInit.js:761:3)\n    at runAndTransformResultsToJestFormat (C:\\Users\\leovp\\Programming\\adorador\\adorador-frontend\\node_modules\\jest-circus\\build\\jestAdapterInit.js:1918:21)\n    at jestAdapter (C:\\Users\\leovp\\Programming\\adorador\\adorador-frontend\\node_modules\\jest-circus\\build\\runner.js:101:19)\n    at runTestInternal (C:\\Users\\leovp\\Programming\\adorador\\adorador-frontend\\node_modules\\jest-runner\\build\\testWorker.js:277:16)\n    at runTest (C:\\Users\\leovp\\Programming\\adorador\\adorador-frontend\\node_modules\\jest-runner\\build\\testWorker.js:345:7)\n    at Object.worker (C:\\Users\\leovp\\Programming\\adorador\\adorador-frontend\\node_modules\\jest-runner\\build\\testWorker.js:499:12)"],"fullName":"Providers Component Children rendering should handle fragment children","invocations":1,"location":null,"numPassingAsserts":0,"retryReasons":[],"startAt":1763189492014,"status":"failed","title":"should handle fragment children"},{"ancestorTitles":["Providers Component","Children rendering"],"duration":37,"failing":false,"failureDetails":[{}],"failureMessages":["Error: No QueryClient set, use QueryClientProvider to set one\n    at useQueryClient (C:\\Users\\leovp\\Programming\\adorador\\adorador-frontend\\node_modules\\@tanstack\\react-query\\src\\QueryClientProvider.tsx:18:11)\n    at useNotificationListeners (C:\\Users\\leovp\\Programming\\adorador\\adorador-frontend\\src\\global\\hooks\\useNotificationListeners.tsx:16:37)\n    at WebSocketManager (C:\\Users\\leovp\\Programming\\adorador\\adorador-frontend\\src\\global\\utils\\Providers.tsx:22:27)\n    at renderWithHooks (C:\\Users\\leovp\\Programming\\adorador\\adorador-frontend\\node_modules\\react-dom\\cjs\\react-dom.development.js:15486:18)\n    at mountIndeterminateComponent (C:\\Users\\leovp\\Programming\\adorador\\adorador-frontend\\node_modules\\react-dom\\cjs\\react-dom.development.js:20103:13)\n    at beginWork (C:\\Users\\leovp\\Programming\\adorador\\adorador-frontend\\node_modules\\react-dom\\cjs\\react-dom.development.js:21626:16)\n    at beginWork$1 (C:\\Users\\leovp\\Programming\\adorador\\adorador-frontend\\node_modules\\react-dom\\cjs\\react-dom.development.js:27465:14)\n    at performUnitOfWork (C:\\Users\\leovp\\Programming\\adorador\\adorador-frontend\\node_modules\\react-dom\\cjs\\react-dom.development.js:26599:12)\n    at workLoopSync (C:\\Users\\leovp\\Programming\\adorador\\adorador-frontend\\node_modules\\react-dom\\cjs\\react-dom.development.js:26505:5)\n    at renderRootSync (C:\\Users\\leovp\\Programming\\adorador\\adorador-frontend\\node_modules\\react-dom\\cjs\\react-dom.development.js:26473:7)\n    at recoverFromConcurrentError (C:\\Users\\leovp\\Programming\\adorador\\adorador-frontend\\node_modules\\react-dom\\cjs\\react-dom.development.js:25889:20)\n    at performConcurrentWorkOnRoot (C:\\Users\\leovp\\Programming\\adorador\\adorador-frontend\\node_modules\\react-dom\\cjs\\react-dom.development.js:25789:22)\n    at flushActQueue (C:\\Users\\leovp\\Programming\\adorador\\adorador-frontend\\node_modules\\react\\cjs\\react.development.js:2667:24)\n    at act (C:\\Users\\leovp\\Programming\\adorador\\adorador-frontend\\node_modules\\react\\cjs\\react.development.js:2582:11)\n    at C:\\Users\\leovp\\Programming\\adorador\\adorador-frontend\\node_modules\\@testing-library\\react\\dist\\act-compat.js:47:25\n    at renderRoot (C:\\Users\\leovp\\Programming\\adorador\\adorador-frontend\\node_modules\\@testing-library\\react\\dist\\pure.js:190:26)\n    at render (C:\\Users\\leovp\\Programming\\adorador\\adorador-frontend\\node_modules\\@testing-library\\react\\dist\\pure.js:292:10)\n    at Object.<anonymous> (C:\\Users\\leovp\\Programming\\adorador\\adorador-frontend\\src\\global\\utils\\__tests__\\Providers.test.tsx:367:35)\n    at Promise.finally.completed (C:\\Users\\leovp\\Programming\\adorador\\adorador-frontend\\node_modules\\jest-circus\\build\\jestAdapterInit.js:1557:28)\n    at new Promise (<anonymous>)\n    at callAsyncCircusFn (C:\\Users\\leovp\\Programming\\adorador\\adorador-frontend\\node_modules\\jest-circus\\build\\jestAdapterInit.js:1497:10)\n    at _callCircusTest (C:\\Users\\leovp\\Programming\\adorador\\adorador-frontend\\node_modules\\jest-circus\\build\\jestAdapterInit.js:1007:40)\n    at processTicksAndRejections (node:internal/process/task_queues:95:5)\n    at _runTest (C:\\Users\\leovp\\Programming\\adorador\\adorador-frontend\\node_modules\\jest-circus\\build\\jestAdapterInit.js:947:3)\n    at C:\\Users\\leovp\\Programming\\adorador\\adorador-frontend\\node_modules\\jest-circus\\build\\jestAdapterInit.js:849:7\n    at _runTestsForDescribeBlock (C:\\Users\\leovp\\Programming\\adorador\\adorador-frontend\\node_modules\\jest-circus\\build\\jestAdapterInit.js:862:11)\n    at _runTestsForDescribeBlock (C:\\Users\\leovp\\Programming\\adorador\\adorador-frontend\\node_modules\\jest-circus\\build\\jestAdapterInit.js:857:11)\n    at _runTestsForDescribeBlock (C:\\Users\\leovp\\Programming\\adorador\\adorador-frontend\\node_modules\\jest-circus\\build\\jestAdapterInit.js:857:11)\n    at run (C:\\Users\\leovp\\Programming\\adorador\\adorador-frontend\\node_modules\\jest-circus\\build\\jestAdapterInit.js:761:3)\n    at runAndTransformResultsToJestFormat (C:\\Users\\leovp\\Programming\\adorador\\adorador-frontend\\node_modules\\jest-circus\\build\\jestAdapterInit.js:1918:21)\n    at jestAdapter (C:\\Users\\leovp\\Programming\\adorador\\adorador-frontend\\node_modules\\jest-circus\\build\\runner.js:101:19)\n    at runTestInternal (C:\\Users\\leovp\\Programming\\adorador\\adorador-frontend\\node_modules\\jest-runner\\build\\testWorker.js:277:16)\n    at runTest (C:\\Users\\leovp\\Programming\\adorador\\adorador-frontend\\node_modules\\jest-runner\\build\\testWorker.js:345:7)\n    at Object.worker (C:\\Users\\leovp\\Programming\\adorador\\adorador-frontend\\node_modules\\jest-runner\\build\\testWorker.js:499:12)"],"fullName":"Providers Component Children rendering should handle null children","invocations":1,"location":null,"numPassingAsserts":0,"retryReasons":[],"startAt":1763189492073,"status":"failed","title":"should handle null children"},{"ancestorTitles":["Providers Component","QueryClient configuration"],"duration":36,"failing":false,"failureDetails":[{}],"failureMessages":["Error: No QueryClient set, use QueryClientProvider to set one\n    at useQueryClient (C:\\Users\\leovp\\Programming\\adorador\\adorador-frontend\\node_modules\\@tanstack\\react-query\\src\\QueryClientProvider.tsx:18:11)\n    at useNotificationListeners (C:\\Users\\leovp\\Programming\\adorador\\adorador-frontend\\src\\global\\hooks\\useNotificationListeners.tsx:16:37)\n    at WebSocketManager (C:\\Users\\leovp\\Programming\\adorador\\adorador-frontend\\src\\global\\utils\\Providers.tsx:22:27)\n    at renderWithHooks (C:\\Users\\leovp\\Programming\\adorador\\adorador-frontend\\node_modules\\react-dom\\cjs\\react-dom.development.js:15486:18)\n    at mountIndeterminateComponent (C:\\Users\\leovp\\Programming\\adorador\\adorador-frontend\\node_modules\\react-dom\\cjs\\react-dom.development.js:20103:13)\n    at beginWork (C:\\Users\\leovp\\Programming\\adorador\\adorador-frontend\\node_modules\\react-dom\\cjs\\react-dom.development.js:21626:16)\n    at beginWork$1 (C:\\Users\\leovp\\Programming\\adorador\\adorador-frontend\\node_modules\\react-dom\\cjs\\react-dom.development.js:27465:14)\n    at performUnitOfWork (C:\\Users\\leovp\\Programming\\adorador\\adorador-frontend\\node_modules\\react-dom\\cjs\\react-dom.development.js:26599:12)\n    at workLoopSync (C:\\Users\\leovp\\Programming\\adorador\\adorador-frontend\\node_modules\\react-dom\\cjs\\react-dom.development.js:26505:5)\n    at renderRootSync (C:\\Users\\leovp\\Programming\\adorador\\adorador-frontend\\node_modules\\react-dom\\cjs\\react-dom.development.js:26473:7)\n    at recoverFromConcurrentError (C:\\Users\\leovp\\Programming\\adorador\\adorador-frontend\\node_modules\\react-dom\\cjs\\react-dom.development.js:25889:20)\n    at performConcurrentWorkOnRoot (C:\\Users\\leovp\\Programming\\adorador\\adorador-frontend\\node_modules\\react-dom\\cjs\\react-dom.development.js:25789:22)\n    at flushActQueue (C:\\Users\\leovp\\Programming\\adorador\\adorador-frontend\\node_modules\\react\\cjs\\react.development.js:2667:24)\n    at act (C:\\Users\\leovp\\Programming\\adorador\\adorador-frontend\\node_modules\\react\\cjs\\react.development.js:2582:11)\n    at C:\\Users\\leovp\\Programming\\adorador\\adorador-frontend\\node_modules\\@testing-library\\react\\dist\\act-compat.js:47:25\n    at renderRoot (C:\\Users\\leovp\\Programming\\adorador\\adorador-frontend\\node_modules\\@testing-library\\react\\dist\\pure.js:190:26)\n    at render (C:\\Users\\leovp\\Programming\\adorador\\adorador-frontend\\node_modules\\@testing-library\\react\\dist\\pure.js:292:10)\n    at Object.<anonymous> (C:\\Users\\leovp\\Programming\\adorador\\adorador-frontend\\src\\global\\utils\\__tests__\\Providers.test.tsx:380:13)\n    at Promise.finally.completed (C:\\Users\\leovp\\Programming\\adorador\\adorador-frontend\\node_modules\\jest-circus\\build\\jestAdapterInit.js:1557:28)\n    at new Promise (<anonymous>)\n    at callAsyncCircusFn (C:\\Users\\leovp\\Programming\\adorador\\adorador-frontend\\node_modules\\jest-circus\\build\\jestAdapterInit.js:1497:10)\n    at _callCircusTest (C:\\Users\\leovp\\Programming\\adorador\\adorador-frontend\\node_modules\\jest-circus\\build\\jestAdapterInit.js:1007:40)\n    at processTicksAndRejections (node:internal/process/task_queues:95:5)\n    at _runTest (C:\\Users\\leovp\\Programming\\adorador\\adorador-frontend\\node_modules\\jest-circus\\build\\jestAdapterInit.js:947:3)\n    at C:\\Users\\leovp\\Programming\\adorador\\adorador-frontend\\node_modules\\jest-circus\\build\\jestAdapterInit.js:849:7\n    at _runTestsForDescribeBlock (C:\\Users\\leovp\\Programming\\adorador\\adorador-frontend\\node_modules\\jest-circus\\build\\jestAdapterInit.js:862:11)\n    at _runTestsForDescribeBlock (C:\\Users\\leovp\\Programming\\adorador\\adorador-frontend\\node_modules\\jest-circus\\build\\jestAdapterInit.js:857:11)\n    at _runTestsForDescribeBlock (C:\\Users\\leovp\\Programming\\adorador\\adorador-frontend\\node_modules\\jest-circus\\build\\jestAdapterInit.js:857:11)\n    at run (C:\\Users\\leovp\\Programming\\adorador\\adorador-frontend\\node_modules\\jest-circus\\build\\jestAdapterInit.js:761:3)\n    at runAndTransformResultsToJestFormat (C:\\Users\\leovp\\Programming\\adorador\\adorador-frontend\\node_modules\\jest-circus\\build\\jestAdapterInit.js:1918:21)\n    at jestAdapter (C:\\Users\\leovp\\Programming\\adorador\\adorador-frontend\\node_modules\\jest-circus\\build\\runner.js:101:19)\n    at runTestInternal (C:\\Users\\leovp\\Programming\\adorador\\adorador-frontend\\node_modules\\jest-runner\\build\\testWorker.js:277:16)\n    at runTest (C:\\Users\\leovp\\Programming\\adorador\\adorador-frontend\\node_modules\\jest-runner\\build\\testWorker.js:345:7)\n    at Object.worker (C:\\Users\\leovp\\Programming\\adorador\\adorador-frontend\\node_modules\\jest-runner\\build\\testWorker.js:499:12)"],"fullName":"Providers Component QueryClient configuration should use QueryClient configured with correct options","invocations":1,"location":null,"numPassingAsserts":0,"retryReasons":[],"startAt":1763189492113,"status":"failed","title":"should use QueryClient configured with correct options"},{"ancestorTitles":["Providers Component","QueryClient configuration"],"duration":42,"failing":false,"failureDetails":[{}],"failureMessages":["Error: No QueryClient set, use QueryClientProvider to set one\n    at useQueryClient (C:\\Users\\leovp\\Programming\\adorador\\adorador-frontend\\node_modules\\@tanstack\\react-query\\src\\QueryClientProvider.tsx:18:11)\n    at useNotificationListeners (C:\\Users\\leovp\\Programming\\adorador\\adorador-frontend\\src\\global\\hooks\\useNotificationListeners.tsx:16:37)\n    at WebSocketManager (C:\\Users\\leovp\\Programming\\adorador\\adorador-frontend\\src\\global\\utils\\Providers.tsx:22:27)\n    at renderWithHooks (C:\\Users\\leovp\\Programming\\adorador\\adorador-frontend\\node_modules\\react-dom\\cjs\\react-dom.development.js:15486:18)\n    at mountIndeterminateComponent (C:\\Users\\leovp\\Programming\\adorador\\adorador-frontend\\node_modules\\react-dom\\cjs\\react-dom.development.js:20103:13)\n    at beginWork (C:\\Users\\leovp\\Programming\\adorador\\adorador-frontend\\node_modules\\react-dom\\cjs\\react-dom.development.js:21626:16)\n    at beginWork$1 (C:\\Users\\leovp\\Programming\\adorador\\adorador-frontend\\node_modules\\react-dom\\cjs\\react-dom.development.js:27465:14)\n    at performUnitOfWork (C:\\Users\\leovp\\Programming\\adorador\\adorador-frontend\\node_modules\\react-dom\\cjs\\react-dom.development.js:26599:12)\n    at workLoopSync (C:\\Users\\leovp\\Programming\\adorador\\adorador-frontend\\node_modules\\react-dom\\cjs\\react-dom.development.js:26505:5)\n    at renderRootSync (C:\\Users\\leovp\\Programming\\adorador\\adorador-frontend\\node_modules\\react-dom\\cjs\\react-dom.development.js:26473:7)\n    at recoverFromConcurrentError (C:\\Users\\leovp\\Programming\\adorador\\adorador-frontend\\node_modules\\react-dom\\cjs\\react-dom.development.js:25889:20)\n    at performConcurrentWorkOnRoot (C:\\Users\\leovp\\Programming\\adorador\\adorador-frontend\\node_modules\\react-dom\\cjs\\react-dom.development.js:25789:22)\n    at flushActQueue (C:\\Users\\leovp\\Programming\\adorador\\adorador-frontend\\node_modules\\react\\cjs\\react.development.js:2667:24)\n    at act (C:\\Users\\leovp\\Programming\\adorador\\adorador-frontend\\node_modules\\react\\cjs\\react.development.js:2582:11)\n    at C:\\Users\\leovp\\Programming\\adorador\\adorador-frontend\\node_modules\\@testing-library\\react\\dist\\act-compat.js:47:25\n    at renderRoot (C:\\Users\\leovp\\Programming\\adorador\\adorador-frontend\\node_modules\\@testing-library\\react\\dist\\pure.js:190:26)\n    at render (C:\\Users\\leovp\\Programming\\adorador\\adorador-frontend\\node_modules\\@testing-library\\react\\dist\\pure.js:292:10)\n    at Object.<anonymous> (C:\\Users\\leovp\\Programming\\adorador\\adorador-frontend\\src\\global\\utils\\__tests__\\Providers.test.tsx:398:43)\n    at Promise.finally.completed (C:\\Users\\leovp\\Programming\\adorador\\adorador-frontend\\node_modules\\jest-circus\\build\\jestAdapterInit.js:1557:28)\n    at new Promise (<anonymous>)\n    at callAsyncCircusFn (C:\\Users\\leovp\\Programming\\adorador\\adorador-frontend\\node_modules\\jest-circus\\build\\jestAdapterInit.js:1497:10)\n    at _callCircusTest (C:\\Users\\leovp\\Programming\\adorador\\adorador-frontend\\node_modules\\jest-circus\\build\\jestAdapterInit.js:1007:40)\n    at processTicksAndRejections (node:internal/process/task_queues:95:5)\n    at _runTest (C:\\Users\\leovp\\Programming\\adorador\\adorador-frontend\\node_modules\\jest-circus\\build\\jestAdapterInit.js:947:3)\n    at C:\\Users\\leovp\\Programming\\adorador\\adorador-frontend\\node_modules\\jest-circus\\build\\jestAdapterInit.js:849:7\n    at _runTestsForDescribeBlock (C:\\Users\\leovp\\Programming\\adorador\\adorador-frontend\\node_modules\\jest-circus\\build\\jestAdapterInit.js:862:11)\n    at _runTestsForDescribeBlock (C:\\Users\\leovp\\Programming\\adorador\\adorador-frontend\\node_modules\\jest-circus\\build\\jestAdapterInit.js:857:11)\n    at _runTestsForDescribeBlock (C:\\Users\\leovp\\Programming\\adorador\\adorador-frontend\\node_modules\\jest-circus\\build\\jestAdapterInit.js:857:11)\n    at run (C:\\Users\\leovp\\Programming\\adorador\\adorador-frontend\\node_modules\\jest-circus\\build\\jestAdapterInit.js:761:3)\n    at runAndTransformResultsToJestFormat (C:\\Users\\leovp\\Programming\\adorador\\adorador-frontend\\node_modules\\jest-circus\\build\\jestAdapterInit.js:1918:21)\n    at jestAdapter (C:\\Users\\leovp\\Programming\\adorador\\adorador-frontend\\node_modules\\jest-circus\\build\\runner.js:101:19)\n    at runTestInternal (C:\\Users\\leovp\\Programming\\adorador\\adorador-frontend\\node_modules\\jest-runner\\build\\testWorker.js:277:16)\n    at runTest (C:\\Users\\leovp\\Programming\\adorador\\adorador-frontend\\node_modules\\jest-runner\\build\\testWorker.js:345:7)\n    at Object.worker (C:\\Users\\leovp\\Programming\\adorador\\adorador-frontend\\node_modules\\jest-runner\\build\\testWorker.js:499:12)"],"fullName":"Providers Component QueryClient configuration should use a single shared QueryClient instance","invocations":1,"location":null,"numPassingAsserts":0,"retryReasons":[],"startAt":1763189492155,"status":"failed","title":"should use a single shared QueryClient instance"},{"ancestorTitles":["Providers Component","Integration tests"],"duration":50,"failing":false,"failureDetails":[{}],"failureMessages":["Error: No QueryClient set, use QueryClientProvider to set one\n    at useQueryClient (C:\\Users\\leovp\\Programming\\adorador\\adorador-frontend\\node_modules\\@tanstack\\react-query\\src\\QueryClientProvider.tsx:18:11)\n    at useNotificationListeners (C:\\Users\\leovp\\Programming\\adorador\\adorador-frontend\\src\\global\\hooks\\useNotificationListeners.tsx:16:37)\n    at WebSocketManager (C:\\Users\\leovp\\Programming\\adorador\\adorador-frontend\\src\\global\\utils\\Providers.tsx:22:27)\n    at renderWithHooks (C:\\Users\\leovp\\Programming\\adorador\\adorador-frontend\\node_modules\\react-dom\\cjs\\react-dom.development.js:15486:18)\n    at mountIndeterminateComponent (C:\\Users\\leovp\\Programming\\adorador\\adorador-frontend\\node_modules\\react-dom\\cjs\\react-dom.development.js:20103:13)\n    at beginWork (C:\\Users\\leovp\\Programming\\adorador\\adorador-frontend\\node_modules\\react-dom\\cjs\\react-dom.development.js:21626:16)\n    at beginWork$1 (C:\\Users\\leovp\\Programming\\adorador\\adorador-frontend\\node_modules\\react-dom\\cjs\\react-dom.development.js:27465:14)\n    at performUnitOfWork (C:\\Users\\leovp\\Programming\\adorador\\adorador-frontend\\node_modules\\react-dom\\cjs\\react-dom.development.js:26599:12)\n    at workLoopSync (C:\\Users\\leovp\\Programming\\adorador\\adorador-frontend\\node_modules\\react-dom\\cjs\\react-dom.development.js:26505:5)\n    at renderRootSync (C:\\Users\\leovp\\Programming\\adorador\\adorador-frontend\\node_modules\\react-dom\\cjs\\react-dom.development.js:26473:7)\n    at recoverFromConcurrentError (C:\\Users\\leovp\\Programming\\adorador\\adorador-frontend\\node_modules\\react-dom\\cjs\\react-dom.development.js:25889:20)\n    at performConcurrentWorkOnRoot (C:\\Users\\leovp\\Programming\\adorador\\adorador-frontend\\node_modules\\react-dom\\cjs\\react-dom.development.js:25789:22)\n    at flushActQueue (C:\\Users\\leovp\\Programming\\adorador\\adorador-frontend\\node_modules\\react\\cjs\\react.development.js:2667:24)\n    at act (C:\\Users\\leovp\\Programming\\adorador\\adorador-frontend\\node_modules\\react\\cjs\\react.development.js:2582:11)\n    at C:\\Users\\leovp\\Programming\\adorador\\adorador-frontend\\node_modules\\@testing-library\\react\\dist\\act-compat.js:47:25\n    at renderRoot (C:\\Users\\leovp\\Programming\\adorador\\adorador-frontend\\node_modules\\@testing-library\\react\\dist\\pure.js:190:26)\n    at render (C:\\Users\\leovp\\Programming\\adorador\\adorador-frontend\\node_modules\\@testing-library\\react\\dist\\pure.js:292:10)\n    at Object.<anonymous> (C:\\Users\\leovp\\Programming\\adorador\\adorador-frontend\\src\\global\\utils\\__tests__\\Providers.test.tsx:424:13)\n    at Promise.finally.completed (C:\\Users\\leovp\\Programming\\adorador\\adorador-frontend\\node_modules\\jest-circus\\build\\jestAdapterInit.js:1557:28)\n    at new Promise (<anonymous>)\n    at callAsyncCircusFn (C:\\Users\\leovp\\Programming\\adorador\\adorador-frontend\\node_modules\\jest-circus\\build\\jestAdapterInit.js:1497:10)\n    at _callCircusTest (C:\\Users\\leovp\\Programming\\adorador\\adorador-frontend\\node_modules\\jest-circus\\build\\jestAdapterInit.js:1007:40)\n    at processTicksAndRejections (node:internal/process/task_queues:95:5)\n    at _runTest (C:\\Users\\leovp\\Programming\\adorador\\adorador-frontend\\node_modules\\jest-circus\\build\\jestAdapterInit.js:947:3)\n    at C:\\Users\\leovp\\Programming\\adorador\\adorador-frontend\\node_modules\\jest-circus\\build\\jestAdapterInit.js:849:7\n    at _runTestsForDescribeBlock (C:\\Users\\leovp\\Programming\\adorador\\adorador-frontend\\node_modules\\jest-circus\\build\\jestAdapterInit.js:862:11)\n    at _runTestsForDescribeBlock (C:\\Users\\leovp\\Programming\\adorador\\adorador-frontend\\node_modules\\jest-circus\\build\\jestAdapterInit.js:857:11)\n    at _runTestsForDescribeBlock (C:\\Users\\leovp\\Programming\\adorador\\adorador-frontend\\node_modules\\jest-circus\\build\\jestAdapterInit.js:857:11)\n    at run (C:\\Users\\leovp\\Programming\\adorador\\adorador-frontend\\node_modules\\jest-circus\\build\\jestAdapterInit.js:761:3)\n    at runAndTransformResultsToJestFormat (C:\\Users\\leovp\\Programming\\adorador\\adorador-frontend\\node_modules\\jest-circus\\build\\jestAdapterInit.js:1918:21)\n    at jestAdapter (C:\\Users\\leovp\\Programming\\adorador\\adorador-frontend\\node_modules\\jest-circus\\build\\runner.js:101:19)\n    at runTestInternal (C:\\Users\\leovp\\Programming\\adorador\\adorador-frontend\\node_modules\\jest-runner\\build\\testWorker.js:277:16)\n    at runTest (C:\\Users\\leovp\\Programming\\adorador\\adorador-frontend\\node_modules\\jest-runner\\build\\testWorker.js:345:7)\n    at Object.worker (C:\\Users\\leovp\\Programming\\adorador\\adorador-frontend\\node_modules\\jest-runner\\build\\testWorker.js:499:12)"],"fullName":"Providers Component Integration tests should initialize all providers and hooks in correct order","invocations":1,"location":null,"numPassingAsserts":0,"retryReasons":[],"startAt":1763189492199,"status":"failed","title":"should initialize all providers and hooks in correct order"},{"ancestorTitles":["Providers Component","Edge cases"],"duration":145,"failing":false,"failureDetails":[{}],"failureMessages":["Error: No QueryClient set, use QueryClientProvider to set one\n    at useQueryClient (C:\\Users\\leovp\\Programming\\adorador\\adorador-frontend\\node_modules\\@tanstack\\react-query\\src\\QueryClientProvider.tsx:18:11)\n    at useNotificationListeners (C:\\Users\\leovp\\Programming\\adorador\\adorador-frontend\\src\\global\\hooks\\useNotificationListeners.tsx:16:37)\n    at WebSocketManager (C:\\Users\\leovp\\Programming\\adorador\\adorador-frontend\\src\\global\\utils\\Providers.tsx:22:27)\n    at renderWithHooks (C:\\Users\\leovp\\Programming\\adorador\\adorador-frontend\\node_modules\\react-dom\\cjs\\react-dom.development.js:15486:18)\n    at mountIndeterminateComponent (C:\\Users\\leovp\\Programming\\adorador\\adorador-frontend\\node_modules\\react-dom\\cjs\\react-dom.development.js:20103:13)\n    at beginWork (C:\\Users\\leovp\\Programming\\adorador\\adorador-frontend\\node_modules\\react-dom\\cjs\\react-dom.development.js:21626:16)\n    at beginWork$1 (C:\\Users\\leovp\\Programming\\adorador\\adorador-frontend\\node_modules\\react-dom\\cjs\\react-dom.development.js:27465:14)\n    at performUnitOfWork (C:\\Users\\leovp\\Programming\\adorador\\adorador-frontend\\node_modules\\react-dom\\cjs\\react-dom.development.js:26599:12)\n    at workLoopSync (C:\\Users\\leovp\\Programming\\adorador\\adorador-frontend\\node_modules\\react-dom\\cjs\\react-dom.development.js:26505:5)\n    at renderRootSync (C:\\Users\\leovp\\Programming\\adorador\\adorador-frontend\\node_modules\\react-dom\\cjs\\react-dom.development.js:26473:7)\n    at recoverFromConcurrentError (C:\\Users\\leovp\\Programming\\adorador\\adorador-frontend\\node_modules\\react-dom\\cjs\\react-dom.development.js:25889:20)\n    at performConcurrentWorkOnRoot (C:\\Users\\leovp\\Programming\\adorador\\adorador-frontend\\node_modules\\react-dom\\cjs\\react-dom.development.js:25789:22)\n    at flushActQueue (C:\\Users\\leovp\\Programming\\adorador\\adorador-frontend\\node_modules\\react\\cjs\\react.development.js:2667:24)\n    at act (C:\\Users\\leovp\\Programming\\adorador\\adorador-frontend\\node_modules\\react\\cjs\\react.development.js:2582:11)\n    at C:\\Users\\leovp\\Programming\\adorador\\adorador-frontend\\node_modules\\@testing-library\\react\\dist\\act-compat.js:47:25\n    at renderRoot (C:\\Users\\leovp\\Programming\\adorador\\adorador-frontend\\node_modules\\@testing-library\\react\\dist\\pure.js:190:26)\n    at render (C:\\Users\\leovp\\Programming\\adorador\\adorador-frontend\\node_modules\\@testing-library\\react\\dist\\pure.js:292:10)\n    at Object.<anonymous> (C:\\Users\\leovp\\Programming\\adorador\\adorador-frontend\\src\\global\\utils\\__tests__\\Providers.test.tsx:455:34)\n    at Promise.finally.completed (C:\\Users\\leovp\\Programming\\adorador\\adorador-frontend\\node_modules\\jest-circus\\build\\jestAdapterInit.js:1557:28)\n    at new Promise (<anonymous>)\n    at callAsyncCircusFn (C:\\Users\\leovp\\Programming\\adorador\\adorador-frontend\\node_modules\\jest-circus\\build\\jestAdapterInit.js:1497:10)\n    at _callCircusTest (C:\\Users\\leovp\\Programming\\adorador\\adorador-frontend\\node_modules\\jest-circus\\build\\jestAdapterInit.js:1007:40)\n    at processTicksAndRejections (node:internal/process/task_queues:95:5)\n    at _runTest (C:\\Users\\leovp\\Programming\\adorador\\adorador-frontend\\node_modules\\jest-circus\\build\\jestAdapterInit.js:947:3)\n    at C:\\Users\\leovp\\Programming\\adorador\\adorador-frontend\\node_modules\\jest-circus\\build\\jestAdapterInit.js:849:7\n    at _runTestsForDescribeBlock (C:\\Users\\leovp\\Programming\\adorador\\adorador-frontend\\node_modules\\jest-circus\\build\\jestAdapterInit.js:862:11)\n    at _runTestsForDescribeBlock (C:\\Users\\leovp\\Programming\\adorador\\adorador-frontend\\node_modules\\jest-circus\\build\\jestAdapterInit.js:857:11)\n    at _runTestsForDescribeBlock (C:\\Users\\leovp\\Programming\\adorador\\adorador-frontend\\node_modules\\jest-circus\\build\\jestAdapterInit.js:857:11)\n    at run (C:\\Users\\leovp\\Programming\\adorador\\adorador-frontend\\node_modules\\jest-circus\\build\\jestAdapterInit.js:761:3)\n    at runAndTransformResultsToJestFormat (C:\\Users\\leovp\\Programming\\adorador\\adorador-frontend\\node_modules\\jest-circus\\build\\jestAdapterInit.js:1918:21)\n    at jestAdapter (C:\\Users\\leovp\\Programming\\adorador\\adorador-frontend\\node_modules\\jest-circus\\build\\runner.js:101:19)\n    at runTestInternal (C:\\Users\\leovp\\Programming\\adorador\\adorador-frontend\\node_modules\\jest-runner\\build\\testWorker.js:277:16)\n    at runTest (C:\\Users\\leovp\\Programming\\adorador\\adorador-frontend\\node_modules\\jest-runner\\build\\testWorker.js:345:7)\n    at Object.worker (C:\\Users\\leovp\\Programming\\adorador\\adorador-frontend\\node_modules\\jest-runner\\build\\testWorker.js:499:12)"],"fullName":"Providers Component Edge cases should handle rapid client state changes","invocations":1,"location":null,"numPassingAsserts":0,"retryReasons":[],"startAt":1763189492284,"status":"failed","title":"should handle rapid client state changes"},{"ancestorTitles":["Providers Component","Edge cases"],"duration":48,"failing":false,"failureDetails":[{}],"failureMessages":["Error: No QueryClient set, use QueryClientProvider to set one\n    at useQueryClient (C:\\Users\\leovp\\Programming\\adorador\\adorador-frontend\\node_modules\\@tanstack\\react-query\\src\\QueryClientProvider.tsx:18:11)\n    at useNotificationListeners (C:\\Users\\leovp\\Programming\\adorador\\adorador-frontend\\src\\global\\hooks\\useNotificationListeners.tsx:16:37)\n    at WebSocketManager (C:\\Users\\leovp\\Programming\\adorador\\adorador-frontend\\src\\global\\utils\\Providers.tsx:22:27)\n    at renderWithHooks (C:\\Users\\leovp\\Programming\\adorador\\adorador-frontend\\node_modules\\react-dom\\cjs\\react-dom.development.js:15486:18)\n    at mountIndeterminateComponent (C:\\Users\\leovp\\Programming\\adorador\\adorador-frontend\\node_modules\\react-dom\\cjs\\react-dom.development.js:20103:13)\n    at beginWork (C:\\Users\\leovp\\Programming\\adorador\\adorador-frontend\\node_modules\\react-dom\\cjs\\react-dom.development.js:21626:16)\n    at beginWork$1 (C:\\Users\\leovp\\Programming\\adorador\\adorador-frontend\\node_modules\\react-dom\\cjs\\react-dom.development.js:27465:14)\n    at performUnitOfWork (C:\\Users\\leovp\\Programming\\adorador\\adorador-frontend\\node_modules\\react-dom\\cjs\\react-dom.development.js:26599:12)\n    at workLoopSync (C:\\Users\\leovp\\Programming\\adorador\\adorador-frontend\\node_modules\\react-dom\\cjs\\react-dom.development.js:26505:5)\n    at renderRootSync (C:\\Users\\leovp\\Programming\\adorador\\adorador-frontend\\node_modules\\react-dom\\cjs\\react-dom.development.js:26473:7)\n    at recoverFromConcurrentError (C:\\Users\\leovp\\Programming\\adorador\\adorador-frontend\\node_modules\\react-dom\\cjs\\react-dom.development.js:25889:20)\n    at performConcurrentWorkOnRoot (C:\\Users\\leovp\\Programming\\adorador\\adorador-frontend\\node_modules\\react-dom\\cjs\\react-dom.development.js:25789:22)\n    at flushActQueue (C:\\Users\\leovp\\Programming\\adorador\\adorador-frontend\\node_modules\\react\\cjs\\react.development.js:2667:24)\n    at act (C:\\Users\\leovp\\Programming\\adorador\\adorador-frontend\\node_modules\\react\\cjs\\react.development.js:2582:11)\n    at C:\\Users\\leovp\\Programming\\adorador\\adorador-frontend\\node_modules\\@testing-library\\react\\dist\\act-compat.js:47:25\n    at renderRoot (C:\\Users\\leovp\\Programming\\adorador\\adorador-frontend\\node_modules\\@testing-library\\react\\dist\\pure.js:190:26)\n    at render (C:\\Users\\leovp\\Programming\\adorador\\adorador-frontend\\node_modules\\@testing-library\\react\\dist\\pure.js:292:10)\n    at Object.<anonymous> (C:\\Users\\leovp\\Programming\\adorador\\adorador-frontend\\src\\global\\utils\\__tests__\\Providers.test.tsx:488:33)\n    at Promise.finally.completed (C:\\Users\\leovp\\Programming\\adorador\\adorador-frontend\\node_modules\\jest-circus\\build\\jestAdapterInit.js:1557:28)\n    at new Promise (<anonymous>)\n    at callAsyncCircusFn (C:\\Users\\leovp\\Programming\\adorador\\adorador-frontend\\node_modules\\jest-circus\\build\\jestAdapterInit.js:1497:10)\n    at _callCircusTest (C:\\Users\\leovp\\Programming\\adorador\\adorador-frontend\\node_modules\\jest-circus\\build\\jestAdapterInit.js:1007:40)\n    at processTicksAndRejections (node:internal/process/task_queues:95:5)\n    at _runTest (C:\\Users\\leovp\\Programming\\adorador\\adorador-frontend\\node_modules\\jest-circus\\build\\jestAdapterInit.js:947:3)\n    at C:\\Users\\leovp\\Programming\\adorador\\adorador-frontend\\node_modules\\jest-circus\\build\\jestAdapterInit.js:849:7\n    at _runTestsForDescribeBlock (C:\\Users\\leovp\\Programming\\adorador\\adorador-frontend\\node_modules\\jest-circus\\build\\jestAdapterInit.js:862:11)\n    at _runTestsForDescribeBlock (C:\\Users\\leovp\\Programming\\adorador\\adorador-frontend\\node_modules\\jest-circus\\build\\jestAdapterInit.js:857:11)\n    at _runTestsForDescribeBlock (C:\\Users\\leovp\\Programming\\adorador\\adorador-frontend\\node_modules\\jest-circus\\build\\jestAdapterInit.js:857:11)\n    at run (C:\\Users\\leovp\\Programming\\adorador\\adorador-frontend\\node_modules\\jest-circus\\build\\jestAdapterInit.js:761:3)\n    at runAndTransformResultsToJestFormat (C:\\Users\\leovp\\Programming\\adorador\\adorador-frontend\\node_modules\\jest-circus\\build\\jestAdapterInit.js:1918:21)\n    at jestAdapter (C:\\Users\\leovp\\Programming\\adorador\\adorador-frontend\\node_modules\\jest-circus\\build\\runner.js:101:19)\n    at runTestInternal (C:\\Users\\leovp\\Programming\\adorador\\adorador-frontend\\node_modules\\jest-runner\\build\\testWorker.js:277:16)\n    at runTest (C:\\Users\\leovp\\Programming\\adorador\\adorador-frontend\\node_modules\\jest-runner\\build\\testWorker.js:345:7)\n    at Object.worker (C:\\Users\\leovp\\Programming\\adorador\\adorador-frontend\\node_modules\\jest-runner\\build\\testWorker.js:499:12)"],"fullName":"Providers Component Edge cases should clean up properly on unmount during initialization","invocations":1,"location":null,"numPassingAsserts":0,"retryReasons":[],"startAt":1763189492431,"status":"failed","title":"should clean up properly on unmount during initialization"}],"endTime":1763189493610,"message":"\u001b[1m\u001b[31m  \u001b[1m● \u001b[22m\u001b[1mProviders Component › Provider hierarchy › should render QueryClientProvider as outermost provider\u001b[39m\u001b[22m\n\n    No QueryClient set, use QueryClientProvider to set one\n\u001b[2m\u001b[22m\n\u001b[2m    \u001b[0m \u001b[90m 14 |\u001b[39m \u001b[36mexport\u001b[39m \u001b[36mconst\u001b[39m useNotificationListeners \u001b[33m=\u001b[39m () \u001b[33m=>\u001b[39m {\u001b[22m\n\u001b[2m     \u001b[90m 15 |\u001b[39m   \u001b[36mconst\u001b[39m user \u001b[33m=\u001b[39m useStore($user)\u001b[33m;\u001b[39m\u001b[22m\n\u001b[2m    \u001b[31m\u001b[1m>\u001b[22m\u001b[2m\u001b[39m\u001b[90m 16 |\u001b[39m   \u001b[36mconst\u001b[39m queryClient \u001b[33m=\u001b[39m useQueryClient()\u001b[33m;\u001b[39m\u001b[22m\n\u001b[2m     \u001b[90m    |\u001b[39m                                     \u001b[31m\u001b[1m^\u001b[22m\u001b[2m\u001b[39m\u001b[22m\n\u001b[2m     \u001b[90m 17 |\u001b[39m   \u001b[36mconst\u001b[39m socketRef \u001b[33m=\u001b[39m useRef\u001b[33m<\u001b[39m\u001b[33mSocket\u001b[39m \u001b[33m|\u001b[39m \u001b[36mnull\u001b[39m\u001b[33m>\u001b[39m(\u001b[36mnull\u001b[39m)\u001b[33m;\u001b[39m\u001b[22m\n\u001b[2m     \u001b[90m 18 |\u001b[39m   \u001b[36mconst\u001b[39m router \u001b[33m=\u001b[39m useRouter()\u001b[33m;\u001b[39m\u001b[22m\n\u001b[2m     \u001b[90m 19 |\u001b[39m\u001b[0m\u001b[22m\n\u001b[2m\u001b[22m\n\u001b[2m      \u001b[2mat useQueryClient (\u001b[22m\u001b[2mnode_modules/@tanstack/react-query/src/QueryClientProvider.tsx\u001b[2m:18:11)\u001b[22m\u001b[2m\u001b[22m\n\u001b[2m      \u001b[2mat useNotificationListeners (\u001b[22m\u001b[2msrc/global/hooks/useNotificationListeners.tsx\u001b[2m:16:37)\u001b[22m\u001b[2m\u001b[22m\n\u001b[2m      \u001b[2mat WebSocketManager (\u001b[22m\u001b[2msrc/global/utils/Providers.tsx\u001b[2m:22:27)\u001b[22m\u001b[2m\u001b[22m\n\u001b[2m      \u001b[2mat renderWithHooks (\u001b[22m\u001b[2mnode_modules/react-dom/cjs/react-dom.development.js\u001b[2m:15486:18)\u001b[22m\u001b[2m\u001b[22m\n\u001b[2m      \u001b[2mat mountIndeterminateComponent (\u001b[22m\u001b[2mnode_modules/react-dom/cjs/react-dom.development.js\u001b[2m:20103:13)\u001b[22m\u001b[2m\u001b[22m\n\u001b[2m      \u001b[2mat beginWork (\u001b[22m\u001b[2mnode_modules/react-dom/cjs/react-dom.development.js\u001b[2m:21626:16)\u001b[22m\u001b[2m\u001b[22m\n\u001b[2m      \u001b[2mat beginWork$1 (\u001b[22m\u001b[2mnode_modules/react-dom/cjs/react-dom.development.js\u001b[2m:27465:14)\u001b[22m\u001b[2m\u001b[22m\n\u001b[2m      \u001b[2mat performUnitOfWork (\u001b[22m\u001b[2mnode_modules/react-dom/cjs/react-dom.development.js\u001b[2m:26599:12)\u001b[22m\u001b[2m\u001b[22m\n\u001b[2m      \u001b[2mat workLoopSync (\u001b[22m\u001b[2mnode_modules/react-dom/cjs/react-dom.development.js\u001b[2m:26505:5)\u001b[22m\u001b[2m\u001b[22m\n\u001b[2m      \u001b[2mat renderRootSync (\u001b[22m\u001b[2mnode_modules/react-dom/cjs/react-dom.development.js\u001b[2m:26473:7)\u001b[22m\u001b[2m\u001b[22m\n\u001b[2m      \u001b[2mat recoverFromConcurrentError (\u001b[22m\u001b[2mnode_modules/react-dom/cjs/react-dom.development.js\u001b[2m:25889:20)\u001b[22m\u001b[2m\u001b[22m\n\u001b[2m      \u001b[2mat performConcurrentWorkOnRoot (\u001b[22m\u001b[2mnode_modules/react-dom/cjs/react-dom.development.js\u001b[2m:25789:22)\u001b[22m\u001b[2m\u001b[22m\n\u001b[2m      \u001b[2mat flushActQueue (\u001b[22m\u001b[2mnode_modules/react/cjs/react.development.js\u001b[2m:2667:24)\u001b[22m\u001b[2m\u001b[22m\n\u001b[2m      \u001b[2mat act (\u001b[22m\u001b[2mnode_modules/react/cjs/react.development.js\u001b[2m:2582:11)\u001b[22m\u001b[2m\u001b[22m\n\u001b[2m      \u001b[2mat \u001b[22m\u001b[2mnode_modules/@testing-library/react/dist/act-compat.js\u001b[2m:47:25\u001b[22m\u001b[2m\u001b[22m\n\u001b[2m      \u001b[2mat renderRoot (\u001b[22m\u001b[2mnode_modules/@testing-library/react/dist/pure.js\u001b[2m:190:26)\u001b[22m\u001b[2m\u001b[22m\n\u001b[2m      \u001b[2mat render (\u001b[22m\u001b[2mnode_modules/@testing-library/react/dist/pure.js\u001b[2m:292:10)\u001b[22m\u001b[2m\u001b[22m\n\u001b[2m      \u001b[2mat Object.<anonymous> (\u001b[22m\u001b[2m\u001b[0m\u001b[36msrc/global/utils/__tests__/Providers.test.tsx\u001b[39m\u001b[0m\u001b[2m:81:13)\u001b[22m\u001b[2m\u001b[22m\n\n\u001b[1m\u001b[31m  \u001b[1m● \u001b[22m\u001b[1mProviders Component › Provider hierarchy › should render NextUIProvider inside QueryClientProvider\u001b[39m\u001b[22m\n\n    No QueryClient set, use QueryClientProvider to set one\n\u001b[2m\u001b[22m\n\u001b[2m    \u001b[0m \u001b[90m 14 |\u001b[39m \u001b[36mexport\u001b[39m \u001b[36mconst\u001b[39m useNotificationListeners \u001b[33m=\u001b[39m () \u001b[33m=>\u001b[39m {\u001b[22m\n\u001b[2m     \u001b[90m 15 |\u001b[39m   \u001b[36mconst\u001b[39m user \u001b[33m=\u001b[39m useStore($user)\u001b[33m;\u001b[39m\u001b[22m\n\u001b[2m    \u001b[31m\u001b[1m>\u001b[22m\u001b[2m\u001b[39m\u001b[90m 16 |\u001b[39m   \u001b[36mconst\u001b[39m queryClient \u001b[33m=\u001b[39m useQueryClient()\u001b[33m;\u001b[39m\u001b[22m\n\u001b[2m     \u001b[90m    |\u001b[39m                                     \u001b[31m\u001b[1m^\u001b[22m\u001b[2m\u001b[39m\u001b[22m\n\u001b[2m     \u001b[90m 17 |\u001b[39m   \u001b[36mconst\u001b[39m socketRef \u001b[33m=\u001b[39m useRef\u001b[33m<\u001b[39m\u001b[33mSocket\u001b[39m \u001b[33m|\u001b[39m \u001b[36mnull\u001b[39m\u001b[33m>\u001b[39m(\u001b[36mnull\u001b[39m)\u001b[33m;\u001b[39m\u001b[22m\n\u001b[2m     \u001b[90m 18 |\u001b[39m   \u001b[36mconst\u001b[39m router \u001b[33m=\u001b[39m useRouter()\u001b[33m;\u001b[39m\u001b[22m\n\u001b[2m     \u001b[90m 19 |\u001b[39m\u001b[0m\u001b[22m\n\u001b[2m\u001b[22m\n\u001b[2m      \u001b[2mat useQueryClient (\u001b[22m\u001b[2mnode_modules/@tanstack/react-query/src/QueryClientProvider.tsx\u001b[2m:18:11)\u001b[22m\u001b[2m\u001b[22m\n\u001b[2m      \u001b[2mat useNotificationListeners (\u001b[22m\u001b[2msrc/global/hooks/useNotificationListeners.tsx\u001b[2m:16:37)\u001b[22m\u001b[2m\u001b[22m\n\u001b[2m      \u001b[2mat WebSocketManager (\u001b[22m\u001b[2msrc/global/utils/Providers.tsx\u001b[2m:22:27)\u001b[22m\u001b[2m\u001b[22m\n\u001b[2m      \u001b[2mat renderWithHooks (\u001b[22m\u001b[2mnode_modules/react-dom/cjs/react-dom.development.js\u001b[2m:15486:18)\u001b[22m\u001b[2m\u001b[22m\n\u001b[2m      \u001b[2mat mountIndeterminateComponent (\u001b[22m\u001b[2mnode_modules/react-dom/cjs/react-dom.development.js\u001b[2m:20103:13)\u001b[22m\u001b[2m\u001b[22m\n\u001b[2m      \u001b[2mat beginWork (\u001b[22m\u001b[2mnode_modules/react-dom/cjs/react-dom.development.js\u001b[2m:21626:16)\u001b[22m\u001b[2m\u001b[22m\n\u001b[2m      \u001b[2mat beginWork$1 (\u001b[22m\u001b[2mnode_modules/react-dom/cjs/react-dom.development.js\u001b[2m:27465:14)\u001b[22m\u001b[2m\u001b[22m\n\u001b[2m      \u001b[2mat performUnitOfWork (\u001b[22m\u001b[2mnode_modules/react-dom/cjs/react-dom.development.js\u001b[2m:26599:12)\u001b[22m\u001b[2m\u001b[22m\n\u001b[2m      \u001b[2mat workLoopSync (\u001b[22m\u001b[2mnode_modules/react-dom/cjs/react-dom.development.js\u001b[2m:26505:5)\u001b[22m\u001b[2m\u001b[22m\n\u001b[2m      \u001b[2mat renderRootSync (\u001b[22m\u001b[2mnode_modules/react-dom/cjs/react-dom.development.js\u001b[2m:26473:7)\u001b[22m\u001b[2m\u001b[22m\n\u001b[2m      \u001b[2mat recoverFromConcurrentError (\u001b[22m\u001b[2mnode_modules/react-dom/cjs/react-dom.development.js\u001b[2m:25889:20)\u001b[22m\u001b[2m\u001b[22m\n\u001b[2m      \u001b[2mat performConcurrentWorkOnRoot (\u001b[22m\u001b[2mnode_modules/react-dom/cjs/react-dom.development.js\u001b[2m:25789:22)\u001b[22m\u001b[2m\u001b[22m\n\u001b[2m      \u001b[2mat flushActQueue (\u001b[22m\u001b[2mnode_modules/react/cjs/react.development.js\u001b[2m:2667:24)\u001b[22m\u001b[2m\u001b[22m\n\u001b[2m      \u001b[2mat act (\u001b[22m\u001b[2mnode_modules/react/cjs/react.development.js\u001b[2m:2582:11)\u001b[22m\u001b[2m\u001b[22m\n\u001b[2m      \u001b[2mat \u001b[22m\u001b[2mnode_modules/@testing-library/react/dist/act-compat.js\u001b[2m:47:25\u001b[22m\u001b[2m\u001b[22m\n\u001b[2m      \u001b[2mat renderRoot (\u001b[22m\u001b[2mnode_modules/@testing-library/react/dist/pure.js\u001b[2m:190:26)\u001b[22m\u001b[2m\u001b[22m\n\u001b[2m      \u001b[2mat render (\u001b[22m\u001b[2mnode_modules/@testing-library/react/dist/pure.js\u001b[2m:292:10)\u001b[22m\u001b[2m\u001b[22m\n\u001b[2m      \u001b[2mat Object.<anonymous> (\u001b[22m\u001b[2m\u001b[0m\u001b[36msrc/global/utils/__tests__/Providers.test.tsx\u001b[39m\u001b[0m\u001b[2m:92:13)\u001b[22m\u001b[2m\u001b[22m\n\n\u001b[1m\u001b[31m  \u001b[1m● \u001b[22m\u001b[1mProviders Component › Provider hierarchy › should render children inside all providers\u001b[39m\u001b[22m\n\n    No QueryClient set, use QueryClientProvider to set one\n\u001b[2m\u001b[22m\n\u001b[2m    \u001b[0m \u001b[90m 14 |\u001b[39m \u001b[36mexport\u001b[39m \u001b[36mconst\u001b[39m useNotificationListeners \u001b[33m=\u001b[39m () \u001b[33m=>\u001b[39m {\u001b[22m\n\u001b[2m     \u001b[90m 15 |\u001b[39m   \u001b[36mconst\u001b[39m user \u001b[33m=\u001b[39m useStore($user)\u001b[33m;\u001b[39m\u001b[22m\n\u001b[2m    \u001b[31m\u001b[1m>\u001b[22m\u001b[2m\u001b[39m\u001b[90m 16 |\u001b[39m   \u001b[36mconst\u001b[39m queryClient \u001b[33m=\u001b[39m useQueryClient()\u001b[33m;\u001b[39m\u001b[22m\n\u001b[2m     \u001b[90m    |\u001b[39m                                     \u001b[31m\u001b[1m^\u001b[22m\u001b[2m\u001b[39m\u001b[22m\n\u001b[2m     \u001b[90m 17 |\u001b[39m   \u001b[36mconst\u001b[39m socketRef \u001b[33m=\u001b[39m useRef\u001b[33m<\u001b[39m\u001b[33mSocket\u001b[39m \u001b[33m|\u001b[39m \u001b[36mnull\u001b[39m\u001b[33m>\u001b[39m(\u001b[36mnull\u001b[39m)\u001b[33m;\u001b[39m\u001b[22m\n\u001b[2m     \u001b[90m 18 |\u001b[39m   \u001b[36mconst\u001b[39m router \u001b[33m=\u001b[39m useRouter()\u001b[33m;\u001b[39m\u001b[22m\n\u001b[2m     \u001b[90m 19 |\u001b[39m\u001b[0m\u001b[22m\n\u001b[2m\u001b[22m\n\u001b[2m      \u001b[2mat useQueryClient (\u001b[22m\u001b[2mnode_modules/@tanstack/react-query/src/QueryClientProvider.tsx\u001b[2m:18:11)\u001b[22m\u001b[2m\u001b[22m\n\u001b[2m      \u001b[2mat useNotificationListeners (\u001b[22m\u001b[2msrc/global/hooks/useNotificationListeners.tsx\u001b[2m:16:37)\u001b[22m\u001b[2m\u001b[22m\n\u001b[2m      \u001b[2mat WebSocketManager (\u001b[22m\u001b[2msrc/global/utils/Providers.tsx\u001b[2m:22:27)\u001b[22m\u001b[2m\u001b[22m\n\u001b[2m      \u001b[2mat renderWithHooks (\u001b[22m\u001b[2mnode_modules/react-dom/cjs/react-dom.development.js\u001b[2m:15486:18)\u001b[22m\u001b[2m\u001b[22m\n\u001b[2m      \u001b[2mat mountIndeterminateComponent (\u001b[22m\u001b[2mnode_modules/react-dom/cjs/react-dom.development.js\u001b[2m:20103:13)\u001b[22m\u001b[2m\u001b[22m\n\u001b[2m      \u001b[2mat beginWork (\u001b[22m\u001b[2mnode_modules/react-dom/cjs/react-dom.development.js\u001b[2m:21626:16)\u001b[22m\u001b[2m\u001b[22m\n\u001b[2m      \u001b[2mat beginWork$1 (\u001b[22m\u001b[2mnode_modules/react-dom/cjs/react-dom.development.js\u001b[2m:27465:14)\u001b[22m\u001b[2m\u001b[22m\n\u001b[2m      \u001b[2mat performUnitOfWork (\u001b[22m\u001b[2mnode_modules/react-dom/cjs/react-dom.development.js\u001b[2m:26599:12)\u001b[22m\u001b[2m\u001b[22m\n\u001b[2m      \u001b[2mat workLoopSync (\u001b[22m\u001b[2mnode_modules/react-dom/cjs/react-dom.development.js\u001b[2m:26505:5)\u001b[22m\u001b[2m\u001b[22m\n\u001b[2m      \u001b[2mat renderRootSync (\u001b[22m\u001b[2mnode_modules/react-dom/cjs/react-dom.development.js\u001b[2m:26473:7)\u001b[22m\u001b[2m\u001b[22m\n\u001b[2m      \u001b[2mat recoverFromConcurrentError (\u001b[22m\u001b[2mnode_modules/react-dom/cjs/react-dom.development.js\u001b[2m:25889:20)\u001b[22m\u001b[2m\u001b[22m\n\u001b[2m      \u001b[2mat performConcurrentWorkOnRoot (\u001b[22m\u001b[2mnode_modules/react-dom/cjs/react-dom.development.js\u001b[2m:25789:22)\u001b[22m\u001b[2m\u001b[22m\n\u001b[2m      \u001b[2mat flushActQueue (\u001b[22m\u001b[2mnode_modules/react/cjs/react.development.js\u001b[2m:2667:24)\u001b[22m\u001b[2m\u001b[22m\n\u001b[2m      \u001b[2mat act (\u001b[22m\u001b[2mnode_modules/react/cjs/react.development.js\u001b[2m:2582:11)\u001b[22m\u001b[2m\u001b[22m\n\u001b[2m      \u001b[2mat \u001b[22m\u001b[2mnode_modules/@testing-library/react/dist/act-compat.js\u001b[2m:47:25\u001b[22m\u001b[2m\u001b[22m\n\u001b[2m      \u001b[2mat renderRoot (\u001b[22m\u001b[2mnode_modules/@testing-library/react/dist/pure.js\u001b[2m:190:26)\u001b[22m\u001b[2m\u001b[22m\n\u001b[2m      \u001b[2mat render (\u001b[22m\u001b[2mnode_modules/@testing-library/react/dist/pure.js\u001b[2m:292:10)\u001b[22m\u001b[2m\u001b[22m\n\u001b[2m      \u001b[2mat Object.<anonymous> (\u001b[22m\u001b[2m\u001b[0m\u001b[36msrc/global/utils/__tests__/Providers.test.tsx\u001b[39m\u001b[0m\u001b[2m:105:13)\u001b[22m\u001b[2m\u001b[22m\n\n\u001b[1m\u001b[31m  \u001b[1m● \u001b[22m\u001b[1mProviders Component › Provider hierarchy › should have correct provider nesting order\u001b[39m\u001b[22m\n\n    No QueryClient set, use QueryClientProvider to set one\n\u001b[2m\u001b[22m\n\u001b[2m    \u001b[0m \u001b[90m 14 |\u001b[39m \u001b[36mexport\u001b[39m \u001b[36mconst\u001b[39m useNotificationListeners \u001b[33m=\u001b[39m () \u001b[33m=>\u001b[39m {\u001b[22m\n\u001b[2m     \u001b[90m 15 |\u001b[39m   \u001b[36mconst\u001b[39m user \u001b[33m=\u001b[39m useStore($user)\u001b[33m;\u001b[39m\u001b[22m\n\u001b[2m    \u001b[31m\u001b[1m>\u001b[22m\u001b[2m\u001b[39m\u001b[90m 16 |\u001b[39m   \u001b[36mconst\u001b[39m queryClient \u001b[33m=\u001b[39m useQueryClient()\u001b[33m;\u001b[39m\u001b[22m\n\u001b[2m     \u001b[90m    |\u001b[39m                                     \u001b[31m\u001b[1m^\u001b[22m\u001b[2m\u001b[39m\u001b[22m\n\u001b[2m     \u001b[90m 17 |\u001b[39m   \u001b[36mconst\u001b[39m socketRef \u001b[33m=\u001b[39m useRef\u001b[33m<\u001b[39m\u001b[33mSocket\u001b[39m \u001b[33m|\u001b[39m \u001b[36mnull\u001b[39m\u001b[33m>\u001b[39m(\u001b[36mnull\u001b[39m)\u001b[33m;\u001b[39m\u001b[22m\n\u001b[2m     \u001b[90m 18 |\u001b[39m   \u001b[36mconst\u001b[39m router \u001b[33m=\u001b[39m useRouter()\u001b[33m;\u001b[39m\u001b[22m\n\u001b[2m     \u001b[90m 19 |\u001b[39m\u001b[0m\u001b[22m\n\u001b[2m\u001b[22m\n\u001b[2m      \u001b[2mat useQueryClient (\u001b[22m\u001b[2mnode_modules/@tanstack/react-query/src/QueryClientProvider.tsx\u001b[2m:18:11)\u001b[22m\u001b[2m\u001b[22m\n\u001b[2m      \u001b[2mat useNotificationListeners (\u001b[22m\u001b[2msrc/global/hooks/useNotificationListeners.tsx\u001b[2m:16:37)\u001b[22m\u001b[2m\u001b[22m\n\u001b[2m      \u001b[2mat WebSocketManager (\u001b[22m\u001b[2msrc/global/utils/Providers.tsx\u001b[2m:22:27)\u001b[22m\u001b[2m\u001b[22m\n\u001b[2m      \u001b[2mat renderWithHooks (\u001b[22m\u001b[2mnode_modules/react-dom/cjs/react-dom.development.js\u001b[2m:15486:18)\u001b[22m\u001b[2m\u001b[22m\n\u001b[2m      \u001b[2mat mountIndeterminateComponent (\u001b[22m\u001b[2mnode_modules/react-dom/cjs/react-dom.development.js\u001b[2m:20103:13)\u001b[22m\u001b[2m\u001b[22m\n\u001b[2m      \u001b[2mat beginWork (\u001b[22m\u001b[2mnode_modules/react-dom/cjs/react-dom.development.js\u001b[2m:21626:16)\u001b[22m\u001b[2m\u001b[22m\n\u001b[2m      \u001b[2mat beginWork$1 (\u001b[22m\u001b[2mnode_modules/react-dom/cjs/react-dom.development.js\u001b[2m:27465:14)\u001b[22m\u001b[2m\u001b[22m\n\u001b[2m      \u001b[2mat performUnitOfWork (\u001b[22m\u001b[2mnode_modules/react-dom/cjs/react-dom.development.js\u001b[2m:26599:12)\u001b[22m\u001b[2m\u001b[22m\n\u001b[2m      \u001b[2mat workLoopSync (\u001b[22m\u001b[2mnode_modules/react-dom/cjs/react-dom.development.js\u001b[2m:26505:5)\u001b[22m\u001b[2m\u001b[22m\n\u001b[2m      \u001b[2mat renderRootSync (\u001b[22m\u001b[2mnode_modules/react-dom/cjs/react-dom.development.js\u001b[2m:26473:7)\u001b[22m\u001b[2m\u001b[22m\n\u001b[2m      \u001b[2mat recoverFromConcurrentError (\u001b[22m\u001b[2mnode_modules/react-dom/cjs/react-dom.development.js\u001b[2m:25889:20)\u001b[22m\u001b[2m\u001b[22m\n\u001b[2m      \u001b[2mat performConcurrentWorkOnRoot (\u001b[22m\u001b[2mnode_modules/react-dom/cjs/react-dom.development.js\u001b[2m:25789:22)\u001b[22m\u001b[2m\u001b[22m\n\u001b[2m      \u001b[2mat flushActQueue (\u001b[22m\u001b[2mnode_modules/react/cjs/react.development.js\u001b[2m:2667:24)\u001b[22m\u001b[2m\u001b[22m\n\u001b[2m      \u001b[2mat act (\u001b[22m\u001b[2mnode_modules/react/cjs/react.development.js\u001b[2m:2582:11)\u001b[22m\u001b[2m\u001b[22m\n\u001b[2m      \u001b[2mat \u001b[22m\u001b[2mnode_modules/@testing-library/react/dist/act-compat.js\u001b[2m:47:25\u001b[22m\u001b[2m\u001b[22m\n\u001b[2m      \u001b[2mat renderRoot (\u001b[22m\u001b[2mnode_modules/@testing-library/react/dist/pure.js\u001b[2m:190:26)\u001b[22m\u001b[2m\u001b[22m\n\u001b[2m      \u001b[2mat render (\u001b[22m\u001b[2mnode_modules/@testing-library/react/dist/pure.js\u001b[2m:292:10)\u001b[22m\u001b[2m\u001b[22m\n\u001b[2m      \u001b[2mat Object.<anonymous> (\u001b[22m\u001b[2m\u001b[0m\u001b[36msrc/global/utils/__tests__/Providers.test.tsx\u001b[39m\u001b[0m\u001b[2m:119:35)\u001b[22m\u001b[2m\u001b[22m\n\n\u001b[1m\u001b[31m  \u001b[1m● \u001b[22m\u001b[1mProviders Component › TokenManager › should call useTokenRefresh hook\u001b[39m\u001b[22m\n\n    No QueryClient set, use QueryClientProvider to set one\n\u001b[2m\u001b[22m\n\u001b[2m    \u001b[0m \u001b[90m 14 |\u001b[39m \u001b[36mexport\u001b[39m \u001b[36mconst\u001b[39m useNotificationListeners \u001b[33m=\u001b[39m () \u001b[33m=>\u001b[39m {\u001b[22m\n\u001b[2m     \u001b[90m 15 |\u001b[39m   \u001b[36mconst\u001b[39m user \u001b[33m=\u001b[39m useStore($user)\u001b[33m;\u001b[39m\u001b[22m\n\u001b[2m    \u001b[31m\u001b[1m>\u001b[22m\u001b[2m\u001b[39m\u001b[90m 16 |\u001b[39m   \u001b[36mconst\u001b[39m queryClient \u001b[33m=\u001b[39m useQueryClient()\u001b[33m;\u001b[39m\u001b[22m\n\u001b[2m     \u001b[90m    |\u001b[39m                                     \u001b[31m\u001b[1m^\u001b[22m\u001b[2m\u001b[39m\u001b[22m\n\u001b[2m     \u001b[90m 17 |\u001b[39m   \u001b[36mconst\u001b[39m socketRef \u001b[33m=\u001b[39m useRef\u001b[33m<\u001b[39m\u001b[33mSocket\u001b[39m \u001b[33m|\u001b[39m \u001b[36mnull\u001b[39m\u001b[33m>\u001b[39m(\u001b[36mnull\u001b[39m)\u001b[33m;\u001b[39m\u001b[22m\n\u001b[2m     \u001b[90m 18 |\u001b[39m   \u001b[36mconst\u001b[39m router \u001b[33m=\u001b[39m useRouter()\u001b[33m;\u001b[39m\u001b[22m\n\u001b[2m     \u001b[90m 19 |\u001b[39m\u001b[0m\u001b[22m\n\u001b[2m\u001b[22m\n\u001b[2m      \u001b[2mat useQueryClient (\u001b[22m\u001b[2mnode_modules/@tanstack/react-query/src/QueryClientProvider.tsx\u001b[2m:18:11)\u001b[22m\u001b[2m\u001b[22m\n\u001b[2m      \u001b[2mat useNotificationListeners (\u001b[22m\u001b[2msrc/global/hooks/useNotificationListeners.tsx\u001b[2m:16:37)\u001b[22m\u001b[2m\u001b[22m\n\u001b[2m      \u001b[2mat WebSocketManager (\u001b[22m\u001b[2msrc/global/utils/Providers.tsx\u001b[2m:22:27)\u001b[22m\u001b[2m\u001b[22m\n\u001b[2m      \u001b[2mat renderWithHooks (\u001b[22m\u001b[2mnode_modules/react-dom/cjs/react-dom.development.js\u001b[2m:15486:18)\u001b[22m\u001b[2m\u001b[22m\n\u001b[2m      \u001b[2mat mountIndeterminateComponent (\u001b[22m\u001b[2mnode_modules/react-dom/cjs/react-dom.development.js\u001b[2m:20103:13)\u001b[22m\u001b[2m\u001b[22m\n\u001b[2m      \u001b[2mat beginWork (\u001b[22m\u001b[2mnode_modules/react-dom/cjs/react-dom.development.js\u001b[2m:21626:16)\u001b[22m\u001b[2m\u001b[22m\n\u001b[2m      \u001b[2mat beginWork$1 (\u001b[22m\u001b[2mnode_modules/react-dom/cjs/react-dom.development.js\u001b[2m:27465:14)\u001b[22m\u001b[2m\u001b[22m\n\u001b[2m      \u001b[2mat performUnitOfWork (\u001b[22m\u001b[2mnode_modules/react-dom/cjs/react-dom.development.js\u001b[2m:26599:12)\u001b[22m\u001b[2m\u001b[22m\n\u001b[2m      \u001b[2mat workLoopSync (\u001b[22m\u001b[2mnode_modules/react-dom/cjs/react-dom.development.js\u001b[2m:26505:5)\u001b[22m\u001b[2m\u001b[22m\n\u001b[2m      \u001b[2mat renderRootSync (\u001b[22m\u001b[2mnode_modules/react-dom/cjs/react-dom.development.js\u001b[2m:26473:7)\u001b[22m\u001b[2m\u001b[22m\n\u001b[2m      \u001b[2mat recoverFromConcurrentError (\u001b[22m\u001b[2mnode_modules/react-dom/cjs/react-dom.development.js\u001b[2m:25889:20)\u001b[22m\u001b[2m\u001b[22m\n\u001b[2m      \u001b[2mat performConcurrentWorkOnRoot (\u001b[22m\u001b[2mnode_modules/react-dom/cjs/react-dom.development.js\u001b[2m:25789:22)\u001b[22m\u001b[2m\u001b[22m\n\u001b[2m      \u001b[2mat flushActQueue (\u001b[22m\u001b[2mnode_modules/react/cjs/react.development.js\u001b[2m:2667:24)\u001b[22m\u001b[2m\u001b[22m\n\u001b[2m      \u001b[2mat act (\u001b[22m\u001b[2mnode_modules/react/cjs/react.development.js\u001b[2m:2582:11)\u001b[22m\u001b[2m\u001b[22m\n\u001b[2m      \u001b[2mat \u001b[22m\u001b[2mnode_modules/@testing-library/react/dist/act-compat.js\u001b[2m:47:25\u001b[22m\u001b[2m\u001b[22m\n\u001b[2m      \u001b[2mat renderRoot (\u001b[22m\u001b[2mnode_modules/@testing-library/react/dist/pure.js\u001b[2m:190:26)\u001b[22m\u001b[2m\u001b[22m\n\u001b[2m      \u001b[2mat render (\u001b[22m\u001b[2mnode_modules/@testing-library/react/dist/pure.js\u001b[2m:292:10)\u001b[22m\u001b[2m\u001b[22m\n\u001b[2m      \u001b[2mat Object.<anonymous> (\u001b[22m\u001b[2m\u001b[0m\u001b[36msrc/global/utils/__tests__/Providers.test.tsx\u001b[39m\u001b[0m\u001b[2m:141:13)\u001b[22m\u001b[2m\u001b[22m\n\n\u001b[1m\u001b[31m  \u001b[1m● \u001b[22m\u001b[1mProviders Component › TokenManager › should call useTokenRefresh only once\u001b[39m\u001b[22m\n\n    No QueryClient set, use QueryClientProvider to set one\n\u001b[2m\u001b[22m\n\u001b[2m    \u001b[0m \u001b[90m 14 |\u001b[39m \u001b[36mexport\u001b[39m \u001b[36mconst\u001b[39m useNotificationListeners \u001b[33m=\u001b[39m () \u001b[33m=>\u001b[39m {\u001b[22m\n\u001b[2m     \u001b[90m 15 |\u001b[39m   \u001b[36mconst\u001b[39m user \u001b[33m=\u001b[39m useStore($user)\u001b[33m;\u001b[39m\u001b[22m\n\u001b[2m    \u001b[31m\u001b[1m>\u001b[22m\u001b[2m\u001b[39m\u001b[90m 16 |\u001b[39m   \u001b[36mconst\u001b[39m queryClient \u001b[33m=\u001b[39m useQueryClient()\u001b[33m;\u001b[39m\u001b[22m\n\u001b[2m     \u001b[90m    |\u001b[39m                                     \u001b[31m\u001b[1m^\u001b[22m\u001b[2m\u001b[39m\u001b[22m\n\u001b[2m     \u001b[90m 17 |\u001b[39m   \u001b[36mconst\u001b[39m socketRef \u001b[33m=\u001b[39m useRef\u001b[33m<\u001b[39m\u001b[33mSocket\u001b[39m \u001b[33m|\u001b[39m \u001b[36mnull\u001b[39m\u001b[33m>\u001b[39m(\u001b[36mnull\u001b[39m)\u001b[33m;\u001b[39m\u001b[22m\n\u001b[2m     \u001b[90m 18 |\u001b[39m   \u001b[36mconst\u001b[39m router \u001b[33m=\u001b[39m useRouter()\u001b[33m;\u001b[39m\u001b[22m\n\u001b[2m     \u001b[90m 19 |\u001b[39m\u001b[0m\u001b[22m\n\u001b[2m\u001b[22m\n\u001b[2m      \u001b[2mat useQueryClient (\u001b[22m\u001b[2mnode_modules/@tanstack/react-query/src/QueryClientProvider.tsx\u001b[2m:18:11)\u001b[22m\u001b[2m\u001b[22m\n\u001b[2m      \u001b[2mat useNotificationListeners (\u001b[22m\u001b[2msrc/global/hooks/useNotificationListeners.tsx\u001b[2m:16:37)\u001b[22m\u001b[2m\u001b[22m\n\u001b[2m      \u001b[2mat WebSocketManager (\u001b[22m\u001b[2msrc/global/utils/Providers.tsx\u001b[2m:22:27)\u001b[22m\u001b[2m\u001b[22m\n\u001b[2m      \u001b[2mat renderWithHooks (\u001b[22m\u001b[2mnode_modules/react-dom/cjs/react-dom.development.js\u001b[2m:15486:18)\u001b[22m\u001b[2m\u001b[22m\n\u001b[2m      \u001b[2mat mountIndeterminateComponent (\u001b[22m\u001b[2mnode_modules/react-dom/cjs/react-dom.development.js\u001b[2m:20103:13)\u001b[22m\u001b[2m\u001b[22m\n\u001b[2m      \u001b[2mat beginWork (\u001b[22m\u001b[2mnode_modules/react-dom/cjs/react-dom.development.js\u001b[2m:21626:16)\u001b[22m\u001b[2m\u001b[22m\n\u001b[2m      \u001b[2mat beginWork$1 (\u001b[22m\u001b[2mnode_modules/react-dom/cjs/react-dom.development.js\u001b[2m:27465:14)\u001b[22m\u001b[2m\u001b[22m\n\u001b[2m      \u001b[2mat performUnitOfWork (\u001b[22m\u001b[2mnode_modules/react-dom/cjs/react-dom.development.js\u001b[2m:26599:12)\u001b[22m\u001b[2m\u001b[22m\n\u001b[2m      \u001b[2mat workLoopSync (\u001b[22m\u001b[2mnode_modules/react-dom/cjs/react-dom.development.js\u001b[2m:26505:5)\u001b[22m\u001b[2m\u001b[22m\n\u001b[2m      \u001b[2mat renderRootSync (\u001b[22m\u001b[2mnode_modules/react-dom/cjs/react-dom.development.js\u001b[2m:26473:7)\u001b[22m\u001b[2m\u001b[22m\n\u001b[2m      \u001b[2mat recoverFromConcurrentError (\u001b[22m\u001b[2mnode_modules/react-dom/cjs/react-dom.development.js\u001b[2m:25889:20)\u001b[22m\u001b[2m\u001b[22m\n\u001b[2m      \u001b[2mat performConcurrentWorkOnRoot (\u001b[22m\u001b[2mnode_modules/react-dom/cjs/react-dom.development.js\u001b[2m:25789:22)\u001b[22m\u001b[2m\u001b[22m\n\u001b[2m      \u001b[2mat flushActQueue (\u001b[22m\u001b[2mnode_modules/react/cjs/react.development.js\u001b[2m:2667:24)\u001b[22m\u001b[2m\u001b[22m\n\u001b[2m      \u001b[2mat act (\u001b[22m\u001b[2mnode_modules/react/cjs/react.development.js\u001b[2m:2582:11)\u001b[22m\u001b[2m\u001b[22m\n\u001b[2m      \u001b[2mat \u001b[22m\u001b[2mnode_modules/@testing-library/react/dist/act-compat.js\u001b[2m:47:25\u001b[22m\u001b[2m\u001b[22m\n\u001b[2m      \u001b[2mat renderRoot (\u001b[22m\u001b[2mnode_modules/@testing-library/react/dist/pure.js\u001b[2m:190:26)\u001b[22m\u001b[2m\u001b[22m\n\u001b[2m      \u001b[2mat render (\u001b[22m\u001b[2mnode_modules/@testing-library/react/dist/pure.js\u001b[2m:292:10)\u001b[22m\u001b[2m\u001b[22m\n\u001b[2m      \u001b[2mat Object.<anonymous> (\u001b[22m\u001b[2m\u001b[0m\u001b[36msrc/global/utils/__tests__/Providers.test.tsx\u001b[39m\u001b[0m\u001b[2m:151:13)\u001b[22m\u001b[2m\u001b[22m\n\n\u001b[1m\u001b[31m  \u001b[1m● \u001b[22m\u001b[1mProviders Component › TokenManager › should not render any visible content from TokenManager\u001b[39m\u001b[22m\n\n    No QueryClient set, use QueryClientProvider to set one\n\u001b[2m\u001b[22m\n\u001b[2m    \u001b[0m \u001b[90m 14 |\u001b[39m \u001b[36mexport\u001b[39m \u001b[36mconst\u001b[39m useNotificationListeners \u001b[33m=\u001b[39m () \u001b[33m=>\u001b[39m {\u001b[22m\n\u001b[2m     \u001b[90m 15 |\u001b[39m   \u001b[36mconst\u001b[39m user \u001b[33m=\u001b[39m useStore($user)\u001b[33m;\u001b[39m\u001b[22m\n\u001b[2m    \u001b[31m\u001b[1m>\u001b[22m\u001b[2m\u001b[39m\u001b[90m 16 |\u001b[39m   \u001b[36mconst\u001b[39m queryClient \u001b[33m=\u001b[39m useQueryClient()\u001b[33m;\u001b[39m\u001b[22m\n\u001b[2m     \u001b[90m    |\u001b[39m                                     \u001b[31m\u001b[1m^\u001b[22m\u001b[2m\u001b[39m\u001b[22m\n\u001b[2m     \u001b[90m 17 |\u001b[39m   \u001b[36mconst\u001b[39m socketRef \u001b[33m=\u001b[39m useRef\u001b[33m<\u001b[39m\u001b[33mSocket\u001b[39m \u001b[33m|\u001b[39m \u001b[36mnull\u001b[39m\u001b[33m>\u001b[39m(\u001b[36mnull\u001b[39m)\u001b[33m;\u001b[39m\u001b[22m\n\u001b[2m     \u001b[90m 18 |\u001b[39m   \u001b[36mconst\u001b[39m router \u001b[33m=\u001b[39m useRouter()\u001b[33m;\u001b[39m\u001b[22m\n\u001b[2m     \u001b[90m 19 |\u001b[39m\u001b[0m\u001b[22m\n\u001b[2m\u001b[22m\n\u001b[2m      \u001b[2mat useQueryClient (\u001b[22m\u001b[2mnode_modules/@tanstack/react-query/src/QueryClientProvider.tsx\u001b[2m:18:11)\u001b[22m\u001b[2m\u001b[22m\n\u001b[2m      \u001b[2mat useNotificationListeners (\u001b[22m\u001b[2msrc/global/hooks/useNotificationListeners.tsx\u001b[2m:16:37)\u001b[22m\u001b[2m\u001b[22m\n\u001b[2m      \u001b[2mat WebSocketManager (\u001b[22m\u001b[2msrc/global/utils/Providers.tsx\u001b[2m:22:27)\u001b[22m\u001b[2m\u001b[22m\n\u001b[2m      \u001b[2mat renderWithHooks (\u001b[22m\u001b[2mnode_modules/react-dom/cjs/react-dom.development.js\u001b[2m:15486:18)\u001b[22m\u001b[2m\u001b[22m\n\u001b[2m      \u001b[2mat mountIndeterminateComponent (\u001b[22m\u001b[2mnode_modules/react-dom/cjs/react-dom.development.js\u001b[2m:20103:13)\u001b[22m\u001b[2m\u001b[22m\n\u001b[2m      \u001b[2mat beginWork (\u001b[22m\u001b[2mnode_modules/react-dom/cjs/react-dom.development.js\u001b[2m:21626:16)\u001b[22m\u001b[2m\u001b[22m\n\u001b[2m      \u001b[2mat beginWork$1 (\u001b[22m\u001b[2mnode_modules/react-dom/cjs/react-dom.development.js\u001b[2m:27465:14)\u001b[22m\u001b[2m\u001b[22m\n\u001b[2m      \u001b[2mat performUnitOfWork (\u001b[22m\u001b[2mnode_modules/react-dom/cjs/react-dom.development.js\u001b[2m:26599:12)\u001b[22m\u001b[2m\u001b[22m\n\u001b[2m      \u001b[2mat workLoopSync (\u001b[22m\u001b[2mnode_modules/react-dom/cjs/react-dom.development.js\u001b[2m:26505:5)\u001b[22m\u001b[2m\u001b[22m\n\u001b[2m      \u001b[2mat renderRootSync (\u001b[22m\u001b[2mnode_modules/react-dom/cjs/react-dom.development.js\u001b[2m:26473:7)\u001b[22m\u001b[2m\u001b[22m\n\u001b[2m      \u001b[2mat recoverFromConcurrentError (\u001b[22m\u001b[2mnode_modules/react-dom/cjs/react-dom.development.js\u001b[2m:25889:20)\u001b[22m\u001b[2m\u001b[22m\n\u001b[2m      \u001b[2mat performConcurrentWorkOnRoot (\u001b[22m\u001b[2mnode_modules/react-dom/cjs/react-dom.development.js\u001b[2m:25789:22)\u001b[22m\u001b[2m\u001b[22m\n\u001b[2m      \u001b[2mat flushActQueue (\u001b[22m\u001b[2mnode_modules/react/cjs/react.development.js\u001b[2m:2667:24)\u001b[22m\u001b[2m\u001b[22m\n\u001b[2m      \u001b[2mat act (\u001b[22m\u001b[2mnode_modules/react/cjs/react.development.js\u001b[2m:2582:11)\u001b[22m\u001b[2m\u001b[22m\n\u001b[2m      \u001b[2mat \u001b[22m\u001b[2mnode_modules/@testing-library/react/dist/act-compat.js\u001b[2m:47:25\u001b[22m\u001b[2m\u001b[22m\n\u001b[2m      \u001b[2mat renderRoot (\u001b[22m\u001b[2mnode_modules/@testing-library/react/dist/pure.js\u001b[2m:190:26)\u001b[22m\u001b[2m\u001b[22m\n\u001b[2m      \u001b[2mat render (\u001b[22m\u001b[2mnode_modules/@testing-library/react/dist/pure.js\u001b[2m:292:10)\u001b[22m\u001b[2m\u001b[22m\n\u001b[2m      \u001b[2mat Object.<anonymous> (\u001b[22m\u001b[2m\u001b[0m\u001b[36msrc/global/utils/__tests__/Providers.test.tsx\u001b[39m\u001b[0m\u001b[2m:161:35)\u001b[22m\u001b[2m\u001b[22m\n\n\u001b[1m\u001b[31m  \u001b[1m● \u001b[22m\u001b[1mProviders Component › AuthProvider › should call useIsClient hook\u001b[39m\u001b[22m\n\n    No QueryClient set, use QueryClientProvider to set one\n\u001b[2m\u001b[22m\n\u001b[2m    \u001b[0m \u001b[90m 14 |\u001b[39m \u001b[36mexport\u001b[39m \u001b[36mconst\u001b[39m useNotificationListeners \u001b[33m=\u001b[39m () \u001b[33m=>\u001b[39m {\u001b[22m\n\u001b[2m     \u001b[90m 15 |\u001b[39m   \u001b[36mconst\u001b[39m user \u001b[33m=\u001b[39m useStore($user)\u001b[33m;\u001b[39m\u001b[22m\n\u001b[2m    \u001b[31m\u001b[1m>\u001b[22m\u001b[2m\u001b[39m\u001b[90m 16 |\u001b[39m   \u001b[36mconst\u001b[39m queryClient \u001b[33m=\u001b[39m useQueryClient()\u001b[33m;\u001b[39m\u001b[22m\n\u001b[2m     \u001b[90m    |\u001b[39m                                     \u001b[31m\u001b[1m^\u001b[22m\u001b[2m\u001b[39m\u001b[22m\n\u001b[2m     \u001b[90m 17 |\u001b[39m   \u001b[36mconst\u001b[39m socketRef \u001b[33m=\u001b[39m useRef\u001b[33m<\u001b[39m\u001b[33mSocket\u001b[39m \u001b[33m|\u001b[39m \u001b[36mnull\u001b[39m\u001b[33m>\u001b[39m(\u001b[36mnull\u001b[39m)\u001b[33m;\u001b[39m\u001b[22m\n\u001b[2m     \u001b[90m 18 |\u001b[39m   \u001b[36mconst\u001b[39m router \u001b[33m=\u001b[39m useRouter()\u001b[33m;\u001b[39m\u001b[22m\n\u001b[2m     \u001b[90m 19 |\u001b[39m\u001b[0m\u001b[22m\n\u001b[2m\u001b[22m\n\u001b[2m      \u001b[2mat useQueryClient (\u001b[22m\u001b[2mnode_modules/@tanstack/react-query/src/QueryClientProvider.tsx\u001b[2m:18:11)\u001b[22m\u001b[2m\u001b[22m\n\u001b[2m      \u001b[2mat useNotificationListeners (\u001b[22m\u001b[2msrc/global/hooks/useNotificationListeners.tsx\u001b[2m:16:37)\u001b[22m\u001b[2m\u001b[22m\n\u001b[2m      \u001b[2mat WebSocketManager (\u001b[22m\u001b[2msrc/global/utils/Providers.tsx\u001b[2m:22:27)\u001b[22m\u001b[2m\u001b[22m\n\u001b[2m      \u001b[2mat renderWithHooks (\u001b[22m\u001b[2mnode_modules/react-dom/cjs/react-dom.development.js\u001b[2m:15486:18)\u001b[22m\u001b[2m\u001b[22m\n\u001b[2m      \u001b[2mat mountIndeterminateComponent (\u001b[22m\u001b[2mnode_modules/react-dom/cjs/react-dom.development.js\u001b[2m:20103:13)\u001b[22m\u001b[2m\u001b[22m\n\u001b[2m      \u001b[2mat beginWork (\u001b[22m\u001b[2mnode_modules/react-dom/cjs/react-dom.development.js\u001b[2m:21626:16)\u001b[22m\u001b[2m\u001b[22m\n\u001b[2m      \u001b[2mat beginWork$1 (\u001b[22m\u001b[2mnode_modules/react-dom/cjs/react-dom.development.js\u001b[2m:27465:14)\u001b[22m\u001b[2m\u001b[22m\n\u001b[2m      \u001b[2mat performUnitOfWork (\u001b[22m\u001b[2mnode_modules/react-dom/cjs/react-dom.development.js\u001b[2m:26599:12)\u001b[22m\u001b[2m\u001b[22m\n\u001b[2m      \u001b[2mat workLoopSync (\u001b[22m\u001b[2mnode_modules/react-dom/cjs/react-dom.development.js\u001b[2m:26505:5)\u001b[22m\u001b[2m\u001b[22m\n\u001b[2m      \u001b[2mat renderRootSync (\u001b[22m\u001b[2mnode_modules/react-dom/cjs/react-dom.development.js\u001b[2m:26473:7)\u001b[22m\u001b[2m\u001b[22m\n\u001b[2m      \u001b[2mat recoverFromConcurrentError (\u001b[22m\u001b[2mnode_modules/react-dom/cjs/react-dom.development.js\u001b[2m:25889:20)\u001b[22m\u001b[2m\u001b[22m\n\u001b[2m      \u001b[2mat performConcurrentWorkOnRoot (\u001b[22m\u001b[2mnode_modules/react-dom/cjs/react-dom.development.js\u001b[2m:25789:22)\u001b[22m\u001b[2m\u001b[22m\n\u001b[2m      \u001b[2mat flushActQueue (\u001b[22m\u001b[2mnode_modules/react/cjs/react.development.js\u001b[2m:2667:24)\u001b[22m\u001b[2m\u001b[22m\n\u001b[2m      \u001b[2mat act (\u001b[22m\u001b[2mnode_modules/react/cjs/react.development.js\u001b[2m:2582:11)\u001b[22m\u001b[2m\u001b[22m\n\u001b[2m      \u001b[2mat \u001b[22m\u001b[2mnode_modules/@testing-library/react/dist/act-compat.js\u001b[2m:47:25\u001b[22m\u001b[2m\u001b[22m\n\u001b[2m      \u001b[2mat renderRoot (\u001b[22m\u001b[2mnode_modules/@testing-library/react/dist/pure.js\u001b[2m:190:26)\u001b[22m\u001b[2m\u001b[22m\n\u001b[2m      \u001b[2mat render (\u001b[22m\u001b[2mnode_modules/@testing-library/react/dist/pure.js\u001b[2m:292:10)\u001b[22m\u001b[2m\u001b[22m\n\u001b[2m      \u001b[2mat Object.<anonymous> (\u001b[22m\u001b[2m\u001b[0m\u001b[36msrc/global/utils/__tests__/Providers.test.tsx\u001b[39m\u001b[0m\u001b[2m:180:13)\u001b[22m\u001b[2m\u001b[22m\n\n\u001b[1m\u001b[31m  \u001b[1m● \u001b[22m\u001b[1mProviders Component › AuthProvider › should initialize user when client is ready\u001b[39m\u001b[22m\n\n    No QueryClient set, use QueryClientProvider to set one\n\u001b[2m\u001b[22m\n\u001b[2m    \u001b[0m \u001b[90m 14 |\u001b[39m \u001b[36mexport\u001b[39m \u001b[36mconst\u001b[39m useNotificationListeners \u001b[33m=\u001b[39m () \u001b[33m=>\u001b[39m {\u001b[22m\n\u001b[2m     \u001b[90m 15 |\u001b[39m   \u001b[36mconst\u001b[39m user \u001b[33m=\u001b[39m useStore($user)\u001b[33m;\u001b[39m\u001b[22m\n\u001b[2m    \u001b[31m\u001b[1m>\u001b[22m\u001b[2m\u001b[39m\u001b[90m 16 |\u001b[39m   \u001b[36mconst\u001b[39m queryClient \u001b[33m=\u001b[39m useQueryClient()\u001b[33m;\u001b[39m\u001b[22m\n\u001b[2m     \u001b[90m    |\u001b[39m                                     \u001b[31m\u001b[1m^\u001b[22m\u001b[2m\u001b[39m\u001b[22m\n\u001b[2m     \u001b[90m 17 |\u001b[39m   \u001b[36mconst\u001b[39m socketRef \u001b[33m=\u001b[39m useRef\u001b[33m<\u001b[39m\u001b[33mSocket\u001b[39m \u001b[33m|\u001b[39m \u001b[36mnull\u001b[39m\u001b[33m>\u001b[39m(\u001b[36mnull\u001b[39m)\u001b[33m;\u001b[39m\u001b[22m\n\u001b[2m     \u001b[90m 18 |\u001b[39m   \u001b[36mconst\u001b[39m router \u001b[33m=\u001b[39m useRouter()\u001b[33m;\u001b[39m\u001b[22m\n\u001b[2m     \u001b[90m 19 |\u001b[39m\u001b[0m\u001b[22m\n\u001b[2m\u001b[22m\n\u001b[2m      \u001b[2mat useQueryClient (\u001b[22m\u001b[2mnode_modules/@tanstack/react-query/src/QueryClientProvider.tsx\u001b[2m:18:11)\u001b[22m\u001b[2m\u001b[22m\n\u001b[2m      \u001b[2mat useNotificationListeners (\u001b[22m\u001b[2msrc/global/hooks/useNotificationListeners.tsx\u001b[2m:16:37)\u001b[22m\u001b[2m\u001b[22m\n\u001b[2m      \u001b[2mat WebSocketManager (\u001b[22m\u001b[2msrc/global/utils/Providers.tsx\u001b[2m:22:27)\u001b[22m\u001b[2m\u001b[22m\n\u001b[2m      \u001b[2mat renderWithHooks (\u001b[22m\u001b[2mnode_modules/react-dom/cjs/react-dom.development.js\u001b[2m:15486:18)\u001b[22m\u001b[2m\u001b[22m\n\u001b[2m      \u001b[2mat mountIndeterminateComponent (\u001b[22m\u001b[2mnode_modules/react-dom/cjs/react-dom.development.js\u001b[2m:20103:13)\u001b[22m\u001b[2m\u001b[22m\n\u001b[2m      \u001b[2mat beginWork (\u001b[22m\u001b[2mnode_modules/react-dom/cjs/react-dom.development.js\u001b[2m:21626:16)\u001b[22m\u001b[2m\u001b[22m\n\u001b[2m      \u001b[2mat beginWork$1 (\u001b[22m\u001b[2mnode_modules/react-dom/cjs/react-dom.development.js\u001b[2m:27465:14)\u001b[22m\u001b[2m\u001b[22m\n\u001b[2m      \u001b[2mat performUnitOfWork (\u001b[22m\u001b[2mnode_modules/react-dom/cjs/react-dom.development.js\u001b[2m:26599:12)\u001b[22m\u001b[2m\u001b[22m\n\u001b[2m      \u001b[2mat workLoopSync (\u001b[22m\u001b[2mnode_modules/react-dom/cjs/react-dom.development.js\u001b[2m:26505:5)\u001b[22m\u001b[2m\u001b[22m\n\u001b[2m      \u001b[2mat renderRootSync (\u001b[22m\u001b[2mnode_modules/react-dom/cjs/react-dom.development.js\u001b[2m:26473:7)\u001b[22m\u001b[2m\u001b[22m\n\u001b[2m      \u001b[2mat recoverFromConcurrentError (\u001b[22m\u001b[2mnode_modules/react-dom/cjs/react-dom.development.js\u001b[2m:25889:20)\u001b[22m\u001b[2m\u001b[22m\n\u001b[2m      \u001b[2mat performConcurrentWorkOnRoot (\u001b[22m\u001b[2mnode_modules/react-dom/cjs/react-dom.development.js\u001b[2m:25789:22)\u001b[22m\u001b[2m\u001b[22m\n\u001b[2m      \u001b[2mat flushActQueue (\u001b[22m\u001b[2mnode_modules/react/cjs/react.development.js\u001b[2m:2667:24)\u001b[22m\u001b[2m\u001b[22m\n\u001b[2m      \u001b[2mat act (\u001b[22m\u001b[2mnode_modules/react/cjs/react.development.js\u001b[2m:2582:11)\u001b[22m\u001b[2m\u001b[22m\n\u001b[2m      \u001b[2mat \u001b[22m\u001b[2mnode_modules/@testing-library/react/dist/act-compat.js\u001b[2m:47:25\u001b[22m\u001b[2m\u001b[22m\n\u001b[2m      \u001b[2mat renderRoot (\u001b[22m\u001b[2mnode_modules/@testing-library/react/dist/pure.js\u001b[2m:190:26)\u001b[22m\u001b[2m\u001b[22m\n\u001b[2m      \u001b[2mat render (\u001b[22m\u001b[2mnode_modules/@testing-library/react/dist/pure.js\u001b[2m:292:10)\u001b[22m\u001b[2m\u001b[22m\n\u001b[2m      \u001b[2mat Object.<anonymous> (\u001b[22m\u001b[2m\u001b[0m\u001b[36msrc/global/utils/__tests__/Providers.test.tsx\u001b[39m\u001b[0m\u001b[2m:192:13)\u001b[22m\u001b[2m\u001b[22m\n\n\u001b[1m\u001b[31m  \u001b[1m● \u001b[22m\u001b[1mProviders Component › AuthProvider › should not initialize user when not on client\u001b[39m\u001b[22m\n\n    No QueryClient set, use QueryClientProvider to set one\n\u001b[2m\u001b[22m\n\u001b[2m    \u001b[0m \u001b[90m 14 |\u001b[39m \u001b[36mexport\u001b[39m \u001b[36mconst\u001b[39m useNotificationListeners \u001b[33m=\u001b[39m () \u001b[33m=>\u001b[39m {\u001b[22m\n\u001b[2m     \u001b[90m 15 |\u001b[39m   \u001b[36mconst\u001b[39m user \u001b[33m=\u001b[39m useStore($user)\u001b[33m;\u001b[39m\u001b[22m\n\u001b[2m    \u001b[31m\u001b[1m>\u001b[22m\u001b[2m\u001b[39m\u001b[90m 16 |\u001b[39m   \u001b[36mconst\u001b[39m queryClient \u001b[33m=\u001b[39m useQueryClient()\u001b[33m;\u001b[39m\u001b[22m\n\u001b[2m     \u001b[90m    |\u001b[39m                                     \u001b[31m\u001b[1m^\u001b[22m\u001b[2m\u001b[39m\u001b[22m\n\u001b[2m     \u001b[90m 17 |\u001b[39m   \u001b[36mconst\u001b[39m socketRef \u001b[33m=\u001b[39m useRef\u001b[33m<\u001b[39m\u001b[33mSocket\u001b[39m \u001b[33m|\u001b[39m \u001b[36mnull\u001b[39m\u001b[33m>\u001b[39m(\u001b[36mnull\u001b[39m)\u001b[33m;\u001b[39m\u001b[22m\n\u001b[2m     \u001b[90m 18 |\u001b[39m   \u001b[36mconst\u001b[39m router \u001b[33m=\u001b[39m useRouter()\u001b[33m;\u001b[39m\u001b[22m\n\u001b[2m     \u001b[90m 19 |\u001b[39m\u001b[0m\u001b[22m\n\u001b[2m\u001b[22m\n\u001b[2m      \u001b[2mat useQueryClient (\u001b[22m\u001b[2mnode_modules/@tanstack/react-query/src/QueryClientProvider.tsx\u001b[2m:18:11)\u001b[22m\u001b[2m\u001b[22m\n\u001b[2m      \u001b[2mat useNotificationListeners (\u001b[22m\u001b[2msrc/global/hooks/useNotificationListeners.tsx\u001b[2m:16:37)\u001b[22m\u001b[2m\u001b[22m\n\u001b[2m      \u001b[2mat WebSocketManager (\u001b[22m\u001b[2msrc/global/utils/Providers.tsx\u001b[2m:22:27)\u001b[22m\u001b[2m\u001b[22m\n\u001b[2m      \u001b[2mat renderWithHooks (\u001b[22m\u001b[2mnode_modules/react-dom/cjs/react-dom.development.js\u001b[2m:15486:18)\u001b[22m\u001b[2m\u001b[22m\n\u001b[2m      \u001b[2mat mountIndeterminateComponent (\u001b[22m\u001b[2mnode_modules/react-dom/cjs/react-dom.development.js\u001b[2m:20103:13)\u001b[22m\u001b[2m\u001b[22m\n\u001b[2m      \u001b[2mat beginWork (\u001b[22m\u001b[2mnode_modules/react-dom/cjs/react-dom.development.js\u001b[2m:21626:16)\u001b[22m\u001b[2m\u001b[22m\n\u001b[2m      \u001b[2mat beginWork$1 (\u001b[22m\u001b[2mnode_modules/react-dom/cjs/react-dom.development.js\u001b[2m:27465:14)\u001b[22m\u001b[2m\u001b[22m\n\u001b[2m      \u001b[2mat performUnitOfWork (\u001b[22m\u001b[2mnode_modules/react-dom/cjs/react-dom.development.js\u001b[2m:26599:12)\u001b[22m\u001b[2m\u001b[22m\n\u001b[2m      \u001b[2mat workLoopSync (\u001b[22m\u001b[2mnode_modules/react-dom/cjs/react-dom.development.js\u001b[2m:26505:5)\u001b[22m\u001b[2m\u001b[22m\n\u001b[2m      \u001b[2mat renderRootSync (\u001b[22m\u001b[2mnode_modules/react-dom/cjs/react-dom.development.js\u001b[2m:26473:7)\u001b[22m\u001b[2m\u001b[22m\n\u001b[2m      \u001b[2mat recoverFromConcurrentError (\u001b[22m\u001b[2mnode_modules/react-dom/cjs/react-dom.development.js\u001b[2m:25889:20)\u001b[22m\u001b[2m\u001b[22m\n\u001b[2m      \u001b[2mat performConcurrentWorkOnRoot (\u001b[22m\u001b[2mnode_modules/react-dom/cjs/react-dom.development.js\u001b[2m:25789:22)\u001b[22m\u001b[2m\u001b[22m\n\u001b[2m      \u001b[2mat flushActQueue (\u001b[22m\u001b[2mnode_modules/react/cjs/react.development.js\u001b[2m:2667:24)\u001b[22m\u001b[2m\u001b[22m\n\u001b[2m      \u001b[2mat act (\u001b[22m\u001b[2mnode_modules/react/cjs/react.development.js\u001b[2m:2582:11)\u001b[22m\u001b[2m\u001b[22m\n\u001b[2m      \u001b[2mat \u001b[22m\u001b[2mnode_modules/@testing-library/react/dist/act-compat.js\u001b[2m:47:25\u001b[22m\u001b[2m\u001b[22m\n\u001b[2m      \u001b[2mat renderRoot (\u001b[22m\u001b[2mnode_modules/@testing-library/react/dist/pure.js\u001b[2m:190:26)\u001b[22m\u001b[2m\u001b[22m\n\u001b[2m      \u001b[2mat render (\u001b[22m\u001b[2mnode_modules/@testing-library/react/dist/pure.js\u001b[2m:292:10)\u001b[22m\u001b[2m\u001b[22m\n\u001b[2m      \u001b[2mat Object.<anonymous> (\u001b[22m\u001b[2m\u001b[0m\u001b[36msrc/global/utils/__tests__/Providers.test.tsx\u001b[39m\u001b[0m\u001b[2m:211:13)\u001b[22m\u001b[2m\u001b[22m\n\n\u001b[1m\u001b[31m  \u001b[1m● \u001b[22m\u001b[1mProviders Component › AuthProvider › should initialize user immediately on mount\u001b[39m\u001b[22m\n\n    No QueryClient set, use QueryClientProvider to set one\n\u001b[2m\u001b[22m\n\u001b[2m    \u001b[0m \u001b[90m 14 |\u001b[39m \u001b[36mexport\u001b[39m \u001b[36mconst\u001b[39m useNotificationListeners \u001b[33m=\u001b[39m () \u001b[33m=>\u001b[39m {\u001b[22m\n\u001b[2m     \u001b[90m 15 |\u001b[39m   \u001b[36mconst\u001b[39m user \u001b[33m=\u001b[39m useStore($user)\u001b[33m;\u001b[39m\u001b[22m\n\u001b[2m    \u001b[31m\u001b[1m>\u001b[22m\u001b[2m\u001b[39m\u001b[90m 16 |\u001b[39m   \u001b[36mconst\u001b[39m queryClient \u001b[33m=\u001b[39m useQueryClient()\u001b[33m;\u001b[39m\u001b[22m\n\u001b[2m     \u001b[90m    |\u001b[39m                                     \u001b[31m\u001b[1m^\u001b[22m\u001b[2m\u001b[39m\u001b[22m\n\u001b[2m     \u001b[90m 17 |\u001b[39m   \u001b[36mconst\u001b[39m socketRef \u001b[33m=\u001b[39m useRef\u001b[33m<\u001b[39m\u001b[33mSocket\u001b[39m \u001b[33m|\u001b[39m \u001b[36mnull\u001b[39m\u001b[33m>\u001b[39m(\u001b[36mnull\u001b[39m)\u001b[33m;\u001b[39m\u001b[22m\n\u001b[2m     \u001b[90m 18 |\u001b[39m   \u001b[36mconst\u001b[39m router \u001b[33m=\u001b[39m useRouter()\u001b[33m;\u001b[39m\u001b[22m\n\u001b[2m     \u001b[90m 19 |\u001b[39m\u001b[0m\u001b[22m\n\u001b[2m\u001b[22m\n\u001b[2m      \u001b[2mat useQueryClient (\u001b[22m\u001b[2mnode_modules/@tanstack/react-query/src/QueryClientProvider.tsx\u001b[2m:18:11)\u001b[22m\u001b[2m\u001b[22m\n\u001b[2m      \u001b[2mat useNotificationListeners (\u001b[22m\u001b[2msrc/global/hooks/useNotificationListeners.tsx\u001b[2m:16:37)\u001b[22m\u001b[2m\u001b[22m\n\u001b[2m      \u001b[2mat WebSocketManager (\u001b[22m\u001b[2msrc/global/utils/Providers.tsx\u001b[2m:22:27)\u001b[22m\u001b[2m\u001b[22m\n\u001b[2m      \u001b[2mat renderWithHooks (\u001b[22m\u001b[2mnode_modules/react-dom/cjs/react-dom.development.js\u001b[2m:15486:18)\u001b[22m\u001b[2m\u001b[22m\n\u001b[2m      \u001b[2mat mountIndeterminateComponent (\u001b[22m\u001b[2mnode_modules/react-dom/cjs/react-dom.development.js\u001b[2m:20103:13)\u001b[22m\u001b[2m\u001b[22m\n\u001b[2m      \u001b[2mat beginWork (\u001b[22m\u001b[2mnode_modules/react-dom/cjs/react-dom.development.js\u001b[2m:21626:16)\u001b[22m\u001b[2m\u001b[22m\n\u001b[2m      \u001b[2mat beginWork$1 (\u001b[22m\u001b[2mnode_modules/react-dom/cjs/react-dom.development.js\u001b[2m:27465:14)\u001b[22m\u001b[2m\u001b[22m\n\u001b[2m      \u001b[2mat performUnitOfWork (\u001b[22m\u001b[2mnode_modules/react-dom/cjs/react-dom.development.js\u001b[2m:26599:12)\u001b[22m\u001b[2m\u001b[22m\n\u001b[2m      \u001b[2mat workLoopSync (\u001b[22m\u001b[2mnode_modules/react-dom/cjs/react-dom.development.js\u001b[2m:26505:5)\u001b[22m\u001b[2m\u001b[22m\n\u001b[2m      \u001b[2mat renderRootSync (\u001b[22m\u001b[2mnode_modules/react-dom/cjs/react-dom.development.js\u001b[2m:26473:7)\u001b[22m\u001b[2m\u001b[22m\n\u001b[2m      \u001b[2mat recoverFromConcurrentError (\u001b[22m\u001b[2mnode_modules/react-dom/cjs/react-dom.development.js\u001b[2m:25889:20)\u001b[22m\u001b[2m\u001b[22m\n\u001b[2m      \u001b[2mat performConcurrentWorkOnRoot (\u001b[22m\u001b[2mnode_modules/react-dom/cjs/react-dom.development.js\u001b[2m:25789:22)\u001b[22m\u001b[2m\u001b[22m\n\u001b[2m      \u001b[2mat flushActQueue (\u001b[22m\u001b[2mnode_modules/react/cjs/react.development.js\u001b[2m:2667:24)\u001b[22m\u001b[2m\u001b[22m\n\u001b[2m      \u001b[2mat act (\u001b[22m\u001b[2mnode_modules/react/cjs/react.development.js\u001b[2m:2582:11)\u001b[22m\u001b[2m\u001b[22m\n\u001b[2m      \u001b[2mat \u001b[22m\u001b[2mnode_modules/@testing-library/react/dist/act-compat.js\u001b[2m:47:25\u001b[22m\u001b[2m\u001b[22m\n\u001b[2m      \u001b[2mat renderRoot (\u001b[22m\u001b[2mnode_modules/@testing-library/react/dist/pure.js\u001b[2m:190:26)\u001b[22m\u001b[2m\u001b[22m\n\u001b[2m      \u001b[2mat render (\u001b[22m\u001b[2mnode_modules/@testing-library/react/dist/pure.js\u001b[2m:292:10)\u001b[22m\u001b[2m\u001b[22m\n\u001b[2m      \u001b[2mat Object.<anonymous> (\u001b[22m\u001b[2m\u001b[0m\u001b[36msrc/global/utils/__tests__/Providers.test.tsx\u001b[39m\u001b[0m\u001b[2m:229:13)\u001b[22m\u001b[2m\u001b[22m\n\n\u001b[1m\u001b[31m  \u001b[1m● \u001b[22m\u001b[1mProviders Component › AuthProvider › should handle unmount correctly\u001b[39m\u001b[22m\n\n    No QueryClient set, use QueryClientProvider to set one\n\u001b[2m\u001b[22m\n\u001b[2m    \u001b[0m \u001b[90m 14 |\u001b[39m \u001b[36mexport\u001b[39m \u001b[36mconst\u001b[39m useNotificationListeners \u001b[33m=\u001b[39m () \u001b[33m=>\u001b[39m {\u001b[22m\n\u001b[2m     \u001b[90m 15 |\u001b[39m   \u001b[36mconst\u001b[39m user \u001b[33m=\u001b[39m useStore($user)\u001b[33m;\u001b[39m\u001b[22m\n\u001b[2m    \u001b[31m\u001b[1m>\u001b[22m\u001b[2m\u001b[39m\u001b[90m 16 |\u001b[39m   \u001b[36mconst\u001b[39m queryClient \u001b[33m=\u001b[39m useQueryClient()\u001b[33m;\u001b[39m\u001b[22m\n\u001b[2m     \u001b[90m    |\u001b[39m                                     \u001b[31m\u001b[1m^\u001b[22m\u001b[2m\u001b[39m\u001b[22m\n\u001b[2m     \u001b[90m 17 |\u001b[39m   \u001b[36mconst\u001b[39m socketRef \u001b[33m=\u001b[39m useRef\u001b[33m<\u001b[39m\u001b[33mSocket\u001b[39m \u001b[33m|\u001b[39m \u001b[36mnull\u001b[39m\u001b[33m>\u001b[39m(\u001b[36mnull\u001b[39m)\u001b[33m;\u001b[39m\u001b[22m\n\u001b[2m     \u001b[90m 18 |\u001b[39m   \u001b[36mconst\u001b[39m router \u001b[33m=\u001b[39m useRouter()\u001b[33m;\u001b[39m\u001b[22m\n\u001b[2m     \u001b[90m 19 |\u001b[39m\u001b[0m\u001b[22m\n\u001b[2m\u001b[22m\n\u001b[2m      \u001b[2mat useQueryClient (\u001b[22m\u001b[2mnode_modules/@tanstack/react-query/src/QueryClientProvider.tsx\u001b[2m:18:11)\u001b[22m\u001b[2m\u001b[22m\n\u001b[2m      \u001b[2mat useNotificationListeners (\u001b[22m\u001b[2msrc/global/hooks/useNotificationListeners.tsx\u001b[2m:16:37)\u001b[22m\u001b[2m\u001b[22m\n\u001b[2m      \u001b[2mat WebSocketManager (\u001b[22m\u001b[2msrc/global/utils/Providers.tsx\u001b[2m:22:27)\u001b[22m\u001b[2m\u001b[22m\n\u001b[2m      \u001b[2mat renderWithHooks (\u001b[22m\u001b[2mnode_modules/react-dom/cjs/react-dom.development.js\u001b[2m:15486:18)\u001b[22m\u001b[2m\u001b[22m\n\u001b[2m      \u001b[2mat mountIndeterminateComponent (\u001b[22m\u001b[2mnode_modules/react-dom/cjs/react-dom.development.js\u001b[2m:20103:13)\u001b[22m\u001b[2m\u001b[22m\n\u001b[2m      \u001b[2mat beginWork (\u001b[22m\u001b[2mnode_modules/react-dom/cjs/react-dom.development.js\u001b[2m:21626:16)\u001b[22m\u001b[2m\u001b[22m\n\u001b[2m      \u001b[2mat beginWork$1 (\u001b[22m\u001b[2mnode_modules/react-dom/cjs/react-dom.development.js\u001b[2m:27465:14)\u001b[22m\u001b[2m\u001b[22m\n\u001b[2m      \u001b[2mat performUnitOfWork (\u001b[22m\u001b[2mnode_modules/react-dom/cjs/react-dom.development.js\u001b[2m:26599:12)\u001b[22m\u001b[2m\u001b[22m\n\u001b[2m      \u001b[2mat workLoopSync (\u001b[22m\u001b[2mnode_modules/react-dom/cjs/react-dom.development.js\u001b[2m:26505:5)\u001b[22m\u001b[2m\u001b[22m\n\u001b[2m      \u001b[2mat renderRootSync (\u001b[22m\u001b[2mnode_modules/react-dom/cjs/react-dom.development.js\u001b[2m:26473:7)\u001b[22m\u001b[2m\u001b[22m\n\u001b[2m      \u001b[2mat recoverFromConcurrentError (\u001b[22m\u001b[2mnode_modules/react-dom/cjs/react-dom.development.js\u001b[2m:25889:20)\u001b[22m\u001b[2m\u001b[22m\n\u001b[2m      \u001b[2mat performConcurrentWorkOnRoot (\u001b[22m\u001b[2mnode_modules/react-dom/cjs/react-dom.development.js\u001b[2m:25789:22)\u001b[22m\u001b[2m\u001b[22m\n\u001b[2m      \u001b[2mat flushActQueue (\u001b[22m\u001b[2mnode_modules/react/cjs/react.development.js\u001b[2m:2667:24)\u001b[22m\u001b[2m\u001b[22m\n\u001b[2m      \u001b[2mat act (\u001b[22m\u001b[2mnode_modules/react/cjs/react.development.js\u001b[2m:2582:11)\u001b[22m\u001b[2m\u001b[22m\n\u001b[2m      \u001b[2mat \u001b[22m\u001b[2mnode_modules/@testing-library/react/dist/act-compat.js\u001b[2m:47:25\u001b[22m\u001b[2m\u001b[22m\n\u001b[2m      \u001b[2mat renderRoot (\u001b[22m\u001b[2mnode_modules/@testing-library/react/dist/pure.js\u001b[2m:190:26)\u001b[22m\u001b[2m\u001b[22m\n\u001b[2m      \u001b[2mat render (\u001b[22m\u001b[2mnode_modules/@testing-library/react/dist/pure.js\u001b[2m:292:10)\u001b[22m\u001b[2m\u001b[22m\n\u001b[2m      \u001b[2mat Object.<anonymous> (\u001b[22m\u001b[2m\u001b[0m\u001b[36msrc/global/utils/__tests__/Providers.test.tsx\u001b[39m\u001b[0m\u001b[2m:244:33)\u001b[22m\u001b[2m\u001b[22m\n\n\u001b[1m\u001b[31m  \u001b[1m● \u001b[22m\u001b[1mProviders Component › AuthProvider › should only initialize once even with multiple renders\u001b[39m\u001b[22m\n\n    No QueryClient set, use QueryClientProvider to set one\n\u001b[2m\u001b[22m\n\u001b[2m    \u001b[0m \u001b[90m 14 |\u001b[39m \u001b[36mexport\u001b[39m \u001b[36mconst\u001b[39m useNotificationListeners \u001b[33m=\u001b[39m () \u001b[33m=>\u001b[39m {\u001b[22m\n\u001b[2m     \u001b[90m 15 |\u001b[39m   \u001b[36mconst\u001b[39m user \u001b[33m=\u001b[39m useStore($user)\u001b[33m;\u001b[39m\u001b[22m\n\u001b[2m    \u001b[31m\u001b[1m>\u001b[22m\u001b[2m\u001b[39m\u001b[90m 16 |\u001b[39m   \u001b[36mconst\u001b[39m queryClient \u001b[33m=\u001b[39m useQueryClient()\u001b[33m;\u001b[39m\u001b[22m\n\u001b[2m     \u001b[90m    |\u001b[39m                                     \u001b[31m\u001b[1m^\u001b[22m\u001b[2m\u001b[39m\u001b[22m\n\u001b[2m     \u001b[90m 17 |\u001b[39m   \u001b[36mconst\u001b[39m socketRef \u001b[33m=\u001b[39m useRef\u001b[33m<\u001b[39m\u001b[33mSocket\u001b[39m \u001b[33m|\u001b[39m \u001b[36mnull\u001b[39m\u001b[33m>\u001b[39m(\u001b[36mnull\u001b[39m)\u001b[33m;\u001b[39m\u001b[22m\n\u001b[2m     \u001b[90m 18 |\u001b[39m   \u001b[36mconst\u001b[39m router \u001b[33m=\u001b[39m useRouter()\u001b[33m;\u001b[39m\u001b[22m\n\u001b[2m     \u001b[90m 19 |\u001b[39m\u001b[0m\u001b[22m\n\u001b[2m\u001b[22m\n\u001b[2m      \u001b[2mat useQueryClient (\u001b[22m\u001b[2mnode_modules/@tanstack/react-query/src/QueryClientProvider.tsx\u001b[2m:18:11)\u001b[22m\u001b[2m\u001b[22m\n\u001b[2m      \u001b[2mat useNotificationListeners (\u001b[22m\u001b[2msrc/global/hooks/useNotificationListeners.tsx\u001b[2m:16:37)\u001b[22m\u001b[2m\u001b[22m\n\u001b[2m      \u001b[2mat WebSocketManager (\u001b[22m\u001b[2msrc/global/utils/Providers.tsx\u001b[2m:22:27)\u001b[22m\u001b[2m\u001b[22m\n\u001b[2m      \u001b[2mat renderWithHooks (\u001b[22m\u001b[2mnode_modules/react-dom/cjs/react-dom.development.js\u001b[2m:15486:18)\u001b[22m\u001b[2m\u001b[22m\n\u001b[2m      \u001b[2mat mountIndeterminateComponent (\u001b[22m\u001b[2mnode_modules/react-dom/cjs/react-dom.development.js\u001b[2m:20103:13)\u001b[22m\u001b[2m\u001b[22m\n\u001b[2m      \u001b[2mat beginWork (\u001b[22m\u001b[2mnode_modules/react-dom/cjs/react-dom.development.js\u001b[2m:21626:16)\u001b[22m\u001b[2m\u001b[22m\n\u001b[2m      \u001b[2mat beginWork$1 (\u001b[22m\u001b[2mnode_modules/react-dom/cjs/react-dom.development.js\u001b[2m:27465:14)\u001b[22m\u001b[2m\u001b[22m\n\u001b[2m      \u001b[2mat performUnitOfWork (\u001b[22m\u001b[2mnode_modules/react-dom/cjs/react-dom.development.js\u001b[2m:26599:12)\u001b[22m\u001b[2m\u001b[22m\n\u001b[2m      \u001b[2mat workLoopSync (\u001b[22m\u001b[2mnode_modules/react-dom/cjs/react-dom.development.js\u001b[2m:26505:5)\u001b[22m\u001b[2m\u001b[22m\n\u001b[2m      \u001b[2mat renderRootSync (\u001b[22m\u001b[2mnode_modules/react-dom/cjs/react-dom.development.js\u001b[2m:26473:7)\u001b[22m\u001b[2m\u001b[22m\n\u001b[2m      \u001b[2mat recoverFromConcurrentError (\u001b[22m\u001b[2mnode_modules/react-dom/cjs/react-dom.development.js\u001b[2m:25889:20)\u001b[22m\u001b[2m\u001b[22m\n\u001b[2m      \u001b[2mat performConcurrentWorkOnRoot (\u001b[22m\u001b[2mnode_modules/react-dom/cjs/react-dom.development.js\u001b[2m:25789:22)\u001b[22m\u001b[2m\u001b[22m\n\u001b[2m      \u001b[2mat flushActQueue (\u001b[22m\u001b[2mnode_modules/react/cjs/react.development.js\u001b[2m:2667:24)\u001b[22m\u001b[2m\u001b[22m\n\u001b[2m      \u001b[2mat act (\u001b[22m\u001b[2mnode_modules/react/cjs/react.development.js\u001b[2m:2582:11)\u001b[22m\u001b[2m\u001b[22m\n\u001b[2m      \u001b[2mat \u001b[22m\u001b[2mnode_modules/@testing-library/react/dist/act-compat.js\u001b[2m:47:25\u001b[22m\u001b[2m\u001b[22m\n\u001b[2m      \u001b[2mat renderRoot (\u001b[22m\u001b[2mnode_modules/@testing-library/react/dist/pure.js\u001b[2m:190:26)\u001b[22m\u001b[2m\u001b[22m\n\u001b[2m      \u001b[2mat render (\u001b[22m\u001b[2mnode_modules/@testing-library/react/dist/pure.js\u001b[2m:292:10)\u001b[22m\u001b[2m\u001b[22m\n\u001b[2m      \u001b[2mat Object.<anonymous> (\u001b[22m\u001b[2m\u001b[0m\u001b[36msrc/global/utils/__tests__/Providers.test.tsx\u001b[39m\u001b[0m\u001b[2m:262:34)\u001b[22m\u001b[2m\u001b[22m\n\n\u001b[1m\u001b[31m  \u001b[1m● \u001b[22m\u001b[1mProviders Component › AuthProvider › should render TokenManager and children\u001b[39m\u001b[22m\n\n    No QueryClient set, use QueryClientProvider to set one\n\u001b[2m\u001b[22m\n\u001b[2m    \u001b[0m \u001b[90m 14 |\u001b[39m \u001b[36mexport\u001b[39m \u001b[36mconst\u001b[39m useNotificationListeners \u001b[33m=\u001b[39m () \u001b[33m=>\u001b[39m {\u001b[22m\n\u001b[2m     \u001b[90m 15 |\u001b[39m   \u001b[36mconst\u001b[39m user \u001b[33m=\u001b[39m useStore($user)\u001b[33m;\u001b[39m\u001b[22m\n\u001b[2m    \u001b[31m\u001b[1m>\u001b[22m\u001b[2m\u001b[39m\u001b[90m 16 |\u001b[39m   \u001b[36mconst\u001b[39m queryClient \u001b[33m=\u001b[39m useQueryClient()\u001b[33m;\u001b[39m\u001b[22m\n\u001b[2m     \u001b[90m    |\u001b[39m                                     \u001b[31m\u001b[1m^\u001b[22m\u001b[2m\u001b[39m\u001b[22m\n\u001b[2m     \u001b[90m 17 |\u001b[39m   \u001b[36mconst\u001b[39m socketRef \u001b[33m=\u001b[39m useRef\u001b[33m<\u001b[39m\u001b[33mSocket\u001b[39m \u001b[33m|\u001b[39m \u001b[36mnull\u001b[39m\u001b[33m>\u001b[39m(\u001b[36mnull\u001b[39m)\u001b[33m;\u001b[39m\u001b[22m\n\u001b[2m     \u001b[90m 18 |\u001b[39m   \u001b[36mconst\u001b[39m router \u001b[33m=\u001b[39m useRouter()\u001b[33m;\u001b[39m\u001b[22m\n\u001b[2m     \u001b[90m 19 |\u001b[39m\u001b[0m\u001b[22m\n\u001b[2m\u001b[22m\n\u001b[2m      \u001b[2mat useQueryClient (\u001b[22m\u001b[2mnode_modules/@tanstack/react-query/src/QueryClientProvider.tsx\u001b[2m:18:11)\u001b[22m\u001b[2m\u001b[22m\n\u001b[2m      \u001b[2mat useNotificationListeners (\u001b[22m\u001b[2msrc/global/hooks/useNotificationListeners.tsx\u001b[2m:16:37)\u001b[22m\u001b[2m\u001b[22m\n\u001b[2m      \u001b[2mat WebSocketManager (\u001b[22m\u001b[2msrc/global/utils/Providers.tsx\u001b[2m:22:27)\u001b[22m\u001b[2m\u001b[22m\n\u001b[2m      \u001b[2mat renderWithHooks (\u001b[22m\u001b[2mnode_modules/react-dom/cjs/react-dom.development.js\u001b[2m:15486:18)\u001b[22m\u001b[2m\u001b[22m\n\u001b[2m      \u001b[2mat mountIndeterminateComponent (\u001b[22m\u001b[2mnode_modules/react-dom/cjs/react-dom.development.js\u001b[2m:20103:13)\u001b[22m\u001b[2m\u001b[22m\n\u001b[2m      \u001b[2mat beginWork (\u001b[22m\u001b[2mnode_modules/react-dom/cjs/react-dom.development.js\u001b[2m:21626:16)\u001b[22m\u001b[2m\u001b[22m\n\u001b[2m      \u001b[2mat beginWork$1 (\u001b[22m\u001b[2mnode_modules/react-dom/cjs/react-dom.development.js\u001b[2m:27465:14)\u001b[22m\u001b[2m\u001b[22m\n\u001b[2m      \u001b[2mat performUnitOfWork (\u001b[22m\u001b[2mnode_modules/react-dom/cjs/react-dom.development.js\u001b[2m:26599:12)\u001b[22m\u001b[2m\u001b[22m\n\u001b[2m      \u001b[2mat workLoopSync (\u001b[22m\u001b[2mnode_modules/react-dom/cjs/react-dom.development.js\u001b[2m:26505:5)\u001b[22m\u001b[2m\u001b[22m\n\u001b[2m      \u001b[2mat renderRootSync (\u001b[22m\u001b[2mnode_modules/react-dom/cjs/react-dom.development.js\u001b[2m:26473:7)\u001b[22m\u001b[2m\u001b[22m\n\u001b[2m      \u001b[2mat recoverFromConcurrentError (\u001b[22m\u001b[2mnode_modules/react-dom/cjs/react-dom.development.js\u001b[2m:25889:20)\u001b[22m\u001b[2m\u001b[22m\n\u001b[2m      \u001b[2mat performConcurrentWorkOnRoot (\u001b[22m\u001b[2mnode_modules/react-dom/cjs/react-dom.development.js\u001b[2m:25789:22)\u001b[22m\u001b[2m\u001b[22m\n\u001b[2m      \u001b[2mat flushActQueue (\u001b[22m\u001b[2mnode_modules/react/cjs/react.development.js\u001b[2m:2667:24)\u001b[22m\u001b[2m\u001b[22m\n\u001b[2m      \u001b[2mat act (\u001b[22m\u001b[2mnode_modules/react/cjs/react.development.js\u001b[2m:2582:11)\u001b[22m\u001b[2m\u001b[22m\n\u001b[2m      \u001b[2mat \u001b[22m\u001b[2mnode_modules/@testing-library/react/dist/act-compat.js\u001b[2m:47:25\u001b[22m\u001b[2m\u001b[22m\n\u001b[2m      \u001b[2mat renderRoot (\u001b[22m\u001b[2mnode_modules/@testing-library/react/dist/pure.js\u001b[2m:190:26)\u001b[22m\u001b[2m\u001b[22m\n\u001b[2m      \u001b[2mat render (\u001b[22m\u001b[2mnode_modules/@testing-library/react/dist/pure.js\u001b[2m:292:10)\u001b[22m\u001b[2m\u001b[22m\n\u001b[2m      \u001b[2mat Object.<anonymous> (\u001b[22m\u001b[2m\u001b[0m\u001b[36msrc/global/utils/__tests__/Providers.test.tsx\u001b[39m\u001b[0m\u001b[2m:294:13)\u001b[22m\u001b[2m\u001b[22m\n\n\u001b[1m\u001b[31m  \u001b[1m● \u001b[22m\u001b[1mProviders Component › Children rendering › should render single child\u001b[39m\u001b[22m\n\n    No QueryClient set, use QueryClientProvider to set one\n\u001b[2m\u001b[22m\n\u001b[2m    \u001b[0m \u001b[90m 14 |\u001b[39m \u001b[36mexport\u001b[39m \u001b[36mconst\u001b[39m useNotificationListeners \u001b[33m=\u001b[39m () \u001b[33m=>\u001b[39m {\u001b[22m\n\u001b[2m     \u001b[90m 15 |\u001b[39m   \u001b[36mconst\u001b[39m user \u001b[33m=\u001b[39m useStore($user)\u001b[33m;\u001b[39m\u001b[22m\n\u001b[2m    \u001b[31m\u001b[1m>\u001b[22m\u001b[2m\u001b[39m\u001b[90m 16 |\u001b[39m   \u001b[36mconst\u001b[39m queryClient \u001b[33m=\u001b[39m useQueryClient()\u001b[33m;\u001b[39m\u001b[22m\n\u001b[2m     \u001b[90m    |\u001b[39m                                     \u001b[31m\u001b[1m^\u001b[22m\u001b[2m\u001b[39m\u001b[22m\n\u001b[2m     \u001b[90m 17 |\u001b[39m   \u001b[36mconst\u001b[39m socketRef \u001b[33m=\u001b[39m useRef\u001b[33m<\u001b[39m\u001b[33mSocket\u001b[39m \u001b[33m|\u001b[39m \u001b[36mnull\u001b[39m\u001b[33m>\u001b[39m(\u001b[36mnull\u001b[39m)\u001b[33m;\u001b[39m\u001b[22m\n\u001b[2m     \u001b[90m 18 |\u001b[39m   \u001b[36mconst\u001b[39m router \u001b[33m=\u001b[39m useRouter()\u001b[33m;\u001b[39m\u001b[22m\n\u001b[2m     \u001b[90m 19 |\u001b[39m\u001b[0m\u001b[22m\n\u001b[2m\u001b[22m\n\u001b[2m      \u001b[2mat useQueryClient (\u001b[22m\u001b[2mnode_modules/@tanstack/react-query/src/QueryClientProvider.tsx\u001b[2m:18:11)\u001b[22m\u001b[2m\u001b[22m\n\u001b[2m      \u001b[2mat useNotificationListeners (\u001b[22m\u001b[2msrc/global/hooks/useNotificationListeners.tsx\u001b[2m:16:37)\u001b[22m\u001b[2m\u001b[22m\n\u001b[2m      \u001b[2mat WebSocketManager (\u001b[22m\u001b[2msrc/global/utils/Providers.tsx\u001b[2m:22:27)\u001b[22m\u001b[2m\u001b[22m\n\u001b[2m      \u001b[2mat renderWithHooks (\u001b[22m\u001b[2mnode_modules/react-dom/cjs/react-dom.development.js\u001b[2m:15486:18)\u001b[22m\u001b[2m\u001b[22m\n\u001b[2m      \u001b[2mat mountIndeterminateComponent (\u001b[22m\u001b[2mnode_modules/react-dom/cjs/react-dom.development.js\u001b[2m:20103:13)\u001b[22m\u001b[2m\u001b[22m\n\u001b[2m      \u001b[2mat beginWork (\u001b[22m\u001b[2mnode_modules/react-dom/cjs/react-dom.development.js\u001b[2m:21626:16)\u001b[22m\u001b[2m\u001b[22m\n\u001b[2m      \u001b[2mat beginWork$1 (\u001b[22m\u001b[2mnode_modules/react-dom/cjs/react-dom.development.js\u001b[2m:27465:14)\u001b[22m\u001b[2m\u001b[22m\n\u001b[2m      \u001b[2mat performUnitOfWork (\u001b[22m\u001b[2mnode_modules/react-dom/cjs/react-dom.development.js\u001b[2m:26599:12)\u001b[22m\u001b[2m\u001b[22m\n\u001b[2m      \u001b[2mat workLoopSync (\u001b[22m\u001b[2mnode_modules/react-dom/cjs/react-dom.development.js\u001b[2m:26505:5)\u001b[22m\u001b[2m\u001b[22m\n\u001b[2m      \u001b[2mat renderRootSync (\u001b[22m\u001b[2mnode_modules/react-dom/cjs/react-dom.development.js\u001b[2m:26473:7)\u001b[22m\u001b[2m\u001b[22m\n\u001b[2m      \u001b[2mat recoverFromConcurrentError (\u001b[22m\u001b[2mnode_modules/react-dom/cjs/react-dom.development.js\u001b[2m:25889:20)\u001b[22m\u001b[2m\u001b[22m\n\u001b[2m      \u001b[2mat performConcurrentWorkOnRoot (\u001b[22m\u001b[2mnode_modules/react-dom/cjs/react-dom.development.js\u001b[2m:25789:22)\u001b[22m\u001b[2m\u001b[22m\n\u001b[2m      \u001b[2mat flushActQueue (\u001b[22m\u001b[2mnode_modules/react/cjs/react.development.js\u001b[2m:2667:24)\u001b[22m\u001b[2m\u001b[22m\n\u001b[2m      \u001b[2mat act (\u001b[22m\u001b[2mnode_modules/react/cjs/react.development.js\u001b[2m:2582:11)\u001b[22m\u001b[2m\u001b[22m\n\u001b[2m      \u001b[2mat \u001b[22m\u001b[2mnode_modules/@testing-library/react/dist/act-compat.js\u001b[2m:47:25\u001b[22m\u001b[2m\u001b[22m\n\u001b[2m      \u001b[2mat renderRoot (\u001b[22m\u001b[2mnode_modules/@testing-library/react/dist/pure.js\u001b[2m:190:26)\u001b[22m\u001b[2m\u001b[22m\n\u001b[2m      \u001b[2mat render (\u001b[22m\u001b[2mnode_modules/@testing-library/react/dist/pure.js\u001b[2m:292:10)\u001b[22m\u001b[2m\u001b[22m\n\u001b[2m      \u001b[2mat Object.<anonymous> (\u001b[22m\u001b[2m\u001b[0m\u001b[36msrc/global/utils/__tests__/Providers.test.tsx\u001b[39m\u001b[0m\u001b[2m:307:13)\u001b[22m\u001b[2m\u001b[22m\n\n\u001b[1m\u001b[31m  \u001b[1m● \u001b[22m\u001b[1mProviders Component › Children rendering › should render multiple children\u001b[39m\u001b[22m\n\n    No QueryClient set, use QueryClientProvider to set one\n\u001b[2m\u001b[22m\n\u001b[2m    \u001b[0m \u001b[90m 14 |\u001b[39m \u001b[36mexport\u001b[39m \u001b[36mconst\u001b[39m useNotificationListeners \u001b[33m=\u001b[39m () \u001b[33m=>\u001b[39m {\u001b[22m\n\u001b[2m     \u001b[90m 15 |\u001b[39m   \u001b[36mconst\u001b[39m user \u001b[33m=\u001b[39m useStore($user)\u001b[33m;\u001b[39m\u001b[22m\n\u001b[2m    \u001b[31m\u001b[1m>\u001b[22m\u001b[2m\u001b[39m\u001b[90m 16 |\u001b[39m   \u001b[36mconst\u001b[39m queryClient \u001b[33m=\u001b[39m useQueryClient()\u001b[33m;\u001b[39m\u001b[22m\n\u001b[2m     \u001b[90m    |\u001b[39m                                     \u001b[31m\u001b[1m^\u001b[22m\u001b[2m\u001b[39m\u001b[22m\n\u001b[2m     \u001b[90m 17 |\u001b[39m   \u001b[36mconst\u001b[39m socketRef \u001b[33m=\u001b[39m useRef\u001b[33m<\u001b[39m\u001b[33mSocket\u001b[39m \u001b[33m|\u001b[39m \u001b[36mnull\u001b[39m\u001b[33m>\u001b[39m(\u001b[36mnull\u001b[39m)\u001b[33m;\u001b[39m\u001b[22m\n\u001b[2m     \u001b[90m 18 |\u001b[39m   \u001b[36mconst\u001b[39m router \u001b[33m=\u001b[39m useRouter()\u001b[33m;\u001b[39m\u001b[22m\n\u001b[2m     \u001b[90m 19 |\u001b[39m\u001b[0m\u001b[22m\n\u001b[2m\u001b[22m\n\u001b[2m      \u001b[2mat useQueryClient (\u001b[22m\u001b[2mnode_modules/@tanstack/react-query/src/QueryClientProvider.tsx\u001b[2m:18:11)\u001b[22m\u001b[2m\u001b[22m\n\u001b[2m      \u001b[2mat useNotificationListeners (\u001b[22m\u001b[2msrc/global/hooks/useNotificationListeners.tsx\u001b[2m:16:37)\u001b[22m\u001b[2m\u001b[22m\n\u001b[2m      \u001b[2mat WebSocketManager (\u001b[22m\u001b[2msrc/global/utils/Providers.tsx\u001b[2m:22:27)\u001b[22m\u001b[2m\u001b[22m\n\u001b[2m      \u001b[2mat renderWithHooks (\u001b[22m\u001b[2mnode_modules/react-dom/cjs/react-dom.development.js\u001b[2m:15486:18)\u001b[22m\u001b[2m\u001b[22m\n\u001b[2m      \u001b[2mat mountIndeterminateComponent (\u001b[22m\u001b[2mnode_modules/react-dom/cjs/react-dom.development.js\u001b[2m:20103:13)\u001b[22m\u001b[2m\u001b[22m\n\u001b[2m      \u001b[2mat beginWork (\u001b[22m\u001b[2mnode_modules/react-dom/cjs/react-dom.development.js\u001b[2m:21626:16)\u001b[22m\u001b[2m\u001b[22m\n\u001b[2m      \u001b[2mat beginWork$1 (\u001b[22m\u001b[2mnode_modules/react-dom/cjs/react-dom.development.js\u001b[2m:27465:14)\u001b[22m\u001b[2m\u001b[22m\n\u001b[2m      \u001b[2mat performUnitOfWork (\u001b[22m\u001b[2mnode_modules/react-dom/cjs/react-dom.development.js\u001b[2m:26599:12)\u001b[22m\u001b[2m\u001b[22m\n\u001b[2m      \u001b[2mat workLoopSync (\u001b[22m\u001b[2mnode_modules/react-dom/cjs/react-dom.development.js\u001b[2m:26505:5)\u001b[22m\u001b[2m\u001b[22m\n\u001b[2m      \u001b[2mat renderRootSync (\u001b[22m\u001b[2mnode_modules/react-dom/cjs/react-dom.development.js\u001b[2m:26473:7)\u001b[22m\u001b[2m\u001b[22m\n\u001b[2m      \u001b[2mat recoverFromConcurrentError (\u001b[22m\u001b[2mnode_modules/react-dom/cjs/react-dom.development.js\u001b[2m:25889:20)\u001b[22m\u001b[2m\u001b[22m\n\u001b[2m      \u001b[2mat performConcurrentWorkOnRoot (\u001b[22m\u001b[2mnode_modules/react-dom/cjs/react-dom.development.js\u001b[2m:25789:22)\u001b[22m\u001b[2m\u001b[22m\n\u001b[2m      \u001b[2mat flushActQueue (\u001b[22m\u001b[2mnode_modules/react/cjs/react.development.js\u001b[2m:2667:24)\u001b[22m\u001b[2m\u001b[22m\n\u001b[2m      \u001b[2mat act (\u001b[22m\u001b[2mnode_modules/react/cjs/react.development.js\u001b[2m:2582:11)\u001b[22m\u001b[2m\u001b[22m\n\u001b[2m      \u001b[2mat \u001b[22m\u001b[2mnode_modules/@testing-library/react/dist/act-compat.js\u001b[2m:47:25\u001b[22m\u001b[2m\u001b[22m\n\u001b[2m      \u001b[2mat renderRoot (\u001b[22m\u001b[2mnode_modules/@testing-library/react/dist/pure.js\u001b[2m:190:26)\u001b[22m\u001b[2m\u001b[22m\n\u001b[2m      \u001b[2mat render (\u001b[22m\u001b[2mnode_modules/@testing-library/react/dist/pure.js\u001b[2m:292:10)\u001b[22m\u001b[2m\u001b[22m\n\u001b[2m      \u001b[2mat Object.<anonymous> (\u001b[22m\u001b[2m\u001b[0m\u001b[36msrc/global/utils/__tests__/Providers.test.tsx\u001b[39m\u001b[0m\u001b[2m:317:13)\u001b[22m\u001b[2m\u001b[22m\n\n\u001b[1m\u001b[31m  \u001b[1m● \u001b[22m\u001b[1mProviders Component › Children rendering › should render complex component tree\u001b[39m\u001b[22m\n\n    No QueryClient set, use QueryClientProvider to set one\n\u001b[2m\u001b[22m\n\u001b[2m    \u001b[0m \u001b[90m 14 |\u001b[39m \u001b[36mexport\u001b[39m \u001b[36mconst\u001b[39m useNotificationListeners \u001b[33m=\u001b[39m () \u001b[33m=>\u001b[39m {\u001b[22m\n\u001b[2m     \u001b[90m 15 |\u001b[39m   \u001b[36mconst\u001b[39m user \u001b[33m=\u001b[39m useStore($user)\u001b[33m;\u001b[39m\u001b[22m\n\u001b[2m    \u001b[31m\u001b[1m>\u001b[22m\u001b[2m\u001b[39m\u001b[90m 16 |\u001b[39m   \u001b[36mconst\u001b[39m queryClient \u001b[33m=\u001b[39m useQueryClient()\u001b[33m;\u001b[39m\u001b[22m\n\u001b[2m     \u001b[90m    |\u001b[39m                                     \u001b[31m\u001b[1m^\u001b[22m\u001b[2m\u001b[39m\u001b[22m\n\u001b[2m     \u001b[90m 17 |\u001b[39m   \u001b[36mconst\u001b[39m socketRef \u001b[33m=\u001b[39m useRef\u001b[33m<\u001b[39m\u001b[33mSocket\u001b[39m \u001b[33m|\u001b[39m \u001b[36mnull\u001b[39m\u001b[33m>\u001b[39m(\u001b[36mnull\u001b[39m)\u001b[33m;\u001b[39m\u001b[22m\n\u001b[2m     \u001b[90m 18 |\u001b[39m   \u001b[36mconst\u001b[39m router \u001b[33m=\u001b[39m useRouter()\u001b[33m;\u001b[39m\u001b[22m\n\u001b[2m     \u001b[90m 19 |\u001b[39m\u001b[0m\u001b[22m\n\u001b[2m\u001b[22m\n\u001b[2m      \u001b[2mat useQueryClient (\u001b[22m\u001b[2mnode_modules/@tanstack/react-query/src/QueryClientProvider.tsx\u001b[2m:18:11)\u001b[22m\u001b[2m\u001b[22m\n\u001b[2m      \u001b[2mat useNotificationListeners (\u001b[22m\u001b[2msrc/global/hooks/useNotificationListeners.tsx\u001b[2m:16:37)\u001b[22m\u001b[2m\u001b[22m\n\u001b[2m      \u001b[2mat WebSocketManager (\u001b[22m\u001b[2msrc/global/utils/Providers.tsx\u001b[2m:22:27)\u001b[22m\u001b[2m\u001b[22m\n\u001b[2m      \u001b[2mat renderWithHooks (\u001b[22m\u001b[2mnode_modules/react-dom/cjs/react-dom.development.js\u001b[2m:15486:18)\u001b[22m\u001b[2m\u001b[22m\n\u001b[2m      \u001b[2mat mountIndeterminateComponent (\u001b[22m\u001b[2mnode_modules/react-dom/cjs/react-dom.development.js\u001b[2m:20103:13)\u001b[22m\u001b[2m\u001b[22m\n\u001b[2m      \u001b[2mat beginWork (\u001b[22m\u001b[2mnode_modules/react-dom/cjs/react-dom.development.js\u001b[2m:21626:16)\u001b[22m\u001b[2m\u001b[22m\n\u001b[2m      \u001b[2mat beginWork$1 (\u001b[22m\u001b[2mnode_modules/react-dom/cjs/react-dom.development.js\u001b[2m:27465:14)\u001b[22m\u001b[2m\u001b[22m\n\u001b[2m      \u001b[2mat performUnitOfWork (\u001b[22m\u001b[2mnode_modules/react-dom/cjs/react-dom.development.js\u001b[2m:26599:12)\u001b[22m\u001b[2m\u001b[22m\n\u001b[2m      \u001b[2mat workLoopSync (\u001b[22m\u001b[2mnode_modules/react-dom/cjs/react-dom.development.js\u001b[2m:26505:5)\u001b[22m\u001b[2m\u001b[22m\n\u001b[2m      \u001b[2mat renderRootSync (\u001b[22m\u001b[2mnode_modules/react-dom/cjs/react-dom.development.js\u001b[2m:26473:7)\u001b[22m\u001b[2m\u001b[22m\n\u001b[2m      \u001b[2mat recoverFromConcurrentError (\u001b[22m\u001b[2mnode_modules/react-dom/cjs/react-dom.development.js\u001b[2m:25889:20)\u001b[22m\u001b[2m\u001b[22m\n\u001b[2m      \u001b[2mat performConcurrentWorkOnRoot (\u001b[22m\u001b[2mnode_modules/react-dom/cjs/react-dom.development.js\u001b[2m:25789:22)\u001b[22m\u001b[2m\u001b[22m\n\u001b[2m      \u001b[2mat flushActQueue (\u001b[22m\u001b[2mnode_modules/react/cjs/react.development.js\u001b[2m:2667:24)\u001b[22m\u001b[2m\u001b[22m\n\u001b[2m      \u001b[2mat act (\u001b[22m\u001b[2mnode_modules/react/cjs/react.development.js\u001b[2m:2582:11)\u001b[22m\u001b[2m\u001b[22m\n\u001b[2m      \u001b[2mat \u001b[22m\u001b[2mnode_modules/@testing-library/react/dist/act-compat.js\u001b[2m:47:25\u001b[22m\u001b[2m\u001b[22m\n\u001b[2m      \u001b[2mat renderRoot (\u001b[22m\u001b[2mnode_modules/@testing-library/react/dist/pure.js\u001b[2m:190:26)\u001b[22m\u001b[2m\u001b[22m\n\u001b[2m      \u001b[2mat render (\u001b[22m\u001b[2mnode_modules/@testing-library/react/dist/pure.js\u001b[2m:292:10)\u001b[22m\u001b[2m\u001b[22m\n\u001b[2m      \u001b[2mat Object.<anonymous> (\u001b[22m\u001b[2m\u001b[0m\u001b[36msrc/global/utils/__tests__/Providers.test.tsx\u001b[39m\u001b[0m\u001b[2m:341:13)\u001b[22m\u001b[2m\u001b[22m\n\n\u001b[1m\u001b[31m  \u001b[1m● \u001b[22m\u001b[1mProviders Component › Children rendering › should handle fragment children\u001b[39m\u001b[22m\n\n    No QueryClient set, use QueryClientProvider to set one\n\u001b[2m\u001b[22m\n\u001b[2m    \u001b[0m \u001b[90m 14 |\u001b[39m \u001b[36mexport\u001b[39m \u001b[36mconst\u001b[39m useNotificationListeners \u001b[33m=\u001b[39m () \u001b[33m=>\u001b[39m {\u001b[22m\n\u001b[2m     \u001b[90m 15 |\u001b[39m   \u001b[36mconst\u001b[39m user \u001b[33m=\u001b[39m useStore($user)\u001b[33m;\u001b[39m\u001b[22m\n\u001b[2m    \u001b[31m\u001b[1m>\u001b[22m\u001b[2m\u001b[39m\u001b[90m 16 |\u001b[39m   \u001b[36mconst\u001b[39m queryClient \u001b[33m=\u001b[39m useQueryClient()\u001b[33m;\u001b[39m\u001b[22m\n\u001b[2m     \u001b[90m    |\u001b[39m                                     \u001b[31m\u001b[1m^\u001b[22m\u001b[2m\u001b[39m\u001b[22m\n\u001b[2m     \u001b[90m 17 |\u001b[39m   \u001b[36mconst\u001b[39m socketRef \u001b[33m=\u001b[39m useRef\u001b[33m<\u001b[39m\u001b[33mSocket\u001b[39m \u001b[33m|\u001b[39m \u001b[36mnull\u001b[39m\u001b[33m>\u001b[39m(\u001b[36mnull\u001b[39m)\u001b[33m;\u001b[39m\u001b[22m\n\u001b[2m     \u001b[90m 18 |\u001b[39m   \u001b[36mconst\u001b[39m router \u001b[33m=\u001b[39m useRouter()\u001b[33m;\u001b[39m\u001b[22m\n\u001b[2m     \u001b[90m 19 |\u001b[39m\u001b[0m\u001b[22m\n\u001b[2m\u001b[22m\n\u001b[2m      \u001b[2mat useQueryClient (\u001b[22m\u001b[2mnode_modules/@tanstack/react-query/src/QueryClientProvider.tsx\u001b[2m:18:11)\u001b[22m\u001b[2m\u001b[22m\n\u001b[2m      \u001b[2mat useNotificationListeners (\u001b[22m\u001b[2msrc/global/hooks/useNotificationListeners.tsx\u001b[2m:16:37)\u001b[22m\u001b[2m\u001b[22m\n\u001b[2m      \u001b[2mat WebSocketManager (\u001b[22m\u001b[2msrc/global/utils/Providers.tsx\u001b[2m:22:27)\u001b[22m\u001b[2m\u001b[22m\n\u001b[2m      \u001b[2mat renderWithHooks (\u001b[22m\u001b[2mnode_modules/react-dom/cjs/react-dom.development.js\u001b[2m:15486:18)\u001b[22m\u001b[2m\u001b[22m\n\u001b[2m      \u001b[2mat mountIndeterminateComponent (\u001b[22m\u001b[2mnode_modules/react-dom/cjs/react-dom.development.js\u001b[2m:20103:13)\u001b[22m\u001b[2m\u001b[22m\n\u001b[2m      \u001b[2mat beginWork (\u001b[22m\u001b[2mnode_modules/react-dom/cjs/react-dom.development.js\u001b[2m:21626:16)\u001b[22m\u001b[2m\u001b[22m\n\u001b[2m      \u001b[2mat beginWork$1 (\u001b[22m\u001b[2mnode_modules/react-dom/cjs/react-dom.development.js\u001b[2m:27465:14)\u001b[22m\u001b[2m\u001b[22m\n\u001b[2m      \u001b[2mat performUnitOfWork (\u001b[22m\u001b[2mnode_modules/react-dom/cjs/react-dom.development.js\u001b[2m:26599:12)\u001b[22m\u001b[2m\u001b[22m\n\u001b[2m      \u001b[2mat workLoopSync (\u001b[22m\u001b[2mnode_modules/react-dom/cjs/react-dom.development.js\u001b[2m:26505:5)\u001b[22m\u001b[2m\u001b[22m\n\u001b[2m      \u001b[2mat renderRootSync (\u001b[22m\u001b[2mnode_modules/react-dom/cjs/react-dom.development.js\u001b[2m:26473:7)\u001b[22m\u001b[2m\u001b[22m\n\u001b[2m      \u001b[2mat recoverFromConcurrentError (\u001b[22m\u001b[2mnode_modules/react-dom/cjs/react-dom.development.js\u001b[2m:25889:20)\u001b[22m\u001b[2m\u001b[22m\n\u001b[2m      \u001b[2mat performConcurrentWorkOnRoot (\u001b[22m\u001b[2mnode_modules/react-dom/cjs/react-dom.development.js\u001b[2m:25789:22)\u001b[22m\u001b[2m\u001b[22m\n\u001b[2m      \u001b[2mat flushActQueue (\u001b[22m\u001b[2mnode_modules/react/cjs/react.development.js\u001b[2m:2667:24)\u001b[22m\u001b[2m\u001b[22m\n\u001b[2m      \u001b[2mat act (\u001b[22m\u001b[2mnode_modules/react/cjs/react.development.js\u001b[2m:2582:11)\u001b[22m\u001b[2m\u001b[22m\n\u001b[2m      \u001b[2mat \u001b[22m\u001b[2mnode_modules/@testing-library/react/dist/act-compat.js\u001b[2m:47:25\u001b[22m\u001b[2m\u001b[22m\n\u001b[2m      \u001b[2mat renderRoot (\u001b[22m\u001b[2mnode_modules/@testing-library/react/dist/pure.js\u001b[2m:190:26)\u001b[22m\u001b[2m\u001b[22m\n\u001b[2m      \u001b[2mat render (\u001b[22m\u001b[2mnode_modules/@testing-library/react/dist/pure.js\u001b[2m:292:10)\u001b[22m\u001b[2m\u001b[22m\n\u001b[2m      \u001b[2mat Object.<anonymous> (\u001b[22m\u001b[2m\u001b[0m\u001b[36msrc/global/utils/__tests__/Providers.test.tsx\u001b[39m\u001b[0m\u001b[2m:353:13)\u001b[22m\u001b[2m\u001b[22m\n\n\u001b[1m\u001b[31m  \u001b[1m● \u001b[22m\u001b[1mProviders Component › Children rendering › should handle null children\u001b[39m\u001b[22m\n\n    No QueryClient set, use QueryClientProvider to set one\n\u001b[2m\u001b[22m\n\u001b[2m    \u001b[0m \u001b[90m 14 |\u001b[39m \u001b[36mexport\u001b[39m \u001b[36mconst\u001b[39m useNotificationListeners \u001b[33m=\u001b[39m () \u001b[33m=>\u001b[39m {\u001b[22m\n\u001b[2m     \u001b[90m 15 |\u001b[39m   \u001b[36mconst\u001b[39m user \u001b[33m=\u001b[39m useStore($user)\u001b[33m;\u001b[39m\u001b[22m\n\u001b[2m    \u001b[31m\u001b[1m>\u001b[22m\u001b[2m\u001b[39m\u001b[90m 16 |\u001b[39m   \u001b[36mconst\u001b[39m queryClient \u001b[33m=\u001b[39m useQueryClient()\u001b[33m;\u001b[39m\u001b[22m\n\u001b[2m     \u001b[90m    |\u001b[39m                                     \u001b[31m\u001b[1m^\u001b[22m\u001b[2m\u001b[39m\u001b[22m\n\u001b[2m     \u001b[90m 17 |\u001b[39m   \u001b[36mconst\u001b[39m socketRef \u001b[33m=\u001b[39m useRef\u001b[33m<\u001b[39m\u001b[33mSocket\u001b[39m \u001b[33m|\u001b[39m \u001b[36mnull\u001b[39m\u001b[33m>\u001b[39m(\u001b[36mnull\u001b[39m)\u001b[33m;\u001b[39m\u001b[22m\n\u001b[2m     \u001b[90m 18 |\u001b[39m   \u001b[36mconst\u001b[39m router \u001b[33m=\u001b[39m useRouter()\u001b[33m;\u001b[39m\u001b[22m\n\u001b[2m     \u001b[90m 19 |\u001b[39m\u001b[0m\u001b[22m\n\u001b[2m\u001b[22m\n\u001b[2m      \u001b[2mat useQueryClient (\u001b[22m\u001b[2mnode_modules/@tanstack/react-query/src/QueryClientProvider.tsx\u001b[2m:18:11)\u001b[22m\u001b[2m\u001b[22m\n\u001b[2m      \u001b[2mat useNotificationListeners (\u001b[22m\u001b[2msrc/global/hooks/useNotificationListeners.tsx\u001b[2m:16:37)\u001b[22m\u001b[2m\u001b[22m\n\u001b[2m      \u001b[2mat WebSocketManager (\u001b[22m\u001b[2msrc/global/utils/Providers.tsx\u001b[2m:22:27)\u001b[22m\u001b[2m\u001b[22m\n\u001b[2m      \u001b[2mat renderWithHooks (\u001b[22m\u001b[2mnode_modules/react-dom/cjs/react-dom.development.js\u001b[2m:15486:18)\u001b[22m\u001b[2m\u001b[22m\n\u001b[2m      \u001b[2mat mountIndeterminateComponent (\u001b[22m\u001b[2mnode_modules/react-dom/cjs/react-dom.development.js\u001b[2m:20103:13)\u001b[22m\u001b[2m\u001b[22m\n\u001b[2m      \u001b[2mat beginWork (\u001b[22m\u001b[2mnode_modules/react-dom/cjs/react-dom.development.js\u001b[2m:21626:16)\u001b[22m\u001b[2m\u001b[22m\n\u001b[2m      \u001b[2mat beginWork$1 (\u001b[22m\u001b[2mnode_modules/react-dom/cjs/react-dom.development.js\u001b[2m:27465:14)\u001b[22m\u001b[2m\u001b[22m\n\u001b[2m      \u001b[2mat performUnitOfWork (\u001b[22m\u001b[2mnode_modules/react-dom/cjs/react-dom.development.js\u001b[2m:26599:12)\u001b[22m\u001b[2m\u001b[22m\n\u001b[2m      \u001b[2mat workLoopSync (\u001b[22m\u001b[2mnode_modules/react-dom/cjs/react-dom.development.js\u001b[2m:26505:5)\u001b[22m\u001b[2m\u001b[22m\n\u001b[2m      \u001b[2mat renderRootSync (\u001b[22m\u001b[2mnode_modules/react-dom/cjs/react-dom.development.js\u001b[2m:26473:7)\u001b[22m\u001b[2m\u001b[22m\n\u001b[2m      \u001b[2mat recoverFromConcurrentError (\u001b[22m\u001b[2mnode_modules/react-dom/cjs/react-dom.development.js\u001b[2m:25889:20)\u001b[22m\u001b[2m\u001b[22m\n\u001b[2m      \u001b[2mat performConcurrentWorkOnRoot (\u001b[22m\u001b[2mnode_modules/react-dom/cjs/react-dom.development.js\u001b[2m:25789:22)\u001b[22m\u001b[2m\u001b[22m\n\u001b[2m      \u001b[2mat flushActQueue (\u001b[22m\u001b[2mnode_modules/react/cjs/react.development.js\u001b[2m:2667:24)\u001b[22m\u001b[2m\u001b[22m\n\u001b[2m      \u001b[2mat act (\u001b[22m\u001b[2mnode_modules/react/cjs/react.development.js\u001b[2m:2582:11)\u001b[22m\u001b[2m\u001b[22m\n\u001b[2m      \u001b[2mat \u001b[22m\u001b[2mnode_modules/@testing-library/react/dist/act-compat.js\u001b[2m:47:25\u001b[22m\u001b[2m\u001b[22m\n\u001b[2m      \u001b[2mat renderRoot (\u001b[22m\u001b[2mnode_modules/@testing-library/react/dist/pure.js\u001b[2m:190:26)\u001b[22m\u001b[2m\u001b[22m\n\u001b[2m      \u001b[2mat render (\u001b[22m\u001b[2mnode_modules/@testing-library/react/dist/pure.js\u001b[2m:292:10)\u001b[22m\u001b[2m\u001b[22m\n\u001b[2m      \u001b[2mat Object.<anonymous> (\u001b[22m\u001b[2m\u001b[0m\u001b[36msrc/global/utils/__tests__/Providers.test.tsx\u001b[39m\u001b[0m\u001b[2m:367:35)\u001b[22m\u001b[2m\u001b[22m\n\n\u001b[1m\u001b[31m  \u001b[1m● \u001b[22m\u001b[1mProviders Component › QueryClient configuration › should use QueryClient configured with correct options\u001b[39m\u001b[22m\n\n    No QueryClient set, use QueryClientProvider to set one\n\u001b[2m\u001b[22m\n\u001b[2m    \u001b[0m \u001b[90m 14 |\u001b[39m \u001b[36mexport\u001b[39m \u001b[36mconst\u001b[39m useNotificationListeners \u001b[33m=\u001b[39m () \u001b[33m=>\u001b[39m {\u001b[22m\n\u001b[2m     \u001b[90m 15 |\u001b[39m   \u001b[36mconst\u001b[39m user \u001b[33m=\u001b[39m useStore($user)\u001b[33m;\u001b[39m\u001b[22m\n\u001b[2m    \u001b[31m\u001b[1m>\u001b[22m\u001b[2m\u001b[39m\u001b[90m 16 |\u001b[39m   \u001b[36mconst\u001b[39m queryClient \u001b[33m=\u001b[39m useQueryClient()\u001b[33m;\u001b[39m\u001b[22m\n\u001b[2m     \u001b[90m    |\u001b[39m                                     \u001b[31m\u001b[1m^\u001b[22m\u001b[2m\u001b[39m\u001b[22m\n\u001b[2m     \u001b[90m 17 |\u001b[39m   \u001b[36mconst\u001b[39m socketRef \u001b[33m=\u001b[39m useRef\u001b[33m<\u001b[39m\u001b[33mSocket\u001b[39m \u001b[33m|\u001b[39m \u001b[36mnull\u001b[39m\u001b[33m>\u001b[39m(\u001b[36mnull\u001b[39m)\u001b[33m;\u001b[39m\u001b[22m\n\u001b[2m     \u001b[90m 18 |\u001b[39m   \u001b[36mconst\u001b[39m router \u001b[33m=\u001b[39m useRouter()\u001b[33m;\u001b[39m\u001b[22m\n\u001b[2m     \u001b[90m 19 |\u001b[39m\u001b[0m\u001b[22m\n\u001b[2m\u001b[22m\n\u001b[2m      \u001b[2mat useQueryClient (\u001b[22m\u001b[2mnode_modules/@tanstack/react-query/src/QueryClientProvider.tsx\u001b[2m:18:11)\u001b[22m\u001b[2m\u001b[22m\n\u001b[2m      \u001b[2mat useNotificationListeners (\u001b[22m\u001b[2msrc/global/hooks/useNotificationListeners.tsx\u001b[2m:16:37)\u001b[22m\u001b[2m\u001b[22m\n\u001b[2m      \u001b[2mat WebSocketManager (\u001b[22m\u001b[2msrc/global/utils/Providers.tsx\u001b[2m:22:27)\u001b[22m\u001b[2m\u001b[22m\n\u001b[2m      \u001b[2mat renderWithHooks (\u001b[22m\u001b[2mnode_modules/react-dom/cjs/react-dom.development.js\u001b[2m:15486:18)\u001b[22m\u001b[2m\u001b[22m\n\u001b[2m      \u001b[2mat mountIndeterminateComponent (\u001b[22m\u001b[2mnode_modules/react-dom/cjs/react-dom.development.js\u001b[2m:20103:13)\u001b[22m\u001b[2m\u001b[22m\n\u001b[2m      \u001b[2mat beginWork (\u001b[22m\u001b[2mnode_modules/react-dom/cjs/react-dom.development.js\u001b[2m:21626:16)\u001b[22m\u001b[2m\u001b[22m\n\u001b[2m      \u001b[2mat beginWork$1 (\u001b[22m\u001b[2mnode_modules/react-dom/cjs/react-dom.development.js\u001b[2m:27465:14)\u001b[22m\u001b[2m\u001b[22m\n\u001b[2m      \u001b[2mat performUnitOfWork (\u001b[22m\u001b[2mnode_modules/react-dom/cjs/react-dom.development.js\u001b[2m:26599:12)\u001b[22m\u001b[2m\u001b[22m\n\u001b[2m      \u001b[2mat workLoopSync (\u001b[22m\u001b[2mnode_modules/react-dom/cjs/react-dom.development.js\u001b[2m:26505:5)\u001b[22m\u001b[2m\u001b[22m\n\u001b[2m      \u001b[2mat renderRootSync (\u001b[22m\u001b[2mnode_modules/react-dom/cjs/react-dom.development.js\u001b[2m:26473:7)\u001b[22m\u001b[2m\u001b[22m\n\u001b[2m      \u001b[2mat recoverFromConcurrentError (\u001b[22m\u001b[2mnode_modules/react-dom/cjs/react-dom.development.js\u001b[2m:25889:20)\u001b[22m\u001b[2m\u001b[22m\n\u001b[2m      \u001b[2mat performConcurrentWorkOnRoot (\u001b[22m\u001b[2mnode_modules/react-dom/cjs/react-dom.development.js\u001b[2m:25789:22)\u001b[22m\u001b[2m\u001b[22m\n\u001b[2m      \u001b[2mat flushActQueue (\u001b[22m\u001b[2mnode_modules/react/cjs/react.development.js\u001b[2m:2667:24)\u001b[22m\u001b[2m\u001b[22m\n\u001b[2m      \u001b[2mat act (\u001b[22m\u001b[2mnode_modules/react/cjs/react.development.js\u001b[2m:2582:11)\u001b[22m\u001b[2m\u001b[22m\n\u001b[2m      \u001b[2mat \u001b[22m\u001b[2mnode_modules/@testing-library/react/dist/act-compat.js\u001b[2m:47:25\u001b[22m\u001b[2m\u001b[22m\n\u001b[2m      \u001b[2mat renderRoot (\u001b[22m\u001b[2mnode_modules/@testing-library/react/dist/pure.js\u001b[2m:190:26)\u001b[22m\u001b[2m\u001b[22m\n\u001b[2m      \u001b[2mat render (\u001b[22m\u001b[2mnode_modules/@testing-library/react/dist/pure.js\u001b[2m:292:10)\u001b[22m\u001b[2m\u001b[22m\n\u001b[2m      \u001b[2mat Object.<anonymous> (\u001b[22m\u001b[2m\u001b[0m\u001b[36msrc/global/utils/__tests__/Providers.test.tsx\u001b[39m\u001b[0m\u001b[2m:380:13)\u001b[22m\u001b[2m\u001b[22m\n\n\u001b[1m\u001b[31m  \u001b[1m● \u001b[22m\u001b[1mProviders Component › QueryClient configuration › should use a single shared QueryClient instance\u001b[39m\u001b[22m\n\n    No QueryClient set, use QueryClientProvider to set one\n\u001b[2m\u001b[22m\n\u001b[2m    \u001b[0m \u001b[90m 14 |\u001b[39m \u001b[36mexport\u001b[39m \u001b[36mconst\u001b[39m useNotificationListeners \u001b[33m=\u001b[39m () \u001b[33m=>\u001b[39m {\u001b[22m\n\u001b[2m     \u001b[90m 15 |\u001b[39m   \u001b[36mconst\u001b[39m user \u001b[33m=\u001b[39m useStore($user)\u001b[33m;\u001b[39m\u001b[22m\n\u001b[2m    \u001b[31m\u001b[1m>\u001b[22m\u001b[2m\u001b[39m\u001b[90m 16 |\u001b[39m   \u001b[36mconst\u001b[39m queryClient \u001b[33m=\u001b[39m useQueryClient()\u001b[33m;\u001b[39m\u001b[22m\n\u001b[2m     \u001b[90m    |\u001b[39m                                     \u001b[31m\u001b[1m^\u001b[22m\u001b[2m\u001b[39m\u001b[22m\n\u001b[2m     \u001b[90m 17 |\u001b[39m   \u001b[36mconst\u001b[39m socketRef \u001b[33m=\u001b[39m useRef\u001b[33m<\u001b[39m\u001b[33mSocket\u001b[39m \u001b[33m|\u001b[39m \u001b[36mnull\u001b[39m\u001b[33m>\u001b[39m(\u001b[36mnull\u001b[39m)\u001b[33m;\u001b[39m\u001b[22m\n\u001b[2m     \u001b[90m 18 |\u001b[39m   \u001b[36mconst\u001b[39m router \u001b[33m=\u001b[39m useRouter()\u001b[33m;\u001b[39m\u001b[22m\n\u001b[2m     \u001b[90m 19 |\u001b[39m\u001b[0m\u001b[22m\n\u001b[2m\u001b[22m\n\u001b[2m      \u001b[2mat useQueryClient (\u001b[22m\u001b[2mnode_modules/@tanstack/react-query/src/QueryClientProvider.tsx\u001b[2m:18:11)\u001b[22m\u001b[2m\u001b[22m\n\u001b[2m      \u001b[2mat useNotificationListeners (\u001b[22m\u001b[2msrc/global/hooks/useNotificationListeners.tsx\u001b[2m:16:37)\u001b[22m\u001b[2m\u001b[22m\n\u001b[2m      \u001b[2mat WebSocketManager (\u001b[22m\u001b[2msrc/global/utils/Providers.tsx\u001b[2m:22:27)\u001b[22m\u001b[2m\u001b[22m\n\u001b[2m      \u001b[2mat renderWithHooks (\u001b[22m\u001b[2mnode_modules/react-dom/cjs/react-dom.development.js\u001b[2m:15486:18)\u001b[22m\u001b[2m\u001b[22m\n\u001b[2m      \u001b[2mat mountIndeterminateComponent (\u001b[22m\u001b[2mnode_modules/react-dom/cjs/react-dom.development.js\u001b[2m:20103:13)\u001b[22m\u001b[2m\u001b[22m\n\u001b[2m      \u001b[2mat beginWork (\u001b[22m\u001b[2mnode_modules/react-dom/cjs/react-dom.development.js\u001b[2m:21626:16)\u001b[22m\u001b[2m\u001b[22m\n\u001b[2m      \u001b[2mat beginWork$1 (\u001b[22m\u001b[2mnode_modules/react-dom/cjs/react-dom.development.js\u001b[2m:27465:14)\u001b[22m\u001b[2m\u001b[22m\n\u001b[2m      \u001b[2mat performUnitOfWork (\u001b[22m\u001b[2mnode_modules/react-dom/cjs/react-dom.development.js\u001b[2m:26599:12)\u001b[22m\u001b[2m\u001b[22m\n\u001b[2m      \u001b[2mat workLoopSync (\u001b[22m\u001b[2mnode_modules/react-dom/cjs/react-dom.development.js\u001b[2m:26505:5)\u001b[22m\u001b[2m\u001b[22m\n\u001b[2m      \u001b[2mat renderRootSync (\u001b[22m\u001b[2mnode_modules/react-dom/cjs/react-dom.development.js\u001b[2m:26473:7)\u001b[22m\u001b[2m\u001b[22m\n\u001b[2m      \u001b[2mat recoverFromConcurrentError (\u001b[22m\u001b[2mnode_modules/react-dom/cjs/react-dom.development.js\u001b[2m:25889:20)\u001b[22m\u001b[2m\u001b[22m\n\u001b[2m      \u001b[2mat performConcurrentWorkOnRoot (\u001b[22m\u001b[2mnode_modules/react-dom/cjs/react-dom.development.js\u001b[2m:25789:22)\u001b[22m\u001b[2m\u001b[22m\n\u001b[2m      \u001b[2mat flushActQueue (\u001b[22m\u001b[2mnode_modules/react/cjs/react.development.js\u001b[2m:2667:24)\u001b[22m\u001b[2m\u001b[22m\n\u001b[2m      \u001b[2mat act (\u001b[22m\u001b[2mnode_modules/react/cjs/react.development.js\u001b[2m:2582:11)\u001b[22m\u001b[2m\u001b[22m\n\u001b[2m      \u001b[2mat \u001b[22m\u001b[2mnode_modules/@testing-library/react/dist/act-compat.js\u001b[2m:47:25\u001b[22m\u001b[2m\u001b[22m\n\u001b[2m      \u001b[2mat renderRoot (\u001b[22m\u001b[2mnode_modules/@testing-library/react/dist/pure.js\u001b[2m:190:26)\u001b[22m\u001b[2m\u001b[22m\n\u001b[2m      \u001b[2mat render (\u001b[22m\u001b[2mnode_modules/@testing-library/react/dist/pure.js\u001b[2m:292:10)\u001b[22m\u001b[2m\u001b[22m\n\u001b[2m      \u001b[2mat Object.<anonymous> (\u001b[22m\u001b[2m\u001b[0m\u001b[36msrc/global/utils/__tests__/Providers.test.tsx\u001b[39m\u001b[0m\u001b[2m:398:43)\u001b[22m\u001b[2m\u001b[22m\n\n\u001b[1m\u001b[31m  \u001b[1m● \u001b[22m\u001b[1mProviders Component › Integration tests › should initialize all providers and hooks in correct order\u001b[39m\u001b[22m\n\n    No QueryClient set, use QueryClientProvider to set one\n\u001b[2m\u001b[22m\n\u001b[2m    \u001b[0m \u001b[90m 14 |\u001b[39m \u001b[36mexport\u001b[39m \u001b[36mconst\u001b[39m useNotificationListeners \u001b[33m=\u001b[39m () \u001b[33m=>\u001b[39m {\u001b[22m\n\u001b[2m     \u001b[90m 15 |\u001b[39m   \u001b[36mconst\u001b[39m user \u001b[33m=\u001b[39m useStore($user)\u001b[33m;\u001b[39m\u001b[22m\n\u001b[2m    \u001b[31m\u001b[1m>\u001b[22m\u001b[2m\u001b[39m\u001b[90m 16 |\u001b[39m   \u001b[36mconst\u001b[39m queryClient \u001b[33m=\u001b[39m useQueryClient()\u001b[33m;\u001b[39m\u001b[22m\n\u001b[2m     \u001b[90m    |\u001b[39m                                     \u001b[31m\u001b[1m^\u001b[22m\u001b[2m\u001b[39m\u001b[22m\n\u001b[2m     \u001b[90m 17 |\u001b[39m   \u001b[36mconst\u001b[39m socketRef \u001b[33m=\u001b[39m useRef\u001b[33m<\u001b[39m\u001b[33mSocket\u001b[39m \u001b[33m|\u001b[39m \u001b[36mnull\u001b[39m\u001b[33m>\u001b[39m(\u001b[36mnull\u001b[39m)\u001b[33m;\u001b[39m\u001b[22m\n\u001b[2m     \u001b[90m 18 |\u001b[39m   \u001b[36mconst\u001b[39m router \u001b[33m=\u001b[39m useRouter()\u001b[33m;\u001b[39m\u001b[22m\n\u001b[2m     \u001b[90m 19 |\u001b[39m\u001b[0m\u001b[22m\n\u001b[2m\u001b[22m\n\u001b[2m      \u001b[2mat useQueryClient (\u001b[22m\u001b[2mnode_modules/@tanstack/react-query/src/QueryClientProvider.tsx\u001b[2m:18:11)\u001b[22m\u001b[2m\u001b[22m\n\u001b[2m      \u001b[2mat useNotificationListeners (\u001b[22m\u001b[2msrc/global/hooks/useNotificationListeners.tsx\u001b[2m:16:37)\u001b[22m\u001b[2m\u001b[22m\n\u001b[2m      \u001b[2mat WebSocketManager (\u001b[22m\u001b[2msrc/global/utils/Providers.tsx\u001b[2m:22:27)\u001b[22m\u001b[2m\u001b[22m\n\u001b[2m      \u001b[2mat renderWithHooks (\u001b[22m\u001b[2mnode_modules/react-dom/cjs/react-dom.development.js\u001b[2m:15486:18)\u001b[22m\u001b[2m\u001b[22m\n\u001b[2m      \u001b[2mat mountIndeterminateComponent (\u001b[22m\u001b[2mnode_modules/react-dom/cjs/react-dom.development.js\u001b[2m:20103:13)\u001b[22m\u001b[2m\u001b[22m\n\u001b[2m      \u001b[2mat beginWork (\u001b[22m\u001b[2mnode_modules/react-dom/cjs/react-dom.development.js\u001b[2m:21626:16)\u001b[22m\u001b[2m\u001b[22m\n\u001b[2m      \u001b[2mat beginWork$1 (\u001b[22m\u001b[2mnode_modules/react-dom/cjs/react-dom.development.js\u001b[2m:27465:14)\u001b[22m\u001b[2m\u001b[22m\n\u001b[2m      \u001b[2mat performUnitOfWork (\u001b[22m\u001b[2mnode_modules/react-dom/cjs/react-dom.development.js\u001b[2m:26599:12)\u001b[22m\u001b[2m\u001b[22m\n\u001b[2m      \u001b[2mat workLoopSync (\u001b[22m\u001b[2mnode_modules/react-dom/cjs/react-dom.development.js\u001b[2m:26505:5)\u001b[22m\u001b[2m\u001b[22m\n\u001b[2m      \u001b[2mat renderRootSync (\u001b[22m\u001b[2mnode_modules/react-dom/cjs/react-dom.development.js\u001b[2m:26473:7)\u001b[22m\u001b[2m\u001b[22m\n\u001b[2m      \u001b[2mat recoverFromConcurrentError (\u001b[22m\u001b[2mnode_modules/react-dom/cjs/react-dom.development.js\u001b[2m:25889:20)\u001b[22m\u001b[2m\u001b[22m\n\u001b[2m      \u001b[2mat performConcurrentWorkOnRoot (\u001b[22m\u001b[2mnode_modules/react-dom/cjs/react-dom.development.js\u001b[2m:25789:22)\u001b[22m\u001b[2m\u001b[22m\n\u001b[2m      \u001b[2mat flushActQueue (\u001b[22m\u001b[2mnode_modules/react/cjs/react.development.js\u001b[2m:2667:24)\u001b[22m\u001b[2m\u001b[22m\n\u001b[2m      \u001b[2mat act (\u001b[22m\u001b[2mnode_modules/react/cjs/react.development.js\u001b[2m:2582:11)\u001b[22m\u001b[2m\u001b[22m\n\u001b[2m      \u001b[2mat \u001b[22m\u001b[2mnode_modules/@testing-library/react/dist/act-compat.js\u001b[2m:47:25\u001b[22m\u001b[2m\u001b[22m\n\u001b[2m      \u001b[2mat renderRoot (\u001b[22m\u001b[2mnode_modules/@testing-library/react/dist/pure.js\u001b[2m:190:26)\u001b[22m\u001b[2m\u001b[22m\n\u001b[2m      \u001b[2mat render (\u001b[22m\u001b[2mnode_modules/@testing-library/react/dist/pure.js\u001b[2m:292:10)\u001b[22m\u001b[2m\u001b[22m\n\u001b[2m      \u001b[2mat Object.<anonymous> (\u001b[22m\u001b[2m\u001b[0m\u001b[36msrc/global/utils/__tests__/Providers.test.tsx\u001b[39m\u001b[0m\u001b[2m:424:13)\u001b[22m\u001b[2m\u001b[22m\n\n\u001b[1m\u001b[31m  \u001b[1m● \u001b[22m\u001b[1mProviders Component › Edge cases › should handle rapid client state changes\u001b[39m\u001b[22m\n\n    No QueryClient set, use QueryClientProvider to set one\n\u001b[2m\u001b[22m\n\u001b[2m    \u001b[0m \u001b[90m 14 |\u001b[39m \u001b[36mexport\u001b[39m \u001b[36mconst\u001b[39m useNotificationListeners \u001b[33m=\u001b[39m () \u001b[33m=>\u001b[39m {\u001b[22m\n\u001b[2m     \u001b[90m 15 |\u001b[39m   \u001b[36mconst\u001b[39m user \u001b[33m=\u001b[39m useStore($user)\u001b[33m;\u001b[39m\u001b[22m\n\u001b[2m    \u001b[31m\u001b[1m>\u001b[22m\u001b[2m\u001b[39m\u001b[90m 16 |\u001b[39m   \u001b[36mconst\u001b[39m queryClient \u001b[33m=\u001b[39m useQueryClient()\u001b[33m;\u001b[39m\u001b[22m\n\u001b[2m     \u001b[90m    |\u001b[39m                                     \u001b[31m\u001b[1m^\u001b[22m\u001b[2m\u001b[39m\u001b[22m\n\u001b[2m     \u001b[90m 17 |\u001b[39m   \u001b[36mconst\u001b[39m socketRef \u001b[33m=\u001b[39m useRef\u001b[33m<\u001b[39m\u001b[33mSocket\u001b[39m \u001b[33m|\u001b[39m \u001b[36mnull\u001b[39m\u001b[33m>\u001b[39m(\u001b[36mnull\u001b[39m)\u001b[33m;\u001b[39m\u001b[22m\n\u001b[2m     \u001b[90m 18 |\u001b[39m   \u001b[36mconst\u001b[39m router \u001b[33m=\u001b[39m useRouter()\u001b[33m;\u001b[39m\u001b[22m\n\u001b[2m     \u001b[90m 19 |\u001b[39m\u001b[0m\u001b[22m\n\u001b[2m\u001b[22m\n\u001b[2m      \u001b[2mat useQueryClient (\u001b[22m\u001b[2mnode_modules/@tanstack/react-query/src/QueryClientProvider.tsx\u001b[2m:18:11)\u001b[22m\u001b[2m\u001b[22m\n\u001b[2m      \u001b[2mat useNotificationListeners (\u001b[22m\u001b[2msrc/global/hooks/useNotificationListeners.tsx\u001b[2m:16:37)\u001b[22m\u001b[2m\u001b[22m\n\u001b[2m      \u001b[2mat WebSocketManager (\u001b[22m\u001b[2msrc/global/utils/Providers.tsx\u001b[2m:22:27)\u001b[22m\u001b[2m\u001b[22m\n\u001b[2m      \u001b[2mat renderWithHooks (\u001b[22m\u001b[2mnode_modules/react-dom/cjs/react-dom.development.js\u001b[2m:15486:18)\u001b[22m\u001b[2m\u001b[22m\n\u001b[2m      \u001b[2mat mountIndeterminateComponent (\u001b[22m\u001b[2mnode_modules/react-dom/cjs/react-dom.development.js\u001b[2m:20103:13)\u001b[22m\u001b[2m\u001b[22m\n\u001b[2m      \u001b[2mat beginWork (\u001b[22m\u001b[2mnode_modules/react-dom/cjs/react-dom.development.js\u001b[2m:21626:16)\u001b[22m\u001b[2m\u001b[22m\n\u001b[2m      \u001b[2mat beginWork$1 (\u001b[22m\u001b[2mnode_modules/react-dom/cjs/react-dom.development.js\u001b[2m:27465:14)\u001b[22m\u001b[2m\u001b[22m\n\u001b[2m      \u001b[2mat performUnitOfWork (\u001b[22m\u001b[2mnode_modules/react-dom/cjs/react-dom.development.js\u001b[2m:26599:12)\u001b[22m\u001b[2m\u001b[22m\n\u001b[2m      \u001b[2mat workLoopSync (\u001b[22m\u001b[2mnode_modules/react-dom/cjs/react-dom.development.js\u001b[2m:26505:5)\u001b[22m\u001b[2m\u001b[22m\n\u001b[2m      \u001b[2mat renderRootSync (\u001b[22m\u001b[2mnode_modules/react-dom/cjs/react-dom.development.js\u001b[2m:26473:7)\u001b[22m\u001b[2m\u001b[22m\n\u001b[2m      \u001b[2mat recoverFromConcurrentError (\u001b[22m\u001b[2mnode_modules/react-dom/cjs/react-dom.development.js\u001b[2m:25889:20)\u001b[22m\u001b[2m\u001b[22m\n\u001b[2m      \u001b[2mat performConcurrentWorkOnRoot (\u001b[22m\u001b[2mnode_modules/react-dom/cjs/react-dom.development.js\u001b[2m:25789:22)\u001b[22m\u001b[2m\u001b[22m\n\u001b[2m      \u001b[2mat flushActQueue (\u001b[22m\u001b[2mnode_modules/react/cjs/react.development.js\u001b[2m:2667:24)\u001b[22m\u001b[2m\u001b[22m\n\u001b[2m      \u001b[2mat act (\u001b[22m\u001b[2mnode_modules/react/cjs/react.development.js\u001b[2m:2582:11)\u001b[22m\u001b[2m\u001b[22m\n\u001b[2m      \u001b[2mat \u001b[22m\u001b[2mnode_modules/@testing-library/react/dist/act-compat.js\u001b[2m:47:25\u001b[22m\u001b[2m\u001b[22m\n\u001b[2m      \u001b[2mat renderRoot (\u001b[22m\u001b[2mnode_modules/@testing-library/react/dist/pure.js\u001b[2m:190:26)\u001b[22m\u001b[2m\u001b[22m\n\u001b[2m      \u001b[2mat render (\u001b[22m\u001b[2mnode_modules/@testing-library/react/dist/pure.js\u001b[2m:292:10)\u001b[22m\u001b[2m\u001b[22m\n\u001b[2m      \u001b[2mat Object.<anonymous> (\u001b[22m\u001b[2m\u001b[0m\u001b[36msrc/global/utils/__tests__/Providers.test.tsx\u001b[39m\u001b[0m\u001b[2m:455:34)\u001b[22m\u001b[2m\u001b[22m\n\n\u001b[1m\u001b[31m  \u001b[1m● \u001b[22m\u001b[1mProviders Component › Edge cases › should clean up properly on unmount during initialization\u001b[39m\u001b[22m\n\n    No QueryClient set, use QueryClientProvider to set one\n\u001b[2m\u001b[22m\n\u001b[2m    \u001b[0m \u001b[90m 14 |\u001b[39m \u001b[36mexport\u001b[39m \u001b[36mconst\u001b[39m useNotificationListeners \u001b[33m=\u001b[39m () \u001b[33m=>\u001b[39m {\u001b[22m\n\u001b[2m     \u001b[90m 15 |\u001b[39m   \u001b[36mconst\u001b[39m user \u001b[33m=\u001b[39m useStore($user)\u001b[33m;\u001b[39m\u001b[22m\n\u001b[2m    \u001b[31m\u001b[1m>\u001b[22m\u001b[2m\u001b[39m\u001b[90m 16 |\u001b[39m   \u001b[36mconst\u001b[39m queryClient \u001b[33m=\u001b[39m useQueryClient()\u001b[33m;\u001b[39m\u001b[22m\n\u001b[2m     \u001b[90m    |\u001b[39m                                     \u001b[31m\u001b[1m^\u001b[22m\u001b[2m\u001b[39m\u001b[22m\n\u001b[2m     \u001b[90m 17 |\u001b[39m   \u001b[36mconst\u001b[39m socketRef \u001b[33m=\u001b[39m useRef\u001b[33m<\u001b[39m\u001b[33mSocket\u001b[39m \u001b[33m|\u001b[39m \u001b[36mnull\u001b[39m\u001b[33m>\u001b[39m(\u001b[36mnull\u001b[39m)\u001b[33m;\u001b[39m\u001b[22m\n\u001b[2m     \u001b[90m 18 |\u001b[39m   \u001b[36mconst\u001b[39m router \u001b[33m=\u001b[39m useRouter()\u001b[33m;\u001b[39m\u001b[22m\n\u001b[2m     \u001b[90m 19 |\u001b[39m\u001b[0m\u001b[22m\n\u001b[2m\u001b[22m\n\u001b[2m      \u001b[2mat useQueryClient (\u001b[22m\u001b[2mnode_modules/@tanstack/react-query/src/QueryClientProvider.tsx\u001b[2m:18:11)\u001b[22m\u001b[2m\u001b[22m\n\u001b[2m      \u001b[2mat useNotificationListeners (\u001b[22m\u001b[2msrc/global/hooks/useNotificationListeners.tsx\u001b[2m:16:37)\u001b[22m\u001b[2m\u001b[22m\n\u001b[2m      \u001b[2mat WebSocketManager (\u001b[22m\u001b[2msrc/global/utils/Providers.tsx\u001b[2m:22:27)\u001b[22m\u001b[2m\u001b[22m\n\u001b[2m      \u001b[2mat renderWithHooks (\u001b[22m\u001b[2mnode_modules/react-dom/cjs/react-dom.development.js\u001b[2m:15486:18)\u001b[22m\u001b[2m\u001b[22m\n\u001b[2m      \u001b[2mat mountIndeterminateComponent (\u001b[22m\u001b[2mnode_modules/react-dom/cjs/react-dom.development.js\u001b[2m:20103:13)\u001b[22m\u001b[2m\u001b[22m\n\u001b[2m      \u001b[2mat beginWork (\u001b[22m\u001b[2mnode_modules/react-dom/cjs/react-dom.development.js\u001b[2m:21626:16)\u001b[22m\u001b[2m\u001b[22m\n\u001b[2m      \u001b[2mat beginWork$1 (\u001b[22m\u001b[2mnode_modules/react-dom/cjs/react-dom.development.js\u001b[2m:27465:14)\u001b[22m\u001b[2m\u001b[22m\n\u001b[2m      \u001b[2mat performUnitOfWork (\u001b[22m\u001b[2mnode_modules/react-dom/cjs/react-dom.development.js\u001b[2m:26599:12)\u001b[22m\u001b[2m\u001b[22m\n\u001b[2m      \u001b[2mat workLoopSync (\u001b[22m\u001b[2mnode_modules/react-dom/cjs/react-dom.development.js\u001b[2m:26505:5)\u001b[22m\u001b[2m\u001b[22m\n\u001b[2m      \u001b[2mat renderRootSync (\u001b[22m\u001b[2mnode_modules/react-dom/cjs/react-dom.development.js\u001b[2m:26473:7)\u001b[22m\u001b[2m\u001b[22m\n\u001b[2m      \u001b[2mat recoverFromConcurrentError (\u001b[22m\u001b[2mnode_modules/react-dom/cjs/react-dom.development.js\u001b[2m:25889:20)\u001b[22m\u001b[2m\u001b[22m\n\u001b[2m      \u001b[2mat performConcurrentWorkOnRoot (\u001b[22m\u001b[2mnode_modules/react-dom/cjs/react-dom.development.js\u001b[2m:25789:22)\u001b[22m\u001b[2m\u001b[22m\n\u001b[2m      \u001b[2mat flushActQueue (\u001b[22m\u001b[2mnode_modules/react/cjs/react.development.js\u001b[2m:2667:24)\u001b[22m\u001b[2m\u001b[22m\n\u001b[2m      \u001b[2mat act (\u001b[22m\u001b[2mnode_modules/react/cjs/react.development.js\u001b[2m:2582:11)\u001b[22m\u001b[2m\u001b[22m\n\u001b[2m      \u001b[2mat \u001b[22m\u001b[2mnode_modules/@testing-library/react/dist/act-compat.js\u001b[2m:47:25\u001b[22m\u001b[2m\u001b[22m\n\u001b[2m      \u001b[2mat renderRoot (\u001b[22m\u001b[2mnode_modules/@testing-library/react/dist/pure.js\u001b[2m:190:26)\u001b[22m\u001b[2m\u001b[22m\n\u001b[2m      \u001b[2mat render (\u001b[22m\u001b[2mnode_modules/@testing-library/react/dist/pure.js\u001b[2m:292:10)\u001b[22m\u001b[2m\u001b[22m\n\u001b[2m      \u001b[2mat Object.<anonymous> (\u001b[22m\u001b[2m\u001b[0m\u001b[36msrc/global/utils/__tests__/Providers.test.tsx\u001b[39m\u001b[0m\u001b[2m:488:33)\u001b[22m\u001b[2m\u001b[22m\n","name":"C:\\Users\\leovp\\Programming\\adorador\\adorador-frontend\\src\\global\\utils\\__tests__\\Providers.test.tsx","startTime":1763189468472,"status":"failed","summary":""},{"assertionResults":[{"ancestorTitles":["BandIdMain - Responsive Layout"],"duration":368,"failing":false,"failureDetails":[{}],"failureMessages":["Error: No QueryClient set, use QueryClientProvider to set one\n    at useQueryClient (C:\\Users\\leovp\\Programming\\adorador\\adorador-frontend\\node_modules\\@tanstack\\react-query\\src\\QueryClientProvider.tsx:18:11)\n    at useBandSongsWebSocket (C:\\Users\\leovp\\Programming\\adorador\\adorador-frontend\\src\\global\\hooks\\useBandSongsWebSocket.ts:37:37)\n    at BandIdMain (C:\\Users\\leovp\\Programming\\adorador\\adorador-frontend\\src\\app\\(public)\\grupos\\_components\\BandIdMain.tsx:12:24)\n    at renderWithHooks (C:\\Users\\leovp\\Programming\\adorador\\adorador-frontend\\node_modules\\react-dom\\cjs\\react-dom.development.js:15486:18)\n    at mountIndeterminateComponent (C:\\Users\\leovp\\Programming\\adorador\\adorador-frontend\\node_modules\\react-dom\\cjs\\react-dom.development.js:20103:13)\n    at beginWork (C:\\Users\\leovp\\Programming\\adorador\\adorador-frontend\\node_modules\\react-dom\\cjs\\react-dom.development.js:21626:16)\n    at beginWork$1 (C:\\Users\\leovp\\Programming\\adorador\\adorador-frontend\\node_modules\\react-dom\\cjs\\react-dom.development.js:27465:14)\n    at performUnitOfWork (C:\\Users\\leovp\\Programming\\adorador\\adorador-frontend\\node_modules\\react-dom\\cjs\\react-dom.development.js:26599:12)\n    at workLoopSync (C:\\Users\\leovp\\Programming\\adorador\\adorador-frontend\\node_modules\\react-dom\\cjs\\react-dom.development.js:26505:5)\n    at renderRootSync (C:\\Users\\leovp\\Programming\\adorador\\adorador-frontend\\node_modules\\react-dom\\cjs\\react-dom.development.js:26473:7)\n    at recoverFromConcurrentError (C:\\Users\\leovp\\Programming\\adorador\\adorador-frontend\\node_modules\\react-dom\\cjs\\react-dom.development.js:25889:20)\n    at performConcurrentWorkOnRoot (C:\\Users\\leovp\\Programming\\adorador\\adorador-frontend\\node_modules\\react-dom\\cjs\\react-dom.development.js:25789:22)\n    at flushActQueue (C:\\Users\\leovp\\Programming\\adorador\\adorador-frontend\\node_modules\\react\\cjs\\react.development.js:2667:24)\n    at act (C:\\Users\\leovp\\Programming\\adorador\\adorador-frontend\\node_modules\\react\\cjs\\react.development.js:2582:11)\n    at C:\\Users\\leovp\\Programming\\adorador\\adorador-frontend\\node_modules\\@testing-library\\react\\dist\\act-compat.js:47:25\n    at renderRoot (C:\\Users\\leovp\\Programming\\adorador\\adorador-frontend\\node_modules\\@testing-library\\react\\dist\\pure.js:190:26)\n    at render (C:\\Users\\leovp\\Programming\\adorador\\adorador-frontend\\node_modules\\@testing-library\\react\\dist\\pure.js:292:10)\n    at Object.<anonymous> (C:\\Users\\leovp\\Programming\\adorador\\adorador-frontend\\src\\app\\(public)\\grupos\\_components\\__tests__\\BandIdMain.test.tsx:32:11)\n    at Promise.finally.completed (C:\\Users\\leovp\\Programming\\adorador\\adorador-frontend\\node_modules\\jest-circus\\build\\jestAdapterInit.js:1557:28)\n    at new Promise (<anonymous>)\n    at callAsyncCircusFn (C:\\Users\\leovp\\Programming\\adorador\\adorador-frontend\\node_modules\\jest-circus\\build\\jestAdapterInit.js:1497:10)\n    at _callCircusTest (C:\\Users\\leovp\\Programming\\adorador\\adorador-frontend\\node_modules\\jest-circus\\build\\jestAdapterInit.js:1007:40)\n    at processTicksAndRejections (node:internal/process/task_queues:95:5)\n    at _runTest (C:\\Users\\leovp\\Programming\\adorador\\adorador-frontend\\node_modules\\jest-circus\\build\\jestAdapterInit.js:947:3)\n    at C:\\Users\\leovp\\Programming\\adorador\\adorador-frontend\\node_modules\\jest-circus\\build\\jestAdapterInit.js:849:7\n    at _runTestsForDescribeBlock (C:\\Users\\leovp\\Programming\\adorador\\adorador-frontend\\node_modules\\jest-circus\\build\\jestAdapterInit.js:862:11)\n    at _runTestsForDescribeBlock (C:\\Users\\leovp\\Programming\\adorador\\adorador-frontend\\node_modules\\jest-circus\\build\\jestAdapterInit.js:857:11)\n    at run (C:\\Users\\leovp\\Programming\\adorador\\adorador-frontend\\node_modules\\jest-circus\\build\\jestAdapterInit.js:761:3)\n    at runAndTransformResultsToJestFormat (C:\\Users\\leovp\\Programming\\adorador\\adorador-frontend\\node_modules\\jest-circus\\build\\jestAdapterInit.js:1918:21)\n    at jestAdapter (C:\\Users\\leovp\\Programming\\adorador\\adorador-frontend\\node_modules\\jest-circus\\build\\runner.js:101:19)\n    at runTestInternal (C:\\Users\\leovp\\Programming\\adorador\\adorador-frontend\\node_modules\\jest-runner\\build\\testWorker.js:277:16)\n    at runTest (C:\\Users\\leovp\\Programming\\adorador\\adorador-frontend\\node_modules\\jest-runner\\build\\testWorker.js:345:7)\n    at Object.worker (C:\\Users\\leovp\\Programming\\adorador\\adorador-frontend\\node_modules\\jest-runner\\build\\testWorker.js:499:12)"],"fullName":"BandIdMain - Responsive Layout should render without crashing","invocations":1,"location":null,"numPassingAsserts":0,"retryReasons":[],"startAt":1763189495659,"status":"failed","title":"should render without crashing"},{"ancestorTitles":["BandIdMain - Responsive Layout"],"duration":74,"failing":false,"failureDetails":[{}],"failureMessages":["Error: No QueryClient set, use QueryClientProvider to set one\n    at useQueryClient (C:\\Users\\leovp\\Programming\\adorador\\adorador-frontend\\node_modules\\@tanstack\\react-query\\src\\QueryClientProvider.tsx:18:11)\n    at useBandSongsWebSocket (C:\\Users\\leovp\\Programming\\adorador\\adorador-frontend\\src\\global\\hooks\\useBandSongsWebSocket.ts:37:37)\n    at BandIdMain (C:\\Users\\leovp\\Programming\\adorador\\adorador-frontend\\src\\app\\(public)\\grupos\\_components\\BandIdMain.tsx:12:24)\n    at renderWithHooks (C:\\Users\\leovp\\Programming\\adorador\\adorador-frontend\\node_modules\\react-dom\\cjs\\react-dom.development.js:15486:18)\n    at mountIndeterminateComponent (C:\\Users\\leovp\\Programming\\adorador\\adorador-frontend\\node_modules\\react-dom\\cjs\\react-dom.development.js:20103:13)\n    at beginWork (C:\\Users\\leovp\\Programming\\adorador\\adorador-frontend\\node_modules\\react-dom\\cjs\\react-dom.development.js:21626:16)\n    at beginWork$1 (C:\\Users\\leovp\\Programming\\adorador\\adorador-frontend\\node_modules\\react-dom\\cjs\\react-dom.development.js:27465:14)\n    at performUnitOfWork (C:\\Users\\leovp\\Programming\\adorador\\adorador-frontend\\node_modules\\react-dom\\cjs\\react-dom.development.js:26599:12)\n    at workLoopSync (C:\\Users\\leovp\\Programming\\adorador\\adorador-frontend\\node_modules\\react-dom\\cjs\\react-dom.development.js:26505:5)\n    at renderRootSync (C:\\Users\\leovp\\Programming\\adorador\\adorador-frontend\\node_modules\\react-dom\\cjs\\react-dom.development.js:26473:7)\n    at recoverFromConcurrentError (C:\\Users\\leovp\\Programming\\adorador\\adorador-frontend\\node_modules\\react-dom\\cjs\\react-dom.development.js:25889:20)\n    at performConcurrentWorkOnRoot (C:\\Users\\leovp\\Programming\\adorador\\adorador-frontend\\node_modules\\react-dom\\cjs\\react-dom.development.js:25789:22)\n    at flushActQueue (C:\\Users\\leovp\\Programming\\adorador\\adorador-frontend\\node_modules\\react\\cjs\\react.development.js:2667:24)\n    at act (C:\\Users\\leovp\\Programming\\adorador\\adorador-frontend\\node_modules\\react\\cjs\\react.development.js:2582:11)\n    at C:\\Users\\leovp\\Programming\\adorador\\adorador-frontend\\node_modules\\@testing-library\\react\\dist\\act-compat.js:47:25\n    at renderRoot (C:\\Users\\leovp\\Programming\\adorador\\adorador-frontend\\node_modules\\@testing-library\\react\\dist\\pure.js:190:26)\n    at render (C:\\Users\\leovp\\Programming\\adorador\\adorador-frontend\\node_modules\\@testing-library\\react\\dist\\pure.js:292:10)\n    at Object.<anonymous> (C:\\Users\\leovp\\Programming\\adorador\\adorador-frontend\\src\\app\\(public)\\grupos\\_components\\__tests__\\BandIdMain.test.tsx:37:33)\n    at Promise.finally.completed (C:\\Users\\leovp\\Programming\\adorador\\adorador-frontend\\node_modules\\jest-circus\\build\\jestAdapterInit.js:1557:28)\n    at new Promise (<anonymous>)\n    at callAsyncCircusFn (C:\\Users\\leovp\\Programming\\adorador\\adorador-frontend\\node_modules\\jest-circus\\build\\jestAdapterInit.js:1497:10)\n    at _callCircusTest (C:\\Users\\leovp\\Programming\\adorador\\adorador-frontend\\node_modules\\jest-circus\\build\\jestAdapterInit.js:1007:40)\n    at processTicksAndRejections (node:internal/process/task_queues:95:5)\n    at _runTest (C:\\Users\\leovp\\Programming\\adorador\\adorador-frontend\\node_modules\\jest-circus\\build\\jestAdapterInit.js:947:3)\n    at C:\\Users\\leovp\\Programming\\adorador\\adorador-frontend\\node_modules\\jest-circus\\build\\jestAdapterInit.js:849:7\n    at _runTestsForDescribeBlock (C:\\Users\\leovp\\Programming\\adorador\\adorador-frontend\\node_modules\\jest-circus\\build\\jestAdapterInit.js:862:11)\n    at _runTestsForDescribeBlock (C:\\Users\\leovp\\Programming\\adorador\\adorador-frontend\\node_modules\\jest-circus\\build\\jestAdapterInit.js:857:11)\n    at run (C:\\Users\\leovp\\Programming\\adorador\\adorador-frontend\\node_modules\\jest-circus\\build\\jestAdapterInit.js:761:3)\n    at runAndTransformResultsToJestFormat (C:\\Users\\leovp\\Programming\\adorador\\adorador-frontend\\node_modules\\jest-circus\\build\\jestAdapterInit.js:1918:21)\n    at jestAdapter (C:\\Users\\leovp\\Programming\\adorador\\adorador-frontend\\node_modules\\jest-circus\\build\\runner.js:101:19)\n    at runTestInternal (C:\\Users\\leovp\\Programming\\adorador\\adorador-frontend\\node_modules\\jest-runner\\build\\testWorker.js:277:16)\n    at runTest (C:\\Users\\leovp\\Programming\\adorador\\adorador-frontend\\node_modules\\jest-runner\\build\\testWorker.js:345:7)\n    at Object.worker (C:\\Users\\leovp\\Programming\\adorador\\adorador-frontend\\node_modules\\jest-runner\\build\\testWorker.js:499:12)"],"fullName":"BandIdMain - Responsive Layout should have GuitarIcon with proper responsive classes","invocations":1,"location":null,"numPassingAsserts":0,"retryReasons":[],"startAt":1763189496048,"status":"failed","title":"should have GuitarIcon with proper responsive classes"},{"ancestorTitles":["BandIdMain - Responsive Layout"],"duration":66,"failing":false,"failureDetails":[{}],"failureMessages":["Error: No QueryClient set, use QueryClientProvider to set one\n    at useQueryClient (C:\\Users\\leovp\\Programming\\adorador\\adorador-frontend\\node_modules\\@tanstack\\react-query\\src\\QueryClientProvider.tsx:18:11)\n    at useBandSongsWebSocket (C:\\Users\\leovp\\Programming\\adorador\\adorador-frontend\\src\\global\\hooks\\useBandSongsWebSocket.ts:37:37)\n    at BandIdMain (C:\\Users\\leovp\\Programming\\adorador\\adorador-frontend\\src\\app\\(public)\\grupos\\_components\\BandIdMain.tsx:12:24)\n    at renderWithHooks (C:\\Users\\leovp\\Programming\\adorador\\adorador-frontend\\node_modules\\react-dom\\cjs\\react-dom.development.js:15486:18)\n    at mountIndeterminateComponent (C:\\Users\\leovp\\Programming\\adorador\\adorador-frontend\\node_modules\\react-dom\\cjs\\react-dom.development.js:20103:13)\n    at beginWork (C:\\Users\\leovp\\Programming\\adorador\\adorador-frontend\\node_modules\\react-dom\\cjs\\react-dom.development.js:21626:16)\n    at beginWork$1 (C:\\Users\\leovp\\Programming\\adorador\\adorador-frontend\\node_modules\\react-dom\\cjs\\react-dom.development.js:27465:14)\n    at performUnitOfWork (C:\\Users\\leovp\\Programming\\adorador\\adorador-frontend\\node_modules\\react-dom\\cjs\\react-dom.development.js:26599:12)\n    at workLoopSync (C:\\Users\\leovp\\Programming\\adorador\\adorador-frontend\\node_modules\\react-dom\\cjs\\react-dom.development.js:26505:5)\n    at renderRootSync (C:\\Users\\leovp\\Programming\\adorador\\adorador-frontend\\node_modules\\react-dom\\cjs\\react-dom.development.js:26473:7)\n    at recoverFromConcurrentError (C:\\Users\\leovp\\Programming\\adorador\\adorador-frontend\\node_modules\\react-dom\\cjs\\react-dom.development.js:25889:20)\n    at performConcurrentWorkOnRoot (C:\\Users\\leovp\\Programming\\adorador\\adorador-frontend\\node_modules\\react-dom\\cjs\\react-dom.development.js:25789:22)\n    at flushActQueue (C:\\Users\\leovp\\Programming\\adorador\\adorador-frontend\\node_modules\\react\\cjs\\react.development.js:2667:24)\n    at act (C:\\Users\\leovp\\Programming\\adorador\\adorador-frontend\\node_modules\\react\\cjs\\react.development.js:2582:11)\n    at C:\\Users\\leovp\\Programming\\adorador\\adorador-frontend\\node_modules\\@testing-library\\react\\dist\\act-compat.js:47:25\n    at renderRoot (C:\\Users\\leovp\\Programming\\adorador\\adorador-frontend\\node_modules\\@testing-library\\react\\dist\\pure.js:190:26)\n    at render (C:\\Users\\leovp\\Programming\\adorador\\adorador-frontend\\node_modules\\@testing-library\\react\\dist\\pure.js:292:10)\n    at Object.<anonymous> (C:\\Users\\leovp\\Programming\\adorador\\adorador-frontend\\src\\app\\(public)\\grupos\\_components\\__tests__\\BandIdMain.test.tsx:49:33)\n    at Promise.finally.completed (C:\\Users\\leovp\\Programming\\adorador\\adorador-frontend\\node_modules\\jest-circus\\build\\jestAdapterInit.js:1557:28)\n    at new Promise (<anonymous>)\n    at callAsyncCircusFn (C:\\Users\\leovp\\Programming\\adorador\\adorador-frontend\\node_modules\\jest-circus\\build\\jestAdapterInit.js:1497:10)\n    at _callCircusTest (C:\\Users\\leovp\\Programming\\adorador\\adorador-frontend\\node_modules\\jest-circus\\build\\jestAdapterInit.js:1007:40)\n    at processTicksAndRejections (node:internal/process/task_queues:95:5)\n    at _runTest (C:\\Users\\leovp\\Programming\\adorador\\adorador-frontend\\node_modules\\jest-circus\\build\\jestAdapterInit.js:947:3)\n    at C:\\Users\\leovp\\Programming\\adorador\\adorador-frontend\\node_modules\\jest-circus\\build\\jestAdapterInit.js:849:7\n    at _runTestsForDescribeBlock (C:\\Users\\leovp\\Programming\\adorador\\adorador-frontend\\node_modules\\jest-circus\\build\\jestAdapterInit.js:862:11)\n    at _runTestsForDescribeBlock (C:\\Users\\leovp\\Programming\\adorador\\adorador-frontend\\node_modules\\jest-circus\\build\\jestAdapterInit.js:857:11)\n    at run (C:\\Users\\leovp\\Programming\\adorador\\adorador-frontend\\node_modules\\jest-circus\\build\\jestAdapterInit.js:761:3)\n    at runAndTransformResultsToJestFormat (C:\\Users\\leovp\\Programming\\adorador\\adorador-frontend\\node_modules\\jest-circus\\build\\jestAdapterInit.js:1918:21)\n    at jestAdapter (C:\\Users\\leovp\\Programming\\adorador\\adorador-frontend\\node_modules\\jest-circus\\build\\runner.js:101:19)\n    at runTestInternal (C:\\Users\\leovp\\Programming\\adorador\\adorador-frontend\\node_modules\\jest-runner\\build\\testWorker.js:277:16)\n    at runTest (C:\\Users\\leovp\\Programming\\adorador\\adorador-frontend\\node_modules\\jest-runner\\build\\testWorker.js:345:7)\n    at Object.worker (C:\\Users\\leovp\\Programming\\adorador\\adorador-frontend\\node_modules\\jest-runner\\build\\testWorker.js:499:12)"],"fullName":"BandIdMain - Responsive Layout should have proper spacing and layout classes","invocations":1,"location":null,"numPassingAsserts":0,"retryReasons":[],"startAt":1763189496141,"status":"failed","title":"should have proper spacing and layout classes"},{"ancestorTitles":["BandIdMain - Responsive Layout"],"duration":62,"failing":false,"failureDetails":[{}],"failureMessages":["Error: No QueryClient set, use QueryClientProvider to set one\n    at useQueryClient (C:\\Users\\leovp\\Programming\\adorador\\adorador-frontend\\node_modules\\@tanstack\\react-query\\src\\QueryClientProvider.tsx:18:11)\n    at useBandSongsWebSocket (C:\\Users\\leovp\\Programming\\adorador\\adorador-frontend\\src\\global\\hooks\\useBandSongsWebSocket.ts:37:37)\n    at BandIdMain (C:\\Users\\leovp\\Programming\\adorador\\adorador-frontend\\src\\app\\(public)\\grupos\\_components\\BandIdMain.tsx:12:24)\n    at renderWithHooks (C:\\Users\\leovp\\Programming\\adorador\\adorador-frontend\\node_modules\\react-dom\\cjs\\react-dom.development.js:15486:18)\n    at mountIndeterminateComponent (C:\\Users\\leovp\\Programming\\adorador\\adorador-frontend\\node_modules\\react-dom\\cjs\\react-dom.development.js:20103:13)\n    at beginWork (C:\\Users\\leovp\\Programming\\adorador\\adorador-frontend\\node_modules\\react-dom\\cjs\\react-dom.development.js:21626:16)\n    at beginWork$1 (C:\\Users\\leovp\\Programming\\adorador\\adorador-frontend\\node_modules\\react-dom\\cjs\\react-dom.development.js:27465:14)\n    at performUnitOfWork (C:\\Users\\leovp\\Programming\\adorador\\adorador-frontend\\node_modules\\react-dom\\cjs\\react-dom.development.js:26599:12)\n    at workLoopSync (C:\\Users\\leovp\\Programming\\adorador\\adorador-frontend\\node_modules\\react-dom\\cjs\\react-dom.development.js:26505:5)\n    at renderRootSync (C:\\Users\\leovp\\Programming\\adorador\\adorador-frontend\\node_modules\\react-dom\\cjs\\react-dom.development.js:26473:7)\n    at recoverFromConcurrentError (C:\\Users\\leovp\\Programming\\adorador\\adorador-frontend\\node_modules\\react-dom\\cjs\\react-dom.development.js:25889:20)\n    at performConcurrentWorkOnRoot (C:\\Users\\leovp\\Programming\\adorador\\adorador-frontend\\node_modules\\react-dom\\cjs\\react-dom.development.js:25789:22)\n    at flushActQueue (C:\\Users\\leovp\\Programming\\adorador\\adorador-frontend\\node_modules\\react\\cjs\\react.development.js:2667:24)\n    at act (C:\\Users\\leovp\\Programming\\adorador\\adorador-frontend\\node_modules\\react\\cjs\\react.development.js:2582:11)\n    at C:\\Users\\leovp\\Programming\\adorador\\adorador-frontend\\node_modules\\@testing-library\\react\\dist\\act-compat.js:47:25\n    at renderRoot (C:\\Users\\leovp\\Programming\\adorador\\adorador-frontend\\node_modules\\@testing-library\\react\\dist\\pure.js:190:26)\n    at render (C:\\Users\\leovp\\Programming\\adorador\\adorador-frontend\\node_modules\\@testing-library\\react\\dist\\pure.js:292:10)\n    at Object.<anonymous> (C:\\Users\\leovp\\Programming\\adorador\\adorador-frontend\\src\\app\\(public)\\grupos\\_components\\__tests__\\BandIdMain.test.tsx:57:11)\n    at Promise.finally.completed (C:\\Users\\leovp\\Programming\\adorador\\adorador-frontend\\node_modules\\jest-circus\\build\\jestAdapterInit.js:1557:28)\n    at new Promise (<anonymous>)\n    at callAsyncCircusFn (C:\\Users\\leovp\\Programming\\adorador\\adorador-frontend\\node_modules\\jest-circus\\build\\jestAdapterInit.js:1497:10)\n    at _callCircusTest (C:\\Users\\leovp\\Programming\\adorador\\adorador-frontend\\node_modules\\jest-circus\\build\\jestAdapterInit.js:1007:40)\n    at processTicksAndRejections (node:internal/process/task_queues:95:5)\n    at _runTest (C:\\Users\\leovp\\Programming\\adorador\\adorador-frontend\\node_modules\\jest-circus\\build\\jestAdapterInit.js:947:3)\n    at C:\\Users\\leovp\\Programming\\adorador\\adorador-frontend\\node_modules\\jest-circus\\build\\jestAdapterInit.js:849:7\n    at _runTestsForDescribeBlock (C:\\Users\\leovp\\Programming\\adorador\\adorador-frontend\\node_modules\\jest-circus\\build\\jestAdapterInit.js:862:11)\n    at _runTestsForDescribeBlock (C:\\Users\\leovp\\Programming\\adorador\\adorador-frontend\\node_modules\\jest-circus\\build\\jestAdapterInit.js:857:11)\n    at run (C:\\Users\\leovp\\Programming\\adorador\\adorador-frontend\\node_modules\\jest-circus\\build\\jestAdapterInit.js:761:3)\n    at runAndTransformResultsToJestFormat (C:\\Users\\leovp\\Programming\\adorador\\adorador-frontend\\node_modules\\jest-circus\\build\\jestAdapterInit.js:1918:21)\n    at jestAdapter (C:\\Users\\leovp\\Programming\\adorador\\adorador-frontend\\node_modules\\jest-circus\\build\\runner.js:101:19)\n    at runTestInternal (C:\\Users\\leovp\\Programming\\adorador\\adorador-frontend\\node_modules\\jest-runner\\build\\testWorker.js:277:16)\n    at runTest (C:\\Users\\leovp\\Programming\\adorador\\adorador-frontend\\node_modules\\jest-runner\\build\\testWorker.js:345:7)\n    at Object.worker (C:\\Users\\leovp\\Programming\\adorador\\adorador-frontend\\node_modules\\jest-runner\\build\\testWorker.js:499:12)"],"fullName":"BandIdMain - Responsive Layout should render all sections","invocations":1,"location":null,"numPassingAsserts":0,"retryReasons":[],"startAt":1763189496212,"status":"failed","title":"should render all sections"},{"ancestorTitles":["BandIdMain - Responsive Layout"],"duration":51,"failing":false,"failureDetails":[{}],"failureMessages":["Error: No QueryClient set, use QueryClientProvider to set one\n    at useQueryClient (C:\\Users\\leovp\\Programming\\adorador\\adorador-frontend\\node_modules\\@tanstack\\react-query\\src\\QueryClientProvider.tsx:18:11)\n    at useBandSongsWebSocket (C:\\Users\\leovp\\Programming\\adorador\\adorador-frontend\\src\\global\\hooks\\useBandSongsWebSocket.ts:37:37)\n    at BandIdMain (C:\\Users\\leovp\\Programming\\adorador\\adorador-frontend\\src\\app\\(public)\\grupos\\_components\\BandIdMain.tsx:12:24)\n    at renderWithHooks (C:\\Users\\leovp\\Programming\\adorador\\adorador-frontend\\node_modules\\react-dom\\cjs\\react-dom.development.js:15486:18)\n    at mountIndeterminateComponent (C:\\Users\\leovp\\Programming\\adorador\\adorador-frontend\\node_modules\\react-dom\\cjs\\react-dom.development.js:20103:13)\n    at beginWork (C:\\Users\\leovp\\Programming\\adorador\\adorador-frontend\\node_modules\\react-dom\\cjs\\react-dom.development.js:21626:16)\n    at beginWork$1 (C:\\Users\\leovp\\Programming\\adorador\\adorador-frontend\\node_modules\\react-dom\\cjs\\react-dom.development.js:27465:14)\n    at performUnitOfWork (C:\\Users\\leovp\\Programming\\adorador\\adorador-frontend\\node_modules\\react-dom\\cjs\\react-dom.development.js:26599:12)\n    at workLoopSync (C:\\Users\\leovp\\Programming\\adorador\\adorador-frontend\\node_modules\\react-dom\\cjs\\react-dom.development.js:26505:5)\n    at renderRootSync (C:\\Users\\leovp\\Programming\\adorador\\adorador-frontend\\node_modules\\react-dom\\cjs\\react-dom.development.js:26473:7)\n    at recoverFromConcurrentError (C:\\Users\\leovp\\Programming\\adorador\\adorador-frontend\\node_modules\\react-dom\\cjs\\react-dom.development.js:25889:20)\n    at performConcurrentWorkOnRoot (C:\\Users\\leovp\\Programming\\adorador\\adorador-frontend\\node_modules\\react-dom\\cjs\\react-dom.development.js:25789:22)\n    at flushActQueue (C:\\Users\\leovp\\Programming\\adorador\\adorador-frontend\\node_modules\\react\\cjs\\react.development.js:2667:24)\n    at act (C:\\Users\\leovp\\Programming\\adorador\\adorador-frontend\\node_modules\\react\\cjs\\react.development.js:2582:11)\n    at C:\\Users\\leovp\\Programming\\adorador\\adorador-frontend\\node_modules\\@testing-library\\react\\dist\\act-compat.js:47:25\n    at renderRoot (C:\\Users\\leovp\\Programming\\adorador\\adorador-frontend\\node_modules\\@testing-library\\react\\dist\\pure.js:190:26)\n    at render (C:\\Users\\leovp\\Programming\\adorador\\adorador-frontend\\node_modules\\@testing-library\\react\\dist\\pure.js:292:10)\n    at Object.<anonymous> (C:\\Users\\leovp\\Programming\\adorador\\adorador-frontend\\src\\app\\(public)\\grupos\\_components\\__tests__\\BandIdMain.test.tsx:65:11)\n    at Promise.finally.completed (C:\\Users\\leovp\\Programming\\adorador\\adorador-frontend\\node_modules\\jest-circus\\build\\jestAdapterInit.js:1557:28)\n    at new Promise (<anonymous>)\n    at callAsyncCircusFn (C:\\Users\\leovp\\Programming\\adorador\\adorador-frontend\\node_modules\\jest-circus\\build\\jestAdapterInit.js:1497:10)\n    at _callCircusTest (C:\\Users\\leovp\\Programming\\adorador\\adorador-frontend\\node_modules\\jest-circus\\build\\jestAdapterInit.js:1007:40)\n    at processTicksAndRejections (node:internal/process/task_queues:95:5)\n    at _runTest (C:\\Users\\leovp\\Programming\\adorador\\adorador-frontend\\node_modules\\jest-circus\\build\\jestAdapterInit.js:947:3)\n    at C:\\Users\\leovp\\Programming\\adorador\\adorador-frontend\\node_modules\\jest-circus\\build\\jestAdapterInit.js:849:7\n    at _runTestsForDescribeBlock (C:\\Users\\leovp\\Programming\\adorador\\adorador-frontend\\node_modules\\jest-circus\\build\\jestAdapterInit.js:862:11)\n    at _runTestsForDescribeBlock (C:\\Users\\leovp\\Programming\\adorador\\adorador-frontend\\node_modules\\jest-circus\\build\\jestAdapterInit.js:857:11)\n    at run (C:\\Users\\leovp\\Programming\\adorador\\adorador-frontend\\node_modules\\jest-circus\\build\\jestAdapterInit.js:761:3)\n    at runAndTransformResultsToJestFormat (C:\\Users\\leovp\\Programming\\adorador\\adorador-frontend\\node_modules\\jest-circus\\build\\jestAdapterInit.js:1918:21)\n    at jestAdapter (C:\\Users\\leovp\\Programming\\adorador\\adorador-frontend\\node_modules\\jest-circus\\build\\runner.js:101:19)\n    at runTestInternal (C:\\Users\\leovp\\Programming\\adorador\\adorador-frontend\\node_modules\\jest-runner\\build\\testWorker.js:277:16)\n    at runTest (C:\\Users\\leovp\\Programming\\adorador\\adorador-frontend\\node_modules\\jest-runner\\build\\testWorker.js:345:7)\n    at Object.worker (C:\\Users\\leovp\\Programming\\adorador\\adorador-frontend\\node_modules\\jest-runner\\build\\testWorker.js:499:12)"],"fullName":"BandIdMain - Responsive Layout should display band name","invocations":1,"location":null,"numPassingAsserts":0,"retryReasons":[],"startAt":1763189496277,"status":"failed","title":"should display band name"}],"endTime":1763189496611,"message":"\u001b[1m\u001b[31m  \u001b[1m● \u001b[22m\u001b[1mBandIdMain - Responsive Layout › should render without crashing\u001b[39m\u001b[22m\n\n    No QueryClient set, use QueryClientProvider to set one\n\u001b[2m\u001b[22m\n\u001b[2m    \u001b[0m \u001b[90m 35 |\u001b[39m   enabled \u001b[33m=\u001b[39m \u001b[36mtrue\u001b[39m\u001b[33m,\u001b[39m\u001b[22m\n\u001b[2m     \u001b[90m 36 |\u001b[39m }\u001b[33m:\u001b[39m \u001b[33mUseBandSongsWebSocketProps\u001b[39m \u001b[33m=\u001b[39m {}) \u001b[33m=>\u001b[39m {\u001b[22m\n\u001b[2m    \u001b[31m\u001b[1m>\u001b[22m\u001b[2m\u001b[39m\u001b[90m 37 |\u001b[39m   \u001b[36mconst\u001b[39m queryClient \u001b[33m=\u001b[39m useQueryClient()\u001b[33m;\u001b[39m\u001b[22m\n\u001b[2m     \u001b[90m    |\u001b[39m                                     \u001b[31m\u001b[1m^\u001b[22m\u001b[2m\u001b[39m\u001b[22m\n\u001b[2m     \u001b[90m 38 |\u001b[39m   \u001b[36mconst\u001b[39m socketRef \u001b[33m=\u001b[39m useRef\u001b[33m<\u001b[39m\u001b[33mSocket\u001b[39m \u001b[33m|\u001b[39m \u001b[36mnull\u001b[39m\u001b[33m>\u001b[39m(\u001b[36mnull\u001b[39m)\u001b[33m;\u001b[39m\u001b[22m\n\u001b[2m     \u001b[90m 39 |\u001b[39m\u001b[22m\n\u001b[2m     \u001b[90m 40 |\u001b[39m   useEffect(() \u001b[33m=>\u001b[39m {\u001b[0m\u001b[22m\n\u001b[2m\u001b[22m\n\u001b[2m      \u001b[2mat useQueryClient (\u001b[22m\u001b[2mnode_modules/@tanstack/react-query/src/QueryClientProvider.tsx\u001b[2m:18:11)\u001b[22m\u001b[2m\u001b[22m\n\u001b[2m      \u001b[2mat useBandSongsWebSocket (\u001b[22m\u001b[2msrc/global/hooks/useBandSongsWebSocket.ts\u001b[2m:37:37)\u001b[22m\u001b[2m\u001b[22m\n\u001b[2m      \u001b[2mat BandIdMain (C:\\Users\\leovp\\Programming\\adorador\\adorador-frontend\\src\\app\\(public)\u001b[22m\u001b[2m../../../../../grupos/_components/BandIdMain.tsx\u001b[2m:12:24)\u001b[22m\u001b[2m\u001b[22m\n\u001b[2m      \u001b[2mat renderWithHooks (\u001b[22m\u001b[2mnode_modules/react-dom/cjs/react-dom.development.js\u001b[2m:15486:18)\u001b[22m\u001b[2m\u001b[22m\n\u001b[2m      \u001b[2mat mountIndeterminateComponent (\u001b[22m\u001b[2mnode_modules/react-dom/cjs/react-dom.development.js\u001b[2m:20103:13)\u001b[22m\u001b[2m\u001b[22m\n\u001b[2m      \u001b[2mat beginWork (\u001b[22m\u001b[2mnode_modules/react-dom/cjs/react-dom.development.js\u001b[2m:21626:16)\u001b[22m\u001b[2m\u001b[22m\n\u001b[2m      \u001b[2mat beginWork$1 (\u001b[22m\u001b[2mnode_modules/react-dom/cjs/react-dom.development.js\u001b[2m:27465:14)\u001b[22m\u001b[2m\u001b[22m\n\u001b[2m      \u001b[2mat performUnitOfWork (\u001b[22m\u001b[2mnode_modules/react-dom/cjs/react-dom.development.js\u001b[2m:26599:12)\u001b[22m\u001b[2m\u001b[22m\n\u001b[2m      \u001b[2mat workLoopSync (\u001b[22m\u001b[2mnode_modules/react-dom/cjs/react-dom.development.js\u001b[2m:26505:5)\u001b[22m\u001b[2m\u001b[22m\n\u001b[2m      \u001b[2mat renderRootSync (\u001b[22m\u001b[2mnode_modules/react-dom/cjs/react-dom.development.js\u001b[2m:26473:7)\u001b[22m\u001b[2m\u001b[22m\n\u001b[2m      \u001b[2mat recoverFromConcurrentError (\u001b[22m\u001b[2mnode_modules/react-dom/cjs/react-dom.development.js\u001b[2m:25889:20)\u001b[22m\u001b[2m\u001b[22m\n\u001b[2m      \u001b[2mat performConcurrentWorkOnRoot (\u001b[22m\u001b[2mnode_modules/react-dom/cjs/react-dom.development.js\u001b[2m:25789:22)\u001b[22m\u001b[2m\u001b[22m\n\u001b[2m      \u001b[2mat flushActQueue (\u001b[22m\u001b[2mnode_modules/react/cjs/react.development.js\u001b[2m:2667:24)\u001b[22m\u001b[2m\u001b[22m\n\u001b[2m      \u001b[2mat act (\u001b[22m\u001b[2mnode_modules/react/cjs/react.development.js\u001b[2m:2582:11)\u001b[22m\u001b[2m\u001b[22m\n\u001b[2m      \u001b[2mat \u001b[22m\u001b[2mnode_modules/@testing-library/react/dist/act-compat.js\u001b[2m:47:25\u001b[22m\u001b[2m\u001b[22m\n\u001b[2m      \u001b[2mat renderRoot (\u001b[22m\u001b[2mnode_modules/@testing-library/react/dist/pure.js\u001b[2m:190:26)\u001b[22m\u001b[2m\u001b[22m\n\u001b[2m      \u001b[2mat render (\u001b[22m\u001b[2mnode_modules/@testing-library/react/dist/pure.js\u001b[2m:292:10)\u001b[22m\u001b[2m\u001b[22m\n\u001b[2m      \u001b[2mat Object.<anonymous> (C:\\Users\\leovp\\Programming\\adorador\\adorador-frontend\\src\\app\\(public)\u001b[22m\u001b[2m../../../../../grupos/_components/__tests__/BandIdMain.test.tsx\u001b[2m:32:11)\u001b[22m\u001b[2m\u001b[22m\n\n\u001b[1m\u001b[31m  \u001b[1m● \u001b[22m\u001b[1mBandIdMain - Responsive Layout › should have GuitarIcon with proper responsive classes\u001b[39m\u001b[22m\n\n    No QueryClient set, use QueryClientProvider to set one\n\u001b[2m\u001b[22m\n\u001b[2m    \u001b[0m \u001b[90m 35 |\u001b[39m   enabled \u001b[33m=\u001b[39m \u001b[36mtrue\u001b[39m\u001b[33m,\u001b[39m\u001b[22m\n\u001b[2m     \u001b[90m 36 |\u001b[39m }\u001b[33m:\u001b[39m \u001b[33mUseBandSongsWebSocketProps\u001b[39m \u001b[33m=\u001b[39m {}) \u001b[33m=>\u001b[39m {\u001b[22m\n\u001b[2m    \u001b[31m\u001b[1m>\u001b[22m\u001b[2m\u001b[39m\u001b[90m 37 |\u001b[39m   \u001b[36mconst\u001b[39m queryClient \u001b[33m=\u001b[39m useQueryClient()\u001b[33m;\u001b[39m\u001b[22m\n\u001b[2m     \u001b[90m    |\u001b[39m                                     \u001b[31m\u001b[1m^\u001b[22m\u001b[2m\u001b[39m\u001b[22m\n\u001b[2m     \u001b[90m 38 |\u001b[39m   \u001b[36mconst\u001b[39m socketRef \u001b[33m=\u001b[39m useRef\u001b[33m<\u001b[39m\u001b[33mSocket\u001b[39m \u001b[33m|\u001b[39m \u001b[36mnull\u001b[39m\u001b[33m>\u001b[39m(\u001b[36mnull\u001b[39m)\u001b[33m;\u001b[39m\u001b[22m\n\u001b[2m     \u001b[90m 39 |\u001b[39m\u001b[22m\n\u001b[2m     \u001b[90m 40 |\u001b[39m   useEffect(() \u001b[33m=>\u001b[39m {\u001b[0m\u001b[22m\n\u001b[2m\u001b[22m\n\u001b[2m      \u001b[2mat useQueryClient (\u001b[22m\u001b[2mnode_modules/@tanstack/react-query/src/QueryClientProvider.tsx\u001b[2m:18:11)\u001b[22m\u001b[2m\u001b[22m\n\u001b[2m      \u001b[2mat useBandSongsWebSocket (\u001b[22m\u001b[2msrc/global/hooks/useBandSongsWebSocket.ts\u001b[2m:37:37)\u001b[22m\u001b[2m\u001b[22m\n\u001b[2m      \u001b[2mat BandIdMain (C:\\Users\\leovp\\Programming\\adorador\\adorador-frontend\\src\\app\\(public)\u001b[22m\u001b[2m../../../../../grupos/_components/BandIdMain.tsx\u001b[2m:12:24)\u001b[22m\u001b[2m\u001b[22m\n\u001b[2m      \u001b[2mat renderWithHooks (\u001b[22m\u001b[2mnode_modules/react-dom/cjs/react-dom.development.js\u001b[2m:15486:18)\u001b[22m\u001b[2m\u001b[22m\n\u001b[2m      \u001b[2mat mountIndeterminateComponent (\u001b[22m\u001b[2mnode_modules/react-dom/cjs/react-dom.development.js\u001b[2m:20103:13)\u001b[22m\u001b[2m\u001b[22m\n\u001b[2m      \u001b[2mat beginWork (\u001b[22m\u001b[2mnode_modules/react-dom/cjs/react-dom.development.js\u001b[2m:21626:16)\u001b[22m\u001b[2m\u001b[22m\n\u001b[2m      \u001b[2mat beginWork$1 (\u001b[22m\u001b[2mnode_modules/react-dom/cjs/react-dom.development.js\u001b[2m:27465:14)\u001b[22m\u001b[2m\u001b[22m\n\u001b[2m      \u001b[2mat performUnitOfWork (\u001b[22m\u001b[2mnode_modules/react-dom/cjs/react-dom.development.js\u001b[2m:26599:12)\u001b[22m\u001b[2m\u001b[22m\n\u001b[2m      \u001b[2mat workLoopSync (\u001b[22m\u001b[2mnode_modules/react-dom/cjs/react-dom.development.js\u001b[2m:26505:5)\u001b[22m\u001b[2m\u001b[22m\n\u001b[2m      \u001b[2mat renderRootSync (\u001b[22m\u001b[2mnode_modules/react-dom/cjs/react-dom.development.js\u001b[2m:26473:7)\u001b[22m\u001b[2m\u001b[22m\n\u001b[2m      \u001b[2mat recoverFromConcurrentError (\u001b[22m\u001b[2mnode_modules/react-dom/cjs/react-dom.development.js\u001b[2m:25889:20)\u001b[22m\u001b[2m\u001b[22m\n\u001b[2m      \u001b[2mat performConcurrentWorkOnRoot (\u001b[22m\u001b[2mnode_modules/react-dom/cjs/react-dom.development.js\u001b[2m:25789:22)\u001b[22m\u001b[2m\u001b[22m\n\u001b[2m      \u001b[2mat flushActQueue (\u001b[22m\u001b[2mnode_modules/react/cjs/react.development.js\u001b[2m:2667:24)\u001b[22m\u001b[2m\u001b[22m\n\u001b[2m      \u001b[2mat act (\u001b[22m\u001b[2mnode_modules/react/cjs/react.development.js\u001b[2m:2582:11)\u001b[22m\u001b[2m\u001b[22m\n\u001b[2m      \u001b[2mat \u001b[22m\u001b[2mnode_modules/@testing-library/react/dist/act-compat.js\u001b[2m:47:25\u001b[22m\u001b[2m\u001b[22m\n\u001b[2m      \u001b[2mat renderRoot (\u001b[22m\u001b[2mnode_modules/@testing-library/react/dist/pure.js\u001b[2m:190:26)\u001b[22m\u001b[2m\u001b[22m\n\u001b[2m      \u001b[2mat render (\u001b[22m\u001b[2mnode_modules/@testing-library/react/dist/pure.js\u001b[2m:292:10)\u001b[22m\u001b[2m\u001b[22m\n\u001b[2m      \u001b[2mat Object.<anonymous> (C:\\Users\\leovp\\Programming\\adorador\\adorador-frontend\\src\\app\\(public)\u001b[22m\u001b[2m../../../../../grupos/_components/__tests__/BandIdMain.test.tsx\u001b[2m:37:33)\u001b[22m\u001b[2m\u001b[22m\n\n\u001b[1m\u001b[31m  \u001b[1m● \u001b[22m\u001b[1mBandIdMain - Responsive Layout › should have proper spacing and layout classes\u001b[39m\u001b[22m\n\n    No QueryClient set, use QueryClientProvider to set one\n\u001b[2m\u001b[22m\n\u001b[2m    \u001b[0m \u001b[90m 35 |\u001b[39m   enabled \u001b[33m=\u001b[39m \u001b[36mtrue\u001b[39m\u001b[33m,\u001b[39m\u001b[22m\n\u001b[2m     \u001b[90m 36 |\u001b[39m }\u001b[33m:\u001b[39m \u001b[33mUseBandSongsWebSocketProps\u001b[39m \u001b[33m=\u001b[39m {}) \u001b[33m=>\u001b[39m {\u001b[22m\n\u001b[2m    \u001b[31m\u001b[1m>\u001b[22m\u001b[2m\u001b[39m\u001b[90m 37 |\u001b[39m   \u001b[36mconst\u001b[39m queryClient \u001b[33m=\u001b[39m useQueryClient()\u001b[33m;\u001b[39m\u001b[22m\n\u001b[2m     \u001b[90m    |\u001b[39m                                     \u001b[31m\u001b[1m^\u001b[22m\u001b[2m\u001b[39m\u001b[22m\n\u001b[2m     \u001b[90m 38 |\u001b[39m   \u001b[36mconst\u001b[39m socketRef \u001b[33m=\u001b[39m useRef\u001b[33m<\u001b[39m\u001b[33mSocket\u001b[39m \u001b[33m|\u001b[39m \u001b[36mnull\u001b[39m\u001b[33m>\u001b[39m(\u001b[36mnull\u001b[39m)\u001b[33m;\u001b[39m\u001b[22m\n\u001b[2m     \u001b[90m 39 |\u001b[39m\u001b[22m\n\u001b[2m     \u001b[90m 40 |\u001b[39m   useEffect(() \u001b[33m=>\u001b[39m {\u001b[0m\u001b[22m\n\u001b[2m\u001b[22m\n\u001b[2m      \u001b[2mat useQueryClient (\u001b[22m\u001b[2mnode_modules/@tanstack/react-query/src/QueryClientProvider.tsx\u001b[2m:18:11)\u001b[22m\u001b[2m\u001b[22m\n\u001b[2m      \u001b[2mat useBandSongsWebSocket (\u001b[22m\u001b[2msrc/global/hooks/useBandSongsWebSocket.ts\u001b[2m:37:37)\u001b[22m\u001b[2m\u001b[22m\n\u001b[2m      \u001b[2mat BandIdMain (C:\\Users\\leovp\\Programming\\adorador\\adorador-frontend\\src\\app\\(public)\u001b[22m\u001b[2m../../../../../grupos/_components/BandIdMain.tsx\u001b[2m:12:24)\u001b[22m\u001b[2m\u001b[22m\n\u001b[2m      \u001b[2mat renderWithHooks (\u001b[22m\u001b[2mnode_modules/react-dom/cjs/react-dom.development.js\u001b[2m:15486:18)\u001b[22m\u001b[2m\u001b[22m\n\u001b[2m      \u001b[2mat mountIndeterminateComponent (\u001b[22m\u001b[2mnode_modules/react-dom/cjs/react-dom.development.js\u001b[2m:20103:13)\u001b[22m\u001b[2m\u001b[22m\n\u001b[2m      \u001b[2mat beginWork (\u001b[22m\u001b[2mnode_modules/react-dom/cjs/react-dom.development.js\u001b[2m:21626:16)\u001b[22m\u001b[2m\u001b[22m\n\u001b[2m      \u001b[2mat beginWork$1 (\u001b[22m\u001b[2mnode_modules/react-dom/cjs/react-dom.development.js\u001b[2m:27465:14)\u001b[22m\u001b[2m\u001b[22m\n\u001b[2m      \u001b[2mat performUnitOfWork (\u001b[22m\u001b[2mnode_modules/react-dom/cjs/react-dom.development.js\u001b[2m:26599:12)\u001b[22m\u001b[2m\u001b[22m\n\u001b[2m      \u001b[2mat workLoopSync (\u001b[22m\u001b[2mnode_modules/react-dom/cjs/react-dom.development.js\u001b[2m:26505:5)\u001b[22m\u001b[2m\u001b[22m\n\u001b[2m      \u001b[2mat renderRootSync (\u001b[22m\u001b[2mnode_modules/react-dom/cjs/react-dom.development.js\u001b[2m:26473:7)\u001b[22m\u001b[2m\u001b[22m\n\u001b[2m      \u001b[2mat recoverFromConcurrentError (\u001b[22m\u001b[2mnode_modules/react-dom/cjs/react-dom.development.js\u001b[2m:25889:20)\u001b[22m\u001b[2m\u001b[22m\n\u001b[2m      \u001b[2mat performConcurrentWorkOnRoot (\u001b[22m\u001b[2mnode_modules/react-dom/cjs/react-dom.development.js\u001b[2m:25789:22)\u001b[22m\u001b[2m\u001b[22m\n\u001b[2m      \u001b[2mat flushActQueue (\u001b[22m\u001b[2mnode_modules/react/cjs/react.development.js\u001b[2m:2667:24)\u001b[22m\u001b[2m\u001b[22m\n\u001b[2m      \u001b[2mat act (\u001b[22m\u001b[2mnode_modules/react/cjs/react.development.js\u001b[2m:2582:11)\u001b[22m\u001b[2m\u001b[22m\n\u001b[2m      \u001b[2mat \u001b[22m\u001b[2mnode_modules/@testing-library/react/dist/act-compat.js\u001b[2m:47:25\u001b[22m\u001b[2m\u001b[22m\n\u001b[2m      \u001b[2mat renderRoot (\u001b[22m\u001b[2mnode_modules/@testing-library/react/dist/pure.js\u001b[2m:190:26)\u001b[22m\u001b[2m\u001b[22m\n\u001b[2m      \u001b[2mat render (\u001b[22m\u001b[2mnode_modules/@testing-library/react/dist/pure.js\u001b[2m:292:10)\u001b[22m\u001b[2m\u001b[22m\n\u001b[2m      \u001b[2mat Object.<anonymous> (C:\\Users\\leovp\\Programming\\adorador\\adorador-frontend\\src\\app\\(public)\u001b[22m\u001b[2m../../../../../grupos/_components/__tests__/BandIdMain.test.tsx\u001b[2m:49:33)\u001b[22m\u001b[2m\u001b[22m\n\n\u001b[1m\u001b[31m  \u001b[1m● \u001b[22m\u001b[1mBandIdMain - Responsive Layout › should render all sections\u001b[39m\u001b[22m\n\n    No QueryClient set, use QueryClientProvider to set one\n\u001b[2m\u001b[22m\n\u001b[2m    \u001b[0m \u001b[90m 35 |\u001b[39m   enabled \u001b[33m=\u001b[39m \u001b[36mtrue\u001b[39m\u001b[33m,\u001b[39m\u001b[22m\n\u001b[2m     \u001b[90m 36 |\u001b[39m }\u001b[33m:\u001b[39m \u001b[33mUseBandSongsWebSocketProps\u001b[39m \u001b[33m=\u001b[39m {}) \u001b[33m=>\u001b[39m {\u001b[22m\n\u001b[2m    \u001b[31m\u001b[1m>\u001b[22m\u001b[2m\u001b[39m\u001b[90m 37 |\u001b[39m   \u001b[36mconst\u001b[39m queryClient \u001b[33m=\u001b[39m useQueryClient()\u001b[33m;\u001b[39m\u001b[22m\n\u001b[2m     \u001b[90m    |\u001b[39m                                     \u001b[31m\u001b[1m^\u001b[22m\u001b[2m\u001b[39m\u001b[22m\n\u001b[2m     \u001b[90m 38 |\u001b[39m   \u001b[36mconst\u001b[39m socketRef \u001b[33m=\u001b[39m useRef\u001b[33m<\u001b[39m\u001b[33mSocket\u001b[39m \u001b[33m|\u001b[39m \u001b[36mnull\u001b[39m\u001b[33m>\u001b[39m(\u001b[36mnull\u001b[39m)\u001b[33m;\u001b[39m\u001b[22m\n\u001b[2m     \u001b[90m 39 |\u001b[39m\u001b[22m\n\u001b[2m     \u001b[90m 40 |\u001b[39m   useEffect(() \u001b[33m=>\u001b[39m {\u001b[0m\u001b[22m\n\u001b[2m\u001b[22m\n\u001b[2m      \u001b[2mat useQueryClient (\u001b[22m\u001b[2mnode_modules/@tanstack/react-query/src/QueryClientProvider.tsx\u001b[2m:18:11)\u001b[22m\u001b[2m\u001b[22m\n\u001b[2m      \u001b[2mat useBandSongsWebSocket (\u001b[22m\u001b[2msrc/global/hooks/useBandSongsWebSocket.ts\u001b[2m:37:37)\u001b[22m\u001b[2m\u001b[22m\n\u001b[2m      \u001b[2mat BandIdMain (C:\\Users\\leovp\\Programming\\adorador\\adorador-frontend\\src\\app\\(public)\u001b[22m\u001b[2m../../../../../grupos/_components/BandIdMain.tsx\u001b[2m:12:24)\u001b[22m\u001b[2m\u001b[22m\n\u001b[2m      \u001b[2mat renderWithHooks (\u001b[22m\u001b[2mnode_modules/react-dom/cjs/react-dom.development.js\u001b[2m:15486:18)\u001b[22m\u001b[2m\u001b[22m\n\u001b[2m      \u001b[2mat mountIndeterminateComponent (\u001b[22m\u001b[2mnode_modules/react-dom/cjs/react-dom.development.js\u001b[2m:20103:13)\u001b[22m\u001b[2m\u001b[22m\n\u001b[2m      \u001b[2mat beginWork (\u001b[22m\u001b[2mnode_modules/react-dom/cjs/react-dom.development.js\u001b[2m:21626:16)\u001b[22m\u001b[2m\u001b[22m\n\u001b[2m      \u001b[2mat beginWork$1 (\u001b[22m\u001b[2mnode_modules/react-dom/cjs/react-dom.development.js\u001b[2m:27465:14)\u001b[22m\u001b[2m\u001b[22m\n\u001b[2m      \u001b[2mat performUnitOfWork (\u001b[22m\u001b[2mnode_modules/react-dom/cjs/react-dom.development.js\u001b[2m:26599:12)\u001b[22m\u001b[2m\u001b[22m\n\u001b[2m      \u001b[2mat workLoopSync (\u001b[22m\u001b[2mnode_modules/react-dom/cjs/react-dom.development.js\u001b[2m:26505:5)\u001b[22m\u001b[2m\u001b[22m\n\u001b[2m      \u001b[2mat renderRootSync (\u001b[22m\u001b[2mnode_modules/react-dom/cjs/react-dom.development.js\u001b[2m:26473:7)\u001b[22m\u001b[2m\u001b[22m\n\u001b[2m      \u001b[2mat recoverFromConcurrentError (\u001b[22m\u001b[2mnode_modules/react-dom/cjs/react-dom.development.js\u001b[2m:25889:20)\u001b[22m\u001b[2m\u001b[22m\n\u001b[2m      \u001b[2mat performConcurrentWorkOnRoot (\u001b[22m\u001b[2mnode_modules/react-dom/cjs/react-dom.development.js\u001b[2m:25789:22)\u001b[22m\u001b[2m\u001b[22m\n\u001b[2m      \u001b[2mat flushActQueue (\u001b[22m\u001b[2mnode_modules/react/cjs/react.development.js\u001b[2m:2667:24)\u001b[22m\u001b[2m\u001b[22m\n\u001b[2m      \u001b[2mat act (\u001b[22m\u001b[2mnode_modules/react/cjs/react.development.js\u001b[2m:2582:11)\u001b[22m\u001b[2m\u001b[22m\n\u001b[2m      \u001b[2mat \u001b[22m\u001b[2mnode_modules/@testing-library/react/dist/act-compat.js\u001b[2m:47:25\u001b[22m\u001b[2m\u001b[22m\n\u001b[2m      \u001b[2mat renderRoot (\u001b[22m\u001b[2mnode_modules/@testing-library/react/dist/pure.js\u001b[2m:190:26)\u001b[22m\u001b[2m\u001b[22m\n\u001b[2m      \u001b[2mat render (\u001b[22m\u001b[2mnode_modules/@testing-library/react/dist/pure.js\u001b[2m:292:10)\u001b[22m\u001b[2m\u001b[22m\n\u001b[2m      \u001b[2mat Object.<anonymous> (C:\\Users\\leovp\\Programming\\adorador\\adorador-frontend\\src\\app\\(public)\u001b[22m\u001b[2m../../../../../grupos/_components/__tests__/BandIdMain.test.tsx\u001b[2m:57:11)\u001b[22m\u001b[2m\u001b[22m\n\n\u001b[1m\u001b[31m  \u001b[1m● \u001b[22m\u001b[1mBandIdMain - Responsive Layout › should display band name\u001b[39m\u001b[22m\n\n    No QueryClient set, use QueryClientProvider to set one\n\u001b[2m\u001b[22m\n\u001b[2m    \u001b[0m \u001b[90m 35 |\u001b[39m   enabled \u001b[33m=\u001b[39m \u001b[36mtrue\u001b[39m\u001b[33m,\u001b[39m\u001b[22m\n\u001b[2m     \u001b[90m 36 |\u001b[39m }\u001b[33m:\u001b[39m \u001b[33mUseBandSongsWebSocketProps\u001b[39m \u001b[33m=\u001b[39m {}) \u001b[33m=>\u001b[39m {\u001b[22m\n\u001b[2m    \u001b[31m\u001b[1m>\u001b[22m\u001b[2m\u001b[39m\u001b[90m 37 |\u001b[39m   \u001b[36mconst\u001b[39m queryClient \u001b[33m=\u001b[39m useQueryClient()\u001b[33m;\u001b[39m\u001b[22m\n\u001b[2m     \u001b[90m    |\u001b[39m                                     \u001b[31m\u001b[1m^\u001b[22m\u001b[2m\u001b[39m\u001b[22m\n\u001b[2m     \u001b[90m 38 |\u001b[39m   \u001b[36mconst\u001b[39m socketRef \u001b[33m=\u001b[39m useRef\u001b[33m<\u001b[39m\u001b[33mSocket\u001b[39m \u001b[33m|\u001b[39m \u001b[36mnull\u001b[39m\u001b[33m>\u001b[39m(\u001b[36mnull\u001b[39m)\u001b[33m;\u001b[39m\u001b[22m\n\u001b[2m     \u001b[90m 39 |\u001b[39m\u001b[22m\n\u001b[2m     \u001b[90m 40 |\u001b[39m   useEffect(() \u001b[33m=>\u001b[39m {\u001b[0m\u001b[22m\n\u001b[2m\u001b[22m\n\u001b[2m      \u001b[2mat useQueryClient (\u001b[22m\u001b[2mnode_modules/@tanstack/react-query/src/QueryClientProvider.tsx\u001b[2m:18:11)\u001b[22m\u001b[2m\u001b[22m\n\u001b[2m      \u001b[2mat useBandSongsWebSocket (\u001b[22m\u001b[2msrc/global/hooks/useBandSongsWebSocket.ts\u001b[2m:37:37)\u001b[22m\u001b[2m\u001b[22m\n\u001b[2m      \u001b[2mat BandIdMain (C:\\Users\\leovp\\Programming\\adorador\\adorador-frontend\\src\\app\\(public)\u001b[22m\u001b[2m../../../../../grupos/_components/BandIdMain.tsx\u001b[2m:12:24)\u001b[22m\u001b[2m\u001b[22m\n\u001b[2m      \u001b[2mat renderWithHooks (\u001b[22m\u001b[2mnode_modules/react-dom/cjs/react-dom.development.js\u001b[2m:15486:18)\u001b[22m\u001b[2m\u001b[22m\n\u001b[2m      \u001b[2mat mountIndeterminateComponent (\u001b[22m\u001b[2mnode_modules/react-dom/cjs/react-dom.development.js\u001b[2m:20103:13)\u001b[22m\u001b[2m\u001b[22m\n\u001b[2m      \u001b[2mat beginWork (\u001b[22m\u001b[2mnode_modules/react-dom/cjs/react-dom.development.js\u001b[2m:21626:16)\u001b[22m\u001b[2m\u001b[22m\n\u001b[2m      \u001b[2mat beginWork$1 (\u001b[22m\u001b[2mnode_modules/react-dom/cjs/react-dom.development.js\u001b[2m:27465:14)\u001b[22m\u001b[2m\u001b[22m\n\u001b[2m      \u001b[2mat performUnitOfWork (\u001b[22m\u001b[2mnode_modules/react-dom/cjs/react-dom.development.js\u001b[2m:26599:12)\u001b[22m\u001b[2m\u001b[22m\n\u001b[2m      \u001b[2mat workLoopSync (\u001b[22m\u001b[2mnode_modules/react-dom/cjs/react-dom.development.js\u001b[2m:26505:5)\u001b[22m\u001b[2m\u001b[22m\n\u001b[2m      \u001b[2mat renderRootSync (\u001b[22m\u001b[2mnode_modules/react-dom/cjs/react-dom.development.js\u001b[2m:26473:7)\u001b[22m\u001b[2m\u001b[22m\n\u001b[2m      \u001b[2mat recoverFromConcurrentError (\u001b[22m\u001b[2mnode_modules/react-dom/cjs/react-dom.development.js\u001b[2m:25889:20)\u001b[22m\u001b[2m\u001b[22m\n\u001b[2m      \u001b[2mat performConcurrentWorkOnRoot (\u001b[22m\u001b[2mnode_modules/react-dom/cjs/react-dom.development.js\u001b[2m:25789:22)\u001b[22m\u001b[2m\u001b[22m\n\u001b[2m      \u001b[2mat flushActQueue (\u001b[22m\u001b[2mnode_modules/react/cjs/react.development.js\u001b[2m:2667:24)\u001b[22m\u001b[2m\u001b[22m\n\u001b[2m      \u001b[2mat act (\u001b[22m\u001b[2mnode_modules/react/cjs/react.development.js\u001b[2m:2582:11)\u001b[22m\u001b[2m\u001b[22m\n\u001b[2m      \u001b[2mat \u001b[22m\u001b[2mnode_modules/@testing-library/react/dist/act-compat.js\u001b[2m:47:25\u001b[22m\u001b[2m\u001b[22m\n\u001b[2m      \u001b[2mat renderRoot (\u001b[22m\u001b[2mnode_modules/@testing-library/react/dist/pure.js\u001b[2m:190:26)\u001b[22m\u001b[2m\u001b[22m\n\u001b[2m      \u001b[2mat render (\u001b[22m\u001b[2mnode_modules/@testing-library/react/dist/pure.js\u001b[2m:292:10)\u001b[22m\u001b[2m\u001b[22m\n\u001b[2m      \u001b[2mat Object.<anonymous> (C:\\Users\\leovp\\Programming\\adorador\\adorador-frontend\\src\\app\\(public)\u001b[22m\u001b[2m../../../../../grupos/_components/__tests__/BandIdMain.test.tsx\u001b[2m:65:11)\u001b[22m\u001b[2m\u001b[22m\n","name":"C:\\Users\\leovp\\Programming\\adorador\\adorador-frontend\\src\\app\\(public)\\grupos\\_components\\__tests__\\BandIdMain.test.tsx","startTime":1763189491223,"status":"failed","summary":""},{"assertionResults":[{"ancestorTitles":["HowItWorksSection Component","Component Rendering"],"duration":367,"failing":false,"failureDetails":[],"failureMessages":[],"fullName":"HowItWorksSection Component Component Rendering should render the section","invocations":1,"location":null,"numPassingAsserts":2,"retryReasons":[],"startAt":1763189528364,"status":"passed","title":"should render the section"},{"ancestorTitles":["HowItWorksSection Component","Component Rendering"],"duration":115,"failing":false,"failureDetails":[],"failureMessages":[],"fullName":"HowItWorksSection Component Component Rendering should render the section header","invocations":1,"location":null,"numPassingAsserts":2,"retryReasons":[],"startAt":1763189528734,"status":"passed","title":"should render the section header"},{"ancestorTitles":["HowItWorksSection Component","Component Rendering"],"duration":76,"failing":false,"failureDetails":[{"name":"TestingLibraryElementError"}],"failureMessages":["TestingLibraryElementError: Unable to find an element with the text: /Comienza a usar Zamr en minutos, sin complicaciones técnicas/i. This could be because the text is broken up by multiple elements. In this case, you can provide a function for your text matcher to make your matcher more flexible.\n\nIgnored nodes: comments, script, style\n\u001b[36m<body>\u001b[39m\n  \u001b[36m<div>\u001b[39m\n    \u001b[36m<section\u001b[39m\n      \u001b[33mclass\u001b[39m=\u001b[32m\"bg-gradient-gray px-4 py-16 sm:px-6 lg:px-8 lg:py-24\"\u001b[39m\n    \u001b[36m>\u001b[39m\n      \u001b[36m<div\u001b[39m\n        \u001b[33mclass\u001b[39m=\u001b[32m\"mx-auto max-w-7xl\"\u001b[39m\n      \u001b[36m>\u001b[39m\n        \u001b[36m<div\u001b[39m\n          \u001b[33mclass\u001b[39m=\u001b[32m\"mb-16 text-center\"\u001b[39m\n        \u001b[36m>\u001b[39m\n          \u001b[36m<h2\u001b[39m\n            \u001b[33mclass\u001b[39m=\u001b[32m\"mb-4 text-3xl font-bold text-gray-900 sm:text-4xl md:text-5xl\"\u001b[39m\n          \u001b[36m>\u001b[39m\n            \u001b[0mTan fácil como \u001b[0m\n            \u001b[36m<span\u001b[39m\n              \u001b[33mclass\u001b[39m=\u001b[32m\"text-gradient-simple\"\u001b[39m\n            \u001b[36m>\u001b[39m\n              \u001b[0m1, 2, 3\u001b[0m\n            \u001b[36m</span>\u001b[39m\n          \u001b[36m</h2>\u001b[39m\n          \u001b[36m<p\u001b[39m\n            \u001b[33mclass\u001b[39m=\u001b[32m\"mx-auto max-w-2xl text-lg text-gray-600\"\u001b[39m\n          \u001b[36m>\u001b[39m\n            \u001b[0mComienza a usar $\u001b[0m\n            \u001b[0mZamr\u001b[0m\n            \u001b[0m en minutos, sin complicaciones técnicas\u001b[0m\n          \u001b[36m</p>\u001b[39m\n        \u001b[36m</div>\u001b[39m\n        \u001b[36m<div\u001b[39m\n          \u001b[33mclass\u001b[39m=\u001b[32m\"grid gap-8 md:grid-cols-3\"\u001b[39m\n        \u001b[36m>\u001b[39m\n          \u001b[36m<div\u001b[39m\n            \u001b[33mclass\u001b[39m=\u001b[32m\"relative\"\u001b[39m\n          \u001b[36m>\u001b[39m\n            \u001b[36m<div\u001b[39m\n              \u001b[33mclass\u001b[39m=\u001b[32m\"absolute left-1/2 top-12 hidden h-0.5 w-full bg-gradient-connector md:block\"\u001b[39m\n            \u001b[36m/>\u001b[39m\n            \u001b[36m<div\u001b[39m\n              \u001b[33mclass\u001b[39m=\u001b[32m\"relative rounded-2xl bg-white p-8 shadow-lg transition-all hover:shadow-xl\"\u001b[39m\n            \u001b[36m>\u001b[39m\n              \u001b[36m<div\u001b[39m\n                \u001b[33mclass\u001b[39m=\u001b[32m\"mb-6 inline-flex h-16 w-16 items-center justify-center rounded-full bg-gradient-to-br from-brand-purple-500 to-brand-purple-600 text-2xl font-bold text-white shadow-lg\"\u001b[39m\n              \u001b[36m>\u001b[39m\n                \u001b[0m01\u001b[0m\n              \u001b[36m</div>\u001b[39m\n              \u001b[36m<h3\u001b[39m\n                \u001b[33mclass\u001b[39m=\u001b[32m\"mb-3 text-2xl font-bold text-gray-900\"\u001b[39m\n              \u001b[36m>\u001b[39m\n                \u001b[0mCrea tu grupo\u001b[0m\n              \u001b[36m</h3>\u001b[39m\n              \u001b[36m<p\u001b[39m\n                \u001b[33mclass\u001b[39m=\u001b[32m\"text-gray-600\"\u001b[39m\n              \u001b[36m>\u001b[39m\n                \u001b[0mRegistra tu grupo de alabanza e invita a los miembros de tu equipo en segundos.\u001b[0m\n              \u001b[36m</p>\u001b[39m\n            \u001b[36m</div>\u001b[39m\n          \u001b[36m</div>\u001b[39m\n          \u001b[36m<div\u001b[39m\n            \u001b[33mclass\u001b[39m=\u001b[32m\"relative\"\u001b[39m\n          \u001b[36m>\u001b[39m\n            \u001b[36m<div\u001b[39m\n              \u001b[33mclass\u001b[39m=\u001b[32m\"absolute left-1/2 top-12 hidden h-0.5 w-full bg-gradient-connector md:block\"\u001b[39m\n            \u001b[36m/>\u001b[39m\n            \u001b[36m<div\u001b[39m\n              \u001b[33mclass\u001b[39m=\u001b[32m\"relative rounded-2xl bg-white p-8 shadow-lg transition-all hover:shadow-xl\"\u001b[39m\n            \u001b[36m>\u001b[39m\n              \u001b[36m<div\u001b[39m\n                \u001b[33mclass\u001b[39m=\u001b[32m\"mb-6 inline-flex h-16 w-16 items-center justify-center rounded-full bg-gradient-to-br from-brand-pink-500 to-brand-pink-600 text-2xl font-bold text-white shadow-lg\"\u001b[39m\n              \u001b[36m>\u001b[39m\n                \u001b[0m02\u001b[0m\n              \u001b[36m</div>\u001b[39m\n              \u001b[36m<h3\u001b[39m\n                \u001b[33mclass\u001b[39m=\u001b[32m\"mb-3 text-2xl font-bold text-gray-900\"\u001b[39m\n              \u001b[36m>\u001b[39m\n                \u001b[0mOrganiza tu repertorio\u001b[0m\n              \u001b[36m</h3>\u001b[39m\n              \u001b[36m<p\u001b[39m\n                \u001b[33mclass\u001b[39m=\u001b[32m\"text-gray-600\"\u001b[39m\n              \u001b[36m>\u001b[39m\n                \u001b[0mAgrega canciones con acordes y letras. Personaliza tonalidades para cada evento.\u001b[0m\n              \u001b[36m</p>\u001b[39m\n            \u001b[36m</div>\u001b[39m\n          \u001b[36m</div>\u001b[39m\n          \u001b[36m<div\u001b[39m\n            \u001b[33mclass\u001b[39m=\u001b[32m\"relative\"\u001b[39m\n          \u001b[36m>\u001b[39m\n            \u001b[36m<div\u001b[39m\n              \u001b[33mclass\u001b[39m=\u001b[32m\"relative rounded-2xl bg-white p-8 shadow-lg transition-all hover:shadow-xl\"\u001b[39m\n            \u001b[36m>\u001b[39m\n              \u001b[36m<div\u001b[39m\n                \u001b[33mclass\u001b[39m=\u001b[32m\"mb-6 inline-flex h-16 w-16 items-center justify-center rounded-full bg-gradient-to-br from-brand-blue-500 to-brand-blue-600 text-2xl font-bold text-white shadow-lg\"\u001b[39m\n              \u001b[36m>\u001b[39m\n                \u001b[0m03\u001b[0m\n              \u001b[36m</div>\u001b[39m\n              \u001b[36m<h3\u001b[39m\n                \u001b[33mclass\u001b[39m=\u001b[32m\"mb-3 text-2xl font-bold text-gray-900\"\u001b[39m\n              \u001b[36m>\u001b[39m\n                \u001b[0mDirige en tiempo real\u001b[0m\n              \u001b[36m</h3>\u001b[39m\n              \u001b[36m<p\u001b[39m\n                \u001b[33mclass\u001b[39m=\u001b[32m\"text-gray-600\"\u001b[39m\n              \u001b[36m>\u001b[39m\n                \u001b[0mProyecta letras para la congregación mientras tu equipo ve acordes en sus dispositivos.\u001b[0m\n              \u001b[36m</p>\u001b[39m\n            \u001b[36m</div>\u001b[39m\n          \u001b[36m</div>\u001b[39m\n        \u001b[36m</div>\u001b[39m\n        \u001b[36m<div\u001b[39m\n          \u001b[33mclass\u001b[39m=\u001b[32m\"mt-12 text-center\"\u001b[39m\n        \u001b[36m>\u001b[39m\n          \u001b[36m<a\u001b[39m\n            \u001b[33mclass\u001b[39m=\u001b[32m\"z-0 group relative inline-flex items-center justify-center box-border appearance-none select-none whitespace-nowrap subpixel-antialiased overflow-hidden tap-highlight-transparent data-[pressed=true]:scale-[0.97] outline-none data-[focus-visible=true]:z-10 data-[focus-visible=true]:outline-2 data-[focus-visible=true]:outline-focus data-[focus-visible=true]:outline-offset-2 px-6 min-w-24 h-12 text-medium gap-3 rounded-large [&>svg]:max-w-[theme(spacing.8)] transition-transform-colors-opacity motion-reduce:transition-none data-[hover=true]:opacity-hover border-2 border-brand-purple-300 bg-brand-purple-600 font-semibold text-white transition-all hover:border-brand-purple-400 hover:bg-brand-purple-700\"\u001b[39m\n            \u001b[33mhref\u001b[39m=\u001b[32m\"/auth/login\"\u001b[39m\n            \u001b[33mrole\u001b[39m=\u001b[32m\"button\"\u001b[39m\n            \u001b[33mtabindex\u001b[39m=\u001b[32m\"0\"\u001b[39m\n          \u001b[36m>\u001b[39m\n            \u001b[0mEmpezar ahora\u001b[0m\n            \u001b[36m<span\u001b[39m\n              \u001b[33maria-hidden\u001b[39m=\u001b[32m\"true\"\u001b[39m\n              \u001b[33mclass\u001b[39m=\u001b[32m\"text-2xl\"\u001b[39m\n              \u001b[33mfocusable\u001b[39m=\u001b[32m\"false\"\u001b[39m\n              \u001b[33mtabindex\u001b[39m=\u001b[32m\"-1\"\u001b[39m\n            \u001b[36m>\u001b[39m\n              \u001b[0m→\u001b[0m\n            \u001b[36m</span>\u001b[39m\n          \u001b[36m</a>\u001b[39m\n        \u001b[36m</div>\u001b[39m\n      \u001b[36m</div>\u001b[39m\n    \u001b[36m</section>\u001b[39m\n  \u001b[36m</div>\u001b[39m\n\u001b[36m</body>\u001b[39m\n    at Object.getElementError (C:\\Users\\leovp\\Programming\\adorador\\adorador-frontend\\node_modules\\@testing-library\\dom\\dist\\config.js:37:19)\n    at C:\\Users\\leovp\\Programming\\adorador\\adorador-frontend\\node_modules\\@testing-library\\dom\\dist\\query-helpers.js:76:38\n    at C:\\Users\\leovp\\Programming\\adorador\\adorador-frontend\\node_modules\\@testing-library\\dom\\dist\\query-helpers.js:52:17\n    at C:\\Users\\leovp\\Programming\\adorador\\adorador-frontend\\node_modules\\@testing-library\\dom\\dist\\query-helpers.js:95:19\n    at Object.getByText (C:\\Users\\leovp\\Programming\\adorador\\adorador-frontend\\src\\app\\(public)\\(home)\\_components\\__tests__\\HowItWorksSection.test.tsx:22:16)\n    at Promise.finally.completed (C:\\Users\\leovp\\Programming\\adorador\\adorador-frontend\\node_modules\\jest-circus\\build\\jestAdapterInit.js:1557:28)\n    at new Promise (<anonymous>)\n    at callAsyncCircusFn (C:\\Users\\leovp\\Programming\\adorador\\adorador-frontend\\node_modules\\jest-circus\\build\\jestAdapterInit.js:1497:10)\n    at _callCircusTest (C:\\Users\\leovp\\Programming\\adorador\\adorador-frontend\\node_modules\\jest-circus\\build\\jestAdapterInit.js:1007:40)\n    at processTicksAndRejections (node:internal/process/task_queues:95:5)\n    at _runTest (C:\\Users\\leovp\\Programming\\adorador\\adorador-frontend\\node_modules\\jest-circus\\build\\jestAdapterInit.js:947:3)\n    at C:\\Users\\leovp\\Programming\\adorador\\adorador-frontend\\node_modules\\jest-circus\\build\\jestAdapterInit.js:849:7\n    at _runTestsForDescribeBlock (C:\\Users\\leovp\\Programming\\adorador\\adorador-frontend\\node_modules\\jest-circus\\build\\jestAdapterInit.js:862:11)\n    at _runTestsForDescribeBlock (C:\\Users\\leovp\\Programming\\adorador\\adorador-frontend\\node_modules\\jest-circus\\build\\jestAdapterInit.js:857:11)\n    at _runTestsForDescribeBlock (C:\\Users\\leovp\\Programming\\adorador\\adorador-frontend\\node_modules\\jest-circus\\build\\jestAdapterInit.js:857:11)\n    at run (C:\\Users\\leovp\\Programming\\adorador\\adorador-frontend\\node_modules\\jest-circus\\build\\jestAdapterInit.js:761:3)\n    at runAndTransformResultsToJestFormat (C:\\Users\\leovp\\Programming\\adorador\\adorador-frontend\\node_modules\\jest-circus\\build\\jestAdapterInit.js:1918:21)\n    at jestAdapter (C:\\Users\\leovp\\Programming\\adorador\\adorador-frontend\\node_modules\\jest-circus\\build\\runner.js:101:19)\n    at runTestInternal (C:\\Users\\leovp\\Programming\\adorador\\adorador-frontend\\node_modules\\jest-runner\\build\\testWorker.js:277:16)\n    at runTest (C:\\Users\\leovp\\Programming\\adorador\\adorador-frontend\\node_modules\\jest-runner\\build\\testWorker.js:345:7)\n    at Object.worker (C:\\Users\\leovp\\Programming\\adorador\\adorador-frontend\\node_modules\\jest-runner\\build\\testWorker.js:499:12)"],"fullName":"HowItWorksSection Component Component Rendering should render subtitle","invocations":1,"location":null,"numPassingAsserts":0,"retryReasons":[],"startAt":1763189528850,"status":"failed","title":"should render subtitle"},{"ancestorTitles":["HowItWorksSection Component","Step Cards"],"duration":139,"failing":false,"failureDetails":[],"failureMessages":[],"fullName":"HowItWorksSection Component Step Cards should render all three steps","invocations":1,"location":null,"numPassingAsserts":3,"retryReasons":[],"startAt":1763189529031,"status":"passed","title":"should render all three steps"},{"ancestorTitles":["HowItWorksSection Component","Step Cards"],"duration":79,"failing":false,"failureDetails":[],"failureMessages":[],"fullName":"HowItWorksSection Component Step Cards should render step numbers","invocations":1,"location":null,"numPassingAsserts":3,"retryReasons":[],"startAt":1763189529171,"status":"passed","title":"should render step numbers"},{"ancestorTitles":["HowItWorksSection Component","Step Cards"],"duration":125,"failing":false,"failureDetails":[],"failureMessages":[],"fullName":"HowItWorksSection Component Step Cards should render step descriptions","invocations":1,"location":null,"numPassingAsserts":3,"retryReasons":[],"startAt":1763189529251,"status":"passed","title":"should render step descriptions"},{"ancestorTitles":["HowItWorksSection Component","Step Styling"],"duration":136,"failing":false,"failureDetails":[],"failureMessages":[],"fullName":"HowItWorksSection Component Step Styling should apply gradient backgrounds to step badges","invocations":1,"location":null,"numPassingAsserts":1,"retryReasons":[],"startAt":1763189529377,"status":"passed","title":"should apply gradient backgrounds to step badges"},{"ancestorTitles":["HowItWorksSection Component","Step Styling"],"duration":114,"failing":false,"failureDetails":[],"failureMessages":[],"fullName":"HowItWorksSection Component Step Styling should have correct gradient colors for each step","invocations":1,"location":null,"numPassingAsserts":3,"retryReasons":[],"startAt":1763189529513,"status":"passed","title":"should have correct gradient colors for each step"},{"ancestorTitles":["HowItWorksSection Component","Connector Lines"],"duration":63,"failing":false,"failureDetails":[],"failureMessages":[],"fullName":"HowItWorksSection Component Connector Lines should render connector lines between steps","invocations":1,"location":null,"numPassingAsserts":1,"retryReasons":[],"startAt":1763189529628,"status":"passed","title":"should render connector lines between steps"},{"ancestorTitles":["HowItWorksSection Component","Connector Lines"],"duration":134,"failing":false,"failureDetails":[],"failureMessages":[],"fullName":"HowItWorksSection Component Connector Lines should hide connectors on mobile","invocations":1,"location":null,"numPassingAsserts":2,"retryReasons":[],"startAt":1763189529691,"status":"passed","title":"should hide connectors on mobile"},{"ancestorTitles":["HowItWorksSection Component","CTA Button"],"duration":33,"failing":false,"failureDetails":[],"failureMessages":[],"fullName":"HowItWorksSection Component CTA Button should render CTA button","invocations":1,"location":null,"numPassingAsserts":1,"retryReasons":[],"startAt":1763189529826,"status":"passed","title":"should render CTA button"},{"ancestorTitles":["HowItWorksSection Component","CTA Button"],"duration":41,"failing":false,"failureDetails":[],"failureMessages":[],"fullName":"HowItWorksSection Component CTA Button should have correct link","invocations":1,"location":null,"numPassingAsserts":1,"retryReasons":[],"startAt":1763189529860,"status":"passed","title":"should have correct link"},{"ancestorTitles":["HowItWorksSection Component","CTA Button"],"duration":98,"failing":false,"failureDetails":[],"failureMessages":[],"fullName":"HowItWorksSection Component CTA Button should have primary button styling","invocations":1,"location":null,"numPassingAsserts":2,"retryReasons":[],"startAt":1763189529901,"status":"passed","title":"should have primary button styling"},{"ancestorTitles":["HowItWorksSection Component","CTA Button"],"duration":36,"failing":false,"failureDetails":[],"failureMessages":[],"fullName":"HowItWorksSection Component CTA Button should render arrow icon","invocations":1,"location":null,"numPassingAsserts":1,"retryReasons":[],"startAt":1763189529999,"status":"passed","title":"should render arrow icon"},{"ancestorTitles":["HowItWorksSection Component","Responsive Layout"],"duration":60,"failing":false,"failureDetails":[],"failureMessages":[],"fullName":"HowItWorksSection Component Responsive Layout should have responsive grid","invocations":1,"location":null,"numPassingAsserts":1,"retryReasons":[],"startAt":1763189530035,"status":"passed","title":"should have responsive grid"},{"ancestorTitles":["HowItWorksSection Component","Responsive Layout"],"duration":33,"failing":false,"failureDetails":[],"failureMessages":[],"fullName":"HowItWorksSection Component Responsive Layout should have responsive padding","invocations":1,"location":null,"numPassingAsserts":1,"retryReasons":[],"startAt":1763189530096,"status":"passed","title":"should have responsive padding"},{"ancestorTitles":["HowItWorksSection Component","Accessibility"],"duration":36,"failing":false,"failureDetails":[],"failureMessages":[],"fullName":"HowItWorksSection Component Accessibility should have proper heading hierarchy","invocations":1,"location":null,"numPassingAsserts":2,"retryReasons":[],"startAt":1763189530131,"status":"passed","title":"should have proper heading hierarchy"}],"endTime":1763189530291,"message":"\u001b[1m\u001b[31m  \u001b[1m● \u001b[22m\u001b[1mHowItWorksSection Component › Component Rendering › should render subtitle\u001b[39m\u001b[22m\n\n    TestingLibraryElementError: Unable to find an element with the text: /Comienza a usar Zamr en minutos, sin complicaciones técnicas/i. This could be because the text is broken up by multiple elements. In this case, you can provide a function for your text matcher to make your matcher more flexible.\n\n    Ignored nodes: comments, script, style\n    \u001b[36m<body>\u001b[39m\n      \u001b[36m<div>\u001b[39m\n        \u001b[36m<section\u001b[39m\n          \u001b[33mclass\u001b[39m=\u001b[32m\"bg-gradient-gray px-4 py-16 sm:px-6 lg:px-8 lg:py-24\"\u001b[39m\n        \u001b[36m>\u001b[39m\n          \u001b[36m<div\u001b[39m\n            \u001b[33mclass\u001b[39m=\u001b[32m\"mx-auto max-w-7xl\"\u001b[39m\n          \u001b[36m>\u001b[39m\n            \u001b[36m<div\u001b[39m\n              \u001b[33mclass\u001b[39m=\u001b[32m\"mb-16 text-center\"\u001b[39m\n            \u001b[36m>\u001b[39m\n              \u001b[36m<h2\u001b[39m\n                \u001b[33mclass\u001b[39m=\u001b[32m\"mb-4 text-3xl font-bold text-gray-900 sm:text-4xl md:text-5xl\"\u001b[39m\n              \u001b[36m>\u001b[39m\n                \u001b[0mTan fácil como \u001b[0m\n                \u001b[36m<span\u001b[39m\n                  \u001b[33mclass\u001b[39m=\u001b[32m\"text-gradient-simple\"\u001b[39m\n                \u001b[36m>\u001b[39m\n                  \u001b[0m1, 2, 3\u001b[0m\n                \u001b[36m</span>\u001b[39m\n              \u001b[36m</h2>\u001b[39m\n              \u001b[36m<p\u001b[39m\n                \u001b[33mclass\u001b[39m=\u001b[32m\"mx-auto max-w-2xl text-lg text-gray-600\"\u001b[39m\n              \u001b[36m>\u001b[39m\n                \u001b[0mComienza a usar $\u001b[0m\n                \u001b[0mZamr\u001b[0m\n                \u001b[0m en minutos, sin complicaciones técnicas\u001b[0m\n              \u001b[36m</p>\u001b[39m\n            \u001b[36m</div>\u001b[39m\n            \u001b[36m<div\u001b[39m\n              \u001b[33mclass\u001b[39m=\u001b[32m\"grid gap-8 md:grid-cols-3\"\u001b[39m\n            \u001b[36m>\u001b[39m\n              \u001b[36m<div\u001b[39m\n                \u001b[33mclass\u001b[39m=\u001b[32m\"relative\"\u001b[39m\n              \u001b[36m>\u001b[39m\n                \u001b[36m<div\u001b[39m\n                  \u001b[33mclass\u001b[39m=\u001b[32m\"absolute left-1/2 top-12 hidden h-0.5 w-full bg-gradient-connector md:block\"\u001b[39m\n                \u001b[36m/>\u001b[39m\n                \u001b[36m<div\u001b[39m\n                  \u001b[33mclass\u001b[39m=\u001b[32m\"relative rounded-2xl bg-white p-8 shadow-lg transition-all hover:shadow-xl\"\u001b[39m\n                \u001b[36m>\u001b[39m\n                  \u001b[36m<div\u001b[39m\n                    \u001b[33mclass\u001b[39m=\u001b[32m\"mb-6 inline-flex h-16 w-16 items-center justify-center rounded-full bg-gradient-to-br from-brand-purple-500 to-brand-purple-600 text-2xl font-bold text-white shadow-lg\"\u001b[39m\n                  \u001b[36m>\u001b[39m\n                    \u001b[0m01\u001b[0m\n                  \u001b[36m</div>\u001b[39m\n                  \u001b[36m<h3\u001b[39m\n                    \u001b[33mclass\u001b[39m=\u001b[32m\"mb-3 text-2xl font-bold text-gray-900\"\u001b[39m\n                  \u001b[36m>\u001b[39m\n                    \u001b[0mCrea tu grupo\u001b[0m\n                  \u001b[36m</h3>\u001b[39m\n                  \u001b[36m<p\u001b[39m\n                    \u001b[33mclass\u001b[39m=\u001b[32m\"text-gray-600\"\u001b[39m\n                  \u001b[36m>\u001b[39m\n                    \u001b[0mRegistra tu grupo de alabanza e invita a los miembros de tu equipo en segundos.\u001b[0m\n                  \u001b[36m</p>\u001b[39m\n                \u001b[36m</div>\u001b[39m\n              \u001b[36m</div>\u001b[39m\n              \u001b[36m<div\u001b[39m\n                \u001b[33mclass\u001b[39m=\u001b[32m\"relative\"\u001b[39m\n              \u001b[36m>\u001b[39m\n                \u001b[36m<div\u001b[39m\n                  \u001b[33mclass\u001b[39m=\u001b[32m\"absolute left-1/2 top-12 hidden h-0.5 w-full bg-gradient-connector md:block\"\u001b[39m\n                \u001b[36m/>\u001b[39m\n                \u001b[36m<div\u001b[39m\n                  \u001b[33mclass\u001b[39m=\u001b[32m\"relative rounded-2xl bg-white p-8 shadow-lg transition-all hover:shadow-xl\"\u001b[39m\n                \u001b[36m>\u001b[39m\n                  \u001b[36m<div\u001b[39m\n                    \u001b[33mclass\u001b[39m=\u001b[32m\"mb-6 inline-flex h-16 w-16 items-center justify-center rounded-full bg-gradient-to-br from-brand-pink-500 to-brand-pink-600 text-2xl font-bold text-white shadow-lg\"\u001b[39m\n                  \u001b[36m>\u001b[39m\n                    \u001b[0m02\u001b[0m\n                  \u001b[36m</div>\u001b[39m\n                  \u001b[36m<h3\u001b[39m\n                    \u001b[33mclass\u001b[39m=\u001b[32m\"mb-3 text-2xl font-bold text-gray-900\"\u001b[39m\n                  \u001b[36m>\u001b[39m\n                    \u001b[0mOrganiza tu repertorio\u001b[0m\n                  \u001b[36m</h3>\u001b[39m\n                  \u001b[36m<p\u001b[39m\n                    \u001b[33mclass\u001b[39m=\u001b[32m\"text-gray-600\"\u001b[39m\n                  \u001b[36m>\u001b[39m\n                    \u001b[0mAgrega canciones con acordes y letras. Personaliza tonalidades para cada evento.\u001b[0m\n                  \u001b[36m</p>\u001b[39m\n                \u001b[36m</div>\u001b[39m\n              \u001b[36m</div>\u001b[39m\n              \u001b[36m<div\u001b[39m\n                \u001b[33mclass\u001b[39m=\u001b[32m\"relative\"\u001b[39m\n              \u001b[36m>\u001b[39m\n                \u001b[36m<div\u001b[39m\n                  \u001b[33mclass\u001b[39m=\u001b[32m\"relative rounded-2xl bg-white p-8 shadow-lg transition-all hover:shadow-xl\"\u001b[39m\n                \u001b[36m>\u001b[39m\n                  \u001b[36m<div\u001b[39m\n                    \u001b[33mclass\u001b[39m=\u001b[32m\"mb-6 inline-flex h-16 w-16 items-center justify-center rounded-full bg-gradient-to-br from-brand-blue-500 to-brand-blue-600 text-2xl font-bold text-white shadow-lg\"\u001b[39m\n                  \u001b[36m>\u001b[39m\n                    \u001b[0m03\u001b[0m\n                  \u001b[36m</div>\u001b[39m\n                  \u001b[36m<h3\u001b[39m\n                    \u001b[33mclass\u001b[39m=\u001b[32m\"mb-3 text-2xl font-bold text-gray-900\"\u001b[39m\n                  \u001b[36m>\u001b[39m\n                    \u001b[0mDirige en tiempo real\u001b[0m\n                  \u001b[36m</h3>\u001b[39m\n                  \u001b[36m<p\u001b[39m\n                    \u001b[33mclass\u001b[39m=\u001b[32m\"text-gray-600\"\u001b[39m\n                  \u001b[36m>\u001b[39m\n                    \u001b[0mProyecta letras para la congregación mientras tu equipo ve acordes en sus dispositivos.\u001b[0m\n                  \u001b[36m</p>\u001b[39m\n                \u001b[36m</div>\u001b[39m\n              \u001b[36m</div>\u001b[39m\n            \u001b[36m</div>\u001b[39m\n            \u001b[36m<div\u001b[39m\n              \u001b[33mclass\u001b[39m=\u001b[32m\"mt-12 text-center\"\u001b[39m\n            \u001b[36m>\u001b[39m\n              \u001b[36m<a\u001b[39m\n                \u001b[33mclass\u001b[39m=\u001b[32m\"z-0 group relative inline-flex items-center justify-center box-border appearance-none select-none whitespace-nowrap subpixel-antialiased overflow-hidden tap-highlight-transparent data-[pressed=true]:scale-[0.97] outline-none data-[focus-visible=true]:z-10 data-[focus-visible=true]:outline-2 data-[focus-visible=true]:outline-focus data-[focus-visible=true]:outline-offset-2 px-6 min-w-24 h-12 text-medium gap-3 rounded-large [&>svg]:max-w-[theme(spacing.8)] transition-transform-colors-opacity motion-reduce:transition-none data-[hover=true]:opacity-hover border-2 border-brand-purple-300 bg-brand-purple-600 font-semibold text-white transition-all hover:border-brand-purple-400 hover:bg-brand-purple-700\"\u001b[39m\n                \u001b[33mhref\u001b[39m=\u001b[32m\"/auth/login\"\u001b[39m\n                \u001b[33mrole\u001b[39m=\u001b[32m\"button\"\u001b[39m\n                \u001b[33mtabindex\u001b[39m=\u001b[32m\"0\"\u001b[39m\n              \u001b[36m>\u001b[39m\n                \u001b[0mEmpezar ahora\u001b[0m\n                \u001b[36m<span\u001b[39m\n                  \u001b[33maria-hidden\u001b[39m=\u001b[32m\"true\"\u001b[39m\n                  \u001b[33mclass\u001b[39m=\u001b[32m\"text-2xl\"\u001b[39m\n                  \u001b[33mfocusable\u001b[39m=\u001b[32m\"false\"\u001b[39m\n                  \u001b[33mtabindex\u001b[39m=\u001b[32m\"-1\"\u001b[39m\n                \u001b[36m>\u001b[39m\n                  \u001b[0m→\u001b[0m\n                \u001b[36m</span>\u001b[39m\n              \u001b[36m</a>\u001b[39m\n            \u001b[36m</div>\u001b[39m\n          \u001b[36m</div>\u001b[39m\n        \u001b[36m</section>\u001b[39m\n      \u001b[36m</div>\u001b[39m\n    \u001b[36m</body>\u001b[39m\n\u001b[2m\u001b[22m\n\u001b[2m    \u001b[0m \u001b[90m 20 |\u001b[39m       render(\u001b[33m<\u001b[39m\u001b[33mHowItWorksSection\u001b[39m \u001b[33m/\u001b[39m\u001b[33m>\u001b[39m)\u001b[33m;\u001b[39m\u001b[22m\n\u001b[2m     \u001b[90m 21 |\u001b[39m       expect(\u001b[22m\n\u001b[2m    \u001b[31m\u001b[1m>\u001b[22m\u001b[2m\u001b[39m\u001b[90m 22 |\u001b[39m         screen\u001b[33m.\u001b[39mgetByText(\u001b[22m\n\u001b[2m     \u001b[90m    |\u001b[39m                \u001b[31m\u001b[1m^\u001b[22m\u001b[2m\u001b[39m\u001b[22m\n\u001b[2m     \u001b[90m 23 |\u001b[39m           \u001b[35m/Comienza a usar Zamr en minutos, sin complicaciones técnicas/i\u001b[39m\u001b[33m,\u001b[39m\u001b[22m\n\u001b[2m     \u001b[90m 24 |\u001b[39m         )\u001b[33m,\u001b[39m\u001b[22m\n\u001b[2m     \u001b[90m 25 |\u001b[39m       )\u001b[33m.\u001b[39mtoBeInTheDocument()\u001b[33m;\u001b[39m\u001b[0m\u001b[22m\n\u001b[2m\u001b[22m\n\u001b[2m      \u001b[2mat Object.getElementError (\u001b[22m\u001b[2mnode_modules/@testing-library/dom/dist/config.js\u001b[2m:37:19)\u001b[22m\u001b[2m\u001b[22m\n\u001b[2m      \u001b[2mat \u001b[22m\u001b[2mnode_modules/@testing-library/dom/dist/query-helpers.js\u001b[2m:76:38\u001b[22m\u001b[2m\u001b[22m\n\u001b[2m      \u001b[2mat \u001b[22m\u001b[2mnode_modules/@testing-library/dom/dist/query-helpers.js\u001b[2m:52:17\u001b[22m\u001b[2m\u001b[22m\n\u001b[2m      \u001b[2mat \u001b[22m\u001b[2mnode_modules/@testing-library/dom/dist/query-helpers.js\u001b[2m:95:19\u001b[22m\u001b[2m\u001b[22m\n\u001b[2m      \u001b[2mat Object.getByText (C:\\Users\\leovp\\Programming\\adorador\\adorador-frontend\\src\\app\\(public)\\(home)\u001b[22m\u001b[2m../../../../../_components/__tests__/HowItWorksSection.test.tsx\u001b[2m:22:16)\u001b[22m\u001b[2m\u001b[22m\n","name":"C:\\Users\\leovp\\Programming\\adorador\\adorador-frontend\\src\\app\\(public)\\(home)\\_components\\__tests__\\HowItWorksSection.test.tsx","startTime":1763189467871,"status":"failed","summary":""},{"assertionResults":[{"ancestorTitles":["AddNewSongtoChurchAndEvent"],"duration":592,"failing":false,"failureDetails":[{}],"failureMessages":["Error: No QueryClient set, use QueryClientProvider to set one\n    at useQueryClient (C:\\Users\\leovp\\Programming\\adorador\\adorador-frontend\\node_modules\\@tanstack\\react-query\\src\\QueryClientProvider.tsx:18:11)\n    at useBandSongsWebSocket (C:\\Users\\leovp\\Programming\\adorador\\adorador-frontend\\src\\global\\hooks\\useBandSongsWebSocket.ts:37:37)\n    at AddNewSongtoChurchAndEvent (C:\\Users\\leovp\\Programming\\adorador\\adorador-frontend\\src\\app\\(public)\\grupos\\[bandId]\\eventos\\[eventId]\\en-vivo\\_components\\addSongToEvent\\AddNewSongtoChurchAndEvent.tsx:38:24)\n    at renderWithHooks (C:\\Users\\leovp\\Programming\\adorador\\adorador-frontend\\node_modules\\react-dom\\cjs\\react-dom.development.js:15486:18)\n    at mountIndeterminateComponent (C:\\Users\\leovp\\Programming\\adorador\\adorador-frontend\\node_modules\\react-dom\\cjs\\react-dom.development.js:20103:13)\n    at beginWork (C:\\Users\\leovp\\Programming\\adorador\\adorador-frontend\\node_modules\\react-dom\\cjs\\react-dom.development.js:21626:16)\n    at beginWork$1 (C:\\Users\\leovp\\Programming\\adorador\\adorador-frontend\\node_modules\\react-dom\\cjs\\react-dom.development.js:27465:14)\n    at performUnitOfWork (C:\\Users\\leovp\\Programming\\adorador\\adorador-frontend\\node_modules\\react-dom\\cjs\\react-dom.development.js:26599:12)\n    at workLoopSync (C:\\Users\\leovp\\Programming\\adorador\\adorador-frontend\\node_modules\\react-dom\\cjs\\react-dom.development.js:26505:5)\n    at renderRootSync (C:\\Users\\leovp\\Programming\\adorador\\adorador-frontend\\node_modules\\react-dom\\cjs\\react-dom.development.js:26473:7)\n    at recoverFromConcurrentError (C:\\Users\\leovp\\Programming\\adorador\\adorador-frontend\\node_modules\\react-dom\\cjs\\react-dom.development.js:25889:20)\n    at performConcurrentWorkOnRoot (C:\\Users\\leovp\\Programming\\adorador\\adorador-frontend\\node_modules\\react-dom\\cjs\\react-dom.development.js:25789:22)\n    at flushActQueue (C:\\Users\\leovp\\Programming\\adorador\\adorador-frontend\\node_modules\\react\\cjs\\react.development.js:2667:24)\n    at act (C:\\Users\\leovp\\Programming\\adorador\\adorador-frontend\\node_modules\\react\\cjs\\react.development.js:2582:11)\n    at C:\\Users\\leovp\\Programming\\adorador\\adorador-frontend\\node_modules\\@testing-library\\react\\dist\\act-compat.js:47:25\n    at renderRoot (C:\\Users\\leovp\\Programming\\adorador\\adorador-frontend\\node_modules\\@testing-library\\react\\dist\\pure.js:190:26)\n    at render (C:\\Users\\leovp\\Programming\\adorador\\adorador-frontend\\node_modules\\@testing-library\\react\\dist\\pure.js:292:10)\n    at Object.<anonymous> (C:\\Users\\leovp\\Programming\\adorador\\adorador-frontend\\src\\app\\(public)\\grupos\\[bandId]\\eventos\\[eventId]\\en-vivo\\_components\\addSongToEvent\\__tests__\\AddNewSongtoChurchAndEvent.test.tsx:102:11)\n    at Promise.finally.completed (C:\\Users\\leovp\\Programming\\adorador\\adorador-frontend\\node_modules\\jest-circus\\build\\jestAdapterInit.js:1557:28)\n    at new Promise (<anonymous>)\n    at callAsyncCircusFn (C:\\Users\\leovp\\Programming\\adorador\\adorador-frontend\\node_modules\\jest-circus\\build\\jestAdapterInit.js:1497:10)\n    at _callCircusTest (C:\\Users\\leovp\\Programming\\adorador\\adorador-frontend\\node_modules\\jest-circus\\build\\jestAdapterInit.js:1007:40)\n    at processTicksAndRejections (node:internal/process/task_queues:95:5)\n    at _runTest (C:\\Users\\leovp\\Programming\\adorador\\adorador-frontend\\node_modules\\jest-circus\\build\\jestAdapterInit.js:947:3)\n    at C:\\Users\\leovp\\Programming\\adorador\\adorador-frontend\\node_modules\\jest-circus\\build\\jestAdapterInit.js:849:7\n    at _runTestsForDescribeBlock (C:\\Users\\leovp\\Programming\\adorador\\adorador-frontend\\node_modules\\jest-circus\\build\\jestAdapterInit.js:862:11)\n    at _runTestsForDescribeBlock (C:\\Users\\leovp\\Programming\\adorador\\adorador-frontend\\node_modules\\jest-circus\\build\\jestAdapterInit.js:857:11)\n    at run (C:\\Users\\leovp\\Programming\\adorador\\adorador-frontend\\node_modules\\jest-circus\\build\\jestAdapterInit.js:761:3)\n    at runAndTransformResultsToJestFormat (C:\\Users\\leovp\\Programming\\adorador\\adorador-frontend\\node_modules\\jest-circus\\build\\jestAdapterInit.js:1918:21)\n    at jestAdapter (C:\\Users\\leovp\\Programming\\adorador\\adorador-frontend\\node_modules\\jest-circus\\build\\runner.js:101:19)\n    at runTestInternal (C:\\Users\\leovp\\Programming\\adorador\\adorador-frontend\\node_modules\\jest-runner\\build\\testWorker.js:277:16)\n    at runTest (C:\\Users\\leovp\\Programming\\adorador\\adorador-frontend\\node_modules\\jest-runner\\build\\testWorker.js:345:7)\n    at Object.worker (C:\\Users\\leovp\\Programming\\adorador\\adorador-frontend\\node_modules\\jest-runner\\build\\testWorker.js:499:12)"],"fullName":"AddNewSongtoChurchAndEvent should render modal when isOpen is true","invocations":1,"location":null,"numPassingAsserts":0,"retryReasons":[],"startAt":1763189531071,"status":"failed","title":"should render modal when isOpen is true"},{"ancestorTitles":["AddNewSongtoChurchAndEvent"],"duration":49,"failing":false,"failureDetails":[{}],"failureMessages":["Error: No QueryClient set, use QueryClientProvider to set one\n    at useQueryClient (C:\\Users\\leovp\\Programming\\adorador\\adorador-frontend\\node_modules\\@tanstack\\react-query\\src\\QueryClientProvider.tsx:18:11)\n    at useBandSongsWebSocket (C:\\Users\\leovp\\Programming\\adorador\\adorador-frontend\\src\\global\\hooks\\useBandSongsWebSocket.ts:37:37)\n    at AddNewSongtoChurchAndEvent (C:\\Users\\leovp\\Programming\\adorador\\adorador-frontend\\src\\app\\(public)\\grupos\\[bandId]\\eventos\\[eventId]\\en-vivo\\_components\\addSongToEvent\\AddNewSongtoChurchAndEvent.tsx:38:24)\n    at renderWithHooks (C:\\Users\\leovp\\Programming\\adorador\\adorador-frontend\\node_modules\\react-dom\\cjs\\react-dom.development.js:15486:18)\n    at mountIndeterminateComponent (C:\\Users\\leovp\\Programming\\adorador\\adorador-frontend\\node_modules\\react-dom\\cjs\\react-dom.development.js:20103:13)\n    at beginWork (C:\\Users\\leovp\\Programming\\adorador\\adorador-frontend\\node_modules\\react-dom\\cjs\\react-dom.development.js:21626:16)\n    at beginWork$1 (C:\\Users\\leovp\\Programming\\adorador\\adorador-frontend\\node_modules\\react-dom\\cjs\\react-dom.development.js:27465:14)\n    at performUnitOfWork (C:\\Users\\leovp\\Programming\\adorador\\adorador-frontend\\node_modules\\react-dom\\cjs\\react-dom.development.js:26599:12)\n    at workLoopSync (C:\\Users\\leovp\\Programming\\adorador\\adorador-frontend\\node_modules\\react-dom\\cjs\\react-dom.development.js:26505:5)\n    at renderRootSync (C:\\Users\\leovp\\Programming\\adorador\\adorador-frontend\\node_modules\\react-dom\\cjs\\react-dom.development.js:26473:7)\n    at recoverFromConcurrentError (C:\\Users\\leovp\\Programming\\adorador\\adorador-frontend\\node_modules\\react-dom\\cjs\\react-dom.development.js:25889:20)\n    at performConcurrentWorkOnRoot (C:\\Users\\leovp\\Programming\\adorador\\adorador-frontend\\node_modules\\react-dom\\cjs\\react-dom.development.js:25789:22)\n    at flushActQueue (C:\\Users\\leovp\\Programming\\adorador\\adorador-frontend\\node_modules\\react\\cjs\\react.development.js:2667:24)\n    at act (C:\\Users\\leovp\\Programming\\adorador\\adorador-frontend\\node_modules\\react\\cjs\\react.development.js:2582:11)\n    at C:\\Users\\leovp\\Programming\\adorador\\adorador-frontend\\node_modules\\@testing-library\\react\\dist\\act-compat.js:47:25\n    at renderRoot (C:\\Users\\leovp\\Programming\\adorador\\adorador-frontend\\node_modules\\@testing-library\\react\\dist\\pure.js:190:26)\n    at render (C:\\Users\\leovp\\Programming\\adorador\\adorador-frontend\\node_modules\\@testing-library\\react\\dist\\pure.js:292:10)\n    at Object.<anonymous> (C:\\Users\\leovp\\Programming\\adorador\\adorador-frontend\\src\\app\\(public)\\grupos\\[bandId]\\eventos\\[eventId]\\en-vivo\\_components\\addSongToEvent\\__tests__\\AddNewSongtoChurchAndEvent.test.tsx:115:11)\n    at Promise.finally.completed (C:\\Users\\leovp\\Programming\\adorador\\adorador-frontend\\node_modules\\jest-circus\\build\\jestAdapterInit.js:1557:28)\n    at new Promise (<anonymous>)\n    at callAsyncCircusFn (C:\\Users\\leovp\\Programming\\adorador\\adorador-frontend\\node_modules\\jest-circus\\build\\jestAdapterInit.js:1497:10)\n    at _callCircusTest (C:\\Users\\leovp\\Programming\\adorador\\adorador-frontend\\node_modules\\jest-circus\\build\\jestAdapterInit.js:1007:40)\n    at processTicksAndRejections (node:internal/process/task_queues:95:5)\n    at _runTest (C:\\Users\\leovp\\Programming\\adorador\\adorador-frontend\\node_modules\\jest-circus\\build\\jestAdapterInit.js:947:3)\n    at C:\\Users\\leovp\\Programming\\adorador\\adorador-frontend\\node_modules\\jest-circus\\build\\jestAdapterInit.js:849:7\n    at _runTestsForDescribeBlock (C:\\Users\\leovp\\Programming\\adorador\\adorador-frontend\\node_modules\\jest-circus\\build\\jestAdapterInit.js:862:11)\n    at _runTestsForDescribeBlock (C:\\Users\\leovp\\Programming\\adorador\\adorador-frontend\\node_modules\\jest-circus\\build\\jestAdapterInit.js:857:11)\n    at run (C:\\Users\\leovp\\Programming\\adorador\\adorador-frontend\\node_modules\\jest-circus\\build\\jestAdapterInit.js:761:3)\n    at runAndTransformResultsToJestFormat (C:\\Users\\leovp\\Programming\\adorador\\adorador-frontend\\node_modules\\jest-circus\\build\\jestAdapterInit.js:1918:21)\n    at jestAdapter (C:\\Users\\leovp\\Programming\\adorador\\adorador-frontend\\node_modules\\jest-circus\\build\\runner.js:101:19)\n    at runTestInternal (C:\\Users\\leovp\\Programming\\adorador\\adorador-frontend\\node_modules\\jest-runner\\build\\testWorker.js:277:16)\n    at runTest (C:\\Users\\leovp\\Programming\\adorador\\adorador-frontend\\node_modules\\jest-runner\\build\\testWorker.js:345:7)\n    at Object.worker (C:\\Users\\leovp\\Programming\\adorador\\adorador-frontend\\node_modules\\jest-runner\\build\\testWorker.js:499:12)"],"fullName":"AddNewSongtoChurchAndEvent should not render modal when isOpen is false","invocations":1,"location":null,"numPassingAsserts":0,"retryReasons":[],"startAt":1763189531669,"status":"failed","title":"should not render modal when isOpen is false"},{"ancestorTitles":["AddNewSongtoChurchAndEvent"],"duration":58,"failing":false,"failureDetails":[{}],"failureMessages":["Error: No QueryClient set, use QueryClientProvider to set one\n    at useQueryClient (C:\\Users\\leovp\\Programming\\adorador\\adorador-frontend\\node_modules\\@tanstack\\react-query\\src\\QueryClientProvider.tsx:18:11)\n    at useBandSongsWebSocket (C:\\Users\\leovp\\Programming\\adorador\\adorador-frontend\\src\\global\\hooks\\useBandSongsWebSocket.ts:37:37)\n    at AddNewSongtoChurchAndEvent (C:\\Users\\leovp\\Programming\\adorador\\adorador-frontend\\src\\app\\(public)\\grupos\\[bandId]\\eventos\\[eventId]\\en-vivo\\_components\\addSongToEvent\\AddNewSongtoChurchAndEvent.tsx:38:24)\n    at renderWithHooks (C:\\Users\\leovp\\Programming\\adorador\\adorador-frontend\\node_modules\\react-dom\\cjs\\react-dom.development.js:15486:18)\n    at mountIndeterminateComponent (C:\\Users\\leovp\\Programming\\adorador\\adorador-frontend\\node_modules\\react-dom\\cjs\\react-dom.development.js:20103:13)\n    at beginWork (C:\\Users\\leovp\\Programming\\adorador\\adorador-frontend\\node_modules\\react-dom\\cjs\\react-dom.development.js:21626:16)\n    at beginWork$1 (C:\\Users\\leovp\\Programming\\adorador\\adorador-frontend\\node_modules\\react-dom\\cjs\\react-dom.development.js:27465:14)\n    at performUnitOfWork (C:\\Users\\leovp\\Programming\\adorador\\adorador-frontend\\node_modules\\react-dom\\cjs\\react-dom.development.js:26599:12)\n    at workLoopSync (C:\\Users\\leovp\\Programming\\adorador\\adorador-frontend\\node_modules\\react-dom\\cjs\\react-dom.development.js:26505:5)\n    at renderRootSync (C:\\Users\\leovp\\Programming\\adorador\\adorador-frontend\\node_modules\\react-dom\\cjs\\react-dom.development.js:26473:7)\n    at recoverFromConcurrentError (C:\\Users\\leovp\\Programming\\adorador\\adorador-frontend\\node_modules\\react-dom\\cjs\\react-dom.development.js:25889:20)\n    at performConcurrentWorkOnRoot (C:\\Users\\leovp\\Programming\\adorador\\adorador-frontend\\node_modules\\react-dom\\cjs\\react-dom.development.js:25789:22)\n    at flushActQueue (C:\\Users\\leovp\\Programming\\adorador\\adorador-frontend\\node_modules\\react\\cjs\\react.development.js:2667:24)\n    at act (C:\\Users\\leovp\\Programming\\adorador\\adorador-frontend\\node_modules\\react\\cjs\\react.development.js:2582:11)\n    at C:\\Users\\leovp\\Programming\\adorador\\adorador-frontend\\node_modules\\@testing-library\\react\\dist\\act-compat.js:47:25\n    at renderRoot (C:\\Users\\leovp\\Programming\\adorador\\adorador-frontend\\node_modules\\@testing-library\\react\\dist\\pure.js:190:26)\n    at render (C:\\Users\\leovp\\Programming\\adorador\\adorador-frontend\\node_modules\\@testing-library\\react\\dist\\pure.js:292:10)\n    at Object.<anonymous> (C:\\Users\\leovp\\Programming\\adorador\\adorador-frontend\\src\\app\\(public)\\grupos\\[bandId]\\eventos\\[eventId]\\en-vivo\\_components\\addSongToEvent\\__tests__\\AddNewSongtoChurchAndEvent.test.tsx:128:11)\n    at Promise.finally.completed (C:\\Users\\leovp\\Programming\\adorador\\adorador-frontend\\node_modules\\jest-circus\\build\\jestAdapterInit.js:1557:28)\n    at new Promise (<anonymous>)\n    at callAsyncCircusFn (C:\\Users\\leovp\\Programming\\adorador\\adorador-frontend\\node_modules\\jest-circus\\build\\jestAdapterInit.js:1497:10)\n    at _callCircusTest (C:\\Users\\leovp\\Programming\\adorador\\adorador-frontend\\node_modules\\jest-circus\\build\\jestAdapterInit.js:1007:40)\n    at processTicksAndRejections (node:internal/process/task_queues:95:5)\n    at _runTest (C:\\Users\\leovp\\Programming\\adorador\\adorador-frontend\\node_modules\\jest-circus\\build\\jestAdapterInit.js:947:3)\n    at C:\\Users\\leovp\\Programming\\adorador\\adorador-frontend\\node_modules\\jest-circus\\build\\jestAdapterInit.js:849:7\n    at _runTestsForDescribeBlock (C:\\Users\\leovp\\Programming\\adorador\\adorador-frontend\\node_modules\\jest-circus\\build\\jestAdapterInit.js:862:11)\n    at _runTestsForDescribeBlock (C:\\Users\\leovp\\Programming\\adorador\\adorador-frontend\\node_modules\\jest-circus\\build\\jestAdapterInit.js:857:11)\n    at run (C:\\Users\\leovp\\Programming\\adorador\\adorador-frontend\\node_modules\\jest-circus\\build\\jestAdapterInit.js:761:3)\n    at runAndTransformResultsToJestFormat (C:\\Users\\leovp\\Programming\\adorador\\adorador-frontend\\node_modules\\jest-circus\\build\\jestAdapterInit.js:1918:21)\n    at jestAdapter (C:\\Users\\leovp\\Programming\\adorador\\adorador-frontend\\node_modules\\jest-circus\\build\\runner.js:101:19)\n    at runTestInternal (C:\\Users\\leovp\\Programming\\adorador\\adorador-frontend\\node_modules\\jest-runner\\build\\testWorker.js:277:16)\n    at runTest (C:\\Users\\leovp\\Programming\\adorador\\adorador-frontend\\node_modules\\jest-runner\\build\\testWorker.js:345:7)\n    at Object.worker (C:\\Users\\leovp\\Programming\\adorador\\adorador-frontend\\node_modules\\jest-runner\\build\\testWorker.js:499:12)"],"fullName":"AddNewSongtoChurchAndEvent should display form inside modal","invocations":1,"location":null,"numPassingAsserts":0,"retryReasons":[],"startAt":1763189531741,"status":"failed","title":"should display form inside modal"},{"ancestorTitles":["AddNewSongtoChurchAndEvent"],"duration":82,"failing":false,"failureDetails":[{}],"failureMessages":["Error: No QueryClient set, use QueryClientProvider to set one\n    at useQueryClient (C:\\Users\\leovp\\Programming\\adorador\\adorador-frontend\\node_modules\\@tanstack\\react-query\\src\\QueryClientProvider.tsx:18:11)\n    at useBandSongsWebSocket (C:\\Users\\leovp\\Programming\\adorador\\adorador-frontend\\src\\global\\hooks\\useBandSongsWebSocket.ts:37:37)\n    at AddNewSongtoChurchAndEvent (C:\\Users\\leovp\\Programming\\adorador\\adorador-frontend\\src\\app\\(public)\\grupos\\[bandId]\\eventos\\[eventId]\\en-vivo\\_components\\addSongToEvent\\AddNewSongtoChurchAndEvent.tsx:38:24)\n    at renderWithHooks (C:\\Users\\leovp\\Programming\\adorador\\adorador-frontend\\node_modules\\react-dom\\cjs\\react-dom.development.js:15486:18)\n    at mountIndeterminateComponent (C:\\Users\\leovp\\Programming\\adorador\\adorador-frontend\\node_modules\\react-dom\\cjs\\react-dom.development.js:20103:13)\n    at beginWork (C:\\Users\\leovp\\Programming\\adorador\\adorador-frontend\\node_modules\\react-dom\\cjs\\react-dom.development.js:21626:16)\n    at beginWork$1 (C:\\Users\\leovp\\Programming\\adorador\\adorador-frontend\\node_modules\\react-dom\\cjs\\react-dom.development.js:27465:14)\n    at performUnitOfWork (C:\\Users\\leovp\\Programming\\adorador\\adorador-frontend\\node_modules\\react-dom\\cjs\\react-dom.development.js:26599:12)\n    at workLoopSync (C:\\Users\\leovp\\Programming\\adorador\\adorador-frontend\\node_modules\\react-dom\\cjs\\react-dom.development.js:26505:5)\n    at renderRootSync (C:\\Users\\leovp\\Programming\\adorador\\adorador-frontend\\node_modules\\react-dom\\cjs\\react-dom.development.js:26473:7)\n    at recoverFromConcurrentError (C:\\Users\\leovp\\Programming\\adorador\\adorador-frontend\\node_modules\\react-dom\\cjs\\react-dom.development.js:25889:20)\n    at performConcurrentWorkOnRoot (C:\\Users\\leovp\\Programming\\adorador\\adorador-frontend\\node_modules\\react-dom\\cjs\\react-dom.development.js:25789:22)\n    at flushActQueue (C:\\Users\\leovp\\Programming\\adorador\\adorador-frontend\\node_modules\\react\\cjs\\react.development.js:2667:24)\n    at act (C:\\Users\\leovp\\Programming\\adorador\\adorador-frontend\\node_modules\\react\\cjs\\react.development.js:2582:11)\n    at C:\\Users\\leovp\\Programming\\adorador\\adorador-frontend\\node_modules\\@testing-library\\react\\dist\\act-compat.js:47:25\n    at renderRoot (C:\\Users\\leovp\\Programming\\adorador\\adorador-frontend\\node_modules\\@testing-library\\react\\dist\\pure.js:190:26)\n    at render (C:\\Users\\leovp\\Programming\\adorador\\adorador-frontend\\node_modules\\@testing-library\\react\\dist\\pure.js:292:10)\n    at Object.<anonymous> (C:\\Users\\leovp\\Programming\\adorador\\adorador-frontend\\src\\app\\(public)\\grupos\\[bandId]\\eventos\\[eventId]\\en-vivo\\_components\\addSongToEvent\\__tests__\\AddNewSongtoChurchAndEvent.test.tsx:143:11)\n    at Promise.finally.completed (C:\\Users\\leovp\\Programming\\adorador\\adorador-frontend\\node_modules\\jest-circus\\build\\jestAdapterInit.js:1557:28)\n    at new Promise (<anonymous>)\n    at callAsyncCircusFn (C:\\Users\\leovp\\Programming\\adorador\\adorador-frontend\\node_modules\\jest-circus\\build\\jestAdapterInit.js:1497:10)\n    at _callCircusTest (C:\\Users\\leovp\\Programming\\adorador\\adorador-frontend\\node_modules\\jest-circus\\build\\jestAdapterInit.js:1007:40)\n    at processTicksAndRejections (node:internal/process/task_queues:95:5)\n    at _runTest (C:\\Users\\leovp\\Programming\\adorador\\adorador-frontend\\node_modules\\jest-circus\\build\\jestAdapterInit.js:947:3)\n    at C:\\Users\\leovp\\Programming\\adorador\\adorador-frontend\\node_modules\\jest-circus\\build\\jestAdapterInit.js:849:7\n    at _runTestsForDescribeBlock (C:\\Users\\leovp\\Programming\\adorador\\adorador-frontend\\node_modules\\jest-circus\\build\\jestAdapterInit.js:862:11)\n    at _runTestsForDescribeBlock (C:\\Users\\leovp\\Programming\\adorador\\adorador-frontend\\node_modules\\jest-circus\\build\\jestAdapterInit.js:857:11)\n    at run (C:\\Users\\leovp\\Programming\\adorador\\adorador-frontend\\node_modules\\jest-circus\\build\\jestAdapterInit.js:761:3)\n    at runAndTransformResultsToJestFormat (C:\\Users\\leovp\\Programming\\adorador\\adorador-frontend\\node_modules\\jest-circus\\build\\jestAdapterInit.js:1918:21)\n    at jestAdapter (C:\\Users\\leovp\\Programming\\adorador\\adorador-frontend\\node_modules\\jest-circus\\build\\runner.js:101:19)\n    at runTestInternal (C:\\Users\\leovp\\Programming\\adorador\\adorador-frontend\\node_modules\\jest-runner\\build\\testWorker.js:277:16)\n    at runTest (C:\\Users\\leovp\\Programming\\adorador\\adorador-frontend\\node_modules\\jest-runner\\build\\testWorker.js:345:7)\n    at Object.worker (C:\\Users\\leovp\\Programming\\adorador\\adorador-frontend\\node_modules\\jest-runner\\build\\testWorker.js:499:12)"],"fullName":"AddNewSongtoChurchAndEvent should show error toast when title is empty","invocations":1,"location":null,"numPassingAsserts":0,"retryReasons":[],"startAt":1763189531803,"status":"failed","title":"should show error toast when title is empty"},{"ancestorTitles":["AddNewSongtoChurchAndEvent"],"duration":157,"failing":false,"failureDetails":[{}],"failureMessages":["Error: No QueryClient set, use QueryClientProvider to set one\n    at useQueryClient (C:\\Users\\leovp\\Programming\\adorador\\adorador-frontend\\node_modules\\@tanstack\\react-query\\src\\QueryClientProvider.tsx:18:11)\n    at useBandSongsWebSocket (C:\\Users\\leovp\\Programming\\adorador\\adorador-frontend\\src\\global\\hooks\\useBandSongsWebSocket.ts:37:37)\n    at AddNewSongtoChurchAndEvent (C:\\Users\\leovp\\Programming\\adorador\\adorador-frontend\\src\\app\\(public)\\grupos\\[bandId]\\eventos\\[eventId]\\en-vivo\\_components\\addSongToEvent\\AddNewSongtoChurchAndEvent.tsx:38:24)\n    at renderWithHooks (C:\\Users\\leovp\\Programming\\adorador\\adorador-frontend\\node_modules\\react-dom\\cjs\\react-dom.development.js:15486:18)\n    at mountIndeterminateComponent (C:\\Users\\leovp\\Programming\\adorador\\adorador-frontend\\node_modules\\react-dom\\cjs\\react-dom.development.js:20103:13)\n    at beginWork (C:\\Users\\leovp\\Programming\\adorador\\adorador-frontend\\node_modules\\react-dom\\cjs\\react-dom.development.js:21626:16)\n    at beginWork$1 (C:\\Users\\leovp\\Programming\\adorador\\adorador-frontend\\node_modules\\react-dom\\cjs\\react-dom.development.js:27465:14)\n    at performUnitOfWork (C:\\Users\\leovp\\Programming\\adorador\\adorador-frontend\\node_modules\\react-dom\\cjs\\react-dom.development.js:26599:12)\n    at workLoopSync (C:\\Users\\leovp\\Programming\\adorador\\adorador-frontend\\node_modules\\react-dom\\cjs\\react-dom.development.js:26505:5)\n    at renderRootSync (C:\\Users\\leovp\\Programming\\adorador\\adorador-frontend\\node_modules\\react-dom\\cjs\\react-dom.development.js:26473:7)\n    at recoverFromConcurrentError (C:\\Users\\leovp\\Programming\\adorador\\adorador-frontend\\node_modules\\react-dom\\cjs\\react-dom.development.js:25889:20)\n    at performConcurrentWorkOnRoot (C:\\Users\\leovp\\Programming\\adorador\\adorador-frontend\\node_modules\\react-dom\\cjs\\react-dom.development.js:25789:22)\n    at flushActQueue (C:\\Users\\leovp\\Programming\\adorador\\adorador-frontend\\node_modules\\react\\cjs\\react.development.js:2667:24)\n    at act (C:\\Users\\leovp\\Programming\\adorador\\adorador-frontend\\node_modules\\react\\cjs\\react.development.js:2582:11)\n    at C:\\Users\\leovp\\Programming\\adorador\\adorador-frontend\\node_modules\\@testing-library\\react\\dist\\act-compat.js:47:25\n    at renderRoot (C:\\Users\\leovp\\Programming\\adorador\\adorador-frontend\\node_modules\\@testing-library\\react\\dist\\pure.js:190:26)\n    at render (C:\\Users\\leovp\\Programming\\adorador\\adorador-frontend\\node_modules\\@testing-library\\react\\dist\\pure.js:292:10)\n    at Object.<anonymous> (C:\\Users\\leovp\\Programming\\adorador\\adorador-frontend\\src\\app\\(public)\\grupos\\[bandId]\\eventos\\[eventId]\\en-vivo\\_components\\addSongToEvent\\__tests__\\AddNewSongtoChurchAndEvent.test.tsx:165:11)\n    at Promise.finally.completed (C:\\Users\\leovp\\Programming\\adorador\\adorador-frontend\\node_modules\\jest-circus\\build\\jestAdapterInit.js:1557:28)\n    at new Promise (<anonymous>)\n    at callAsyncCircusFn (C:\\Users\\leovp\\Programming\\adorador\\adorador-frontend\\node_modules\\jest-circus\\build\\jestAdapterInit.js:1497:10)\n    at _callCircusTest (C:\\Users\\leovp\\Programming\\adorador\\adorador-frontend\\node_modules\\jest-circus\\build\\jestAdapterInit.js:1007:40)\n    at processTicksAndRejections (node:internal/process/task_queues:95:5)\n    at _runTest (C:\\Users\\leovp\\Programming\\adorador\\adorador-frontend\\node_modules\\jest-circus\\build\\jestAdapterInit.js:947:3)\n    at C:\\Users\\leovp\\Programming\\adorador\\adorador-frontend\\node_modules\\jest-circus\\build\\jestAdapterInit.js:849:7\n    at _runTestsForDescribeBlock (C:\\Users\\leovp\\Programming\\adorador\\adorador-frontend\\node_modules\\jest-circus\\build\\jestAdapterInit.js:862:11)\n    at _runTestsForDescribeBlock (C:\\Users\\leovp\\Programming\\adorador\\adorador-frontend\\node_modules\\jest-circus\\build\\jestAdapterInit.js:857:11)\n    at run (C:\\Users\\leovp\\Programming\\adorador\\adorador-frontend\\node_modules\\jest-circus\\build\\jestAdapterInit.js:761:3)\n    at runAndTransformResultsToJestFormat (C:\\Users\\leovp\\Programming\\adorador\\adorador-frontend\\node_modules\\jest-circus\\build\\jestAdapterInit.js:1918:21)\n    at jestAdapter (C:\\Users\\leovp\\Programming\\adorador\\adorador-frontend\\node_modules\\jest-circus\\build\\runner.js:101:19)\n    at runTestInternal (C:\\Users\\leovp\\Programming\\adorador\\adorador-frontend\\node_modules\\jest-runner\\build\\testWorker.js:277:16)\n    at runTest (C:\\Users\\leovp\\Programming\\adorador\\adorador-frontend\\node_modules\\jest-runner\\build\\testWorker.js:345:7)\n    at Object.worker (C:\\Users\\leovp\\Programming\\adorador\\adorador-frontend\\node_modules\\jest-runner\\build\\testWorker.js:499:12)"],"fullName":"AddNewSongtoChurchAndEvent should call add to church when creating song","invocations":1,"location":null,"numPassingAsserts":0,"retryReasons":[],"startAt":1763189531901,"status":"failed","title":"should call add to church when creating song"},{"ancestorTitles":["AddNewSongtoChurchAndEvent"],"duration":134,"failing":false,"failureDetails":[{}],"failureMessages":["Error: No QueryClient set, use QueryClientProvider to set one\n    at useQueryClient (C:\\Users\\leovp\\Programming\\adorador\\adorador-frontend\\node_modules\\@tanstack\\react-query\\src\\QueryClientProvider.tsx:18:11)\n    at useBandSongsWebSocket (C:\\Users\\leovp\\Programming\\adorador\\adorador-frontend\\src\\global\\hooks\\useBandSongsWebSocket.ts:37:37)\n    at AddNewSongtoChurchAndEvent (C:\\Users\\leovp\\Programming\\adorador\\adorador-frontend\\src\\app\\(public)\\grupos\\[bandId]\\eventos\\[eventId]\\en-vivo\\_components\\addSongToEvent\\AddNewSongtoChurchAndEvent.tsx:38:24)\n    at renderWithHooks (C:\\Users\\leovp\\Programming\\adorador\\adorador-frontend\\node_modules\\react-dom\\cjs\\react-dom.development.js:15486:18)\n    at mountIndeterminateComponent (C:\\Users\\leovp\\Programming\\adorador\\adorador-frontend\\node_modules\\react-dom\\cjs\\react-dom.development.js:20103:13)\n    at beginWork (C:\\Users\\leovp\\Programming\\adorador\\adorador-frontend\\node_modules\\react-dom\\cjs\\react-dom.development.js:21626:16)\n    at beginWork$1 (C:\\Users\\leovp\\Programming\\adorador\\adorador-frontend\\node_modules\\react-dom\\cjs\\react-dom.development.js:27465:14)\n    at performUnitOfWork (C:\\Users\\leovp\\Programming\\adorador\\adorador-frontend\\node_modules\\react-dom\\cjs\\react-dom.development.js:26599:12)\n    at workLoopSync (C:\\Users\\leovp\\Programming\\adorador\\adorador-frontend\\node_modules\\react-dom\\cjs\\react-dom.development.js:26505:5)\n    at renderRootSync (C:\\Users\\leovp\\Programming\\adorador\\adorador-frontend\\node_modules\\react-dom\\cjs\\react-dom.development.js:26473:7)\n    at recoverFromConcurrentError (C:\\Users\\leovp\\Programming\\adorador\\adorador-frontend\\node_modules\\react-dom\\cjs\\react-dom.development.js:25889:20)\n    at performConcurrentWorkOnRoot (C:\\Users\\leovp\\Programming\\adorador\\adorador-frontend\\node_modules\\react-dom\\cjs\\react-dom.development.js:25789:22)\n    at flushActQueue (C:\\Users\\leovp\\Programming\\adorador\\adorador-frontend\\node_modules\\react\\cjs\\react.development.js:2667:24)\n    at act (C:\\Users\\leovp\\Programming\\adorador\\adorador-frontend\\node_modules\\react\\cjs\\react.development.js:2582:11)\n    at C:\\Users\\leovp\\Programming\\adorador\\adorador-frontend\\node_modules\\@testing-library\\react\\dist\\act-compat.js:47:25\n    at renderRoot (C:\\Users\\leovp\\Programming\\adorador\\adorador-frontend\\node_modules\\@testing-library\\react\\dist\\pure.js:190:26)\n    at render (C:\\Users\\leovp\\Programming\\adorador\\adorador-frontend\\node_modules\\@testing-library\\react\\dist\\pure.js:292:10)\n    at Object.<anonymous> (C:\\Users\\leovp\\Programming\\adorador\\adorador-frontend\\src\\app\\(public)\\grupos\\[bandId]\\eventos\\[eventId]\\en-vivo\\_components\\addSongToEvent\\__tests__\\AddNewSongtoChurchAndEvent.test.tsx:203:11)\n    at Promise.finally.completed (C:\\Users\\leovp\\Programming\\adorador\\adorador-frontend\\node_modules\\jest-circus\\build\\jestAdapterInit.js:1557:28)\n    at new Promise (<anonymous>)\n    at callAsyncCircusFn (C:\\Users\\leovp\\Programming\\adorador\\adorador-frontend\\node_modules\\jest-circus\\build\\jestAdapterInit.js:1497:10)\n    at _callCircusTest (C:\\Users\\leovp\\Programming\\adorador\\adorador-frontend\\node_modules\\jest-circus\\build\\jestAdapterInit.js:1007:40)\n    at processTicksAndRejections (node:internal/process/task_queues:95:5)\n    at _runTest (C:\\Users\\leovp\\Programming\\adorador\\adorador-frontend\\node_modules\\jest-circus\\build\\jestAdapterInit.js:947:3)\n    at C:\\Users\\leovp\\Programming\\adorador\\adorador-frontend\\node_modules\\jest-circus\\build\\jestAdapterInit.js:849:7\n    at _runTestsForDescribeBlock (C:\\Users\\leovp\\Programming\\adorador\\adorador-frontend\\node_modules\\jest-circus\\build\\jestAdapterInit.js:862:11)\n    at _runTestsForDescribeBlock (C:\\Users\\leovp\\Programming\\adorador\\adorador-frontend\\node_modules\\jest-circus\\build\\jestAdapterInit.js:857:11)\n    at run (C:\\Users\\leovp\\Programming\\adorador\\adorador-frontend\\node_modules\\jest-circus\\build\\jestAdapterInit.js:761:3)\n    at runAndTransformResultsToJestFormat (C:\\Users\\leovp\\Programming\\adorador\\adorador-frontend\\node_modules\\jest-circus\\build\\jestAdapterInit.js:1918:21)\n    at jestAdapter (C:\\Users\\leovp\\Programming\\adorador\\adorador-frontend\\node_modules\\jest-circus\\build\\runner.js:101:19)\n    at runTestInternal (C:\\Users\\leovp\\Programming\\adorador\\adorador-frontend\\node_modules\\jest-runner\\build\\testWorker.js:277:16)\n    at runTest (C:\\Users\\leovp\\Programming\\adorador\\adorador-frontend\\node_modules\\jest-runner\\build\\testWorker.js:345:7)\n    at Object.worker (C:\\Users\\leovp\\Programming\\adorador\\adorador-frontend\\node_modules\\jest-runner\\build\\testWorker.js:499:12)"],"fullName":"AddNewSongtoChurchAndEvent should show success toast when song is added to church","invocations":1,"location":null,"numPassingAsserts":0,"retryReasons":[],"startAt":1763189532067,"status":"failed","title":"should show success toast when song is added to church"},{"ancestorTitles":["AddNewSongtoChurchAndEvent"],"duration":84,"failing":false,"failureDetails":[{}],"failureMessages":["Error: No QueryClient set, use QueryClientProvider to set one\n    at useQueryClient (C:\\Users\\leovp\\Programming\\adorador\\adorador-frontend\\node_modules\\@tanstack\\react-query\\src\\QueryClientProvider.tsx:18:11)\n    at useBandSongsWebSocket (C:\\Users\\leovp\\Programming\\adorador\\adorador-frontend\\src\\global\\hooks\\useBandSongsWebSocket.ts:37:37)\n    at AddNewSongtoChurchAndEvent (C:\\Users\\leovp\\Programming\\adorador\\adorador-frontend\\src\\app\\(public)\\grupos\\[bandId]\\eventos\\[eventId]\\en-vivo\\_components\\addSongToEvent\\AddNewSongtoChurchAndEvent.tsx:38:24)\n    at renderWithHooks (C:\\Users\\leovp\\Programming\\adorador\\adorador-frontend\\node_modules\\react-dom\\cjs\\react-dom.development.js:15486:18)\n    at mountIndeterminateComponent (C:\\Users\\leovp\\Programming\\adorador\\adorador-frontend\\node_modules\\react-dom\\cjs\\react-dom.development.js:20103:13)\n    at beginWork (C:\\Users\\leovp\\Programming\\adorador\\adorador-frontend\\node_modules\\react-dom\\cjs\\react-dom.development.js:21626:16)\n    at beginWork$1 (C:\\Users\\leovp\\Programming\\adorador\\adorador-frontend\\node_modules\\react-dom\\cjs\\react-dom.development.js:27465:14)\n    at performUnitOfWork (C:\\Users\\leovp\\Programming\\adorador\\adorador-frontend\\node_modules\\react-dom\\cjs\\react-dom.development.js:26599:12)\n    at workLoopSync (C:\\Users\\leovp\\Programming\\adorador\\adorador-frontend\\node_modules\\react-dom\\cjs\\react-dom.development.js:26505:5)\n    at renderRootSync (C:\\Users\\leovp\\Programming\\adorador\\adorador-frontend\\node_modules\\react-dom\\cjs\\react-dom.development.js:26473:7)\n    at recoverFromConcurrentError (C:\\Users\\leovp\\Programming\\adorador\\adorador-frontend\\node_modules\\react-dom\\cjs\\react-dom.development.js:25889:20)\n    at performConcurrentWorkOnRoot (C:\\Users\\leovp\\Programming\\adorador\\adorador-frontend\\node_modules\\react-dom\\cjs\\react-dom.development.js:25789:22)\n    at flushActQueue (C:\\Users\\leovp\\Programming\\adorador\\adorador-frontend\\node_modules\\react\\cjs\\react.development.js:2667:24)\n    at act (C:\\Users\\leovp\\Programming\\adorador\\adorador-frontend\\node_modules\\react\\cjs\\react.development.js:2582:11)\n    at C:\\Users\\leovp\\Programming\\adorador\\adorador-frontend\\node_modules\\@testing-library\\react\\dist\\act-compat.js:47:25\n    at renderRoot (C:\\Users\\leovp\\Programming\\adorador\\adorador-frontend\\node_modules\\@testing-library\\react\\dist\\pure.js:190:26)\n    at render (C:\\Users\\leovp\\Programming\\adorador\\adorador-frontend\\node_modules\\@testing-library\\react\\dist\\pure.js:292:10)\n    at Object.<anonymous> (C:\\Users\\leovp\\Programming\\adorador\\adorador-frontend\\src\\app\\(public)\\grupos\\[bandId]\\eventos\\[eventId]\\en-vivo\\_components\\addSongToEvent\\__tests__\\AddNewSongtoChurchAndEvent.test.tsx:230:11)\n    at Promise.finally.completed (C:\\Users\\leovp\\Programming\\adorador\\adorador-frontend\\node_modules\\jest-circus\\build\\jestAdapterInit.js:1557:28)\n    at new Promise (<anonymous>)\n    at callAsyncCircusFn (C:\\Users\\leovp\\Programming\\adorador\\adorador-frontend\\node_modules\\jest-circus\\build\\jestAdapterInit.js:1497:10)\n    at _callCircusTest (C:\\Users\\leovp\\Programming\\adorador\\adorador-frontend\\node_modules\\jest-circus\\build\\jestAdapterInit.js:1007:40)\n    at processTicksAndRejections (node:internal/process/task_queues:95:5)\n    at _runTest (C:\\Users\\leovp\\Programming\\adorador\\adorador-frontend\\node_modules\\jest-circus\\build\\jestAdapterInit.js:947:3)\n    at C:\\Users\\leovp\\Programming\\adorador\\adorador-frontend\\node_modules\\jest-circus\\build\\jestAdapterInit.js:849:7\n    at _runTestsForDescribeBlock (C:\\Users\\leovp\\Programming\\adorador\\adorador-frontend\\node_modules\\jest-circus\\build\\jestAdapterInit.js:862:11)\n    at _runTestsForDescribeBlock (C:\\Users\\leovp\\Programming\\adorador\\adorador-frontend\\node_modules\\jest-circus\\build\\jestAdapterInit.js:857:11)\n    at run (C:\\Users\\leovp\\Programming\\adorador\\adorador-frontend\\node_modules\\jest-circus\\build\\jestAdapterInit.js:761:3)\n    at runAndTransformResultsToJestFormat (C:\\Users\\leovp\\Programming\\adorador\\adorador-frontend\\node_modules\\jest-circus\\build\\jestAdapterInit.js:1918:21)\n    at jestAdapter (C:\\Users\\leovp\\Programming\\adorador\\adorador-frontend\\node_modules\\jest-circus\\build\\runner.js:101:19)\n    at runTestInternal (C:\\Users\\leovp\\Programming\\adorador\\adorador-frontend\\node_modules\\jest-runner\\build\\testWorker.js:277:16)\n    at runTest (C:\\Users\\leovp\\Programming\\adorador\\adorador-frontend\\node_modules\\jest-runner\\build\\testWorker.js:345:7)\n    at Object.worker (C:\\Users\\leovp\\Programming\\adorador\\adorador-frontend\\node_modules\\jest-runner\\build\\testWorker.js:499:12)"],"fullName":"AddNewSongtoChurchAndEvent should show error toast on church add failure","invocations":1,"location":null,"numPassingAsserts":0,"retryReasons":[],"startAt":1763189532209,"status":"failed","title":"should show error toast on church add failure"},{"ancestorTitles":["AddNewSongtoChurchAndEvent"],"duration":56,"failing":false,"failureDetails":[{}],"failureMessages":["Error: No QueryClient set, use QueryClientProvider to set one\n    at useQueryClient (C:\\Users\\leovp\\Programming\\adorador\\adorador-frontend\\node_modules\\@tanstack\\react-query\\src\\QueryClientProvider.tsx:18:11)\n    at useBandSongsWebSocket (C:\\Users\\leovp\\Programming\\adorador\\adorador-frontend\\src\\global\\hooks\\useBandSongsWebSocket.ts:37:37)\n    at AddNewSongtoChurchAndEvent (C:\\Users\\leovp\\Programming\\adorador\\adorador-frontend\\src\\app\\(public)\\grupos\\[bandId]\\eventos\\[eventId]\\en-vivo\\_components\\addSongToEvent\\AddNewSongtoChurchAndEvent.tsx:38:24)\n    at renderWithHooks (C:\\Users\\leovp\\Programming\\adorador\\adorador-frontend\\node_modules\\react-dom\\cjs\\react-dom.development.js:15486:18)\n    at mountIndeterminateComponent (C:\\Users\\leovp\\Programming\\adorador\\adorador-frontend\\node_modules\\react-dom\\cjs\\react-dom.development.js:20103:13)\n    at beginWork (C:\\Users\\leovp\\Programming\\adorador\\adorador-frontend\\node_modules\\react-dom\\cjs\\react-dom.development.js:21626:16)\n    at beginWork$1 (C:\\Users\\leovp\\Programming\\adorador\\adorador-frontend\\node_modules\\react-dom\\cjs\\react-dom.development.js:27465:14)\n    at performUnitOfWork (C:\\Users\\leovp\\Programming\\adorador\\adorador-frontend\\node_modules\\react-dom\\cjs\\react-dom.development.js:26599:12)\n    at workLoopSync (C:\\Users\\leovp\\Programming\\adorador\\adorador-frontend\\node_modules\\react-dom\\cjs\\react-dom.development.js:26505:5)\n    at renderRootSync (C:\\Users\\leovp\\Programming\\adorador\\adorador-frontend\\node_modules\\react-dom\\cjs\\react-dom.development.js:26473:7)\n    at recoverFromConcurrentError (C:\\Users\\leovp\\Programming\\adorador\\adorador-frontend\\node_modules\\react-dom\\cjs\\react-dom.development.js:25889:20)\n    at performConcurrentWorkOnRoot (C:\\Users\\leovp\\Programming\\adorador\\adorador-frontend\\node_modules\\react-dom\\cjs\\react-dom.development.js:25789:22)\n    at flushActQueue (C:\\Users\\leovp\\Programming\\adorador\\adorador-frontend\\node_modules\\react\\cjs\\react.development.js:2667:24)\n    at act (C:\\Users\\leovp\\Programming\\adorador\\adorador-frontend\\node_modules\\react\\cjs\\react.development.js:2582:11)\n    at C:\\Users\\leovp\\Programming\\adorador\\adorador-frontend\\node_modules\\@testing-library\\react\\dist\\act-compat.js:47:25\n    at renderRoot (C:\\Users\\leovp\\Programming\\adorador\\adorador-frontend\\node_modules\\@testing-library\\react\\dist\\pure.js:190:26)\n    at render (C:\\Users\\leovp\\Programming\\adorador\\adorador-frontend\\node_modules\\@testing-library\\react\\dist\\pure.js:292:10)\n    at Object.<anonymous> (C:\\Users\\leovp\\Programming\\adorador\\adorador-frontend\\src\\app\\(public)\\grupos\\[bandId]\\eventos\\[eventId]\\en-vivo\\_components\\addSongToEvent\\__tests__\\AddNewSongtoChurchAndEvent.test.tsx:257:11)\n    at Promise.finally.completed (C:\\Users\\leovp\\Programming\\adorador\\adorador-frontend\\node_modules\\jest-circus\\build\\jestAdapterInit.js:1557:28)\n    at new Promise (<anonymous>)\n    at callAsyncCircusFn (C:\\Users\\leovp\\Programming\\adorador\\adorador-frontend\\node_modules\\jest-circus\\build\\jestAdapterInit.js:1497:10)\n    at _callCircusTest (C:\\Users\\leovp\\Programming\\adorador\\adorador-frontend\\node_modules\\jest-circus\\build\\jestAdapterInit.js:1007:40)\n    at processTicksAndRejections (node:internal/process/task_queues:95:5)\n    at _runTest (C:\\Users\\leovp\\Programming\\adorador\\adorador-frontend\\node_modules\\jest-circus\\build\\jestAdapterInit.js:947:3)\n    at C:\\Users\\leovp\\Programming\\adorador\\adorador-frontend\\node_modules\\jest-circus\\build\\jestAdapterInit.js:849:7\n    at _runTestsForDescribeBlock (C:\\Users\\leovp\\Programming\\adorador\\adorador-frontend\\node_modules\\jest-circus\\build\\jestAdapterInit.js:862:11)\n    at _runTestsForDescribeBlock (C:\\Users\\leovp\\Programming\\adorador\\adorador-frontend\\node_modules\\jest-circus\\build\\jestAdapterInit.js:857:11)\n    at run (C:\\Users\\leovp\\Programming\\adorador\\adorador-frontend\\node_modules\\jest-circus\\build\\jestAdapterInit.js:761:3)\n    at runAndTransformResultsToJestFormat (C:\\Users\\leovp\\Programming\\adorador\\adorador-frontend\\node_modules\\jest-circus\\build\\jestAdapterInit.js:1918:21)\n    at jestAdapter (C:\\Users\\leovp\\Programming\\adorador\\adorador-frontend\\node_modules\\jest-circus\\build\\runner.js:101:19)\n    at runTestInternal (C:\\Users\\leovp\\Programming\\adorador\\adorador-frontend\\node_modules\\jest-runner\\build\\testWorker.js:277:16)\n    at runTest (C:\\Users\\leovp\\Programming\\adorador\\adorador-frontend\\node_modules\\jest-runner\\build\\testWorker.js:345:7)\n    at Object.worker (C:\\Users\\leovp\\Programming\\adorador\\adorador-frontend\\node_modules\\jest-runner\\build\\testWorker.js:499:12)"],"fullName":"AddNewSongtoChurchAndEvent should show success toast when song is added to event","invocations":1,"location":null,"numPassingAsserts":0,"retryReasons":[],"startAt":1763189532296,"status":"failed","title":"should show success toast when song is added to event"},{"ancestorTitles":["AddNewSongtoChurchAndEvent"],"duration":44,"failing":false,"failureDetails":[{}],"failureMessages":["Error: No QueryClient set, use QueryClientProvider to set one\n    at useQueryClient (C:\\Users\\leovp\\Programming\\adorador\\adorador-frontend\\node_modules\\@tanstack\\react-query\\src\\QueryClientProvider.tsx:18:11)\n    at useBandSongsWebSocket (C:\\Users\\leovp\\Programming\\adorador\\adorador-frontend\\src\\global\\hooks\\useBandSongsWebSocket.ts:37:37)\n    at AddNewSongtoChurchAndEvent (C:\\Users\\leovp\\Programming\\adorador\\adorador-frontend\\src\\app\\(public)\\grupos\\[bandId]\\eventos\\[eventId]\\en-vivo\\_components\\addSongToEvent\\AddNewSongtoChurchAndEvent.tsx:38:24)\n    at renderWithHooks (C:\\Users\\leovp\\Programming\\adorador\\adorador-frontend\\node_modules\\react-dom\\cjs\\react-dom.development.js:15486:18)\n    at mountIndeterminateComponent (C:\\Users\\leovp\\Programming\\adorador\\adorador-frontend\\node_modules\\react-dom\\cjs\\react-dom.development.js:20103:13)\n    at beginWork (C:\\Users\\leovp\\Programming\\adorador\\adorador-frontend\\node_modules\\react-dom\\cjs\\react-dom.development.js:21626:16)\n    at beginWork$1 (C:\\Users\\leovp\\Programming\\adorador\\adorador-frontend\\node_modules\\react-dom\\cjs\\react-dom.development.js:27465:14)\n    at performUnitOfWork (C:\\Users\\leovp\\Programming\\adorador\\adorador-frontend\\node_modules\\react-dom\\cjs\\react-dom.development.js:26599:12)\n    at workLoopSync (C:\\Users\\leovp\\Programming\\adorador\\adorador-frontend\\node_modules\\react-dom\\cjs\\react-dom.development.js:26505:5)\n    at renderRootSync (C:\\Users\\leovp\\Programming\\adorador\\adorador-frontend\\node_modules\\react-dom\\cjs\\react-dom.development.js:26473:7)\n    at recoverFromConcurrentError (C:\\Users\\leovp\\Programming\\adorador\\adorador-frontend\\node_modules\\react-dom\\cjs\\react-dom.development.js:25889:20)\n    at performConcurrentWorkOnRoot (C:\\Users\\leovp\\Programming\\adorador\\adorador-frontend\\node_modules\\react-dom\\cjs\\react-dom.development.js:25789:22)\n    at flushActQueue (C:\\Users\\leovp\\Programming\\adorador\\adorador-frontend\\node_modules\\react\\cjs\\react.development.js:2667:24)\n    at act (C:\\Users\\leovp\\Programming\\adorador\\adorador-frontend\\node_modules\\react\\cjs\\react.development.js:2582:11)\n    at C:\\Users\\leovp\\Programming\\adorador\\adorador-frontend\\node_modules\\@testing-library\\react\\dist\\act-compat.js:47:25\n    at renderRoot (C:\\Users\\leovp\\Programming\\adorador\\adorador-frontend\\node_modules\\@testing-library\\react\\dist\\pure.js:190:26)\n    at render (C:\\Users\\leovp\\Programming\\adorador\\adorador-frontend\\node_modules\\@testing-library\\react\\dist\\pure.js:292:10)\n    at Object.<anonymous> (C:\\Users\\leovp\\Programming\\adorador\\adorador-frontend\\src\\app\\(public)\\grupos\\[bandId]\\eventos\\[eventId]\\en-vivo\\_components\\addSongToEvent\\__tests__\\AddNewSongtoChurchAndEvent.test.tsx:299:32)\n    at Promise.finally.completed (C:\\Users\\leovp\\Programming\\adorador\\adorador-frontend\\node_modules\\jest-circus\\build\\jestAdapterInit.js:1557:28)\n    at new Promise (<anonymous>)\n    at callAsyncCircusFn (C:\\Users\\leovp\\Programming\\adorador\\adorador-frontend\\node_modules\\jest-circus\\build\\jestAdapterInit.js:1497:10)\n    at _callCircusTest (C:\\Users\\leovp\\Programming\\adorador\\adorador-frontend\\node_modules\\jest-circus\\build\\jestAdapterInit.js:1007:40)\n    at processTicksAndRejections (node:internal/process/task_queues:95:5)\n    at _runTest (C:\\Users\\leovp\\Programming\\adorador\\adorador-frontend\\node_modules\\jest-circus\\build\\jestAdapterInit.js:947:3)\n    at C:\\Users\\leovp\\Programming\\adorador\\adorador-frontend\\node_modules\\jest-circus\\build\\jestAdapterInit.js:849:7\n    at _runTestsForDescribeBlock (C:\\Users\\leovp\\Programming\\adorador\\adorador-frontend\\node_modules\\jest-circus\\build\\jestAdapterInit.js:862:11)\n    at _runTestsForDescribeBlock (C:\\Users\\leovp\\Programming\\adorador\\adorador-frontend\\node_modules\\jest-circus\\build\\jestAdapterInit.js:857:11)\n    at run (C:\\Users\\leovp\\Programming\\adorador\\adorador-frontend\\node_modules\\jest-circus\\build\\jestAdapterInit.js:761:3)\n    at runAndTransformResultsToJestFormat (C:\\Users\\leovp\\Programming\\adorador\\adorador-frontend\\node_modules\\jest-circus\\build\\jestAdapterInit.js:1918:21)\n    at jestAdapter (C:\\Users\\leovp\\Programming\\adorador\\adorador-frontend\\node_modules\\jest-circus\\build\\runner.js:101:19)\n    at runTestInternal (C:\\Users\\leovp\\Programming\\adorador\\adorador-frontend\\node_modules\\jest-runner\\build\\testWorker.js:277:16)\n    at runTest (C:\\Users\\leovp\\Programming\\adorador\\adorador-frontend\\node_modules\\jest-runner\\build\\testWorker.js:345:7)\n    at Object.worker (C:\\Users\\leovp\\Programming\\adorador\\adorador-frontend\\node_modules\\jest-runner\\build\\testWorker.js:499:12)"],"fullName":"AddNewSongtoChurchAndEvent should navigate to song when checkbox is selected","invocations":1,"location":null,"numPassingAsserts":0,"retryReasons":[],"startAt":1763189532360,"status":"failed","title":"should navigate to song when checkbox is selected"},{"ancestorTitles":["AddNewSongtoChurchAndEvent"],"duration":205,"failing":false,"failureDetails":[{}],"failureMessages":["Error: No QueryClient set, use QueryClientProvider to set one\n    at useQueryClient (C:\\Users\\leovp\\Programming\\adorador\\adorador-frontend\\node_modules\\@tanstack\\react-query\\src\\QueryClientProvider.tsx:18:11)\n    at useBandSongsWebSocket (C:\\Users\\leovp\\Programming\\adorador\\adorador-frontend\\src\\global\\hooks\\useBandSongsWebSocket.ts:37:37)\n    at AddNewSongtoChurchAndEvent (C:\\Users\\leovp\\Programming\\adorador\\adorador-frontend\\src\\app\\(public)\\grupos\\[bandId]\\eventos\\[eventId]\\en-vivo\\_components\\addSongToEvent\\AddNewSongtoChurchAndEvent.tsx:38:24)\n    at renderWithHooks (C:\\Users\\leovp\\Programming\\adorador\\adorador-frontend\\node_modules\\react-dom\\cjs\\react-dom.development.js:15486:18)\n    at mountIndeterminateComponent (C:\\Users\\leovp\\Programming\\adorador\\adorador-frontend\\node_modules\\react-dom\\cjs\\react-dom.development.js:20103:13)\n    at beginWork (C:\\Users\\leovp\\Programming\\adorador\\adorador-frontend\\node_modules\\react-dom\\cjs\\react-dom.development.js:21626:16)\n    at beginWork$1 (C:\\Users\\leovp\\Programming\\adorador\\adorador-frontend\\node_modules\\react-dom\\cjs\\react-dom.development.js:27465:14)\n    at performUnitOfWork (C:\\Users\\leovp\\Programming\\adorador\\adorador-frontend\\node_modules\\react-dom\\cjs\\react-dom.development.js:26599:12)\n    at workLoopSync (C:\\Users\\leovp\\Programming\\adorador\\adorador-frontend\\node_modules\\react-dom\\cjs\\react-dom.development.js:26505:5)\n    at renderRootSync (C:\\Users\\leovp\\Programming\\adorador\\adorador-frontend\\node_modules\\react-dom\\cjs\\react-dom.development.js:26473:7)\n    at recoverFromConcurrentError (C:\\Users\\leovp\\Programming\\adorador\\adorador-frontend\\node_modules\\react-dom\\cjs\\react-dom.development.js:25889:20)\n    at performConcurrentWorkOnRoot (C:\\Users\\leovp\\Programming\\adorador\\adorador-frontend\\node_modules\\react-dom\\cjs\\react-dom.development.js:25789:22)\n    at flushActQueue (C:\\Users\\leovp\\Programming\\adorador\\adorador-frontend\\node_modules\\react\\cjs\\react.development.js:2667:24)\n    at act (C:\\Users\\leovp\\Programming\\adorador\\adorador-frontend\\node_modules\\react\\cjs\\react.development.js:2582:11)\n    at C:\\Users\\leovp\\Programming\\adorador\\adorador-frontend\\node_modules\\@testing-library\\react\\dist\\act-compat.js:47:25\n    at renderRoot (C:\\Users\\leovp\\Programming\\adorador\\adorador-frontend\\node_modules\\@testing-library\\react\\dist\\pure.js:190:26)\n    at render (C:\\Users\\leovp\\Programming\\adorador\\adorador-frontend\\node_modules\\@testing-library\\react\\dist\\pure.js:292:10)\n    at Object.<anonymous> (C:\\Users\\leovp\\Programming\\adorador\\adorador-frontend\\src\\app\\(public)\\grupos\\[bandId]\\eventos\\[eventId]\\en-vivo\\_components\\addSongToEvent\\__tests__\\AddNewSongtoChurchAndEvent.test.tsx:364:11)\n    at Promise.finally.completed (C:\\Users\\leovp\\Programming\\adorador\\adorador-frontend\\node_modules\\jest-circus\\build\\jestAdapterInit.js:1557:28)\n    at new Promise (<anonymous>)\n    at callAsyncCircusFn (C:\\Users\\leovp\\Programming\\adorador\\adorador-frontend\\node_modules\\jest-circus\\build\\jestAdapterInit.js:1497:10)\n    at _callCircusTest (C:\\Users\\leovp\\Programming\\adorador\\adorador-frontend\\node_modules\\jest-circus\\build\\jestAdapterInit.js:1007:40)\n    at processTicksAndRejections (node:internal/process/task_queues:95:5)\n    at _runTest (C:\\Users\\leovp\\Programming\\adorador\\adorador-frontend\\node_modules\\jest-circus\\build\\jestAdapterInit.js:947:3)\n    at C:\\Users\\leovp\\Programming\\adorador\\adorador-frontend\\node_modules\\jest-circus\\build\\jestAdapterInit.js:849:7\n    at _runTestsForDescribeBlock (C:\\Users\\leovp\\Programming\\adorador\\adorador-frontend\\node_modules\\jest-circus\\build\\jestAdapterInit.js:862:11)\n    at _runTestsForDescribeBlock (C:\\Users\\leovp\\Programming\\adorador\\adorador-frontend\\node_modules\\jest-circus\\build\\jestAdapterInit.js:857:11)\n    at run (C:\\Users\\leovp\\Programming\\adorador\\adorador-frontend\\node_modules\\jest-circus\\build\\jestAdapterInit.js:761:3)\n    at runAndTransformResultsToJestFormat (C:\\Users\\leovp\\Programming\\adorador\\adorador-frontend\\node_modules\\jest-circus\\build\\jestAdapterInit.js:1918:21)\n    at jestAdapter (C:\\Users\\leovp\\Programming\\adorador\\adorador-frontend\\node_modules\\jest-circus\\build\\runner.js:101:19)\n    at runTestInternal (C:\\Users\\leovp\\Programming\\adorador\\adorador-frontend\\node_modules\\jest-runner\\build\\testWorker.js:277:16)\n    at runTest (C:\\Users\\leovp\\Programming\\adorador\\adorador-frontend\\node_modules\\jest-runner\\build\\testWorker.js:345:7)\n    at Object.worker (C:\\Users\\leovp\\Programming\\adorador\\adorador-frontend\\node_modules\\jest-runner\\build\\testWorker.js:499:12)"],"fullName":"AddNewSongtoChurchAndEvent should show loading state when creating","invocations":1,"location":null,"numPassingAsserts":0,"retryReasons":[],"startAt":1763189532408,"status":"failed","title":"should show loading state when creating"},{"ancestorTitles":["AddNewSongtoChurchAndEvent"],"duration":116,"failing":false,"failureDetails":[{}],"failureMessages":["Error: No QueryClient set, use QueryClientProvider to set one\n    at useQueryClient (C:\\Users\\leovp\\Programming\\adorador\\adorador-frontend\\node_modules\\@tanstack\\react-query\\src\\QueryClientProvider.tsx:18:11)\n    at useBandSongsWebSocket (C:\\Users\\leovp\\Programming\\adorador\\adorador-frontend\\src\\global\\hooks\\useBandSongsWebSocket.ts:37:37)\n    at AddNewSongtoChurchAndEvent (C:\\Users\\leovp\\Programming\\adorador\\adorador-frontend\\src\\app\\(public)\\grupos\\[bandId]\\eventos\\[eventId]\\en-vivo\\_components\\addSongToEvent\\AddNewSongtoChurchAndEvent.tsx:38:24)\n    at renderWithHooks (C:\\Users\\leovp\\Programming\\adorador\\adorador-frontend\\node_modules\\react-dom\\cjs\\react-dom.development.js:15486:18)\n    at mountIndeterminateComponent (C:\\Users\\leovp\\Programming\\adorador\\adorador-frontend\\node_modules\\react-dom\\cjs\\react-dom.development.js:20103:13)\n    at beginWork (C:\\Users\\leovp\\Programming\\adorador\\adorador-frontend\\node_modules\\react-dom\\cjs\\react-dom.development.js:21626:16)\n    at beginWork$1 (C:\\Users\\leovp\\Programming\\adorador\\adorador-frontend\\node_modules\\react-dom\\cjs\\react-dom.development.js:27465:14)\n    at performUnitOfWork (C:\\Users\\leovp\\Programming\\adorador\\adorador-frontend\\node_modules\\react-dom\\cjs\\react-dom.development.js:26599:12)\n    at workLoopSync (C:\\Users\\leovp\\Programming\\adorador\\adorador-frontend\\node_modules\\react-dom\\cjs\\react-dom.development.js:26505:5)\n    at renderRootSync (C:\\Users\\leovp\\Programming\\adorador\\adorador-frontend\\node_modules\\react-dom\\cjs\\react-dom.development.js:26473:7)\n    at recoverFromConcurrentError (C:\\Users\\leovp\\Programming\\adorador\\adorador-frontend\\node_modules\\react-dom\\cjs\\react-dom.development.js:25889:20)\n    at performConcurrentWorkOnRoot (C:\\Users\\leovp\\Programming\\adorador\\adorador-frontend\\node_modules\\react-dom\\cjs\\react-dom.development.js:25789:22)\n    at flushActQueue (C:\\Users\\leovp\\Programming\\adorador\\adorador-frontend\\node_modules\\react\\cjs\\react.development.js:2667:24)\n    at act (C:\\Users\\leovp\\Programming\\adorador\\adorador-frontend\\node_modules\\react\\cjs\\react.development.js:2582:11)\n    at C:\\Users\\leovp\\Programming\\adorador\\adorador-frontend\\node_modules\\@testing-library\\react\\dist\\act-compat.js:47:25\n    at renderRoot (C:\\Users\\leovp\\Programming\\adorador\\adorador-frontend\\node_modules\\@testing-library\\react\\dist\\pure.js:190:26)\n    at render (C:\\Users\\leovp\\Programming\\adorador\\adorador-frontend\\node_modules\\@testing-library\\react\\dist\\pure.js:292:10)\n    at Object.<anonymous> (C:\\Users\\leovp\\Programming\\adorador\\adorador-frontend\\src\\app\\(public)\\grupos\\[bandId]\\eventos\\[eventId]\\en-vivo\\_components\\addSongToEvent\\__tests__\\AddNewSongtoChurchAndEvent.test.tsx:379:11)\n    at Promise.finally.completed (C:\\Users\\leovp\\Programming\\adorador\\adorador-frontend\\node_modules\\jest-circus\\build\\jestAdapterInit.js:1557:28)\n    at new Promise (<anonymous>)\n    at callAsyncCircusFn (C:\\Users\\leovp\\Programming\\adorador\\adorador-frontend\\node_modules\\jest-circus\\build\\jestAdapterInit.js:1497:10)\n    at _callCircusTest (C:\\Users\\leovp\\Programming\\adorador\\adorador-frontend\\node_modules\\jest-circus\\build\\jestAdapterInit.js:1007:40)\n    at processTicksAndRejections (node:internal/process/task_queues:95:5)\n    at _runTest (C:\\Users\\leovp\\Programming\\adorador\\adorador-frontend\\node_modules\\jest-circus\\build\\jestAdapterInit.js:947:3)\n    at C:\\Users\\leovp\\Programming\\adorador\\adorador-frontend\\node_modules\\jest-circus\\build\\jestAdapterInit.js:849:7\n    at _runTestsForDescribeBlock (C:\\Users\\leovp\\Programming\\adorador\\adorador-frontend\\node_modules\\jest-circus\\build\\jestAdapterInit.js:862:11)\n    at _runTestsForDescribeBlock (C:\\Users\\leovp\\Programming\\adorador\\adorador-frontend\\node_modules\\jest-circus\\build\\jestAdapterInit.js:857:11)\n    at run (C:\\Users\\leovp\\Programming\\adorador\\adorador-frontend\\node_modules\\jest-circus\\build\\jestAdapterInit.js:761:3)\n    at runAndTransformResultsToJestFormat (C:\\Users\\leovp\\Programming\\adorador\\adorador-frontend\\node_modules\\jest-circus\\build\\jestAdapterInit.js:1918:21)\n    at jestAdapter (C:\\Users\\leovp\\Programming\\adorador\\adorador-frontend\\node_modules\\jest-circus\\build\\runner.js:101:19)\n    at runTestInternal (C:\\Users\\leovp\\Programming\\adorador\\adorador-frontend\\node_modules\\jest-runner\\build\\testWorker.js:277:16)\n    at runTest (C:\\Users\\leovp\\Programming\\adorador\\adorador-frontend\\node_modules\\jest-runner\\build\\testWorker.js:345:7)\n    at Object.worker (C:\\Users\\leovp\\Programming\\adorador\\adorador-frontend\\node_modules\\jest-runner\\build\\testWorker.js:499:12)"],"fullName":"AddNewSongtoChurchAndEvent should call onClose when clicking cancel button","invocations":1,"location":null,"numPassingAsserts":0,"retryReasons":[],"startAt":1763189532616,"status":"failed","title":"should call onClose when clicking cancel button"}],"endTime":1763189533632,"message":"\u001b[1m\u001b[31m  \u001b[1m● \u001b[22m\u001b[1mAddNewSongtoChurchAndEvent › should render modal when isOpen is true\u001b[39m\u001b[22m\n\n    No QueryClient set, use QueryClientProvider to set one\n\u001b[2m\u001b[22m\n\u001b[2m    \u001b[0m \u001b[90m 35 |\u001b[39m   enabled \u001b[33m=\u001b[39m \u001b[36mtrue\u001b[39m\u001b[33m,\u001b[39m\u001b[22m\n\u001b[2m     \u001b[90m 36 |\u001b[39m }\u001b[33m:\u001b[39m \u001b[33mUseBandSongsWebSocketProps\u001b[39m \u001b[33m=\u001b[39m {}) \u001b[33m=>\u001b[39m {\u001b[22m\n\u001b[2m    \u001b[31m\u001b[1m>\u001b[22m\u001b[2m\u001b[39m\u001b[90m 37 |\u001b[39m   \u001b[36mconst\u001b[39m queryClient \u001b[33m=\u001b[39m useQueryClient()\u001b[33m;\u001b[39m\u001b[22m\n\u001b[2m     \u001b[90m    |\u001b[39m                                     \u001b[31m\u001b[1m^\u001b[22m\u001b[2m\u001b[39m\u001b[22m\n\u001b[2m     \u001b[90m 38 |\u001b[39m   \u001b[36mconst\u001b[39m socketRef \u001b[33m=\u001b[39m useRef\u001b[33m<\u001b[39m\u001b[33mSocket\u001b[39m \u001b[33m|\u001b[39m \u001b[36mnull\u001b[39m\u001b[33m>\u001b[39m(\u001b[36mnull\u001b[39m)\u001b[33m;\u001b[39m\u001b[22m\n\u001b[2m     \u001b[90m 39 |\u001b[39m\u001b[22m\n\u001b[2m     \u001b[90m 40 |\u001b[39m   useEffect(() \u001b[33m=>\u001b[39m {\u001b[0m\u001b[22m\n\u001b[2m\u001b[22m\n\u001b[2m      \u001b[2mat useQueryClient (\u001b[22m\u001b[2mnode_modules/@tanstack/react-query/src/QueryClientProvider.tsx\u001b[2m:18:11)\u001b[22m\u001b[2m\u001b[22m\n\u001b[2m      \u001b[2mat useBandSongsWebSocket (\u001b[22m\u001b[2msrc/global/hooks/useBandSongsWebSocket.ts\u001b[2m:37:37)\u001b[22m\u001b[2m\u001b[22m\n\u001b[2m      \u001b[2mat AddNewSongtoChurchAndEvent (C:\\Users\\leovp\\Programming\\adorador\\adorador-frontend\\src\\app\\(public)\u001b[22m\u001b[2m../../../../../grupos/[bandId]/eventos/[eventId]/en-vivo/_components/addSongToEvent/AddNewSongtoChurchAndEvent.tsx\u001b[2m:38:24)\u001b[22m\u001b[2m\u001b[22m\n\u001b[2m      \u001b[2mat renderWithHooks (\u001b[22m\u001b[2mnode_modules/react-dom/cjs/react-dom.development.js\u001b[2m:15486:18)\u001b[22m\u001b[2m\u001b[22m\n\u001b[2m      \u001b[2mat mountIndeterminateComponent (\u001b[22m\u001b[2mnode_modules/react-dom/cjs/react-dom.development.js\u001b[2m:20103:13)\u001b[22m\u001b[2m\u001b[22m\n\u001b[2m      \u001b[2mat beginWork (\u001b[22m\u001b[2mnode_modules/react-dom/cjs/react-dom.development.js\u001b[2m:21626:16)\u001b[22m\u001b[2m\u001b[22m\n\u001b[2m      \u001b[2mat beginWork$1 (\u001b[22m\u001b[2mnode_modules/react-dom/cjs/react-dom.development.js\u001b[2m:27465:14)\u001b[22m\u001b[2m\u001b[22m\n\u001b[2m      \u001b[2mat performUnitOfWork (\u001b[22m\u001b[2mnode_modules/react-dom/cjs/react-dom.development.js\u001b[2m:26599:12)\u001b[22m\u001b[2m\u001b[22m\n\u001b[2m      \u001b[2mat workLoopSync (\u001b[22m\u001b[2mnode_modules/react-dom/cjs/react-dom.development.js\u001b[2m:26505:5)\u001b[22m\u001b[2m\u001b[22m\n\u001b[2m      \u001b[2mat renderRootSync (\u001b[22m\u001b[2mnode_modules/react-dom/cjs/react-dom.development.js\u001b[2m:26473:7)\u001b[22m\u001b[2m\u001b[22m\n\u001b[2m      \u001b[2mat recoverFromConcurrentError (\u001b[22m\u001b[2mnode_modules/react-dom/cjs/react-dom.development.js\u001b[2m:25889:20)\u001b[22m\u001b[2m\u001b[22m\n\u001b[2m      \u001b[2mat performConcurrentWorkOnRoot (\u001b[22m\u001b[2mnode_modules/react-dom/cjs/react-dom.development.js\u001b[2m:25789:22)\u001b[22m\u001b[2m\u001b[22m\n\u001b[2m      \u001b[2mat flushActQueue (\u001b[22m\u001b[2mnode_modules/react/cjs/react.development.js\u001b[2m:2667:24)\u001b[22m\u001b[2m\u001b[22m\n\u001b[2m      \u001b[2mat act (\u001b[22m\u001b[2mnode_modules/react/cjs/react.development.js\u001b[2m:2582:11)\u001b[22m\u001b[2m\u001b[22m\n\u001b[2m      \u001b[2mat \u001b[22m\u001b[2mnode_modules/@testing-library/react/dist/act-compat.js\u001b[2m:47:25\u001b[22m\u001b[2m\u001b[22m\n\u001b[2m      \u001b[2mat renderRoot (\u001b[22m\u001b[2mnode_modules/@testing-library/react/dist/pure.js\u001b[2m:190:26)\u001b[22m\u001b[2m\u001b[22m\n\u001b[2m      \u001b[2mat render (\u001b[22m\u001b[2mnode_modules/@testing-library/react/dist/pure.js\u001b[2m:292:10)\u001b[22m\u001b[2m\u001b[22m\n\u001b[2m      \u001b[2mat Object.<anonymous> (C:\\Users\\leovp\\Programming\\adorador\\adorador-frontend\\src\\app\\(public)\u001b[22m\u001b[2m../../../../../grupos/[bandId]/eventos/[eventId]/en-vivo/_components/addSongToEvent/__tests__/AddNewSongtoChurchAndEvent.test.tsx\u001b[2m:102:11)\u001b[22m\u001b[2m\u001b[22m\n\n\u001b[1m\u001b[31m  \u001b[1m● \u001b[22m\u001b[1mAddNewSongtoChurchAndEvent › should not render modal when isOpen is false\u001b[39m\u001b[22m\n\n    No QueryClient set, use QueryClientProvider to set one\n\u001b[2m\u001b[22m\n\u001b[2m    \u001b[0m \u001b[90m 35 |\u001b[39m   enabled \u001b[33m=\u001b[39m \u001b[36mtrue\u001b[39m\u001b[33m,\u001b[39m\u001b[22m\n\u001b[2m     \u001b[90m 36 |\u001b[39m }\u001b[33m:\u001b[39m \u001b[33mUseBandSongsWebSocketProps\u001b[39m \u001b[33m=\u001b[39m {}) \u001b[33m=>\u001b[39m {\u001b[22m\n\u001b[2m    \u001b[31m\u001b[1m>\u001b[22m\u001b[2m\u001b[39m\u001b[90m 37 |\u001b[39m   \u001b[36mconst\u001b[39m queryClient \u001b[33m=\u001b[39m useQueryClient()\u001b[33m;\u001b[39m\u001b[22m\n\u001b[2m     \u001b[90m    |\u001b[39m                                     \u001b[31m\u001b[1m^\u001b[22m\u001b[2m\u001b[39m\u001b[22m\n\u001b[2m     \u001b[90m 38 |\u001b[39m   \u001b[36mconst\u001b[39m socketRef \u001b[33m=\u001b[39m useRef\u001b[33m<\u001b[39m\u001b[33mSocket\u001b[39m \u001b[33m|\u001b[39m \u001b[36mnull\u001b[39m\u001b[33m>\u001b[39m(\u001b[36mnull\u001b[39m)\u001b[33m;\u001b[39m\u001b[22m\n\u001b[2m     \u001b[90m 39 |\u001b[39m\u001b[22m\n\u001b[2m     \u001b[90m 40 |\u001b[39m   useEffect(() \u001b[33m=>\u001b[39m {\u001b[0m\u001b[22m\n\u001b[2m\u001b[22m\n\u001b[2m      \u001b[2mat useQueryClient (\u001b[22m\u001b[2mnode_modules/@tanstack/react-query/src/QueryClientProvider.tsx\u001b[2m:18:11)\u001b[22m\u001b[2m\u001b[22m\n\u001b[2m      \u001b[2mat useBandSongsWebSocket (\u001b[22m\u001b[2msrc/global/hooks/useBandSongsWebSocket.ts\u001b[2m:37:37)\u001b[22m\u001b[2m\u001b[22m\n\u001b[2m      \u001b[2mat AddNewSongtoChurchAndEvent (C:\\Users\\leovp\\Programming\\adorador\\adorador-frontend\\src\\app\\(public)\u001b[22m\u001b[2m../../../../../grupos/[bandId]/eventos/[eventId]/en-vivo/_components/addSongToEvent/AddNewSongtoChurchAndEvent.tsx\u001b[2m:38:24)\u001b[22m\u001b[2m\u001b[22m\n\u001b[2m      \u001b[2mat renderWithHooks (\u001b[22m\u001b[2mnode_modules/react-dom/cjs/react-dom.development.js\u001b[2m:15486:18)\u001b[22m\u001b[2m\u001b[22m\n\u001b[2m      \u001b[2mat mountIndeterminateComponent (\u001b[22m\u001b[2mnode_modules/react-dom/cjs/react-dom.development.js\u001b[2m:20103:13)\u001b[22m\u001b[2m\u001b[22m\n\u001b[2m      \u001b[2mat beginWork (\u001b[22m\u001b[2mnode_modules/react-dom/cjs/react-dom.development.js\u001b[2m:21626:16)\u001b[22m\u001b[2m\u001b[22m\n\u001b[2m      \u001b[2mat beginWork$1 (\u001b[22m\u001b[2mnode_modules/react-dom/cjs/react-dom.development.js\u001b[2m:27465:14)\u001b[22m\u001b[2m\u001b[22m\n\u001b[2m      \u001b[2mat performUnitOfWork (\u001b[22m\u001b[2mnode_modules/react-dom/cjs/react-dom.development.js\u001b[2m:26599:12)\u001b[22m\u001b[2m\u001b[22m\n\u001b[2m      \u001b[2mat workLoopSync (\u001b[22m\u001b[2mnode_modules/react-dom/cjs/react-dom.development.js\u001b[2m:26505:5)\u001b[22m\u001b[2m\u001b[22m\n\u001b[2m      \u001b[2mat renderRootSync (\u001b[22m\u001b[2mnode_modules/react-dom/cjs/react-dom.development.js\u001b[2m:26473:7)\u001b[22m\u001b[2m\u001b[22m\n\u001b[2m      \u001b[2mat recoverFromConcurrentError (\u001b[22m\u001b[2mnode_modules/react-dom/cjs/react-dom.development.js\u001b[2m:25889:20)\u001b[22m\u001b[2m\u001b[22m\n\u001b[2m      \u001b[2mat performConcurrentWorkOnRoot (\u001b[22m\u001b[2mnode_modules/react-dom/cjs/react-dom.development.js\u001b[2m:25789:22)\u001b[22m\u001b[2m\u001b[22m\n\u001b[2m      \u001b[2mat flushActQueue (\u001b[22m\u001b[2mnode_modules/react/cjs/react.development.js\u001b[2m:2667:24)\u001b[22m\u001b[2m\u001b[22m\n\u001b[2m      \u001b[2mat act (\u001b[22m\u001b[2mnode_modules/react/cjs/react.development.js\u001b[2m:2582:11)\u001b[22m\u001b[2m\u001b[22m\n\u001b[2m      \u001b[2mat \u001b[22m\u001b[2mnode_modules/@testing-library/react/dist/act-compat.js\u001b[2m:47:25\u001b[22m\u001b[2m\u001b[22m\n\u001b[2m      \u001b[2mat renderRoot (\u001b[22m\u001b[2mnode_modules/@testing-library/react/dist/pure.js\u001b[2m:190:26)\u001b[22m\u001b[2m\u001b[22m\n\u001b[2m      \u001b[2mat render (\u001b[22m\u001b[2mnode_modules/@testing-library/react/dist/pure.js\u001b[2m:292:10)\u001b[22m\u001b[2m\u001b[22m\n\u001b[2m      \u001b[2mat Object.<anonymous> (C:\\Users\\leovp\\Programming\\adorador\\adorador-frontend\\src\\app\\(public)\u001b[22m\u001b[2m../../../../../grupos/[bandId]/eventos/[eventId]/en-vivo/_components/addSongToEvent/__tests__/AddNewSongtoChurchAndEvent.test.tsx\u001b[2m:115:11)\u001b[22m\u001b[2m\u001b[22m\n\n\u001b[1m\u001b[31m  \u001b[1m● \u001b[22m\u001b[1mAddNewSongtoChurchAndEvent › should display form inside modal\u001b[39m\u001b[22m\n\n    No QueryClient set, use QueryClientProvider to set one\n\u001b[2m\u001b[22m\n\u001b[2m    \u001b[0m \u001b[90m 35 |\u001b[39m   enabled \u001b[33m=\u001b[39m \u001b[36mtrue\u001b[39m\u001b[33m,\u001b[39m\u001b[22m\n\u001b[2m     \u001b[90m 36 |\u001b[39m }\u001b[33m:\u001b[39m \u001b[33mUseBandSongsWebSocketProps\u001b[39m \u001b[33m=\u001b[39m {}) \u001b[33m=>\u001b[39m {\u001b[22m\n\u001b[2m    \u001b[31m\u001b[1m>\u001b[22m\u001b[2m\u001b[39m\u001b[90m 37 |\u001b[39m   \u001b[36mconst\u001b[39m queryClient \u001b[33m=\u001b[39m useQueryClient()\u001b[33m;\u001b[39m\u001b[22m\n\u001b[2m     \u001b[90m    |\u001b[39m                                     \u001b[31m\u001b[1m^\u001b[22m\u001b[2m\u001b[39m\u001b[22m\n\u001b[2m     \u001b[90m 38 |\u001b[39m   \u001b[36mconst\u001b[39m socketRef \u001b[33m=\u001b[39m useRef\u001b[33m<\u001b[39m\u001b[33mSocket\u001b[39m \u001b[33m|\u001b[39m \u001b[36mnull\u001b[39m\u001b[33m>\u001b[39m(\u001b[36mnull\u001b[39m)\u001b[33m;\u001b[39m\u001b[22m\n\u001b[2m     \u001b[90m 39 |\u001b[39m\u001b[22m\n\u001b[2m     \u001b[90m 40 |\u001b[39m   useEffect(() \u001b[33m=>\u001b[39m {\u001b[0m\u001b[22m\n\u001b[2m\u001b[22m\n\u001b[2m      \u001b[2mat useQueryClient (\u001b[22m\u001b[2mnode_modules/@tanstack/react-query/src/QueryClientProvider.tsx\u001b[2m:18:11)\u001b[22m\u001b[2m\u001b[22m\n\u001b[2m      \u001b[2mat useBandSongsWebSocket (\u001b[22m\u001b[2msrc/global/hooks/useBandSongsWebSocket.ts\u001b[2m:37:37)\u001b[22m\u001b[2m\u001b[22m\n\u001b[2m      \u001b[2mat AddNewSongtoChurchAndEvent (C:\\Users\\leovp\\Programming\\adorador\\adorador-frontend\\src\\app\\(public)\u001b[22m\u001b[2m../../../../../grupos/[bandId]/eventos/[eventId]/en-vivo/_components/addSongToEvent/AddNewSongtoChurchAndEvent.tsx\u001b[2m:38:24)\u001b[22m\u001b[2m\u001b[22m\n\u001b[2m      \u001b[2mat renderWithHooks (\u001b[22m\u001b[2mnode_modules/react-dom/cjs/react-dom.development.js\u001b[2m:15486:18)\u001b[22m\u001b[2m\u001b[22m\n\u001b[2m      \u001b[2mat mountIndeterminateComponent (\u001b[22m\u001b[2mnode_modules/react-dom/cjs/react-dom.development.js\u001b[2m:20103:13)\u001b[22m\u001b[2m\u001b[22m\n\u001b[2m      \u001b[2mat beginWork (\u001b[22m\u001b[2mnode_modules/react-dom/cjs/react-dom.development.js\u001b[2m:21626:16)\u001b[22m\u001b[2m\u001b[22m\n\u001b[2m      \u001b[2mat beginWork$1 (\u001b[22m\u001b[2mnode_modules/react-dom/cjs/react-dom.development.js\u001b[2m:27465:14)\u001b[22m\u001b[2m\u001b[22m\n\u001b[2m      \u001b[2mat performUnitOfWork (\u001b[22m\u001b[2mnode_modules/react-dom/cjs/react-dom.development.js\u001b[2m:26599:12)\u001b[22m\u001b[2m\u001b[22m\n\u001b[2m      \u001b[2mat workLoopSync (\u001b[22m\u001b[2mnode_modules/react-dom/cjs/react-dom.development.js\u001b[2m:26505:5)\u001b[22m\u001b[2m\u001b[22m\n\u001b[2m      \u001b[2mat renderRootSync (\u001b[22m\u001b[2mnode_modules/react-dom/cjs/react-dom.development.js\u001b[2m:26473:7)\u001b[22m\u001b[2m\u001b[22m\n\u001b[2m      \u001b[2mat recoverFromConcurrentError (\u001b[22m\u001b[2mnode_modules/react-dom/cjs/react-dom.development.js\u001b[2m:25889:20)\u001b[22m\u001b[2m\u001b[22m\n\u001b[2m      \u001b[2mat performConcurrentWorkOnRoot (\u001b[22m\u001b[2mnode_modules/react-dom/cjs/react-dom.development.js\u001b[2m:25789:22)\u001b[22m\u001b[2m\u001b[22m\n\u001b[2m      \u001b[2mat flushActQueue (\u001b[22m\u001b[2mnode_modules/react/cjs/react.development.js\u001b[2m:2667:24)\u001b[22m\u001b[2m\u001b[22m\n\u001b[2m      \u001b[2mat act (\u001b[22m\u001b[2mnode_modules/react/cjs/react.development.js\u001b[2m:2582:11)\u001b[22m\u001b[2m\u001b[22m\n\u001b[2m      \u001b[2mat \u001b[22m\u001b[2mnode_modules/@testing-library/react/dist/act-compat.js\u001b[2m:47:25\u001b[22m\u001b[2m\u001b[22m\n\u001b[2m      \u001b[2mat renderRoot (\u001b[22m\u001b[2mnode_modules/@testing-library/react/dist/pure.js\u001b[2m:190:26)\u001b[22m\u001b[2m\u001b[22m\n\u001b[2m      \u001b[2mat render (\u001b[22m\u001b[2mnode_modules/@testing-library/react/dist/pure.js\u001b[2m:292:10)\u001b[22m\u001b[2m\u001b[22m\n\u001b[2m      \u001b[2mat Object.<anonymous> (C:\\Users\\leovp\\Programming\\adorador\\adorador-frontend\\src\\app\\(public)\u001b[22m\u001b[2m../../../../../grupos/[bandId]/eventos/[eventId]/en-vivo/_components/addSongToEvent/__tests__/AddNewSongtoChurchAndEvent.test.tsx\u001b[2m:128:11)\u001b[22m\u001b[2m\u001b[22m\n\n\u001b[1m\u001b[31m  \u001b[1m● \u001b[22m\u001b[1mAddNewSongtoChurchAndEvent › should show error toast when title is empty\u001b[39m\u001b[22m\n\n    No QueryClient set, use QueryClientProvider to set one\n\u001b[2m\u001b[22m\n\u001b[2m    \u001b[0m \u001b[90m 35 |\u001b[39m   enabled \u001b[33m=\u001b[39m \u001b[36mtrue\u001b[39m\u001b[33m,\u001b[39m\u001b[22m\n\u001b[2m     \u001b[90m 36 |\u001b[39m }\u001b[33m:\u001b[39m \u001b[33mUseBandSongsWebSocketProps\u001b[39m \u001b[33m=\u001b[39m {}) \u001b[33m=>\u001b[39m {\u001b[22m\n\u001b[2m    \u001b[31m\u001b[1m>\u001b[22m\u001b[2m\u001b[39m\u001b[90m 37 |\u001b[39m   \u001b[36mconst\u001b[39m queryClient \u001b[33m=\u001b[39m useQueryClient()\u001b[33m;\u001b[39m\u001b[22m\n\u001b[2m     \u001b[90m    |\u001b[39m                                     \u001b[31m\u001b[1m^\u001b[22m\u001b[2m\u001b[39m\u001b[22m\n\u001b[2m     \u001b[90m 38 |\u001b[39m   \u001b[36mconst\u001b[39m socketRef \u001b[33m=\u001b[39m useRef\u001b[33m<\u001b[39m\u001b[33mSocket\u001b[39m \u001b[33m|\u001b[39m \u001b[36mnull\u001b[39m\u001b[33m>\u001b[39m(\u001b[36mnull\u001b[39m)\u001b[33m;\u001b[39m\u001b[22m\n\u001b[2m     \u001b[90m 39 |\u001b[39m\u001b[22m\n\u001b[2m     \u001b[90m 40 |\u001b[39m   useEffect(() \u001b[33m=>\u001b[39m {\u001b[0m\u001b[22m\n\u001b[2m\u001b[22m\n\u001b[2m      \u001b[2mat useQueryClient (\u001b[22m\u001b[2mnode_modules/@tanstack/react-query/src/QueryClientProvider.tsx\u001b[2m:18:11)\u001b[22m\u001b[2m\u001b[22m\n\u001b[2m      \u001b[2mat useBandSongsWebSocket (\u001b[22m\u001b[2msrc/global/hooks/useBandSongsWebSocket.ts\u001b[2m:37:37)\u001b[22m\u001b[2m\u001b[22m\n\u001b[2m      \u001b[2mat AddNewSongtoChurchAndEvent (C:\\Users\\leovp\\Programming\\adorador\\adorador-frontend\\src\\app\\(public)\u001b[22m\u001b[2m../../../../../grupos/[bandId]/eventos/[eventId]/en-vivo/_components/addSongToEvent/AddNewSongtoChurchAndEvent.tsx\u001b[2m:38:24)\u001b[22m\u001b[2m\u001b[22m\n\u001b[2m      \u001b[2mat renderWithHooks (\u001b[22m\u001b[2mnode_modules/react-dom/cjs/react-dom.development.js\u001b[2m:15486:18)\u001b[22m\u001b[2m\u001b[22m\n\u001b[2m      \u001b[2mat mountIndeterminateComponent (\u001b[22m\u001b[2mnode_modules/react-dom/cjs/react-dom.development.js\u001b[2m:20103:13)\u001b[22m\u001b[2m\u001b[22m\n\u001b[2m      \u001b[2mat beginWork (\u001b[22m\u001b[2mnode_modules/react-dom/cjs/react-dom.development.js\u001b[2m:21626:16)\u001b[22m\u001b[2m\u001b[22m\n\u001b[2m      \u001b[2mat beginWork$1 (\u001b[22m\u001b[2mnode_modules/react-dom/cjs/react-dom.development.js\u001b[2m:27465:14)\u001b[22m\u001b[2m\u001b[22m\n\u001b[2m      \u001b[2mat performUnitOfWork (\u001b[22m\u001b[2mnode_modules/react-dom/cjs/react-dom.development.js\u001b[2m:26599:12)\u001b[22m\u001b[2m\u001b[22m\n\u001b[2m      \u001b[2mat workLoopSync (\u001b[22m\u001b[2mnode_modules/react-dom/cjs/react-dom.development.js\u001b[2m:26505:5)\u001b[22m\u001b[2m\u001b[22m\n\u001b[2m      \u001b[2mat renderRootSync (\u001b[22m\u001b[2mnode_modules/react-dom/cjs/react-dom.development.js\u001b[2m:26473:7)\u001b[22m\u001b[2m\u001b[22m\n\u001b[2m      \u001b[2mat recoverFromConcurrentError (\u001b[22m\u001b[2mnode_modules/react-dom/cjs/react-dom.development.js\u001b[2m:25889:20)\u001b[22m\u001b[2m\u001b[22m\n\u001b[2m      \u001b[2mat performConcurrentWorkOnRoot (\u001b[22m\u001b[2mnode_modules/react-dom/cjs/react-dom.development.js\u001b[2m:25789:22)\u001b[22m\u001b[2m\u001b[22m\n\u001b[2m      \u001b[2mat flushActQueue (\u001b[22m\u001b[2mnode_modules/react/cjs/react.development.js\u001b[2m:2667:24)\u001b[22m\u001b[2m\u001b[22m\n\u001b[2m      \u001b[2mat act (\u001b[22m\u001b[2mnode_modules/react/cjs/react.development.js\u001b[2m:2582:11)\u001b[22m\u001b[2m\u001b[22m\n\u001b[2m      \u001b[2mat \u001b[22m\u001b[2mnode_modules/@testing-library/react/dist/act-compat.js\u001b[2m:47:25\u001b[22m\u001b[2m\u001b[22m\n\u001b[2m      \u001b[2mat renderRoot (\u001b[22m\u001b[2mnode_modules/@testing-library/react/dist/pure.js\u001b[2m:190:26)\u001b[22m\u001b[2m\u001b[22m\n\u001b[2m      \u001b[2mat render (\u001b[22m\u001b[2mnode_modules/@testing-library/react/dist/pure.js\u001b[2m:292:10)\u001b[22m\u001b[2m\u001b[22m\n\u001b[2m      \u001b[2mat Object.<anonymous> (C:\\Users\\leovp\\Programming\\adorador\\adorador-frontend\\src\\app\\(public)\u001b[22m\u001b[2m../../../../../grupos/[bandId]/eventos/[eventId]/en-vivo/_components/addSongToEvent/__tests__/AddNewSongtoChurchAndEvent.test.tsx\u001b[2m:143:11)\u001b[22m\u001b[2m\u001b[22m\n\n\u001b[1m\u001b[31m  \u001b[1m● \u001b[22m\u001b[1mAddNewSongtoChurchAndEvent › should call add to church when creating song\u001b[39m\u001b[22m\n\n    No QueryClient set, use QueryClientProvider to set one\n\u001b[2m\u001b[22m\n\u001b[2m    \u001b[0m \u001b[90m 35 |\u001b[39m   enabled \u001b[33m=\u001b[39m \u001b[36mtrue\u001b[39m\u001b[33m,\u001b[39m\u001b[22m\n\u001b[2m     \u001b[90m 36 |\u001b[39m }\u001b[33m:\u001b[39m \u001b[33mUseBandSongsWebSocketProps\u001b[39m \u001b[33m=\u001b[39m {}) \u001b[33m=>\u001b[39m {\u001b[22m\n\u001b[2m    \u001b[31m\u001b[1m>\u001b[22m\u001b[2m\u001b[39m\u001b[90m 37 |\u001b[39m   \u001b[36mconst\u001b[39m queryClient \u001b[33m=\u001b[39m useQueryClient()\u001b[33m;\u001b[39m\u001b[22m\n\u001b[2m     \u001b[90m    |\u001b[39m                                     \u001b[31m\u001b[1m^\u001b[22m\u001b[2m\u001b[39m\u001b[22m\n\u001b[2m     \u001b[90m 38 |\u001b[39m   \u001b[36mconst\u001b[39m socketRef \u001b[33m=\u001b[39m useRef\u001b[33m<\u001b[39m\u001b[33mSocket\u001b[39m \u001b[33m|\u001b[39m \u001b[36mnull\u001b[39m\u001b[33m>\u001b[39m(\u001b[36mnull\u001b[39m)\u001b[33m;\u001b[39m\u001b[22m\n\u001b[2m     \u001b[90m 39 |\u001b[39m\u001b[22m\n\u001b[2m     \u001b[90m 40 |\u001b[39m   useEffect(() \u001b[33m=>\u001b[39m {\u001b[0m\u001b[22m\n\u001b[2m\u001b[22m\n\u001b[2m      \u001b[2mat useQueryClient (\u001b[22m\u001b[2mnode_modules/@tanstack/react-query/src/QueryClientProvider.tsx\u001b[2m:18:11)\u001b[22m\u001b[2m\u001b[22m\n\u001b[2m      \u001b[2mat useBandSongsWebSocket (\u001b[22m\u001b[2msrc/global/hooks/useBandSongsWebSocket.ts\u001b[2m:37:37)\u001b[22m\u001b[2m\u001b[22m\n\u001b[2m      \u001b[2mat AddNewSongtoChurchAndEvent (C:\\Users\\leovp\\Programming\\adorador\\adorador-frontend\\src\\app\\(public)\u001b[22m\u001b[2m../../../../../grupos/[bandId]/eventos/[eventId]/en-vivo/_components/addSongToEvent/AddNewSongtoChurchAndEvent.tsx\u001b[2m:38:24)\u001b[22m\u001b[2m\u001b[22m\n\u001b[2m      \u001b[2mat renderWithHooks (\u001b[22m\u001b[2mnode_modules/react-dom/cjs/react-dom.development.js\u001b[2m:15486:18)\u001b[22m\u001b[2m\u001b[22m\n\u001b[2m      \u001b[2mat mountIndeterminateComponent (\u001b[22m\u001b[2mnode_modules/react-dom/cjs/react-dom.development.js\u001b[2m:20103:13)\u001b[22m\u001b[2m\u001b[22m\n\u001b[2m      \u001b[2mat beginWork (\u001b[22m\u001b[2mnode_modules/react-dom/cjs/react-dom.development.js\u001b[2m:21626:16)\u001b[22m\u001b[2m\u001b[22m\n\u001b[2m      \u001b[2mat beginWork$1 (\u001b[22m\u001b[2mnode_modules/react-dom/cjs/react-dom.development.js\u001b[2m:27465:14)\u001b[22m\u001b[2m\u001b[22m\n\u001b[2m      \u001b[2mat performUnitOfWork (\u001b[22m\u001b[2mnode_modules/react-dom/cjs/react-dom.development.js\u001b[2m:26599:12)\u001b[22m\u001b[2m\u001b[22m\n\u001b[2m      \u001b[2mat workLoopSync (\u001b[22m\u001b[2mnode_modules/react-dom/cjs/react-dom.development.js\u001b[2m:26505:5)\u001b[22m\u001b[2m\u001b[22m\n\u001b[2m      \u001b[2mat renderRootSync (\u001b[22m\u001b[2mnode_modules/react-dom/cjs/react-dom.development.js\u001b[2m:26473:7)\u001b[22m\u001b[2m\u001b[22m\n\u001b[2m      \u001b[2mat recoverFromConcurrentError (\u001b[22m\u001b[2mnode_modules/react-dom/cjs/react-dom.development.js\u001b[2m:25889:20)\u001b[22m\u001b[2m\u001b[22m\n\u001b[2m      \u001b[2mat performConcurrentWorkOnRoot (\u001b[22m\u001b[2mnode_modules/react-dom/cjs/react-dom.development.js\u001b[2m:25789:22)\u001b[22m\u001b[2m\u001b[22m\n\u001b[2m      \u001b[2mat flushActQueue (\u001b[22m\u001b[2mnode_modules/react/cjs/react.development.js\u001b[2m:2667:24)\u001b[22m\u001b[2m\u001b[22m\n\u001b[2m      \u001b[2mat act (\u001b[22m\u001b[2mnode_modules/react/cjs/react.development.js\u001b[2m:2582:11)\u001b[22m\u001b[2m\u001b[22m\n\u001b[2m      \u001b[2mat \u001b[22m\u001b[2mnode_modules/@testing-library/react/dist/act-compat.js\u001b[2m:47:25\u001b[22m\u001b[2m\u001b[22m\n\u001b[2m      \u001b[2mat renderRoot (\u001b[22m\u001b[2mnode_modules/@testing-library/react/dist/pure.js\u001b[2m:190:26)\u001b[22m\u001b[2m\u001b[22m\n\u001b[2m      \u001b[2mat render (\u001b[22m\u001b[2mnode_modules/@testing-library/react/dist/pure.js\u001b[2m:292:10)\u001b[22m\u001b[2m\u001b[22m\n\u001b[2m      \u001b[2mat Object.<anonymous> (C:\\Users\\leovp\\Programming\\adorador\\adorador-frontend\\src\\app\\(public)\u001b[22m\u001b[2m../../../../../grupos/[bandId]/eventos/[eventId]/en-vivo/_components/addSongToEvent/__tests__/AddNewSongtoChurchAndEvent.test.tsx\u001b[2m:165:11)\u001b[22m\u001b[2m\u001b[22m\n\n\u001b[1m\u001b[31m  \u001b[1m● \u001b[22m\u001b[1mAddNewSongtoChurchAndEvent › should show success toast when song is added to church\u001b[39m\u001b[22m\n\n    No QueryClient set, use QueryClientProvider to set one\n\u001b[2m\u001b[22m\n\u001b[2m    \u001b[0m \u001b[90m 35 |\u001b[39m   enabled \u001b[33m=\u001b[39m \u001b[36mtrue\u001b[39m\u001b[33m,\u001b[39m\u001b[22m\n\u001b[2m     \u001b[90m 36 |\u001b[39m }\u001b[33m:\u001b[39m \u001b[33mUseBandSongsWebSocketProps\u001b[39m \u001b[33m=\u001b[39m {}) \u001b[33m=>\u001b[39m {\u001b[22m\n\u001b[2m    \u001b[31m\u001b[1m>\u001b[22m\u001b[2m\u001b[39m\u001b[90m 37 |\u001b[39m   \u001b[36mconst\u001b[39m queryClient \u001b[33m=\u001b[39m useQueryClient()\u001b[33m;\u001b[39m\u001b[22m\n\u001b[2m     \u001b[90m    |\u001b[39m                                     \u001b[31m\u001b[1m^\u001b[22m\u001b[2m\u001b[39m\u001b[22m\n\u001b[2m     \u001b[90m 38 |\u001b[39m   \u001b[36mconst\u001b[39m socketRef \u001b[33m=\u001b[39m useRef\u001b[33m<\u001b[39m\u001b[33mSocket\u001b[39m \u001b[33m|\u001b[39m \u001b[36mnull\u001b[39m\u001b[33m>\u001b[39m(\u001b[36mnull\u001b[39m)\u001b[33m;\u001b[39m\u001b[22m\n\u001b[2m     \u001b[90m 39 |\u001b[39m\u001b[22m\n\u001b[2m     \u001b[90m 40 |\u001b[39m   useEffect(() \u001b[33m=>\u001b[39m {\u001b[0m\u001b[22m\n\u001b[2m\u001b[22m\n\u001b[2m      \u001b[2mat useQueryClient (\u001b[22m\u001b[2mnode_modules/@tanstack/react-query/src/QueryClientProvider.tsx\u001b[2m:18:11)\u001b[22m\u001b[2m\u001b[22m\n\u001b[2m      \u001b[2mat useBandSongsWebSocket (\u001b[22m\u001b[2msrc/global/hooks/useBandSongsWebSocket.ts\u001b[2m:37:37)\u001b[22m\u001b[2m\u001b[22m\n\u001b[2m      \u001b[2mat AddNewSongtoChurchAndEvent (C:\\Users\\leovp\\Programming\\adorador\\adorador-frontend\\src\\app\\(public)\u001b[22m\u001b[2m../../../../../grupos/[bandId]/eventos/[eventId]/en-vivo/_components/addSongToEvent/AddNewSongtoChurchAndEvent.tsx\u001b[2m:38:24)\u001b[22m\u001b[2m\u001b[22m\n\u001b[2m      \u001b[2mat renderWithHooks (\u001b[22m\u001b[2mnode_modules/react-dom/cjs/react-dom.development.js\u001b[2m:15486:18)\u001b[22m\u001b[2m\u001b[22m\n\u001b[2m      \u001b[2mat mountIndeterminateComponent (\u001b[22m\u001b[2mnode_modules/react-dom/cjs/react-dom.development.js\u001b[2m:20103:13)\u001b[22m\u001b[2m\u001b[22m\n\u001b[2m      \u001b[2mat beginWork (\u001b[22m\u001b[2mnode_modules/react-dom/cjs/react-dom.development.js\u001b[2m:21626:16)\u001b[22m\u001b[2m\u001b[22m\n\u001b[2m      \u001b[2mat beginWork$1 (\u001b[22m\u001b[2mnode_modules/react-dom/cjs/react-dom.development.js\u001b[2m:27465:14)\u001b[22m\u001b[2m\u001b[22m\n\u001b[2m      \u001b[2mat performUnitOfWork (\u001b[22m\u001b[2mnode_modules/react-dom/cjs/react-dom.development.js\u001b[2m:26599:12)\u001b[22m\u001b[2m\u001b[22m\n\u001b[2m      \u001b[2mat workLoopSync (\u001b[22m\u001b[2mnode_modules/react-dom/cjs/react-dom.development.js\u001b[2m:26505:5)\u001b[22m\u001b[2m\u001b[22m\n\u001b[2m      \u001b[2mat renderRootSync (\u001b[22m\u001b[2mnode_modules/react-dom/cjs/react-dom.development.js\u001b[2m:26473:7)\u001b[22m\u001b[2m\u001b[22m\n\u001b[2m      \u001b[2mat recoverFromConcurrentError (\u001b[22m\u001b[2mnode_modules/react-dom/cjs/react-dom.development.js\u001b[2m:25889:20)\u001b[22m\u001b[2m\u001b[22m\n\u001b[2m      \u001b[2mat performConcurrentWorkOnRoot (\u001b[22m\u001b[2mnode_modules/react-dom/cjs/react-dom.development.js\u001b[2m:25789:22)\u001b[22m\u001b[2m\u001b[22m\n\u001b[2m      \u001b[2mat flushActQueue (\u001b[22m\u001b[2mnode_modules/react/cjs/react.development.js\u001b[2m:2667:24)\u001b[22m\u001b[2m\u001b[22m\n\u001b[2m      \u001b[2mat act (\u001b[22m\u001b[2mnode_modules/react/cjs/react.development.js\u001b[2m:2582:11)\u001b[22m\u001b[2m\u001b[22m\n\u001b[2m      \u001b[2mat \u001b[22m\u001b[2mnode_modules/@testing-library/react/dist/act-compat.js\u001b[2m:47:25\u001b[22m\u001b[2m\u001b[22m\n\u001b[2m      \u001b[2mat renderRoot (\u001b[22m\u001b[2mnode_modules/@testing-library/react/dist/pure.js\u001b[2m:190:26)\u001b[22m\u001b[2m\u001b[22m\n\u001b[2m      \u001b[2mat render (\u001b[22m\u001b[2mnode_modules/@testing-library/react/dist/pure.js\u001b[2m:292:10)\u001b[22m\u001b[2m\u001b[22m\n\u001b[2m      \u001b[2mat Object.<anonymous> (C:\\Users\\leovp\\Programming\\adorador\\adorador-frontend\\src\\app\\(public)\u001b[22m\u001b[2m../../../../../grupos/[bandId]/eventos/[eventId]/en-vivo/_components/addSongToEvent/__tests__/AddNewSongtoChurchAndEvent.test.tsx\u001b[2m:203:11)\u001b[22m\u001b[2m\u001b[22m\n\n\u001b[1m\u001b[31m  \u001b[1m● \u001b[22m\u001b[1mAddNewSongtoChurchAndEvent › should show error toast on church add failure\u001b[39m\u001b[22m\n\n    No QueryClient set, use QueryClientProvider to set one\n\u001b[2m\u001b[22m\n\u001b[2m    \u001b[0m \u001b[90m 35 |\u001b[39m   enabled \u001b[33m=\u001b[39m \u001b[36mtrue\u001b[39m\u001b[33m,\u001b[39m\u001b[22m\n\u001b[2m     \u001b[90m 36 |\u001b[39m }\u001b[33m:\u001b[39m \u001b[33mUseBandSongsWebSocketProps\u001b[39m \u001b[33m=\u001b[39m {}) \u001b[33m=>\u001b[39m {\u001b[22m\n\u001b[2m    \u001b[31m\u001b[1m>\u001b[22m\u001b[2m\u001b[39m\u001b[90m 37 |\u001b[39m   \u001b[36mconst\u001b[39m queryClient \u001b[33m=\u001b[39m useQueryClient()\u001b[33m;\u001b[39m\u001b[22m\n\u001b[2m     \u001b[90m    |\u001b[39m                                     \u001b[31m\u001b[1m^\u001b[22m\u001b[2m\u001b[39m\u001b[22m\n\u001b[2m     \u001b[90m 38 |\u001b[39m   \u001b[36mconst\u001b[39m socketRef \u001b[33m=\u001b[39m useRef\u001b[33m<\u001b[39m\u001b[33mSocket\u001b[39m \u001b[33m|\u001b[39m \u001b[36mnull\u001b[39m\u001b[33m>\u001b[39m(\u001b[36mnull\u001b[39m)\u001b[33m;\u001b[39m\u001b[22m\n\u001b[2m     \u001b[90m 39 |\u001b[39m\u001b[22m\n\u001b[2m     \u001b[90m 40 |\u001b[39m   useEffect(() \u001b[33m=>\u001b[39m {\u001b[0m\u001b[22m\n\u001b[2m\u001b[22m\n\u001b[2m      \u001b[2mat useQueryClient (\u001b[22m\u001b[2mnode_modules/@tanstack/react-query/src/QueryClientProvider.tsx\u001b[2m:18:11)\u001b[22m\u001b[2m\u001b[22m\n\u001b[2m      \u001b[2mat useBandSongsWebSocket (\u001b[22m\u001b[2msrc/global/hooks/useBandSongsWebSocket.ts\u001b[2m:37:37)\u001b[22m\u001b[2m\u001b[22m\n\u001b[2m      \u001b[2mat AddNewSongtoChurchAndEvent (C:\\Users\\leovp\\Programming\\adorador\\adorador-frontend\\src\\app\\(public)\u001b[22m\u001b[2m../../../../../grupos/[bandId]/eventos/[eventId]/en-vivo/_components/addSongToEvent/AddNewSongtoChurchAndEvent.tsx\u001b[2m:38:24)\u001b[22m\u001b[2m\u001b[22m\n\u001b[2m      \u001b[2mat renderWithHooks (\u001b[22m\u001b[2mnode_modules/react-dom/cjs/react-dom.development.js\u001b[2m:15486:18)\u001b[22m\u001b[2m\u001b[22m\n\u001b[2m      \u001b[2mat mountIndeterminateComponent (\u001b[22m\u001b[2mnode_modules/react-dom/cjs/react-dom.development.js\u001b[2m:20103:13)\u001b[22m\u001b[2m\u001b[22m\n\u001b[2m      \u001b[2mat beginWork (\u001b[22m\u001b[2mnode_modules/react-dom/cjs/react-dom.development.js\u001b[2m:21626:16)\u001b[22m\u001b[2m\u001b[22m\n\u001b[2m      \u001b[2mat beginWork$1 (\u001b[22m\u001b[2mnode_modules/react-dom/cjs/react-dom.development.js\u001b[2m:27465:14)\u001b[22m\u001b[2m\u001b[22m\n\u001b[2m      \u001b[2mat performUnitOfWork (\u001b[22m\u001b[2mnode_modules/react-dom/cjs/react-dom.development.js\u001b[2m:26599:12)\u001b[22m\u001b[2m\u001b[22m\n\u001b[2m      \u001b[2mat workLoopSync (\u001b[22m\u001b[2mnode_modules/react-dom/cjs/react-dom.development.js\u001b[2m:26505:5)\u001b[22m\u001b[2m\u001b[22m\n\u001b[2m      \u001b[2mat renderRootSync (\u001b[22m\u001b[2mnode_modules/react-dom/cjs/react-dom.development.js\u001b[2m:26473:7)\u001b[22m\u001b[2m\u001b[22m\n\u001b[2m      \u001b[2mat recoverFromConcurrentError (\u001b[22m\u001b[2mnode_modules/react-dom/cjs/react-dom.development.js\u001b[2m:25889:20)\u001b[22m\u001b[2m\u001b[22m\n\u001b[2m      \u001b[2mat performConcurrentWorkOnRoot (\u001b[22m\u001b[2mnode_modules/react-dom/cjs/react-dom.development.js\u001b[2m:25789:22)\u001b[22m\u001b[2m\u001b[22m\n\u001b[2m      \u001b[2mat flushActQueue (\u001b[22m\u001b[2mnode_modules/react/cjs/react.development.js\u001b[2m:2667:24)\u001b[22m\u001b[2m\u001b[22m\n\u001b[2m      \u001b[2mat act (\u001b[22m\u001b[2mnode_modules/react/cjs/react.development.js\u001b[2m:2582:11)\u001b[22m\u001b[2m\u001b[22m\n\u001b[2m      \u001b[2mat \u001b[22m\u001b[2mnode_modules/@testing-library/react/dist/act-compat.js\u001b[2m:47:25\u001b[22m\u001b[2m\u001b[22m\n\u001b[2m      \u001b[2mat renderRoot (\u001b[22m\u001b[2mnode_modules/@testing-library/react/dist/pure.js\u001b[2m:190:26)\u001b[22m\u001b[2m\u001b[22m\n\u001b[2m      \u001b[2mat render (\u001b[22m\u001b[2mnode_modules/@testing-library/react/dist/pure.js\u001b[2m:292:10)\u001b[22m\u001b[2m\u001b[22m\n\u001b[2m      \u001b[2mat Object.<anonymous> (C:\\Users\\leovp\\Programming\\adorador\\adorador-frontend\\src\\app\\(public)\u001b[22m\u001b[2m../../../../../grupos/[bandId]/eventos/[eventId]/en-vivo/_components/addSongToEvent/__tests__/AddNewSongtoChurchAndEvent.test.tsx\u001b[2m:230:11)\u001b[22m\u001b[2m\u001b[22m\n\n\u001b[1m\u001b[31m  \u001b[1m● \u001b[22m\u001b[1mAddNewSongtoChurchAndEvent › should show success toast when song is added to event\u001b[39m\u001b[22m\n\n    No QueryClient set, use QueryClientProvider to set one\n\u001b[2m\u001b[22m\n\u001b[2m    \u001b[0m \u001b[90m 35 |\u001b[39m   enabled \u001b[33m=\u001b[39m \u001b[36mtrue\u001b[39m\u001b[33m,\u001b[39m\u001b[22m\n\u001b[2m     \u001b[90m 36 |\u001b[39m }\u001b[33m:\u001b[39m \u001b[33mUseBandSongsWebSocketProps\u001b[39m \u001b[33m=\u001b[39m {}) \u001b[33m=>\u001b[39m {\u001b[22m\n\u001b[2m    \u001b[31m\u001b[1m>\u001b[22m\u001b[2m\u001b[39m\u001b[90m 37 |\u001b[39m   \u001b[36mconst\u001b[39m queryClient \u001b[33m=\u001b[39m useQueryClient()\u001b[33m;\u001b[39m\u001b[22m\n\u001b[2m     \u001b[90m    |\u001b[39m                                     \u001b[31m\u001b[1m^\u001b[22m\u001b[2m\u001b[39m\u001b[22m\n\u001b[2m     \u001b[90m 38 |\u001b[39m   \u001b[36mconst\u001b[39m socketRef \u001b[33m=\u001b[39m useRef\u001b[33m<\u001b[39m\u001b[33mSocket\u001b[39m \u001b[33m|\u001b[39m \u001b[36mnull\u001b[39m\u001b[33m>\u001b[39m(\u001b[36mnull\u001b[39m)\u001b[33m;\u001b[39m\u001b[22m\n\u001b[2m     \u001b[90m 39 |\u001b[39m\u001b[22m\n\u001b[2m     \u001b[90m 40 |\u001b[39m   useEffect(() \u001b[33m=>\u001b[39m {\u001b[0m\u001b[22m\n\u001b[2m\u001b[22m\n\u001b[2m      \u001b[2mat useQueryClient (\u001b[22m\u001b[2mnode_modules/@tanstack/react-query/src/QueryClientProvider.tsx\u001b[2m:18:11)\u001b[22m\u001b[2m\u001b[22m\n\u001b[2m      \u001b[2mat useBandSongsWebSocket (\u001b[22m\u001b[2msrc/global/hooks/useBandSongsWebSocket.ts\u001b[2m:37:37)\u001b[22m\u001b[2m\u001b[22m\n\u001b[2m      \u001b[2mat AddNewSongtoChurchAndEvent (C:\\Users\\leovp\\Programming\\adorador\\adorador-frontend\\src\\app\\(public)\u001b[22m\u001b[2m../../../../../grupos/[bandId]/eventos/[eventId]/en-vivo/_components/addSongToEvent/AddNewSongtoChurchAndEvent.tsx\u001b[2m:38:24)\u001b[22m\u001b[2m\u001b[22m\n\u001b[2m      \u001b[2mat renderWithHooks (\u001b[22m\u001b[2mnode_modules/react-dom/cjs/react-dom.development.js\u001b[2m:15486:18)\u001b[22m\u001b[2m\u001b[22m\n\u001b[2m      \u001b[2mat mountIndeterminateComponent (\u001b[22m\u001b[2mnode_modules/react-dom/cjs/react-dom.development.js\u001b[2m:20103:13)\u001b[22m\u001b[2m\u001b[22m\n\u001b[2m      \u001b[2mat beginWork (\u001b[22m\u001b[2mnode_modules/react-dom/cjs/react-dom.development.js\u001b[2m:21626:16)\u001b[22m\u001b[2m\u001b[22m\n\u001b[2m      \u001b[2mat beginWork$1 (\u001b[22m\u001b[2mnode_modules/react-dom/cjs/react-dom.development.js\u001b[2m:27465:14)\u001b[22m\u001b[2m\u001b[22m\n\u001b[2m      \u001b[2mat performUnitOfWork (\u001b[22m\u001b[2mnode_modules/react-dom/cjs/react-dom.development.js\u001b[2m:26599:12)\u001b[22m\u001b[2m\u001b[22m\n\u001b[2m      \u001b[2mat workLoopSync (\u001b[22m\u001b[2mnode_modules/react-dom/cjs/react-dom.development.js\u001b[2m:26505:5)\u001b[22m\u001b[2m\u001b[22m\n\u001b[2m      \u001b[2mat renderRootSync (\u001b[22m\u001b[2mnode_modules/react-dom/cjs/react-dom.development.js\u001b[2m:26473:7)\u001b[22m\u001b[2m\u001b[22m\n\u001b[2m      \u001b[2mat recoverFromConcurrentError (\u001b[22m\u001b[2mnode_modules/react-dom/cjs/react-dom.development.js\u001b[2m:25889:20)\u001b[22m\u001b[2m\u001b[22m\n\u001b[2m      \u001b[2mat performConcurrentWorkOnRoot (\u001b[22m\u001b[2mnode_modules/react-dom/cjs/react-dom.development.js\u001b[2m:25789:22)\u001b[22m\u001b[2m\u001b[22m\n\u001b[2m      \u001b[2mat flushActQueue (\u001b[22m\u001b[2mnode_modules/react/cjs/react.development.js\u001b[2m:2667:24)\u001b[22m\u001b[2m\u001b[22m\n\u001b[2m      \u001b[2mat act (\u001b[22m\u001b[2mnode_modules/react/cjs/react.development.js\u001b[2m:2582:11)\u001b[22m\u001b[2m\u001b[22m\n\u001b[2m      \u001b[2mat \u001b[22m\u001b[2mnode_modules/@testing-library/react/dist/act-compat.js\u001b[2m:47:25\u001b[22m\u001b[2m\u001b[22m\n\u001b[2m      \u001b[2mat renderRoot (\u001b[22m\u001b[2mnode_modules/@testing-library/react/dist/pure.js\u001b[2m:190:26)\u001b[22m\u001b[2m\u001b[22m\n\u001b[2m      \u001b[2mat render (\u001b[22m\u001b[2mnode_modules/@testing-library/react/dist/pure.js\u001b[2m:292:10)\u001b[22m\u001b[2m\u001b[22m\n\u001b[2m      \u001b[2mat Object.<anonymous> (C:\\Users\\leovp\\Programming\\adorador\\adorador-frontend\\src\\app\\(public)\u001b[22m\u001b[2m../../../../../grupos/[bandId]/eventos/[eventId]/en-vivo/_components/addSongToEvent/__tests__/AddNewSongtoChurchAndEvent.test.tsx\u001b[2m:257:11)\u001b[22m\u001b[2m\u001b[22m\n\n\u001b[1m\u001b[31m  \u001b[1m● \u001b[22m\u001b[1mAddNewSongtoChurchAndEvent › should navigate to song when checkbox is selected\u001b[39m\u001b[22m\n\n    No QueryClient set, use QueryClientProvider to set one\n\u001b[2m\u001b[22m\n\u001b[2m    \u001b[0m \u001b[90m 35 |\u001b[39m   enabled \u001b[33m=\u001b[39m \u001b[36mtrue\u001b[39m\u001b[33m,\u001b[39m\u001b[22m\n\u001b[2m     \u001b[90m 36 |\u001b[39m }\u001b[33m:\u001b[39m \u001b[33mUseBandSongsWebSocketProps\u001b[39m \u001b[33m=\u001b[39m {}) \u001b[33m=>\u001b[39m {\u001b[22m\n\u001b[2m    \u001b[31m\u001b[1m>\u001b[22m\u001b[2m\u001b[39m\u001b[90m 37 |\u001b[39m   \u001b[36mconst\u001b[39m queryClient \u001b[33m=\u001b[39m useQueryClient()\u001b[33m;\u001b[39m\u001b[22m\n\u001b[2m     \u001b[90m    |\u001b[39m                                     \u001b[31m\u001b[1m^\u001b[22m\u001b[2m\u001b[39m\u001b[22m\n\u001b[2m     \u001b[90m 38 |\u001b[39m   \u001b[36mconst\u001b[39m socketRef \u001b[33m=\u001b[39m useRef\u001b[33m<\u001b[39m\u001b[33mSocket\u001b[39m \u001b[33m|\u001b[39m \u001b[36mnull\u001b[39m\u001b[33m>\u001b[39m(\u001b[36mnull\u001b[39m)\u001b[33m;\u001b[39m\u001b[22m\n\u001b[2m     \u001b[90m 39 |\u001b[39m\u001b[22m\n\u001b[2m     \u001b[90m 40 |\u001b[39m   useEffect(() \u001b[33m=>\u001b[39m {\u001b[0m\u001b[22m\n\u001b[2m\u001b[22m\n\u001b[2m      \u001b[2mat useQueryClient (\u001b[22m\u001b[2mnode_modules/@tanstack/react-query/src/QueryClientProvider.tsx\u001b[2m:18:11)\u001b[22m\u001b[2m\u001b[22m\n\u001b[2m      \u001b[2mat useBandSongsWebSocket (\u001b[22m\u001b[2msrc/global/hooks/useBandSongsWebSocket.ts\u001b[2m:37:37)\u001b[22m\u001b[2m\u001b[22m\n\u001b[2m      \u001b[2mat AddNewSongtoChurchAndEvent (C:\\Users\\leovp\\Programming\\adorador\\adorador-frontend\\src\\app\\(public)\u001b[22m\u001b[2m../../../../../grupos/[bandId]/eventos/[eventId]/en-vivo/_components/addSongToEvent/AddNewSongtoChurchAndEvent.tsx\u001b[2m:38:24)\u001b[22m\u001b[2m\u001b[22m\n\u001b[2m      \u001b[2mat renderWithHooks (\u001b[22m\u001b[2mnode_modules/react-dom/cjs/react-dom.development.js\u001b[2m:15486:18)\u001b[22m\u001b[2m\u001b[22m\n\u001b[2m      \u001b[2mat mountIndeterminateComponent (\u001b[22m\u001b[2mnode_modules/react-dom/cjs/react-dom.development.js\u001b[2m:20103:13)\u001b[22m\u001b[2m\u001b[22m\n\u001b[2m      \u001b[2mat beginWork (\u001b[22m\u001b[2mnode_modules/react-dom/cjs/react-dom.development.js\u001b[2m:21626:16)\u001b[22m\u001b[2m\u001b[22m\n\u001b[2m      \u001b[2mat beginWork$1 (\u001b[22m\u001b[2mnode_modules/react-dom/cjs/react-dom.development.js\u001b[2m:27465:14)\u001b[22m\u001b[2m\u001b[22m\n\u001b[2m      \u001b[2mat performUnitOfWork (\u001b[22m\u001b[2mnode_modules/react-dom/cjs/react-dom.development.js\u001b[2m:26599:12)\u001b[22m\u001b[2m\u001b[22m\n\u001b[2m      \u001b[2mat workLoopSync (\u001b[22m\u001b[2mnode_modules/react-dom/cjs/react-dom.development.js\u001b[2m:26505:5)\u001b[22m\u001b[2m\u001b[22m\n\u001b[2m      \u001b[2mat renderRootSync (\u001b[22m\u001b[2mnode_modules/react-dom/cjs/react-dom.development.js\u001b[2m:26473:7)\u001b[22m\u001b[2m\u001b[22m\n\u001b[2m      \u001b[2mat recoverFromConcurrentError (\u001b[22m\u001b[2mnode_modules/react-dom/cjs/react-dom.development.js\u001b[2m:25889:20)\u001b[22m\u001b[2m\u001b[22m\n\u001b[2m      \u001b[2mat performConcurrentWorkOnRoot (\u001b[22m\u001b[2mnode_modules/react-dom/cjs/react-dom.development.js\u001b[2m:25789:22)\u001b[22m\u001b[2m\u001b[22m\n\u001b[2m      \u001b[2mat flushActQueue (\u001b[22m\u001b[2mnode_modules/react/cjs/react.development.js\u001b[2m:2667:24)\u001b[22m\u001b[2m\u001b[22m\n\u001b[2m      \u001b[2mat act (\u001b[22m\u001b[2mnode_modules/react/cjs/react.development.js\u001b[2m:2582:11)\u001b[22m\u001b[2m\u001b[22m\n\u001b[2m      \u001b[2mat \u001b[22m\u001b[2mnode_modules/@testing-library/react/dist/act-compat.js\u001b[2m:47:25\u001b[22m\u001b[2m\u001b[22m\n\u001b[2m      \u001b[2mat renderRoot (\u001b[22m\u001b[2mnode_modules/@testing-library/react/dist/pure.js\u001b[2m:190:26)\u001b[22m\u001b[2m\u001b[22m\n\u001b[2m      \u001b[2mat render (\u001b[22m\u001b[2mnode_modules/@testing-library/react/dist/pure.js\u001b[2m:292:10)\u001b[22m\u001b[2m\u001b[22m\n\u001b[2m      \u001b[2mat Object.<anonymous> (C:\\Users\\leovp\\Programming\\adorador\\adorador-frontend\\src\\app\\(public)\u001b[22m\u001b[2m../../../../../grupos/[bandId]/eventos/[eventId]/en-vivo/_components/addSongToEvent/__tests__/AddNewSongtoChurchAndEvent.test.tsx\u001b[2m:299:32)\u001b[22m\u001b[2m\u001b[22m\n\n\u001b[1m\u001b[31m  \u001b[1m● \u001b[22m\u001b[1mAddNewSongtoChurchAndEvent › should show loading state when creating\u001b[39m\u001b[22m\n\n    No QueryClient set, use QueryClientProvider to set one\n\u001b[2m\u001b[22m\n\u001b[2m    \u001b[0m \u001b[90m 35 |\u001b[39m   enabled \u001b[33m=\u001b[39m \u001b[36mtrue\u001b[39m\u001b[33m,\u001b[39m\u001b[22m\n\u001b[2m     \u001b[90m 36 |\u001b[39m }\u001b[33m:\u001b[39m \u001b[33mUseBandSongsWebSocketProps\u001b[39m \u001b[33m=\u001b[39m {}) \u001b[33m=>\u001b[39m {\u001b[22m\n\u001b[2m    \u001b[31m\u001b[1m>\u001b[22m\u001b[2m\u001b[39m\u001b[90m 37 |\u001b[39m   \u001b[36mconst\u001b[39m queryClient \u001b[33m=\u001b[39m useQueryClient()\u001b[33m;\u001b[39m\u001b[22m\n\u001b[2m     \u001b[90m    |\u001b[39m                                     \u001b[31m\u001b[1m^\u001b[22m\u001b[2m\u001b[39m\u001b[22m\n\u001b[2m     \u001b[90m 38 |\u001b[39m   \u001b[36mconst\u001b[39m socketRef \u001b[33m=\u001b[39m useRef\u001b[33m<\u001b[39m\u001b[33mSocket\u001b[39m \u001b[33m|\u001b[39m \u001b[36mnull\u001b[39m\u001b[33m>\u001b[39m(\u001b[36mnull\u001b[39m)\u001b[33m;\u001b[39m\u001b[22m\n\u001b[2m     \u001b[90m 39 |\u001b[39m\u001b[22m\n\u001b[2m     \u001b[90m 40 |\u001b[39m   useEffect(() \u001b[33m=>\u001b[39m {\u001b[0m\u001b[22m\n\u001b[2m\u001b[22m\n\u001b[2m      \u001b[2mat useQueryClient (\u001b[22m\u001b[2mnode_modules/@tanstack/react-query/src/QueryClientProvider.tsx\u001b[2m:18:11)\u001b[22m\u001b[2m\u001b[22m\n\u001b[2m      \u001b[2mat useBandSongsWebSocket (\u001b[22m\u001b[2msrc/global/hooks/useBandSongsWebSocket.ts\u001b[2m:37:37)\u001b[22m\u001b[2m\u001b[22m\n\u001b[2m      \u001b[2mat AddNewSongtoChurchAndEvent (C:\\Users\\leovp\\Programming\\adorador\\adorador-frontend\\src\\app\\(public)\u001b[22m\u001b[2m../../../../../grupos/[bandId]/eventos/[eventId]/en-vivo/_components/addSongToEvent/AddNewSongtoChurchAndEvent.tsx\u001b[2m:38:24)\u001b[22m\u001b[2m\u001b[22m\n\u001b[2m      \u001b[2mat renderWithHooks (\u001b[22m\u001b[2mnode_modules/react-dom/cjs/react-dom.development.js\u001b[2m:15486:18)\u001b[22m\u001b[2m\u001b[22m\n\u001b[2m      \u001b[2mat mountIndeterminateComponent (\u001b[22m\u001b[2mnode_modules/react-dom/cjs/react-dom.development.js\u001b[2m:20103:13)\u001b[22m\u001b[2m\u001b[22m\n\u001b[2m      \u001b[2mat beginWork (\u001b[22m\u001b[2mnode_modules/react-dom/cjs/react-dom.development.js\u001b[2m:21626:16)\u001b[22m\u001b[2m\u001b[22m\n\u001b[2m      \u001b[2mat beginWork$1 (\u001b[22m\u001b[2mnode_modules/react-dom/cjs/react-dom.development.js\u001b[2m:27465:14)\u001b[22m\u001b[2m\u001b[22m\n\u001b[2m      \u001b[2mat performUnitOfWork (\u001b[22m\u001b[2mnode_modules/react-dom/cjs/react-dom.development.js\u001b[2m:26599:12)\u001b[22m\u001b[2m\u001b[22m\n\u001b[2m      \u001b[2mat workLoopSync (\u001b[22m\u001b[2mnode_modules/react-dom/cjs/react-dom.development.js\u001b[2m:26505:5)\u001b[22m\u001b[2m\u001b[22m\n\u001b[2m      \u001b[2mat renderRootSync (\u001b[22m\u001b[2mnode_modules/react-dom/cjs/react-dom.development.js\u001b[2m:26473:7)\u001b[22m\u001b[2m\u001b[22m\n\u001b[2m      \u001b[2mat recoverFromConcurrentError (\u001b[22m\u001b[2mnode_modules/react-dom/cjs/react-dom.development.js\u001b[2m:25889:20)\u001b[22m\u001b[2m\u001b[22m\n\u001b[2m      \u001b[2mat performConcurrentWorkOnRoot (\u001b[22m\u001b[2mnode_modules/react-dom/cjs/react-dom.development.js\u001b[2m:25789:22)\u001b[22m\u001b[2m\u001b[22m\n\u001b[2m      \u001b[2mat flushActQueue (\u001b[22m\u001b[2mnode_modules/react/cjs/react.development.js\u001b[2m:2667:24)\u001b[22m\u001b[2m\u001b[22m\n\u001b[2m      \u001b[2mat act (\u001b[22m\u001b[2mnode_modules/react/cjs/react.development.js\u001b[2m:2582:11)\u001b[22m\u001b[2m\u001b[22m\n\u001b[2m      \u001b[2mat \u001b[22m\u001b[2mnode_modules/@testing-library/react/dist/act-compat.js\u001b[2m:47:25\u001b[22m\u001b[2m\u001b[22m\n\u001b[2m      \u001b[2mat renderRoot (\u001b[22m\u001b[2mnode_modules/@testing-library/react/dist/pure.js\u001b[2m:190:26)\u001b[22m\u001b[2m\u001b[22m\n\u001b[2m      \u001b[2mat render (\u001b[22m\u001b[2mnode_modules/@testing-library/react/dist/pure.js\u001b[2m:292:10)\u001b[22m\u001b[2m\u001b[22m\n\u001b[2m      \u001b[2mat Object.<anonymous> (C:\\Users\\leovp\\Programming\\adorador\\adorador-frontend\\src\\app\\(public)\u001b[22m\u001b[2m../../../../../grupos/[bandId]/eventos/[eventId]/en-vivo/_components/addSongToEvent/__tests__/AddNewSongtoChurchAndEvent.test.tsx\u001b[2m:364:11)\u001b[22m\u001b[2m\u001b[22m\n\n\u001b[1m\u001b[31m  \u001b[1m● \u001b[22m\u001b[1mAddNewSongtoChurchAndEvent › should call onClose when clicking cancel button\u001b[39m\u001b[22m\n\n    No QueryClient set, use QueryClientProvider to set one\n\u001b[2m\u001b[22m\n\u001b[2m    \u001b[0m \u001b[90m 35 |\u001b[39m   enabled \u001b[33m=\u001b[39m \u001b[36mtrue\u001b[39m\u001b[33m,\u001b[39m\u001b[22m\n\u001b[2m     \u001b[90m 36 |\u001b[39m }\u001b[33m:\u001b[39m \u001b[33mUseBandSongsWebSocketProps\u001b[39m \u001b[33m=\u001b[39m {}) \u001b[33m=>\u001b[39m {\u001b[22m\n\u001b[2m    \u001b[31m\u001b[1m>\u001b[22m\u001b[2m\u001b[39m\u001b[90m 37 |\u001b[39m   \u001b[36mconst\u001b[39m queryClient \u001b[33m=\u001b[39m useQueryClient()\u001b[33m;\u001b[39m\u001b[22m\n\u001b[2m     \u001b[90m    |\u001b[39m                                     \u001b[31m\u001b[1m^\u001b[22m\u001b[2m\u001b[39m\u001b[22m\n\u001b[2m     \u001b[90m 38 |\u001b[39m   \u001b[36mconst\u001b[39m socketRef \u001b[33m=\u001b[39m useRef\u001b[33m<\u001b[39m\u001b[33mSocket\u001b[39m \u001b[33m|\u001b[39m \u001b[36mnull\u001b[39m\u001b[33m>\u001b[39m(\u001b[36mnull\u001b[39m)\u001b[33m;\u001b[39m\u001b[22m\n\u001b[2m     \u001b[90m 39 |\u001b[39m\u001b[22m\n\u001b[2m     \u001b[90m 40 |\u001b[39m   useEffect(() \u001b[33m=>\u001b[39m {\u001b[0m\u001b[22m\n\u001b[2m\u001b[22m\n\u001b[2m      \u001b[2mat useQueryClient (\u001b[22m\u001b[2mnode_modules/@tanstack/react-query/src/QueryClientProvider.tsx\u001b[2m:18:11)\u001b[22m\u001b[2m\u001b[22m\n\u001b[2m      \u001b[2mat useBandSongsWebSocket (\u001b[22m\u001b[2msrc/global/hooks/useBandSongsWebSocket.ts\u001b[2m:37:37)\u001b[22m\u001b[2m\u001b[22m\n\u001b[2m      \u001b[2mat AddNewSongtoChurchAndEvent (C:\\Users\\leovp\\Programming\\adorador\\adorador-frontend\\src\\app\\(public)\u001b[22m\u001b[2m../../../../../grupos/[bandId]/eventos/[eventId]/en-vivo/_components/addSongToEvent/AddNewSongtoChurchAndEvent.tsx\u001b[2m:38:24)\u001b[22m\u001b[2m\u001b[22m\n\u001b[2m      \u001b[2mat renderWithHooks (\u001b[22m\u001b[2mnode_modules/react-dom/cjs/react-dom.development.js\u001b[2m:15486:18)\u001b[22m\u001b[2m\u001b[22m\n\u001b[2m      \u001b[2mat mountIndeterminateComponent (\u001b[22m\u001b[2mnode_modules/react-dom/cjs/react-dom.development.js\u001b[2m:20103:13)\u001b[22m\u001b[2m\u001b[22m\n\u001b[2m      \u001b[2mat beginWork (\u001b[22m\u001b[2mnode_modules/react-dom/cjs/react-dom.development.js\u001b[2m:21626:16)\u001b[22m\u001b[2m\u001b[22m\n\u001b[2m      \u001b[2mat beginWork$1 (\u001b[22m\u001b[2mnode_modules/react-dom/cjs/react-dom.development.js\u001b[2m:27465:14)\u001b[22m\u001b[2m\u001b[22m\n\u001b[2m      \u001b[2mat performUnitOfWork (\u001b[22m\u001b[2mnode_modules/react-dom/cjs/react-dom.development.js\u001b[2m:26599:12)\u001b[22m\u001b[2m\u001b[22m\n\u001b[2m      \u001b[2mat workLoopSync (\u001b[22m\u001b[2mnode_modules/react-dom/cjs/react-dom.development.js\u001b[2m:26505:5)\u001b[22m\u001b[2m\u001b[22m\n\u001b[2m      \u001b[2mat renderRootSync (\u001b[22m\u001b[2mnode_modules/react-dom/cjs/react-dom.development.js\u001b[2m:26473:7)\u001b[22m\u001b[2m\u001b[22m\n\u001b[2m      \u001b[2mat recoverFromConcurrentError (\u001b[22m\u001b[2mnode_modules/react-dom/cjs/react-dom.development.js\u001b[2m:25889:20)\u001b[22m\u001b[2m\u001b[22m\n\u001b[2m      \u001b[2mat performConcurrentWorkOnRoot (\u001b[22m\u001b[2mnode_modules/react-dom/cjs/react-dom.development.js\u001b[2m:25789:22)\u001b[22m\u001b[2m\u001b[22m\n\u001b[2m      \u001b[2mat flushActQueue (\u001b[22m\u001b[2mnode_modules/react/cjs/react.development.js\u001b[2m:2667:24)\u001b[22m\u001b[2m\u001b[22m\n\u001b[2m      \u001b[2mat act (\u001b[22m\u001b[2mnode_modules/react/cjs/react.development.js\u001b[2m:2582:11)\u001b[22m\u001b[2m\u001b[22m\n\u001b[2m      \u001b[2mat \u001b[22m\u001b[2mnode_modules/@testing-library/react/dist/act-compat.js\u001b[2m:47:25\u001b[22m\u001b[2m\u001b[22m\n\u001b[2m      \u001b[2mat renderRoot (\u001b[22m\u001b[2mnode_modules/@testing-library/react/dist/pure.js\u001b[2m:190:26)\u001b[22m\u001b[2m\u001b[22m\n\u001b[2m      \u001b[2mat render (\u001b[22m\u001b[2mnode_modules/@testing-library/react/dist/pure.js\u001b[2m:292:10)\u001b[22m\u001b[2m\u001b[22m\n\u001b[2m      \u001b[2mat Object.<anonymous> (C:\\Users\\leovp\\Programming\\adorador\\adorador-frontend\\src\\app\\(public)\u001b[22m\u001b[2m../../../../../grupos/[bandId]/eventos/[eventId]/en-vivo/_components/addSongToEvent/__tests__/AddNewSongtoChurchAndEvent.test.tsx\u001b[2m:379:11)\u001b[22m\u001b[2m\u001b[22m\n","name":"C:\\Users\\leovp\\Programming\\adorador\\adorador-frontend\\src\\app\\(public)\\grupos\\[bandId]\\eventos\\[eventId]\\en-vivo\\_components\\addSongToEvent\\__tests__\\AddNewSongtoChurchAndEvent.test.tsx","startTime":1763189467858,"status":"failed","summary":""},{"assertionResults":[{"ancestorTitles":["LyricsTextEditor"],"duration":476,"failing":false,"failureDetails":[],"failureMessages":[],"fullName":"LyricsTextEditor should render the editor with instructions","invocations":1,"location":null,"numPassingAsserts":3,"retryReasons":[],"startAt":1763189528797,"status":"passed","title":"should render the editor with instructions"},{"ancestorTitles":["LyricsTextEditor"],"duration":93,"failing":false,"failureDetails":[],"failureMessages":[],"fullName":"LyricsTextEditor should display example with correct format","invocations":1,"location":null,"numPassingAsserts":2,"retryReasons":[],"startAt":1763189529276,"status":"passed","title":"should display example with correct format"},{"ancestorTitles":["LyricsTextEditor"],"duration":144,"failing":false,"failureDetails":[],"failureMessages":[],"fullName":"LyricsTextEditor should load saved lyrics from localStorage on mount","invocations":1,"location":null,"numPassingAsserts":1,"retryReasons":[],"startAt":1763189529370,"status":"passed","title":"should load saved lyrics from localStorage on mount"},{"ancestorTitles":["LyricsTextEditor"],"duration":161,"failing":false,"failureDetails":[],"failureMessages":[],"fullName":"LyricsTextEditor should load initialText in edit mode","invocations":1,"location":null,"numPassingAsserts":1,"retryReasons":[],"startAt":1763189529514,"status":"passed","title":"should load initialText in edit mode"},{"ancestorTitles":["LyricsTextEditor"],"duration":81,"failing":false,"failureDetails":[],"failureMessages":[],"fullName":"LyricsTextEditor should prioritize localStorage over initialText in edit mode","invocations":1,"location":null,"numPassingAsserts":1,"retryReasons":[],"startAt":1763189529676,"status":"passed","title":"should prioritize localStorage over initialText in edit mode"},{"ancestorTitles":["LyricsTextEditor"],"duration":70,"failing":false,"failureDetails":[],"failureMessages":[],"fullName":"LyricsTextEditor should update textarea value when typing","invocations":1,"location":null,"numPassingAsserts":1,"retryReasons":[],"startAt":1763189529758,"status":"passed","title":"should update textarea value when typing"},{"ancestorTitles":["LyricsTextEditor"],"duration":1235,"failing":false,"failureDetails":[],"failureMessages":[],"fullName":"LyricsTextEditor should auto-save to localStorage after typing","invocations":1,"location":null,"numPassingAsserts":1,"retryReasons":[],"startAt":1763189529828,"status":"passed","title":"should auto-save to localStorage after typing"},{"ancestorTitles":["LyricsTextEditor"],"duration":1189,"failing":false,"failureDetails":[],"failureMessages":[],"fullName":"LyricsTextEditor should show saving indicator while auto-saving","invocations":1,"location":null,"numPassingAsserts":1,"retryReasons":[],"startAt":1763189531064,"status":"passed","title":"should show saving indicator while auto-saving"},{"ancestorTitles":["LyricsTextEditor"],"duration":56,"failing":false,"failureDetails":[],"failureMessages":[],"fullName":"LyricsTextEditor should disable submit button when text is empty","invocations":1,"location":null,"numPassingAsserts":1,"retryReasons":[],"startAt":1763189532254,"status":"passed","title":"should disable submit button when text is empty"},{"ancestorTitles":["LyricsTextEditor"],"duration":72,"failing":false,"failureDetails":[],"failureMessages":[],"fullName":"LyricsTextEditor should enable submit button when text is not empty","invocations":1,"location":null,"numPassingAsserts":1,"retryReasons":[],"startAt":1763189532311,"status":"passed","title":"should enable submit button when text is not empty"},{"ancestorTitles":["LyricsTextEditor"],"duration":122,"failing":false,"failureDetails":[],"failureMessages":[],"fullName":"LyricsTextEditor should disable submit button when text is empty","invocations":1,"location":null,"numPassingAsserts":1,"retryReasons":[],"startAt":1763189532391,"status":"passed","title":"should disable submit button when text is empty"},{"ancestorTitles":["LyricsTextEditor"],"duration":106,"failing":false,"failureDetails":[],"failureMessages":[],"fullName":"LyricsTextEditor should display all instruction items","invocations":1,"location":null,"numPassingAsserts":5,"retryReasons":[],"startAt":1763189532515,"status":"passed","title":"should display all instruction items"},{"ancestorTitles":["LyricsTextEditor"],"duration":145,"failing":false,"failureDetails":[],"failureMessages":[],"fullName":"LyricsTextEditor should apply correct CSS classes to textarea","invocations":1,"location":null,"numPassingAsserts":1,"retryReasons":[],"startAt":1763189532622,"status":"passed","title":"should apply correct CSS classes to textarea"},{"ancestorTitles":["LyricsTextEditor"],"duration":76,"failing":false,"failureDetails":[],"failureMessages":[],"fullName":"LyricsTextEditor should center content with max-width","invocations":1,"location":null,"numPassingAsserts":1,"retryReasons":[],"startAt":1763189532770,"status":"passed","title":"should center content with max-width"},{"ancestorTitles":["LyricsTextEditor"],"duration":1599,"failing":false,"failureDetails":[],"failureMessages":[],"fullName":"LyricsTextEditor should not auto-save when text is empty","invocations":1,"location":null,"numPassingAsserts":1,"retryReasons":[],"startAt":1763189532847,"status":"passed","title":"should not auto-save when text is empty"},{"ancestorTitles":["LyricsTextEditor"],"duration":1096,"failing":false,"failureDetails":[],"failureMessages":[],"fullName":"LyricsTextEditor should update last saved time after auto-save","invocations":1,"location":null,"numPassingAsserts":1,"retryReasons":[],"startAt":1763189534447,"status":"passed","title":"should update last saved time after auto-save"},{"ancestorTitles":["LyricsTextEditor"],"duration":84,"failing":false,"failureDetails":[],"failureMessages":[],"fullName":"LyricsTextEditor should have spellCheck disabled on textarea","invocations":1,"location":null,"numPassingAsserts":1,"retryReasons":[],"startAt":1763189535544,"status":"passed","title":"should have spellCheck disabled on textarea"},{"ancestorTitles":["LyricsTextEditor"],"duration":74,"failing":false,"failureDetails":[],"failureMessages":[],"fullName":"LyricsTextEditor should call onClose after successful save","invocations":1,"location":null,"numPassingAsserts":1,"retryReasons":[],"startAt":1763189535629,"status":"passed","title":"should call onClose after successful save"}],"endTime":1763189535716,"message":"","name":"C:\\Users\\leovp\\Programming\\adorador\\adorador-frontend\\src\\app\\(public)\\grupos\\[bandId]\\canciones\\[songId]\\_components\\__tests__\\LyricsTextEditor.test.tsx","startTime":1763189497973,"status":"passed","summary":""},{"assertionResults":[{"ancestorTitles":["SongsOfBand - Table Structure"],"duration":1559,"failing":false,"failureDetails":[],"failureMessages":[],"fullName":"SongsOfBand - Table Structure should render as a table structure","invocations":1,"location":null,"numPassingAsserts":1,"retryReasons":[],"startAt":1763189529105,"status":"passed","title":"should render as a table structure"},{"ancestorTitles":["SongsOfBand - Table Structure"],"duration":467,"failing":false,"failureDetails":[],"failureMessages":[],"fullName":"SongsOfBand - Table Structure should have correct table headers in desktop","invocations":1,"location":null,"numPassingAsserts":7,"retryReasons":[],"startAt":1763189530668,"status":"passed","title":"should have correct table headers in desktop"},{"ancestorTitles":["SongsOfBand - Table Structure"],"duration":590,"failing":false,"failureDetails":[],"failureMessages":[],"fullName":"SongsOfBand - Table Structure should display all songs in rows","invocations":1,"location":null,"numPassingAsserts":3,"retryReasons":[],"startAt":1763189531135,"status":"passed","title":"should display all songs in rows"},{"ancestorTitles":["SongsOfBand - Table Structure"],"duration":418,"failing":false,"failureDetails":[],"failureMessages":[],"fullName":"SongsOfBand - Table Structure should show artist information","invocations":1,"location":null,"numPassingAsserts":3,"retryReasons":[],"startAt":1763189531726,"status":"passed","title":"should show artist information"},{"ancestorTitles":["SongsOfBand - Table Structure"],"duration":232,"failing":false,"failureDetails":[],"failureMessages":[],"fullName":"SongsOfBand - Table Structure should show key/tonality information","invocations":1,"location":null,"numPassingAsserts":3,"retryReasons":[],"startAt":1763189532145,"status":"passed","title":"should show key/tonality information"},{"ancestorTitles":["SongsOfBand - Table Structure"],"duration":364,"failing":false,"failureDetails":[],"failureMessages":[],"fullName":"SongsOfBand - Table Structure should show event count","invocations":1,"location":null,"numPassingAsserts":3,"retryReasons":[],"startAt":1763189532378,"status":"passed","title":"should show event count"},{"ancestorTitles":["SongsOfBand - Table Structure"],"duration":375,"failing":false,"failureDetails":[],"failureMessages":[],"fullName":"SongsOfBand - Table Structure should indicate when a song has no lyrics","invocations":1,"location":null,"numPassingAsserts":1,"retryReasons":[],"startAt":1763189532743,"status":"passed","title":"should indicate when a song has no lyrics"},{"ancestorTitles":["SongsOfBand - Table Structure"],"duration":151,"failing":false,"failureDetails":[],"failureMessages":[],"fullName":"SongsOfBand - Table Structure should have action menu for each song","invocations":1,"location":null,"numPassingAsserts":1,"retryReasons":[],"startAt":1763189533119,"status":"passed","title":"should have action menu for each song"},{"ancestorTitles":["SongsOfBand - Table Structure"],"duration":970,"failing":false,"failureDetails":[],"failureMessages":[],"fullName":"SongsOfBand - Table Structure should show song action options including \"Editar canción\"","invocations":1,"location":null,"numPassingAsserts":4,"retryReasons":[],"startAt":1763189533273,"status":"passed","title":"should show song action options including \"Editar canción\""},{"ancestorTitles":["SongsOfBand - Search and Filters"],"duration":229,"failing":false,"failureDetails":[],"failureMessages":[],"fullName":"SongsOfBand - Search and Filters should render search input","invocations":1,"location":null,"numPassingAsserts":1,"retryReasons":[],"startAt":1763189534248,"status":"passed","title":"should render search input"},{"ancestorTitles":["SongsOfBand - Search and Filters"],"duration":193,"failing":false,"failureDetails":[],"failureMessages":[],"fullName":"SongsOfBand - Search and Filters should render filter buttons","invocations":1,"location":null,"numPassingAsserts":3,"retryReasons":[],"startAt":1763189534478,"status":"passed","title":"should render filter buttons"},{"ancestorTitles":["SongsOfBand - Search and Filters"],"duration":387,"failing":false,"failureDetails":[],"failureMessages":[],"fullName":"SongsOfBand - Search and Filters should filter songs by search term","invocations":1,"location":null,"numPassingAsserts":3,"retryReasons":[],"startAt":1763189534672,"status":"passed","title":"should filter songs by search term"},{"ancestorTitles":["SongsOfBand - Search and Filters"],"duration":404,"failing":false,"failureDetails":[],"failureMessages":[],"fullName":"SongsOfBand - Search and Filters should filter by worship songs","invocations":1,"location":null,"numPassingAsserts":3,"retryReasons":[],"startAt":1763189535060,"status":"passed","title":"should filter by worship songs"},{"ancestorTitles":["SongsOfBand - Search and Filters"],"duration":408,"failing":false,"failureDetails":[],"failureMessages":[],"fullName":"SongsOfBand - Search and Filters should filter by praise songs","invocations":1,"location":null,"numPassingAsserts":3,"retryReasons":[],"startAt":1763189535464,"status":"passed","title":"should filter by praise songs"},{"ancestorTitles":["SongsOfBand - Search and Filters"],"duration":398,"failing":false,"failureDetails":[],"failureMessages":[],"fullName":"SongsOfBand - Search and Filters should show all songs when clicking \"Todas\"","invocations":1,"location":null,"numPassingAsserts":4,"retryReasons":[],"startAt":1763189535872,"status":"passed","title":"should show all songs when clicking \"Todas\""},{"ancestorTitles":["SongsOfBand - Search and Filters"],"duration":654,"failing":false,"failureDetails":[],"failureMessages":[],"fullName":"SongsOfBand - Search and Filters should show correct count of filtered results","invocations":1,"location":null,"numPassingAsserts":2,"retryReasons":[],"startAt":1763189536271,"status":"passed","title":"should show correct count of filtered results"},{"ancestorTitles":["SongsOfBand - Search and Filters"],"duration":708,"failing":false,"failureDetails":[],"failureMessages":[],"fullName":"SongsOfBand - Search and Filters should show empty state when no results found","invocations":1,"location":null,"numPassingAsserts":2,"retryReasons":[],"startAt":1763189536925,"status":"passed","title":"should show empty state when no results found"},{"ancestorTitles":["SongsOfBand - Search and Filters"],"duration":434,"failing":false,"failureDetails":[],"failureMessages":[],"fullName":"SongsOfBand - Search and Filters should normalize search text (remove accents)","invocations":1,"location":null,"numPassingAsserts":1,"retryReasons":[],"startAt":1763189537633,"status":"passed","title":"should normalize search text (remove accents)"},{"ancestorTitles":["SongsOfBand - Responsive Layout"],"duration":128,"failing":false,"failureDetails":[],"failureMessages":[],"fullName":"SongsOfBand - Responsive Layout should have filter buttons with flex-wrap for mobile responsiveness","invocations":1,"location":null,"numPassingAsserts":1,"retryReasons":[],"startAt":1763189538068,"status":"passed","title":"should have filter buttons with flex-wrap for mobile responsiveness"},{"ancestorTitles":["SongsOfBand - Responsive Layout"],"duration":167,"failing":false,"failureDetails":[],"failureMessages":[],"fullName":"SongsOfBand - Responsive Layout should have whitespace-nowrap on filter buttons to prevent text wrapping","invocations":1,"location":null,"numPassingAsserts":3,"retryReasons":[],"startAt":1763189538196,"status":"passed","title":"should have whitespace-nowrap on filter buttons to prevent text wrapping"},{"ancestorTitles":["SongsOfBand - Responsive Layout"],"duration":159,"failing":false,"failureDetails":[],"failureMessages":[],"fullName":"SongsOfBand - Responsive Layout should have table with max-w-full and overflow-x-auto for mobile scrolling","invocations":1,"location":null,"numPassingAsserts":2,"retryReasons":[],"startAt":1763189538363,"status":"passed","title":"should have table with max-w-full and overflow-x-auto for mobile scrolling"},{"ancestorTitles":["SongsOfBand - Empty State"],"duration":47,"failing":false,"failureDetails":[],"failureMessages":[],"fullName":"SongsOfBand - Empty State should show empty state when no songs exist","invocations":1,"location":null,"numPassingAsserts":2,"retryReasons":[],"startAt":1763189538523,"status":"passed","title":"should show empty state when no songs exist"}],"endTime":1763189538581,"message":"","name":"C:\\Users\\leovp\\Programming\\adorador\\adorador-frontend\\src\\app\\(public)\\grupos\\[bandId]\\canciones\\_components\\__tests__\\SongsOfBand.test.tsx","startTime":1763189500629,"status":"passed","summary":""},{"assertionResults":[{"ancestorTitles":["EventsOfBand - Table Structure"],"duration":1110,"failing":false,"failureDetails":[],"failureMessages":[],"fullName":"EventsOfBand - Table Structure should render as a table structure","invocations":1,"location":null,"numPassingAsserts":1,"retryReasons":[],"startAt":1763189528041,"status":"passed","title":"should render as a table structure"},{"ancestorTitles":["EventsOfBand - Table Structure"],"duration":948,"failing":false,"failureDetails":[],"failureMessages":[],"fullName":"EventsOfBand - Table Structure should have correct table headers in desktop","invocations":1,"location":null,"numPassingAsserts":5,"retryReasons":[],"startAt":1763189529155,"status":"passed","title":"should have correct table headers in desktop"},{"ancestorTitles":["EventsOfBand - Table Structure"],"duration":674,"failing":false,"failureDetails":[],"failureMessages":[],"fullName":"EventsOfBand - Table Structure should display all events in unified table","invocations":1,"location":null,"numPassingAsserts":4,"retryReasons":[],"startAt":1763189530104,"status":"passed","title":"should display all events in unified table"},{"ancestorTitles":["EventsOfBand - Table Structure"],"duration":520,"failing":false,"failureDetails":[],"failureMessages":[],"fullName":"EventsOfBand - Table Structure should show event status indicators","invocations":1,"location":null,"numPassingAsserts":2,"retryReasons":[],"startAt":1763189530779,"status":"passed","title":"should show event status indicators"},{"ancestorTitles":["EventsOfBand - Table Structure"],"duration":530,"failing":false,"failureDetails":[],"failureMessages":[],"fullName":"EventsOfBand - Table Structure should have action menu for each event","invocations":1,"location":null,"numPassingAsserts":1,"retryReasons":[],"startAt":1763189531299,"status":"passed","title":"should have action menu for each event"},{"ancestorTitles":["EventsOfBand - Table Structure"],"duration":1316,"failing":false,"failureDetails":[],"failureMessages":[],"fullName":"EventsOfBand - Table Structure should show \"Ir a evento\" and \"Editar evento\" options in dropdown menu","invocations":1,"location":null,"numPassingAsserts":2,"retryReasons":[],"startAt":1763189531829,"status":"passed","title":"should show \"Ir a evento\" and \"Editar evento\" options in dropdown menu"},{"ancestorTitles":["EventsOfBand - Search and Filters"],"duration":438,"failing":false,"failureDetails":[],"failureMessages":[],"fullName":"EventsOfBand - Search and Filters should render search input","invocations":1,"location":null,"numPassingAsserts":1,"retryReasons":[],"startAt":1763189533146,"status":"passed","title":"should render search input"},{"ancestorTitles":["EventsOfBand - Search and Filters"],"duration":338,"failing":false,"failureDetails":[],"failureMessages":[],"fullName":"EventsOfBand - Search and Filters should render filter buttons","invocations":1,"location":null,"numPassingAsserts":3,"retryReasons":[],"startAt":1763189533584,"status":"passed","title":"should render filter buttons"},{"ancestorTitles":["EventsOfBand - Search and Filters"],"duration":316,"failing":false,"failureDetails":[],"failureMessages":[],"fullName":"EventsOfBand - Search and Filters should filter events by search term","invocations":1,"location":null,"numPassingAsserts":4,"retryReasons":[],"startAt":1763189533923,"status":"passed","title":"should filter events by search term"},{"ancestorTitles":["EventsOfBand - Search and Filters"],"duration":342,"failing":false,"failureDetails":[],"failureMessages":[],"fullName":"EventsOfBand - Search and Filters should filter by upcoming events","invocations":1,"location":null,"numPassingAsserts":4,"retryReasons":[],"startAt":1763189534240,"status":"passed","title":"should filter by upcoming events"},{"ancestorTitles":["EventsOfBand - Search and Filters"],"duration":434,"failing":false,"failureDetails":[],"failureMessages":[],"fullName":"EventsOfBand - Search and Filters should filter by past events","invocations":1,"location":null,"numPassingAsserts":4,"retryReasons":[],"startAt":1763189534583,"status":"passed","title":"should filter by past events"},{"ancestorTitles":["EventsOfBand - Search and Filters"],"duration":1091,"failing":false,"failureDetails":[],"failureMessages":[],"fullName":"EventsOfBand - Search and Filters should show all events when clicking \"Todos\"","invocations":1,"location":null,"numPassingAsserts":5,"retryReasons":[],"startAt":1763189535019,"status":"passed","title":"should show all events when clicking \"Todos\""},{"ancestorTitles":["EventsOfBand - Search and Filters"],"duration":448,"failing":false,"failureDetails":[],"failureMessages":[],"fullName":"EventsOfBand - Search and Filters should show correct count of filtered results","invocations":1,"location":null,"numPassingAsserts":2,"retryReasons":[],"startAt":1763189536111,"status":"passed","title":"should show correct count of filtered results"},{"ancestorTitles":["EventsOfBand - Search and Filters"],"duration":355,"failing":false,"failureDetails":[],"failureMessages":[],"fullName":"EventsOfBand - Search and Filters should show empty state when no results found","invocations":1,"location":null,"numPassingAsserts":2,"retryReasons":[],"startAt":1763189536560,"status":"passed","title":"should show empty state when no results found"},{"ancestorTitles":["EventsOfBand - Search and Filters"],"duration":302,"failing":false,"failureDetails":[],"failureMessages":[],"fullName":"EventsOfBand - Search and Filters should normalize search text (remove accents)","invocations":1,"location":null,"numPassingAsserts":1,"retryReasons":[],"startAt":1763189536915,"status":"passed","title":"should normalize search text (remove accents)"},{"ancestorTitles":["EventsOfBand - Search and Filters"],"duration":456,"failing":false,"failureDetails":[],"failureMessages":[],"fullName":"EventsOfBand - Search and Filters should not show AddEventButton in empty state when filters are active","invocations":1,"location":null,"numPassingAsserts":1,"retryReasons":[],"startAt":1763189537218,"status":"passed","title":"should not show AddEventButton in empty state when filters are active"},{"ancestorTitles":["EventsOfBand - Empty State"],"duration":81,"failing":false,"failureDetails":[],"failureMessages":[],"fullName":"EventsOfBand - Empty State should show empty state when no events exist","invocations":1,"location":null,"numPassingAsserts":2,"retryReasons":[],"startAt":1763189537674,"status":"passed","title":"should show empty state when no events exist"},{"ancestorTitles":["EventsOfBand - Empty State"],"duration":25,"failing":false,"failureDetails":[],"failureMessages":[],"fullName":"EventsOfBand - Empty State should show AddEventButton in empty state when no filters","invocations":1,"location":null,"numPassingAsserts":1,"retryReasons":[],"startAt":1763189537756,"status":"passed","title":"should show AddEventButton in empty state when no filters"},{"ancestorTitles":["EventsOfBand - Responsive Layout"],"duration":296,"failing":false,"failureDetails":[],"failureMessages":[],"fullName":"EventsOfBand - Responsive Layout should have filter buttons with flex-wrap for mobile responsiveness","invocations":1,"location":null,"numPassingAsserts":1,"retryReasons":[],"startAt":1763189537789,"status":"passed","title":"should have filter buttons with flex-wrap for mobile responsiveness"},{"ancestorTitles":["EventsOfBand - Responsive Layout"],"duration":513,"failing":false,"failureDetails":[],"failureMessages":[],"fullName":"EventsOfBand - Responsive Layout should have whitespace-nowrap on filter buttons to prevent text wrapping","invocations":1,"location":null,"numPassingAsserts":3,"retryReasons":[],"startAt":1763189538085,"status":"passed","title":"should have whitespace-nowrap on filter buttons to prevent text wrapping"},{"ancestorTitles":["EventsOfBand - Responsive Layout"],"duration":224,"failing":false,"failureDetails":[],"failureMessages":[],"fullName":"EventsOfBand - Responsive Layout should have table with max-w-full and overflow-x-auto for mobile scrolling","invocations":1,"location":null,"numPassingAsserts":2,"retryReasons":[],"startAt":1763189538598,"status":"passed","title":"should have table with max-w-full and overflow-x-auto for mobile scrolling"},{"ancestorTitles":["EventsOfBand - Sorting"],"duration":259,"failing":false,"failureDetails":[],"failureMessages":[],"fullName":"EventsOfBand - Sorting should show upcoming events first when showing all","invocations":1,"location":null,"numPassingAsserts":1,"retryReasons":[],"startAt":1763189538823,"status":"passed","title":"should show upcoming events first when showing all"}],"endTime":1763189539095,"message":"","name":"C:\\Users\\leovp\\Programming\\adorador\\adorador-frontend\\src\\app\\(public)\\grupos\\[bandId]\\eventos\\_components\\__tests__\\EventsOfBand.test.tsx","startTime":1763189497924,"status":"passed","summary":""},{"assertionResults":[{"ancestorTitles":["BandCard","Renderizado básico"],"duration":307,"failing":false,"failureDetails":[],"failureMessages":[],"fullName":"BandCard Renderizado básico debe renderizar el nombre del grupo","invocations":1,"location":null,"numPassingAsserts":1,"retryReasons":[],"startAt":1763189546298,"status":"passed","title":"debe renderizar el nombre del grupo"},{"ancestorTitles":["BandCard","Renderizado básico"],"duration":119,"failing":false,"failureDetails":[],"failureMessages":[],"fullName":"BandCard Renderizado básico debe mostrar las estadísticas del grupo (eventos, canciones, miembros)","invocations":1,"location":null,"numPassingAsserts":3,"retryReasons":[],"startAt":1763189546608,"status":"passed","title":"debe mostrar las estadísticas del grupo (eventos, canciones, miembros)"},{"ancestorTitles":["BandCard","Renderizado básico"],"duration":166,"failing":false,"failureDetails":[],"failureMessages":[],"fullName":"BandCard Renderizado básico debe mostrar el botón \"Administrar Grupo\" siempre","invocations":1,"location":null,"numPassingAsserts":2,"retryReasons":[],"startAt":1763189546728,"status":"passed","title":"debe mostrar el botón \"Administrar Grupo\" siempre"},{"ancestorTitles":["BandCard","Eventos"],"duration":128,"failing":false,"failureDetails":[],"failureMessages":[],"fullName":"BandCard Eventos debe mostrar el primer evento ordenado por fecha","invocations":1,"location":null,"numPassingAsserts":1,"retryReasons":[],"startAt":1763189546895,"status":"passed","title":"debe mostrar el primer evento ordenado por fecha"},{"ancestorTitles":["BandCard","Eventos"],"duration":85,"failing":false,"failureDetails":[],"failureMessages":[],"fullName":"BandCard Eventos debe mostrar el contador de eventos (1/3)","invocations":1,"location":null,"numPassingAsserts":1,"retryReasons":[],"startAt":1763189547024,"status":"passed","title":"debe mostrar el contador de eventos (1/3)"},{"ancestorTitles":["BandCard","Eventos"],"duration":214,"failing":false,"failureDetails":[],"failureMessages":[],"fullName":"BandCard Eventos debe permitir navegar entre eventos con botones anterior/siguiente","invocations":1,"location":null,"numPassingAsserts":5,"retryReasons":[],"startAt":1763189547110,"status":"passed","title":"debe permitir navegar entre eventos con botones anterior/siguiente"},{"ancestorTitles":["BandCard","Eventos"],"duration":82,"failing":false,"failureDetails":[],"failureMessages":[],"fullName":"BandCard Eventos debe deshabilitar botón anterior en el primer evento","invocations":1,"location":null,"numPassingAsserts":1,"retryReasons":[],"startAt":1763189547325,"status":"passed","title":"debe deshabilitar botón anterior en el primer evento"},{"ancestorTitles":["BandCard","Eventos"],"duration":162,"failing":false,"failureDetails":[],"failureMessages":[],"fullName":"BandCard Eventos debe deshabilitar botón siguiente en el último evento","invocations":1,"location":null,"numPassingAsserts":1,"retryReasons":[],"startAt":1763189547407,"status":"passed","title":"debe deshabilitar botón siguiente en el último evento"},{"ancestorTitles":["BandCard","Eventos"],"duration":94,"failing":false,"failureDetails":[],"failureMessages":[],"fullName":"BandCard Eventos debe mostrar \"Ver Evento\" para todos los usuarios cuando hay eventos","invocations":1,"location":null,"numPassingAsserts":2,"retryReasons":[],"startAt":1763189547569,"status":"passed","title":"debe mostrar \"Ver Evento\" para todos los usuarios cuando hay eventos"},{"ancestorTitles":["BandCard","Eventos"],"duration":67,"failing":false,"failureDetails":[],"failureMessages":[],"fullName":"BandCard Eventos NO debe mostrar \"Ver Evento\" cuando no hay eventos","invocations":1,"location":null,"numPassingAsserts":1,"retryReasons":[],"startAt":1763189547663,"status":"passed","title":"NO debe mostrar \"Ver Evento\" cuando no hay eventos"},{"ancestorTitles":["BandCard","Eventos"],"duration":98,"failing":false,"failureDetails":[],"failureMessages":[],"fullName":"BandCard Eventos debe actualizar el link de \"Ver Evento\" al cambiar de evento","invocations":1,"location":null,"numPassingAsserts":2,"retryReasons":[],"startAt":1763189547731,"status":"passed","title":"debe actualizar el link de \"Ver Evento\" al cambiar de evento"},{"ancestorTitles":["BandCard","Permisos de administración"],"duration":128,"failing":false,"failureDetails":[],"failureMessages":[],"fullName":"BandCard Permisos de administración debe mostrar botones de editar y eliminar para usuarios autorizados","invocations":1,"location":null,"numPassingAsserts":2,"retryReasons":[],"startAt":1763189547830,"status":"passed","title":"debe mostrar botones de editar y eliminar para usuarios autorizados"},{"ancestorTitles":["BandCard","Permisos de administración"],"duration":104,"failing":false,"failureDetails":[],"failureMessages":[],"fullName":"BandCard Permisos de administración NO debe mostrar botones de editar y eliminar para usuarios NO autorizados","invocations":1,"location":null,"numPassingAsserts":2,"retryReasons":[],"startAt":1763189547958,"status":"passed","title":"NO debe mostrar botones de editar y eliminar para usuarios NO autorizados"},{"ancestorTitles":["BandCard","Permisos de administración"],"duration":100,"failing":false,"failureDetails":[],"failureMessages":[],"fullName":"BandCard Permisos de administración debe abrir modal de edición al hacer clic en botón editar","invocations":1,"location":null,"numPassingAsserts":1,"retryReasons":[],"startAt":1763189548062,"status":"passed","title":"debe abrir modal de edición al hacer clic en botón editar"},{"ancestorTitles":["BandCard","Permisos de administración"],"duration":67,"failing":false,"failureDetails":[],"failureMessages":[],"fullName":"BandCard Permisos de administración debe abrir modal de eliminación al hacer clic en botón eliminar","invocations":1,"location":null,"numPassingAsserts":1,"retryReasons":[],"startAt":1763189548163,"status":"passed","title":"debe abrir modal de eliminación al hacer clic en botón eliminar"},{"ancestorTitles":["BandCard","Tiempo restante del evento"],"duration":94,"failing":false,"failureDetails":[],"failureMessages":[],"fullName":"BandCard Tiempo restante del evento debe mostrar tiempo restante cuando está disponible y el evento es futuro","invocations":1,"location":null,"numPassingAsserts":1,"retryReasons":[],"startAt":1763189548231,"status":"passed","title":"debe mostrar tiempo restante cuando está disponible y el evento es futuro"},{"ancestorTitles":["BandCard","Tiempo restante del evento"],"duration":73,"failing":false,"failureDetails":[],"failureMessages":[],"fullName":"BandCard Tiempo restante del evento NO debe mostrar tiempo restante cuando es string vacío","invocations":1,"location":null,"numPassingAsserts":1,"retryReasons":[],"startAt":1763189548325,"status":"passed","title":"NO debe mostrar tiempo restante cuando es string vacío"},{"ancestorTitles":["BandCard","Tiempo restante del evento"],"duration":70,"failing":false,"failureDetails":[],"failureMessages":[],"fullName":"BandCard Tiempo restante del evento NO debe mostrar tiempo restante para eventos pasados","invocations":1,"location":null,"numPassingAsserts":2,"retryReasons":[],"startAt":1763189548399,"status":"passed","title":"NO debe mostrar tiempo restante para eventos pasados"},{"ancestorTitles":["BandCard","Indicador de evento actual"],"duration":52,"failing":false,"failureDetails":[],"failureMessages":[],"fullName":"BandCard Indicador de evento actual debe mostrar indicador \"Hoy\" para eventos del día actual","invocations":1,"location":null,"numPassingAsserts":1,"retryReasons":[],"startAt":1763189548469,"status":"passed","title":"debe mostrar indicador \"Hoy\" para eventos del día actual"},{"ancestorTitles":["BandCard","Accesibilidad"],"duration":90,"failing":false,"failureDetails":[],"failureMessages":[],"fullName":"BandCard Accesibilidad debe tener aria-labels apropiados en botones de navegación","invocations":1,"location":null,"numPassingAsserts":2,"retryReasons":[],"startAt":1763189548522,"status":"passed","title":"debe tener aria-labels apropiados en botones de navegación"},{"ancestorTitles":["BandCard","Accesibilidad"],"duration":99,"failing":false,"failureDetails":[],"failureMessages":[],"fullName":"BandCard Accesibilidad debe tener aria-labels en botones de administración","invocations":1,"location":null,"numPassingAsserts":2,"retryReasons":[],"startAt":1763189548612,"status":"passed","title":"debe tener aria-labels en botones de administración"},{"ancestorTitles":["BandCard","Estilos y diseño"],"duration":44,"failing":false,"failureDetails":[],"failureMessages":[],"fullName":"BandCard Estilos y diseño debe tener clases de estilo para el gradiente del header","invocations":1,"location":null,"numPassingAsserts":1,"retryReasons":[],"startAt":1763189548712,"status":"passed","title":"debe tener clases de estilo para el gradiente del header"},{"ancestorTitles":["BandCard","Estilos y diseño"],"duration":49,"failing":false,"failureDetails":[],"failureMessages":[],"fullName":"BandCard Estilos y diseño debe aplicar hover effects en la card","invocations":1,"location":null,"numPassingAsserts":1,"retryReasons":[],"startAt":1763189548757,"status":"passed","title":"debe aplicar hover effects en la card"}],"endTime":1763189548828,"message":"","name":"C:\\Users\\leovp\\Programming\\adorador\\adorador-frontend\\src\\app\\(public)\\grupos\\_components\\__tests__\\BandCard.test.tsx","startTime":1763189540572,"status":"passed","summary":""},{"assertionResults":[{"ancestorTitles":["AddSongEventButton Integration Tests"],"duration":827,"failing":false,"failureDetails":[],"failureMessages":[],"fullName":"AddSongEventButton Integration Tests should keep catalog modal open when popover is closed","invocations":1,"location":null,"numPassingAsserts":5,"retryReasons":[],"startAt":1763189546165,"status":"passed","title":"should keep catalog modal open when popover is closed"},{"ancestorTitles":["AddSongEventButton Integration Tests"],"duration":400,"failing":false,"failureDetails":[],"failureMessages":[],"fullName":"AddSongEventButton Integration Tests should keep new song modal open when popover is closed","invocations":1,"location":null,"numPassingAsserts":5,"retryReasons":[],"startAt":1763189546995,"status":"passed","title":"should keep new song modal open when popover is closed"},{"ancestorTitles":["AddSongEventButton Integration Tests"],"duration":844,"failing":false,"failureDetails":[],"failureMessages":[],"fullName":"AddSongEventButton Integration Tests should allow switching between modals without losing state","invocations":1,"location":null,"numPassingAsserts":7,"retryReasons":[],"startAt":1763189547396,"status":"passed","title":"should allow switching between modals without losing state"},{"ancestorTitles":["AddSongEventButton Integration Tests"],"duration":420,"failing":false,"failureDetails":[],"failureMessages":[],"fullName":"AddSongEventButton Integration Tests should not open both modals at the same time","invocations":1,"location":null,"numPassingAsserts":4,"retryReasons":[],"startAt":1763189548241,"status":"passed","title":"should not open both modals at the same time"},{"ancestorTitles":["AddSongEventButton Integration Tests"],"duration":425,"failing":false,"failureDetails":[],"failureMessages":[],"fullName":"AddSongEventButton Integration Tests should close modal independently of popover state","invocations":1,"location":null,"numPassingAsserts":4,"retryReasons":[],"startAt":1763189548662,"status":"passed","title":"should close modal independently of popover state"},{"ancestorTitles":["AddSongEventButton Integration Tests"],"duration":31,"failing":false,"failureDetails":[],"failureMessages":[],"fullName":"AddSongEventButton Integration Tests should render modals as siblings to popover in component tree","invocations":1,"location":null,"numPassingAsserts":1,"retryReasons":[],"startAt":1763189549088,"status":"passed","title":"should render modals as siblings to popover in component tree"}],"endTime":1763189549126,"message":"","name":"C:\\Users\\leovp\\Programming\\adorador\\adorador-frontend\\src\\app\\(public)\\grupos\\[bandId]\\eventos\\[eventId]\\en-vivo\\_components\\addSongToEvent\\__tests__\\AddSongEventButton.integration.test.tsx","startTime":1763189540690,"status":"passed","summary":""},{"assertionResults":[{"ancestorTitles":["SongListDisplay","Renderizado básico"],"duration":198,"failing":false,"failureDetails":[],"failureMessages":[],"fullName":"SongListDisplay Renderizado básico debe renderizar el título y el contador de canciones","invocations":1,"location":null,"numPassingAsserts":2,"retryReasons":[],"startAt":1763189547257,"status":"passed","title":"debe renderizar el título y el contador de canciones"},{"ancestorTitles":["SongListDisplay","Renderizado básico"],"duration":66,"failing":false,"failureDetails":[],"failureMessages":[],"fullName":"SongListDisplay Renderizado básico debe renderizar todas las canciones","invocations":1,"location":null,"numPassingAsserts":3,"retryReasons":[],"startAt":1763189547457,"status":"passed","title":"debe renderizar todas las canciones"},{"ancestorTitles":["SongListDisplay","Renderizado básico"],"duration":155,"failing":false,"failureDetails":[],"failureMessages":[],"fullName":"SongListDisplay Renderizado básico debe mostrar el número de orden de cada canción","invocations":1,"location":null,"numPassingAsserts":1,"retryReasons":[],"startAt":1763189547524,"status":"passed","title":"debe mostrar el número de orden de cada canción"},{"ancestorTitles":["SongListDisplay","Renderizado básico"],"duration":79,"failing":false,"failureDetails":[],"failureMessages":[],"fullName":"SongListDisplay Renderizado básico debe mostrar el tipo de canción","invocations":1,"location":null,"numPassingAsserts":2,"retryReasons":[],"startAt":1763189547679,"status":"passed","title":"debe mostrar el tipo de canción"},{"ancestorTitles":["SongListDisplay","Renderizado básico"],"duration":62,"failing":false,"failureDetails":[],"failureMessages":[],"fullName":"SongListDisplay Renderizado básico debe mostrar el tono de la canción cuando existe","invocations":1,"location":null,"numPassingAsserts":2,"retryReasons":[],"startAt":1763189547758,"status":"passed","title":"debe mostrar el tono de la canción cuando existe"},{"ancestorTitles":["SongListDisplay","Renderizado básico"],"duration":25,"failing":false,"failureDetails":[],"failureMessages":[],"fullName":"SongListDisplay Renderizado básico no debe mostrar el tono cuando es null","invocations":1,"location":null,"numPassingAsserts":1,"retryReasons":[],"startAt":1763189547820,"status":"passed","title":"no debe mostrar el tono cuando es null"},{"ancestorTitles":["SongListDisplay","Estado vacío"],"duration":31,"failing":false,"failureDetails":[],"failureMessages":[],"fullName":"SongListDisplay Estado vacío debe mostrar mensaje cuando no hay canciones (usuario regular)","invocations":1,"location":null,"numPassingAsserts":2,"retryReasons":[],"startAt":1763189547846,"status":"passed","title":"debe mostrar mensaje cuando no hay canciones (usuario regular)"},{"ancestorTitles":["SongListDisplay","Estado vacío"],"duration":111,"failing":false,"failureDetails":[],"failureMessages":[],"fullName":"SongListDisplay Estado vacío debe mostrar mensaje para agregar canciones (admin)","invocations":1,"location":null,"numPassingAsserts":2,"retryReasons":[],"startAt":1763189547878,"status":"passed","title":"debe mostrar mensaje para agregar canciones (admin)"},{"ancestorTitles":["SongListDisplay","Permisos de administración"],"duration":1166,"failing":false,"failureDetails":[],"failureMessages":[],"fullName":"SongListDisplay Permisos de administración debe mostrar el botón de agregar canción habilitado para administradores","invocations":1,"location":null,"numPassingAsserts":2,"retryReasons":[],"startAt":1763189547989,"status":"passed","title":"debe mostrar el botón de agregar canción habilitado para administradores"},{"ancestorTitles":["SongListDisplay","Permisos de administración"],"duration":82,"failing":false,"failureDetails":[],"failureMessages":[],"fullName":"SongListDisplay Permisos de administración debe mostrar el botón de agregar canción deshabilitado para usuarios regulares","invocations":1,"location":null,"numPassingAsserts":2,"retryReasons":[],"startAt":1763189549156,"status":"passed","title":"debe mostrar el botón de agregar canción deshabilitado para usuarios regulares"},{"ancestorTitles":["SongListDisplay","Estilos y diseño"],"duration":44,"failing":false,"failureDetails":[],"failureMessages":[],"fullName":"SongListDisplay Estilos y diseño debe aplicar estilos de gradiente al título","invocations":1,"location":null,"numPassingAsserts":2,"retryReasons":[],"startAt":1763189549238,"status":"passed","title":"debe aplicar estilos de gradiente al título"},{"ancestorTitles":["SongListDisplay","Estilos y diseño"],"duration":26,"failing":false,"failureDetails":[],"failureMessages":[],"fullName":"SongListDisplay Estilos y diseño debe renderizar tarjetas de canciones con clases apropiadas","invocations":1,"location":null,"numPassingAsserts":2,"retryReasons":[],"startAt":1763189549282,"status":"passed","title":"debe renderizar tarjetas de canciones con clases apropiadas"},{"ancestorTitles":["SongListDisplay","Accesibilidad"],"duration":70,"failing":false,"failureDetails":[],"failureMessages":[],"fullName":"SongListDisplay Accesibilidad debe tener estructura semántica correcta","invocations":1,"location":null,"numPassingAsserts":1,"retryReasons":[],"startAt":1763189549309,"status":"passed","title":"debe tener estructura semántica correcta"},{"ancestorTitles":["SongListDisplay","Accesibilidad"],"duration":51,"failing":false,"failureDetails":[],"failureMessages":[],"fullName":"SongListDisplay Accesibilidad debe renderizar íconos decorativos","invocations":1,"location":null,"numPassingAsserts":1,"retryReasons":[],"startAt":1763189549380,"status":"passed","title":"debe renderizar íconos decorativos"}],"endTime":1763189549448,"message":"","name":"C:\\Users\\leovp\\Programming\\adorador\\adorador-frontend\\src\\app\\(public)\\grupos\\[bandId]\\eventos\\[eventId]\\_components\\__tests__\\SongListDisplay.test.tsx","startTime":1763189538213,"status":"passed","summary":""},{"assertionResults":[{"ancestorTitles":["NotificationBell","Visibilidad y renderizado básico"],"duration":234,"failing":false,"failureDetails":[],"failureMessages":[],"fullName":"NotificationBell Visibilidad y renderizado básico no debe renderizar si el usuario no está logueado","invocations":1,"location":null,"numPassingAsserts":1,"retryReasons":[],"startAt":1763189532829,"status":"passed","title":"no debe renderizar si el usuario no está logueado"},{"ancestorTitles":["NotificationBell","Visibilidad y renderizado básico"],"duration":193,"failing":false,"failureDetails":[],"failureMessages":[],"fullName":"NotificationBell Visibilidad y renderizado básico debe renderizar el botón de notificaciones cuando el usuario está logueado","invocations":1,"location":null,"numPassingAsserts":2,"retryReasons":[],"startAt":1763189533069,"status":"passed","title":"debe renderizar el botón de notificaciones cuando el usuario está logueado"},{"ancestorTitles":["NotificationBell","Visibilidad y renderizado básico"],"duration":48,"failing":false,"failureDetails":[],"failureMessages":[],"fullName":"NotificationBell Visibilidad y renderizado básico debe tener z-index alto para visibilidad en móviles","invocations":1,"location":null,"numPassingAsserts":1,"retryReasons":[],"startAt":1763189533263,"status":"passed","title":"debe tener z-index alto para visibilidad en móviles"},{"ancestorTitles":["NotificationBell","Contador de invitaciones pendientes"],"duration":49,"failing":false,"failureDetails":[],"failureMessages":[],"fullName":"NotificationBell Contador de invitaciones pendientes no debe mostrar badge cuando no hay invitaciones","invocations":1,"location":null,"numPassingAsserts":1,"retryReasons":[],"startAt":1763189533312,"status":"passed","title":"no debe mostrar badge cuando no hay invitaciones"},{"ancestorTitles":["NotificationBell","Contador de invitaciones pendientes"],"duration":140,"failing":false,"failureDetails":[],"failureMessages":[],"fullName":"NotificationBell Contador de invitaciones pendientes debe mostrar badge con el número correcto de invitaciones","invocations":1,"location":null,"numPassingAsserts":2,"retryReasons":[],"startAt":1763189533361,"status":"passed","title":"debe mostrar badge con el número correcto de invitaciones"},{"ancestorTitles":["NotificationBell","Contador de invitaciones pendientes"],"duration":55,"failing":false,"failureDetails":[],"failureMessages":[],"fullName":"NotificationBell Contador de invitaciones pendientes debe mostrar badge rojo visible","invocations":1,"location":null,"numPassingAsserts":1,"retryReasons":[],"startAt":1763189533512,"status":"passed","title":"debe mostrar badge rojo visible"},{"ancestorTitles":["NotificationBell","Popover de invitaciones"],"duration":1433,"failing":false,"failureDetails":[{"errno":-4077,"code":"ECONNRESET","syscall":"read"},{"errno":-4077,"code":"ECONNRESET","syscall":"read"},{"errno":-4077,"code":"ECONNRESET","syscall":"read"},{"errno":-4077,"code":"ECONNRESET","syscall":"read"},{"errno":-4077,"code":"ECONNRESET","syscall":"read"},{"errno":-4077,"code":"ECONNRESET","syscall":"read"},{"errno":-4077,"code":"ECONNRESET","syscall":"read"},{"errno":-4077,"code":"ECONNRESET","syscall":"read"},{"errno":-4077,"code":"ECONNRESET","syscall":"read"},{"errno":-4077,"code":"ECONNRESET","syscall":"read"},{"errno":-4077,"code":"ECONNRESET","syscall":"read"},{"errno":-4077,"code":"ECONNRESET","syscall":"read"},{"errno":-4077,"code":"ECONNRESET","syscall":"read"},{"errno":-4077,"code":"ECONNRESET","syscall":"read"},{"errno":-4077,"code":"ECONNRESET","syscall":"read"},{"errno":-4077,"code":"ECONNRESET","syscall":"read"},{"errno":-4077,"code":"ECONNRESET","syscall":"read"},{"errno":-4077,"code":"ECONNRESET","syscall":"read"},{"errno":-4077,"code":"ECONNRESET","syscall":"read"},{"errno":-4077,"code":"ECONNRESET","syscall":"read"},{"errno":-4077,"code":"ECONNRESET","syscall":"read"}],"failureMessages":["Error: read ECONNRESET\n    at TCP.onStreamRead (node:internal/stream_base_commons:217:20)\n    at TCP.callbackTrampoline (node:internal/async_hooks:130:17)","Error: read ECONNRESET\n    at TCP.onStreamRead (node:internal/stream_base_commons:217:20)\n    at TCP.callbackTrampoline (node:internal/async_hooks:130:17)","Error: read ECONNRESET\n    at TCP.onStreamRead (node:internal/stream_base_commons:217:20)\n    at TCP.callbackTrampoline (node:internal/async_hooks:130:17)","Error: read ECONNRESET\n    at TCP.onStreamRead (node:internal/stream_base_commons:217:20)\n    at TCP.callbackTrampoline (node:internal/async_hooks:130:17)","Error: read ECONNRESET\n    at TCP.onStreamRead (node:internal/stream_base_commons:217:20)\n    at TCP.callbackTrampoline (node:internal/async_hooks:130:17)","Error: read ECONNRESET\n    at TCP.onStreamRead (node:internal/stream_base_commons:217:20)\n    at TCP.callbackTrampoline (node:internal/async_hooks:130:17)","Error: read ECONNRESET\n    at TCP.onStreamRead (node:internal/stream_base_commons:217:20)\n    at TCP.callbackTrampoline (node:internal/async_hooks:130:17)","Error: read ECONNRESET\n    at TCP.onStreamRead (node:internal/stream_base_commons:217:20)\n    at TCP.callbackTrampoline (node:internal/async_hooks:130:17)","Error: read ECONNRESET\n    at TCP.onStreamRead (node:internal/stream_base_commons:217:20)\n    at TCP.callbackTrampoline (node:internal/async_hooks:130:17)","Error: read ECONNRESET\n    at TCP.onStreamRead (node:internal/stream_base_commons:217:20)\n    at TCP.callbackTrampoline (node:internal/async_hooks:130:17)","Error: read ECONNRESET\n    at TCP.onStreamRead (node:internal/stream_base_commons:217:20)\n    at TCP.callbackTrampoline (node:internal/async_hooks:130:17)","Error: read ECONNRESET\n    at TCP.onStreamRead (node:internal/stream_base_commons:217:20)\n    at TCP.callbackTrampoline (node:internal/async_hooks:130:17)","Error: read ECONNRESET\n    at TCP.onStreamRead (node:internal/stream_base_commons:217:20)\n    at TCP.callbackTrampoline (node:internal/async_hooks:130:17)","Error: read ECONNRESET\n    at TCP.onStreamRead (node:internal/stream_base_commons:217:20)\n    at TCP.callbackTrampoline (node:internal/async_hooks:130:17)","Error: read ECONNRESET\n    at TCP.onStreamRead (node:internal/stream_base_commons:217:20)\n    at TCP.callbackTrampoline (node:internal/async_hooks:130:17)","Error: read ECONNRESET\n    at TCP.onStreamRead (node:internal/stream_base_commons:217:20)\n    at TCP.callbackTrampoline (node:internal/async_hooks:130:17)","Error: read ECONNRESET\n    at TCP.onStreamRead (node:internal/stream_base_commons:217:20)\n    at TCP.callbackTrampoline (node:internal/async_hooks:130:17)","Error: read ECONNRESET\n    at TCP.onStreamRead (node:internal/stream_base_commons:217:20)\n    at TCP.callbackTrampoline (node:internal/async_hooks:130:17)","Error: read ECONNRESET\n    at TCP.onStreamRead (node:internal/stream_base_commons:217:20)\n    at TCP.callbackTrampoline (node:internal/async_hooks:130:17)","Error: read ECONNRESET\n    at TCP.onStreamRead (node:internal/stream_base_commons:217:20)\n    at TCP.callbackTrampoline (node:internal/async_hooks:130:17)","Error: read ECONNRESET\n    at TCP.onStreamRead (node:internal/stream_base_commons:217:20)\n    at TCP.callbackTrampoline (node:internal/async_hooks:130:17)"],"fullName":"NotificationBell Popover de invitaciones debe abrir el popover al hacer click en el botón","invocations":1,"location":null,"numPassingAsserts":1,"retryReasons":[],"startAt":1763189533568,"status":"failed","title":"debe abrir el popover al hacer click en el botón"},{"ancestorTitles":["NotificationBell","Popover de invitaciones"],"duration":1764,"failing":false,"failureDetails":[{"matcherResult":{"pass":false,"message":"\u001b[2mexpect(\u001b[22m\u001b[31melement\u001b[39m\u001b[2m).toHaveClass(\u001b[22m\u001b[32m\u001b[32m\"max-w-[calc(100vw-2rem)]\"\u001b[39m\u001b[32m\u001b[39m\u001b[2m)\u001b[22m\n\nExpected the element to have class:\n\u001b[32m  max-w-[calc(100vw-2rem)]\u001b[39m\nReceived:\n\u001b[31m  inline-flex flex-col items-center justify-center subpixel-antialiased outline-none box-border text-small bg-content1 rounded-large shadow-medium z-50 w-full p-4\u001b[39m"}}],"failureMessages":["Error: \u001b[2mexpect(\u001b[22m\u001b[31melement\u001b[39m\u001b[2m).toHaveClass(\u001b[22m\u001b[32m\u001b[32m\"max-w-[calc(100vw-2rem)]\"\u001b[39m\u001b[32m\u001b[39m\u001b[2m)\u001b[22m\n\nExpected the element to have class:\n\u001b[32m  max-w-[calc(100vw-2rem)]\u001b[39m\nReceived:\n\u001b[31m  inline-flex flex-col items-center justify-center subpixel-antialiased outline-none box-border text-small bg-content1 rounded-large shadow-medium z-50 w-full p-4\u001b[39m\n\nIgnored nodes: comments, script, style\n\u001b[36m<html>\u001b[39m\n  \u001b[36m<head />\u001b[39m\n  \u001b[36m<body>\u001b[39m\n    \u001b[36m<div\u001b[39m\n      \u001b[33maria-hidden\u001b[39m=\u001b[32m\"true\"\u001b[39m\n    \u001b[36m>\u001b[39m\n      \u001b[36m<button\u001b[39m\n        \u001b[33maria-controls\u001b[39m=\u001b[32m\"react-aria-:rh:\"\u001b[39m\n        \u001b[33maria-expanded\u001b[39m=\u001b[32m\"true\"\u001b[39m\n        \u001b[33maria-haspopup\u001b[39m=\u001b[32m\"dialog\"\u001b[39m\n        \u001b[33maria-label\u001b[39m=\u001b[32m\"Notificaciones\"\u001b[39m\n        \u001b[33mclass\u001b[39m=\u001b[32m\"group inline-flex items-center justify-center box-border appearance-none select-none whitespace-nowrap font-normal tap-highlight-transparent data-[pressed=true]:scale-[0.97] outline-none data-[focus-visible=true]:z-10 data-[focus-visible=true]:outline-2 data-[focus-visible=true]:outline-focus data-[focus-visible=true]:outline-offset-2 text-small gap-2 rounded-medium px-0 !gap-0 transition-transform-colors-opacity motion-reduce:transition-none bg-transparent text-default-foreground data-[hover=true]:bg-default/40 min-w-10 w-10 h-10 z-10 aria-expanded:scale-[0.97] aria-expanded:opacity-70 subpixel-antialiased relative overflow-visible\"\u001b[39m\n        \u001b[33mdata-hover\u001b[39m=\u001b[32m\"true\"\u001b[39m\n        \u001b[33mdata-slot\u001b[39m=\u001b[32m\"trigger\"\u001b[39m\n        \u001b[33mdata-testid\u001b[39m=\u001b[32m\"notification-bell-button\"\u001b[39m\n        \u001b[33mtype\u001b[39m=\u001b[32m\"button\"\u001b[39m\n      \u001b[36m>\u001b[39m\n        \u001b[36m<svg\u001b[39m\n          \u001b[33maria-hidden\u001b[39m=\u001b[32m\"true\"\u001b[39m\n          \u001b[33mclass\u001b[39m=\u001b[32m\"text-2xl text-brand-purple-600\"\u001b[39m\n          \u001b[33mfill\u001b[39m=\u001b[32m\"none\"\u001b[39m\n          \u001b[33mfocusable\u001b[39m=\u001b[32m\"false\"\u001b[39m\n          \u001b[33mheight\u001b[39m=\u001b[32m\"1em\"\u001b[39m\n          \u001b[33mrole\u001b[39m=\u001b[32m\"presentation\"\u001b[39m\n          \u001b[33mviewBox\u001b[39m=\u001b[32m\"0 0 24 24\"\u001b[39m\n          \u001b[33mwidth\u001b[39m=\u001b[32m\"1em\"\u001b[39m\n        \u001b[36m>\u001b[39m\n          \u001b[36m<path\u001b[39m\n            \u001b[33md\u001b[39m=\u001b[32m\"M12 22c1.1 0 2-.9 2-2h-4a2 2 0 0 0 2 2m6-6v-5c0-3.07-1.64-5.64-4.5-6.32V4c0-.83-.67-1.5-1.5-1.5s-1.5.67-1.5 1.5v.68C7.63 5.36 6 7.92 6 11v5l-2 2v1h16v-1z\"\u001b[39m\n            \u001b[33mfill\u001b[39m=\u001b[32m\"currentColor\"\u001b[39m\n          \u001b[36m/>\u001b[39m\n        \u001b[36m</svg>\u001b[39m\n      \u001b[36m</button>\u001b[39m\n    \u001b[36m</div>\u001b[39m\n    \u001b[36m<span\u001b[39m\n      \u001b[33maria-hidden\u001b[39m=\u001b[32m\"true\"\u001b[39m\n      \u001b[33mdata-focus-scope-start\u001b[39m=\u001b[32m\"true\"\u001b[39m\n      \u001b[33mhidden\u001b[39m=\u001b[32m\"\"\u001b[39m\n    \u001b[36m/>\u001b[39m\n    \u001b[36m<div\u001b[39m\n      \u001b[33mstyle\u001b[39m=\u001b[32m\"position: absolute; z-index: 100000; max-height: -24px; left: 7px; top: 12px;\"\u001b[39m\n    \u001b[36m>\u001b[39m\n      \u001b[36m<div>\u001b[39m\n        \u001b[36m<div\u001b[39m\n          \u001b[33mstyle\u001b[39m=\u001b[32m\"opacity: 1; transform: scale(1); will-change: opacity,transform; transform-origin: 0% 100% 0;\"\u001b[39m\n        \u001b[36m>\u001b[39m\n          \u001b[36m<div\u001b[39m\n            \u001b[33mclass\u001b[39m=\u001b[32m\"z-0 relative bg-transparent before:content-[''] before:hidden before:z-[-1] before:absolute before:rotate-45 before:w-2.5 before:h-2.5 before:rounded-sm data-[arrow=true]:before:block data-[placement=top]:before:-bottom-[calc(theme(spacing.5)/4_-_1.5px)] data-[placement=top]:before:left-1/2 data-[placement=top]:before:-translate-x-1/2 data-[placement=top-start]:before:-bottom-[calc(theme(spacing.5)/4_-_1.5px)] data-[placement=top-start]:before:left-3 data-[placement=top-end]:before:-bottom-[calc(theme(spacing.5)/4_-_1.5px)] data-[placement=top-end]:before:right-3 data-[placement=bottom]:before:-top-[calc(theme(spacing.5)/4_-_1.5px)] data-[placement=bottom]:before:left-1/2 data-[placement=bottom]:before:-translate-x-1/2 data-[placement=bottom-start]:before:-top-[calc(theme(spacing.5)/4_-_1.5px)] data-[placement=bottom-start]:before:left-3 data-[placement=bottom-end]:before:-top-[calc(theme(spacing.5)/4_-_1.5px)] data-[placement=bottom-end]:before:right-3 data-[placement=left]:before:-right-[calc(theme(spacing.5)/4_-_2px)] data-[placement=left]:before:top-1/2 data-[placement=left]:before:-translate-y-1/2 data-[placement=left-start]:before:-right-[calc(theme(spacing.5)/4_-_3px)] data-[placement=left-start]:before:top-1/4 data-[placement=left-end]:before:-right-[calc(theme(spacing.5)/4_-_3px)] data-[placement=left-end]:before:bottom-1/4 data-[placement=right]:before:-left-[calc(theme(spacing.5)/4_-_2px)] data-[placement=right]:before:top-1/2 data-[placement=right]:before:-translate-y-1/2 data-[placement=right-start]:before:-left-[calc(theme(spacing.5)/4_-_3px)] data-[placement=right-start]:before:top-1/4 data-[placement=right-end]:before:-left-[calc(theme(spacing.5)/4_-_3px)] data-[placement=right-end]:before:bottom-1/4 outline-none data-[focus-visible=true]:z-10 data-[focus-visible=true]:outline-2 data-[focus-visible=true]:outline-focus data-[focus-visible=true]:outline-offset-2 before:bg-content1 before:shadow-small\"\u001b[39m\n            \u001b[33mdata-focus\u001b[39m=\u001b[32m\"true\"\u001b[39m\n            \u001b[33mdata-open\u001b[39m=\u001b[32m\"true\"\u001b[39m\n            \u001b[33mdata-placement\u001b[39m=\u001b[32m\"right-end\"\u001b[39m\n            \u001b[33mdata-slot\u001b[39m=\u001b[32m\"base\"\u001b[39m\n            \u001b[33mdata-testid\u001b[39m=\u001b[32m\"notification-popover\"\u001b[39m\n            \u001b[33mrole\u001b[39m=\u001b[32m\"dialog\"\u001b[39m\n            \u001b[33mstyle\u001b[39m=\u001b[32m\"outline: none;\"\u001b[39m\n            \u001b[33mtabindex\u001b[39m=\u001b[32m\"-1\"\u001b[39m\n          \u001b[36m>\u001b[39m\n            \u001b[36m<div\u001b[39m\n              \u001b[33mclass\u001b[39m=\u001b[32m\"inline-flex flex-col items-center justify-center subpixel-antialiased outline-none box-border text-small bg-content1 rounded-large shadow-medium z-50 w-full p-4\"\u001b[39m\n              \u001b[33mdata-open\u001b[39m=\u001b[32m\"true\"\u001b[39m\n              \u001b[33mdata-placement\u001b[39m=\u001b[32m\"right-end\"\u001b[39m\n              \u001b[33mdata-slot\u001b[39m=\u001b[32m\"content\"\u001b[39m\n            \u001b[36m>\u001b[39m\n              \u001b[36m<div\u001b[39m\n                \u001b[33maria-label\u001b[39m=\u001b[32m\"Notificaciones\"\u001b[39m\n                \u001b[33mclass\u001b[39m=\u001b[32m\"inline-flex w-full\"\u001b[39m\n                \u001b[33mdata-slot\u001b[39m=\u001b[32m\"base\"\u001b[39m\n              \u001b[36m>\u001b[39m\n                \u001b[36m<div\u001b[39m\n                  \u001b[33maria-label\u001b[39m=\u001b[32m\"Notificaciones\"\u001b[39m\n                  \u001b[33maria-orientation\u001b[39m=\u001b[32m\"horizontal\"\u001b[39m\n                  \u001b[33mclass\u001b[39m=\u001b[32m\"flex p-1 h-fit gap-2 items-center flex-nowrap overflow-x-scroll scrollbar-hide bg-default-100 rounded-medium\"\u001b[39m\n                  \u001b[33mdata-slot\u001b[39m=\u001b[32m\"tabList\"\u001b[39m\n                  \u001b[33mid\u001b[39m=\u001b[32m\"react-aria-:rk:\"\u001b[39m\n                  \u001b[33mrole\u001b[39m=\u001b[32m\"tablist\"\u001b[39m\n                \u001b[36m>\u001b[39m\n                  \u001b[36m<button\u001b[39m\n                    \u001b[33maria-controls\u001b[39m=\u001b[32m\"react-aria-:rk:-tabpanel-notifications\"\u001b[39m\n                    \u001b[33maria-selected\u001b[39m=\u001b[32m\"true\"\u001b[39m\n                    \u001b[33mclass\u001b[39m=\u001b[32m\"z-0 w-full px-3 py-1 flex group relative justify-center items-center cursor-pointer transition-opacity tap-highlight-transparent data-[disabled=true]:cursor-not-allowed data-[disabled=true]:opacity-30 data-[hover-unselected=true]:opacity-disabled outline-none data-[focus-visible=true]:z-10 data-[focus-visible=true]:outline-2 data-[focus-visible=true]:outline-focus data-[focus-visible=true]:outline-offset-2 h-8 text-small rounded-small\"\u001b[39m\n                    \u001b[33mdata-key\u001b[39m=\u001b[32m\"notifications\"\u001b[39m\n                    \u001b[33mdata-selec...\n    at toHaveClass (C:\\Users\\leovp\\Programming\\adorador\\adorador-frontend\\src\\app\\(public)\\_ui\\header\\components\\__tests__\\NotificationBell.test.tsx:280:25)\n    at runWithExpensiveErrorDiagnosticsDisabled (C:\\Users\\leovp\\Programming\\adorador\\adorador-frontend\\node_modules\\@testing-library\\dom\\dist\\config.js:47:12)\n    at checkCallback (C:\\Users\\leovp\\Programming\\adorador\\adorador-frontend\\node_modules\\@testing-library\\dom\\dist\\wait-for.js:124:77)\n    at checkRealTimersCallback (C:\\Users\\leovp\\Programming\\adorador\\adorador-frontend\\node_modules\\@testing-library\\dom\\dist\\wait-for.js:118:16)\n    at Timeout.task [as _onTimeout] (C:\\Users\\leovp\\Programming\\adorador\\adorador-frontend\\node_modules\\jsdom\\lib\\jsdom\\browser\\Window.js:579:19)\n    at listOnTimeout (node:internal/timers:573:17)\n    at processTimers (node:internal/timers:514:7)"],"fullName":"NotificationBell Popover de invitaciones debe tener ancho responsivo para móviles","invocations":1,"location":null,"numPassingAsserts":0,"retryReasons":[],"startAt":1763189535003,"status":"failed","title":"debe tener ancho responsivo para móviles"},{"ancestorTitles":["NotificationBell","Popover de invitaciones"],"duration":1881,"failing":false,"failureDetails":[{"name":"TestingLibraryElementError"}],"failureMessages":["Error: Unable to find an element with the text: No tienes invitaciones pendientes. This could be because the text is broken up by multiple elements. In this case, you can provide a function for your text matcher to make your matcher more flexible.\n\nIgnored nodes: comments, script, style\n\u001b[36m<body>\u001b[39m\n  \u001b[36m<div\u001b[39m\n    \u001b[33maria-hidden\u001b[39m=\u001b[32m\"true\"\u001b[39m\n  \u001b[36m>\u001b[39m\n    \u001b[36m<button\u001b[39m\n      \u001b[33maria-controls\u001b[39m=\u001b[32m\"react-aria-:rt:\"\u001b[39m\n      \u001b[33maria-expanded\u001b[39m=\u001b[32m\"true\"\u001b[39m\n      \u001b[33maria-haspopup\u001b[39m=\u001b[32m\"dialog\"\u001b[39m\n      \u001b[33maria-label\u001b[39m=\u001b[32m\"Notificaciones\"\u001b[39m\n      \u001b[33mclass\u001b[39m=\u001b[32m\"group inline-flex items-center justify-center box-border appearance-none select-none whitespace-nowrap font-normal tap-highlight-transparent data-[pressed=true]:scale-[0.97] outline-none data-[focus-visible=true]:z-10 data-[focus-visible=true]:outline-2 data-[focus-visible=true]:outline-focus data-[focus-visible=true]:outline-offset-2 text-small gap-2 rounded-medium px-0 !gap-0 transition-transform-colors-opacity motion-reduce:transition-none bg-transparent text-default-foreground data-[hover=true]:bg-default/40 min-w-10 w-10 h-10 z-10 aria-expanded:scale-[0.97] aria-expanded:opacity-70 subpixel-antialiased relative overflow-visible\"\u001b[39m\n      \u001b[33mdata-hover\u001b[39m=\u001b[32m\"true\"\u001b[39m\n      \u001b[33mdata-slot\u001b[39m=\u001b[32m\"trigger\"\u001b[39m\n      \u001b[33mdata-testid\u001b[39m=\u001b[32m\"notification-bell-button\"\u001b[39m\n      \u001b[33mtype\u001b[39m=\u001b[32m\"button\"\u001b[39m\n    \u001b[36m>\u001b[39m\n      \u001b[36m<svg\u001b[39m\n        \u001b[33maria-hidden\u001b[39m=\u001b[32m\"true\"\u001b[39m\n        \u001b[33mclass\u001b[39m=\u001b[32m\"text-2xl text-brand-purple-600\"\u001b[39m\n        \u001b[33mfill\u001b[39m=\u001b[32m\"none\"\u001b[39m\n        \u001b[33mfocusable\u001b[39m=\u001b[32m\"false\"\u001b[39m\n        \u001b[33mheight\u001b[39m=\u001b[32m\"1em\"\u001b[39m\n        \u001b[33mrole\u001b[39m=\u001b[32m\"presentation\"\u001b[39m\n        \u001b[33mviewBox\u001b[39m=\u001b[32m\"0 0 24 24\"\u001b[39m\n        \u001b[33mwidth\u001b[39m=\u001b[32m\"1em\"\u001b[39m\n      \u001b[36m>\u001b[39m\n        \u001b[36m<path\u001b[39m\n          \u001b[33md\u001b[39m=\u001b[32m\"M12 22c1.1 0 2-.9 2-2h-4a2 2 0 0 0 2 2m6-6v-5c0-3.07-1.64-5.64-4.5-6.32V4c0-.83-.67-1.5-1.5-1.5s-1.5.67-1.5 1.5v.68C7.63 5.36 6 7.92 6 11v5l-2 2v1h16v-1z\"\u001b[39m\n          \u001b[33mfill\u001b[39m=\u001b[32m\"currentColor\"\u001b[39m\n        \u001b[36m/>\u001b[39m\n      \u001b[36m</svg>\u001b[39m\n    \u001b[36m</button>\u001b[39m\n  \u001b[36m</div>\u001b[39m\n  \u001b[36m<span\u001b[39m\n    \u001b[33maria-hidden\u001b[39m=\u001b[32m\"true\"\u001b[39m\n    \u001b[33mdata-focus-scope-start\u001b[39m=\u001b[32m\"true\"\u001b[39m\n    \u001b[33mhidden\u001b[39m=\u001b[32m\"\"\u001b[39m\n  \u001b[36m/>\u001b[39m\n  \u001b[36m<div\u001b[39m\n    \u001b[33mstyle\u001b[39m=\u001b[32m\"position: absolute; z-index: 100000; max-height: -24px; left: 7px; top: 12px;\"\u001b[39m\n  \u001b[36m>\u001b[39m\n    \u001b[36m<div>\u001b[39m\n      \u001b[36m<div\u001b[39m\n        \u001b[33mstyle\u001b[39m=\u001b[32m\"opacity: 1; transform: scale(1); will-change: opacity,transform; transform-origin: 0% 100% 0;\"\u001b[39m\n      \u001b[36m>\u001b[39m\n        \u001b[36m<div\u001b[39m\n          \u001b[33mclass\u001b[39m=\u001b[32m\"z-0 relative bg-transparent before:content-[''] before:hidden before:z-[-1] before:absolute before:rotate-45 before:w-2.5 before:h-2.5 before:rounded-sm data-[arrow=true]:before:block data-[placement=top]:before:-bottom-[calc(theme(spacing.5)/4_-_1.5px)] data-[placement=top]:before:left-1/2 data-[placement=top]:before:-translate-x-1/2 data-[placement=top-start]:before:-bottom-[calc(theme(spacing.5)/4_-_1.5px)] data-[placement=top-start]:before:left-3 data-[placement=top-end]:before:-bottom-[calc(theme(spacing.5)/4_-_1.5px)] data-[placement=top-end]:before:right-3 data-[placement=bottom]:before:-top-[calc(theme(spacing.5)/4_-_1.5px)] data-[placement=bottom]:before:left-1/2 data-[placement=bottom]:before:-translate-x-1/2 data-[placement=bottom-start]:before:-top-[calc(theme(spacing.5)/4_-_1.5px)] data-[placement=bottom-start]:before:left-3 data-[placement=bottom-end]:before:-top-[calc(theme(spacing.5)/4_-_1.5px)] data-[placement=bottom-end]:before:right-3 data-[placement=left]:before:-right-[calc(theme(spacing.5)/4_-_2px)] data-[placement=left]:before:top-1/2 data-[placement=left]:before:-translate-y-1/2 data-[placement=left-start]:before:-right-[calc(theme(spacing.5)/4_-_3px)] data-[placement=left-start]:before:top-1/4 data-[placement=left-end]:before:-right-[calc(theme(spacing.5)/4_-_3px)] data-[placement=left-end]:before:bottom-1/4 data-[placement=right]:before:-left-[calc(theme(spacing.5)/4_-_2px)] data-[placement=right]:before:top-1/2 data-[placement=right]:before:-translate-y-1/2 data-[placement=right-start]:before:-left-[calc(theme(spacing.5)/4_-_3px)] data-[placement=right-start]:before:top-1/4 data-[placement=right-end]:before:-left-[calc(theme(spacing.5)/4_-_3px)] data-[placement=right-end]:before:bottom-1/4 outline-none data-[focus-visible=true]:z-10 data-[focus-visible=true]:outline-2 data-[focus-visible=true]:outline-focus data-[focus-visible=true]:outline-offset-2 before:bg-content1 before:shadow-small\"\u001b[39m\n          \u001b[33mdata-focus\u001b[39m=\u001b[32m\"true\"\u001b[39m\n          \u001b[33mdata-open\u001b[39m=\u001b[32m\"true\"\u001b[39m\n          \u001b[33mdata-placement\u001b[39m=\u001b[32m\"right-end\"\u001b[39m\n          \u001b[33mdata-slot\u001b[39m=\u001b[32m\"base\"\u001b[39m\n          \u001b[33mdata-testid\u001b[39m=\u001b[32m\"notification-popover\"\u001b[39m\n          \u001b[33mrole\u001b[39m=\u001b[32m\"dialog\"\u001b[39m\n          \u001b[33mstyle\u001b[39m=\u001b[32m\"outline: none;\"\u001b[39m\n          \u001b[33mtabindex\u001b[39m=\u001b[32m\"-1\"\u001b[39m\n        \u001b[36m>\u001b[39m\n          \u001b[36m<div\u001b[39m\n            \u001b[33mclass\u001b[39m=\u001b[32m\"inline-flex flex-col items-center justify-center subpixel-antialiased outline-none box-border text-small bg-content1 rounded-large shadow-medium z-50 w-full p-4\"\u001b[39m\n            \u001b[33mdata-open\u001b[39m=\u001b[32m\"true\"\u001b[39m\n            \u001b[33mdata-placement\u001b[39m=\u001b[32m\"right-end\"\u001b[39m\n            \u001b[33mdata-slot\u001b[39m=\u001b[32m\"content\"\u001b[39m\n          \u001b[36m>\u001b[39m\n            \u001b[36m<div\u001b[39m\n              \u001b[33maria-label\u001b[39m=\u001b[32m\"Notificaciones\"\u001b[39m\n              \u001b[33mclass\u001b[39m=\u001b[32m\"inline-flex w-full\"\u001b[39m\n              \u001b[33mdata-slot\u001b[39m=\u001b[32m\"base\"\u001b[39m\n            \u001b[36m>\u001b[39m\n              \u001b[36m<div\u001b[39m\n                \u001b[33maria-label\u001b[39m=\u001b[32m\"Notificaciones\"\u001b[39m\n                \u001b[33maria-orientation\u001b[39m=\u001b[32m\"horizontal\"\u001b[39m\n                \u001b[33mclass\u001b[39m=\u001b[32m\"flex p-1 h-fit gap-2 items-center flex-nowrap overflow-x-scroll scrollbar-hide bg-default-100 rounded-medium\"\u001b[39m\n                \u001b[33mdata-slot\u001b[39m=\u001b[32m\"tabList\"\u001b[39m\n                \u001b[33mid\u001b[39m=\u001b[32m\"react-aria-:r10:\"\u001b[39m\n                \u001b[33mrole\u001b[39m=\u001b[32m\"tablist\"\u001b[39m\n              \u001b[36m>\u001b[39m\n                \u001b[36m<button\u001b[39m\n                  \u001b[33maria-controls\u001b[39m=\u001b[32m\"react-aria-:r10:-tabpanel-notifications\"\u001b[39m\n                  \u001b[33maria-selected\u001b[39m=\u001b[32m\"true\"\u001b[39m\n                  \u001b[33mclass\u001b[39m=\u001b[32m\"z-0 w-full px-3 py-1 flex group relative justify-center items-center cursor-pointer transition-opacity tap-highlight-transparent data-[disabled=true]:cursor-not-allowed data-[disabled=true]:opacity-30 data-[hover-unselected=true]:opacity-disabled outline-none data-[focus-visible=true]:z-10 data-[focus-visible=true]:outline-2 data-[focus-visible=true]:outline-focus data-[focus-visible=true]:outline-offset-2 h-8 text-small rounded-small\"\u001b[39m\n                  \u001b[33mdata-key\u001b[39m=\u001b[32m\"notifications\"\u001b[39m\n                  \u001b[33mdata-selected\u001b[39m=\u001b[32m\"true\"\u001b[39m\n                  \u001b[33mdata-slot\u001b[39m=\u001b[32m\"tab\"\u001b[39m\n                  \u001b[33mid\u001b[39m=\u001b[32m\"react-aria-:r10:-tab-notifications\"\u001b[39m\n                  \u001b[33mrole\u001b[39m=\u001b[32m\"tab\"\u001b[39m\n                  \u001b[33mtabindex\u001b[39m=\u001b[32m\"0\"\u001b[39m\n                  \u001b[33mtype\u001b[39m=\u001b[32m\"button\"\u001b[39m\n                \u001b[36m>\u001b[39m\n                  \u001b[36m<span\u001b[39m\n                    \u001b[33mclass\u001b[39m=\u001b[32m\"absolute z-0 inset-0 rounded-small bg-background dark:bg-default shadow-small\"\u001b[39m\n                    \u001b[33mdata-slot\u001b[39m=\u001b[32m\"cursor\"\u001b[39m\n                    \u001b[33mstyle\u001b[39m=\u001b[32m\"opacity: 1;\"\u001b[39m\n                  \u001b[36m/>\u001b[39m\n                  \u001b[36m<div\u001b[39m\n                    \u001b[33mclass\u001b[39m=\u001b[32m\"relative z-10 whitespace-nowrap transition-colors text-default-500 group-data-[selected=true]:text-default-foreground\"\u001b[39m\n                    \u001b[33mdata-slot\u001b[39m=\u001b[32m\"tabContent\"\u001b[39m\n                  \u001b[36m>\u001b[39m\n                    \u001b[36m<div\u001b[39m\n                      \u001b[33mclass\u001b[39m=\u001b[32m\"flex items-center gap-2\"\u001b[39m\n                    \u001b[36m>\u001b[39m\n                      \u001b[36m<span>\u001b[39m\n                        \u001b[0mNotificaciones\u001b[0m\n                      \u001b[36m</span>\u001b[39m\n                    \u001b[36m</div>\u001b[39m\n                  \u001b[36m</div>\u001b[39m\n                \u001b[36m</button>\u001b[39m\n                \u001b[36m<button\u001b[39m\n                  \u001b[33maria-selected\u001b[39m=\u001b[32m\"false\"\u001b[39m\n                  \u001b[33mclass\u001b[39m=\u001b[32m\"z-0 w-full px-3 py-1 flex group relative justify-center items-center cursor-pointer transition-opacity tap-highlight-transparent data-[disabled=true]:cursor-not-allowed data-[disabled=true]:opacity-30 data-[hover-unselected=true]:opacity-disabled outline-none data-[focus-visible=true]:z-10 data-[focus-visible=true]:outline-2 data-[focus-visible=true]:outline-focus data-[focus-visible=true]:outline-offset-2 h-8 text-small rounded-small\"\u001b[39m\n                  \u001b[33mdata-key\u001b[39m=\u001b[32m\"invitations\"\u001b[39m\n                  \u001b[33mdata-slot\u001b[39m=\u001b[32m\"tab\"\u001b[39m\n                  \u001b[33mid\u001b[39m=\u001b[32m\"react-aria-:r10:-tab-invitations\"\u001b[39m\n                  \u001b[33mrole\u001b[39m=\u001b[32m\"tab\"\u001b[39m\n                  \u001b[33mtabindex\u001b[39m=\u001b[32m\"-1\"\u001b[39m\n                  \u001b[33mtype\u001b[39m=\u001b[32m\"button\"\u001b[39m\n                \u001b[36m>\u001b[39m\n                  \u001b[36m<div\u001b[39m\n                    \u001b[33mclass\u001b[39m=\u001b[32m\"relative z-10 whitespace-nowrap transition-colors text-default-500 group-data-[selected=true]:text-default-foreground\"\u001b[39m\n                    \u001b[33mdata-slot\u001b[39m=\u001b[32m\"tabContent\"\u001b[39m\n                  \u001b[36m>\u001b[39m\n                    \u001b[36m<div\u001b[39m\n                      \u001b[33mclass\u001b[39m=\u001b[32m\"flex items-center gap-2\"\u001b[39m\n                    \u001b[36m>\u001b[39m\n                      \u001b[36m<span>\u001b[39m\n                        \u001b[0mInvitaciones\u001b[0m\n                      \u001b[36m</span>\u001b[39m\n                    \u001b[36m</div>\u001b[39m\n                  \u001b[36m</div>\u001b[39m\n                \u001b[36m</button>\u001b[39m\n              \u001b[36m</div>\u001b[39m\n            \u001b[36m</div>\u001b[39m\n            \u001b[36m<div\u001b[39m\n              \u001b[33maria-labelledby\u001b[39m=\u001b[32m\"react-aria-:r10:-tab-notifications\"\u001b[39m\n              \u001b[33mclass\u001b[39m=\u001b[32m\"py-3 px-1 data-[inert=true]:hidden outline-none data-[focus-visible=true]:z-10 data-[focus-visible=true]:outline-2 data-[focus-visible=true]:outline-focus data-[focus-visible=true]:outline-offset-2\"\u001b[39m\n              \u001b[33mdata-focus\u001b[39m=\u001b[32m\"false\"\u001b[39m\n              \u001b[33mdata-focus-visible\u001b[39m=\u001b[32m\"false\"\u001b[39m\n              \u001b[33mdata-slot\u001b[39m=\u001b[32m\"panel\"\u001b[39m\n              \u001b[33mid\u001b[39m=\u001b[32m\"react-aria-:r10:-tabpanel-notifications\"\u001b[39m\n              \u001b[33mrole\u001b[39m=\u001b[32m\"tabpanel\"\u001b[39m\n              \u001b[33mtabindex\u001b[39m=\u001b[32m\"0\"\u001b[39m\n            \u001b[36m>\u001b[39m\n              \u001b[36m<p\u001b[39m\n                \u001b[33mclass\u001b[39m=\u001b[32m\"py-8 text-center text-sm text-gray-500\"\u001b[39m\n              \u001b[36m>\u001b[39m\n                \u001b[0mNo tienes notificaciones\u001b[0m\n              \u001b[36m</p>\u001b[39m\n            \u001b[36m</div>\u001b[39m\n          \u001b[36m</div>\u001b[39m\n        \u001b[36m</div>\u001b[39m\n        \u001b[36m<div\u001b[39m\n          \u001b[33mstyle\u001b[39m=\u001b[32m\"border: 0px; clip-path: inset(50%); height: 1px; margin: -1px; overflow: hidden; padding: 0px; position: absolute; width: 1px; white-space: nowrap;\"\u001b[39m\n        \u001b[36m>\u001b[39m\n          \u001b[36m<button\u001b[39m\n            \u001b[33maria-label\u001b[39m=\u001b[32m\"Dismiss\"\u001b[39m\n            \u001b[33mid\u001b[39m=\u001b[32m\"react-aria-:r15:\"\u001b[39m\n            \u001b[33mstyle\u001b[39m=\u001b[32m\"width: 1px; height: 1px;\"\u001b[39m\n            \u001b[33mtabindex\u001b[39m=\u001b[32m\"-1\"\u001b[39m\n          \u001b[36m/>\u001b[39m\n        \u001b[36m</div>\u001b[39m\n      \u001b[36m</div>\u001b[39m\n    \u001b[36m</div>\u001b[39m\n  \u001b[36m</div>\u001b[39m\n  \u001b[36m<span\u001b[39m\n    \u001b[33maria-hidden\u001b[39m=\u001b[32m\"true\"\u001b[39m\n    \u001b[33mdata-focus-scope-end\u001b[39m=\u001b[32m\"true\"\u001b[39m\n    \u001b[33mhidden\u001b[39m=\u001b[32m\"\"\u001b[39m\n  \u001b[36m/>\u001b[39m\n\u001b[36m</body>\u001b[39m\n    at waitForWrapper (C:\\Users\\leovp\\Programming\\adorador\\adorador-frontend\\node_modules\\@testing-library\\dom\\dist\\wait-for.js:163:27)\n    at Object.<anonymous> (C:\\Users\\leovp\\Programming\\adorador\\adorador-frontend\\src\\app\\(public)\\_ui\\header\\components\\__tests__\\NotificationBell.test.tsx:292:20)"],"fullName":"NotificationBell Popover de invitaciones debe mostrar mensaje cuando no hay invitaciones","invocations":1,"location":null,"numPassingAsserts":0,"retryReasons":[],"startAt":1763189536910,"status":"failed","title":"debe mostrar mensaje cuando no hay invitaciones"},{"ancestorTitles":["NotificationBell","Popover de invitaciones"],"duration":423,"failing":false,"failureDetails":[],"failureMessages":[],"fullName":"NotificationBell Popover de invitaciones debe mostrar spinner cuando está cargando","invocations":1,"location":null,"numPassingAsserts":1,"retryReasons":[],"startAt":1763189538792,"status":"passed","title":"debe mostrar spinner cuando está cargando"},{"ancestorTitles":["NotificationBell","Lista de invitaciones"],"duration":1230,"failing":false,"failureDetails":[],"failureMessages":[],"fullName":"NotificationBell Lista de invitaciones debe renderizar todas las invitaciones pendientes","invocations":1,"location":null,"numPassingAsserts":4,"retryReasons":[],"startAt":1763189539235,"status":"passed","title":"debe renderizar todas las invitaciones pendientes"},{"ancestorTitles":["NotificationBell","Lista de invitaciones"],"duration":894,"failing":false,"failureDetails":[],"failureMessages":[],"fullName":"NotificationBell Lista de invitaciones debe mostrar información correcta de cada invitación","invocations":1,"location":null,"numPassingAsserts":3,"retryReasons":[],"startAt":1763189540466,"status":"passed","title":"debe mostrar información correcta de cada invitación"},{"ancestorTitles":["NotificationBell","Lista de invitaciones"],"duration":1099,"failing":false,"failureDetails":[],"failureMessages":[],"fullName":"NotificationBell Lista de invitaciones debe mostrar advertencia cuando la invitación expira pronto","invocations":1,"location":null,"numPassingAsserts":3,"retryReasons":[],"startAt":1763189541361,"status":"passed","title":"debe mostrar advertencia cuando la invitación expira pronto"},{"ancestorTitles":["NotificationBell","Lista de invitaciones"],"duration":1045,"failing":false,"failureDetails":[],"failureMessages":[],"fullName":"NotificationBell Lista de invitaciones no debe mostrar advertencia cuando la invitación no expira pronto","invocations":1,"location":null,"numPassingAsserts":2,"retryReasons":[],"startAt":1763189542460,"status":"passed","title":"no debe mostrar advertencia cuando la invitación no expira pronto"},{"ancestorTitles":["NotificationBell","Acciones de aceptar/rechazar"],"duration":1239,"failing":false,"failureDetails":[],"failureMessages":[],"fullName":"NotificationBell Acciones de aceptar/rechazar debe llamar a acceptInvitation al hacer click en Aceptar","invocations":1,"location":null,"numPassingAsserts":3,"retryReasons":[],"startAt":1763189543507,"status":"passed","title":"debe llamar a acceptInvitation al hacer click en Aceptar"},{"ancestorTitles":["NotificationBell","Acciones de aceptar/rechazar"],"duration":1099,"failing":false,"failureDetails":[],"failureMessages":[],"fullName":"NotificationBell Acciones de aceptar/rechazar debe llamar a rejectInvitation al hacer click en Rechazar","invocations":1,"location":null,"numPassingAsserts":3,"retryReasons":[],"startAt":1763189544747,"status":"passed","title":"debe llamar a rejectInvitation al hacer click en Rechazar"},{"ancestorTitles":["NotificationBell","Acciones de aceptar/rechazar"],"duration":844,"failing":false,"failureDetails":[],"failureMessages":[],"fullName":"NotificationBell Acciones de aceptar/rechazar debe deshabilitar botón de rechazar mientras se acepta","invocations":1,"location":null,"numPassingAsserts":3,"retryReasons":[],"startAt":1763189545847,"status":"passed","title":"debe deshabilitar botón de rechazar mientras se acepta"},{"ancestorTitles":["NotificationBell","Acciones de aceptar/rechazar"],"duration":960,"failing":false,"failureDetails":[],"failureMessages":[],"fullName":"NotificationBell Acciones de aceptar/rechazar debe deshabilitar botón de aceptar mientras se rechaza","invocations":1,"location":null,"numPassingAsserts":3,"retryReasons":[],"startAt":1763189546712,"status":"passed","title":"debe deshabilitar botón de aceptar mientras se rechaza"},{"ancestorTitles":["NotificationBell","Acciones de aceptar/rechazar"],"duration":966,"failing":false,"failureDetails":[],"failureMessages":[],"fullName":"NotificationBell Acciones de aceptar/rechazar debe mostrar loading en botón de aceptar mientras procesa","invocations":1,"location":null,"numPassingAsserts":3,"retryReasons":[],"startAt":1763189547672,"status":"passed","title":"debe mostrar loading en botón de aceptar mientras procesa"},{"ancestorTitles":["NotificationBell","Acciones de aceptar/rechazar"],"duration":849,"failing":false,"failureDetails":[],"failureMessages":[],"fullName":"NotificationBell Acciones de aceptar/rechazar debe mostrar loading en botón de rechazar mientras procesa","invocations":1,"location":null,"numPassingAsserts":3,"retryReasons":[],"startAt":1763189548638,"status":"passed","title":"debe mostrar loading en botón de rechazar mientras procesa"},{"ancestorTitles":["NotificationBell","Responsividad"],"duration":924,"failing":false,"failureDetails":[],"failureMessages":[],"fullName":"NotificationBell Responsividad debe tener scroll cuando hay muchas invitaciones","invocations":1,"location":null,"numPassingAsserts":3,"retryReasons":[],"startAt":1763189549490,"status":"passed","title":"debe tener scroll cuando hay muchas invitaciones"},{"ancestorTitles":["NotificationBell","Responsividad"],"duration":360,"failing":false,"failureDetails":[],"failureMessages":[],"fullName":"NotificationBell Responsividad el popover debe tener z-index alto para estar sobre otros elementos","invocations":1,"location":null,"numPassingAsserts":1,"retryReasons":[],"startAt":1763189550417,"status":"passed","title":"el popover debe tener z-index alto para estar sobre otros elementos"}],"endTime":1763189551170,"message":"\u001b[1m\u001b[31m  \u001b[1m● \u001b[22m\u001b[1mNotificationBell › Popover de invitaciones › debe abrir el popover al hacer click en el botón\u001b[39m\u001b[22m\n\n    read ECONNRESET\n\n\n\u001b[1m\u001b[31m  \u001b[1m● \u001b[22m\u001b[1mNotificationBell › Popover de invitaciones › debe abrir el popover al hacer click en el botón\u001b[39m\u001b[22m\n\n    read ECONNRESET\n\n\n\u001b[1m\u001b[31m  \u001b[1m● \u001b[22m\u001b[1mNotificationBell › Popover de invitaciones › debe abrir el popover al hacer click en el botón\u001b[39m\u001b[22m\n\n    read ECONNRESET\n\n\n\u001b[1m\u001b[31m  \u001b[1m● \u001b[22m\u001b[1mNotificationBell › Popover de invitaciones › debe abrir el popover al hacer click en el botón\u001b[39m\u001b[22m\n\n    read ECONNRESET\n\n\n\u001b[1m\u001b[31m  \u001b[1m● \u001b[22m\u001b[1mNotificationBell › Popover de invitaciones › debe abrir el popover al hacer click en el botón\u001b[39m\u001b[22m\n\n    read ECONNRESET\n\n\n\u001b[1m\u001b[31m  \u001b[1m● \u001b[22m\u001b[1mNotificationBell › Popover de invitaciones › debe abrir el popover al hacer click en el botón\u001b[39m\u001b[22m\n\n    read ECONNRESET\n\n\n\u001b[1m\u001b[31m  \u001b[1m● \u001b[22m\u001b[1mNotificationBell › Popover de invitaciones › debe abrir el popover al hacer click en el botón\u001b[39m\u001b[22m\n\n    read ECONNRESET\n\n\n\u001b[1m\u001b[31m  \u001b[1m● \u001b[22m\u001b[1mNotificationBell › Popover de invitaciones › debe abrir el popover al hacer click en el botón\u001b[39m\u001b[22m\n\n    read ECONNRESET\n\n\n\u001b[1m\u001b[31m  \u001b[1m● \u001b[22m\u001b[1mNotificationBell › Popover de invitaciones › debe abrir el popover al hacer click en el botón\u001b[39m\u001b[22m\n\n    read ECONNRESET\n\n\n\u001b[1m\u001b[31m  \u001b[1m● \u001b[22m\u001b[1mNotificationBell › Popover de invitaciones › debe abrir el popover al hacer click en el botón\u001b[39m\u001b[22m\n\n    read ECONNRESET\n\n\n\u001b[1m\u001b[31m  \u001b[1m● \u001b[22m\u001b[1mNotificationBell › Popover de invitaciones › debe abrir el popover al hacer click en el botón\u001b[39m\u001b[22m\n\n    read ECONNRESET\n\n\n\u001b[1m\u001b[31m  \u001b[1m● \u001b[22m\u001b[1mNotificationBell › Popover de invitaciones › debe abrir el popover al hacer click en el botón\u001b[39m\u001b[22m\n\n    read ECONNRESET\n\n\n\u001b[1m\u001b[31m  \u001b[1m● \u001b[22m\u001b[1mNotificationBell › Popover de invitaciones › debe abrir el popover al hacer click en el botón\u001b[39m\u001b[22m\n\n    read ECONNRESET\n\n\n\u001b[1m\u001b[31m  \u001b[1m● \u001b[22m\u001b[1mNotificationBell › Popover de invitaciones › debe abrir el popover al hacer click en el botón\u001b[39m\u001b[22m\n\n    read ECONNRESET\n\n\n\u001b[1m\u001b[31m  \u001b[1m● \u001b[22m\u001b[1mNotificationBell › Popover de invitaciones › debe abrir el popover al hacer click en el botón\u001b[39m\u001b[22m\n\n    read ECONNRESET\n\n\n\u001b[1m\u001b[31m  \u001b[1m● \u001b[22m\u001b[1mNotificationBell › Popover de invitaciones › debe abrir el popover al hacer click en el botón\u001b[39m\u001b[22m\n\n    read ECONNRESET\n\n\n\u001b[1m\u001b[31m  \u001b[1m● \u001b[22m\u001b[1mNotificationBell › Popover de invitaciones › debe abrir el popover al hacer click en el botón\u001b[39m\u001b[22m\n\n    read ECONNRESET\n\n\n\u001b[1m\u001b[31m  \u001b[1m● \u001b[22m\u001b[1mNotificationBell › Popover de invitaciones › debe abrir el popover al hacer click en el botón\u001b[39m\u001b[22m\n\n    read ECONNRESET\n\n\n\u001b[1m\u001b[31m  \u001b[1m● \u001b[22m\u001b[1mNotificationBell › Popover de invitaciones › debe abrir el popover al hacer click en el botón\u001b[39m\u001b[22m\n\n    read ECONNRESET\n\n\n\u001b[1m\u001b[31m  \u001b[1m● \u001b[22m\u001b[1mNotificationBell › Popover de invitaciones › debe abrir el popover al hacer click en el botón\u001b[39m\u001b[22m\n\n    read ECONNRESET\n\n\n\u001b[1m\u001b[31m  \u001b[1m● \u001b[22m\u001b[1mNotificationBell › Popover de invitaciones › debe abrir el popover al hacer click en el botón\u001b[39m\u001b[22m\n\n    read ECONNRESET\n\n\n\u001b[1m\u001b[31m  \u001b[1m● \u001b[22m\u001b[1mNotificationBell › Popover de invitaciones › debe tener ancho responsivo para móviles\u001b[39m\u001b[22m\n\n    \u001b[2mexpect(\u001b[22m\u001b[31melement\u001b[39m\u001b[2m).toHaveClass(\u001b[22m\u001b[32m\u001b[32m\"max-w-[calc(100vw-2rem)]\"\u001b[39m\u001b[32m\u001b[39m\u001b[2m)\u001b[22m\n\n    Expected the element to have class:\n    \u001b[32m  max-w-[calc(100vw-2rem)]\u001b[39m\n    Received:\n    \u001b[31m  inline-flex flex-col items-center justify-center subpixel-antialiased outline-none box-border text-small bg-content1 rounded-large shadow-medium z-50 w-full p-4\u001b[39m\n\n    Ignored nodes: comments, script, style\n    \u001b[36m<html>\u001b[39m\n      \u001b[36m<head />\u001b[39m\n      \u001b[36m<body>\u001b[39m\n        \u001b[36m<div\u001b[39m\n          \u001b[33maria-hidden\u001b[39m=\u001b[32m\"true\"\u001b[39m\n        \u001b[36m>\u001b[39m\n          \u001b[36m<button\u001b[39m\n            \u001b[33maria-controls\u001b[39m=\u001b[32m\"react-aria-:rh:\"\u001b[39m\n            \u001b[33maria-expanded\u001b[39m=\u001b[32m\"true\"\u001b[39m\n            \u001b[33maria-haspopup\u001b[39m=\u001b[32m\"dialog\"\u001b[39m\n            \u001b[33maria-label\u001b[39m=\u001b[32m\"Notificaciones\"\u001b[39m\n            \u001b[33mclass\u001b[39m=\u001b[32m\"group inline-flex items-center justify-center box-border appearance-none select-none whitespace-nowrap font-normal tap-highlight-transparent data-[pressed=true]:scale-[0.97] outline-none data-[focus-visible=true]:z-10 data-[focus-visible=true]:outline-2 data-[focus-visible=true]:outline-focus data-[focus-visible=true]:outline-offset-2 text-small gap-2 rounded-medium px-0 !gap-0 transition-transform-colors-opacity motion-reduce:transition-none bg-transparent text-default-foreground data-[hover=true]:bg-default/40 min-w-10 w-10 h-10 z-10 aria-expanded:scale-[0.97] aria-expanded:opacity-70 subpixel-antialiased relative overflow-visible\"\u001b[39m\n            \u001b[33mdata-hover\u001b[39m=\u001b[32m\"true\"\u001b[39m\n            \u001b[33mdata-slot\u001b[39m=\u001b[32m\"trigger\"\u001b[39m\n            \u001b[33mdata-testid\u001b[39m=\u001b[32m\"notification-bell-button\"\u001b[39m\n            \u001b[33mtype\u001b[39m=\u001b[32m\"button\"\u001b[39m\n          \u001b[36m>\u001b[39m\n            \u001b[36m<svg\u001b[39m\n              \u001b[33maria-hidden\u001b[39m=\u001b[32m\"true\"\u001b[39m\n              \u001b[33mclass\u001b[39m=\u001b[32m\"text-2xl text-brand-purple-600\"\u001b[39m\n              \u001b[33mfill\u001b[39m=\u001b[32m\"none\"\u001b[39m\n              \u001b[33mfocusable\u001b[39m=\u001b[32m\"false\"\u001b[39m\n              \u001b[33mheight\u001b[39m=\u001b[32m\"1em\"\u001b[39m\n              \u001b[33mrole\u001b[39m=\u001b[32m\"presentation\"\u001b[39m\n              \u001b[33mviewBox\u001b[39m=\u001b[32m\"0 0 24 24\"\u001b[39m\n              \u001b[33mwidth\u001b[39m=\u001b[32m\"1em\"\u001b[39m\n            \u001b[36m>\u001b[39m\n              \u001b[36m<path\u001b[39m\n                \u001b[33md\u001b[39m=\u001b[32m\"M12 22c1.1 0 2-.9 2-2h-4a2 2 0 0 0 2 2m6-6v-5c0-3.07-1.64-5.64-4.5-6.32V4c0-.83-.67-1.5-1.5-1.5s-1.5.67-1.5 1.5v.68C7.63 5.36 6 7.92 6 11v5l-2 2v1h16v-1z\"\u001b[39m\n                \u001b[33mfill\u001b[39m=\u001b[32m\"currentColor\"\u001b[39m\n              \u001b[36m/>\u001b[39m\n            \u001b[36m</svg>\u001b[39m\n          \u001b[36m</button>\u001b[39m\n        \u001b[36m</div>\u001b[39m\n        \u001b[36m<span\u001b[39m\n          \u001b[33maria-hidden\u001b[39m=\u001b[32m\"true\"\u001b[39m\n          \u001b[33mdata-focus-scope-start\u001b[39m=\u001b[32m\"true\"\u001b[39m\n          \u001b[33mhidden\u001b[39m=\u001b[32m\"\"\u001b[39m\n        \u001b[36m/>\u001b[39m\n        \u001b[36m<div\u001b[39m\n          \u001b[33mstyle\u001b[39m=\u001b[32m\"position: absolute; z-index: 100000; max-height: -24px; left: 7px; top: 12px;\"\u001b[39m\n        \u001b[36m>\u001b[39m\n          \u001b[36m<div>\u001b[39m\n            \u001b[36m<div\u001b[39m\n              \u001b[33mstyle\u001b[39m=\u001b[32m\"opacity: 1; transform: scale(1); will-change: opacity,transform; transform-origin: 0% 100% 0;\"\u001b[39m\n            \u001b[36m>\u001b[39m\n              \u001b[36m<div\u001b[39m\n                \u001b[33mclass\u001b[39m=\u001b[32m\"z-0 relative bg-transparent before:content-[''] before:hidden before:z-[-1] before:absolute before:rotate-45 before:w-2.5 before:h-2.5 before:rounded-sm data-[arrow=true]:before:block data-[placement=top]:before:-bottom-[calc(theme(spacing.5)/4_-_1.5px)] data-[placement=top]:before:left-1/2 data-[placement=top]:before:-translate-x-1/2 data-[placement=top-start]:before:-bottom-[calc(theme(spacing.5)/4_-_1.5px)] data-[placement=top-start]:before:left-3 data-[placement=top-end]:before:-bottom-[calc(theme(spacing.5)/4_-_1.5px)] data-[placement=top-end]:before:right-3 data-[placement=bottom]:before:-top-[calc(theme(spacing.5)/4_-_1.5px)] data-[placement=bottom]:before:left-1/2 data-[placement=bottom]:before:-translate-x-1/2 data-[placement=bottom-start]:before:-top-[calc(theme(spacing.5)/4_-_1.5px)] data-[placement=bottom-start]:before:left-3 data-[placement=bottom-end]:before:-top-[calc(theme(spacing.5)/4_-_1.5px)] data-[placement=bottom-end]:before:right-3 data-[placement=left]:before:-right-[calc(theme(spacing.5)/4_-_2px)] data-[placement=left]:before:top-1/2 data-[placement=left]:before:-translate-y-1/2 data-[placement=left-start]:before:-right-[calc(theme(spacing.5)/4_-_3px)] data-[placement=left-start]:before:top-1/4 data-[placement=left-end]:before:-right-[calc(theme(spacing.5)/4_-_3px)] data-[placement=left-end]:before:bottom-1/4 data-[placement=right]:before:-left-[calc(theme(spacing.5)/4_-_2px)] data-[placement=right]:before:top-1/2 data-[placement=right]:before:-translate-y-1/2 data-[placement=right-start]:before:-left-[calc(theme(spacing.5)/4_-_3px)] data-[placement=right-start]:before:top-1/4 data-[placement=right-end]:before:-left-[calc(theme(spacing.5)/4_-_3px)] data-[placement=right-end]:before:bottom-1/4 outline-none data-[focus-visible=true]:z-10 data-[focus-visible=true]:outline-2 data-[focus-visible=true]:outline-focus data-[focus-visible=true]:outline-offset-2 before:bg-content1 before:shadow-small\"\u001b[39m\n                \u001b[33mdata-focus\u001b[39m=\u001b[32m\"true\"\u001b[39m\n                \u001b[33mdata-open\u001b[39m=\u001b[32m\"true\"\u001b[39m\n                \u001b[33mdata-placement\u001b[39m=\u001b[32m\"right-end\"\u001b[39m\n                \u001b[33mdata-slot\u001b[39m=\u001b[32m\"base\"\u001b[39m\n                \u001b[33mdata-testid\u001b[39m=\u001b[32m\"notification-popover\"\u001b[39m\n                \u001b[33mrole\u001b[39m=\u001b[32m\"dialog\"\u001b[39m\n                \u001b[33mstyle\u001b[39m=\u001b[32m\"outline: none;\"\u001b[39m\n                \u001b[33mtabindex\u001b[39m=\u001b[32m\"-1\"\u001b[39m\n              \u001b[36m>\u001b[39m\n                \u001b[36m<div\u001b[39m\n                  \u001b[33mclass\u001b[39m=\u001b[32m\"inline-flex flex-col items-center justify-center subpixel-antialiased outline-none box-border text-small bg-content1 rounded-large shadow-medium z-50 w-full p-4\"\u001b[39m\n                  \u001b[33mdata-open\u001b[39m=\u001b[32m\"true\"\u001b[39m\n                  \u001b[33mdata-placement\u001b[39m=\u001b[32m\"right-end\"\u001b[39m\n                  \u001b[33mdata-slot\u001b[39m=\u001b[32m\"content\"\u001b[39m\n                \u001b[36m>\u001b[39m\n                  \u001b[36m<div\u001b[39m\n                    \u001b[33maria-label\u001b[39m=\u001b[32m\"Notificaciones\"\u001b[39m\n                    \u001b[33mclass\u001b[39m=\u001b[32m\"inline-flex w-full\"\u001b[39m\n                    \u001b[33mdata-slot\u001b[39m=\u001b[32m\"base\"\u001b[39m\n                  \u001b[36m>\u001b[39m\n                    \u001b[36m<div\u001b[39m\n                      \u001b[33maria-label\u001b[39m=\u001b[32m\"Notificaciones\"\u001b[39m\n                      \u001b[33maria-orientation\u001b[39m=\u001b[32m\"horizontal\"\u001b[39m\n                      \u001b[33mclass\u001b[39m=\u001b[32m\"flex p-1 h-fit gap-2 items-center flex-nowrap overflow-x-scroll scrollbar-hide bg-default-100 rounded-medium\"\u001b[39m\n                      \u001b[33mdata-slot\u001b[39m=\u001b[32m\"tabList\"\u001b[39m\n                      \u001b[33mid\u001b[39m=\u001b[32m\"react-aria-:rk:\"\u001b[39m\n                      \u001b[33mrole\u001b[39m=\u001b[32m\"tablist\"\u001b[39m\n                    \u001b[36m>\u001b[39m\n                      \u001b[36m<button\u001b[39m\n                        \u001b[33maria-controls\u001b[39m=\u001b[32m\"react-aria-:rk:-tabpanel-notifications\"\u001b[39m\n                        \u001b[33maria-selected\u001b[39m=\u001b[32m\"true\"\u001b[39m\n                        \u001b[33mclass\u001b[39m=\u001b[32m\"z-0 w-full px-3 py-1 flex group relative justify-center items-center cursor-pointer transition-opacity tap-highlight-transparent data-[disabled=true]:cursor-not-allowed data-[disabled=true]:opacity-30 data-[hover-unselected=true]:opacity-disabled outline-none data-[focus-visible=true]:z-10 data-[focus-visible=true]:outline-2 data-[focus-visible=true]:outline-focus data-[focus-visible=true]:outline-offset-2 h-8 text-small rounded-small\"\u001b[39m\n                        \u001b[33mdata-key\u001b[39m=\u001b[32m\"notifications\"\u001b[39m\n                        \u001b[33mdata-selec...\n\u001b[2m\u001b[22m\n\u001b[2m    \u001b[0m \u001b[90m 278 |\u001b[39m           \u001b[33m.\u001b[39mgetByTestId(\u001b[32m'notification-popover'\u001b[39m)\u001b[22m\n\u001b[2m     \u001b[90m 279 |\u001b[39m           \u001b[33m.\u001b[39mquerySelector(\u001b[32m'[data-slot=\"content\"]'\u001b[39m)\u001b[33m;\u001b[39m\u001b[22m\n\u001b[2m    \u001b[31m\u001b[1m>\u001b[22m\u001b[2m\u001b[39m\u001b[90m 280 |\u001b[39m         expect(content)\u001b[33m.\u001b[39mtoHaveClass(\u001b[32m'max-w-[calc(100vw-2rem)]'\u001b[39m)\u001b[33m;\u001b[39m\u001b[22m\n\u001b[2m     \u001b[90m     |\u001b[39m                         \u001b[31m\u001b[1m^\u001b[22m\u001b[2m\u001b[39m\u001b[22m\n\u001b[2m     \u001b[90m 281 |\u001b[39m         expect(content)\u001b[33m.\u001b[39mtoHaveClass(\u001b[32m'z-50'\u001b[39m)\u001b[33m;\u001b[39m\u001b[22m\n\u001b[2m     \u001b[90m 282 |\u001b[39m       })\u001b[33m;\u001b[39m\u001b[22m\n\u001b[2m     \u001b[90m 283 |\u001b[39m     })\u001b[33m;\u001b[39m\u001b[0m\u001b[22m\n\u001b[2m\u001b[22m\n\u001b[2m      \u001b[2mat toHaveClass (C:\\Users\\leovp\\Programming\\adorador\\adorador-frontend\\src\\app\\(public)\u001b[22m\u001b[2m../../../../../_ui/header/components/__tests__/NotificationBell.test.tsx\u001b[2m:280:25)\u001b[22m\u001b[2m\u001b[22m\n\u001b[2m      \u001b[2mat runWithExpensiveErrorDiagnosticsDisabled (\u001b[22m\u001b[2mnode_modules/@testing-library/dom/dist/config.js\u001b[2m:47:12)\u001b[22m\u001b[2m\u001b[22m\n\u001b[2m      \u001b[2mat checkCallback (\u001b[22m\u001b[2mnode_modules/@testing-library/dom/dist/wait-for.js\u001b[2m:124:77)\u001b[22m\u001b[2m\u001b[22m\n\u001b[2m      \u001b[2mat checkRealTimersCallback (\u001b[22m\u001b[2mnode_modules/@testing-library/dom/dist/wait-for.js\u001b[2m:118:16)\u001b[22m\u001b[2m\u001b[22m\n\u001b[2m      \u001b[2mat Timeout.task [as _onTimeout] (\u001b[22m\u001b[2mnode_modules/jsdom/lib/jsdom/browser/Window.js\u001b[2m:579:19)\u001b[22m\u001b[2m\u001b[22m\n\n\u001b[1m\u001b[31m  \u001b[1m● \u001b[22m\u001b[1mNotificationBell › Popover de invitaciones › debe mostrar mensaje cuando no hay invitaciones\u001b[39m\u001b[22m\n\n    Unable to find an element with the text: No tienes invitaciones pendientes. This could be because the text is broken up by multiple elements. In this case, you can provide a function for your text matcher to make your matcher more flexible.\n\n    Ignored nodes: comments, script, style\n    \u001b[36m<body>\u001b[39m\n      \u001b[36m<div\u001b[39m\n        \u001b[33maria-hidden\u001b[39m=\u001b[32m\"true\"\u001b[39m\n      \u001b[36m>\u001b[39m\n        \u001b[36m<button\u001b[39m\n          \u001b[33maria-controls\u001b[39m=\u001b[32m\"react-aria-:rt:\"\u001b[39m\n          \u001b[33maria-expanded\u001b[39m=\u001b[32m\"true\"\u001b[39m\n          \u001b[33maria-haspopup\u001b[39m=\u001b[32m\"dialog\"\u001b[39m\n          \u001b[33maria-label\u001b[39m=\u001b[32m\"Notificaciones\"\u001b[39m\n          \u001b[33mclass\u001b[39m=\u001b[32m\"group inline-flex items-center justify-center box-border appearance-none select-none whitespace-nowrap font-normal tap-highlight-transparent data-[pressed=true]:scale-[0.97] outline-none data-[focus-visible=true]:z-10 data-[focus-visible=true]:outline-2 data-[focus-visible=true]:outline-focus data-[focus-visible=true]:outline-offset-2 text-small gap-2 rounded-medium px-0 !gap-0 transition-transform-colors-opacity motion-reduce:transition-none bg-transparent text-default-foreground data-[hover=true]:bg-default/40 min-w-10 w-10 h-10 z-10 aria-expanded:scale-[0.97] aria-expanded:opacity-70 subpixel-antialiased relative overflow-visible\"\u001b[39m\n          \u001b[33mdata-hover\u001b[39m=\u001b[32m\"true\"\u001b[39m\n          \u001b[33mdata-slot\u001b[39m=\u001b[32m\"trigger\"\u001b[39m\n          \u001b[33mdata-testid\u001b[39m=\u001b[32m\"notification-bell-button\"\u001b[39m\n          \u001b[33mtype\u001b[39m=\u001b[32m\"button\"\u001b[39m\n        \u001b[36m>\u001b[39m\n          \u001b[36m<svg\u001b[39m\n            \u001b[33maria-hidden\u001b[39m=\u001b[32m\"true\"\u001b[39m\n            \u001b[33mclass\u001b[39m=\u001b[32m\"text-2xl text-brand-purple-600\"\u001b[39m\n            \u001b[33mfill\u001b[39m=\u001b[32m\"none\"\u001b[39m\n            \u001b[33mfocusable\u001b[39m=\u001b[32m\"false\"\u001b[39m\n            \u001b[33mheight\u001b[39m=\u001b[32m\"1em\"\u001b[39m\n            \u001b[33mrole\u001b[39m=\u001b[32m\"presentation\"\u001b[39m\n            \u001b[33mviewBox\u001b[39m=\u001b[32m\"0 0 24 24\"\u001b[39m\n            \u001b[33mwidth\u001b[39m=\u001b[32m\"1em\"\u001b[39m\n          \u001b[36m>\u001b[39m\n            \u001b[36m<path\u001b[39m\n              \u001b[33md\u001b[39m=\u001b[32m\"M12 22c1.1 0 2-.9 2-2h-4a2 2 0 0 0 2 2m6-6v-5c0-3.07-1.64-5.64-4.5-6.32V4c0-.83-.67-1.5-1.5-1.5s-1.5.67-1.5 1.5v.68C7.63 5.36 6 7.92 6 11v5l-2 2v1h16v-1z\"\u001b[39m\n              \u001b[33mfill\u001b[39m=\u001b[32m\"currentColor\"\u001b[39m\n            \u001b[36m/>\u001b[39m\n          \u001b[36m</svg>\u001b[39m\n        \u001b[36m</button>\u001b[39m\n      \u001b[36m</div>\u001b[39m\n      \u001b[36m<span\u001b[39m\n        \u001b[33maria-hidden\u001b[39m=\u001b[32m\"true\"\u001b[39m\n        \u001b[33mdata-focus-scope-start\u001b[39m=\u001b[32m\"true\"\u001b[39m\n        \u001b[33mhidden\u001b[39m=\u001b[32m\"\"\u001b[39m\n      \u001b[36m/>\u001b[39m\n      \u001b[36m<div\u001b[39m\n        \u001b[33mstyle\u001b[39m=\u001b[32m\"position: absolute; z-index: 100000; max-height: -24px; left: 7px; top: 12px;\"\u001b[39m\n      \u001b[36m>\u001b[39m\n        \u001b[36m<div>\u001b[39m\n          \u001b[36m<div\u001b[39m\n            \u001b[33mstyle\u001b[39m=\u001b[32m\"opacity: 1; transform: scale(1); will-change: opacity,transform; transform-origin: 0% 100% 0;\"\u001b[39m\n          \u001b[36m>\u001b[39m\n            \u001b[36m<div\u001b[39m\n              \u001b[33mclass\u001b[39m=\u001b[32m\"z-0 relative bg-transparent before:content-[''] before:hidden before:z-[-1] before:absolute before:rotate-45 before:w-2.5 before:h-2.5 before:rounded-sm data-[arrow=true]:before:block data-[placement=top]:before:-bottom-[calc(theme(spacing.5)/4_-_1.5px)] data-[placement=top]:before:left-1/2 data-[placement=top]:before:-translate-x-1/2 data-[placement=top-start]:before:-bottom-[calc(theme(spacing.5)/4_-_1.5px)] data-[placement=top-start]:before:left-3 data-[placement=top-end]:before:-bottom-[calc(theme(spacing.5)/4_-_1.5px)] data-[placement=top-end]:before:right-3 data-[placement=bottom]:before:-top-[calc(theme(spacing.5)/4_-_1.5px)] data-[placement=bottom]:before:left-1/2 data-[placement=bottom]:before:-translate-x-1/2 data-[placement=bottom-start]:before:-top-[calc(theme(spacing.5)/4_-_1.5px)] data-[placement=bottom-start]:before:left-3 data-[placement=bottom-end]:before:-top-[calc(theme(spacing.5)/4_-_1.5px)] data-[placement=bottom-end]:before:right-3 data-[placement=left]:before:-right-[calc(theme(spacing.5)/4_-_2px)] data-[placement=left]:before:top-1/2 data-[placement=left]:before:-translate-y-1/2 data-[placement=left-start]:before:-right-[calc(theme(spacing.5)/4_-_3px)] data-[placement=left-start]:before:top-1/4 data-[placement=left-end]:before:-right-[calc(theme(spacing.5)/4_-_3px)] data-[placement=left-end]:before:bottom-1/4 data-[placement=right]:before:-left-[calc(theme(spacing.5)/4_-_2px)] data-[placement=right]:before:top-1/2 data-[placement=right]:before:-translate-y-1/2 data-[placement=right-start]:before:-left-[calc(theme(spacing.5)/4_-_3px)] data-[placement=right-start]:before:top-1/4 data-[placement=right-end]:before:-left-[calc(theme(spacing.5)/4_-_3px)] data-[placement=right-end]:before:bottom-1/4 outline-none data-[focus-visible=true]:z-10 data-[focus-visible=true]:outline-2 data-[focus-visible=true]:outline-focus data-[focus-visible=true]:outline-offset-2 before:bg-content1 before:shadow-small\"\u001b[39m\n              \u001b[33mdata-focus\u001b[39m=\u001b[32m\"true\"\u001b[39m\n              \u001b[33mdata-open\u001b[39m=\u001b[32m\"true\"\u001b[39m\n              \u001b[33mdata-placement\u001b[39m=\u001b[32m\"right-end\"\u001b[39m\n              \u001b[33mdata-slot\u001b[39m=\u001b[32m\"base\"\u001b[39m\n              \u001b[33mdata-testid\u001b[39m=\u001b[32m\"notification-popover\"\u001b[39m\n              \u001b[33mrole\u001b[39m=\u001b[32m\"dialog\"\u001b[39m\n              \u001b[33mstyle\u001b[39m=\u001b[32m\"outline: none;\"\u001b[39m\n              \u001b[33mtabindex\u001b[39m=\u001b[32m\"-1\"\u001b[39m\n            \u001b[36m>\u001b[39m\n              \u001b[36m<div\u001b[39m\n                \u001b[33mclass\u001b[39m=\u001b[32m\"inline-flex flex-col items-center justify-center subpixel-antialiased outline-none box-border text-small bg-content1 rounded-large shadow-medium z-50 w-full p-4\"\u001b[39m\n                \u001b[33mdata-open\u001b[39m=\u001b[32m\"true\"\u001b[39m\n                \u001b[33mdata-placement\u001b[39m=\u001b[32m\"right-end\"\u001b[39m\n                \u001b[33mdata-slot\u001b[39m=\u001b[32m\"content\"\u001b[39m\n              \u001b[36m>\u001b[39m\n                \u001b[36m<div\u001b[39m\n                  \u001b[33maria-label\u001b[39m=\u001b[32m\"Notificaciones\"\u001b[39m\n                  \u001b[33mclass\u001b[39m=\u001b[32m\"inline-flex w-full\"\u001b[39m\n                  \u001b[33mdata-slot\u001b[39m=\u001b[32m\"base\"\u001b[39m\n                \u001b[36m>\u001b[39m\n                  \u001b[36m<div\u001b[39m\n                    \u001b[33maria-label\u001b[39m=\u001b[32m\"Notificaciones\"\u001b[39m\n                    \u001b[33maria-orientation\u001b[39m=\u001b[32m\"horizontal\"\u001b[39m\n                    \u001b[33mclass\u001b[39m=\u001b[32m\"flex p-1 h-fit gap-2 items-center flex-nowrap overflow-x-scroll scrollbar-hide bg-default-100 rounded-medium\"\u001b[39m\n                    \u001b[33mdata-slot\u001b[39m=\u001b[32m\"tabList\"\u001b[39m\n                    \u001b[33mid\u001b[39m=\u001b[32m\"react-aria-:r10:\"\u001b[39m\n                    \u001b[33mrole\u001b[39m=\u001b[32m\"tablist\"\u001b[39m\n                  \u001b[36m>\u001b[39m\n                    \u001b[36m<button\u001b[39m\n                      \u001b[33maria-controls\u001b[39m=\u001b[32m\"react-aria-:r10:-tabpanel-notifications\"\u001b[39m\n                      \u001b[33maria-selected\u001b[39m=\u001b[32m\"true\"\u001b[39m\n                      \u001b[33mclass\u001b[39m=\u001b[32m\"z-0 w-full px-3 py-1 flex group relative justify-center items-center cursor-pointer transition-opacity tap-highlight-transparent data-[disabled=true]:cursor-not-allowed data-[disabled=true]:opacity-30 data-[hover-unselected=true]:opacity-disabled outline-none data-[focus-visible=true]:z-10 data-[focus-visible=true]:outline-2 data-[focus-visible=true]:outline-focus data-[focus-visible=true]:outline-offset-2 h-8 text-small rounded-small\"\u001b[39m\n                      \u001b[33mdata-key\u001b[39m=\u001b[32m\"notifications\"\u001b[39m\n                      \u001b[33mdata-selected\u001b[39m=\u001b[32m\"true\"\u001b[39m\n                      \u001b[33mdata-slot\u001b[39m=\u001b[32m\"tab\"\u001b[39m\n                      \u001b[33mid\u001b[39m=\u001b[32m\"react-aria-:r10:-tab-notifications\"\u001b[39m\n                      \u001b[33mrole\u001b[39m=\u001b[32m\"tab\"\u001b[39m\n                      \u001b[33mtabindex\u001b[39m=\u001b[32m\"0\"\u001b[39m\n                      \u001b[33mtype\u001b[39m=\u001b[32m\"button\"\u001b[39m\n                    \u001b[36m>\u001b[39m\n                      \u001b[36m<span\u001b[39m\n                        \u001b[33mclass\u001b[39m=\u001b[32m\"absolute z-0 inset-0 rounded-small bg-background dark:bg-default shadow-small\"\u001b[39m\n                        \u001b[33mdata-slot\u001b[39m=\u001b[32m\"cursor\"\u001b[39m\n                        \u001b[33mstyle\u001b[39m=\u001b[32m\"opacity: 1;\"\u001b[39m\n                      \u001b[36m/>\u001b[39m\n                      \u001b[36m<div\u001b[39m\n                        \u001b[33mclass\u001b[39m=\u001b[32m\"relative z-10 whitespace-nowrap transition-colors text-default-500 group-data-[selected=true]:text-default-foreground\"\u001b[39m\n                        \u001b[33mdata-slot\u001b[39m=\u001b[32m\"tabContent\"\u001b[39m\n                      \u001b[36m>\u001b[39m\n                        \u001b[36m<div\u001b[39m\n                          \u001b[33mclass\u001b[39m=\u001b[32m\"flex items-center gap-2\"\u001b[39m\n                        \u001b[36m>\u001b[39m\n                          \u001b[36m<span>\u001b[39m\n                            \u001b[0mNotificaciones\u001b[0m\n                          \u001b[36m</span>\u001b[39m\n                        \u001b[36m</div>\u001b[39m\n                      \u001b[36m</div>\u001b[39m\n                    \u001b[36m</button>\u001b[39m\n                    \u001b[36m<button\u001b[39m\n                      \u001b[33maria-selected\u001b[39m=\u001b[32m\"false\"\u001b[39m\n                      \u001b[33mclass\u001b[39m=\u001b[32m\"z-0 w-full px-3 py-1 flex group relative justify-center items-center cursor-pointer transition-opacity tap-highlight-transparent data-[disabled=true]:cursor-not-allowed data-[disabled=true]:opacity-30 data-[hover-unselected=true]:opacity-disabled outline-none data-[focus-visible=true]:z-10 data-[focus-visible=true]:outline-2 data-[focus-visible=true]:outline-focus data-[focus-visible=true]:outline-offset-2 h-8 text-small rounded-small\"\u001b[39m\n                      \u001b[33mdata-key\u001b[39m=\u001b[32m\"invitations\"\u001b[39m\n                      \u001b[33mdata-slot\u001b[39m=\u001b[32m\"tab\"\u001b[39m\n                      \u001b[33mid\u001b[39m=\u001b[32m\"react-aria-:r10:-tab-invitations\"\u001b[39m\n                      \u001b[33mrole\u001b[39m=\u001b[32m\"tab\"\u001b[39m\n                      \u001b[33mtabindex\u001b[39m=\u001b[32m\"-1\"\u001b[39m\n                      \u001b[33mtype\u001b[39m=\u001b[32m\"button\"\u001b[39m\n                    \u001b[36m>\u001b[39m\n                      \u001b[36m<div\u001b[39m\n                        \u001b[33mclass\u001b[39m=\u001b[32m\"relative z-10 whitespace-nowrap transition-colors text-default-500 group-data-[selected=true]:text-default-foreground\"\u001b[39m\n                        \u001b[33mdata-slot\u001b[39m=\u001b[32m\"tabContent\"\u001b[39m\n                      \u001b[36m>\u001b[39m\n                        \u001b[36m<div\u001b[39m\n                          \u001b[33mclass\u001b[39m=\u001b[32m\"flex items-center gap-2\"\u001b[39m\n                        \u001b[36m>\u001b[39m\n                          \u001b[36m<span>\u001b[39m\n                            \u001b[0mInvitaciones\u001b[0m\n                          \u001b[36m</span>\u001b[39m\n                        \u001b[36m</div>\u001b[39m\n                      \u001b[36m</div>\u001b[39m\n                    \u001b[36m</button>\u001b[39m\n                  \u001b[36m</div>\u001b[39m\n                \u001b[36m</div>\u001b[39m\n                \u001b[36m<div\u001b[39m\n                  \u001b[33maria-labelledby\u001b[39m=\u001b[32m\"react-aria-:r10:-tab-notifications\"\u001b[39m\n                  \u001b[33mclass\u001b[39m=\u001b[32m\"py-3 px-1 data-[inert=true]:hidden outline-none data-[focus-visible=true]:z-10 data-[focus-visible=true]:outline-2 data-[focus-visible=true]:outline-focus data-[focus-visible=true]:outline-offset-2\"\u001b[39m\n                  \u001b[33mdata-focus\u001b[39m=\u001b[32m\"false\"\u001b[39m\n                  \u001b[33mdata-focus-visible\u001b[39m=\u001b[32m\"false\"\u001b[39m\n                  \u001b[33mdata-slot\u001b[39m=\u001b[32m\"panel\"\u001b[39m\n                  \u001b[33mid\u001b[39m=\u001b[32m\"react-aria-:r10:-tabpanel-notifications\"\u001b[39m\n                  \u001b[33mrole\u001b[39m=\u001b[32m\"tabpanel\"\u001b[39m\n                  \u001b[33mtabindex\u001b[39m=\u001b[32m\"0\"\u001b[39m\n                \u001b[36m>\u001b[39m\n                  \u001b[36m<p\u001b[39m\n                    \u001b[33mclass\u001b[39m=\u001b[32m\"py-8 text-center text-sm text-gray-500\"\u001b[39m\n                  \u001b[36m>\u001b[39m\n                    \u001b[0mNo tienes notificaciones\u001b[0m\n                  \u001b[36m</p>\u001b[39m\n                \u001b[36m</div>\u001b[39m\n              \u001b[36m</div>\u001b[39m\n            \u001b[36m</div>\u001b[39m\n            \u001b[36m<div\u001b[39m\n              \u001b[33mstyle\u001b[39m=\u001b[32m\"border: 0px; clip-path: inset(50%); height: 1px; margin: -1px; overflow: hidden; padding: 0px; position: absolute; width: 1px; white-space: nowrap;\"\u001b[39m\n            \u001b[36m>\u001b[39m\n              \u001b[36m<button\u001b[39m\n                \u001b[33maria-label\u001b[39m=\u001b[32m\"Dismiss\"\u001b[39m\n                \u001b[33mid\u001b[39m=\u001b[32m\"react-aria-:r15:\"\u001b[39m\n                \u001b[33mstyle\u001b[39m=\u001b[32m\"width: 1px; height: 1px;\"\u001b[39m\n                \u001b[33mtabindex\u001b[39m=\u001b[32m\"-1\"\u001b[39m\n              \u001b[36m/>\u001b[39m\n            \u001b[36m</div>\u001b[39m\n          \u001b[36m</div>\u001b[39m\n        \u001b[36m</div>\u001b[39m\n      \u001b[36m</div>\u001b[39m\n      \u001b[36m<span\u001b[39m\n        \u001b[33maria-hidden\u001b[39m=\u001b[32m\"true\"\u001b[39m\n        \u001b[33mdata-focus-scope-end\u001b[39m=\u001b[32m\"true\"\u001b[39m\n        \u001b[33mhidden\u001b[39m=\u001b[32m\"\"\u001b[39m\n      \u001b[36m/>\u001b[39m\n    \u001b[36m</body>\u001b[39m\n\u001b[2m\u001b[22m\n\u001b[2m    \u001b[0m \u001b[90m 290 |\u001b[39m       \u001b[36mawait\u001b[39m user\u001b[33m.\u001b[39mclick(button)\u001b[33m;\u001b[39m\u001b[22m\n\u001b[2m     \u001b[90m 291 |\u001b[39m\u001b[22m\n\u001b[2m    \u001b[31m\u001b[1m>\u001b[22m\u001b[2m\u001b[39m\u001b[90m 292 |\u001b[39m       \u001b[36mawait\u001b[39m waitFor(() \u001b[33m=>\u001b[39m {\u001b[22m\n\u001b[2m     \u001b[90m     |\u001b[39m                    \u001b[31m\u001b[1m^\u001b[22m\u001b[2m\u001b[39m\u001b[22m\n\u001b[2m     \u001b[90m 293 |\u001b[39m         expect(\u001b[22m\n\u001b[2m     \u001b[90m 294 |\u001b[39m           screen\u001b[33m.\u001b[39mgetByText(\u001b[32m'No tienes invitaciones pendientes'\u001b[39m)\u001b[33m,\u001b[39m\u001b[22m\n\u001b[2m     \u001b[90m 295 |\u001b[39m         )\u001b[33m.\u001b[39mtoBeInTheDocument()\u001b[33m;\u001b[39m\u001b[0m\u001b[22m\n\u001b[2m\u001b[22m\n\u001b[2m      \u001b[2mat waitForWrapper (\u001b[22m\u001b[2mnode_modules/@testing-library/dom/dist/wait-for.js\u001b[2m:163:27)\u001b[22m\u001b[2m\u001b[22m\n\u001b[2m      \u001b[2mat Object.<anonymous> (C:\\Users\\leovp\\Programming\\adorador\\adorador-frontend\\src\\app\\(public)\u001b[22m\u001b[2m../../../../../_ui/header/components/__tests__/NotificationBell.test.tsx\u001b[2m:292:20)\u001b[22m\u001b[2m\u001b[22m\n","name":"C:\\Users\\leovp\\Programming\\adorador\\adorador-frontend\\src\\app\\(public)\\_ui\\header\\components\\__tests__\\NotificationBell.test.tsx","startTime":1763189468442,"status":"failed","summary":""},{"assertionResults":[{"ancestorTitles":["ButtonNormalizeLyrics"],"duration":266,"failing":false,"failureDetails":[],"failureMessages":[],"fullName":"ButtonNormalizeLyrics should render the normalize button","invocations":1,"location":null,"numPassingAsserts":1,"retryReasons":[],"startAt":1763189555020,"status":"passed","title":"should render the normalize button"},{"ancestorTitles":["ButtonNormalizeLyrics"],"duration":13,"failing":false,"failureDetails":[],"failureMessages":[],"fullName":"ButtonNormalizeLyrics should not render when lyrics array is empty","invocations":1,"location":null,"numPassingAsserts":1,"retryReasons":[],"startAt":1763189555288,"status":"passed","title":"should not render when lyrics array is empty"},{"ancestorTitles":["ButtonNormalizeLyrics"],"duration":431,"failing":false,"failureDetails":[],"failureMessages":[],"fullName":"ButtonNormalizeLyrics should open modal when button is clicked","invocations":1,"location":null,"numPassingAsserts":1,"retryReasons":[],"startAt":1763189555302,"status":"passed","title":"should open modal when button is clicked"},{"ancestorTitles":["ButtonNormalizeLyrics"],"duration":138,"failing":false,"failureDetails":[],"failureMessages":[],"fullName":"ButtonNormalizeLyrics should display correct number of lyrics in modal","invocations":1,"location":null,"numPassingAsserts":1,"retryReasons":[],"startAt":1763189555733,"status":"passed","title":"should display correct number of lyrics in modal"},{"ancestorTitles":["ButtonNormalizeLyrics"],"duration":247,"failing":false,"failureDetails":[],"failureMessages":[],"fullName":"ButtonNormalizeLyrics should show normalization details in modal","invocations":1,"location":null,"numPassingAsserts":3,"retryReasons":[],"startAt":1763189555871,"status":"passed","title":"should show normalization details in modal"},{"ancestorTitles":["ButtonNormalizeLyrics"],"duration":151,"failing":false,"failureDetails":[],"failureMessages":[],"fullName":"ButtonNormalizeLyrics should display warning message","invocations":1,"location":null,"numPassingAsserts":1,"retryReasons":[],"startAt":1763189556119,"status":"passed","title":"should display warning message"},{"ancestorTitles":["ButtonNormalizeLyrics"],"duration":288,"failing":false,"failureDetails":[],"failureMessages":[],"fullName":"ButtonNormalizeLyrics should have cancel and normalize buttons in modal","invocations":1,"location":null,"numPassingAsserts":2,"retryReasons":[],"startAt":1763189556271,"status":"passed","title":"should have cancel and normalize buttons in modal"},{"ancestorTitles":["ButtonNormalizeLyrics"],"duration":26,"failing":false,"failureDetails":[],"failureMessages":[],"fullName":"ButtonNormalizeLyrics should disable button when processing","invocations":1,"location":null,"numPassingAsserts":1,"retryReasons":[],"startAt":1763189556559,"status":"passed","title":"should disable button when processing"},{"ancestorTitles":["ButtonNormalizeLyrics"],"duration":20,"failing":false,"failureDetails":[],"failureMessages":[],"fullName":"ButtonNormalizeLyrics should not show emoji icon (removed for minimalist design)","invocations":1,"location":null,"numPassingAsserts":1,"retryReasons":[],"startAt":1763189556586,"status":"passed","title":"should not show emoji icon (removed for minimalist design)"},{"ancestorTitles":["ButtonNormalizeLyrics"],"duration":47,"failing":false,"failureDetails":[],"failureMessages":[],"fullName":"ButtonNormalizeLyrics should apply correct minimalist CSS classes","invocations":1,"location":null,"numPassingAsserts":4,"retryReasons":[],"startAt":1763189556606,"status":"passed","title":"should apply correct minimalist CSS classes"}],"endTime":1763189556668,"message":"","name":"C:\\Users\\leovp\\Programming\\adorador\\adorador-frontend\\src\\app\\(public)\\grupos\\[bandId]\\canciones\\[songId]\\_components\\__tests__\\ButtonNormalizeLyrics.test.tsx","startTime":1763189549326,"status":"passed","summary":""},{"assertionResults":[{"ancestorTitles":["ResourcesSection Component","Component Rendering"],"duration":303,"failing":false,"failureDetails":[],"failureMessages":[],"fullName":"ResourcesSection Component Component Rendering should render the section","invocations":1,"location":null,"numPassingAsserts":2,"retryReasons":[],"startAt":1763189555740,"status":"passed","title":"should render the section"},{"ancestorTitles":["ResourcesSection Component","Component Rendering"],"duration":177,"failing":false,"failureDetails":[],"failureMessages":[],"fullName":"ResourcesSection Component Component Rendering should render section header","invocations":1,"location":null,"numPassingAsserts":2,"retryReasons":[],"startAt":1763189556046,"status":"passed","title":"should render section header"},{"ancestorTitles":["ResourcesSection Component","Component Rendering"],"duration":64,"failing":false,"failureDetails":[],"failureMessages":[],"fullName":"ResourcesSection Component Component Rendering should render subtitle","invocations":1,"location":null,"numPassingAsserts":1,"retryReasons":[],"startAt":1763189556224,"status":"passed","title":"should render subtitle"},{"ancestorTitles":["ResourcesSection Component","Posts Grid"],"duration":69,"failing":false,"failureDetails":[],"failureMessages":[],"fullName":"ResourcesSection Component Posts Grid should render three posts","invocations":1,"location":null,"numPassingAsserts":3,"retryReasons":[],"startAt":1763189556289,"status":"passed","title":"should render three posts"},{"ancestorTitles":["ResourcesSection Component","Posts Grid"],"duration":38,"failing":false,"failureDetails":[],"failureMessages":[],"fullName":"ResourcesSection Component Posts Grid should render post images","invocations":1,"location":null,"numPassingAsserts":1,"retryReasons":[],"startAt":1763189556358,"status":"passed","title":"should render post images"},{"ancestorTitles":["ResourcesSection Component","Posts Grid"],"duration":45,"failing":false,"failureDetails":[],"failureMessages":[],"fullName":"ResourcesSection Component Posts Grid should render post excerpts","invocations":1,"location":null,"numPassingAsserts":1,"retryReasons":[],"startAt":1763189556397,"status":"passed","title":"should render post excerpts"},{"ancestorTitles":["ResourcesSection Component","Posts Grid"],"duration":42,"failing":false,"failureDetails":[],"failureMessages":[],"fullName":"ResourcesSection Component Posts Grid should render clickable post cards as links","invocations":1,"location":null,"numPassingAsserts":1,"retryReasons":[],"startAt":1763189556443,"status":"passed","title":"should render clickable post cards as links"},{"ancestorTitles":["ResourcesSection Component","Posts Grid"],"duration":39,"failing":false,"failureDetails":[],"failureMessages":[],"fullName":"ResourcesSection Component Posts Grid should have correct links for posts","invocations":1,"location":null,"numPassingAsserts":1,"retryReasons":[],"startAt":1763189556486,"status":"passed","title":"should have correct links for posts"},{"ancestorTitles":["ResourcesSection Component","Post Card Styling"],"duration":52,"failing":false,"failureDetails":[],"failureMessages":[],"fullName":"ResourcesSection Component Post Card Styling should render post cards with styling","invocations":1,"location":null,"numPassingAsserts":1,"retryReasons":[],"startAt":1763189556526,"status":"passed","title":"should render post cards with styling"},{"ancestorTitles":["ResourcesSection Component","Post Card Styling"],"duration":99,"failing":false,"failureDetails":[],"failureMessages":[],"fullName":"ResourcesSection Component Post Card Styling should display post titles as headings","invocations":1,"location":null,"numPassingAsserts":1,"retryReasons":[],"startAt":1763189556579,"status":"passed","title":"should display post titles as headings"},{"ancestorTitles":["ResourcesSection Component","View All Link"],"duration":90,"failing":false,"failureDetails":[],"failureMessages":[],"fullName":"ResourcesSection Component View All Link should render \"Ver todos los recursos\" button","invocations":1,"location":null,"numPassingAsserts":1,"retryReasons":[],"startAt":1763189556679,"status":"passed","title":"should render \"Ver todos los recursos\" button"},{"ancestorTitles":["ResourcesSection Component","View All Link"],"duration":86,"failing":false,"failureDetails":[],"failureMessages":[],"fullName":"ResourcesSection Component View All Link should link to discipulado page","invocations":1,"location":null,"numPassingAsserts":1,"retryReasons":[],"startAt":1763189556770,"status":"passed","title":"should link to discipulado page"},{"ancestorTitles":["ResourcesSection Component","View All Link"],"duration":63,"failing":false,"failureDetails":[],"failureMessages":[],"fullName":"ResourcesSection Component View All Link should render arrow icon","invocations":1,"location":null,"numPassingAsserts":1,"retryReasons":[],"startAt":1763189556856,"status":"passed","title":"should render arrow icon"},{"ancestorTitles":["ResourcesSection Component","View All Link"],"duration":48,"failing":false,"failureDetails":[],"failureMessages":[],"fullName":"ResourcesSection Component View All Link should display view all button","invocations":1,"location":null,"numPassingAsserts":2,"retryReasons":[],"startAt":1763189556919,"status":"passed","title":"should display view all button"},{"ancestorTitles":["ResourcesSection Component","Responsive Layout"],"duration":74,"failing":false,"failureDetails":[],"failureMessages":[],"fullName":"ResourcesSection Component Responsive Layout should have responsive grid","invocations":1,"location":null,"numPassingAsserts":1,"retryReasons":[],"startAt":1763189556968,"status":"passed","title":"should have responsive grid"},{"ancestorTitles":["ResourcesSection Component","Responsive Layout"],"duration":42,"failing":false,"failureDetails":[],"failureMessages":[],"fullName":"ResourcesSection Component Responsive Layout should have responsive padding","invocations":1,"location":null,"numPassingAsserts":1,"retryReasons":[],"startAt":1763189557043,"status":"passed","title":"should have responsive padding"},{"ancestorTitles":["ResourcesSection Component","Image Handling"],"duration":33,"failing":false,"failureDetails":[],"failureMessages":[],"fullName":"ResourcesSection Component Image Handling should use correct image paths","invocations":1,"location":null,"numPassingAsserts":3,"retryReasons":[],"startAt":1763189557086,"status":"passed","title":"should use correct image paths"},{"ancestorTitles":["ResourcesSection Component","Image Handling"],"duration":40,"failing":false,"failureDetails":[],"failureMessages":[],"fullName":"ResourcesSection Component Image Handling should have proper image dimensions","invocations":1,"location":null,"numPassingAsserts":6,"retryReasons":[],"startAt":1763189557120,"status":"passed","title":"should have proper image dimensions"},{"ancestorTitles":["ResourcesSection Component","Accessibility"],"duration":37,"failing":false,"failureDetails":[],"failureMessages":[],"fullName":"ResourcesSection Component Accessibility should have proper heading hierarchy","invocations":1,"location":null,"numPassingAsserts":2,"retryReasons":[],"startAt":1763189557160,"status":"passed","title":"should have proper heading hierarchy"},{"ancestorTitles":["ResourcesSection Component","Accessibility"],"duration":61,"failing":false,"failureDetails":[],"failureMessages":[],"fullName":"ResourcesSection Component Accessibility should have alt text for images","invocations":1,"location":null,"numPassingAsserts":3,"retryReasons":[],"startAt":1763189557197,"status":"passed","title":"should have alt text for images"},{"ancestorTitles":["ResourcesSection Component","Content Truncation"],"duration":59,"failing":false,"failureDetails":[],"failureMessages":[],"fullName":"ResourcesSection Component Content Truncation should truncate long content","invocations":1,"location":null,"numPassingAsserts":1,"retryReasons":[],"startAt":1763189557260,"status":"passed","title":"should truncate long content"}],"endTime":1763189557335,"message":"","name":"C:\\Users\\leovp\\Programming\\adorador\\adorador-frontend\\src\\app\\(public)\\(home)\\_components\\__tests__\\ResourcesSection.test.tsx","startTime":1763189549691,"status":"passed","summary":""},{"assertionResults":[{"ancestorTitles":["AddSongEventButton"],"duration":247,"failing":false,"failureDetails":[],"failureMessages":[],"fullName":"AddSongEventButton should render the button","invocations":1,"location":null,"numPassingAsserts":1,"retryReasons":[],"startAt":1763189555091,"status":"passed","title":"should render the button"},{"ancestorTitles":["AddSongEventButton"],"duration":675,"failing":false,"failureDetails":[],"failureMessages":[],"fullName":"AddSongEventButton should open popover when clicking the button","invocations":1,"location":null,"numPassingAsserts":2,"retryReasons":[],"startAt":1763189555341,"status":"passed","title":"should open popover when clicking the button"},{"ancestorTitles":["AddSongEventButton"],"duration":452,"failing":false,"failureDetails":[],"failureMessages":[],"fullName":"AddSongEventButton should open catalog modal when clicking catalog button","invocations":1,"location":null,"numPassingAsserts":3,"retryReasons":[],"startAt":1763189556016,"status":"passed","title":"should open catalog modal when clicking catalog button"},{"ancestorTitles":["AddSongEventButton"],"duration":384,"failing":false,"failureDetails":[],"failureMessages":[],"fullName":"AddSongEventButton should open new song modal when clicking new song button","invocations":1,"location":null,"numPassingAsserts":3,"retryReasons":[],"startAt":1763189556470,"status":"passed","title":"should open new song modal when clicking new song button"},{"ancestorTitles":["AddSongEventButton"],"duration":413,"failing":false,"failureDetails":[],"failureMessages":[],"fullName":"AddSongEventButton should close catalog modal when close button is clicked","invocations":1,"location":null,"numPassingAsserts":3,"retryReasons":[],"startAt":1763189556856,"status":"passed","title":"should close catalog modal when close button is clicked"},{"ancestorTitles":["AddSongEventButton"],"duration":405,"failing":false,"failureDetails":[],"failureMessages":[],"fullName":"AddSongEventButton should close new song modal when close button is clicked","invocations":1,"location":null,"numPassingAsserts":3,"retryReasons":[],"startAt":1763189557270,"status":"passed","title":"should close new song modal when close button is clicked"},{"ancestorTitles":["AddSongEventButton"],"duration":441,"failing":false,"failureDetails":[],"failureMessages":[],"fullName":"AddSongEventButton should render modals outside popover in the component tree","invocations":1,"location":null,"numPassingAsserts":3,"retryReasons":[],"startAt":1763189557676,"status":"passed","title":"should render modals outside popover in the component tree"}],"endTime":1763189558125,"message":"","name":"C:\\Users\\leovp\\Programming\\adorador\\adorador-frontend\\src\\app\\(public)\\grupos\\[bandId]\\eventos\\[eventId]\\en-vivo\\_components\\addSongToEvent\\__tests__\\AddSongEventButton.test.tsx","startTime":1763189549044,"status":"passed","summary":""},{"assertionResults":[{"ancestorTitles":["UpdatingSongList"],"duration":324,"failing":false,"failureDetails":[],"failureMessages":[],"fullName":"UpdatingSongList should render the edit button","invocations":1,"location":null,"numPassingAsserts":1,"retryReasons":[],"startAt":1763189553088,"status":"passed","title":"should render the edit button"},{"ancestorTitles":["UpdatingSongList"],"duration":1361,"failing":false,"failureDetails":[],"failureMessages":[],"fullName":"UpdatingSongList should open modal when clicking the edit button","invocations":1,"location":null,"numPassingAsserts":3,"retryReasons":[],"startAt":1763189553416,"status":"passed","title":"should open modal when clicking the edit button"},{"ancestorTitles":["UpdatingSongList"],"duration":840,"failing":false,"failureDetails":[],"failureMessages":[],"fullName":"UpdatingSongList should reset state when opening modal","invocations":1,"location":null,"numPassingAsserts":2,"retryReasons":[],"startAt":1763189554778,"status":"passed","title":"should reset state when opening modal"},{"ancestorTitles":["UpdatingSongList"],"duration":919,"failing":false,"failureDetails":[],"failureMessages":[],"fullName":"UpdatingSongList should close modal and reset changes when clicking cancel","invocations":1,"location":null,"numPassingAsserts":2,"retryReasons":[],"startAt":1763189555619,"status":"passed","title":"should close modal and reset changes when clicking cancel"},{"ancestorTitles":["UpdatingSongList"],"duration":822,"failing":false,"failureDetails":[],"failureMessages":[],"fullName":"UpdatingSongList should show save button as disabled when there are no changes","invocations":1,"location":null,"numPassingAsserts":3,"retryReasons":[],"startAt":1763189556538,"status":"passed","title":"should show save button as disabled when there are no changes"},{"ancestorTitles":["UpdatingSongList"],"duration":223,"failing":false,"failureDetails":[],"failureMessages":[],"fullName":"UpdatingSongList should display empty state when there are no songs","invocations":1,"location":null,"numPassingAsserts":1,"retryReasons":[],"startAt":1763189557360,"status":"passed","title":"should display empty state when there are no songs"},{"ancestorTitles":["UpdatingSongList"],"duration":78,"failing":false,"failureDetails":[],"failureMessages":[],"fullName":"UpdatingSongList should call refetch after successful save","invocations":1,"location":null,"numPassingAsserts":1,"retryReasons":[],"startAt":1763189557583,"status":"passed","title":"should call refetch after successful save"},{"ancestorTitles":["UpdatingSongList"],"duration":47,"failing":false,"failureDetails":[],"failureMessages":[],"fullName":"UpdatingSongList should show error toast on update failure","invocations":1,"location":null,"numPassingAsserts":1,"retryReasons":[],"startAt":1763189557661,"status":"passed","title":"should show error toast on update failure"},{"ancestorTitles":["UpdatingSongList"],"duration":69,"failing":false,"failureDetails":[],"failureMessages":[],"fullName":"UpdatingSongList should show success toast after saving","invocations":1,"location":null,"numPassingAsserts":1,"retryReasons":[],"startAt":1763189557709,"status":"passed","title":"should show success toast after saving"},{"ancestorTitles":["UpdatingSongList"],"duration":569,"failing":false,"failureDetails":[],"failureMessages":[],"fullName":"UpdatingSongList should show loading state on save button when pending","invocations":1,"location":null,"numPassingAsserts":1,"retryReasons":[],"startAt":1763189557782,"status":"passed","title":"should show loading state on save button when pending"},{"ancestorTitles":["UpdatingSongList"],"duration":556,"failing":false,"failureDetails":[],"failureMessages":[],"fullName":"UpdatingSongList should disable cancel button when operation is pending","invocations":1,"location":null,"numPassingAsserts":1,"retryReasons":[],"startAt":1763189558352,"status":"passed","title":"should disable cancel button when operation is pending"},{"ancestorTitles":["UpdatingSongList"],"duration":319,"failing":false,"failureDetails":[],"failureMessages":[],"fullName":"UpdatingSongList should maintain modal open state during save operation","invocations":1,"location":null,"numPassingAsserts":1,"retryReasons":[],"startAt":1763189558909,"status":"passed","title":"should maintain modal open state during save operation"}],"endTime":1763189559240,"message":"","name":"C:\\Users\\leovp\\Programming\\adorador\\adorador-frontend\\src\\app\\(public)\\grupos\\[bandId]\\eventos\\[eventId]\\en-vivo\\_components\\updatingElements\\__tests__\\UpdatingSongList.test.tsx","startTime":1763189540166,"status":"passed","summary":""},{"assertionResults":[{"ancestorTitles":["AddSongToEventModal"],"duration":704,"failing":false,"failureDetails":[],"failureMessages":[],"fullName":"AddSongToEventModal debe renderizar el modal cuando isOpen es true","invocations":1,"location":null,"numPassingAsserts":2,"retryReasons":[],"startAt":1763189556886,"status":"passed","title":"debe renderizar el modal cuando isOpen es true"},{"ancestorTitles":["AddSongToEventModal"],"duration":202,"failing":false,"failureDetails":[],"failureMessages":[],"fullName":"AddSongToEventModal debe mostrar la lista de eventos próximos","invocations":1,"location":null,"numPassingAsserts":2,"retryReasons":[],"startAt":1763189557593,"status":"passed","title":"debe mostrar la lista de eventos próximos"},{"ancestorTitles":["AddSongToEventModal"],"duration":203,"failing":false,"failureDetails":[],"failureMessages":[],"fullName":"AddSongToEventModal debe mostrar mensaje cuando no hay eventos próximos","invocations":1,"location":null,"numPassingAsserts":2,"retryReasons":[],"startAt":1763189557800,"status":"passed","title":"debe mostrar mensaje cuando no hay eventos próximos"},{"ancestorTitles":["AddSongToEventModal"],"duration":298,"failing":false,"failureDetails":[],"failureMessages":[],"fullName":"AddSongToEventModal debe llamar onSelectEvent cuando se selecciona un evento","invocations":1,"location":null,"numPassingAsserts":1,"retryReasons":[],"startAt":1763189558004,"status":"passed","title":"debe llamar onSelectEvent cuando se selecciona un evento"},{"ancestorTitles":["AddSongToEventModal"],"duration":421,"failing":false,"failureDetails":[],"failureMessages":[],"fullName":"AddSongToEventModal debe deshabilitar los botones de eventos cuando isLoading es true","invocations":1,"location":null,"numPassingAsserts":2,"retryReasons":[],"startAt":1763189558302,"status":"passed","title":"debe deshabilitar los botones de eventos cuando isLoading es true"},{"ancestorTitles":["AddSongToEventModal"],"duration":148,"failing":false,"failureDetails":[],"failureMessages":[],"fullName":"AddSongToEventModal debe mostrar el tiempo restante para cada evento","invocations":1,"location":null,"numPassingAsserts":1,"retryReasons":[],"startAt":1763189558723,"status":"passed","title":"debe mostrar el tiempo restante para cada evento"},{"ancestorTitles":["AddSongToEventModal"],"duration":267,"failing":false,"failureDetails":[],"failureMessages":[],"fullName":"AddSongToEventModal debe renderizar correctamente con eventos","invocations":1,"location":null,"numPassingAsserts":3,"retryReasons":[],"startAt":1763189558873,"status":"passed","title":"debe renderizar correctamente con eventos"},{"ancestorTitles":["AddSongToEventModal"],"duration":153,"failing":false,"failureDetails":[],"failureMessages":[],"fullName":"AddSongToEventModal debe renderizar botones de eventos con iconos","invocations":1,"location":null,"numPassingAsserts":1,"retryReasons":[],"startAt":1763189559141,"status":"passed","title":"debe renderizar botones de eventos con iconos"},{"ancestorTitles":["AddSongToEventModal"],"duration":341,"failing":false,"failureDetails":[],"failureMessages":[],"fullName":"AddSongToEventModal debe llamar onOpenChange al hacer click en Cancelar","invocations":1,"location":null,"numPassingAsserts":1,"retryReasons":[],"startAt":1763189559319,"status":"passed","title":"debe llamar onOpenChange al hacer click en Cancelar"}],"endTime":1763189559669,"message":"","name":"C:\\Users\\leovp\\Programming\\adorador\\adorador-frontend\\src\\app\\(public)\\grupos\\[bandId]\\canciones\\_components\\__tests__\\AddSongToEventModal.test.tsx","startTime":1763189551553,"status":"passed","summary":""},{"assertionResults":[{"ancestorTitles":["Header - Integración Móvil (NotificationBell + Menu)","Visibilidad simultánea en móvil"],"duration":730,"failing":false,"failureDetails":[{}],"failureMessages":["Error: No QueryClient set, use QueryClientProvider to set one\n    at useQueryClient (C:\\Users\\leovp\\Programming\\adorador\\adorador-frontend\\node_modules\\@tanstack\\react-query\\src\\QueryClientProvider.tsx:18:11)\n    at useBaseQuery (C:\\Users\\leovp\\Programming\\adorador\\adorador-frontend\\node_modules\\@tanstack\\react-query\\src\\useBaseQuery.ts:53:18)\n    at useQuery (C:\\Users\\leovp\\Programming\\adorador\\adorador-frontend\\node_modules\\@tanstack\\react-query\\src\\useQuery.ts:46:10)\n    at FetchData (C:\\Users\\leovp\\Programming\\adorador\\adorador-frontend\\src\\global\\services\\HandleAPI.ts:24:18)\n    at useUnreadCount (C:\\Users\\leovp\\Programming\\adorador\\adorador-frontend\\src\\global\\hooks\\useNotifications.tsx:31:19)\n    at useNotificationBell (C:\\Users\\leovp\\Programming\\adorador\\adorador-frontend\\src\\app\\(public)\\_ui\\header\\components\\NotificationBell\\_hooks\\useNotificationBell.tsx:12:47)\n    at NotificationBell (C:\\Users\\leovp\\Programming\\adorador\\adorador-frontend\\src\\app\\(public)\\_ui\\header\\components\\NotificationBell.tsx:25:26)\n    at renderWithHooks (C:\\Users\\leovp\\Programming\\adorador\\adorador-frontend\\node_modules\\react-dom\\cjs\\react-dom.development.js:15486:18)\n    at mountIndeterminateComponent (C:\\Users\\leovp\\Programming\\adorador\\adorador-frontend\\node_modules\\react-dom\\cjs\\react-dom.development.js:20103:13)\n    at beginWork (C:\\Users\\leovp\\Programming\\adorador\\adorador-frontend\\node_modules\\react-dom\\cjs\\react-dom.development.js:21626:16)\n    at beginWork$1 (C:\\Users\\leovp\\Programming\\adorador\\adorador-frontend\\node_modules\\react-dom\\cjs\\react-dom.development.js:27465:14)\n    at performUnitOfWork (C:\\Users\\leovp\\Programming\\adorador\\adorador-frontend\\node_modules\\react-dom\\cjs\\react-dom.development.js:26599:12)\n    at workLoopSync (C:\\Users\\leovp\\Programming\\adorador\\adorador-frontend\\node_modules\\react-dom\\cjs\\react-dom.development.js:26505:5)\n    at renderRootSync (C:\\Users\\leovp\\Programming\\adorador\\adorador-frontend\\node_modules\\react-dom\\cjs\\react-dom.development.js:26473:7)\n    at recoverFromConcurrentError (C:\\Users\\leovp\\Programming\\adorador\\adorador-frontend\\node_modules\\react-dom\\cjs\\react-dom.development.js:25889:20)\n    at performConcurrentWorkOnRoot (C:\\Users\\leovp\\Programming\\adorador\\adorador-frontend\\node_modules\\react-dom\\cjs\\react-dom.development.js:25789:22)\n    at flushActQueue (C:\\Users\\leovp\\Programming\\adorador\\adorador-frontend\\node_modules\\react\\cjs\\react.development.js:2667:24)\n    at act (C:\\Users\\leovp\\Programming\\adorador\\adorador-frontend\\node_modules\\react\\cjs\\react.development.js:2582:11)\n    at C:\\Users\\leovp\\Programming\\adorador\\adorador-frontend\\node_modules\\@testing-library\\react\\dist\\act-compat.js:47:25\n    at renderRoot (C:\\Users\\leovp\\Programming\\adorador\\adorador-frontend\\node_modules\\@testing-library\\react\\dist\\pure.js:190:26)\n    at render (C:\\Users\\leovp\\Programming\\adorador\\adorador-frontend\\node_modules\\@testing-library\\react\\dist\\pure.js:292:10)\n    at Object.<anonymous> (C:\\Users\\leovp\\Programming\\adorador\\adorador-frontend\\src\\app\\(public)\\_ui\\header\\__tests__\\Header.mobile-integration.test.tsx:118:13)\n    at Promise.finally.completed (C:\\Users\\leovp\\Programming\\adorador\\adorador-frontend\\node_modules\\jest-circus\\build\\jestAdapterInit.js:1557:28)\n    at new Promise (<anonymous>)\n    at callAsyncCircusFn (C:\\Users\\leovp\\Programming\\adorador\\adorador-frontend\\node_modules\\jest-circus\\build\\jestAdapterInit.js:1497:10)\n    at _callCircusTest (C:\\Users\\leovp\\Programming\\adorador\\adorador-frontend\\node_modules\\jest-circus\\build\\jestAdapterInit.js:1007:40)\n    at processTicksAndRejections (node:internal/process/task_queues:95:5)\n    at _runTest (C:\\Users\\leovp\\Programming\\adorador\\adorador-frontend\\node_modules\\jest-circus\\build\\jestAdapterInit.js:947:3)\n    at C:\\Users\\leovp\\Programming\\adorador\\adorador-frontend\\node_modules\\jest-circus\\build\\jestAdapterInit.js:849:7\n    at _runTestsForDescribeBlock (C:\\Users\\leovp\\Programming\\adorador\\adorador-frontend\\node_modules\\jest-circus\\build\\jestAdapterInit.js:862:11)\n    at _runTestsForDescribeBlock (C:\\Users\\leovp\\Programming\\adorador\\adorador-frontend\\node_modules\\jest-circus\\build\\jestAdapterInit.js:857:11)\n    at _runTestsForDescribeBlock (C:\\Users\\leovp\\Programming\\adorador\\adorador-frontend\\node_modules\\jest-circus\\build\\jestAdapterInit.js:857:11)\n    at run (C:\\Users\\leovp\\Programming\\adorador\\adorador-frontend\\node_modules\\jest-circus\\build\\jestAdapterInit.js:761:3)\n    at runAndTransformResultsToJestFormat (C:\\Users\\leovp\\Programming\\adorador\\adorador-frontend\\node_modules\\jest-circus\\build\\jestAdapterInit.js:1918:21)\n    at jestAdapter (C:\\Users\\leovp\\Programming\\adorador\\adorador-frontend\\node_modules\\jest-circus\\build\\runner.js:101:19)\n    at runTestInternal (C:\\Users\\leovp\\Programming\\adorador\\adorador-frontend\\node_modules\\jest-runner\\build\\testWorker.js:277:16)\n    at runTest (C:\\Users\\leovp\\Programming\\adorador\\adorador-frontend\\node_modules\\jest-runner\\build\\testWorker.js:345:7)\n    at Object.worker (C:\\Users\\leovp\\Programming\\adorador\\adorador-frontend\\node_modules\\jest-runner\\build\\testWorker.js:499:12)"],"fullName":"Header - Integración Móvil (NotificationBell + Menu) Visibilidad simultánea en móvil debe renderizar NotificationBell y botón hamburguesa cuando el usuario está logueado","invocations":1,"location":null,"numPassingAsserts":0,"retryReasons":[],"startAt":1763189560185,"status":"failed","title":"debe renderizar NotificationBell y botón hamburguesa cuando el usuario está logueado"},{"ancestorTitles":["Header - Integración Móvil (NotificationBell + Menu)","Visibilidad simultánea en móvil"],"duration":171,"failing":false,"failureDetails":[{}],"failureMessages":["Error: No QueryClient set, use QueryClientProvider to set one\n    at useQueryClient (C:\\Users\\leovp\\Programming\\adorador\\adorador-frontend\\node_modules\\@tanstack\\react-query\\src\\QueryClientProvider.tsx:18:11)\n    at useBaseQuery (C:\\Users\\leovp\\Programming\\adorador\\adorador-frontend\\node_modules\\@tanstack\\react-query\\src\\useBaseQuery.ts:53:18)\n    at useQuery (C:\\Users\\leovp\\Programming\\adorador\\adorador-frontend\\node_modules\\@tanstack\\react-query\\src\\useQuery.ts:46:10)\n    at FetchData (C:\\Users\\leovp\\Programming\\adorador\\adorador-frontend\\src\\global\\services\\HandleAPI.ts:24:18)\n    at useUnreadCount (C:\\Users\\leovp\\Programming\\adorador\\adorador-frontend\\src\\global\\hooks\\useNotifications.tsx:31:19)\n    at useNotificationBell (C:\\Users\\leovp\\Programming\\adorador\\adorador-frontend\\src\\app\\(public)\\_ui\\header\\components\\NotificationBell\\_hooks\\useNotificationBell.tsx:12:47)\n    at NotificationBell (C:\\Users\\leovp\\Programming\\adorador\\adorador-frontend\\src\\app\\(public)\\_ui\\header\\components\\NotificationBell.tsx:25:26)\n    at renderWithHooks (C:\\Users\\leovp\\Programming\\adorador\\adorador-frontend\\node_modules\\react-dom\\cjs\\react-dom.development.js:15486:18)\n    at mountIndeterminateComponent (C:\\Users\\leovp\\Programming\\adorador\\adorador-frontend\\node_modules\\react-dom\\cjs\\react-dom.development.js:20103:13)\n    at beginWork (C:\\Users\\leovp\\Programming\\adorador\\adorador-frontend\\node_modules\\react-dom\\cjs\\react-dom.development.js:21626:16)\n    at beginWork$1 (C:\\Users\\leovp\\Programming\\adorador\\adorador-frontend\\node_modules\\react-dom\\cjs\\react-dom.development.js:27465:14)\n    at performUnitOfWork (C:\\Users\\leovp\\Programming\\adorador\\adorador-frontend\\node_modules\\react-dom\\cjs\\react-dom.development.js:26599:12)\n    at workLoopSync (C:\\Users\\leovp\\Programming\\adorador\\adorador-frontend\\node_modules\\react-dom\\cjs\\react-dom.development.js:26505:5)\n    at renderRootSync (C:\\Users\\leovp\\Programming\\adorador\\adorador-frontend\\node_modules\\react-dom\\cjs\\react-dom.development.js:26473:7)\n    at recoverFromConcurrentError (C:\\Users\\leovp\\Programming\\adorador\\adorador-frontend\\node_modules\\react-dom\\cjs\\react-dom.development.js:25889:20)\n    at performConcurrentWorkOnRoot (C:\\Users\\leovp\\Programming\\adorador\\adorador-frontend\\node_modules\\react-dom\\cjs\\react-dom.development.js:25789:22)\n    at flushActQueue (C:\\Users\\leovp\\Programming\\adorador\\adorador-frontend\\node_modules\\react\\cjs\\react.development.js:2667:24)\n    at act (C:\\Users\\leovp\\Programming\\adorador\\adorador-frontend\\node_modules\\react\\cjs\\react.development.js:2582:11)\n    at C:\\Users\\leovp\\Programming\\adorador\\adorador-frontend\\node_modules\\@testing-library\\react\\dist\\act-compat.js:47:25\n    at renderRoot (C:\\Users\\leovp\\Programming\\adorador\\adorador-frontend\\node_modules\\@testing-library\\react\\dist\\pure.js:190:26)\n    at render (C:\\Users\\leovp\\Programming\\adorador\\adorador-frontend\\node_modules\\@testing-library\\react\\dist\\pure.js:292:10)\n    at Object.<anonymous> (C:\\Users\\leovp\\Programming\\adorador\\adorador-frontend\\src\\app\\(public)\\_ui\\header\\__tests__\\Header.mobile-integration.test.tsx:128:13)\n    at Promise.finally.completed (C:\\Users\\leovp\\Programming\\adorador\\adorador-frontend\\node_modules\\jest-circus\\build\\jestAdapterInit.js:1557:28)\n    at new Promise (<anonymous>)\n    at callAsyncCircusFn (C:\\Users\\leovp\\Programming\\adorador\\adorador-frontend\\node_modules\\jest-circus\\build\\jestAdapterInit.js:1497:10)\n    at _callCircusTest (C:\\Users\\leovp\\Programming\\adorador\\adorador-frontend\\node_modules\\jest-circus\\build\\jestAdapterInit.js:1007:40)\n    at processTicksAndRejections (node:internal/process/task_queues:95:5)\n    at _runTest (C:\\Users\\leovp\\Programming\\adorador\\adorador-frontend\\node_modules\\jest-circus\\build\\jestAdapterInit.js:947:3)\n    at C:\\Users\\leovp\\Programming\\adorador\\adorador-frontend\\node_modules\\jest-circus\\build\\jestAdapterInit.js:849:7\n    at _runTestsForDescribeBlock (C:\\Users\\leovp\\Programming\\adorador\\adorador-frontend\\node_modules\\jest-circus\\build\\jestAdapterInit.js:862:11)\n    at _runTestsForDescribeBlock (C:\\Users\\leovp\\Programming\\adorador\\adorador-frontend\\node_modules\\jest-circus\\build\\jestAdapterInit.js:857:11)\n    at _runTestsForDescribeBlock (C:\\Users\\leovp\\Programming\\adorador\\adorador-frontend\\node_modules\\jest-circus\\build\\jestAdapterInit.js:857:11)\n    at run (C:\\Users\\leovp\\Programming\\adorador\\adorador-frontend\\node_modules\\jest-circus\\build\\jestAdapterInit.js:761:3)\n    at runAndTransformResultsToJestFormat (C:\\Users\\leovp\\Programming\\adorador\\adorador-frontend\\node_modules\\jest-circus\\build\\jestAdapterInit.js:1918:21)\n    at jestAdapter (C:\\Users\\leovp\\Programming\\adorador\\adorador-frontend\\node_modules\\jest-circus\\build\\runner.js:101:19)\n    at runTestInternal (C:\\Users\\leovp\\Programming\\adorador\\adorador-frontend\\node_modules\\jest-runner\\build\\testWorker.js:277:16)\n    at runTest (C:\\Users\\leovp\\Programming\\adorador\\adorador-frontend\\node_modules\\jest-runner\\build\\testWorker.js:345:7)\n    at Object.worker (C:\\Users\\leovp\\Programming\\adorador\\adorador-frontend\\node_modules\\jest-runner\\build\\testWorker.js:499:12)"],"fullName":"Header - Integración Móvil (NotificationBell + Menu) Visibilidad simultánea en móvil ambos botones deben estar en el mismo contenedor flex con gap-3","invocations":1,"location":null,"numPassingAsserts":0,"retryReasons":[],"startAt":1763189560922,"status":"failed","title":"ambos botones deben estar en el mismo contenedor flex con gap-3"},{"ancestorTitles":["Header - Integración Móvil (NotificationBell + Menu)","Visibilidad simultánea en móvil"],"duration":160,"failing":false,"failureDetails":[{}],"failureMessages":["Error: No QueryClient set, use QueryClientProvider to set one\n    at useQueryClient (C:\\Users\\leovp\\Programming\\adorador\\adorador-frontend\\node_modules\\@tanstack\\react-query\\src\\QueryClientProvider.tsx:18:11)\n    at useBaseQuery (C:\\Users\\leovp\\Programming\\adorador\\adorador-frontend\\node_modules\\@tanstack\\react-query\\src\\useBaseQuery.ts:53:18)\n    at useQuery (C:\\Users\\leovp\\Programming\\adorador\\adorador-frontend\\node_modules\\@tanstack\\react-query\\src\\useQuery.ts:46:10)\n    at FetchData (C:\\Users\\leovp\\Programming\\adorador\\adorador-frontend\\src\\global\\services\\HandleAPI.ts:24:18)\n    at useUnreadCount (C:\\Users\\leovp\\Programming\\adorador\\adorador-frontend\\src\\global\\hooks\\useNotifications.tsx:31:19)\n    at useNotificationBell (C:\\Users\\leovp\\Programming\\adorador\\adorador-frontend\\src\\app\\(public)\\_ui\\header\\components\\NotificationBell\\_hooks\\useNotificationBell.tsx:12:47)\n    at NotificationBell (C:\\Users\\leovp\\Programming\\adorador\\adorador-frontend\\src\\app\\(public)\\_ui\\header\\components\\NotificationBell.tsx:25:26)\n    at renderWithHooks (C:\\Users\\leovp\\Programming\\adorador\\adorador-frontend\\node_modules\\react-dom\\cjs\\react-dom.development.js:15486:18)\n    at mountIndeterminateComponent (C:\\Users\\leovp\\Programming\\adorador\\adorador-frontend\\node_modules\\react-dom\\cjs\\react-dom.development.js:20103:13)\n    at beginWork (C:\\Users\\leovp\\Programming\\adorador\\adorador-frontend\\node_modules\\react-dom\\cjs\\react-dom.development.js:21626:16)\n    at beginWork$1 (C:\\Users\\leovp\\Programming\\adorador\\adorador-frontend\\node_modules\\react-dom\\cjs\\react-dom.development.js:27465:14)\n    at performUnitOfWork (C:\\Users\\leovp\\Programming\\adorador\\adorador-frontend\\node_modules\\react-dom\\cjs\\react-dom.development.js:26599:12)\n    at workLoopSync (C:\\Users\\leovp\\Programming\\adorador\\adorador-frontend\\node_modules\\react-dom\\cjs\\react-dom.development.js:26505:5)\n    at renderRootSync (C:\\Users\\leovp\\Programming\\adorador\\adorador-frontend\\node_modules\\react-dom\\cjs\\react-dom.development.js:26473:7)\n    at recoverFromConcurrentError (C:\\Users\\leovp\\Programming\\adorador\\adorador-frontend\\node_modules\\react-dom\\cjs\\react-dom.development.js:25889:20)\n    at performConcurrentWorkOnRoot (C:\\Users\\leovp\\Programming\\adorador\\adorador-frontend\\node_modules\\react-dom\\cjs\\react-dom.development.js:25789:22)\n    at flushActQueue (C:\\Users\\leovp\\Programming\\adorador\\adorador-frontend\\node_modules\\react\\cjs\\react.development.js:2667:24)\n    at act (C:\\Users\\leovp\\Programming\\adorador\\adorador-frontend\\node_modules\\react\\cjs\\react.development.js:2582:11)\n    at C:\\Users\\leovp\\Programming\\adorador\\adorador-frontend\\node_modules\\@testing-library\\react\\dist\\act-compat.js:47:25\n    at renderRoot (C:\\Users\\leovp\\Programming\\adorador\\adorador-frontend\\node_modules\\@testing-library\\react\\dist\\pure.js:190:26)\n    at render (C:\\Users\\leovp\\Programming\\adorador\\adorador-frontend\\node_modules\\@testing-library\\react\\dist\\pure.js:292:10)\n    at Object.<anonymous> (C:\\Users\\leovp\\Programming\\adorador\\adorador-frontend\\src\\app\\(public)\\_ui\\header\\__tests__\\Header.mobile-integration.test.tsx:144:13)\n    at Promise.finally.completed (C:\\Users\\leovp\\Programming\\adorador\\adorador-frontend\\node_modules\\jest-circus\\build\\jestAdapterInit.js:1557:28)\n    at new Promise (<anonymous>)\n    at callAsyncCircusFn (C:\\Users\\leovp\\Programming\\adorador\\adorador-frontend\\node_modules\\jest-circus\\build\\jestAdapterInit.js:1497:10)\n    at _callCircusTest (C:\\Users\\leovp\\Programming\\adorador\\adorador-frontend\\node_modules\\jest-circus\\build\\jestAdapterInit.js:1007:40)\n    at processTicksAndRejections (node:internal/process/task_queues:95:5)\n    at _runTest (C:\\Users\\leovp\\Programming\\adorador\\adorador-frontend\\node_modules\\jest-circus\\build\\jestAdapterInit.js:947:3)\n    at C:\\Users\\leovp\\Programming\\adorador\\adorador-frontend\\node_modules\\jest-circus\\build\\jestAdapterInit.js:849:7\n    at _runTestsForDescribeBlock (C:\\Users\\leovp\\Programming\\adorador\\adorador-frontend\\node_modules\\jest-circus\\build\\jestAdapterInit.js:862:11)\n    at _runTestsForDescribeBlock (C:\\Users\\leovp\\Programming\\adorador\\adorador-frontend\\node_modules\\jest-circus\\build\\jestAdapterInit.js:857:11)\n    at _runTestsForDescribeBlock (C:\\Users\\leovp\\Programming\\adorador\\adorador-frontend\\node_modules\\jest-circus\\build\\jestAdapterInit.js:857:11)\n    at run (C:\\Users\\leovp\\Programming\\adorador\\adorador-frontend\\node_modules\\jest-circus\\build\\jestAdapterInit.js:761:3)\n    at runAndTransformResultsToJestFormat (C:\\Users\\leovp\\Programming\\adorador\\adorador-frontend\\node_modules\\jest-circus\\build\\jestAdapterInit.js:1918:21)\n    at jestAdapter (C:\\Users\\leovp\\Programming\\adorador\\adorador-frontend\\node_modules\\jest-circus\\build\\runner.js:101:19)\n    at runTestInternal (C:\\Users\\leovp\\Programming\\adorador\\adorador-frontend\\node_modules\\jest-runner\\build\\testWorker.js:277:16)\n    at runTest (C:\\Users\\leovp\\Programming\\adorador\\adorador-frontend\\node_modules\\jest-runner\\build\\testWorker.js:345:7)\n    at Object.worker (C:\\Users\\leovp\\Programming\\adorador\\adorador-frontend\\node_modules\\jest-runner\\build\\testWorker.js:499:12)"],"fullName":"Header - Integración Móvil (NotificationBell + Menu) Visibilidad simultánea en móvil NotificationBell debe tener posición relative, no fixed","invocations":1,"location":null,"numPassingAsserts":0,"retryReasons":[],"startAt":1763189561101,"status":"failed","title":"NotificationBell debe tener posición relative, no fixed"},{"ancestorTitles":["Header - Integración Móvil (NotificationBell + Menu)","Visibilidad simultánea en móvil"],"duration":96,"failing":false,"failureDetails":[{}],"failureMessages":["Error: No QueryClient set, use QueryClientProvider to set one\n    at useQueryClient (C:\\Users\\leovp\\Programming\\adorador\\adorador-frontend\\node_modules\\@tanstack\\react-query\\src\\QueryClientProvider.tsx:18:11)\n    at useBaseQuery (C:\\Users\\leovp\\Programming\\adorador\\adorador-frontend\\node_modules\\@tanstack\\react-query\\src\\useBaseQuery.ts:53:18)\n    at useQuery (C:\\Users\\leovp\\Programming\\adorador\\adorador-frontend\\node_modules\\@tanstack\\react-query\\src\\useQuery.ts:46:10)\n    at FetchData (C:\\Users\\leovp\\Programming\\adorador\\adorador-frontend\\src\\global\\services\\HandleAPI.ts:24:18)\n    at useUnreadCount (C:\\Users\\leovp\\Programming\\adorador\\adorador-frontend\\src\\global\\hooks\\useNotifications.tsx:31:19)\n    at useNotificationBell (C:\\Users\\leovp\\Programming\\adorador\\adorador-frontend\\src\\app\\(public)\\_ui\\header\\components\\NotificationBell\\_hooks\\useNotificationBell.tsx:12:47)\n    at NotificationBell (C:\\Users\\leovp\\Programming\\adorador\\adorador-frontend\\src\\app\\(public)\\_ui\\header\\components\\NotificationBell.tsx:25:26)\n    at renderWithHooks (C:\\Users\\leovp\\Programming\\adorador\\adorador-frontend\\node_modules\\react-dom\\cjs\\react-dom.development.js:15486:18)\n    at mountIndeterminateComponent (C:\\Users\\leovp\\Programming\\adorador\\adorador-frontend\\node_modules\\react-dom\\cjs\\react-dom.development.js:20103:13)\n    at beginWork (C:\\Users\\leovp\\Programming\\adorador\\adorador-frontend\\node_modules\\react-dom\\cjs\\react-dom.development.js:21626:16)\n    at beginWork$1 (C:\\Users\\leovp\\Programming\\adorador\\adorador-frontend\\node_modules\\react-dom\\cjs\\react-dom.development.js:27465:14)\n    at performUnitOfWork (C:\\Users\\leovp\\Programming\\adorador\\adorador-frontend\\node_modules\\react-dom\\cjs\\react-dom.development.js:26599:12)\n    at workLoopSync (C:\\Users\\leovp\\Programming\\adorador\\adorador-frontend\\node_modules\\react-dom\\cjs\\react-dom.development.js:26505:5)\n    at renderRootSync (C:\\Users\\leovp\\Programming\\adorador\\adorador-frontend\\node_modules\\react-dom\\cjs\\react-dom.development.js:26473:7)\n    at recoverFromConcurrentError (C:\\Users\\leovp\\Programming\\adorador\\adorador-frontend\\node_modules\\react-dom\\cjs\\react-dom.development.js:25889:20)\n    at performConcurrentWorkOnRoot (C:\\Users\\leovp\\Programming\\adorador\\adorador-frontend\\node_modules\\react-dom\\cjs\\react-dom.development.js:25789:22)\n    at flushActQueue (C:\\Users\\leovp\\Programming\\adorador\\adorador-frontend\\node_modules\\react\\cjs\\react.development.js:2667:24)\n    at act (C:\\Users\\leovp\\Programming\\adorador\\adorador-frontend\\node_modules\\react\\cjs\\react.development.js:2582:11)\n    at C:\\Users\\leovp\\Programming\\adorador\\adorador-frontend\\node_modules\\@testing-library\\react\\dist\\act-compat.js:47:25\n    at renderRoot (C:\\Users\\leovp\\Programming\\adorador\\adorador-frontend\\node_modules\\@testing-library\\react\\dist\\pure.js:190:26)\n    at render (C:\\Users\\leovp\\Programming\\adorador\\adorador-frontend\\node_modules\\@testing-library\\react\\dist\\pure.js:292:10)\n    at Object.<anonymous> (C:\\Users\\leovp\\Programming\\adorador\\adorador-frontend\\src\\app\\(public)\\_ui\\header\\__tests__\\Header.mobile-integration.test.tsx:155:13)\n    at Promise.finally.completed (C:\\Users\\leovp\\Programming\\adorador\\adorador-frontend\\node_modules\\jest-circus\\build\\jestAdapterInit.js:1557:28)\n    at new Promise (<anonymous>)\n    at callAsyncCircusFn (C:\\Users\\leovp\\Programming\\adorador\\adorador-frontend\\node_modules\\jest-circus\\build\\jestAdapterInit.js:1497:10)\n    at _callCircusTest (C:\\Users\\leovp\\Programming\\adorador\\adorador-frontend\\node_modules\\jest-circus\\build\\jestAdapterInit.js:1007:40)\n    at processTicksAndRejections (node:internal/process/task_queues:95:5)\n    at _runTest (C:\\Users\\leovp\\Programming\\adorador\\adorador-frontend\\node_modules\\jest-circus\\build\\jestAdapterInit.js:947:3)\n    at C:\\Users\\leovp\\Programming\\adorador\\adorador-frontend\\node_modules\\jest-circus\\build\\jestAdapterInit.js:849:7\n    at _runTestsForDescribeBlock (C:\\Users\\leovp\\Programming\\adorador\\adorador-frontend\\node_modules\\jest-circus\\build\\jestAdapterInit.js:862:11)\n    at _runTestsForDescribeBlock (C:\\Users\\leovp\\Programming\\adorador\\adorador-frontend\\node_modules\\jest-circus\\build\\jestAdapterInit.js:857:11)\n    at _runTestsForDescribeBlock (C:\\Users\\leovp\\Programming\\adorador\\adorador-frontend\\node_modules\\jest-circus\\build\\jestAdapterInit.js:857:11)\n    at run (C:\\Users\\leovp\\Programming\\adorador\\adorador-frontend\\node_modules\\jest-circus\\build\\jestAdapterInit.js:761:3)\n    at runAndTransformResultsToJestFormat (C:\\Users\\leovp\\Programming\\adorador\\adorador-frontend\\node_modules\\jest-circus\\build\\jestAdapterInit.js:1918:21)\n    at jestAdapter (C:\\Users\\leovp\\Programming\\adorador\\adorador-frontend\\node_modules\\jest-circus\\build\\runner.js:101:19)\n    at runTestInternal (C:\\Users\\leovp\\Programming\\adorador\\adorador-frontend\\node_modules\\jest-runner\\build\\testWorker.js:277:16)\n    at runTest (C:\\Users\\leovp\\Programming\\adorador\\adorador-frontend\\node_modules\\jest-runner\\build\\testWorker.js:345:7)\n    at Object.worker (C:\\Users\\leovp\\Programming\\adorador\\adorador-frontend\\node_modules\\jest-runner\\build\\testWorker.js:499:12)"],"fullName":"Header - Integración Móvil (NotificationBell + Menu) Visibilidad simultánea en móvil botón hamburguesa debe tener posición relative en móvil, no fixed","invocations":1,"location":null,"numPassingAsserts":0,"retryReasons":[],"startAt":1763189561268,"status":"failed","title":"botón hamburguesa debe tener posición relative en móvil, no fixed"},{"ancestorTitles":["Header - Integración Móvil (NotificationBell + Menu)","Visibilidad simultánea en móvil"],"duration":159,"failing":false,"failureDetails":[{}],"failureMessages":["Error: No QueryClient set, use QueryClientProvider to set one\n    at useQueryClient (C:\\Users\\leovp\\Programming\\adorador\\adorador-frontend\\node_modules\\@tanstack\\react-query\\src\\QueryClientProvider.tsx:18:11)\n    at useBaseQuery (C:\\Users\\leovp\\Programming\\adorador\\adorador-frontend\\node_modules\\@tanstack\\react-query\\src\\useBaseQuery.ts:53:18)\n    at useQuery (C:\\Users\\leovp\\Programming\\adorador\\adorador-frontend\\node_modules\\@tanstack\\react-query\\src\\useQuery.ts:46:10)\n    at FetchData (C:\\Users\\leovp\\Programming\\adorador\\adorador-frontend\\src\\global\\services\\HandleAPI.ts:24:18)\n    at useUnreadCount (C:\\Users\\leovp\\Programming\\adorador\\adorador-frontend\\src\\global\\hooks\\useNotifications.tsx:31:19)\n    at useNotificationBell (C:\\Users\\leovp\\Programming\\adorador\\adorador-frontend\\src\\app\\(public)\\_ui\\header\\components\\NotificationBell\\_hooks\\useNotificationBell.tsx:12:47)\n    at NotificationBell (C:\\Users\\leovp\\Programming\\adorador\\adorador-frontend\\src\\app\\(public)\\_ui\\header\\components\\NotificationBell.tsx:25:26)\n    at renderWithHooks (C:\\Users\\leovp\\Programming\\adorador\\adorador-frontend\\node_modules\\react-dom\\cjs\\react-dom.development.js:15486:18)\n    at mountIndeterminateComponent (C:\\Users\\leovp\\Programming\\adorador\\adorador-frontend\\node_modules\\react-dom\\cjs\\react-dom.development.js:20103:13)\n    at beginWork (C:\\Users\\leovp\\Programming\\adorador\\adorador-frontend\\node_modules\\react-dom\\cjs\\react-dom.development.js:21626:16)\n    at beginWork$1 (C:\\Users\\leovp\\Programming\\adorador\\adorador-frontend\\node_modules\\react-dom\\cjs\\react-dom.development.js:27465:14)\n    at performUnitOfWork (C:\\Users\\leovp\\Programming\\adorador\\adorador-frontend\\node_modules\\react-dom\\cjs\\react-dom.development.js:26599:12)\n    at workLoopSync (C:\\Users\\leovp\\Programming\\adorador\\adorador-frontend\\node_modules\\react-dom\\cjs\\react-dom.development.js:26505:5)\n    at renderRootSync (C:\\Users\\leovp\\Programming\\adorador\\adorador-frontend\\node_modules\\react-dom\\cjs\\react-dom.development.js:26473:7)\n    at recoverFromConcurrentError (C:\\Users\\leovp\\Programming\\adorador\\adorador-frontend\\node_modules\\react-dom\\cjs\\react-dom.development.js:25889:20)\n    at performConcurrentWorkOnRoot (C:\\Users\\leovp\\Programming\\adorador\\adorador-frontend\\node_modules\\react-dom\\cjs\\react-dom.development.js:25789:22)\n    at flushActQueue (C:\\Users\\leovp\\Programming\\adorador\\adorador-frontend\\node_modules\\react\\cjs\\react.development.js:2667:24)\n    at act (C:\\Users\\leovp\\Programming\\adorador\\adorador-frontend\\node_modules\\react\\cjs\\react.development.js:2582:11)\n    at C:\\Users\\leovp\\Programming\\adorador\\adorador-frontend\\node_modules\\@testing-library\\react\\dist\\act-compat.js:47:25\n    at renderRoot (C:\\Users\\leovp\\Programming\\adorador\\adorador-frontend\\node_modules\\@testing-library\\react\\dist\\pure.js:190:26)\n    at render (C:\\Users\\leovp\\Programming\\adorador\\adorador-frontend\\node_modules\\@testing-library\\react\\dist\\pure.js:292:10)\n    at Object.<anonymous> (C:\\Users\\leovp\\Programming\\adorador\\adorador-frontend\\src\\app\\(public)\\_ui\\header\\__tests__\\Header.mobile-integration.test.tsx:166:13)\n    at Promise.finally.completed (C:\\Users\\leovp\\Programming\\adorador\\adorador-frontend\\node_modules\\jest-circus\\build\\jestAdapterInit.js:1557:28)\n    at new Promise (<anonymous>)\n    at callAsyncCircusFn (C:\\Users\\leovp\\Programming\\adorador\\adorador-frontend\\node_modules\\jest-circus\\build\\jestAdapterInit.js:1497:10)\n    at _callCircusTest (C:\\Users\\leovp\\Programming\\adorador\\adorador-frontend\\node_modules\\jest-circus\\build\\jestAdapterInit.js:1007:40)\n    at processTicksAndRejections (node:internal/process/task_queues:95:5)\n    at _runTest (C:\\Users\\leovp\\Programming\\adorador\\adorador-frontend\\node_modules\\jest-circus\\build\\jestAdapterInit.js:947:3)\n    at C:\\Users\\leovp\\Programming\\adorador\\adorador-frontend\\node_modules\\jest-circus\\build\\jestAdapterInit.js:849:7\n    at _runTestsForDescribeBlock (C:\\Users\\leovp\\Programming\\adorador\\adorador-frontend\\node_modules\\jest-circus\\build\\jestAdapterInit.js:862:11)\n    at _runTestsForDescribeBlock (C:\\Users\\leovp\\Programming\\adorador\\adorador-frontend\\node_modules\\jest-circus\\build\\jestAdapterInit.js:857:11)\n    at _runTestsForDescribeBlock (C:\\Users\\leovp\\Programming\\adorador\\adorador-frontend\\node_modules\\jest-circus\\build\\jestAdapterInit.js:857:11)\n    at run (C:\\Users\\leovp\\Programming\\adorador\\adorador-frontend\\node_modules\\jest-circus\\build\\jestAdapterInit.js:761:3)\n    at runAndTransformResultsToJestFormat (C:\\Users\\leovp\\Programming\\adorador\\adorador-frontend\\node_modules\\jest-circus\\build\\jestAdapterInit.js:1918:21)\n    at jestAdapter (C:\\Users\\leovp\\Programming\\adorador\\adorador-frontend\\node_modules\\jest-circus\\build\\runner.js:101:19)\n    at runTestInternal (C:\\Users\\leovp\\Programming\\adorador\\adorador-frontend\\node_modules\\jest-runner\\build\\testWorker.js:277:16)\n    at runTest (C:\\Users\\leovp\\Programming\\adorador\\adorador-frontend\\node_modules\\jest-runner\\build\\testWorker.js:345:7)\n    at Object.worker (C:\\Users\\leovp\\Programming\\adorador\\adorador-frontend\\node_modules\\jest-runner\\build\\testWorker.js:499:12)"],"fullName":"Header - Integración Móvil (NotificationBell + Menu) Visibilidad simultánea en móvil ambos botones deben tener z-index 50 para estar sobre el overlay","invocations":1,"location":null,"numPassingAsserts":0,"retryReasons":[],"startAt":1763189561368,"status":"failed","title":"ambos botones deben tener z-index 50 para estar sobre el overlay"},{"ancestorTitles":["Header - Integración Móvil (NotificationBell + Menu)","Visibilidad simultánea en móvil"],"duration":109,"failing":false,"failureDetails":[{}],"failureMessages":["Error: No QueryClient set, use QueryClientProvider to set one\n    at useQueryClient (C:\\Users\\leovp\\Programming\\adorador\\adorador-frontend\\node_modules\\@tanstack\\react-query\\src\\QueryClientProvider.tsx:18:11)\n    at useBaseQuery (C:\\Users\\leovp\\Programming\\adorador\\adorador-frontend\\node_modules\\@tanstack\\react-query\\src\\useBaseQuery.ts:53:18)\n    at useQuery (C:\\Users\\leovp\\Programming\\adorador\\adorador-frontend\\node_modules\\@tanstack\\react-query\\src\\useQuery.ts:46:10)\n    at FetchData (C:\\Users\\leovp\\Programming\\adorador\\adorador-frontend\\src\\global\\services\\HandleAPI.ts:24:18)\n    at useUnreadCount (C:\\Users\\leovp\\Programming\\adorador\\adorador-frontend\\src\\global\\hooks\\useNotifications.tsx:31:19)\n    at useNotificationBell (C:\\Users\\leovp\\Programming\\adorador\\adorador-frontend\\src\\app\\(public)\\_ui\\header\\components\\NotificationBell\\_hooks\\useNotificationBell.tsx:12:47)\n    at NotificationBell (C:\\Users\\leovp\\Programming\\adorador\\adorador-frontend\\src\\app\\(public)\\_ui\\header\\components\\NotificationBell.tsx:25:26)\n    at renderWithHooks (C:\\Users\\leovp\\Programming\\adorador\\adorador-frontend\\node_modules\\react-dom\\cjs\\react-dom.development.js:15486:18)\n    at mountIndeterminateComponent (C:\\Users\\leovp\\Programming\\adorador\\adorador-frontend\\node_modules\\react-dom\\cjs\\react-dom.development.js:20103:13)\n    at beginWork (C:\\Users\\leovp\\Programming\\adorador\\adorador-frontend\\node_modules\\react-dom\\cjs\\react-dom.development.js:21626:16)\n    at beginWork$1 (C:\\Users\\leovp\\Programming\\adorador\\adorador-frontend\\node_modules\\react-dom\\cjs\\react-dom.development.js:27465:14)\n    at performUnitOfWork (C:\\Users\\leovp\\Programming\\adorador\\adorador-frontend\\node_modules\\react-dom\\cjs\\react-dom.development.js:26599:12)\n    at workLoopSync (C:\\Users\\leovp\\Programming\\adorador\\adorador-frontend\\node_modules\\react-dom\\cjs\\react-dom.development.js:26505:5)\n    at renderRootSync (C:\\Users\\leovp\\Programming\\adorador\\adorador-frontend\\node_modules\\react-dom\\cjs\\react-dom.development.js:26473:7)\n    at recoverFromConcurrentError (C:\\Users\\leovp\\Programming\\adorador\\adorador-frontend\\node_modules\\react-dom\\cjs\\react-dom.development.js:25889:20)\n    at performConcurrentWorkOnRoot (C:\\Users\\leovp\\Programming\\adorador\\adorador-frontend\\node_modules\\react-dom\\cjs\\react-dom.development.js:25789:22)\n    at flushActQueue (C:\\Users\\leovp\\Programming\\adorador\\adorador-frontend\\node_modules\\react\\cjs\\react.development.js:2667:24)\n    at act (C:\\Users\\leovp\\Programming\\adorador\\adorador-frontend\\node_modules\\react\\cjs\\react.development.js:2582:11)\n    at C:\\Users\\leovp\\Programming\\adorador\\adorador-frontend\\node_modules\\@testing-library\\react\\dist\\act-compat.js:47:25\n    at renderRoot (C:\\Users\\leovp\\Programming\\adorador\\adorador-frontend\\node_modules\\@testing-library\\react\\dist\\pure.js:190:26)\n    at render (C:\\Users\\leovp\\Programming\\adorador\\adorador-frontend\\node_modules\\@testing-library\\react\\dist\\pure.js:292:10)\n    at Object.<anonymous> (C:\\Users\\leovp\\Programming\\adorador\\adorador-frontend\\src\\app\\(public)\\_ui\\header\\__tests__\\Header.mobile-integration.test.tsx:176:35)\n    at Promise.finally.completed (C:\\Users\\leovp\\Programming\\adorador\\adorador-frontend\\node_modules\\jest-circus\\build\\jestAdapterInit.js:1557:28)\n    at new Promise (<anonymous>)\n    at callAsyncCircusFn (C:\\Users\\leovp\\Programming\\adorador\\adorador-frontend\\node_modules\\jest-circus\\build\\jestAdapterInit.js:1497:10)\n    at _callCircusTest (C:\\Users\\leovp\\Programming\\adorador\\adorador-frontend\\node_modules\\jest-circus\\build\\jestAdapterInit.js:1007:40)\n    at processTicksAndRejections (node:internal/process/task_queues:95:5)\n    at _runTest (C:\\Users\\leovp\\Programming\\adorador\\adorador-frontend\\node_modules\\jest-circus\\build\\jestAdapterInit.js:947:3)\n    at C:\\Users\\leovp\\Programming\\adorador\\adorador-frontend\\node_modules\\jest-circus\\build\\jestAdapterInit.js:849:7\n    at _runTestsForDescribeBlock (C:\\Users\\leovp\\Programming\\adorador\\adorador-frontend\\node_modules\\jest-circus\\build\\jestAdapterInit.js:862:11)\n    at _runTestsForDescribeBlock (C:\\Users\\leovp\\Programming\\adorador\\adorador-frontend\\node_modules\\jest-circus\\build\\jestAdapterInit.js:857:11)\n    at _runTestsForDescribeBlock (C:\\Users\\leovp\\Programming\\adorador\\adorador-frontend\\node_modules\\jest-circus\\build\\jestAdapterInit.js:857:11)\n    at run (C:\\Users\\leovp\\Programming\\adorador\\adorador-frontend\\node_modules\\jest-circus\\build\\jestAdapterInit.js:761:3)\n    at runAndTransformResultsToJestFormat (C:\\Users\\leovp\\Programming\\adorador\\adorador-frontend\\node_modules\\jest-circus\\build\\jestAdapterInit.js:1918:21)\n    at jestAdapter (C:\\Users\\leovp\\Programming\\adorador\\adorador-frontend\\node_modules\\jest-circus\\build\\runner.js:101:19)\n    at runTestInternal (C:\\Users\\leovp\\Programming\\adorador\\adorador-frontend\\node_modules\\jest-runner\\build\\testWorker.js:277:16)\n    at runTest (C:\\Users\\leovp\\Programming\\adorador\\adorador-frontend\\node_modules\\jest-runner\\build\\testWorker.js:345:7)\n    at Object.worker (C:\\Users\\leovp\\Programming\\adorador\\adorador-frontend\\node_modules\\jest-runner\\build\\testWorker.js:499:12)"],"fullName":"Header - Integración Móvil (NotificationBell + Menu) Visibilidad simultánea en móvil el contenedor de ambos botones debe respetar el flujo del header","invocations":1,"location":null,"numPassingAsserts":0,"retryReasons":[],"startAt":1763189561533,"status":"failed","title":"el contenedor de ambos botones debe respetar el flujo del header"},{"ancestorTitles":["Header - Integración Móvil (NotificationBell + Menu)","Comportamiento sin usuario logueado"],"duration":110,"failing":false,"failureDetails":[{}],"failureMessages":["Error: No QueryClient set, use QueryClientProvider to set one\n    at useQueryClient (C:\\Users\\leovp\\Programming\\adorador\\adorador-frontend\\node_modules\\@tanstack\\react-query\\src\\QueryClientProvider.tsx:18:11)\n    at useBaseQuery (C:\\Users\\leovp\\Programming\\adorador\\adorador-frontend\\node_modules\\@tanstack\\react-query\\src\\useBaseQuery.ts:53:18)\n    at useQuery (C:\\Users\\leovp\\Programming\\adorador\\adorador-frontend\\node_modules\\@tanstack\\react-query\\src\\useQuery.ts:46:10)\n    at FetchData (C:\\Users\\leovp\\Programming\\adorador\\adorador-frontend\\src\\global\\services\\HandleAPI.ts:24:18)\n    at useUnreadCount (C:\\Users\\leovp\\Programming\\adorador\\adorador-frontend\\src\\global\\hooks\\useNotifications.tsx:31:19)\n    at useNotificationBell (C:\\Users\\leovp\\Programming\\adorador\\adorador-frontend\\src\\app\\(public)\\_ui\\header\\components\\NotificationBell\\_hooks\\useNotificationBell.tsx:12:47)\n    at NotificationBell (C:\\Users\\leovp\\Programming\\adorador\\adorador-frontend\\src\\app\\(public)\\_ui\\header\\components\\NotificationBell.tsx:25:26)\n    at renderWithHooks (C:\\Users\\leovp\\Programming\\adorador\\adorador-frontend\\node_modules\\react-dom\\cjs\\react-dom.development.js:15486:18)\n    at mountIndeterminateComponent (C:\\Users\\leovp\\Programming\\adorador\\adorador-frontend\\node_modules\\react-dom\\cjs\\react-dom.development.js:20103:13)\n    at beginWork (C:\\Users\\leovp\\Programming\\adorador\\adorador-frontend\\node_modules\\react-dom\\cjs\\react-dom.development.js:21626:16)\n    at beginWork$1 (C:\\Users\\leovp\\Programming\\adorador\\adorador-frontend\\node_modules\\react-dom\\cjs\\react-dom.development.js:27465:14)\n    at performUnitOfWork (C:\\Users\\leovp\\Programming\\adorador\\adorador-frontend\\node_modules\\react-dom\\cjs\\react-dom.development.js:26599:12)\n    at workLoopSync (C:\\Users\\leovp\\Programming\\adorador\\adorador-frontend\\node_modules\\react-dom\\cjs\\react-dom.development.js:26505:5)\n    at renderRootSync (C:\\Users\\leovp\\Programming\\adorador\\adorador-frontend\\node_modules\\react-dom\\cjs\\react-dom.development.js:26473:7)\n    at recoverFromConcurrentError (C:\\Users\\leovp\\Programming\\adorador\\adorador-frontend\\node_modules\\react-dom\\cjs\\react-dom.development.js:25889:20)\n    at performConcurrentWorkOnRoot (C:\\Users\\leovp\\Programming\\adorador\\adorador-frontend\\node_modules\\react-dom\\cjs\\react-dom.development.js:25789:22)\n    at flushActQueue (C:\\Users\\leovp\\Programming\\adorador\\adorador-frontend\\node_modules\\react\\cjs\\react.development.js:2667:24)\n    at act (C:\\Users\\leovp\\Programming\\adorador\\adorador-frontend\\node_modules\\react\\cjs\\react.development.js:2582:11)\n    at C:\\Users\\leovp\\Programming\\adorador\\adorador-frontend\\node_modules\\@testing-library\\react\\dist\\act-compat.js:47:25\n    at renderRoot (C:\\Users\\leovp\\Programming\\adorador\\adorador-frontend\\node_modules\\@testing-library\\react\\dist\\pure.js:190:26)\n    at render (C:\\Users\\leovp\\Programming\\adorador\\adorador-frontend\\node_modules\\@testing-library\\react\\dist\\pure.js:292:10)\n    at Object.<anonymous> (C:\\Users\\leovp\\Programming\\adorador\\adorador-frontend\\src\\app\\(public)\\_ui\\header\\__tests__\\Header.mobile-integration.test.tsx:198:13)\n    at Promise.finally.completed (C:\\Users\\leovp\\Programming\\adorador\\adorador-frontend\\node_modules\\jest-circus\\build\\jestAdapterInit.js:1557:28)\n    at new Promise (<anonymous>)\n    at callAsyncCircusFn (C:\\Users\\leovp\\Programming\\adorador\\adorador-frontend\\node_modules\\jest-circus\\build\\jestAdapterInit.js:1497:10)\n    at _callCircusTest (C:\\Users\\leovp\\Programming\\adorador\\adorador-frontend\\node_modules\\jest-circus\\build\\jestAdapterInit.js:1007:40)\n    at processTicksAndRejections (node:internal/process/task_queues:95:5)\n    at _runTest (C:\\Users\\leovp\\Programming\\adorador\\adorador-frontend\\node_modules\\jest-circus\\build\\jestAdapterInit.js:947:3)\n    at C:\\Users\\leovp\\Programming\\adorador\\adorador-frontend\\node_modules\\jest-circus\\build\\jestAdapterInit.js:849:7\n    at _runTestsForDescribeBlock (C:\\Users\\leovp\\Programming\\adorador\\adorador-frontend\\node_modules\\jest-circus\\build\\jestAdapterInit.js:862:11)\n    at _runTestsForDescribeBlock (C:\\Users\\leovp\\Programming\\adorador\\adorador-frontend\\node_modules\\jest-circus\\build\\jestAdapterInit.js:857:11)\n    at _runTestsForDescribeBlock (C:\\Users\\leovp\\Programming\\adorador\\adorador-frontend\\node_modules\\jest-circus\\build\\jestAdapterInit.js:857:11)\n    at run (C:\\Users\\leovp\\Programming\\adorador\\adorador-frontend\\node_modules\\jest-circus\\build\\jestAdapterInit.js:761:3)\n    at runAndTransformResultsToJestFormat (C:\\Users\\leovp\\Programming\\adorador\\adorador-frontend\\node_modules\\jest-circus\\build\\jestAdapterInit.js:1918:21)\n    at jestAdapter (C:\\Users\\leovp\\Programming\\adorador\\adorador-frontend\\node_modules\\jest-circus\\build\\runner.js:101:19)\n    at runTestInternal (C:\\Users\\leovp\\Programming\\adorador\\adorador-frontend\\node_modules\\jest-runner\\build\\testWorker.js:277:16)\n    at runTest (C:\\Users\\leovp\\Programming\\adorador\\adorador-frontend\\node_modules\\jest-runner\\build\\testWorker.js:345:7)\n    at Object.worker (C:\\Users\\leovp\\Programming\\adorador\\adorador-frontend\\node_modules\\jest-runner\\build\\testWorker.js:499:12)"],"fullName":"Header - Integración Móvil (NotificationBell + Menu) Comportamiento sin usuario logueado no debe mostrar NotificationBell pero sí el menú hamburguesa","invocations":1,"location":null,"numPassingAsserts":0,"retryReasons":[],"startAt":1763189561646,"status":"failed","title":"no debe mostrar NotificationBell pero sí el menú hamburguesa"},{"ancestorTitles":["Header - Integración Móvil (NotificationBell + Menu)","Prevención de superposición"],"duration":114,"failing":false,"failureDetails":[{}],"failureMessages":["Error: No QueryClient set, use QueryClientProvider to set one\n    at useQueryClient (C:\\Users\\leovp\\Programming\\adorador\\adorador-frontend\\node_modules\\@tanstack\\react-query\\src\\QueryClientProvider.tsx:18:11)\n    at useBaseQuery (C:\\Users\\leovp\\Programming\\adorador\\adorador-frontend\\node_modules\\@tanstack\\react-query\\src\\useBaseQuery.ts:53:18)\n    at useQuery (C:\\Users\\leovp\\Programming\\adorador\\adorador-frontend\\node_modules\\@tanstack\\react-query\\src\\useQuery.ts:46:10)\n    at FetchData (C:\\Users\\leovp\\Programming\\adorador\\adorador-frontend\\src\\global\\services\\HandleAPI.ts:24:18)\n    at useUnreadCount (C:\\Users\\leovp\\Programming\\adorador\\adorador-frontend\\src\\global\\hooks\\useNotifications.tsx:31:19)\n    at useNotificationBell (C:\\Users\\leovp\\Programming\\adorador\\adorador-frontend\\src\\app\\(public)\\_ui\\header\\components\\NotificationBell\\_hooks\\useNotificationBell.tsx:12:47)\n    at NotificationBell (C:\\Users\\leovp\\Programming\\adorador\\adorador-frontend\\src\\app\\(public)\\_ui\\header\\components\\NotificationBell.tsx:25:26)\n    at renderWithHooks (C:\\Users\\leovp\\Programming\\adorador\\adorador-frontend\\node_modules\\react-dom\\cjs\\react-dom.development.js:15486:18)\n    at mountIndeterminateComponent (C:\\Users\\leovp\\Programming\\adorador\\adorador-frontend\\node_modules\\react-dom\\cjs\\react-dom.development.js:20103:13)\n    at beginWork (C:\\Users\\leovp\\Programming\\adorador\\adorador-frontend\\node_modules\\react-dom\\cjs\\react-dom.development.js:21626:16)\n    at beginWork$1 (C:\\Users\\leovp\\Programming\\adorador\\adorador-frontend\\node_modules\\react-dom\\cjs\\react-dom.development.js:27465:14)\n    at performUnitOfWork (C:\\Users\\leovp\\Programming\\adorador\\adorador-frontend\\node_modules\\react-dom\\cjs\\react-dom.development.js:26599:12)\n    at workLoopSync (C:\\Users\\leovp\\Programming\\adorador\\adorador-frontend\\node_modules\\react-dom\\cjs\\react-dom.development.js:26505:5)\n    at renderRootSync (C:\\Users\\leovp\\Programming\\adorador\\adorador-frontend\\node_modules\\react-dom\\cjs\\react-dom.development.js:26473:7)\n    at recoverFromConcurrentError (C:\\Users\\leovp\\Programming\\adorador\\adorador-frontend\\node_modules\\react-dom\\cjs\\react-dom.development.js:25889:20)\n    at performConcurrentWorkOnRoot (C:\\Users\\leovp\\Programming\\adorador\\adorador-frontend\\node_modules\\react-dom\\cjs\\react-dom.development.js:25789:22)\n    at flushActQueue (C:\\Users\\leovp\\Programming\\adorador\\adorador-frontend\\node_modules\\react\\cjs\\react.development.js:2667:24)\n    at act (C:\\Users\\leovp\\Programming\\adorador\\adorador-frontend\\node_modules\\react\\cjs\\react.development.js:2582:11)\n    at C:\\Users\\leovp\\Programming\\adorador\\adorador-frontend\\node_modules\\@testing-library\\react\\dist\\act-compat.js:47:25\n    at renderRoot (C:\\Users\\leovp\\Programming\\adorador\\adorador-frontend\\node_modules\\@testing-library\\react\\dist\\pure.js:190:26)\n    at render (C:\\Users\\leovp\\Programming\\adorador\\adorador-frontend\\node_modules\\@testing-library\\react\\dist\\pure.js:292:10)\n    at Object.<anonymous> (C:\\Users\\leovp\\Programming\\adorador\\adorador-frontend\\src\\app\\(public)\\_ui\\header\\__tests__\\Header.mobile-integration.test.tsx:212:13)\n    at Promise.finally.completed (C:\\Users\\leovp\\Programming\\adorador\\adorador-frontend\\node_modules\\jest-circus\\build\\jestAdapterInit.js:1557:28)\n    at new Promise (<anonymous>)\n    at callAsyncCircusFn (C:\\Users\\leovp\\Programming\\adorador\\adorador-frontend\\node_modules\\jest-circus\\build\\jestAdapterInit.js:1497:10)\n    at _callCircusTest (C:\\Users\\leovp\\Programming\\adorador\\adorador-frontend\\node_modules\\jest-circus\\build\\jestAdapterInit.js:1007:40)\n    at processTicksAndRejections (node:internal/process/task_queues:95:5)\n    at _runTest (C:\\Users\\leovp\\Programming\\adorador\\adorador-frontend\\node_modules\\jest-circus\\build\\jestAdapterInit.js:947:3)\n    at C:\\Users\\leovp\\Programming\\adorador\\adorador-frontend\\node_modules\\jest-circus\\build\\jestAdapterInit.js:849:7\n    at _runTestsForDescribeBlock (C:\\Users\\leovp\\Programming\\adorador\\adorador-frontend\\node_modules\\jest-circus\\build\\jestAdapterInit.js:862:11)\n    at _runTestsForDescribeBlock (C:\\Users\\leovp\\Programming\\adorador\\adorador-frontend\\node_modules\\jest-circus\\build\\jestAdapterInit.js:857:11)\n    at _runTestsForDescribeBlock (C:\\Users\\leovp\\Programming\\adorador\\adorador-frontend\\node_modules\\jest-circus\\build\\jestAdapterInit.js:857:11)\n    at run (C:\\Users\\leovp\\Programming\\adorador\\adorador-frontend\\node_modules\\jest-circus\\build\\jestAdapterInit.js:761:3)\n    at runAndTransformResultsToJestFormat (C:\\Users\\leovp\\Programming\\adorador\\adorador-frontend\\node_modules\\jest-circus\\build\\jestAdapterInit.js:1918:21)\n    at jestAdapter (C:\\Users\\leovp\\Programming\\adorador\\adorador-frontend\\node_modules\\jest-circus\\build\\runner.js:101:19)\n    at runTestInternal (C:\\Users\\leovp\\Programming\\adorador\\adorador-frontend\\node_modules\\jest-runner\\build\\testWorker.js:277:16)\n    at runTest (C:\\Users\\leovp\\Programming\\adorador\\adorador-frontend\\node_modules\\jest-runner\\build\\testWorker.js:345:7)\n    at Object.worker (C:\\Users\\leovp\\Programming\\adorador\\adorador-frontend\\node_modules\\jest-runner\\build\\testWorker.js:499:12)"],"fullName":"Header - Integración Móvil (NotificationBell + Menu) Prevención de superposición el gap-3 debe proporcionar separación suficiente entre botones (12px)","invocations":1,"location":null,"numPassingAsserts":0,"retryReasons":[],"startAt":1763189561760,"status":"failed","title":"el gap-3 debe proporcionar separación suficiente entre botones (12px)"},{"ancestorTitles":["Header - Integración Móvil (NotificationBell + Menu)","Prevención de superposición"],"duration":113,"failing":false,"failureDetails":[{}],"failureMessages":["Error: No QueryClient set, use QueryClientProvider to set one\n    at useQueryClient (C:\\Users\\leovp\\Programming\\adorador\\adorador-frontend\\node_modules\\@tanstack\\react-query\\src\\QueryClientProvider.tsx:18:11)\n    at useBaseQuery (C:\\Users\\leovp\\Programming\\adorador\\adorador-frontend\\node_modules\\@tanstack\\react-query\\src\\useBaseQuery.ts:53:18)\n    at useQuery (C:\\Users\\leovp\\Programming\\adorador\\adorador-frontend\\node_modules\\@tanstack\\react-query\\src\\useQuery.ts:46:10)\n    at FetchData (C:\\Users\\leovp\\Programming\\adorador\\adorador-frontend\\src\\global\\services\\HandleAPI.ts:24:18)\n    at useUnreadCount (C:\\Users\\leovp\\Programming\\adorador\\adorador-frontend\\src\\global\\hooks\\useNotifications.tsx:31:19)\n    at useNotificationBell (C:\\Users\\leovp\\Programming\\adorador\\adorador-frontend\\src\\app\\(public)\\_ui\\header\\components\\NotificationBell\\_hooks\\useNotificationBell.tsx:12:47)\n    at NotificationBell (C:\\Users\\leovp\\Programming\\adorador\\adorador-frontend\\src\\app\\(public)\\_ui\\header\\components\\NotificationBell.tsx:25:26)\n    at renderWithHooks (C:\\Users\\leovp\\Programming\\adorador\\adorador-frontend\\node_modules\\react-dom\\cjs\\react-dom.development.js:15486:18)\n    at mountIndeterminateComponent (C:\\Users\\leovp\\Programming\\adorador\\adorador-frontend\\node_modules\\react-dom\\cjs\\react-dom.development.js:20103:13)\n    at beginWork (C:\\Users\\leovp\\Programming\\adorador\\adorador-frontend\\node_modules\\react-dom\\cjs\\react-dom.development.js:21626:16)\n    at beginWork$1 (C:\\Users\\leovp\\Programming\\adorador\\adorador-frontend\\node_modules\\react-dom\\cjs\\react-dom.development.js:27465:14)\n    at performUnitOfWork (C:\\Users\\leovp\\Programming\\adorador\\adorador-frontend\\node_modules\\react-dom\\cjs\\react-dom.development.js:26599:12)\n    at workLoopSync (C:\\Users\\leovp\\Programming\\adorador\\adorador-frontend\\node_modules\\react-dom\\cjs\\react-dom.development.js:26505:5)\n    at renderRootSync (C:\\Users\\leovp\\Programming\\adorador\\adorador-frontend\\node_modules\\react-dom\\cjs\\react-dom.development.js:26473:7)\n    at recoverFromConcurrentError (C:\\Users\\leovp\\Programming\\adorador\\adorador-frontend\\node_modules\\react-dom\\cjs\\react-dom.development.js:25889:20)\n    at performConcurrentWorkOnRoot (C:\\Users\\leovp\\Programming\\adorador\\adorador-frontend\\node_modules\\react-dom\\cjs\\react-dom.development.js:25789:22)\n    at flushActQueue (C:\\Users\\leovp\\Programming\\adorador\\adorador-frontend\\node_modules\\react\\cjs\\react.development.js:2667:24)\n    at act (C:\\Users\\leovp\\Programming\\adorador\\adorador-frontend\\node_modules\\react\\cjs\\react.development.js:2582:11)\n    at C:\\Users\\leovp\\Programming\\adorador\\adorador-frontend\\node_modules\\@testing-library\\react\\dist\\act-compat.js:47:25\n    at renderRoot (C:\\Users\\leovp\\Programming\\adorador\\adorador-frontend\\node_modules\\@testing-library\\react\\dist\\pure.js:190:26)\n    at render (C:\\Users\\leovp\\Programming\\adorador\\adorador-frontend\\node_modules\\@testing-library\\react\\dist\\pure.js:292:10)\n    at Object.<anonymous> (C:\\Users\\leovp\\Programming\\adorador\\adorador-frontend\\src\\app\\(public)\\_ui\\header\\__tests__\\Header.mobile-integration.test.tsx:223:13)\n    at Promise.finally.completed (C:\\Users\\leovp\\Programming\\adorador\\adorador-frontend\\node_modules\\jest-circus\\build\\jestAdapterInit.js:1557:28)\n    at new Promise (<anonymous>)\n    at callAsyncCircusFn (C:\\Users\\leovp\\Programming\\adorador\\adorador-frontend\\node_modules\\jest-circus\\build\\jestAdapterInit.js:1497:10)\n    at _callCircusTest (C:\\Users\\leovp\\Programming\\adorador\\adorador-frontend\\node_modules\\jest-circus\\build\\jestAdapterInit.js:1007:40)\n    at processTicksAndRejections (node:internal/process/task_queues:95:5)\n    at _runTest (C:\\Users\\leovp\\Programming\\adorador\\adorador-frontend\\node_modules\\jest-circus\\build\\jestAdapterInit.js:947:3)\n    at C:\\Users\\leovp\\Programming\\adorador\\adorador-frontend\\node_modules\\jest-circus\\build\\jestAdapterInit.js:849:7\n    at _runTestsForDescribeBlock (C:\\Users\\leovp\\Programming\\adorador\\adorador-frontend\\node_modules\\jest-circus\\build\\jestAdapterInit.js:862:11)\n    at _runTestsForDescribeBlock (C:\\Users\\leovp\\Programming\\adorador\\adorador-frontend\\node_modules\\jest-circus\\build\\jestAdapterInit.js:857:11)\n    at _runTestsForDescribeBlock (C:\\Users\\leovp\\Programming\\adorador\\adorador-frontend\\node_modules\\jest-circus\\build\\jestAdapterInit.js:857:11)\n    at run (C:\\Users\\leovp\\Programming\\adorador\\adorador-frontend\\node_modules\\jest-circus\\build\\jestAdapterInit.js:761:3)\n    at runAndTransformResultsToJestFormat (C:\\Users\\leovp\\Programming\\adorador\\adorador-frontend\\node_modules\\jest-circus\\build\\jestAdapterInit.js:1918:21)\n    at jestAdapter (C:\\Users\\leovp\\Programming\\adorador\\adorador-frontend\\node_modules\\jest-circus\\build\\runner.js:101:19)\n    at runTestInternal (C:\\Users\\leovp\\Programming\\adorador\\adorador-frontend\\node_modules\\jest-runner\\build\\testWorker.js:277:16)\n    at runTest (C:\\Users\\leovp\\Programming\\adorador\\adorador-frontend\\node_modules\\jest-runner\\build\\testWorker.js:345:7)\n    at Object.worker (C:\\Users\\leovp\\Programming\\adorador\\adorador-frontend\\node_modules\\jest-runner\\build\\testWorker.js:499:12)"],"fullName":"Header - Integración Móvil (NotificationBell + Menu) Prevención de superposición ambos botones deben usar relative positioning para mantener flujo del documento","invocations":1,"location":null,"numPassingAsserts":0,"retryReasons":[],"startAt":1763189561878,"status":"failed","title":"ambos botones deben usar relative positioning para mantener flujo del documento"},{"ancestorTitles":["Header - Integración Móvil (NotificationBell + Menu)","Estructura del Header"],"duration":265,"failing":false,"failureDetails":[{}],"failureMessages":["Error: No QueryClient set, use QueryClientProvider to set one\n    at useQueryClient (C:\\Users\\leovp\\Programming\\adorador\\adorador-frontend\\node_modules\\@tanstack\\react-query\\src\\QueryClientProvider.tsx:18:11)\n    at useBaseQuery (C:\\Users\\leovp\\Programming\\adorador\\adorador-frontend\\node_modules\\@tanstack\\react-query\\src\\useBaseQuery.ts:53:18)\n    at useQuery (C:\\Users\\leovp\\Programming\\adorador\\adorador-frontend\\node_modules\\@tanstack\\react-query\\src\\useQuery.ts:46:10)\n    at FetchData (C:\\Users\\leovp\\Programming\\adorador\\adorador-frontend\\src\\global\\services\\HandleAPI.ts:24:18)\n    at useUnreadCount (C:\\Users\\leovp\\Programming\\adorador\\adorador-frontend\\src\\global\\hooks\\useNotifications.tsx:31:19)\n    at useNotificationBell (C:\\Users\\leovp\\Programming\\adorador\\adorador-frontend\\src\\app\\(public)\\_ui\\header\\components\\NotificationBell\\_hooks\\useNotificationBell.tsx:12:47)\n    at NotificationBell (C:\\Users\\leovp\\Programming\\adorador\\adorador-frontend\\src\\app\\(public)\\_ui\\header\\components\\NotificationBell.tsx:25:26)\n    at renderWithHooks (C:\\Users\\leovp\\Programming\\adorador\\adorador-frontend\\node_modules\\react-dom\\cjs\\react-dom.development.js:15486:18)\n    at mountIndeterminateComponent (C:\\Users\\leovp\\Programming\\adorador\\adorador-frontend\\node_modules\\react-dom\\cjs\\react-dom.development.js:20103:13)\n    at beginWork (C:\\Users\\leovp\\Programming\\adorador\\adorador-frontend\\node_modules\\react-dom\\cjs\\react-dom.development.js:21626:16)\n    at beginWork$1 (C:\\Users\\leovp\\Programming\\adorador\\adorador-frontend\\node_modules\\react-dom\\cjs\\react-dom.development.js:27465:14)\n    at performUnitOfWork (C:\\Users\\leovp\\Programming\\adorador\\adorador-frontend\\node_modules\\react-dom\\cjs\\react-dom.development.js:26599:12)\n    at workLoopSync (C:\\Users\\leovp\\Programming\\adorador\\adorador-frontend\\node_modules\\react-dom\\cjs\\react-dom.development.js:26505:5)\n    at renderRootSync (C:\\Users\\leovp\\Programming\\adorador\\adorador-frontend\\node_modules\\react-dom\\cjs\\react-dom.development.js:26473:7)\n    at recoverFromConcurrentError (C:\\Users\\leovp\\Programming\\adorador\\adorador-frontend\\node_modules\\react-dom\\cjs\\react-dom.development.js:25889:20)\n    at performConcurrentWorkOnRoot (C:\\Users\\leovp\\Programming\\adorador\\adorador-frontend\\node_modules\\react-dom\\cjs\\react-dom.development.js:25789:22)\n    at flushActQueue (C:\\Users\\leovp\\Programming\\adorador\\adorador-frontend\\node_modules\\react\\cjs\\react.development.js:2667:24)\n    at act (C:\\Users\\leovp\\Programming\\adorador\\adorador-frontend\\node_modules\\react\\cjs\\react.development.js:2582:11)\n    at C:\\Users\\leovp\\Programming\\adorador\\adorador-frontend\\node_modules\\@testing-library\\react\\dist\\act-compat.js:47:25\n    at renderRoot (C:\\Users\\leovp\\Programming\\adorador\\adorador-frontend\\node_modules\\@testing-library\\react\\dist\\pure.js:190:26)\n    at render (C:\\Users\\leovp\\Programming\\adorador\\adorador-frontend\\node_modules\\@testing-library\\react\\dist\\pure.js:292:10)\n    at Object.<anonymous> (C:\\Users\\leovp\\Programming\\adorador\\adorador-frontend\\src\\app\\(public)\\_ui\\header\\__tests__\\Header.mobile-integration.test.tsx:236:35)\n    at Promise.finally.completed (C:\\Users\\leovp\\Programming\\adorador\\adorador-frontend\\node_modules\\jest-circus\\build\\jestAdapterInit.js:1557:28)\n    at new Promise (<anonymous>)\n    at callAsyncCircusFn (C:\\Users\\leovp\\Programming\\adorador\\adorador-frontend\\node_modules\\jest-circus\\build\\jestAdapterInit.js:1497:10)\n    at _callCircusTest (C:\\Users\\leovp\\Programming\\adorador\\adorador-frontend\\node_modules\\jest-circus\\build\\jestAdapterInit.js:1007:40)\n    at processTicksAndRejections (node:internal/process/task_queues:95:5)\n    at _runTest (C:\\Users\\leovp\\Programming\\adorador\\adorador-frontend\\node_modules\\jest-circus\\build\\jestAdapterInit.js:947:3)\n    at C:\\Users\\leovp\\Programming\\adorador\\adorador-frontend\\node_modules\\jest-circus\\build\\jestAdapterInit.js:849:7\n    at _runTestsForDescribeBlock (C:\\Users\\leovp\\Programming\\adorador\\adorador-frontend\\node_modules\\jest-circus\\build\\jestAdapterInit.js:862:11)\n    at _runTestsForDescribeBlock (C:\\Users\\leovp\\Programming\\adorador\\adorador-frontend\\node_modules\\jest-circus\\build\\jestAdapterInit.js:857:11)\n    at _runTestsForDescribeBlock (C:\\Users\\leovp\\Programming\\adorador\\adorador-frontend\\node_modules\\jest-circus\\build\\jestAdapterInit.js:857:11)\n    at run (C:\\Users\\leovp\\Programming\\adorador\\adorador-frontend\\node_modules\\jest-circus\\build\\jestAdapterInit.js:761:3)\n    at runAndTransformResultsToJestFormat (C:\\Users\\leovp\\Programming\\adorador\\adorador-frontend\\node_modules\\jest-circus\\build\\jestAdapterInit.js:1918:21)\n    at jestAdapter (C:\\Users\\leovp\\Programming\\adorador\\adorador-frontend\\node_modules\\jest-circus\\build\\runner.js:101:19)\n    at runTestInternal (C:\\Users\\leovp\\Programming\\adorador\\adorador-frontend\\node_modules\\jest-runner\\build\\testWorker.js:277:16)\n    at runTest (C:\\Users\\leovp\\Programming\\adorador\\adorador-frontend\\node_modules\\jest-runner\\build\\testWorker.js:345:7)\n    at Object.worker (C:\\Users\\leovp\\Programming\\adorador\\adorador-frontend\\node_modules\\jest-runner\\build\\testWorker.js:499:12)"],"fullName":"Header - Integración Móvil (NotificationBell + Menu) Estructura del Header debe tener z-index 40 para estar debajo de los botones (z-50)","invocations":1,"location":null,"numPassingAsserts":0,"retryReasons":[],"startAt":1763189562001,"status":"failed","title":"debe tener z-index 40 para estar debajo de los botones (z-50)"},{"ancestorTitles":["Header - Integración Móvil (NotificationBell + Menu)","Estructura del Header"],"duration":132,"failing":false,"failureDetails":[{}],"failureMessages":["Error: No QueryClient set, use QueryClientProvider to set one\n    at useQueryClient (C:\\Users\\leovp\\Programming\\adorador\\adorador-frontend\\node_modules\\@tanstack\\react-query\\src\\QueryClientProvider.tsx:18:11)\n    at useBaseQuery (C:\\Users\\leovp\\Programming\\adorador\\adorador-frontend\\node_modules\\@tanstack\\react-query\\src\\useBaseQuery.ts:53:18)\n    at useQuery (C:\\Users\\leovp\\Programming\\adorador\\adorador-frontend\\node_modules\\@tanstack\\react-query\\src\\useQuery.ts:46:10)\n    at FetchData (C:\\Users\\leovp\\Programming\\adorador\\adorador-frontend\\src\\global\\services\\HandleAPI.ts:24:18)\n    at useUnreadCount (C:\\Users\\leovp\\Programming\\adorador\\adorador-frontend\\src\\global\\hooks\\useNotifications.tsx:31:19)\n    at useNotificationBell (C:\\Users\\leovp\\Programming\\adorador\\adorador-frontend\\src\\app\\(public)\\_ui\\header\\components\\NotificationBell\\_hooks\\useNotificationBell.tsx:12:47)\n    at NotificationBell (C:\\Users\\leovp\\Programming\\adorador\\adorador-frontend\\src\\app\\(public)\\_ui\\header\\components\\NotificationBell.tsx:25:26)\n    at renderWithHooks (C:\\Users\\leovp\\Programming\\adorador\\adorador-frontend\\node_modules\\react-dom\\cjs\\react-dom.development.js:15486:18)\n    at mountIndeterminateComponent (C:\\Users\\leovp\\Programming\\adorador\\adorador-frontend\\node_modules\\react-dom\\cjs\\react-dom.development.js:20103:13)\n    at beginWork (C:\\Users\\leovp\\Programming\\adorador\\adorador-frontend\\node_modules\\react-dom\\cjs\\react-dom.development.js:21626:16)\n    at beginWork$1 (C:\\Users\\leovp\\Programming\\adorador\\adorador-frontend\\node_modules\\react-dom\\cjs\\react-dom.development.js:27465:14)\n    at performUnitOfWork (C:\\Users\\leovp\\Programming\\adorador\\adorador-frontend\\node_modules\\react-dom\\cjs\\react-dom.development.js:26599:12)\n    at workLoopSync (C:\\Users\\leovp\\Programming\\adorador\\adorador-frontend\\node_modules\\react-dom\\cjs\\react-dom.development.js:26505:5)\n    at renderRootSync (C:\\Users\\leovp\\Programming\\adorador\\adorador-frontend\\node_modules\\react-dom\\cjs\\react-dom.development.js:26473:7)\n    at recoverFromConcurrentError (C:\\Users\\leovp\\Programming\\adorador\\adorador-frontend\\node_modules\\react-dom\\cjs\\react-dom.development.js:25889:20)\n    at performConcurrentWorkOnRoot (C:\\Users\\leovp\\Programming\\adorador\\adorador-frontend\\node_modules\\react-dom\\cjs\\react-dom.development.js:25789:22)\n    at flushActQueue (C:\\Users\\leovp\\Programming\\adorador\\adorador-frontend\\node_modules\\react\\cjs\\react.development.js:2667:24)\n    at act (C:\\Users\\leovp\\Programming\\adorador\\adorador-frontend\\node_modules\\react\\cjs\\react.development.js:2582:11)\n    at C:\\Users\\leovp\\Programming\\adorador\\adorador-frontend\\node_modules\\@testing-library\\react\\dist\\act-compat.js:47:25\n    at renderRoot (C:\\Users\\leovp\\Programming\\adorador\\adorador-frontend\\node_modules\\@testing-library\\react\\dist\\pure.js:190:26)\n    at render (C:\\Users\\leovp\\Programming\\adorador\\adorador-frontend\\node_modules\\@testing-library\\react\\dist\\pure.js:292:10)\n    at Object.<anonymous> (C:\\Users\\leovp\\Programming\\adorador\\adorador-frontend\\src\\app\\(public)\\_ui\\header\\__tests__\\Header.mobile-integration.test.tsx:243:35)\n    at Promise.finally.completed (C:\\Users\\leovp\\Programming\\adorador\\adorador-frontend\\node_modules\\jest-circus\\build\\jestAdapterInit.js:1557:28)\n    at new Promise (<anonymous>)\n    at callAsyncCircusFn (C:\\Users\\leovp\\Programming\\adorador\\adorador-frontend\\node_modules\\jest-circus\\build\\jestAdapterInit.js:1497:10)\n    at _callCircusTest (C:\\Users\\leovp\\Programming\\adorador\\adorador-frontend\\node_modules\\jest-circus\\build\\jestAdapterInit.js:1007:40)\n    at processTicksAndRejections (node:internal/process/task_queues:95:5)\n    at _runTest (C:\\Users\\leovp\\Programming\\adorador\\adorador-frontend\\node_modules\\jest-circus\\build\\jestAdapterInit.js:947:3)\n    at C:\\Users\\leovp\\Programming\\adorador\\adorador-frontend\\node_modules\\jest-circus\\build\\jestAdapterInit.js:849:7\n    at _runTestsForDescribeBlock (C:\\Users\\leovp\\Programming\\adorador\\adorador-frontend\\node_modules\\jest-circus\\build\\jestAdapterInit.js:862:11)\n    at _runTestsForDescribeBlock (C:\\Users\\leovp\\Programming\\adorador\\adorador-frontend\\node_modules\\jest-circus\\build\\jestAdapterInit.js:857:11)\n    at _runTestsForDescribeBlock (C:\\Users\\leovp\\Programming\\adorador\\adorador-frontend\\node_modules\\jest-circus\\build\\jestAdapterInit.js:857:11)\n    at run (C:\\Users\\leovp\\Programming\\adorador\\adorador-frontend\\node_modules\\jest-circus\\build\\jestAdapterInit.js:761:3)\n    at runAndTransformResultsToJestFormat (C:\\Users\\leovp\\Programming\\adorador\\adorador-frontend\\node_modules\\jest-circus\\build\\jestAdapterInit.js:1918:21)\n    at jestAdapter (C:\\Users\\leovp\\Programming\\adorador\\adorador-frontend\\node_modules\\jest-circus\\build\\runner.js:101:19)\n    at runTestInternal (C:\\Users\\leovp\\Programming\\adorador\\adorador-frontend\\node_modules\\jest-runner\\build\\testWorker.js:277:16)\n    at runTest (C:\\Users\\leovp\\Programming\\adorador\\adorador-frontend\\node_modules\\jest-runner\\build\\testWorker.js:345:7)\n    at Object.worker (C:\\Users\\leovp\\Programming\\adorador\\adorador-frontend\\node_modules\\jest-runner\\build\\testWorker.js:499:12)"],"fullName":"Header - Integración Móvil (NotificationBell + Menu) Estructura del Header debe ser fixed y cubrir todo el ancho","invocations":1,"location":null,"numPassingAsserts":0,"retryReasons":[],"startAt":1763189562272,"status":"failed","title":"debe ser fixed y cubrir todo el ancho"}],"endTime":1763189563236,"message":"\u001b[1m\u001b[31m  \u001b[1m● \u001b[22m\u001b[1mHeader - Integración Móvil (NotificationBell + Menu) › Visibilidad simultánea en móvil › debe renderizar NotificationBell y botón hamburguesa cuando el usuario está logueado\u001b[39m\u001b[22m\n\n    No QueryClient set, use QueryClientProvider to set one\n\u001b[2m\u001b[22m\n\u001b[2m    \u001b[0m \u001b[90m 22 |\u001b[39m   refetchOnWindowFocus\u001b[33m?\u001b[39m\u001b[33m:\u001b[39m boolean\u001b[33m;\u001b[39m\u001b[22m\n\u001b[2m     \u001b[90m 23 |\u001b[39m })\u001b[33m:\u001b[39m \u001b[33mUseQueryResult\u001b[39m\u001b[33m<\u001b[39m\u001b[33mTResponse\u001b[39m\u001b[33m,\u001b[39m \u001b[33mError\u001b[39m\u001b[33m>\u001b[39m \u001b[33m=>\u001b[39m {\u001b[22m\n\u001b[2m    \u001b[31m\u001b[1m>\u001b[22m\u001b[2m\u001b[39m\u001b[90m 24 |\u001b[39m   \u001b[36mreturn\u001b[39m useQuery\u001b[33m<\u001b[39m\u001b[33mTResponse\u001b[39m\u001b[33m,\u001b[39m \u001b[33mError\u001b[39m\u001b[33m>\u001b[39m({\u001b[22m\n\u001b[2m     \u001b[90m    |\u001b[39m                  \u001b[31m\u001b[1m^\u001b[22m\u001b[2m\u001b[39m\u001b[22m\n\u001b[2m     \u001b[90m 25 |\u001b[39m     queryKey\u001b[33m:\u001b[39m \u001b[33mArray\u001b[39m\u001b[33m.\u001b[39misArray(key) \u001b[33m?\u001b[39m key \u001b[33m:\u001b[39m [key]\u001b[33m,\u001b[39m\u001b[22m\n\u001b[2m     \u001b[90m 26 |\u001b[39m     queryFn\u001b[33m:\u001b[39m () \u001b[33m=>\u001b[39m fetchAPI\u001b[33m<\u001b[39m\u001b[33mTResponse\u001b[39m\u001b[33m>\u001b[39m({ url\u001b[33m,\u001b[39m skipAuth })\u001b[33m,\u001b[39m\u001b[22m\n\u001b[2m     \u001b[90m 27 |\u001b[39m     enabled\u001b[33m:\u001b[39m \u001b[33m!\u001b[39m\u001b[33m!\u001b[39misEnabled\u001b[33m,\u001b[39m\u001b[0m\u001b[22m\n\u001b[2m\u001b[22m\n\u001b[2m      \u001b[2mat useQueryClient (\u001b[22m\u001b[2mnode_modules/@tanstack/react-query/src/QueryClientProvider.tsx\u001b[2m:18:11)\u001b[22m\u001b[2m\u001b[22m\n\u001b[2m      \u001b[2mat useBaseQuery (\u001b[22m\u001b[2mnode_modules/@tanstack/react-query/src/useBaseQuery.ts\u001b[2m:53:18)\u001b[22m\u001b[2m\u001b[22m\n\u001b[2m      \u001b[2mat useQuery (\u001b[22m\u001b[2mnode_modules/@tanstack/react-query/src/useQuery.ts\u001b[2m:46:10)\u001b[22m\u001b[2m\u001b[22m\n\u001b[2m      \u001b[2mat FetchData (\u001b[22m\u001b[2msrc/global/services/HandleAPI.ts\u001b[2m:24:18)\u001b[22m\u001b[2m\u001b[22m\n\u001b[2m      \u001b[2mat useUnreadCount (\u001b[22m\u001b[2msrc/global/hooks/useNotifications.tsx\u001b[2m:31:19)\u001b[22m\u001b[2m\u001b[22m\n\u001b[2m      \u001b[2mat useNotificationBell (C:\\Users\\leovp\\Programming\\adorador\\adorador-frontend\\src\\app\\(public)\u001b[22m\u001b[2m../../../../../_ui/header/components/NotificationBell/_hooks/useNotificationBell.tsx\u001b[2m:12:47)\u001b[22m\u001b[2m\u001b[22m\n\u001b[2m      \u001b[2mat NotificationBell (C:\\Users\\leovp\\Programming\\adorador\\adorador-frontend\\src\\app\\(public)\u001b[22m\u001b[2m../../../../../_ui/header/components/NotificationBell.tsx\u001b[2m:25:26)\u001b[22m\u001b[2m\u001b[22m\n\u001b[2m      \u001b[2mat renderWithHooks (\u001b[22m\u001b[2mnode_modules/react-dom/cjs/react-dom.development.js\u001b[2m:15486:18)\u001b[22m\u001b[2m\u001b[22m\n\u001b[2m      \u001b[2mat mountIndeterminateComponent (\u001b[22m\u001b[2mnode_modules/react-dom/cjs/react-dom.development.js\u001b[2m:20103:13)\u001b[22m\u001b[2m\u001b[22m\n\u001b[2m      \u001b[2mat beginWork (\u001b[22m\u001b[2mnode_modules/react-dom/cjs/react-dom.development.js\u001b[2m:21626:16)\u001b[22m\u001b[2m\u001b[22m\n\u001b[2m      \u001b[2mat beginWork$1 (\u001b[22m\u001b[2mnode_modules/react-dom/cjs/react-dom.development.js\u001b[2m:27465:14)\u001b[22m\u001b[2m\u001b[22m\n\u001b[2m      \u001b[2mat performUnitOfWork (\u001b[22m\u001b[2mnode_modules/react-dom/cjs/react-dom.development.js\u001b[2m:26599:12)\u001b[22m\u001b[2m\u001b[22m\n\u001b[2m      \u001b[2mat workLoopSync (\u001b[22m\u001b[2mnode_modules/react-dom/cjs/react-dom.development.js\u001b[2m:26505:5)\u001b[22m\u001b[2m\u001b[22m\n\u001b[2m      \u001b[2mat renderRootSync (\u001b[22m\u001b[2mnode_modules/react-dom/cjs/react-dom.development.js\u001b[2m:26473:7)\u001b[22m\u001b[2m\u001b[22m\n\u001b[2m      \u001b[2mat recoverFromConcurrentError (\u001b[22m\u001b[2mnode_modules/react-dom/cjs/react-dom.development.js\u001b[2m:25889:20)\u001b[22m\u001b[2m\u001b[22m\n\u001b[2m      \u001b[2mat performConcurrentWorkOnRoot (\u001b[22m\u001b[2mnode_modules/react-dom/cjs/react-dom.development.js\u001b[2m:25789:22)\u001b[22m\u001b[2m\u001b[22m\n\u001b[2m      \u001b[2mat flushActQueue (\u001b[22m\u001b[2mnode_modules/react/cjs/react.development.js\u001b[2m:2667:24)\u001b[22m\u001b[2m\u001b[22m\n\u001b[2m      \u001b[2mat act (\u001b[22m\u001b[2mnode_modules/react/cjs/react.development.js\u001b[2m:2582:11)\u001b[22m\u001b[2m\u001b[22m\n\u001b[2m      \u001b[2mat \u001b[22m\u001b[2mnode_modules/@testing-library/react/dist/act-compat.js\u001b[2m:47:25\u001b[22m\u001b[2m\u001b[22m\n\u001b[2m      \u001b[2mat renderRoot (\u001b[22m\u001b[2mnode_modules/@testing-library/react/dist/pure.js\u001b[2m:190:26)\u001b[22m\u001b[2m\u001b[22m\n\u001b[2m      \u001b[2mat render (\u001b[22m\u001b[2mnode_modules/@testing-library/react/dist/pure.js\u001b[2m:292:10)\u001b[22m\u001b[2m\u001b[22m\n\u001b[2m      \u001b[2mat Object.<anonymous> (C:\\Users\\leovp\\Programming\\adorador\\adorador-frontend\\src\\app\\(public)\u001b[22m\u001b[2m../../../../../_ui/header/__tests__/Header.mobile-integration.test.tsx\u001b[2m:118:13)\u001b[22m\u001b[2m\u001b[22m\n\n\u001b[1m\u001b[31m  \u001b[1m● \u001b[22m\u001b[1mHeader - Integración Móvil (NotificationBell + Menu) › Visibilidad simultánea en móvil › ambos botones deben estar en el mismo contenedor flex con gap-3\u001b[39m\u001b[22m\n\n    No QueryClient set, use QueryClientProvider to set one\n\u001b[2m\u001b[22m\n\u001b[2m    \u001b[0m \u001b[90m 22 |\u001b[39m   refetchOnWindowFocus\u001b[33m?\u001b[39m\u001b[33m:\u001b[39m boolean\u001b[33m;\u001b[39m\u001b[22m\n\u001b[2m     \u001b[90m 23 |\u001b[39m })\u001b[33m:\u001b[39m \u001b[33mUseQueryResult\u001b[39m\u001b[33m<\u001b[39m\u001b[33mTResponse\u001b[39m\u001b[33m,\u001b[39m \u001b[33mError\u001b[39m\u001b[33m>\u001b[39m \u001b[33m=>\u001b[39m {\u001b[22m\n\u001b[2m    \u001b[31m\u001b[1m>\u001b[22m\u001b[2m\u001b[39m\u001b[90m 24 |\u001b[39m   \u001b[36mreturn\u001b[39m useQuery\u001b[33m<\u001b[39m\u001b[33mTResponse\u001b[39m\u001b[33m,\u001b[39m \u001b[33mError\u001b[39m\u001b[33m>\u001b[39m({\u001b[22m\n\u001b[2m     \u001b[90m    |\u001b[39m                  \u001b[31m\u001b[1m^\u001b[22m\u001b[2m\u001b[39m\u001b[22m\n\u001b[2m     \u001b[90m 25 |\u001b[39m     queryKey\u001b[33m:\u001b[39m \u001b[33mArray\u001b[39m\u001b[33m.\u001b[39misArray(key) \u001b[33m?\u001b[39m key \u001b[33m:\u001b[39m [key]\u001b[33m,\u001b[39m\u001b[22m\n\u001b[2m     \u001b[90m 26 |\u001b[39m     queryFn\u001b[33m:\u001b[39m () \u001b[33m=>\u001b[39m fetchAPI\u001b[33m<\u001b[39m\u001b[33mTResponse\u001b[39m\u001b[33m>\u001b[39m({ url\u001b[33m,\u001b[39m skipAuth })\u001b[33m,\u001b[39m\u001b[22m\n\u001b[2m     \u001b[90m 27 |\u001b[39m     enabled\u001b[33m:\u001b[39m \u001b[33m!\u001b[39m\u001b[33m!\u001b[39misEnabled\u001b[33m,\u001b[39m\u001b[0m\u001b[22m\n\u001b[2m\u001b[22m\n\u001b[2m      \u001b[2mat useQueryClient (\u001b[22m\u001b[2mnode_modules/@tanstack/react-query/src/QueryClientProvider.tsx\u001b[2m:18:11)\u001b[22m\u001b[2m\u001b[22m\n\u001b[2m      \u001b[2mat useBaseQuery (\u001b[22m\u001b[2mnode_modules/@tanstack/react-query/src/useBaseQuery.ts\u001b[2m:53:18)\u001b[22m\u001b[2m\u001b[22m\n\u001b[2m      \u001b[2mat useQuery (\u001b[22m\u001b[2mnode_modules/@tanstack/react-query/src/useQuery.ts\u001b[2m:46:10)\u001b[22m\u001b[2m\u001b[22m\n\u001b[2m      \u001b[2mat FetchData (\u001b[22m\u001b[2msrc/global/services/HandleAPI.ts\u001b[2m:24:18)\u001b[22m\u001b[2m\u001b[22m\n\u001b[2m      \u001b[2mat useUnreadCount (\u001b[22m\u001b[2msrc/global/hooks/useNotifications.tsx\u001b[2m:31:19)\u001b[22m\u001b[2m\u001b[22m\n\u001b[2m      \u001b[2mat useNotificationBell (C:\\Users\\leovp\\Programming\\adorador\\adorador-frontend\\src\\app\\(public)\u001b[22m\u001b[2m../../../../../_ui/header/components/NotificationBell/_hooks/useNotificationBell.tsx\u001b[2m:12:47)\u001b[22m\u001b[2m\u001b[22m\n\u001b[2m      \u001b[2mat NotificationBell (C:\\Users\\leovp\\Programming\\adorador\\adorador-frontend\\src\\app\\(public)\u001b[22m\u001b[2m../../../../../_ui/header/components/NotificationBell.tsx\u001b[2m:25:26)\u001b[22m\u001b[2m\u001b[22m\n\u001b[2m      \u001b[2mat renderWithHooks (\u001b[22m\u001b[2mnode_modules/react-dom/cjs/react-dom.development.js\u001b[2m:15486:18)\u001b[22m\u001b[2m\u001b[22m\n\u001b[2m      \u001b[2mat mountIndeterminateComponent (\u001b[22m\u001b[2mnode_modules/react-dom/cjs/react-dom.development.js\u001b[2m:20103:13)\u001b[22m\u001b[2m\u001b[22m\n\u001b[2m      \u001b[2mat beginWork (\u001b[22m\u001b[2mnode_modules/react-dom/cjs/react-dom.development.js\u001b[2m:21626:16)\u001b[22m\u001b[2m\u001b[22m\n\u001b[2m      \u001b[2mat beginWork$1 (\u001b[22m\u001b[2mnode_modules/react-dom/cjs/react-dom.development.js\u001b[2m:27465:14)\u001b[22m\u001b[2m\u001b[22m\n\u001b[2m      \u001b[2mat performUnitOfWork (\u001b[22m\u001b[2mnode_modules/react-dom/cjs/react-dom.development.js\u001b[2m:26599:12)\u001b[22m\u001b[2m\u001b[22m\n\u001b[2m      \u001b[2mat workLoopSync (\u001b[22m\u001b[2mnode_modules/react-dom/cjs/react-dom.development.js\u001b[2m:26505:5)\u001b[22m\u001b[2m\u001b[22m\n\u001b[2m      \u001b[2mat renderRootSync (\u001b[22m\u001b[2mnode_modules/react-dom/cjs/react-dom.development.js\u001b[2m:26473:7)\u001b[22m\u001b[2m\u001b[22m\n\u001b[2m      \u001b[2mat recoverFromConcurrentError (\u001b[22m\u001b[2mnode_modules/react-dom/cjs/react-dom.development.js\u001b[2m:25889:20)\u001b[22m\u001b[2m\u001b[22m\n\u001b[2m      \u001b[2mat performConcurrentWorkOnRoot (\u001b[22m\u001b[2mnode_modules/react-dom/cjs/react-dom.development.js\u001b[2m:25789:22)\u001b[22m\u001b[2m\u001b[22m\n\u001b[2m      \u001b[2mat flushActQueue (\u001b[22m\u001b[2mnode_modules/react/cjs/react.development.js\u001b[2m:2667:24)\u001b[22m\u001b[2m\u001b[22m\n\u001b[2m      \u001b[2mat act (\u001b[22m\u001b[2mnode_modules/react/cjs/react.development.js\u001b[2m:2582:11)\u001b[22m\u001b[2m\u001b[22m\n\u001b[2m      \u001b[2mat \u001b[22m\u001b[2mnode_modules/@testing-library/react/dist/act-compat.js\u001b[2m:47:25\u001b[22m\u001b[2m\u001b[22m\n\u001b[2m      \u001b[2mat renderRoot (\u001b[22m\u001b[2mnode_modules/@testing-library/react/dist/pure.js\u001b[2m:190:26)\u001b[22m\u001b[2m\u001b[22m\n\u001b[2m      \u001b[2mat render (\u001b[22m\u001b[2mnode_modules/@testing-library/react/dist/pure.js\u001b[2m:292:10)\u001b[22m\u001b[2m\u001b[22m\n\u001b[2m      \u001b[2mat Object.<anonymous> (C:\\Users\\leovp\\Programming\\adorador\\adorador-frontend\\src\\app\\(public)\u001b[22m\u001b[2m../../../../../_ui/header/__tests__/Header.mobile-integration.test.tsx\u001b[2m:128:13)\u001b[22m\u001b[2m\u001b[22m\n\n\u001b[1m\u001b[31m  \u001b[1m● \u001b[22m\u001b[1mHeader - Integración Móvil (NotificationBell + Menu) › Visibilidad simultánea en móvil › NotificationBell debe tener posición relative, no fixed\u001b[39m\u001b[22m\n\n    No QueryClient set, use QueryClientProvider to set one\n\u001b[2m\u001b[22m\n\u001b[2m    \u001b[0m \u001b[90m 22 |\u001b[39m   refetchOnWindowFocus\u001b[33m?\u001b[39m\u001b[33m:\u001b[39m boolean\u001b[33m;\u001b[39m\u001b[22m\n\u001b[2m     \u001b[90m 23 |\u001b[39m })\u001b[33m:\u001b[39m \u001b[33mUseQueryResult\u001b[39m\u001b[33m<\u001b[39m\u001b[33mTResponse\u001b[39m\u001b[33m,\u001b[39m \u001b[33mError\u001b[39m\u001b[33m>\u001b[39m \u001b[33m=>\u001b[39m {\u001b[22m\n\u001b[2m    \u001b[31m\u001b[1m>\u001b[22m\u001b[2m\u001b[39m\u001b[90m 24 |\u001b[39m   \u001b[36mreturn\u001b[39m useQuery\u001b[33m<\u001b[39m\u001b[33mTResponse\u001b[39m\u001b[33m,\u001b[39m \u001b[33mError\u001b[39m\u001b[33m>\u001b[39m({\u001b[22m\n\u001b[2m     \u001b[90m    |\u001b[39m                  \u001b[31m\u001b[1m^\u001b[22m\u001b[2m\u001b[39m\u001b[22m\n\u001b[2m     \u001b[90m 25 |\u001b[39m     queryKey\u001b[33m:\u001b[39m \u001b[33mArray\u001b[39m\u001b[33m.\u001b[39misArray(key) \u001b[33m?\u001b[39m key \u001b[33m:\u001b[39m [key]\u001b[33m,\u001b[39m\u001b[22m\n\u001b[2m     \u001b[90m 26 |\u001b[39m     queryFn\u001b[33m:\u001b[39m () \u001b[33m=>\u001b[39m fetchAPI\u001b[33m<\u001b[39m\u001b[33mTResponse\u001b[39m\u001b[33m>\u001b[39m({ url\u001b[33m,\u001b[39m skipAuth })\u001b[33m,\u001b[39m\u001b[22m\n\u001b[2m     \u001b[90m 27 |\u001b[39m     enabled\u001b[33m:\u001b[39m \u001b[33m!\u001b[39m\u001b[33m!\u001b[39misEnabled\u001b[33m,\u001b[39m\u001b[0m\u001b[22m\n\u001b[2m\u001b[22m\n\u001b[2m      \u001b[2mat useQueryClient (\u001b[22m\u001b[2mnode_modules/@tanstack/react-query/src/QueryClientProvider.tsx\u001b[2m:18:11)\u001b[22m\u001b[2m\u001b[22m\n\u001b[2m      \u001b[2mat useBaseQuery (\u001b[22m\u001b[2mnode_modules/@tanstack/react-query/src/useBaseQuery.ts\u001b[2m:53:18)\u001b[22m\u001b[2m\u001b[22m\n\u001b[2m      \u001b[2mat useQuery (\u001b[22m\u001b[2mnode_modules/@tanstack/react-query/src/useQuery.ts\u001b[2m:46:10)\u001b[22m\u001b[2m\u001b[22m\n\u001b[2m      \u001b[2mat FetchData (\u001b[22m\u001b[2msrc/global/services/HandleAPI.ts\u001b[2m:24:18)\u001b[22m\u001b[2m\u001b[22m\n\u001b[2m      \u001b[2mat useUnreadCount (\u001b[22m\u001b[2msrc/global/hooks/useNotifications.tsx\u001b[2m:31:19)\u001b[22m\u001b[2m\u001b[22m\n\u001b[2m      \u001b[2mat useNotificationBell (C:\\Users\\leovp\\Programming\\adorador\\adorador-frontend\\src\\app\\(public)\u001b[22m\u001b[2m../../../../../_ui/header/components/NotificationBell/_hooks/useNotificationBell.tsx\u001b[2m:12:47)\u001b[22m\u001b[2m\u001b[22m\n\u001b[2m      \u001b[2mat NotificationBell (C:\\Users\\leovp\\Programming\\adorador\\adorador-frontend\\src\\app\\(public)\u001b[22m\u001b[2m../../../../../_ui/header/components/NotificationBell.tsx\u001b[2m:25:26)\u001b[22m\u001b[2m\u001b[22m\n\u001b[2m      \u001b[2mat renderWithHooks (\u001b[22m\u001b[2mnode_modules/react-dom/cjs/react-dom.development.js\u001b[2m:15486:18)\u001b[22m\u001b[2m\u001b[22m\n\u001b[2m      \u001b[2mat mountIndeterminateComponent (\u001b[22m\u001b[2mnode_modules/react-dom/cjs/react-dom.development.js\u001b[2m:20103:13)\u001b[22m\u001b[2m\u001b[22m\n\u001b[2m      \u001b[2mat beginWork (\u001b[22m\u001b[2mnode_modules/react-dom/cjs/react-dom.development.js\u001b[2m:21626:16)\u001b[22m\u001b[2m\u001b[22m\n\u001b[2m      \u001b[2mat beginWork$1 (\u001b[22m\u001b[2mnode_modules/react-dom/cjs/react-dom.development.js\u001b[2m:27465:14)\u001b[22m\u001b[2m\u001b[22m\n\u001b[2m      \u001b[2mat performUnitOfWork (\u001b[22m\u001b[2mnode_modules/react-dom/cjs/react-dom.development.js\u001b[2m:26599:12)\u001b[22m\u001b[2m\u001b[22m\n\u001b[2m      \u001b[2mat workLoopSync (\u001b[22m\u001b[2mnode_modules/react-dom/cjs/react-dom.development.js\u001b[2m:26505:5)\u001b[22m\u001b[2m\u001b[22m\n\u001b[2m      \u001b[2mat renderRootSync (\u001b[22m\u001b[2mnode_modules/react-dom/cjs/react-dom.development.js\u001b[2m:26473:7)\u001b[22m\u001b[2m\u001b[22m\n\u001b[2m      \u001b[2mat recoverFromConcurrentError (\u001b[22m\u001b[2mnode_modules/react-dom/cjs/react-dom.development.js\u001b[2m:25889:20)\u001b[22m\u001b[2m\u001b[22m\n\u001b[2m      \u001b[2mat performConcurrentWorkOnRoot (\u001b[22m\u001b[2mnode_modules/react-dom/cjs/react-dom.development.js\u001b[2m:25789:22)\u001b[22m\u001b[2m\u001b[22m\n\u001b[2m      \u001b[2mat flushActQueue (\u001b[22m\u001b[2mnode_modules/react/cjs/react.development.js\u001b[2m:2667:24)\u001b[22m\u001b[2m\u001b[22m\n\u001b[2m      \u001b[2mat act (\u001b[22m\u001b[2mnode_modules/react/cjs/react.development.js\u001b[2m:2582:11)\u001b[22m\u001b[2m\u001b[22m\n\u001b[2m      \u001b[2mat \u001b[22m\u001b[2mnode_modules/@testing-library/react/dist/act-compat.js\u001b[2m:47:25\u001b[22m\u001b[2m\u001b[22m\n\u001b[2m      \u001b[2mat renderRoot (\u001b[22m\u001b[2mnode_modules/@testing-library/react/dist/pure.js\u001b[2m:190:26)\u001b[22m\u001b[2m\u001b[22m\n\u001b[2m      \u001b[2mat render (\u001b[22m\u001b[2mnode_modules/@testing-library/react/dist/pure.js\u001b[2m:292:10)\u001b[22m\u001b[2m\u001b[22m\n\u001b[2m      \u001b[2mat Object.<anonymous> (C:\\Users\\leovp\\Programming\\adorador\\adorador-frontend\\src\\app\\(public)\u001b[22m\u001b[2m../../../../../_ui/header/__tests__/Header.mobile-integration.test.tsx\u001b[2m:144:13)\u001b[22m\u001b[2m\u001b[22m\n\n\u001b[1m\u001b[31m  \u001b[1m● \u001b[22m\u001b[1mHeader - Integración Móvil (NotificationBell + Menu) › Visibilidad simultánea en móvil › botón hamburguesa debe tener posición relative en móvil, no fixed\u001b[39m\u001b[22m\n\n    No QueryClient set, use QueryClientProvider to set one\n\u001b[2m\u001b[22m\n\u001b[2m    \u001b[0m \u001b[90m 22 |\u001b[39m   refetchOnWindowFocus\u001b[33m?\u001b[39m\u001b[33m:\u001b[39m boolean\u001b[33m;\u001b[39m\u001b[22m\n\u001b[2m     \u001b[90m 23 |\u001b[39m })\u001b[33m:\u001b[39m \u001b[33mUseQueryResult\u001b[39m\u001b[33m<\u001b[39m\u001b[33mTResponse\u001b[39m\u001b[33m,\u001b[39m \u001b[33mError\u001b[39m\u001b[33m>\u001b[39m \u001b[33m=>\u001b[39m {\u001b[22m\n\u001b[2m    \u001b[31m\u001b[1m>\u001b[22m\u001b[2m\u001b[39m\u001b[90m 24 |\u001b[39m   \u001b[36mreturn\u001b[39m useQuery\u001b[33m<\u001b[39m\u001b[33mTResponse\u001b[39m\u001b[33m,\u001b[39m \u001b[33mError\u001b[39m\u001b[33m>\u001b[39m({\u001b[22m\n\u001b[2m     \u001b[90m    |\u001b[39m                  \u001b[31m\u001b[1m^\u001b[22m\u001b[2m\u001b[39m\u001b[22m\n\u001b[2m     \u001b[90m 25 |\u001b[39m     queryKey\u001b[33m:\u001b[39m \u001b[33mArray\u001b[39m\u001b[33m.\u001b[39misArray(key) \u001b[33m?\u001b[39m key \u001b[33m:\u001b[39m [key]\u001b[33m,\u001b[39m\u001b[22m\n\u001b[2m     \u001b[90m 26 |\u001b[39m     queryFn\u001b[33m:\u001b[39m () \u001b[33m=>\u001b[39m fetchAPI\u001b[33m<\u001b[39m\u001b[33mTResponse\u001b[39m\u001b[33m>\u001b[39m({ url\u001b[33m,\u001b[39m skipAuth })\u001b[33m,\u001b[39m\u001b[22m\n\u001b[2m     \u001b[90m 27 |\u001b[39m     enabled\u001b[33m:\u001b[39m \u001b[33m!\u001b[39m\u001b[33m!\u001b[39misEnabled\u001b[33m,\u001b[39m\u001b[0m\u001b[22m\n\u001b[2m\u001b[22m\n\u001b[2m      \u001b[2mat useQueryClient (\u001b[22m\u001b[2mnode_modules/@tanstack/react-query/src/QueryClientProvider.tsx\u001b[2m:18:11)\u001b[22m\u001b[2m\u001b[22m\n\u001b[2m      \u001b[2mat useBaseQuery (\u001b[22m\u001b[2mnode_modules/@tanstack/react-query/src/useBaseQuery.ts\u001b[2m:53:18)\u001b[22m\u001b[2m\u001b[22m\n\u001b[2m      \u001b[2mat useQuery (\u001b[22m\u001b[2mnode_modules/@tanstack/react-query/src/useQuery.ts\u001b[2m:46:10)\u001b[22m\u001b[2m\u001b[22m\n\u001b[2m      \u001b[2mat FetchData (\u001b[22m\u001b[2msrc/global/services/HandleAPI.ts\u001b[2m:24:18)\u001b[22m\u001b[2m\u001b[22m\n\u001b[2m      \u001b[2mat useUnreadCount (\u001b[22m\u001b[2msrc/global/hooks/useNotifications.tsx\u001b[2m:31:19)\u001b[22m\u001b[2m\u001b[22m\n\u001b[2m      \u001b[2mat useNotificationBell (C:\\Users\\leovp\\Programming\\adorador\\adorador-frontend\\src\\app\\(public)\u001b[22m\u001b[2m../../../../../_ui/header/components/NotificationBell/_hooks/useNotificationBell.tsx\u001b[2m:12:47)\u001b[22m\u001b[2m\u001b[22m\n\u001b[2m      \u001b[2mat NotificationBell (C:\\Users\\leovp\\Programming\\adorador\\adorador-frontend\\src\\app\\(public)\u001b[22m\u001b[2m../../../../../_ui/header/components/NotificationBell.tsx\u001b[2m:25:26)\u001b[22m\u001b[2m\u001b[22m\n\u001b[2m      \u001b[2mat renderWithHooks (\u001b[22m\u001b[2mnode_modules/react-dom/cjs/react-dom.development.js\u001b[2m:15486:18)\u001b[22m\u001b[2m\u001b[22m\n\u001b[2m      \u001b[2mat mountIndeterminateComponent (\u001b[22m\u001b[2mnode_modules/react-dom/cjs/react-dom.development.js\u001b[2m:20103:13)\u001b[22m\u001b[2m\u001b[22m\n\u001b[2m      \u001b[2mat beginWork (\u001b[22m\u001b[2mnode_modules/react-dom/cjs/react-dom.development.js\u001b[2m:21626:16)\u001b[22m\u001b[2m\u001b[22m\n\u001b[2m      \u001b[2mat beginWork$1 (\u001b[22m\u001b[2mnode_modules/react-dom/cjs/react-dom.development.js\u001b[2m:27465:14)\u001b[22m\u001b[2m\u001b[22m\n\u001b[2m      \u001b[2mat performUnitOfWork (\u001b[22m\u001b[2mnode_modules/react-dom/cjs/react-dom.development.js\u001b[2m:26599:12)\u001b[22m\u001b[2m\u001b[22m\n\u001b[2m      \u001b[2mat workLoopSync (\u001b[22m\u001b[2mnode_modules/react-dom/cjs/react-dom.development.js\u001b[2m:26505:5)\u001b[22m\u001b[2m\u001b[22m\n\u001b[2m      \u001b[2mat renderRootSync (\u001b[22m\u001b[2mnode_modules/react-dom/cjs/react-dom.development.js\u001b[2m:26473:7)\u001b[22m\u001b[2m\u001b[22m\n\u001b[2m      \u001b[2mat recoverFromConcurrentError (\u001b[22m\u001b[2mnode_modules/react-dom/cjs/react-dom.development.js\u001b[2m:25889:20)\u001b[22m\u001b[2m\u001b[22m\n\u001b[2m      \u001b[2mat performConcurrentWorkOnRoot (\u001b[22m\u001b[2mnode_modules/react-dom/cjs/react-dom.development.js\u001b[2m:25789:22)\u001b[22m\u001b[2m\u001b[22m\n\u001b[2m      \u001b[2mat flushActQueue (\u001b[22m\u001b[2mnode_modules/react/cjs/react.development.js\u001b[2m:2667:24)\u001b[22m\u001b[2m\u001b[22m\n\u001b[2m      \u001b[2mat act (\u001b[22m\u001b[2mnode_modules/react/cjs/react.development.js\u001b[2m:2582:11)\u001b[22m\u001b[2m\u001b[22m\n\u001b[2m      \u001b[2mat \u001b[22m\u001b[2mnode_modules/@testing-library/react/dist/act-compat.js\u001b[2m:47:25\u001b[22m\u001b[2m\u001b[22m\n\u001b[2m      \u001b[2mat renderRoot (\u001b[22m\u001b[2mnode_modules/@testing-library/react/dist/pure.js\u001b[2m:190:26)\u001b[22m\u001b[2m\u001b[22m\n\u001b[2m      \u001b[2mat render (\u001b[22m\u001b[2mnode_modules/@testing-library/react/dist/pure.js\u001b[2m:292:10)\u001b[22m\u001b[2m\u001b[22m\n\u001b[2m      \u001b[2mat Object.<anonymous> (C:\\Users\\leovp\\Programming\\adorador\\adorador-frontend\\src\\app\\(public)\u001b[22m\u001b[2m../../../../../_ui/header/__tests__/Header.mobile-integration.test.tsx\u001b[2m:155:13)\u001b[22m\u001b[2m\u001b[22m\n\n\u001b[1m\u001b[31m  \u001b[1m● \u001b[22m\u001b[1mHeader - Integración Móvil (NotificationBell + Menu) › Visibilidad simultánea en móvil › ambos botones deben tener z-index 50 para estar sobre el overlay\u001b[39m\u001b[22m\n\n    No QueryClient set, use QueryClientProvider to set one\n\u001b[2m\u001b[22m\n\u001b[2m    \u001b[0m \u001b[90m 22 |\u001b[39m   refetchOnWindowFocus\u001b[33m?\u001b[39m\u001b[33m:\u001b[39m boolean\u001b[33m;\u001b[39m\u001b[22m\n\u001b[2m     \u001b[90m 23 |\u001b[39m })\u001b[33m:\u001b[39m \u001b[33mUseQueryResult\u001b[39m\u001b[33m<\u001b[39m\u001b[33mTResponse\u001b[39m\u001b[33m,\u001b[39m \u001b[33mError\u001b[39m\u001b[33m>\u001b[39m \u001b[33m=>\u001b[39m {\u001b[22m\n\u001b[2m    \u001b[31m\u001b[1m>\u001b[22m\u001b[2m\u001b[39m\u001b[90m 24 |\u001b[39m   \u001b[36mreturn\u001b[39m useQuery\u001b[33m<\u001b[39m\u001b[33mTResponse\u001b[39m\u001b[33m,\u001b[39m \u001b[33mError\u001b[39m\u001b[33m>\u001b[39m({\u001b[22m\n\u001b[2m     \u001b[90m    |\u001b[39m                  \u001b[31m\u001b[1m^\u001b[22m\u001b[2m\u001b[39m\u001b[22m\n\u001b[2m     \u001b[90m 25 |\u001b[39m     queryKey\u001b[33m:\u001b[39m \u001b[33mArray\u001b[39m\u001b[33m.\u001b[39misArray(key) \u001b[33m?\u001b[39m key \u001b[33m:\u001b[39m [key]\u001b[33m,\u001b[39m\u001b[22m\n\u001b[2m     \u001b[90m 26 |\u001b[39m     queryFn\u001b[33m:\u001b[39m () \u001b[33m=>\u001b[39m fetchAPI\u001b[33m<\u001b[39m\u001b[33mTResponse\u001b[39m\u001b[33m>\u001b[39m({ url\u001b[33m,\u001b[39m skipAuth })\u001b[33m,\u001b[39m\u001b[22m\n\u001b[2m     \u001b[90m 27 |\u001b[39m     enabled\u001b[33m:\u001b[39m \u001b[33m!\u001b[39m\u001b[33m!\u001b[39misEnabled\u001b[33m,\u001b[39m\u001b[0m\u001b[22m\n\u001b[2m\u001b[22m\n\u001b[2m      \u001b[2mat useQueryClient (\u001b[22m\u001b[2mnode_modules/@tanstack/react-query/src/QueryClientProvider.tsx\u001b[2m:18:11)\u001b[22m\u001b[2m\u001b[22m\n\u001b[2m      \u001b[2mat useBaseQuery (\u001b[22m\u001b[2mnode_modules/@tanstack/react-query/src/useBaseQuery.ts\u001b[2m:53:18)\u001b[22m\u001b[2m\u001b[22m\n\u001b[2m      \u001b[2mat useQuery (\u001b[22m\u001b[2mnode_modules/@tanstack/react-query/src/useQuery.ts\u001b[2m:46:10)\u001b[22m\u001b[2m\u001b[22m\n\u001b[2m      \u001b[2mat FetchData (\u001b[22m\u001b[2msrc/global/services/HandleAPI.ts\u001b[2m:24:18)\u001b[22m\u001b[2m\u001b[22m\n\u001b[2m      \u001b[2mat useUnreadCount (\u001b[22m\u001b[2msrc/global/hooks/useNotifications.tsx\u001b[2m:31:19)\u001b[22m\u001b[2m\u001b[22m\n\u001b[2m      \u001b[2mat useNotificationBell (C:\\Users\\leovp\\Programming\\adorador\\adorador-frontend\\src\\app\\(public)\u001b[22m\u001b[2m../../../../../_ui/header/components/NotificationBell/_hooks/useNotificationBell.tsx\u001b[2m:12:47)\u001b[22m\u001b[2m\u001b[22m\n\u001b[2m      \u001b[2mat NotificationBell (C:\\Users\\leovp\\Programming\\adorador\\adorador-frontend\\src\\app\\(public)\u001b[22m\u001b[2m../../../../../_ui/header/components/NotificationBell.tsx\u001b[2m:25:26)\u001b[22m\u001b[2m\u001b[22m\n\u001b[2m      \u001b[2mat renderWithHooks (\u001b[22m\u001b[2mnode_modules/react-dom/cjs/react-dom.development.js\u001b[2m:15486:18)\u001b[22m\u001b[2m\u001b[22m\n\u001b[2m      \u001b[2mat mountIndeterminateComponent (\u001b[22m\u001b[2mnode_modules/react-dom/cjs/react-dom.development.js\u001b[2m:20103:13)\u001b[22m\u001b[2m\u001b[22m\n\u001b[2m      \u001b[2mat beginWork (\u001b[22m\u001b[2mnode_modules/react-dom/cjs/react-dom.development.js\u001b[2m:21626:16)\u001b[22m\u001b[2m\u001b[22m\n\u001b[2m      \u001b[2mat beginWork$1 (\u001b[22m\u001b[2mnode_modules/react-dom/cjs/react-dom.development.js\u001b[2m:27465:14)\u001b[22m\u001b[2m\u001b[22m\n\u001b[2m      \u001b[2mat performUnitOfWork (\u001b[22m\u001b[2mnode_modules/react-dom/cjs/react-dom.development.js\u001b[2m:26599:12)\u001b[22m\u001b[2m\u001b[22m\n\u001b[2m      \u001b[2mat workLoopSync (\u001b[22m\u001b[2mnode_modules/react-dom/cjs/react-dom.development.js\u001b[2m:26505:5)\u001b[22m\u001b[2m\u001b[22m\n\u001b[2m      \u001b[2mat renderRootSync (\u001b[22m\u001b[2mnode_modules/react-dom/cjs/react-dom.development.js\u001b[2m:26473:7)\u001b[22m\u001b[2m\u001b[22m\n\u001b[2m      \u001b[2mat recoverFromConcurrentError (\u001b[22m\u001b[2mnode_modules/react-dom/cjs/react-dom.development.js\u001b[2m:25889:20)\u001b[22m\u001b[2m\u001b[22m\n\u001b[2m      \u001b[2mat performConcurrentWorkOnRoot (\u001b[22m\u001b[2mnode_modules/react-dom/cjs/react-dom.development.js\u001b[2m:25789:22)\u001b[22m\u001b[2m\u001b[22m\n\u001b[2m      \u001b[2mat flushActQueue (\u001b[22m\u001b[2mnode_modules/react/cjs/react.development.js\u001b[2m:2667:24)\u001b[22m\u001b[2m\u001b[22m\n\u001b[2m      \u001b[2mat act (\u001b[22m\u001b[2mnode_modules/react/cjs/react.development.js\u001b[2m:2582:11)\u001b[22m\u001b[2m\u001b[22m\n\u001b[2m      \u001b[2mat \u001b[22m\u001b[2mnode_modules/@testing-library/react/dist/act-compat.js\u001b[2m:47:25\u001b[22m\u001b[2m\u001b[22m\n\u001b[2m      \u001b[2mat renderRoot (\u001b[22m\u001b[2mnode_modules/@testing-library/react/dist/pure.js\u001b[2m:190:26)\u001b[22m\u001b[2m\u001b[22m\n\u001b[2m      \u001b[2mat render (\u001b[22m\u001b[2mnode_modules/@testing-library/react/dist/pure.js\u001b[2m:292:10)\u001b[22m\u001b[2m\u001b[22m\n\u001b[2m      \u001b[2mat Object.<anonymous> (C:\\Users\\leovp\\Programming\\adorador\\adorador-frontend\\src\\app\\(public)\u001b[22m\u001b[2m../../../../../_ui/header/__tests__/Header.mobile-integration.test.tsx\u001b[2m:166:13)\u001b[22m\u001b[2m\u001b[22m\n\n\u001b[1m\u001b[31m  \u001b[1m● \u001b[22m\u001b[1mHeader - Integración Móvil (NotificationBell + Menu) › Visibilidad simultánea en móvil › el contenedor de ambos botones debe respetar el flujo del header\u001b[39m\u001b[22m\n\n    No QueryClient set, use QueryClientProvider to set one\n\u001b[2m\u001b[22m\n\u001b[2m    \u001b[0m \u001b[90m 22 |\u001b[39m   refetchOnWindowFocus\u001b[33m?\u001b[39m\u001b[33m:\u001b[39m boolean\u001b[33m;\u001b[39m\u001b[22m\n\u001b[2m     \u001b[90m 23 |\u001b[39m })\u001b[33m:\u001b[39m \u001b[33mUseQueryResult\u001b[39m\u001b[33m<\u001b[39m\u001b[33mTResponse\u001b[39m\u001b[33m,\u001b[39m \u001b[33mError\u001b[39m\u001b[33m>\u001b[39m \u001b[33m=>\u001b[39m {\u001b[22m\n\u001b[2m    \u001b[31m\u001b[1m>\u001b[22m\u001b[2m\u001b[39m\u001b[90m 24 |\u001b[39m   \u001b[36mreturn\u001b[39m useQuery\u001b[33m<\u001b[39m\u001b[33mTResponse\u001b[39m\u001b[33m,\u001b[39m \u001b[33mError\u001b[39m\u001b[33m>\u001b[39m({\u001b[22m\n\u001b[2m     \u001b[90m    |\u001b[39m                  \u001b[31m\u001b[1m^\u001b[22m\u001b[2m\u001b[39m\u001b[22m\n\u001b[2m     \u001b[90m 25 |\u001b[39m     queryKey\u001b[33m:\u001b[39m \u001b[33mArray\u001b[39m\u001b[33m.\u001b[39misArray(key) \u001b[33m?\u001b[39m key \u001b[33m:\u001b[39m [key]\u001b[33m,\u001b[39m\u001b[22m\n\u001b[2m     \u001b[90m 26 |\u001b[39m     queryFn\u001b[33m:\u001b[39m () \u001b[33m=>\u001b[39m fetchAPI\u001b[33m<\u001b[39m\u001b[33mTResponse\u001b[39m\u001b[33m>\u001b[39m({ url\u001b[33m,\u001b[39m skipAuth })\u001b[33m,\u001b[39m\u001b[22m\n\u001b[2m     \u001b[90m 27 |\u001b[39m     enabled\u001b[33m:\u001b[39m \u001b[33m!\u001b[39m\u001b[33m!\u001b[39misEnabled\u001b[33m,\u001b[39m\u001b[0m\u001b[22m\n\u001b[2m\u001b[22m\n\u001b[2m      \u001b[2mat useQueryClient (\u001b[22m\u001b[2mnode_modules/@tanstack/react-query/src/QueryClientProvider.tsx\u001b[2m:18:11)\u001b[22m\u001b[2m\u001b[22m\n\u001b[2m      \u001b[2mat useBaseQuery (\u001b[22m\u001b[2mnode_modules/@tanstack/react-query/src/useBaseQuery.ts\u001b[2m:53:18)\u001b[22m\u001b[2m\u001b[22m\n\u001b[2m      \u001b[2mat useQuery (\u001b[22m\u001b[2mnode_modules/@tanstack/react-query/src/useQuery.ts\u001b[2m:46:10)\u001b[22m\u001b[2m\u001b[22m\n\u001b[2m      \u001b[2mat FetchData (\u001b[22m\u001b[2msrc/global/services/HandleAPI.ts\u001b[2m:24:18)\u001b[22m\u001b[2m\u001b[22m\n\u001b[2m      \u001b[2mat useUnreadCount (\u001b[22m\u001b[2msrc/global/hooks/useNotifications.tsx\u001b[2m:31:19)\u001b[22m\u001b[2m\u001b[22m\n\u001b[2m      \u001b[2mat useNotificationBell (C:\\Users\\leovp\\Programming\\adorador\\adorador-frontend\\src\\app\\(public)\u001b[22m\u001b[2m../../../../../_ui/header/components/NotificationBell/_hooks/useNotificationBell.tsx\u001b[2m:12:47)\u001b[22m\u001b[2m\u001b[22m\n\u001b[2m      \u001b[2mat NotificationBell (C:\\Users\\leovp\\Programming\\adorador\\adorador-frontend\\src\\app\\(public)\u001b[22m\u001b[2m../../../../../_ui/header/components/NotificationBell.tsx\u001b[2m:25:26)\u001b[22m\u001b[2m\u001b[22m\n\u001b[2m      \u001b[2mat renderWithHooks (\u001b[22m\u001b[2mnode_modules/react-dom/cjs/react-dom.development.js\u001b[2m:15486:18)\u001b[22m\u001b[2m\u001b[22m\n\u001b[2m      \u001b[2mat mountIndeterminateComponent (\u001b[22m\u001b[2mnode_modules/react-dom/cjs/react-dom.development.js\u001b[2m:20103:13)\u001b[22m\u001b[2m\u001b[22m\n\u001b[2m      \u001b[2mat beginWork (\u001b[22m\u001b[2mnode_modules/react-dom/cjs/react-dom.development.js\u001b[2m:21626:16)\u001b[22m\u001b[2m\u001b[22m\n\u001b[2m      \u001b[2mat beginWork$1 (\u001b[22m\u001b[2mnode_modules/react-dom/cjs/react-dom.development.js\u001b[2m:27465:14)\u001b[22m\u001b[2m\u001b[22m\n\u001b[2m      \u001b[2mat performUnitOfWork (\u001b[22m\u001b[2mnode_modules/react-dom/cjs/react-dom.development.js\u001b[2m:26599:12)\u001b[22m\u001b[2m\u001b[22m\n\u001b[2m      \u001b[2mat workLoopSync (\u001b[22m\u001b[2mnode_modules/react-dom/cjs/react-dom.development.js\u001b[2m:26505:5)\u001b[22m\u001b[2m\u001b[22m\n\u001b[2m      \u001b[2mat renderRootSync (\u001b[22m\u001b[2mnode_modules/react-dom/cjs/react-dom.development.js\u001b[2m:26473:7)\u001b[22m\u001b[2m\u001b[22m\n\u001b[2m      \u001b[2mat recoverFromConcurrentError (\u001b[22m\u001b[2mnode_modules/react-dom/cjs/react-dom.development.js\u001b[2m:25889:20)\u001b[22m\u001b[2m\u001b[22m\n\u001b[2m      \u001b[2mat performConcurrentWorkOnRoot (\u001b[22m\u001b[2mnode_modules/react-dom/cjs/react-dom.development.js\u001b[2m:25789:22)\u001b[22m\u001b[2m\u001b[22m\n\u001b[2m      \u001b[2mat flushActQueue (\u001b[22m\u001b[2mnode_modules/react/cjs/react.development.js\u001b[2m:2667:24)\u001b[22m\u001b[2m\u001b[22m\n\u001b[2m      \u001b[2mat act (\u001b[22m\u001b[2mnode_modules/react/cjs/react.development.js\u001b[2m:2582:11)\u001b[22m\u001b[2m\u001b[22m\n\u001b[2m      \u001b[2mat \u001b[22m\u001b[2mnode_modules/@testing-library/react/dist/act-compat.js\u001b[2m:47:25\u001b[22m\u001b[2m\u001b[22m\n\u001b[2m      \u001b[2mat renderRoot (\u001b[22m\u001b[2mnode_modules/@testing-library/react/dist/pure.js\u001b[2m:190:26)\u001b[22m\u001b[2m\u001b[22m\n\u001b[2m      \u001b[2mat render (\u001b[22m\u001b[2mnode_modules/@testing-library/react/dist/pure.js\u001b[2m:292:10)\u001b[22m\u001b[2m\u001b[22m\n\u001b[2m      \u001b[2mat Object.<anonymous> (C:\\Users\\leovp\\Programming\\adorador\\adorador-frontend\\src\\app\\(public)\u001b[22m\u001b[2m../../../../../_ui/header/__tests__/Header.mobile-integration.test.tsx\u001b[2m:176:35)\u001b[22m\u001b[2m\u001b[22m\n\n\u001b[1m\u001b[31m  \u001b[1m● \u001b[22m\u001b[1mHeader - Integración Móvil (NotificationBell + Menu) › Comportamiento sin usuario logueado › no debe mostrar NotificationBell pero sí el menú hamburguesa\u001b[39m\u001b[22m\n\n    No QueryClient set, use QueryClientProvider to set one\n\u001b[2m\u001b[22m\n\u001b[2m    \u001b[0m \u001b[90m 22 |\u001b[39m   refetchOnWindowFocus\u001b[33m?\u001b[39m\u001b[33m:\u001b[39m boolean\u001b[33m;\u001b[39m\u001b[22m\n\u001b[2m     \u001b[90m 23 |\u001b[39m })\u001b[33m:\u001b[39m \u001b[33mUseQueryResult\u001b[39m\u001b[33m<\u001b[39m\u001b[33mTResponse\u001b[39m\u001b[33m,\u001b[39m \u001b[33mError\u001b[39m\u001b[33m>\u001b[39m \u001b[33m=>\u001b[39m {\u001b[22m\n\u001b[2m    \u001b[31m\u001b[1m>\u001b[22m\u001b[2m\u001b[39m\u001b[90m 24 |\u001b[39m   \u001b[36mreturn\u001b[39m useQuery\u001b[33m<\u001b[39m\u001b[33mTResponse\u001b[39m\u001b[33m,\u001b[39m \u001b[33mError\u001b[39m\u001b[33m>\u001b[39m({\u001b[22m\n\u001b[2m     \u001b[90m    |\u001b[39m                  \u001b[31m\u001b[1m^\u001b[22m\u001b[2m\u001b[39m\u001b[22m\n\u001b[2m     \u001b[90m 25 |\u001b[39m     queryKey\u001b[33m:\u001b[39m \u001b[33mArray\u001b[39m\u001b[33m.\u001b[39misArray(key) \u001b[33m?\u001b[39m key \u001b[33m:\u001b[39m [key]\u001b[33m,\u001b[39m\u001b[22m\n\u001b[2m     \u001b[90m 26 |\u001b[39m     queryFn\u001b[33m:\u001b[39m () \u001b[33m=>\u001b[39m fetchAPI\u001b[33m<\u001b[39m\u001b[33mTResponse\u001b[39m\u001b[33m>\u001b[39m({ url\u001b[33m,\u001b[39m skipAuth })\u001b[33m,\u001b[39m\u001b[22m\n\u001b[2m     \u001b[90m 27 |\u001b[39m     enabled\u001b[33m:\u001b[39m \u001b[33m!\u001b[39m\u001b[33m!\u001b[39misEnabled\u001b[33m,\u001b[39m\u001b[0m\u001b[22m\n\u001b[2m\u001b[22m\n\u001b[2m      \u001b[2mat useQueryClient (\u001b[22m\u001b[2mnode_modules/@tanstack/react-query/src/QueryClientProvider.tsx\u001b[2m:18:11)\u001b[22m\u001b[2m\u001b[22m\n\u001b[2m      \u001b[2mat useBaseQuery (\u001b[22m\u001b[2mnode_modules/@tanstack/react-query/src/useBaseQuery.ts\u001b[2m:53:18)\u001b[22m\u001b[2m\u001b[22m\n\u001b[2m      \u001b[2mat useQuery (\u001b[22m\u001b[2mnode_modules/@tanstack/react-query/src/useQuery.ts\u001b[2m:46:10)\u001b[22m\u001b[2m\u001b[22m\n\u001b[2m      \u001b[2mat FetchData (\u001b[22m\u001b[2msrc/global/services/HandleAPI.ts\u001b[2m:24:18)\u001b[22m\u001b[2m\u001b[22m\n\u001b[2m      \u001b[2mat useUnreadCount (\u001b[22m\u001b[2msrc/global/hooks/useNotifications.tsx\u001b[2m:31:19)\u001b[22m\u001b[2m\u001b[22m\n\u001b[2m      \u001b[2mat useNotificationBell (C:\\Users\\leovp\\Programming\\adorador\\adorador-frontend\\src\\app\\(public)\u001b[22m\u001b[2m../../../../../_ui/header/components/NotificationBell/_hooks/useNotificationBell.tsx\u001b[2m:12:47)\u001b[22m\u001b[2m\u001b[22m\n\u001b[2m      \u001b[2mat NotificationBell (C:\\Users\\leovp\\Programming\\adorador\\adorador-frontend\\src\\app\\(public)\u001b[22m\u001b[2m../../../../../_ui/header/components/NotificationBell.tsx\u001b[2m:25:26)\u001b[22m\u001b[2m\u001b[22m\n\u001b[2m      \u001b[2mat renderWithHooks (\u001b[22m\u001b[2mnode_modules/react-dom/cjs/react-dom.development.js\u001b[2m:15486:18)\u001b[22m\u001b[2m\u001b[22m\n\u001b[2m      \u001b[2mat mountIndeterminateComponent (\u001b[22m\u001b[2mnode_modules/react-dom/cjs/react-dom.development.js\u001b[2m:20103:13)\u001b[22m\u001b[2m\u001b[22m\n\u001b[2m      \u001b[2mat beginWork (\u001b[22m\u001b[2mnode_modules/react-dom/cjs/react-dom.development.js\u001b[2m:21626:16)\u001b[22m\u001b[2m\u001b[22m\n\u001b[2m      \u001b[2mat beginWork$1 (\u001b[22m\u001b[2mnode_modules/react-dom/cjs/react-dom.development.js\u001b[2m:27465:14)\u001b[22m\u001b[2m\u001b[22m\n\u001b[2m      \u001b[2mat performUnitOfWork (\u001b[22m\u001b[2mnode_modules/react-dom/cjs/react-dom.development.js\u001b[2m:26599:12)\u001b[22m\u001b[2m\u001b[22m\n\u001b[2m      \u001b[2mat workLoopSync (\u001b[22m\u001b[2mnode_modules/react-dom/cjs/react-dom.development.js\u001b[2m:26505:5)\u001b[22m\u001b[2m\u001b[22m\n\u001b[2m      \u001b[2mat renderRootSync (\u001b[22m\u001b[2mnode_modules/react-dom/cjs/react-dom.development.js\u001b[2m:26473:7)\u001b[22m\u001b[2m\u001b[22m\n\u001b[2m      \u001b[2mat recoverFromConcurrentError (\u001b[22m\u001b[2mnode_modules/react-dom/cjs/react-dom.development.js\u001b[2m:25889:20)\u001b[22m\u001b[2m\u001b[22m\n\u001b[2m      \u001b[2mat performConcurrentWorkOnRoot (\u001b[22m\u001b[2mnode_modules/react-dom/cjs/react-dom.development.js\u001b[2m:25789:22)\u001b[22m\u001b[2m\u001b[22m\n\u001b[2m      \u001b[2mat flushActQueue (\u001b[22m\u001b[2mnode_modules/react/cjs/react.development.js\u001b[2m:2667:24)\u001b[22m\u001b[2m\u001b[22m\n\u001b[2m      \u001b[2mat act (\u001b[22m\u001b[2mnode_modules/react/cjs/react.development.js\u001b[2m:2582:11)\u001b[22m\u001b[2m\u001b[22m\n\u001b[2m      \u001b[2mat \u001b[22m\u001b[2mnode_modules/@testing-library/react/dist/act-compat.js\u001b[2m:47:25\u001b[22m\u001b[2m\u001b[22m\n\u001b[2m      \u001b[2mat renderRoot (\u001b[22m\u001b[2mnode_modules/@testing-library/react/dist/pure.js\u001b[2m:190:26)\u001b[22m\u001b[2m\u001b[22m\n\u001b[2m      \u001b[2mat render (\u001b[22m\u001b[2mnode_modules/@testing-library/react/dist/pure.js\u001b[2m:292:10)\u001b[22m\u001b[2m\u001b[22m\n\u001b[2m      \u001b[2mat Object.<anonymous> (C:\\Users\\leovp\\Programming\\adorador\\adorador-frontend\\src\\app\\(public)\u001b[22m\u001b[2m../../../../../_ui/header/__tests__/Header.mobile-integration.test.tsx\u001b[2m:198:13)\u001b[22m\u001b[2m\u001b[22m\n\n\u001b[1m\u001b[31m  \u001b[1m● \u001b[22m\u001b[1mHeader - Integración Móvil (NotificationBell + Menu) › Prevención de superposición › el gap-3 debe proporcionar separación suficiente entre botones (12px)\u001b[39m\u001b[22m\n\n    No QueryClient set, use QueryClientProvider to set one\n\u001b[2m\u001b[22m\n\u001b[2m    \u001b[0m \u001b[90m 22 |\u001b[39m   refetchOnWindowFocus\u001b[33m?\u001b[39m\u001b[33m:\u001b[39m boolean\u001b[33m;\u001b[39m\u001b[22m\n\u001b[2m     \u001b[90m 23 |\u001b[39m })\u001b[33m:\u001b[39m \u001b[33mUseQueryResult\u001b[39m\u001b[33m<\u001b[39m\u001b[33mTResponse\u001b[39m\u001b[33m,\u001b[39m \u001b[33mError\u001b[39m\u001b[33m>\u001b[39m \u001b[33m=>\u001b[39m {\u001b[22m\n\u001b[2m    \u001b[31m\u001b[1m>\u001b[22m\u001b[2m\u001b[39m\u001b[90m 24 |\u001b[39m   \u001b[36mreturn\u001b[39m useQuery\u001b[33m<\u001b[39m\u001b[33mTResponse\u001b[39m\u001b[33m,\u001b[39m \u001b[33mError\u001b[39m\u001b[33m>\u001b[39m({\u001b[22m\n\u001b[2m     \u001b[90m    |\u001b[39m                  \u001b[31m\u001b[1m^\u001b[22m\u001b[2m\u001b[39m\u001b[22m\n\u001b[2m     \u001b[90m 25 |\u001b[39m     queryKey\u001b[33m:\u001b[39m \u001b[33mArray\u001b[39m\u001b[33m.\u001b[39misArray(key) \u001b[33m?\u001b[39m key \u001b[33m:\u001b[39m [key]\u001b[33m,\u001b[39m\u001b[22m\n\u001b[2m     \u001b[90m 26 |\u001b[39m     queryFn\u001b[33m:\u001b[39m () \u001b[33m=>\u001b[39m fetchAPI\u001b[33m<\u001b[39m\u001b[33mTResponse\u001b[39m\u001b[33m>\u001b[39m({ url\u001b[33m,\u001b[39m skipAuth })\u001b[33m,\u001b[39m\u001b[22m\n\u001b[2m     \u001b[90m 27 |\u001b[39m     enabled\u001b[33m:\u001b[39m \u001b[33m!\u001b[39m\u001b[33m!\u001b[39misEnabled\u001b[33m,\u001b[39m\u001b[0m\u001b[22m\n\u001b[2m\u001b[22m\n\u001b[2m      \u001b[2mat useQueryClient (\u001b[22m\u001b[2mnode_modules/@tanstack/react-query/src/QueryClientProvider.tsx\u001b[2m:18:11)\u001b[22m\u001b[2m\u001b[22m\n\u001b[2m      \u001b[2mat useBaseQuery (\u001b[22m\u001b[2mnode_modules/@tanstack/react-query/src/useBaseQuery.ts\u001b[2m:53:18)\u001b[22m\u001b[2m\u001b[22m\n\u001b[2m      \u001b[2mat useQuery (\u001b[22m\u001b[2mnode_modules/@tanstack/react-query/src/useQuery.ts\u001b[2m:46:10)\u001b[22m\u001b[2m\u001b[22m\n\u001b[2m      \u001b[2mat FetchData (\u001b[22m\u001b[2msrc/global/services/HandleAPI.ts\u001b[2m:24:18)\u001b[22m\u001b[2m\u001b[22m\n\u001b[2m      \u001b[2mat useUnreadCount (\u001b[22m\u001b[2msrc/global/hooks/useNotifications.tsx\u001b[2m:31:19)\u001b[22m\u001b[2m\u001b[22m\n\u001b[2m      \u001b[2mat useNotificationBell (C:\\Users\\leovp\\Programming\\adorador\\adorador-frontend\\src\\app\\(public)\u001b[22m\u001b[2m../../../../../_ui/header/components/NotificationBell/_hooks/useNotificationBell.tsx\u001b[2m:12:47)\u001b[22m\u001b[2m\u001b[22m\n\u001b[2m      \u001b[2mat NotificationBell (C:\\Users\\leovp\\Programming\\adorador\\adorador-frontend\\src\\app\\(public)\u001b[22m\u001b[2m../../../../../_ui/header/components/NotificationBell.tsx\u001b[2m:25:26)\u001b[22m\u001b[2m\u001b[22m\n\u001b[2m      \u001b[2mat renderWithHooks (\u001b[22m\u001b[2mnode_modules/react-dom/cjs/react-dom.development.js\u001b[2m:15486:18)\u001b[22m\u001b[2m\u001b[22m\n\u001b[2m      \u001b[2mat mountIndeterminateComponent (\u001b[22m\u001b[2mnode_modules/react-dom/cjs/react-dom.development.js\u001b[2m:20103:13)\u001b[22m\u001b[2m\u001b[22m\n\u001b[2m      \u001b[2mat beginWork (\u001b[22m\u001b[2mnode_modules/react-dom/cjs/react-dom.development.js\u001b[2m:21626:16)\u001b[22m\u001b[2m\u001b[22m\n\u001b[2m      \u001b[2mat beginWork$1 (\u001b[22m\u001b[2mnode_modules/react-dom/cjs/react-dom.development.js\u001b[2m:27465:14)\u001b[22m\u001b[2m\u001b[22m\n\u001b[2m      \u001b[2mat performUnitOfWork (\u001b[22m\u001b[2mnode_modules/react-dom/cjs/react-dom.development.js\u001b[2m:26599:12)\u001b[22m\u001b[2m\u001b[22m\n\u001b[2m      \u001b[2mat workLoopSync (\u001b[22m\u001b[2mnode_modules/react-dom/cjs/react-dom.development.js\u001b[2m:26505:5)\u001b[22m\u001b[2m\u001b[22m\n\u001b[2m      \u001b[2mat renderRootSync (\u001b[22m\u001b[2mnode_modules/react-dom/cjs/react-dom.development.js\u001b[2m:26473:7)\u001b[22m\u001b[2m\u001b[22m\n\u001b[2m      \u001b[2mat recoverFromConcurrentError (\u001b[22m\u001b[2mnode_modules/react-dom/cjs/react-dom.development.js\u001b[2m:25889:20)\u001b[22m\u001b[2m\u001b[22m\n\u001b[2m      \u001b[2mat performConcurrentWorkOnRoot (\u001b[22m\u001b[2mnode_modules/react-dom/cjs/react-dom.development.js\u001b[2m:25789:22)\u001b[22m\u001b[2m\u001b[22m\n\u001b[2m      \u001b[2mat flushActQueue (\u001b[22m\u001b[2mnode_modules/react/cjs/react.development.js\u001b[2m:2667:24)\u001b[22m\u001b[2m\u001b[22m\n\u001b[2m      \u001b[2mat act (\u001b[22m\u001b[2mnode_modules/react/cjs/react.development.js\u001b[2m:2582:11)\u001b[22m\u001b[2m\u001b[22m\n\u001b[2m      \u001b[2mat \u001b[22m\u001b[2mnode_modules/@testing-library/react/dist/act-compat.js\u001b[2m:47:25\u001b[22m\u001b[2m\u001b[22m\n\u001b[2m      \u001b[2mat renderRoot (\u001b[22m\u001b[2mnode_modules/@testing-library/react/dist/pure.js\u001b[2m:190:26)\u001b[22m\u001b[2m\u001b[22m\n\u001b[2m      \u001b[2mat render (\u001b[22m\u001b[2mnode_modules/@testing-library/react/dist/pure.js\u001b[2m:292:10)\u001b[22m\u001b[2m\u001b[22m\n\u001b[2m      \u001b[2mat Object.<anonymous> (C:\\Users\\leovp\\Programming\\adorador\\adorador-frontend\\src\\app\\(public)\u001b[22m\u001b[2m../../../../../_ui/header/__tests__/Header.mobile-integration.test.tsx\u001b[2m:212:13)\u001b[22m\u001b[2m\u001b[22m\n\n\u001b[1m\u001b[31m  \u001b[1m● \u001b[22m\u001b[1mHeader - Integración Móvil (NotificationBell + Menu) › Prevención de superposición › ambos botones deben usar relative positioning para mantener flujo del documento\u001b[39m\u001b[22m\n\n    No QueryClient set, use QueryClientProvider to set one\n\u001b[2m\u001b[22m\n\u001b[2m    \u001b[0m \u001b[90m 22 |\u001b[39m   refetchOnWindowFocus\u001b[33m?\u001b[39m\u001b[33m:\u001b[39m boolean\u001b[33m;\u001b[39m\u001b[22m\n\u001b[2m     \u001b[90m 23 |\u001b[39m })\u001b[33m:\u001b[39m \u001b[33mUseQueryResult\u001b[39m\u001b[33m<\u001b[39m\u001b[33mTResponse\u001b[39m\u001b[33m,\u001b[39m \u001b[33mError\u001b[39m\u001b[33m>\u001b[39m \u001b[33m=>\u001b[39m {\u001b[22m\n\u001b[2m    \u001b[31m\u001b[1m>\u001b[22m\u001b[2m\u001b[39m\u001b[90m 24 |\u001b[39m   \u001b[36mreturn\u001b[39m useQuery\u001b[33m<\u001b[39m\u001b[33mTResponse\u001b[39m\u001b[33m,\u001b[39m \u001b[33mError\u001b[39m\u001b[33m>\u001b[39m({\u001b[22m\n\u001b[2m     \u001b[90m    |\u001b[39m                  \u001b[31m\u001b[1m^\u001b[22m\u001b[2m\u001b[39m\u001b[22m\n\u001b[2m     \u001b[90m 25 |\u001b[39m     queryKey\u001b[33m:\u001b[39m \u001b[33mArray\u001b[39m\u001b[33m.\u001b[39misArray(key) \u001b[33m?\u001b[39m key \u001b[33m:\u001b[39m [key]\u001b[33m,\u001b[39m\u001b[22m\n\u001b[2m     \u001b[90m 26 |\u001b[39m     queryFn\u001b[33m:\u001b[39m () \u001b[33m=>\u001b[39m fetchAPI\u001b[33m<\u001b[39m\u001b[33mTResponse\u001b[39m\u001b[33m>\u001b[39m({ url\u001b[33m,\u001b[39m skipAuth })\u001b[33m,\u001b[39m\u001b[22m\n\u001b[2m     \u001b[90m 27 |\u001b[39m     enabled\u001b[33m:\u001b[39m \u001b[33m!\u001b[39m\u001b[33m!\u001b[39misEnabled\u001b[33m,\u001b[39m\u001b[0m\u001b[22m\n\u001b[2m\u001b[22m\n\u001b[2m      \u001b[2mat useQueryClient (\u001b[22m\u001b[2mnode_modules/@tanstack/react-query/src/QueryClientProvider.tsx\u001b[2m:18:11)\u001b[22m\u001b[2m\u001b[22m\n\u001b[2m      \u001b[2mat useBaseQuery (\u001b[22m\u001b[2mnode_modules/@tanstack/react-query/src/useBaseQuery.ts\u001b[2m:53:18)\u001b[22m\u001b[2m\u001b[22m\n\u001b[2m      \u001b[2mat useQuery (\u001b[22m\u001b[2mnode_modules/@tanstack/react-query/src/useQuery.ts\u001b[2m:46:10)\u001b[22m\u001b[2m\u001b[22m\n\u001b[2m      \u001b[2mat FetchData (\u001b[22m\u001b[2msrc/global/services/HandleAPI.ts\u001b[2m:24:18)\u001b[22m\u001b[2m\u001b[22m\n\u001b[2m      \u001b[2mat useUnreadCount (\u001b[22m\u001b[2msrc/global/hooks/useNotifications.tsx\u001b[2m:31:19)\u001b[22m\u001b[2m\u001b[22m\n\u001b[2m      \u001b[2mat useNotificationBell (C:\\Users\\leovp\\Programming\\adorador\\adorador-frontend\\src\\app\\(public)\u001b[22m\u001b[2m../../../../../_ui/header/components/NotificationBell/_hooks/useNotificationBell.tsx\u001b[2m:12:47)\u001b[22m\u001b[2m\u001b[22m\n\u001b[2m      \u001b[2mat NotificationBell (C:\\Users\\leovp\\Programming\\adorador\\adorador-frontend\\src\\app\\(public)\u001b[22m\u001b[2m../../../../../_ui/header/components/NotificationBell.tsx\u001b[2m:25:26)\u001b[22m\u001b[2m\u001b[22m\n\u001b[2m      \u001b[2mat renderWithHooks (\u001b[22m\u001b[2mnode_modules/react-dom/cjs/react-dom.development.js\u001b[2m:15486:18)\u001b[22m\u001b[2m\u001b[22m\n\u001b[2m      \u001b[2mat mountIndeterminateComponent (\u001b[22m\u001b[2mnode_modules/react-dom/cjs/react-dom.development.js\u001b[2m:20103:13)\u001b[22m\u001b[2m\u001b[22m\n\u001b[2m      \u001b[2mat beginWork (\u001b[22m\u001b[2mnode_modules/react-dom/cjs/react-dom.development.js\u001b[2m:21626:16)\u001b[22m\u001b[2m\u001b[22m\n\u001b[2m      \u001b[2mat beginWork$1 (\u001b[22m\u001b[2mnode_modules/react-dom/cjs/react-dom.development.js\u001b[2m:27465:14)\u001b[22m\u001b[2m\u001b[22m\n\u001b[2m      \u001b[2mat performUnitOfWork (\u001b[22m\u001b[2mnode_modules/react-dom/cjs/react-dom.development.js\u001b[2m:26599:12)\u001b[22m\u001b[2m\u001b[22m\n\u001b[2m      \u001b[2mat workLoopSync (\u001b[22m\u001b[2mnode_modules/react-dom/cjs/react-dom.development.js\u001b[2m:26505:5)\u001b[22m\u001b[2m\u001b[22m\n\u001b[2m      \u001b[2mat renderRootSync (\u001b[22m\u001b[2mnode_modules/react-dom/cjs/react-dom.development.js\u001b[2m:26473:7)\u001b[22m\u001b[2m\u001b[22m\n\u001b[2m      \u001b[2mat recoverFromConcurrentError (\u001b[22m\u001b[2mnode_modules/react-dom/cjs/react-dom.development.js\u001b[2m:25889:20)\u001b[22m\u001b[2m\u001b[22m\n\u001b[2m      \u001b[2mat performConcurrentWorkOnRoot (\u001b[22m\u001b[2mnode_modules/react-dom/cjs/react-dom.development.js\u001b[2m:25789:22)\u001b[22m\u001b[2m\u001b[22m\n\u001b[2m      \u001b[2mat flushActQueue (\u001b[22m\u001b[2mnode_modules/react/cjs/react.development.js\u001b[2m:2667:24)\u001b[22m\u001b[2m\u001b[22m\n\u001b[2m      \u001b[2mat act (\u001b[22m\u001b[2mnode_modules/react/cjs/react.development.js\u001b[2m:2582:11)\u001b[22m\u001b[2m\u001b[22m\n\u001b[2m      \u001b[2mat \u001b[22m\u001b[2mnode_modules/@testing-library/react/dist/act-compat.js\u001b[2m:47:25\u001b[22m\u001b[2m\u001b[22m\n\u001b[2m      \u001b[2mat renderRoot (\u001b[22m\u001b[2mnode_modules/@testing-library/react/dist/pure.js\u001b[2m:190:26)\u001b[22m\u001b[2m\u001b[22m\n\u001b[2m      \u001b[2mat render (\u001b[22m\u001b[2mnode_modules/@testing-library/react/dist/pure.js\u001b[2m:292:10)\u001b[22m\u001b[2m\u001b[22m\n\u001b[2m      \u001b[2mat Object.<anonymous> (C:\\Users\\leovp\\Programming\\adorador\\adorador-frontend\\src\\app\\(public)\u001b[22m\u001b[2m../../../../../_ui/header/__tests__/Header.mobile-integration.test.tsx\u001b[2m:223:13)\u001b[22m\u001b[2m\u001b[22m\n\n\u001b[1m\u001b[31m  \u001b[1m● \u001b[22m\u001b[1mHeader - Integración Móvil (NotificationBell + Menu) › Estructura del Header › debe tener z-index 40 para estar debajo de los botones (z-50)\u001b[39m\u001b[22m\n\n    No QueryClient set, use QueryClientProvider to set one\n\u001b[2m\u001b[22m\n\u001b[2m    \u001b[0m \u001b[90m 22 |\u001b[39m   refetchOnWindowFocus\u001b[33m?\u001b[39m\u001b[33m:\u001b[39m boolean\u001b[33m;\u001b[39m\u001b[22m\n\u001b[2m     \u001b[90m 23 |\u001b[39m })\u001b[33m:\u001b[39m \u001b[33mUseQueryResult\u001b[39m\u001b[33m<\u001b[39m\u001b[33mTResponse\u001b[39m\u001b[33m,\u001b[39m \u001b[33mError\u001b[39m\u001b[33m>\u001b[39m \u001b[33m=>\u001b[39m {\u001b[22m\n\u001b[2m    \u001b[31m\u001b[1m>\u001b[22m\u001b[2m\u001b[39m\u001b[90m 24 |\u001b[39m   \u001b[36mreturn\u001b[39m useQuery\u001b[33m<\u001b[39m\u001b[33mTResponse\u001b[39m\u001b[33m,\u001b[39m \u001b[33mError\u001b[39m\u001b[33m>\u001b[39m({\u001b[22m\n\u001b[2m     \u001b[90m    |\u001b[39m                  \u001b[31m\u001b[1m^\u001b[22m\u001b[2m\u001b[39m\u001b[22m\n\u001b[2m     \u001b[90m 25 |\u001b[39m     queryKey\u001b[33m:\u001b[39m \u001b[33mArray\u001b[39m\u001b[33m.\u001b[39misArray(key) \u001b[33m?\u001b[39m key \u001b[33m:\u001b[39m [key]\u001b[33m,\u001b[39m\u001b[22m\n\u001b[2m     \u001b[90m 26 |\u001b[39m     queryFn\u001b[33m:\u001b[39m () \u001b[33m=>\u001b[39m fetchAPI\u001b[33m<\u001b[39m\u001b[33mTResponse\u001b[39m\u001b[33m>\u001b[39m({ url\u001b[33m,\u001b[39m skipAuth })\u001b[33m,\u001b[39m\u001b[22m\n\u001b[2m     \u001b[90m 27 |\u001b[39m     enabled\u001b[33m:\u001b[39m \u001b[33m!\u001b[39m\u001b[33m!\u001b[39misEnabled\u001b[33m,\u001b[39m\u001b[0m\u001b[22m\n\u001b[2m\u001b[22m\n\u001b[2m      \u001b[2mat useQueryClient (\u001b[22m\u001b[2mnode_modules/@tanstack/react-query/src/QueryClientProvider.tsx\u001b[2m:18:11)\u001b[22m\u001b[2m\u001b[22m\n\u001b[2m      \u001b[2mat useBaseQuery (\u001b[22m\u001b[2mnode_modules/@tanstack/react-query/src/useBaseQuery.ts\u001b[2m:53:18)\u001b[22m\u001b[2m\u001b[22m\n\u001b[2m      \u001b[2mat useQuery (\u001b[22m\u001b[2mnode_modules/@tanstack/react-query/src/useQuery.ts\u001b[2m:46:10)\u001b[22m\u001b[2m\u001b[22m\n\u001b[2m      \u001b[2mat FetchData (\u001b[22m\u001b[2msrc/global/services/HandleAPI.ts\u001b[2m:24:18)\u001b[22m\u001b[2m\u001b[22m\n\u001b[2m      \u001b[2mat useUnreadCount (\u001b[22m\u001b[2msrc/global/hooks/useNotifications.tsx\u001b[2m:31:19)\u001b[22m\u001b[2m\u001b[22m\n\u001b[2m      \u001b[2mat useNotificationBell (C:\\Users\\leovp\\Programming\\adorador\\adorador-frontend\\src\\app\\(public)\u001b[22m\u001b[2m../../../../../_ui/header/components/NotificationBell/_hooks/useNotificationBell.tsx\u001b[2m:12:47)\u001b[22m\u001b[2m\u001b[22m\n\u001b[2m      \u001b[2mat NotificationBell (C:\\Users\\leovp\\Programming\\adorador\\adorador-frontend\\src\\app\\(public)\u001b[22m\u001b[2m../../../../../_ui/header/components/NotificationBell.tsx\u001b[2m:25:26)\u001b[22m\u001b[2m\u001b[22m\n\u001b[2m      \u001b[2mat renderWithHooks (\u001b[22m\u001b[2mnode_modules/react-dom/cjs/react-dom.development.js\u001b[2m:15486:18)\u001b[22m\u001b[2m\u001b[22m\n\u001b[2m      \u001b[2mat mountIndeterminateComponent (\u001b[22m\u001b[2mnode_modules/react-dom/cjs/react-dom.development.js\u001b[2m:20103:13)\u001b[22m\u001b[2m\u001b[22m\n\u001b[2m      \u001b[2mat beginWork (\u001b[22m\u001b[2mnode_modules/react-dom/cjs/react-dom.development.js\u001b[2m:21626:16)\u001b[22m\u001b[2m\u001b[22m\n\u001b[2m      \u001b[2mat beginWork$1 (\u001b[22m\u001b[2mnode_modules/react-dom/cjs/react-dom.development.js\u001b[2m:27465:14)\u001b[22m\u001b[2m\u001b[22m\n\u001b[2m      \u001b[2mat performUnitOfWork (\u001b[22m\u001b[2mnode_modules/react-dom/cjs/react-dom.development.js\u001b[2m:26599:12)\u001b[22m\u001b[2m\u001b[22m\n\u001b[2m      \u001b[2mat workLoopSync (\u001b[22m\u001b[2mnode_modules/react-dom/cjs/react-dom.development.js\u001b[2m:26505:5)\u001b[22m\u001b[2m\u001b[22m\n\u001b[2m      \u001b[2mat renderRootSync (\u001b[22m\u001b[2mnode_modules/react-dom/cjs/react-dom.development.js\u001b[2m:26473:7)\u001b[22m\u001b[2m\u001b[22m\n\u001b[2m      \u001b[2mat recoverFromConcurrentError (\u001b[22m\u001b[2mnode_modules/react-dom/cjs/react-dom.development.js\u001b[2m:25889:20)\u001b[22m\u001b[2m\u001b[22m\n\u001b[2m      \u001b[2mat performConcurrentWorkOnRoot (\u001b[22m\u001b[2mnode_modules/react-dom/cjs/react-dom.development.js\u001b[2m:25789:22)\u001b[22m\u001b[2m\u001b[22m\n\u001b[2m      \u001b[2mat flushActQueue (\u001b[22m\u001b[2mnode_modules/react/cjs/react.development.js\u001b[2m:2667:24)\u001b[22m\u001b[2m\u001b[22m\n\u001b[2m      \u001b[2mat act (\u001b[22m\u001b[2mnode_modules/react/cjs/react.development.js\u001b[2m:2582:11)\u001b[22m\u001b[2m\u001b[22m\n\u001b[2m      \u001b[2mat \u001b[22m\u001b[2mnode_modules/@testing-library/react/dist/act-compat.js\u001b[2m:47:25\u001b[22m\u001b[2m\u001b[22m\n\u001b[2m      \u001b[2mat renderRoot (\u001b[22m\u001b[2mnode_modules/@testing-library/react/dist/pure.js\u001b[2m:190:26)\u001b[22m\u001b[2m\u001b[22m\n\u001b[2m      \u001b[2mat render (\u001b[22m\u001b[2mnode_modules/@testing-library/react/dist/pure.js\u001b[2m:292:10)\u001b[22m\u001b[2m\u001b[22m\n\u001b[2m      \u001b[2mat Object.<anonymous> (C:\\Users\\leovp\\Programming\\adorador\\adorador-frontend\\src\\app\\(public)\u001b[22m\u001b[2m../../../../../_ui/header/__tests__/Header.mobile-integration.test.tsx\u001b[2m:236:35)\u001b[22m\u001b[2m\u001b[22m\n\n\u001b[1m\u001b[31m  \u001b[1m● \u001b[22m\u001b[1mHeader - Integración Móvil (NotificationBell + Menu) › Estructura del Header › debe ser fixed y cubrir todo el ancho\u001b[39m\u001b[22m\n\n    No QueryClient set, use QueryClientProvider to set one\n\u001b[2m\u001b[22m\n\u001b[2m    \u001b[0m \u001b[90m 22 |\u001b[39m   refetchOnWindowFocus\u001b[33m?\u001b[39m\u001b[33m:\u001b[39m boolean\u001b[33m;\u001b[39m\u001b[22m\n\u001b[2m     \u001b[90m 23 |\u001b[39m })\u001b[33m:\u001b[39m \u001b[33mUseQueryResult\u001b[39m\u001b[33m<\u001b[39m\u001b[33mTResponse\u001b[39m\u001b[33m,\u001b[39m \u001b[33mError\u001b[39m\u001b[33m>\u001b[39m \u001b[33m=>\u001b[39m {\u001b[22m\n\u001b[2m    \u001b[31m\u001b[1m>\u001b[22m\u001b[2m\u001b[39m\u001b[90m 24 |\u001b[39m   \u001b[36mreturn\u001b[39m useQuery\u001b[33m<\u001b[39m\u001b[33mTResponse\u001b[39m\u001b[33m,\u001b[39m \u001b[33mError\u001b[39m\u001b[33m>\u001b[39m({\u001b[22m\n\u001b[2m     \u001b[90m    |\u001b[39m                  \u001b[31m\u001b[1m^\u001b[22m\u001b[2m\u001b[39m\u001b[22m\n\u001b[2m     \u001b[90m 25 |\u001b[39m     queryKey\u001b[33m:\u001b[39m \u001b[33mArray\u001b[39m\u001b[33m.\u001b[39misArray(key) \u001b[33m?\u001b[39m key \u001b[33m:\u001b[39m [key]\u001b[33m,\u001b[39m\u001b[22m\n\u001b[2m     \u001b[90m 26 |\u001b[39m     queryFn\u001b[33m:\u001b[39m () \u001b[33m=>\u001b[39m fetchAPI\u001b[33m<\u001b[39m\u001b[33mTResponse\u001b[39m\u001b[33m>\u001b[39m({ url\u001b[33m,\u001b[39m skipAuth })\u001b[33m,\u001b[39m\u001b[22m\n\u001b[2m     \u001b[90m 27 |\u001b[39m     enabled\u001b[33m:\u001b[39m \u001b[33m!\u001b[39m\u001b[33m!\u001b[39misEnabled\u001b[33m,\u001b[39m\u001b[0m\u001b[22m\n\u001b[2m\u001b[22m\n\u001b[2m      \u001b[2mat useQueryClient (\u001b[22m\u001b[2mnode_modules/@tanstack/react-query/src/QueryClientProvider.tsx\u001b[2m:18:11)\u001b[22m\u001b[2m\u001b[22m\n\u001b[2m      \u001b[2mat useBaseQuery (\u001b[22m\u001b[2mnode_modules/@tanstack/react-query/src/useBaseQuery.ts\u001b[2m:53:18)\u001b[22m\u001b[2m\u001b[22m\n\u001b[2m      \u001b[2mat useQuery (\u001b[22m\u001b[2mnode_modules/@tanstack/react-query/src/useQuery.ts\u001b[2m:46:10)\u001b[22m\u001b[2m\u001b[22m\n\u001b[2m      \u001b[2mat FetchData (\u001b[22m\u001b[2msrc/global/services/HandleAPI.ts\u001b[2m:24:18)\u001b[22m\u001b[2m\u001b[22m\n\u001b[2m      \u001b[2mat useUnreadCount (\u001b[22m\u001b[2msrc/global/hooks/useNotifications.tsx\u001b[2m:31:19)\u001b[22m\u001b[2m\u001b[22m\n\u001b[2m      \u001b[2mat useNotificationBell (C:\\Users\\leovp\\Programming\\adorador\\adorador-frontend\\src\\app\\(public)\u001b[22m\u001b[2m../../../../../_ui/header/components/NotificationBell/_hooks/useNotificationBell.tsx\u001b[2m:12:47)\u001b[22m\u001b[2m\u001b[22m\n\u001b[2m      \u001b[2mat NotificationBell (C:\\Users\\leovp\\Programming\\adorador\\adorador-frontend\\src\\app\\(public)\u001b[22m\u001b[2m../../../../../_ui/header/components/NotificationBell.tsx\u001b[2m:25:26)\u001b[22m\u001b[2m\u001b[22m\n\u001b[2m      \u001b[2mat renderWithHooks (\u001b[22m\u001b[2mnode_modules/react-dom/cjs/react-dom.development.js\u001b[2m:15486:18)\u001b[22m\u001b[2m\u001b[22m\n\u001b[2m      \u001b[2mat mountIndeterminateComponent (\u001b[22m\u001b[2mnode_modules/react-dom/cjs/react-dom.development.js\u001b[2m:20103:13)\u001b[22m\u001b[2m\u001b[22m\n\u001b[2m      \u001b[2mat beginWork (\u001b[22m\u001b[2mnode_modules/react-dom/cjs/react-dom.development.js\u001b[2m:21626:16)\u001b[22m\u001b[2m\u001b[22m\n\u001b[2m      \u001b[2mat beginWork$1 (\u001b[22m\u001b[2mnode_modules/react-dom/cjs/react-dom.development.js\u001b[2m:27465:14)\u001b[22m\u001b[2m\u001b[22m\n\u001b[2m      \u001b[2mat performUnitOfWork (\u001b[22m\u001b[2mnode_modules/react-dom/cjs/react-dom.development.js\u001b[2m:26599:12)\u001b[22m\u001b[2m\u001b[22m\n\u001b[2m      \u001b[2mat workLoopSync (\u001b[22m\u001b[2mnode_modules/react-dom/cjs/react-dom.development.js\u001b[2m:26505:5)\u001b[22m\u001b[2m\u001b[22m\n\u001b[2m      \u001b[2mat renderRootSync (\u001b[22m\u001b[2mnode_modules/react-dom/cjs/react-dom.development.js\u001b[2m:26473:7)\u001b[22m\u001b[2m\u001b[22m\n\u001b[2m      \u001b[2mat recoverFromConcurrentError (\u001b[22m\u001b[2mnode_modules/react-dom/cjs/react-dom.development.js\u001b[2m:25889:20)\u001b[22m\u001b[2m\u001b[22m\n\u001b[2m      \u001b[2mat performConcurrentWorkOnRoot (\u001b[22m\u001b[2mnode_modules/react-dom/cjs/react-dom.development.js\u001b[2m:25789:22)\u001b[22m\u001b[2m\u001b[22m\n\u001b[2m      \u001b[2mat flushActQueue (\u001b[22m\u001b[2mnode_modules/react/cjs/react.development.js\u001b[2m:2667:24)\u001b[22m\u001b[2m\u001b[22m\n\u001b[2m      \u001b[2mat act (\u001b[22m\u001b[2mnode_modules/react/cjs/react.development.js\u001b[2m:2582:11)\u001b[22m\u001b[2m\u001b[22m\n\u001b[2m      \u001b[2mat \u001b[22m\u001b[2mnode_modules/@testing-library/react/dist/act-compat.js\u001b[2m:47:25\u001b[22m\u001b[2m\u001b[22m\n\u001b[2m      \u001b[2mat renderRoot (\u001b[22m\u001b[2mnode_modules/@testing-library/react/dist/pure.js\u001b[2m:190:26)\u001b[22m\u001b[2m\u001b[22m\n\u001b[2m      \u001b[2mat render (\u001b[22m\u001b[2mnode_modules/@testing-library/react/dist/pure.js\u001b[2m:292:10)\u001b[22m\u001b[2m\u001b[22m\n\u001b[2m      \u001b[2mat Object.<anonymous> (C:\\Users\\leovp\\Programming\\adorador\\adorador-frontend\\src\\app\\(public)\u001b[22m\u001b[2m../../../../../_ui/header/__tests__/Header.mobile-integration.test.tsx\u001b[2m:243:35)\u001b[22m\u001b[2m\u001b[22m\n","name":"C:\\Users\\leovp\\Programming\\adorador\\adorador-frontend\\src\\app\\(public)\\_ui\\header\\__tests__\\Header.mobile-integration.test.tsx","startTime":1763189546436,"status":"failed","summary":""},{"assertionResults":[{"ancestorTitles":["HeroSection Component","Component Rendering"],"duration":448,"failing":false,"failureDetails":[],"failureMessages":[],"fullName":"HeroSection Component Component Rendering should render the hero section","invocations":1,"location":null,"numPassingAsserts":2,"retryReasons":[],"startAt":1763189563534,"status":"passed","title":"should render the hero section"},{"ancestorTitles":["HeroSection Component","Component Rendering"],"duration":47,"failing":false,"failureDetails":[],"failureMessages":[],"fullName":"HeroSection Component Component Rendering should render the badge with correct text","invocations":1,"location":null,"numPassingAsserts":1,"retryReasons":[],"startAt":1763189563985,"status":"passed","title":"should render the badge with correct text"},{"ancestorTitles":["HeroSection Component","Component Rendering"],"duration":49,"failing":false,"failureDetails":[],"failureMessages":[],"fullName":"HeroSection Component Component Rendering should render the main headline","invocations":1,"location":null,"numPassingAsserts":2,"retryReasons":[],"startAt":1763189564033,"status":"passed","title":"should render the main headline"},{"ancestorTitles":["HeroSection Component","Component Rendering"],"duration":39,"failing":false,"failureDetails":[],"failureMessages":[],"fullName":"HeroSection Component Component Rendering should render the subheadline","invocations":1,"location":null,"numPassingAsserts":1,"retryReasons":[],"startAt":1763189564083,"status":"passed","title":"should render the subheadline"},{"ancestorTitles":["HeroSection Component","CTA Buttons"],"duration":40,"failing":false,"failureDetails":[],"failureMessages":[],"fullName":"HeroSection Component CTA Buttons should render primary CTA button with correct link","invocations":1,"location":null,"numPassingAsserts":2,"retryReasons":[],"startAt":1763189564123,"status":"passed","title":"should render primary CTA button with correct link"},{"ancestorTitles":["HeroSection Component","CTA Buttons"],"duration":36,"failing":false,"failureDetails":[],"failureMessages":[],"fullName":"HeroSection Component CTA Buttons should render secondary CTA button with correct link","invocations":1,"location":null,"numPassingAsserts":2,"retryReasons":[],"startAt":1763189564164,"status":"passed","title":"should render secondary CTA button with correct link"},{"ancestorTitles":["HeroSection Component","CTA Buttons"],"duration":33,"failing":false,"failureDetails":[],"failureMessages":[],"fullName":"HeroSection Component CTA Buttons should render primary button with styling","invocations":1,"location":null,"numPassingAsserts":2,"retryReasons":[],"startAt":1763189564200,"status":"passed","title":"should render primary button with styling"},{"ancestorTitles":["HeroSection Component","Social Proof Elements"],"duration":36,"failing":false,"failureDetails":[],"failureMessages":[],"fullName":"HeroSection Component Social Proof Elements should render social proof items","invocations":1,"location":null,"numPassingAsserts":2,"retryReasons":[],"startAt":1763189564234,"status":"passed","title":"should render social proof items"},{"ancestorTitles":["HeroSection Component","Social Proof Elements"],"duration":83,"failing":false,"failureDetails":[],"failureMessages":[],"fullName":"HeroSection Component Social Proof Elements should render checkmarks for social proof","invocations":1,"location":null,"numPassingAsserts":1,"retryReasons":[],"startAt":1763189564270,"status":"passed","title":"should render checkmarks for social proof"},{"ancestorTitles":["HeroSection Component","Decorative Elements"],"duration":72,"failing":false,"failureDetails":[],"failureMessages":[],"fullName":"HeroSection Component Decorative Elements should render decorative blur elements","invocations":1,"location":null,"numPassingAsserts":1,"retryReasons":[],"startAt":1763189564354,"status":"passed","title":"should render decorative blur elements"},{"ancestorTitles":["HeroSection Component","Styling and Layout"],"duration":77,"failing":false,"failureDetails":[],"failureMessages":[],"fullName":"HeroSection Component Styling and Layout should have gradient text on headline","invocations":1,"location":null,"numPassingAsserts":1,"retryReasons":[],"startAt":1763189564430,"status":"passed","title":"should have gradient text on headline"},{"ancestorTitles":["HeroSection Component","Styling and Layout"],"duration":48,"failing":false,"failureDetails":[],"failureMessages":[],"fullName":"HeroSection Component Styling and Layout should be responsive with correct classes","invocations":1,"location":null,"numPassingAsserts":1,"retryReasons":[],"startAt":1763189564508,"status":"passed","title":"should be responsive with correct classes"}],"endTime":1763189564568,"message":"","name":"C:\\Users\\leovp\\Programming\\adorador\\adorador-frontend\\src\\app\\(public)\\(home)\\_components\\__tests__\\HeroSection.test.tsx","startTime":1763189557566,"status":"passed","summary":""},{"assertionResults":[{"ancestorTitles":["AddEventButton - Query Invalidation"],"duration":612,"failing":false,"failureDetails":[],"failureMessages":[],"fullName":"AddEventButton - Query Invalidation should invalidate EventsOfBand and BandById queries after successful event creation","invocations":1,"location":null,"numPassingAsserts":2,"retryReasons":[],"startAt":1763189563912,"status":"passed","title":"should invalidate EventsOfBand and BandById queries after successful event creation"},{"ancestorTitles":["AddEventButton - Query Invalidation"],"duration":152,"failing":false,"failureDetails":[],"failureMessages":[],"fullName":"AddEventButton - Query Invalidation should invalidate queries and close modal after successful event creation (no redirect)","invocations":1,"location":null,"numPassingAsserts":2,"retryReasons":[],"startAt":1763189564527,"status":"passed","title":"should invalidate queries and close modal after successful event creation (no redirect)"},{"ancestorTitles":["AddEventButton - Query Invalidation"],"duration":34,"failing":false,"failureDetails":[],"failureMessages":[],"fullName":"AddEventButton - Query Invalidation should NOT invalidate queries if event creation fails","invocations":1,"location":null,"numPassingAsserts":2,"retryReasons":[],"startAt":1763189564680,"status":"passed","title":"should NOT invalidate queries if event creation fails"},{"ancestorTitles":["AddEventButton - Query Invalidation"],"duration":188,"failing":false,"failureDetails":[],"failureMessages":[],"fullName":"AddEventButton - Query Invalidation should invalidate all three queries even if navigating away immediately","invocations":1,"location":null,"numPassingAsserts":1,"retryReasons":[],"startAt":1763189564715,"status":"passed","title":"should invalidate all three queries even if navigating away immediately"}],"endTime":1763189564915,"message":"","name":"C:\\Users\\leovp\\Programming\\adorador\\adorador-frontend\\src\\app\\(public)\\grupos\\_components\\__tests__\\AddEventButton.queryInvalidation.test.tsx","startTime":1763189556867,"status":"passed","summary":""},{"assertionResults":[{"ancestorTitles":["CTASection Component","Component Rendering"],"duration":366,"failing":false,"failureDetails":[],"failureMessages":[],"fullName":"CTASection Component Component Rendering should render the section","invocations":1,"location":null,"numPassingAsserts":2,"retryReasons":[],"startAt":1763189564207,"status":"passed","title":"should render the section"},{"ancestorTitles":["CTASection Component","Component Rendering"],"duration":43,"failing":false,"failureDetails":[],"failureMessages":[],"fullName":"CTASection Component Component Rendering should render main headline","invocations":1,"location":null,"numPassingAsserts":1,"retryReasons":[],"startAt":1763189564576,"status":"passed","title":"should render main headline"},{"ancestorTitles":["CTASection Component","Component Rendering"],"duration":33,"failing":false,"failureDetails":[],"failureMessages":[],"fullName":"CTASection Component Component Rendering should render subheadline","invocations":1,"location":null,"numPassingAsserts":1,"retryReasons":[],"startAt":1763189564619,"status":"passed","title":"should render subheadline"},{"ancestorTitles":["CTASection Component","CTA Buttons"],"duration":30,"failing":false,"failureDetails":[],"failureMessages":[],"fullName":"CTASection Component CTA Buttons should render primary CTA button","invocations":1,"location":null,"numPassingAsserts":1,"retryReasons":[],"startAt":1763189564653,"status":"passed","title":"should render primary CTA button"},{"ancestorTitles":["CTASection Component","CTA Buttons"],"duration":36,"failing":false,"failureDetails":[],"failureMessages":[],"fullName":"CTASection Component CTA Buttons should render secondary CTA button","invocations":1,"location":null,"numPassingAsserts":1,"retryReasons":[],"startAt":1763189564684,"status":"passed","title":"should render secondary CTA button"},{"ancestorTitles":["CTASection Component","CTA Buttons"],"duration":88,"failing":false,"failureDetails":[],"failureMessages":[],"fullName":"CTASection Component CTA Buttons should link primary button to login","invocations":1,"location":null,"numPassingAsserts":1,"retryReasons":[],"startAt":1763189564721,"status":"passed","title":"should link primary button to login"},{"ancestorTitles":["CTASection Component","CTA Buttons"],"duration":66,"failing":false,"failureDetails":[],"failureMessages":[],"fullName":"CTASection Component CTA Buttons should link secondary button to discipulado","invocations":1,"location":null,"numPassingAsserts":1,"retryReasons":[],"startAt":1763189564810,"status":"passed","title":"should link secondary button to discipulado"},{"ancestorTitles":["CTASection Component","CTA Buttons"],"duration":68,"failing":false,"failureDetails":[],"failureMessages":[],"fullName":"CTASection Component CTA Buttons should render primary button with appropriate styling","invocations":1,"location":null,"numPassingAsserts":2,"retryReasons":[],"startAt":1763189564881,"status":"passed","title":"should render primary button with appropriate styling"},{"ancestorTitles":["CTASection Component","CTA Buttons"],"duration":76,"failing":false,"failureDetails":[],"failureMessages":[],"fullName":"CTASection Component CTA Buttons should render secondary button with appropriate styling","invocations":1,"location":null,"numPassingAsserts":2,"retryReasons":[],"startAt":1763189564950,"status":"passed","title":"should render secondary button with appropriate styling"},{"ancestorTitles":["CTASection Component","Trust Indicators"],"duration":54,"failing":false,"failureDetails":[],"failureMessages":[],"fullName":"CTASection Component Trust Indicators should render all trust indicators","invocations":1,"location":null,"numPassingAsserts":3,"retryReasons":[],"startAt":1763189565030,"status":"passed","title":"should render all trust indicators"},{"ancestorTitles":["CTASection Component","Trust Indicators"],"duration":24,"failing":false,"failureDetails":[],"failureMessages":[],"fullName":"CTASection Component Trust Indicators should render checkmark icons","invocations":1,"location":null,"numPassingAsserts":1,"retryReasons":[],"startAt":1763189565085,"status":"passed","title":"should render checkmark icons"},{"ancestorTitles":["CTASection Component","Trust Indicators"],"duration":27,"failing":false,"failureDetails":[],"failureMessages":[],"fullName":"CTASection Component Trust Indicators should apply correct text color to indicators","invocations":1,"location":null,"numPassingAsserts":1,"retryReasons":[],"startAt":1763189565110,"status":"passed","title":"should apply correct text color to indicators"},{"ancestorTitles":["CTASection Component","Styling and Layout"],"duration":100,"failing":false,"failureDetails":[],"failureMessages":[],"fullName":"CTASection Component Styling and Layout should use gradient CTA background","invocations":1,"location":null,"numPassingAsserts":1,"retryReasons":[],"startAt":1763189565138,"status":"passed","title":"should use gradient CTA background"},{"ancestorTitles":["CTASection Component","Styling and Layout"],"duration":45,"failing":false,"failureDetails":[],"failureMessages":[],"fullName":"CTASection Component Styling and Layout should center content","invocations":1,"location":null,"numPassingAsserts":1,"retryReasons":[],"startAt":1763189565239,"status":"passed","title":"should center content"},{"ancestorTitles":["CTASection Component","Styling and Layout"],"duration":31,"failing":false,"failureDetails":[],"failureMessages":[],"fullName":"CTASection Component Styling and Layout should have responsive padding","invocations":1,"location":null,"numPassingAsserts":1,"retryReasons":[],"startAt":1763189565285,"status":"passed","title":"should have responsive padding"},{"ancestorTitles":["CTASection Component","Responsive Design"],"duration":47,"failing":false,"failureDetails":[],"failureMessages":[],"fullName":"CTASection Component Responsive Design should have responsive button layout","invocations":1,"location":null,"numPassingAsserts":1,"retryReasons":[],"startAt":1763189565317,"status":"passed","title":"should have responsive button layout"},{"ancestorTitles":["CTASection Component","Responsive Design"],"duration":62,"failing":false,"failureDetails":[],"failureMessages":[],"fullName":"CTASection Component Responsive Design should have responsive text sizes","invocations":1,"location":null,"numPassingAsserts":1,"retryReasons":[],"startAt":1763189565364,"status":"passed","title":"should have responsive text sizes"},{"ancestorTitles":["CTASection Component","Accessibility"],"duration":23,"failing":false,"failureDetails":[],"failureMessages":[],"fullName":"CTASection Component Accessibility should have proper heading","invocations":1,"location":null,"numPassingAsserts":1,"retryReasons":[],"startAt":1763189565428,"status":"passed","title":"should have proper heading"},{"ancestorTitles":["CTASection Component","Accessibility"],"duration":31,"failing":false,"failureDetails":[],"failureMessages":[],"fullName":"CTASection Component Accessibility should have semantic link elements","invocations":1,"location":null,"numPassingAsserts":1,"retryReasons":[],"startAt":1763189565452,"status":"passed","title":"should have semantic link elements"},{"ancestorTitles":["CTASection Component","Color Consistency"],"duration":31,"failing":false,"failureDetails":[],"failureMessages":[],"fullName":"CTASection Component Color Consistency should use brand purple colors","invocations":1,"location":null,"numPassingAsserts":1,"retryReasons":[],"startAt":1763189565484,"status":"passed","title":"should use brand purple colors"}],"endTime":1763189565525,"message":"","name":"C:\\Users\\leovp\\Programming\\adorador\\adorador-frontend\\src\\app\\(public)\\(home)\\_components\\__tests__\\CTASection.test.tsx","startTime":1763189558318,"status":"passed","summary":""},{"assertionResults":[{"ancestorTitles":["BandMembers","Loading State"],"duration":359,"failing":false,"failureDetails":[],"failureMessages":[],"fullName":"BandMembers Loading State should display spinner while loading","invocations":1,"location":null,"numPassingAsserts":1,"retryReasons":[],"startAt":1763189561234,"status":"passed","title":"should display spinner while loading"},{"ancestorTitles":["BandMembers","Error State"],"duration":40,"failing":false,"failureDetails":[],"failureMessages":[],"fullName":"BandMembers Error State should display error message when fetch fails","invocations":1,"location":null,"numPassingAsserts":1,"retryReasons":[],"startAt":1763189561597,"status":"passed","title":"should display error message when fetch fails"},{"ancestorTitles":["BandMembers","Success State - Members Display"],"duration":296,"failing":false,"failureDetails":[],"failureMessages":[],"fullName":"BandMembers Success State - Members Display should render member list correctly","invocations":1,"location":null,"numPassingAsserts":5,"retryReasons":[],"startAt":1763189561638,"status":"passed","title":"should render member list correctly"},{"ancestorTitles":["BandMembers","Success State - Members Display"],"duration":230,"failing":false,"failureDetails":[],"failureMessages":[],"fullName":"BandMembers Success State - Members Display should display member roles correctly","invocations":1,"location":null,"numPassingAsserts":3,"retryReasons":[],"startAt":1763189561935,"status":"passed","title":"should display member roles correctly"},{"ancestorTitles":["BandMembers","Success State - Members Display"],"duration":121,"failing":false,"failureDetails":[],"failureMessages":[],"fullName":"BandMembers Success State - Members Display should show admin badge for admin members","invocations":1,"location":null,"numPassingAsserts":1,"retryReasons":[],"startAt":1763189562166,"status":"passed","title":"should show admin badge for admin members"},{"ancestorTitles":["BandMembers","Success State - Members Display"],"duration":148,"failing":false,"failureDetails":[],"failureMessages":[],"fullName":"BandMembers Success State - Members Display should show event manager badge for event managers","invocations":1,"location":null,"numPassingAsserts":1,"retryReasons":[],"startAt":1763189562288,"status":"passed","title":"should show event manager badge for event managers"},{"ancestorTitles":["BandMembers","Success State - Members Display"],"duration":161,"failing":false,"failureDetails":[],"failureMessages":[],"fullName":"BandMembers Success State - Members Display should mark current user with \"Tú\" chip","invocations":1,"location":null,"numPassingAsserts":1,"retryReasons":[],"startAt":1763189562437,"status":"passed","title":"should mark current user with \"Tú\" chip"},{"ancestorTitles":["BandMembers","Success State - Members Display"],"duration":75,"failing":false,"failureDetails":[],"failureMessages":[],"fullName":"BandMembers Success State - Members Display should handle single member correctly","invocations":1,"location":null,"numPassingAsserts":1,"retryReasons":[],"startAt":1763189562599,"status":"passed","title":"should handle single member correctly"},{"ancestorTitles":["BandMembers","Success State - Members Display"],"duration":50,"failing":false,"failureDetails":[],"failureMessages":[],"fullName":"BandMembers Success State - Members Display should show empty state when no members","invocations":1,"location":null,"numPassingAsserts":1,"retryReasons":[],"startAt":1763189562675,"status":"passed","title":"should show empty state when no members"},{"ancestorTitles":["BandMembers","Admin Features"],"duration":373,"failing":false,"failureDetails":[],"failureMessages":[],"fullName":"BandMembers Admin Features should show \"Invitar miembro\" button when user is admin","invocations":1,"location":null,"numPassingAsserts":1,"retryReasons":[],"startAt":1763189562727,"status":"passed","title":"should show \"Invitar miembro\" button when user is admin"},{"ancestorTitles":["BandMembers","Admin Features"],"duration":109,"failing":false,"failureDetails":[],"failureMessages":[],"fullName":"BandMembers Admin Features should not show \"Invitar miembro\" button when user is not admin","invocations":1,"location":null,"numPassingAsserts":1,"retryReasons":[],"startAt":1763189563109,"status":"passed","title":"should not show \"Invitar miembro\" button when user is not admin"},{"ancestorTitles":["BandMembers","Admin Features"],"duration":883,"failing":false,"failureDetails":[],"failureMessages":[],"fullName":"BandMembers Admin Features should open InviteMemberModal when clicking invite button","invocations":1,"location":null,"numPassingAsserts":1,"retryReasons":[],"startAt":1763189563218,"status":"passed","title":"should open InviteMemberModal when clicking invite button"},{"ancestorTitles":["BandMembers","Admin Features"],"duration":96,"failing":false,"failureDetails":[],"failureMessages":[],"fullName":"BandMembers Admin Features should show edit button for each member when user is admin","invocations":1,"location":null,"numPassingAsserts":1,"retryReasons":[],"startAt":1763189564102,"status":"passed","title":"should show edit button for each member when user is admin"},{"ancestorTitles":["BandMembers","Admin Features"],"duration":86,"failing":false,"failureDetails":[],"failureMessages":[],"fullName":"BandMembers Admin Features should not show edit buttons when user is not admin","invocations":1,"location":null,"numPassingAsserts":1,"retryReasons":[],"startAt":1763189564198,"status":"passed","title":"should not show edit buttons when user is not admin"},{"ancestorTitles":["BandMembers","Admin Features"],"duration":847,"failing":false,"failureDetails":[],"failureMessages":[],"fullName":"BandMembers Admin Features should open EditMemberModal when clicking edit button","invocations":1,"location":null,"numPassingAsserts":1,"retryReasons":[],"startAt":1763189564284,"status":"passed","title":"should open EditMemberModal when clicking edit button"},{"ancestorTitles":["BandMembers","WebSocket Integration"],"duration":72,"failing":false,"failureDetails":[],"failureMessages":[],"fullName":"BandMembers WebSocket Integration should use useBandMembers hook with correct bandId","invocations":1,"location":null,"numPassingAsserts":1,"retryReasons":[],"startAt":1763189565132,"status":"passed","title":"should use useBandMembers hook with correct bandId"},{"ancestorTitles":["BandMembers","WebSocket Integration"],"duration":137,"failing":false,"failureDetails":[],"failureMessages":[],"fullName":"BandMembers WebSocket Integration should re-fetch members when bandId changes","invocations":1,"location":null,"numPassingAsserts":2,"retryReasons":[],"startAt":1763189565205,"status":"passed","title":"should re-fetch members when bandId changes"},{"ancestorTitles":["BandMembers","WebSocket Integration"],"duration":175,"failing":false,"failureDetails":[],"failureMessages":[],"fullName":"BandMembers WebSocket Integration should handle real-time member updates via WebSocket","invocations":1,"location":null,"numPassingAsserts":2,"retryReasons":[],"startAt":1763189565343,"status":"passed","title":"should handle real-time member updates via WebSocket"},{"ancestorTitles":["BandMembers","User Interface"],"duration":76,"failing":false,"failureDetails":[],"failureMessages":[],"fullName":"BandMembers User Interface should display UsersIcon in header","invocations":1,"location":null,"numPassingAsserts":1,"retryReasons":[],"startAt":1763189565519,"status":"passed","title":"should display UsersIcon in header"},{"ancestorTitles":["BandMembers","User Interface"],"duration":68,"failing":false,"failureDetails":[],"failureMessages":[],"fullName":"BandMembers User Interface should apply correct styling to card","invocations":1,"location":null,"numPassingAsserts":1,"retryReasons":[],"startAt":1763189565596,"status":"passed","title":"should apply correct styling to card"},{"ancestorTitles":["BandMembers","User Interface"],"duration":102,"failing":false,"failureDetails":[],"failureMessages":[],"fullName":"BandMembers User Interface should render member cards with hover effect","invocations":1,"location":null,"numPassingAsserts":1,"retryReasons":[],"startAt":1763189565665,"status":"passed","title":"should render member cards with hover effect"},{"ancestorTitles":["BandMembers","Accessibility"],"duration":348,"failing":false,"failureDetails":[],"failureMessages":[],"fullName":"BandMembers Accessibility should have proper aria-label for edit buttons","invocations":1,"location":null,"numPassingAsserts":2,"retryReasons":[],"startAt":1763189565768,"status":"passed","title":"should have proper aria-label for edit buttons"},{"ancestorTitles":["BandMembers","Accessibility"],"duration":143,"failing":false,"failureDetails":[],"failureMessages":[],"fullName":"BandMembers Accessibility should maintain proper heading hierarchy","invocations":1,"location":null,"numPassingAsserts":1,"retryReasons":[],"startAt":1763189566116,"status":"passed","title":"should maintain proper heading hierarchy"},{"ancestorTitles":["BandMembers","Edge Cases"],"duration":88,"failing":false,"failureDetails":[],"failureMessages":[],"fullName":"BandMembers Edge Cases should handle member with null email","invocations":1,"location":null,"numPassingAsserts":1,"retryReasons":[],"startAt":1763189566261,"status":"passed","title":"should handle member with null email"},{"ancestorTitles":["BandMembers","Edge Cases"],"duration":30,"failing":false,"failureDetails":[],"failureMessages":[],"fullName":"BandMembers Edge Cases should handle member without admin or event manager roles","invocations":1,"location":null,"numPassingAsserts":2,"retryReasons":[],"startAt":1763189566349,"status":"passed","title":"should handle member without admin or event manager roles"},{"ancestorTitles":["BandMembers","Edge Cases"],"duration":37,"failing":false,"failureDetails":[],"failureMessages":[],"fullName":"BandMembers Edge Cases should handle very long member names gracefully","invocations":1,"location":null,"numPassingAsserts":1,"retryReasons":[],"startAt":1763189566380,"status":"passed","title":"should handle very long member names gracefully"}],"endTime":1763189566429,"message":"","name":"C:\\Users\\leovp\\Programming\\adorador\\adorador-frontend\\src\\app\\(public)\\grupos\\[bandId]\\_components\\__tests__\\BandMembers.test.tsx","startTime":1763189545972,"status":"passed","summary":""},{"assertionResults":[{"ancestorTitles":["EventsSection - Responsive Layout"],"duration":240,"failing":false,"failureDetails":[],"failureMessages":[],"fullName":"EventsSection - Responsive Layout should render without crashing","invocations":1,"location":null,"numPassingAsserts":1,"retryReasons":[],"startAt":1763189566459,"status":"passed","title":"should render without crashing"},{"ancestorTitles":["EventsSection - Responsive Layout"],"duration":36,"failing":false,"failureDetails":[],"failureMessages":[],"fullName":"EventsSection - Responsive Layout should have responsive header layout with flex-col on mobile and flex-row on desktop","invocations":1,"location":null,"numPassingAsserts":1,"retryReasons":[],"startAt":1763189566702,"status":"passed","title":"should have responsive header layout with flex-col on mobile and flex-row on desktop"},{"ancestorTitles":["EventsSection - Responsive Layout"],"duration":63,"failing":false,"failureDetails":[],"failureMessages":[],"fullName":"EventsSection - Responsive Layout should have icon container with flex-shrink-0","invocations":1,"location":null,"numPassingAsserts":1,"retryReasons":[],"startAt":1763189566739,"status":"passed","title":"should have icon container with flex-shrink-0"},{"ancestorTitles":["EventsSection - Responsive Layout"],"duration":49,"failing":false,"failureDetails":[],"failureMessages":[],"fullName":"EventsSection - Responsive Layout should have flex-wrap on buttons container","invocations":1,"location":null,"numPassingAsserts":1,"retryReasons":[],"startAt":1763189566803,"status":"passed","title":"should have flex-wrap on buttons container"},{"ancestorTitles":["EventsSection - Responsive Layout"],"duration":23,"failing":false,"failureDetails":[],"failureMessages":[],"fullName":"EventsSection - Responsive Layout should display event count","invocations":1,"location":null,"numPassingAsserts":1,"retryReasons":[],"startAt":1763189566853,"status":"passed","title":"should display event count"},{"ancestorTitles":["EventsSection - Responsive Layout"],"duration":23,"failing":false,"failureDetails":[],"failureMessages":[],"fullName":"EventsSection - Responsive Layout should render events grid","invocations":1,"location":null,"numPassingAsserts":2,"retryReasons":[],"startAt":1763189566876,"status":"passed","title":"should render events grid"},{"ancestorTitles":["EventsSection - Responsive Layout"],"duration":22,"failing":false,"failureDetails":[],"failureMessages":[],"fullName":"EventsSection - Responsive Layout should show empty state when no events","invocations":1,"location":null,"numPassingAsserts":1,"retryReasons":[],"startAt":1763189566900,"status":"passed","title":"should show empty state when no events"}],"endTime":1763189566929,"message":"","name":"C:\\Users\\leovp\\Programming\\adorador\\adorador-frontend\\src\\app\\(public)\\grupos\\_components\\__tests__\\EventsSection.test.tsx","startTime":1763189559728,"status":"passed","summary":""},{"assertionResults":[{"ancestorTitles":["SongsSection - Responsive Layout"],"duration":204,"failing":false,"failureDetails":[],"failureMessages":[],"fullName":"SongsSection - Responsive Layout should render without crashing","invocations":1,"location":null,"numPassingAsserts":1,"retryReasons":[],"startAt":1763189567190,"status":"passed","title":"should render without crashing"},{"ancestorTitles":["SongsSection - Responsive Layout"],"duration":58,"failing":false,"failureDetails":[],"failureMessages":[],"fullName":"SongsSection - Responsive Layout should have responsive header layout with flex-col on mobile and flex-row on desktop","invocations":1,"location":null,"numPassingAsserts":1,"retryReasons":[],"startAt":1763189567398,"status":"passed","title":"should have responsive header layout with flex-col on mobile and flex-row on desktop"},{"ancestorTitles":["SongsSection - Responsive Layout"],"duration":82,"failing":false,"failureDetails":[],"failureMessages":[],"fullName":"SongsSection - Responsive Layout should have icon container with flex-shrink-0","invocations":1,"location":null,"numPassingAsserts":1,"retryReasons":[],"startAt":1763189567457,"status":"passed","title":"should have icon container with flex-shrink-0"},{"ancestorTitles":["SongsSection - Responsive Layout"],"duration":61,"failing":false,"failureDetails":[],"failureMessages":[],"fullName":"SongsSection - Responsive Layout should have flex-wrap on buttons container","invocations":1,"location":null,"numPassingAsserts":1,"retryReasons":[],"startAt":1763189567539,"status":"passed","title":"should have flex-wrap on buttons container"},{"ancestorTitles":["SongsSection - Responsive Layout"],"duration":73,"failing":false,"failureDetails":[],"failureMessages":[],"fullName":"SongsSection - Responsive Layout should display song count","invocations":1,"location":null,"numPassingAsserts":1,"retryReasons":[],"startAt":1763189567601,"status":"passed","title":"should display song count"},{"ancestorTitles":["SongsSection - Responsive Layout"],"duration":45,"failing":false,"failureDetails":[],"failureMessages":[],"fullName":"SongsSection - Responsive Layout should render songs grid","invocations":1,"location":null,"numPassingAsserts":2,"retryReasons":[],"startAt":1763189567674,"status":"passed","title":"should render songs grid"},{"ancestorTitles":["SongsSection - Responsive Layout"],"duration":19,"failing":false,"failureDetails":[],"failureMessages":[],"fullName":"SongsSection - Responsive Layout should show empty state when no songs","invocations":1,"location":null,"numPassingAsserts":1,"retryReasons":[],"startAt":1763189567719,"status":"passed","title":"should show empty state when no songs"}],"endTime":1763189567756,"message":"","name":"C:\\Users\\leovp\\Programming\\adorador\\adorador-frontend\\src\\app\\(public)\\grupos\\_components\\__tests__\\SongsSection.test.tsx","startTime":1763189560148,"status":"passed","summary":""},{"assertionResults":[{"ancestorTitles":["UserInitializer"],"duration":39,"failing":false,"failureDetails":[],"failureMessages":[],"fullName":"UserInitializer should return the same singleton instance","invocations":1,"location":null,"numPassingAsserts":1,"retryReasons":[],"startAt":1763189568634,"status":"passed","title":"should return the same singleton instance"},{"ancestorTitles":["UserInitializer"],"duration":null,"failing":false,"failureDetails":[],"failureMessages":[],"fullName":"UserInitializer should not execute in SSR (server-side rendering)","invocations":1,"location":null,"numPassingAsserts":0,"retryReasons":[],"startAt":1763189568678,"status":"pending","title":"should not execute in SSR (server-side rendering)"},{"ancestorTitles":["UserInitializer"],"duration":192,"failing":false,"failureDetails":[],"failureMessages":[],"fullName":"UserInitializer should create default user when no local user exists","invocations":1,"location":null,"numPassingAsserts":2,"retryReasons":[],"startAt":1763189568679,"status":"passed","title":"should create default user when no local user exists"},{"ancestorTitles":["UserInitializer"],"duration":233,"failing":false,"failureDetails":[],"failureMessages":[],"fullName":"UserInitializer should synchronize user from localStorage to store when store is empty","invocations":1,"location":null,"numPassingAsserts":1,"retryReasons":[],"startAt":1763189568872,"status":"passed","title":"should synchronize user from localStorage to store when store is empty"},{"ancestorTitles":["UserInitializer"],"duration":223,"failing":false,"failureDetails":[],"failureMessages":[],"fullName":"UserInitializer should not overwrite store if it already has user data","invocations":1,"location":null,"numPassingAsserts":1,"retryReasons":[],"startAt":1763189569107,"status":"passed","title":"should not overwrite store if it already has user data"},{"ancestorTitles":["UserInitializer"],"duration":175,"failing":false,"failureDetails":[],"failureMessages":[],"fullName":"UserInitializer should only initialize once even when called multiple times","invocations":1,"location":null,"numPassingAsserts":1,"retryReasons":[],"startAt":1763189569331,"status":"passed","title":"should only initialize once even when called multiple times"},{"ancestorTitles":["UserInitializer"],"duration":189,"failing":false,"failureDetails":[],"failureMessages":[],"fullName":"UserInitializer should handle localStorage errors gracefully","invocations":1,"location":null,"numPassingAsserts":1,"retryReasons":[],"startAt":1763189569507,"status":"passed","title":"should handle localStorage errors gracefully"},{"ancestorTitles":["UserInitializer"],"duration":347,"failing":false,"failureDetails":[],"failureMessages":[],"fullName":"UserInitializer should allow re-initialization after error and reset","invocations":1,"location":null,"numPassingAsserts":2,"retryReasons":[],"startAt":1763189569697,"status":"passed","title":"should allow re-initialization after error and reset"},{"ancestorTitles":["UserInitializer"],"duration":7,"failing":false,"failureDetails":[],"failureMessages":[],"fullName":"UserInitializer should reset initialization state when reset() is called","invocations":1,"location":null,"numPassingAsserts":2,"retryReasons":[],"startAt":1763189570049,"status":"passed","title":"should reset initialization state when reset() is called"},{"ancestorTitles":["UserInitializer"],"duration":195,"failing":false,"failureDetails":[],"failureMessages":[],"fullName":"UserInitializer should include delay for hydration completion","invocations":1,"location":null,"numPassingAsserts":1,"retryReasons":[],"startAt":1763189570058,"status":"passed","title":"should include delay for hydration completion"},{"ancestorTitles":["UserInitializer"],"duration":184,"failing":false,"failureDetails":[],"failureMessages":[],"fullName":"UserInitializer should log initialization completion","invocations":1,"location":null,"numPassingAsserts":1,"retryReasons":[],"startAt":1763189570256,"status":"passed","title":"should log initialization completion"},{"ancestorTitles":["UserInitializer"],"duration":183,"failing":false,"failureDetails":[],"failureMessages":[],"fullName":"UserInitializer should handle user with data but empty store","invocations":1,"location":null,"numPassingAsserts":2,"retryReasons":[],"startAt":1763189570441,"status":"passed","title":"should handle user with data but empty store"}],"endTime":1763189570634,"message":"","name":"C:\\Users\\leovp\\Programming\\adorador\\adorador-frontend\\src\\global\\services\\__tests__\\userInitializer.test.ts","startTime":1763189567005,"status":"focused","summary":""},{"assertionResults":[{"ancestorTitles":["Providers - QueryClient Configuration for Cold Starts","Default QueryClient Configuration"],"duration":13,"failing":false,"failureDetails":[],"failureMessages":[],"fullName":"Providers - QueryClient Configuration for Cold Starts Default QueryClient Configuration should have retry set to 3 for cold start tolerance","invocations":1,"location":null,"numPassingAsserts":1,"retryReasons":[],"startAt":1763189570536,"status":"passed","title":"should have retry set to 3 for cold start tolerance"},{"ancestorTitles":["Providers - QueryClient Configuration for Cold Starts","Default QueryClient Configuration"],"duration":12,"failing":false,"failureDetails":[],"failureMessages":[],"fullName":"Providers - QueryClient Configuration for Cold Starts Default QueryClient Configuration should use exponential backoff with correct formula","invocations":1,"location":null,"numPassingAsserts":7,"retryReasons":[],"startAt":1763189570553,"status":"passed","title":"should use exponential backoff with correct formula"},{"ancestorTitles":["Providers - QueryClient Configuration for Cold Starts","Default QueryClient Configuration"],"duration":21,"failing":false,"failureDetails":[],"failureMessages":[],"fullName":"Providers - QueryClient Configuration for Cold Starts Default QueryClient Configuration should have mutations retry set to 1 to avoid duplicates","invocations":1,"location":null,"numPassingAsserts":1,"retryReasons":[],"startAt":1763189570566,"status":"passed","title":"should have mutations retry set to 1 to avoid duplicates"},{"ancestorTitles":["Providers - QueryClient Configuration for Cold Starts","Default QueryClient Configuration"],"duration":8,"failing":false,"failureDetails":[],"failureMessages":[],"fullName":"Providers - QueryClient Configuration for Cold Starts Default QueryClient Configuration should have correct staleTime and gcTime","invocations":1,"location":null,"numPassingAsserts":2,"retryReasons":[],"startAt":1763189570588,"status":"passed","title":"should have correct staleTime and gcTime"},{"ancestorTitles":["Providers - QueryClient Configuration for Cold Starts","Default QueryClient Configuration"],"duration":6,"failing":false,"failureDetails":[],"failureMessages":[],"fullName":"Providers - QueryClient Configuration for Cold Starts Default QueryClient Configuration should disable refetch on window focus and reconnect","invocations":1,"location":null,"numPassingAsserts":3,"retryReasons":[],"startAt":1763189570597,"status":"passed","title":"should disable refetch on window focus and reconnect"},{"ancestorTitles":["Providers - QueryClient Configuration for Cold Starts","Retry Behavior in Practice"],"duration":530,"failing":false,"failureDetails":[],"failureMessages":[],"fullName":"Providers - QueryClient Configuration for Cold Starts Retry Behavior in Practice should retry failed queries according to configuration","invocations":1,"location":null,"numPassingAsserts":3,"retryReasons":[],"startAt":1763189570604,"status":"passed","title":"should retry failed queries according to configuration"},{"ancestorTitles":["Providers - QueryClient Configuration for Cold Starts","Retry Behavior in Practice"],"duration":367,"failing":false,"failureDetails":[],"failureMessages":[],"fullName":"Providers - QueryClient Configuration for Cold Starts Retry Behavior in Practice should apply exponential backoff delays between retries","invocations":1,"location":null,"numPassingAsserts":2,"retryReasons":[],"startAt":1763189571134,"status":"passed","title":"should apply exponential backoff delays between retries"},{"ancestorTitles":["Providers - QueryClient Configuration for Cold Starts","Integration with fetchAPI"],"duration":336,"failing":false,"failureDetails":[],"failureMessages":[],"fullName":"Providers - QueryClient Configuration for Cold Starts Integration with fetchAPI should work with custom retry configuration per query","invocations":1,"location":null,"numPassingAsserts":4,"retryReasons":[],"startAt":1763189571501,"status":"passed","title":"should work with custom retry configuration per query"}],"endTime":1763189571861,"message":"","name":"C:\\Users\\leovp\\Programming\\adorador\\adorador-frontend\\src\\global\\utils\\__tests__\\Providers.retry.test.tsx","startTime":1763189568187,"status":"passed","summary":""},{"assertionResults":[{"ancestorTitles":["GruposCTASection Component","Logged Out State"],"duration":180,"failing":false,"failureDetails":[],"failureMessages":[],"fullName":"GruposCTASection Component Logged Out State should render login prompt when user is not logged in","invocations":1,"location":null,"numPassingAsserts":1,"retryReasons":[],"startAt":1763189572073,"status":"passed","title":"should render login prompt when user is not logged in"},{"ancestorTitles":["GruposCTASection Component","Logged Out State"],"duration":33,"failing":false,"failureDetails":[],"failureMessages":[],"fullName":"GruposCTASection Component Logged Out State should render call to action text","invocations":1,"location":null,"numPassingAsserts":1,"retryReasons":[],"startAt":1763189572256,"status":"passed","title":"should render call to action text"},{"ancestorTitles":["GruposCTASection Component","Logged Out State"],"duration":39,"failing":false,"failureDetails":[],"failureMessages":[],"fullName":"GruposCTASection Component Logged Out State should render login button with correct link","invocations":1,"location":null,"numPassingAsserts":2,"retryReasons":[],"startAt":1763189572291,"status":"passed","title":"should render login button with correct link"},{"ancestorTitles":["GruposCTASection Component","Logged In State"],"duration":25,"failing":false,"failureDetails":[],"failureMessages":[],"fullName":"GruposCTASection Component Logged In State should render create group prompt when user is logged in","invocations":1,"location":null,"numPassingAsserts":1,"retryReasons":[],"startAt":1763189572331,"status":"passed","title":"should render create group prompt when user is logged in"},{"ancestorTitles":["GruposCTASection Component","Logged In State"],"duration":15,"failing":false,"failureDetails":[],"failureMessages":[],"fullName":"GruposCTASection Component Logged In State should render create group button","invocations":1,"location":null,"numPassingAsserts":1,"retryReasons":[],"startAt":1763189572356,"status":"passed","title":"should render create group button"},{"ancestorTitles":["GruposCTASection Component","Placeholder Tests for Future Implementation"],"duration":4,"failing":false,"failureDetails":[],"failureMessages":[],"fullName":"GruposCTASection Component Placeholder Tests for Future Implementation should support conditional rendering based on login state","invocations":1,"location":null,"numPassingAsserts":1,"retryReasons":[],"startAt":1763189572372,"status":"passed","title":"should support conditional rendering based on login state"},{"ancestorTitles":["GruposCTASection Component","Placeholder Tests for Future Implementation"],"duration":2,"failing":false,"failureDetails":[],"failureMessages":[],"fullName":"GruposCTASection Component Placeholder Tests for Future Implementation should support modal interaction for creating groups","invocations":1,"location":null,"numPassingAsserts":1,"retryReasons":[],"startAt":1763189572377,"status":"passed","title":"should support modal interaction for creating groups"},{"ancestorTitles":["GruposCTASection Component","Placeholder Tests for Future Implementation"],"duration":3,"failing":false,"failureDetails":[],"failureMessages":[],"fullName":"GruposCTASection Component Placeholder Tests for Future Implementation should integrate with PostData API service","invocations":1,"location":null,"numPassingAsserts":1,"retryReasons":[],"startAt":1763189572379,"status":"passed","title":"should integrate with PostData API service"}],"endTime":1763189572389,"message":"","name":"C:\\Users\\leovp\\Programming\\adorador\\adorador-frontend\\src\\app\\(public)\\grupos\\_components\\__tests__\\GruposCTASection.test.tsx","startTime":1763189566495,"status":"passed","summary":""},{"assertionResults":[{"ancestorTitles":["useAddSongToEvent"],"duration":91,"failing":false,"failureDetails":[],"failureMessages":[],"fullName":"useAddSongToEvent debe filtrar solo eventos futuros","invocations":1,"location":null,"numPassingAsserts":3,"retryReasons":[],"startAt":1763189572246,"status":"passed","title":"debe filtrar solo eventos futuros"},{"ancestorTitles":["useAddSongToEvent"],"duration":12,"failing":false,"failureDetails":[],"failureMessages":[],"fullName":"useAddSongToEvent debe indicar si hay eventos futuros disponibles","invocations":1,"location":null,"numPassingAsserts":1,"retryReasons":[],"startAt":1763189572339,"status":"passed","title":"debe indicar si hay eventos futuros disponibles"},{"ancestorTitles":["useAddSongToEvent"],"duration":18,"failing":false,"failureDetails":[],"failureMessages":[],"fullName":"useAddSongToEvent debe ordenar eventos futuros por fecha (más cercano primero)","invocations":1,"location":null,"numPassingAsserts":1,"retryReasons":[],"startAt":1763189572352,"status":"passed","title":"debe ordenar eventos futuros por fecha (más cercano primero)"},{"ancestorTitles":["useAddSongToEvent"],"duration":25,"failing":false,"failureDetails":[],"failureMessages":[],"fullName":"useAddSongToEvent debe abrir el modal correctamente","invocations":1,"location":null,"numPassingAsserts":2,"retryReasons":[],"startAt":1763189572371,"status":"passed","title":"debe abrir el modal correctamente"},{"ancestorTitles":["useAddSongToEvent"],"duration":49,"failing":false,"failureDetails":[],"failureMessages":[],"fullName":"useAddSongToEvent debe retornar el estado de carga correcto","invocations":1,"location":null,"numPassingAsserts":1,"retryReasons":[],"startAt":1763189572398,"status":"passed","title":"debe retornar el estado de carga correcto"},{"ancestorTitles":["useAddSongToEvent"],"duration":20,"failing":false,"failureDetails":[],"failureMessages":[],"fullName":"useAddSongToEvent debe proporcionar handleAddSongToEvent para seleccionar un evento","invocations":1,"location":null,"numPassingAsserts":2,"retryReasons":[],"startAt":1763189572447,"status":"passed","title":"debe proporcionar handleAddSongToEvent para seleccionar un evento"}],"endTime":1763189572483,"message":"","name":"C:\\Users\\leovp\\Programming\\adorador\\adorador-frontend\\src\\app\\(public)\\grupos\\[bandId]\\canciones\\_hooks\\__tests__\\useAddSongToEvent.test.tsx","startTime":1763189566669,"status":"passed","summary":""},{"assertionResults":[{"ancestorTitles":["Error Page"],"duration":315,"failing":false,"failureDetails":[],"failureMessages":[],"fullName":"Error Page should render error page with title","invocations":1,"location":null,"numPassingAsserts":2,"retryReasons":[],"startAt":1763189572020,"status":"passed","title":"should render error page with title"},{"ancestorTitles":["Error Page"],"duration":344,"failing":false,"failureDetails":[],"failureMessages":[],"fullName":"Error Page should render retry button","invocations":1,"location":null,"numPassingAsserts":1,"retryReasons":[],"startAt":1763189572339,"status":"passed","title":"should render retry button"},{"ancestorTitles":["Error Page"],"duration":205,"failing":false,"failureDetails":[],"failureMessages":[],"fullName":"Error Page should call reset when button is clicked","invocations":1,"location":null,"numPassingAsserts":1,"retryReasons":[],"startAt":1763189572683,"status":"passed","title":"should call reset when button is clicked"},{"ancestorTitles":["Error Page"],"duration":55,"failing":false,"failureDetails":[],"failureMessages":[],"fullName":"Error Page should log error on mount","invocations":1,"location":null,"numPassingAsserts":1,"retryReasons":[],"startAt":1763189572888,"status":"passed","title":"should log error on mount"},{"ancestorTitles":["Error Page"],"duration":95,"failing":false,"failureDetails":[],"failureMessages":[],"fullName":"Error Page should log error when error prop changes","invocations":1,"location":null,"numPassingAsserts":1,"retryReasons":[],"startAt":1763189572944,"status":"passed","title":"should log error when error prop changes"},{"ancestorTitles":["Error Page"],"duration":51,"failing":false,"failureDetails":[],"failureMessages":[],"fullName":"Error Page should have proper styling classes","invocations":1,"location":null,"numPassingAsserts":2,"retryReasons":[],"startAt":1763189573040,"status":"passed","title":"should have proper styling classes"}],"endTime":1763189573099,"message":"","name":"C:\\Users\\leovp\\Programming\\adorador\\adorador-frontend\\src\\app\\__tests__\\error.test.tsx","startTime":1763189566059,"status":"passed","summary":""},{"assertionResults":[{"ancestorTitles":["AddSongButton - Query Invalidation"],"duration":428,"failing":false,"failureDetails":[],"failureMessages":[],"fullName":"AddSongButton - Query Invalidation should invalidate SongsOfBand, BandById and BandsOfUser queries after successful song creation","invocations":1,"location":null,"numPassingAsserts":3,"retryReasons":[],"startAt":1763189572532,"status":"passed","title":"should invalidate SongsOfBand, BandById and BandsOfUser queries after successful song creation"},{"ancestorTitles":["AddSongButton - Query Invalidation"],"duration":105,"failing":false,"failureDetails":[],"failureMessages":[],"fullName":"AddSongButton - Query Invalidation should invalidate queries BEFORE redirecting to new song","invocations":1,"location":null,"numPassingAsserts":4,"retryReasons":[],"startAt":1763189572963,"status":"passed","title":"should invalidate queries BEFORE redirecting to new song"},{"ancestorTitles":["AddSongButton - Query Invalidation"],"duration":228,"failing":false,"failureDetails":[],"failureMessages":[],"fullName":"AddSongButton - Query Invalidation should NOT invalidate queries if song creation fails","invocations":1,"location":null,"numPassingAsserts":2,"retryReasons":[],"startAt":1763189573069,"status":"passed","title":"should NOT invalidate queries if song creation fails"},{"ancestorTitles":["AddSongButton - Query Invalidation"],"duration":91,"failing":false,"failureDetails":[],"failureMessages":[],"fullName":"AddSongButton - Query Invalidation should invalidate all three queries even if some are not cached","invocations":1,"location":null,"numPassingAsserts":1,"retryReasons":[],"startAt":1763189573298,"status":"passed","title":"should invalidate all three queries even if some are not cached"}],"endTime":1763189573403,"message":"","name":"C:\\Users\\leovp\\Programming\\adorador\\adorador-frontend\\src\\app\\(public)\\grupos\\_components\\__tests__\\AddSongButton.queryInvalidation.test.tsx","startTime":1763189566405,"status":"passed","summary":""},{"assertionResults":[{"ancestorTitles":["EventAdminPage","Estados de carga"],"duration":102,"failing":false,"failureDetails":[],"failureMessages":[],"fullName":"EventAdminPage Estados de carga debe mostrar el spinner mientras carga","invocations":1,"location":null,"numPassingAsserts":2,"retryReasons":[],"startAt":1763189571287,"status":"passed","title":"debe mostrar el spinner mientras carga"},{"ancestorTitles":["EventAdminPage","Estados de carga"],"duration":34,"failing":false,"failureDetails":[],"failureMessages":[],"fullName":"EventAdminPage Estados de carga debe mostrar mensaje de error cuando no encuentra el evento","invocations":1,"location":null,"numPassingAsserts":2,"retryReasons":[],"startAt":1763189571392,"status":"passed","title":"debe mostrar mensaje de error cuando no encuentra el evento"},{"ancestorTitles":["EventAdminPage","Estados de carga"],"duration":207,"failing":false,"failureDetails":[],"failureMessages":[],"fullName":"EventAdminPage Estados de carga debe navegar a la lista de eventos cuando se hace clic en \"Volver a eventos\" desde el error","invocations":1,"location":null,"numPassingAsserts":1,"retryReasons":[],"startAt":1763189571426,"status":"passed","title":"debe navegar a la lista de eventos cuando se hace clic en \"Volver a eventos\" desde el error"},{"ancestorTitles":["EventAdminPage","Renderizado del evento"],"duration":121,"failing":false,"failureDetails":[],"failureMessages":[],"fullName":"EventAdminPage Renderizado del evento debe renderizar la información básica del evento","invocations":1,"location":null,"numPassingAsserts":3,"retryReasons":[],"startAt":1763189571634,"status":"passed","title":"debe renderizar la información básica del evento"},{"ancestorTitles":["EventAdminPage","Renderizado del evento"],"duration":101,"failing":false,"failureDetails":[],"failureMessages":[],"fullName":"EventAdminPage Renderizado del evento debe mostrar el estado \"Próximo\" para eventos futuros","invocations":1,"location":null,"numPassingAsserts":2,"retryReasons":[],"startAt":1763189571756,"status":"passed","title":"debe mostrar el estado \"Próximo\" para eventos futuros"},{"ancestorTitles":["EventAdminPage","Renderizado del evento"],"duration":60,"failing":false,"failureDetails":[],"failureMessages":[],"fullName":"EventAdminPage Renderizado del evento debe mostrar el estado \"Finalizado\" para eventos pasados","invocations":1,"location":null,"numPassingAsserts":2,"retryReasons":[],"startAt":1763189571858,"status":"passed","title":"debe mostrar el estado \"Finalizado\" para eventos pasados"},{"ancestorTitles":["EventAdminPage","Renderizado del evento"],"duration":315,"failing":false,"failureDetails":[],"failureMessages":[],"fullName":"EventAdminPage Renderizado del evento debe renderizar el link al evento en vivo","invocations":1,"location":null,"numPassingAsserts":1,"retryReasons":[],"startAt":1763189571919,"status":"passed","title":"debe renderizar el link al evento en vivo"},{"ancestorTitles":["EventAdminPage","Permisos de administración"],"duration":114,"failing":false,"failureDetails":[],"failureMessages":[],"fullName":"EventAdminPage Permisos de administración debe mostrar botones de edición/eliminación para usuarios admin","invocations":1,"location":null,"numPassingAsserts":2,"retryReasons":[],"startAt":1763189572235,"status":"passed","title":"debe mostrar botones de edición/eliminación para usuarios admin"},{"ancestorTitles":["EventAdminPage","Permisos de administración"],"duration":95,"failing":false,"failureDetails":[],"failureMessages":[],"fullName":"EventAdminPage Permisos de administración debe mostrar botones de edición/eliminación para event managers","invocations":1,"location":null,"numPassingAsserts":2,"retryReasons":[],"startAt":1763189572350,"status":"passed","title":"debe mostrar botones de edición/eliminación para event managers"},{"ancestorTitles":["EventAdminPage","Permisos de administración"],"duration":77,"failing":false,"failureDetails":[],"failureMessages":[],"fullName":"EventAdminPage Permisos de administración no debe mostrar botones de edición/eliminación para usuarios regulares","invocations":1,"location":null,"numPassingAsserts":2,"retryReasons":[],"startAt":1763189572445,"status":"passed","title":"no debe mostrar botones de edición/eliminación para usuarios regulares"},{"ancestorTitles":["EventAdminPage","Navegación"],"duration":523,"failing":false,"failureDetails":[],"failureMessages":[],"fullName":"EventAdminPage Navegación debe navegar de vuelta a la lista de eventos","invocations":1,"location":null,"numPassingAsserts":1,"retryReasons":[],"startAt":1763189572523,"status":"passed","title":"debe navegar de vuelta a la lista de eventos"},{"ancestorTitles":["EventAdminPage","Estadísticas del evento"],"duration":180,"failing":false,"failureDetails":[],"failureMessages":[],"fullName":"EventAdminPage Estadísticas del evento debe mostrar la información del evento incluyendo las canciones","invocations":1,"location":null,"numPassingAsserts":3,"retryReasons":[],"startAt":1763189573047,"status":"passed","title":"debe mostrar la información del evento incluyendo las canciones"},{"ancestorTitles":["EventAdminPage","Estadísticas del evento"],"duration":143,"failing":false,"failureDetails":[],"failureMessages":[],"fullName":"EventAdminPage Estadísticas del evento debe mostrar el estado del evento","invocations":1,"location":null,"numPassingAsserts":1,"retryReasons":[],"startAt":1763189573228,"status":"passed","title":"debe mostrar el estado del evento"},{"ancestorTitles":["EventAdminPage","Estadísticas del evento"],"duration":129,"failing":false,"failureDetails":[],"failureMessages":[],"fullName":"EventAdminPage Estadísticas del evento debe mostrar el ID del evento","invocations":1,"location":null,"numPassingAsserts":1,"retryReasons":[],"startAt":1763189573372,"status":"passed","title":"debe mostrar el ID del evento"},{"ancestorTitles":["EventAdminPage","Lista de canciones"],"duration":62,"failing":false,"failureDetails":[],"failureMessages":[],"fullName":"EventAdminPage Lista de canciones debe renderizar el componente SongListDisplay","invocations":1,"location":null,"numPassingAsserts":1,"retryReasons":[],"startAt":1763189573502,"status":"passed","title":"debe renderizar el componente SongListDisplay"},{"ancestorTitles":["EventAdminPage","Lista de canciones"],"duration":72,"failing":false,"failureDetails":[],"failureMessages":[],"fullName":"EventAdminPage Lista de canciones debe pasar las canciones correctamente al componente SongListDisplay","invocations":1,"location":null,"numPassingAsserts":1,"retryReasons":[],"startAt":1763189573564,"status":"passed","title":"debe pasar las canciones correctamente al componente SongListDisplay"},{"ancestorTitles":["EventAdminPage","Lista de canciones"],"duration":81,"failing":false,"failureDetails":[],"failureMessages":[],"fullName":"EventAdminPage Lista de canciones debe pasar un array vacío cuando no hay canciones","invocations":1,"location":null,"numPassingAsserts":1,"retryReasons":[],"startAt":1763189573636,"status":"passed","title":"debe pasar un array vacío cuando no hay canciones"}],"endTime":1763189573732,"message":"","name":"C:\\Users\\leovp\\Programming\\adorador\\adorador-frontend\\src\\app\\(public)\\grupos\\[bandId]\\eventos\\[eventId]\\_components\\__tests__\\EventAdminPage.test.tsx","startTime":1763189567365,"status":"passed","summary":""},{"assertionResults":[{"ancestorTitles":["useSearchUsers"],"duration":394,"failing":false,"failureDetails":[],"failureMessages":[],"fullName":"useSearchUsers should search users successfully","invocations":1,"location":null,"numPassingAsserts":3,"retryReasons":[],"startAt":1763189574107,"status":"passed","title":"should search users successfully"},{"ancestorTitles":["useSearchUsers"],"duration":24,"failing":false,"failureDetails":[],"failureMessages":[],"fullName":"useSearchUsers should not search with query less than 2 characters","invocations":1,"location":null,"numPassingAsserts":2,"retryReasons":[],"startAt":1763189574503,"status":"passed","title":"should not search with query less than 2 characters"},{"ancestorTitles":["useSearchUsers"],"duration":24,"failing":false,"failureDetails":[],"failureMessages":[],"fullName":"useSearchUsers should not search with empty query","invocations":1,"location":null,"numPassingAsserts":2,"retryReasons":[],"startAt":1763189574528,"status":"passed","title":"should not search with empty query"},{"ancestorTitles":["useSearchUsers"],"duration":42,"failing":false,"failureDetails":[],"failureMessages":[],"fullName":"useSearchUsers should handle search errors","invocations":1,"location":null,"numPassingAsserts":3,"retryReasons":[],"startAt":1763189574552,"status":"passed","title":"should handle search errors"},{"ancestorTitles":["useSearchUsers"],"duration":32,"failing":false,"failureDetails":[],"failureMessages":[],"fullName":"useSearchUsers should handle network errors","invocations":1,"location":null,"numPassingAsserts":3,"retryReasons":[],"startAt":1763189574595,"status":"passed","title":"should handle network errors"},{"ancestorTitles":["useSearchUsers"],"duration":52,"failing":false,"failureDetails":[],"failureMessages":[],"fullName":"useSearchUsers should handle missing authentication token","invocations":1,"location":null,"numPassingAsserts":2,"retryReasons":[],"startAt":1763189574628,"status":"passed","title":"should handle missing authentication token"},{"ancestorTitles":["useSearchUsers"],"duration":249,"failing":false,"failureDetails":[],"failureMessages":[],"fullName":"useSearchUsers should clear search results","invocations":1,"location":null,"numPassingAsserts":2,"retryReasons":[],"startAt":1763189574681,"status":"passed","title":"should clear search results"},{"ancestorTitles":["useSearchUsers"],"duration":201,"failing":false,"failureDetails":[],"failureMessages":[],"fullName":"useSearchUsers should set isSearching to true during search","invocations":1,"location":null,"numPassingAsserts":2,"retryReasons":[],"startAt":1763189574931,"status":"passed","title":"should set isSearching to true during search"},{"ancestorTitles":["useSearchUsers"],"duration":34,"failing":false,"failureDetails":[],"failureMessages":[],"fullName":"useSearchUsers should use correct API endpoint with encoded query","invocations":1,"location":null,"numPassingAsserts":1,"retryReasons":[],"startAt":1763189575132,"status":"passed","title":"should use correct API endpoint with encoded query"},{"ancestorTitles":["useInviteUser"],"duration":87,"failing":false,"failureDetails":[],"failureMessages":[],"fullName":"useInviteUser should invite user successfully","invocations":1,"location":null,"numPassingAsserts":4,"retryReasons":[],"startAt":1763189575167,"status":"passed","title":"should invite user successfully"},{"ancestorTitles":["useInviteUser"],"duration":63,"failing":false,"failureDetails":[],"failureMessages":[],"fullName":"useInviteUser should invalidate search query after inviting user","invocations":1,"location":null,"numPassingAsserts":1,"retryReasons":[],"startAt":1763189575255,"status":"passed","title":"should invalidate search query after inviting user"},{"ancestorTitles":["useInviteUser"],"duration":32,"failing":false,"failureDetails":[],"failureMessages":[],"fullName":"useInviteUser should handle errors when inviting user","invocations":1,"location":null,"numPassingAsserts":2,"retryReasons":[],"startAt":1763189575319,"status":"passed","title":"should handle errors when inviting user"},{"ancestorTitles":["useInviteUser"],"duration":31,"failing":false,"failureDetails":[],"failureMessages":[],"fullName":"useInviteUser should handle generic errors gracefully","invocations":1,"location":null,"numPassingAsserts":2,"retryReasons":[],"startAt":1763189575351,"status":"passed","title":"should handle generic errors gracefully"},{"ancestorTitles":["useInviteUser"],"duration":24,"failing":false,"failureDetails":[],"failureMessages":[],"fullName":"useInviteUser should set isInviting to true during process and false after","invocations":1,"location":null,"numPassingAsserts":3,"retryReasons":[],"startAt":1763189575383,"status":"passed","title":"should set isInviting to true during process and false after"},{"ancestorTitles":["useInviteUser"],"duration":10,"failing":false,"failureDetails":[],"failureMessages":[],"fullName":"useInviteUser should use correct API endpoint","invocations":1,"location":null,"numPassingAsserts":1,"retryReasons":[],"startAt":1763189575408,"status":"passed","title":"should use correct API endpoint"},{"ancestorTitles":["useInviteUser"],"duration":20,"failing":false,"failureDetails":[],"failureMessages":[],"fullName":"useInviteUser should reset isInviting to false even on error","invocations":1,"location":null,"numPassingAsserts":1,"retryReasons":[],"startAt":1763189575419,"status":"passed","title":"should reset isInviting to false even on error"}],"endTime":1763189575447,"message":"","name":"C:\\Users\\leovp\\Programming\\adorador\\adorador-frontend\\src\\app\\(public)\\grupos\\_hooks\\__tests__\\useInviteUser.test.tsx","startTime":1763189570854,"status":"passed","summary":""},{"assertionResults":[{"ancestorTitles":["React Query Configuration","FetchData wrapper"],"duration":303,"failing":false,"failureDetails":[],"failureMessages":[],"fullName":"React Query Configuration FetchData wrapper should call fetchAPI with correct parameters","invocations":1,"location":null,"numPassingAsserts":3,"retryReasons":[],"startAt":1763189574633,"status":"passed","title":"should call fetchAPI with correct parameters"},{"ancestorTitles":["React Query Configuration","FetchData wrapper"],"duration":130,"failing":false,"failureDetails":[],"failureMessages":[],"fullName":"React Query Configuration FetchData wrapper should handle errors from fetchAPI","invocations":1,"location":null,"numPassingAsserts":2,"retryReasons":[],"startAt":1763189574938,"status":"passed","title":"should handle errors from fetchAPI"},{"ancestorTitles":["React Query Configuration","FetchData wrapper"],"duration":37,"failing":false,"failureDetails":[],"failureMessages":[],"fullName":"React Query Configuration FetchData wrapper should respect skipAuth parameter","invocations":1,"location":null,"numPassingAsserts":1,"retryReasons":[],"startAt":1763189575069,"status":"passed","title":"should respect skipAuth parameter"},{"ancestorTitles":["React Query Configuration","FetchData wrapper"],"duration":163,"failing":false,"failureDetails":[],"failureMessages":[],"fullName":"React Query Configuration FetchData wrapper should not fetch when disabled","invocations":1,"location":null,"numPassingAsserts":1,"retryReasons":[],"startAt":1763189575107,"status":"passed","title":"should not fetch when disabled"},{"ancestorTitles":["React Query Configuration","Query Client Default Options"],"duration":11,"failing":false,"failureDetails":[],"failureMessages":[],"fullName":"React Query Configuration Query Client Default Options should configure retry with exponential backoff in production","invocations":1,"location":null,"numPassingAsserts":6,"retryReasons":[],"startAt":1763189575271,"status":"passed","title":"should configure retry with exponential backoff in production"},{"ancestorTitles":["React Query Configuration","Query Client Default Options"],"duration":4,"failing":false,"failureDetails":[],"failureMessages":[],"fullName":"React Query Configuration Query Client Default Options should not retry mutations by default","invocations":1,"location":null,"numPassingAsserts":1,"retryReasons":[],"startAt":1763189575282,"status":"passed","title":"should not retry mutations by default"},{"ancestorTitles":["React Query Configuration","Query Client Default Options"],"duration":9,"failing":false,"failureDetails":[],"failureMessages":[],"fullName":"React Query Configuration Query Client Default Options should have correct stale and cache times","invocations":1,"location":null,"numPassingAsserts":2,"retryReasons":[],"startAt":1763189575287,"status":"passed","title":"should have correct stale and cache times"},{"ancestorTitles":["React Query Configuration","Query Client Default Options"],"duration":12,"failing":false,"failureDetails":[],"failureMessages":[],"fullName":"React Query Configuration Query Client Default Options should disable refetch on window focus and reconnect","invocations":1,"location":null,"numPassingAsserts":2,"retryReasons":[],"startAt":1763189575298,"status":"passed","title":"should disable refetch on window focus and reconnect"},{"ancestorTitles":["React Query Configuration","Integration with fetchAPI retry"],"duration":336,"failing":false,"failureDetails":[],"failureMessages":[],"fullName":"React Query Configuration Integration with fetchAPI retry should combine React Query retry with fetchAPI retry for maximum resilience","invocations":1,"location":null,"numPassingAsserts":3,"retryReasons":[],"startAt":1763189575311,"status":"passed","title":"should combine React Query retry with fetchAPI retry for maximum resilience"}],"endTime":1763189575654,"message":"","name":"C:\\Users\\leovp\\Programming\\adorador\\adorador-frontend\\src\\global\\services\\__tests__\\HandleAPI.reactquery.test.tsx","startTime":1763189572127,"status":"passed","summary":""},{"assertionResults":[{"ancestorTitles":["HandleAPI - FetchData"],"duration":192,"failing":false,"failureDetails":[],"failureMessages":[],"fullName":"HandleAPI - FetchData should fetch data successfully","invocations":1,"location":null,"numPassingAsserts":3,"retryReasons":[],"startAt":1763189575209,"status":"passed","title":"should fetch data successfully"},{"ancestorTitles":["HandleAPI - FetchData"],"duration":153,"failing":false,"failureDetails":[],"failureMessages":[],"fullName":"HandleAPI - FetchData should handle fetch errors","invocations":1,"location":null,"numPassingAsserts":2,"retryReasons":[],"startAt":1763189575410,"status":"passed","title":"should handle fetch errors"},{"ancestorTitles":["HandleAPI - FetchData"],"duration":19,"failing":false,"failureDetails":[],"failureMessages":[],"fullName":"HandleAPI - FetchData should respect isEnabled flag","invocations":1,"location":null,"numPassingAsserts":2,"retryReasons":[],"startAt":1763189575564,"status":"passed","title":"should respect isEnabled flag"},{"ancestorTitles":["HandleAPI - FetchData"],"duration":108,"failing":false,"failureDetails":[],"failureMessages":[],"fullName":"HandleAPI - FetchData should pass skipAuth correctly","invocations":1,"location":null,"numPassingAsserts":2,"retryReasons":[],"startAt":1763189575584,"status":"passed","title":"should pass skipAuth correctly"},{"ancestorTitles":["HandleAPI - FetchData"],"duration":90,"failing":false,"failureDetails":[],"failureMessages":[],"fullName":"HandleAPI - FetchData should accept array as query key for unique cache per resource","invocations":1,"location":null,"numPassingAsserts":2,"retryReasons":[],"startAt":1763189575693,"status":"passed","title":"should accept array as query key for unique cache per resource"},{"ancestorTitles":["HandleAPI - FetchData"],"duration":221,"failing":false,"failureDetails":[],"failureMessages":[],"fullName":"HandleAPI - FetchData should cache independently when using different IDs in query key","invocations":1,"location":null,"numPassingAsserts":6,"retryReasons":[],"startAt":1763189575784,"status":"passed","title":"should cache independently when using different IDs in query key"},{"ancestorTitles":["HandleAPI - FetchData"],"duration":202,"failing":false,"failureDetails":[],"failureMessages":[],"fullName":"HandleAPI - FetchData should use same cache when query key is identical","invocations":1,"location":null,"numPassingAsserts":4,"retryReasons":[],"startAt":1763189576011,"status":"passed","title":"should use same cache when query key is identical"}],"endTime":1763189576229,"message":"","name":"C:\\Users\\leovp\\Programming\\adorador\\adorador-frontend\\src\\global\\services\\__tests__\\HandleAPI.test.tsx","startTime":1763189572983,"status":"passed","summary":""},{"assertionResults":[{"ancestorTitles":["Band Cache Isolation - Integration Tests"],"duration":852,"failing":false,"failureDetails":[],"failureMessages":[],"fullName":"Band Cache Isolation - Integration Tests should not share cache between different bands when switching bands","invocations":1,"location":null,"numPassingAsserts":16,"retryReasons":[],"startAt":1763189575683,"status":"passed","title":"should not share cache between different bands when switching bands"},{"ancestorTitles":["Band Cache Isolation - Integration Tests"],"duration":423,"failing":false,"failureDetails":[],"failureMessages":[],"fullName":"Band Cache Isolation - Integration Tests should correctly isolate cache when user has multiple bands","invocations":1,"location":null,"numPassingAsserts":10,"retryReasons":[],"startAt":1763189576538,"status":"passed","title":"should correctly isolate cache when user has multiple bands"}],"endTime":1763189576967,"message":"","name":"C:\\Users\\leovp\\Programming\\adorador\\adorador-frontend\\src\\app\\(public)\\grupos\\_services\\__tests__\\bandCacheIsolation.integration.test.tsx","startTime":1763189572822,"status":"passed","summary":""},{"assertionResults":[{"ancestorTitles":["useEventWSConexion - Orden de eventos y race conditions","Race condition: lyricSelected llega antes que eventSelectedSong"],"duration":227,"failing":false,"failureDetails":[],"failureMessages":[],"fullName":"useEventWSConexion - Orden de eventos y race conditions Race condition: lyricSelected llega antes que eventSelectedSong debe mantener la posición cuando lyricSelected llega primero","invocations":1,"location":null,"numPassingAsserts":3,"retryReasons":[],"startAt":1763189576218,"status":"passed","title":"debe mantener la posición cuando lyricSelected llega primero"},{"ancestorTitles":["useEventWSConexion - Orden de eventos y race conditions","Race condition: eventSelectedSong llega antes que lyricSelected"],"duration":157,"failing":false,"failureDetails":[],"failureMessages":[],"fullName":"useEventWSConexion - Orden de eventos y race conditions Race condition: eventSelectedSong llega antes que lyricSelected debe aplicar la posición correcta cuando song llega primero","invocations":1,"location":null,"numPassingAsserts":3,"retryReasons":[],"startAt":1763189576448,"status":"passed","title":"debe aplicar la posición correcta cuando song llega primero"},{"ancestorTitles":["useEventWSConexion - Orden de eventos y race conditions","Múltiples recargas rápidas"],"duration":146,"failing":false,"failureDetails":[],"failureMessages":[],"fullName":"useEventWSConexion - Orden de eventos y race conditions Múltiples recargas rápidas debe manejar correctamente múltiples mensajes duplicados","invocations":1,"location":null,"numPassingAsserts":4,"retryReasons":[],"startAt":1763189576608,"status":"passed","title":"debe manejar correctamente múltiples mensajes duplicados"},{"ancestorTitles":["useEventWSConexion - Orden de eventos y race conditions","Cambios rápidos de posición"],"duration":161,"failing":false,"failureDetails":[],"failureMessages":[],"fullName":"useEventWSConexion - Orden de eventos y race conditions Cambios rápidos de posición debe procesar todos los cambios de posición en orden","invocations":1,"location":null,"numPassingAsserts":5,"retryReasons":[],"startAt":1763189576755,"status":"passed","title":"debe procesar todos los cambios de posición en orden"},{"ancestorTitles":["useEventWSConexion - Orden de eventos y race conditions","Estado del servidor vs estado local"],"duration":159,"failing":false,"failureDetails":[],"failureMessages":[],"fullName":"useEventWSConexion - Orden de eventos y race conditions Estado del servidor vs estado local debe priorizar el estado del servidor sobre el estado local","invocations":1,"location":null,"numPassingAsserts":3,"retryReasons":[],"startAt":1763189576918,"status":"passed","title":"debe priorizar el estado del servidor sobre el estado local"},{"ancestorTitles":["useEventWSConexion - Orden de eventos y race conditions","Verificación de que previousSongId funciona correctamente"],"duration":43,"failing":false,"failureDetails":[],"failureMessages":[],"fullName":"useEventWSConexion - Orden de eventos y race conditions Verificación de que previousSongId funciona correctamente debe detectar correctamente cuando la canción NO cambió (estado inicial)","invocations":1,"location":null,"numPassingAsserts":1,"retryReasons":[],"startAt":1763189577078,"status":"passed","title":"debe detectar correctamente cuando la canción NO cambió (estado inicial)"},{"ancestorTitles":["useEventWSConexion - Orden de eventos y race conditions","Verificación de que previousSongId funciona correctamente"],"duration":182,"failing":false,"failureDetails":[],"failureMessages":[],"fullName":"useEventWSConexion - Orden de eventos y race conditions Verificación de que previousSongId funciona correctamente debe detectar correctamente cuando la canción SÍ cambió","invocations":1,"location":null,"numPassingAsserts":3,"retryReasons":[],"startAt":1763189577122,"status":"passed","title":"debe detectar correctamente cuando la canción SÍ cambió"}],"endTime":1763189577320,"message":"","name":"C:\\Users\\leovp\\Programming\\adorador\\adorador-frontend\\src\\app\\(public)\\grupos\\[bandId]\\eventos\\[eventId]\\en-vivo\\_hooks\\__tests__\\useEventWSConexion.raceConditions.test.tsx","startTime":1763189573636,"status":"passed","summary":""},{"assertionResults":[{"ancestorTitles":["TertiaryButton","Component Rendering"],"duration":231,"failing":false,"failureDetails":[],"failureMessages":[],"fullName":"TertiaryButton Component Rendering should render as a link when href is provided","invocations":1,"location":null,"numPassingAsserts":3,"retryReasons":[],"startAt":1763189576441,"status":"passed","title":"should render as a link when href is provided"},{"ancestorTitles":["TertiaryButton","Component Rendering"],"duration":47,"failing":false,"failureDetails":[],"failureMessages":[],"fullName":"TertiaryButton Component Rendering should render as a button when onClick is provided","invocations":1,"location":null,"numPassingAsserts":2,"retryReasons":[],"startAt":1763189576675,"status":"passed","title":"should render as a button when onClick is provided"},{"ancestorTitles":["TertiaryButton","Component Rendering"],"duration":34,"failing":false,"failureDetails":[],"failureMessages":[],"fullName":"TertiaryButton Component Rendering should render as a button when neither href nor onClick is provided","invocations":1,"location":null,"numPassingAsserts":2,"retryReasons":[],"startAt":1763189576722,"status":"passed","title":"should render as a button when neither href nor onClick is provided"},{"ancestorTitles":["TertiaryButton","Styling"],"duration":41,"failing":false,"failureDetails":[],"failureMessages":[],"fullName":"TertiaryButton Styling should apply text-only brand purple classes to button","invocations":1,"location":null,"numPassingAsserts":3,"retryReasons":[],"startAt":1763189576758,"status":"passed","title":"should apply text-only brand purple classes to button"},{"ancestorTitles":["TertiaryButton","Styling"],"duration":43,"failing":false,"failureDetails":[],"failureMessages":[],"fullName":"TertiaryButton Styling should apply hover classes for text and underline","invocations":1,"location":null,"numPassingAsserts":2,"retryReasons":[],"startAt":1763189576803,"status":"passed","title":"should apply hover classes for text and underline"},{"ancestorTitles":["TertiaryButton","Styling"],"duration":24,"failing":false,"failureDetails":[],"failureMessages":[],"fullName":"TertiaryButton Styling should merge custom className with base classes","invocations":1,"location":null,"numPassingAsserts":2,"retryReasons":[],"startAt":1763189576847,"status":"passed","title":"should merge custom className with base classes"},{"ancestorTitles":["TertiaryButton","Styling"],"duration":92,"failing":false,"failureDetails":[],"failureMessages":[],"fullName":"TertiaryButton Styling should render link when href is provided","invocations":1,"location":null,"numPassingAsserts":2,"retryReasons":[],"startAt":1763189576872,"status":"passed","title":"should render link when href is provided"},{"ancestorTitles":["TertiaryButton","Props Forwarding"],"duration":44,"failing":false,"failureDetails":[],"failureMessages":[],"fullName":"TertiaryButton Props Forwarding should forward endContent prop","invocations":1,"location":null,"numPassingAsserts":2,"retryReasons":[],"startAt":1763189576967,"status":"passed","title":"should forward endContent prop"},{"ancestorTitles":["TertiaryButton","Props Forwarding"],"duration":48,"failing":false,"failureDetails":[],"failureMessages":[],"fullName":"TertiaryButton Props Forwarding should forward startContent prop","invocations":1,"location":null,"numPassingAsserts":2,"retryReasons":[],"startAt":1763189577012,"status":"passed","title":"should forward startContent prop"},{"ancestorTitles":["TertiaryButton","Props Forwarding"],"duration":62,"failing":false,"failureDetails":[],"failureMessages":[],"fullName":"TertiaryButton Props Forwarding should forward type prop","invocations":1,"location":null,"numPassingAsserts":1,"retryReasons":[],"startAt":1763189577061,"status":"passed","title":"should forward type prop"},{"ancestorTitles":["TertiaryButton","Props Forwarding"],"duration":48,"failing":false,"failureDetails":[],"failureMessages":[],"fullName":"TertiaryButton Props Forwarding should forward isLoading prop","invocations":1,"location":null,"numPassingAsserts":2,"retryReasons":[],"startAt":1763189577127,"status":"passed","title":"should forward isLoading prop"},{"ancestorTitles":["TertiaryButton","Props Forwarding"],"duration":107,"failing":false,"failureDetails":[],"failureMessages":[],"fullName":"TertiaryButton Props Forwarding should forward disabled prop","invocations":1,"location":null,"numPassingAsserts":1,"retryReasons":[],"startAt":1763189577176,"status":"passed","title":"should forward disabled prop"},{"ancestorTitles":["TertiaryButton","Props Forwarding"],"duration":33,"failing":false,"failureDetails":[],"failureMessages":[],"fullName":"TertiaryButton Props Forwarding should forward isDisabled prop","invocations":1,"location":null,"numPassingAsserts":1,"retryReasons":[],"startAt":1763189577283,"status":"passed","title":"should forward isDisabled prop"},{"ancestorTitles":["TertiaryButton","User Interactions"],"duration":166,"failing":false,"failureDetails":[],"failureMessages":[],"fullName":"TertiaryButton User Interactions should call onClick when button is clicked","invocations":1,"location":null,"numPassingAsserts":1,"retryReasons":[],"startAt":1763189577317,"status":"passed","title":"should call onClick when button is clicked"},{"ancestorTitles":["TertiaryButton","User Interactions"],"duration":325,"failing":false,"failureDetails":[],"failureMessages":[],"fullName":"TertiaryButton User Interactions should not call onClick when disabled","invocations":1,"location":null,"numPassingAsserts":1,"retryReasons":[],"startAt":1763189577484,"status":"passed","title":"should not call onClick when disabled"},{"ancestorTitles":["TertiaryButton","Use Cases"],"duration":18,"failing":false,"failureDetails":[],"failureMessages":[],"fullName":"TertiaryButton Use Cases should work as a help link","invocations":1,"location":null,"numPassingAsserts":2,"retryReasons":[],"startAt":1763189577810,"status":"passed","title":"should work as a help link"},{"ancestorTitles":["TertiaryButton","Use Cases"],"duration":20,"failing":false,"failureDetails":[],"failureMessages":[],"fullName":"TertiaryButton Use Cases should work as a skip button","invocations":1,"location":null,"numPassingAsserts":1,"retryReasons":[],"startAt":1763189577829,"status":"passed","title":"should work as a skip button"},{"ancestorTitles":["TertiaryButton","Use Cases"],"duration":18,"failing":false,"failureDetails":[],"failureMessages":[],"fullName":"TertiaryButton Use Cases should work with custom color for password reset","invocations":1,"location":null,"numPassingAsserts":2,"retryReasons":[],"startAt":1763189577850,"status":"passed","title":"should work with custom color for password reset"}],"endTime":1763189577881,"message":"","name":"C:\\Users\\leovp\\Programming\\adorador\\adorador-frontend\\src\\global\\components\\buttons\\__tests__\\TertiaryButton.test.tsx","startTime":1763189573380,"status":"passed","summary":""},{"assertionResults":[{"ancestorTitles":["SecondaryButton","Component Rendering"],"duration":119,"failing":false,"failureDetails":[],"failureMessages":[],"fullName":"SecondaryButton Component Rendering should render as a link when href is provided","invocations":1,"location":null,"numPassingAsserts":3,"retryReasons":[],"startAt":1763189576648,"status":"passed","title":"should render as a link when href is provided"},{"ancestorTitles":["SecondaryButton","Component Rendering"],"duration":68,"failing":false,"failureDetails":[],"failureMessages":[],"fullName":"SecondaryButton Component Rendering should render as a button when onClick is provided","invocations":1,"location":null,"numPassingAsserts":2,"retryReasons":[],"startAt":1763189576770,"status":"passed","title":"should render as a button when onClick is provided"},{"ancestorTitles":["SecondaryButton","Component Rendering"],"duration":122,"failing":false,"failureDetails":[],"failureMessages":[],"fullName":"SecondaryButton Component Rendering should render as a button when neither href nor onClick is provided","invocations":1,"location":null,"numPassingAsserts":2,"retryReasons":[],"startAt":1763189576838,"status":"passed","title":"should render as a button when neither href nor onClick is provided"},{"ancestorTitles":["SecondaryButton","Styling"],"duration":60,"failing":false,"failureDetails":[],"failureMessages":[],"fullName":"SecondaryButton Styling should apply border and white background classes to button","invocations":1,"location":null,"numPassingAsserts":5,"retryReasons":[],"startAt":1763189576961,"status":"passed","title":"should apply border and white background classes to button"},{"ancestorTitles":["SecondaryButton","Styling"],"duration":72,"failing":false,"failureDetails":[],"failureMessages":[],"fullName":"SecondaryButton Styling should apply hover classes for background and border","invocations":1,"location":null,"numPassingAsserts":2,"retryReasons":[],"startAt":1763189577022,"status":"passed","title":"should apply hover classes for background and border"},{"ancestorTitles":["SecondaryButton","Styling"],"duration":32,"failing":false,"failureDetails":[],"failureMessages":[],"fullName":"SecondaryButton Styling should merge custom className with base classes","invocations":1,"location":null,"numPassingAsserts":3,"retryReasons":[],"startAt":1763189577095,"status":"passed","title":"should merge custom className with base classes"},{"ancestorTitles":["SecondaryButton","Styling"],"duration":58,"failing":false,"failureDetails":[],"failureMessages":[],"fullName":"SecondaryButton Styling should render link when href is provided","invocations":1,"location":null,"numPassingAsserts":2,"retryReasons":[],"startAt":1763189577128,"status":"passed","title":"should render link when href is provided"},{"ancestorTitles":["SecondaryButton","Props Forwarding"],"duration":43,"failing":false,"failureDetails":[],"failureMessages":[],"fullName":"SecondaryButton Props Forwarding should forward endContent prop","invocations":1,"location":null,"numPassingAsserts":2,"retryReasons":[],"startAt":1763189577187,"status":"passed","title":"should forward endContent prop"},{"ancestorTitles":["SecondaryButton","Props Forwarding"],"duration":48,"failing":false,"failureDetails":[],"failureMessages":[],"fullName":"SecondaryButton Props Forwarding should forward startContent prop","invocations":1,"location":null,"numPassingAsserts":2,"retryReasons":[],"startAt":1763189577231,"status":"passed","title":"should forward startContent prop"},{"ancestorTitles":["SecondaryButton","Props Forwarding"],"duration":56,"failing":false,"failureDetails":[],"failureMessages":[],"fullName":"SecondaryButton Props Forwarding should forward type prop","invocations":1,"location":null,"numPassingAsserts":1,"retryReasons":[],"startAt":1763189577280,"status":"passed","title":"should forward type prop"},{"ancestorTitles":["SecondaryButton","Props Forwarding"],"duration":158,"failing":false,"failureDetails":[],"failureMessages":[],"fullName":"SecondaryButton Props Forwarding should forward isLoading prop","invocations":1,"location":null,"numPassingAsserts":2,"retryReasons":[],"startAt":1763189577337,"status":"passed","title":"should forward isLoading prop"},{"ancestorTitles":["SecondaryButton","Props Forwarding"],"duration":118,"failing":false,"failureDetails":[],"failureMessages":[],"fullName":"SecondaryButton Props Forwarding should forward disabled prop","invocations":1,"location":null,"numPassingAsserts":1,"retryReasons":[],"startAt":1763189577496,"status":"passed","title":"should forward disabled prop"},{"ancestorTitles":["SecondaryButton","Props Forwarding"],"duration":82,"failing":false,"failureDetails":[],"failureMessages":[],"fullName":"SecondaryButton Props Forwarding should forward isDisabled prop","invocations":1,"location":null,"numPassingAsserts":1,"retryReasons":[],"startAt":1763189577615,"status":"passed","title":"should forward isDisabled prop"},{"ancestorTitles":["SecondaryButton","User Interactions"],"duration":201,"failing":false,"failureDetails":[],"failureMessages":[],"fullName":"SecondaryButton User Interactions should call onClick when button is clicked","invocations":1,"location":null,"numPassingAsserts":1,"retryReasons":[],"startAt":1763189577697,"status":"passed","title":"should call onClick when button is clicked"},{"ancestorTitles":["SecondaryButton","User Interactions"],"duration":99,"failing":false,"failureDetails":[],"failureMessages":[],"fullName":"SecondaryButton User Interactions should not call onClick when disabled","invocations":1,"location":null,"numPassingAsserts":1,"retryReasons":[],"startAt":1763189577899,"status":"passed","title":"should not call onClick when disabled"},{"ancestorTitles":["SecondaryButton","Use Cases"],"duration":23,"failing":false,"failureDetails":[],"failureMessages":[],"fullName":"SecondaryButton Use Cases should work as a navigation link with custom border","invocations":1,"location":null,"numPassingAsserts":2,"retryReasons":[],"startAt":1763189577998,"status":"passed","title":"should work as a navigation link with custom border"},{"ancestorTitles":["SecondaryButton","Use Cases"],"duration":38,"failing":false,"failureDetails":[],"failureMessages":[],"fullName":"SecondaryButton Use Cases should work as a cancel button","invocations":1,"location":null,"numPassingAsserts":1,"retryReasons":[],"startAt":1763189578022,"status":"passed","title":"should work as a cancel button"},{"ancestorTitles":["SecondaryButton","Use Cases"],"duration":21,"failing":false,"failureDetails":[],"failureMessages":[],"fullName":"SecondaryButton Use Cases should work with arrow icon as endContent","invocations":1,"location":null,"numPassingAsserts":2,"retryReasons":[],"startAt":1763189578060,"status":"passed","title":"should work with arrow icon as endContent"}],"endTime":1763189578092,"message":"","name":"C:\\Users\\leovp\\Programming\\adorador\\adorador-frontend\\src\\global\\components\\buttons\\__tests__\\SecondaryButton.test.tsx","startTime":1763189574062,"status":"passed","summary":""},{"assertionResults":[{"ancestorTitles":["useEventWSConexion - Sincronización de estado","Carga inicial - sincronización desde servidor"],"duration":255,"failing":false,"failureDetails":[],"failureMessages":[],"fullName":"useEventWSConexion - Sincronización de estado Carga inicial - sincronización desde servidor debe mantener la posición actual cuando llegan mensajes del servidor en la carga inicial","invocations":1,"location":null,"numPassingAsserts":8,"retryReasons":[],"startAt":1763189579083,"status":"passed","title":"debe mantener la posición actual cuando llegan mensajes del servidor en la carga inicial"},{"ancestorTitles":["useEventWSConexion - Sincronización de estado","Carga inicial - sincronización desde servidor"],"duration":94,"failing":false,"failureDetails":[],"failureMessages":[],"fullName":"useEventWSConexion - Sincronización de estado Carga inicial - sincronización desde servidor debe resetear a 0 cuando no hay mensajes previos del servidor","invocations":1,"location":null,"numPassingAsserts":5,"retryReasons":[],"startAt":1763189579344,"status":"passed","title":"debe resetear a 0 cuando no hay mensajes previos del servidor"},{"ancestorTitles":["useEventWSConexion - Sincronización de estado","Cambio de canción durante evento activo"],"duration":110,"failing":false,"failureDetails":[],"failureMessages":[],"fullName":"useEventWSConexion - Sincronización de estado Cambio de canción durante evento activo debe resetear la posición a 0 cuando la canción cambia","invocations":1,"location":null,"numPassingAsserts":4,"retryReasons":[],"startAt":1763189579443,"status":"passed","title":"debe resetear la posición a 0 cuando la canción cambia"},{"ancestorTitles":["useEventWSConexion - Sincronización de estado","Cambio de canción durante evento activo"],"duration":195,"failing":false,"failureDetails":[],"failureMessages":[],"fullName":"useEventWSConexion - Sincronización de estado Cambio de canción durante evento activo debe mantener la posición cuando llega la misma canción múltiples veces","invocations":1,"location":null,"numPassingAsserts":6,"retryReasons":[],"startAt":1763189579553,"status":"passed","title":"debe mantener la posición cuando llega la misma canción múltiples veces"},{"ancestorTitles":["useEventWSConexion - Sincronización de estado","Sincronización de stores derivados"],"duration":123,"failing":false,"failureDetails":[],"failureMessages":[],"fullName":"useEventWSConexion - Sincronización de estado Sincronización de stores derivados debe actualizar selectedSongData y lyricLength cuando cambia la canción","invocations":1,"location":null,"numPassingAsserts":4,"retryReasons":[],"startAt":1763189579749,"status":"passed","title":"debe actualizar selectedSongData y lyricLength cuando cambia la canción"},{"ancestorTitles":["useEventWSConexion - Sincronización de estado","Manejo de formatos de mensajes"],"duration":87,"failing":false,"failureDetails":[],"failureMessages":[],"fullName":"useEventWSConexion - Sincronización de estado Manejo de formatos de mensajes debe procesar correctamente mensajes en formato legacy","invocations":1,"location":null,"numPassingAsserts":4,"retryReasons":[],"startAt":1763189579875,"status":"passed","title":"debe procesar correctamente mensajes en formato legacy"},{"ancestorTitles":["useEventWSConexion - Sincronización de estado","Solicitud de estado actual"],"duration":99,"failing":false,"failureDetails":[],"failureMessages":[],"fullName":"useEventWSConexion - Sincronización de estado Solicitud de estado actual debe emitir request_current_state después de configurar listeners","invocations":1,"location":null,"numPassingAsserts":2,"retryReasons":[],"startAt":1763189579963,"status":"passed","title":"debe emitir request_current_state después de configurar listeners"}],"endTime":1763189580070,"message":"","name":"C:\\Users\\leovp\\Programming\\adorador\\adorador-frontend\\src\\app\\(public)\\grupos\\[bandId]\\eventos\\[eventId]\\en-vivo\\_hooks\\__tests__\\useEventWSConexion.test.tsx","startTime":1763189576102,"status":"passed","summary":""},{"assertionResults":[{"ancestorTitles":["NotFound Page"],"duration":414,"failing":false,"failureDetails":[],"failureMessages":[],"fullName":"NotFound Page should render 404 heading","invocations":1,"location":null,"numPassingAsserts":1,"retryReasons":[],"startAt":1763189579937,"status":"passed","title":"should render 404 heading"},{"ancestorTitles":["NotFound Page"],"duration":27,"failing":false,"failureDetails":[],"failureMessages":[],"fullName":"NotFound Page should render not found message","invocations":1,"location":null,"numPassingAsserts":1,"retryReasons":[],"startAt":1763189580354,"status":"passed","title":"should render not found message"},{"ancestorTitles":["NotFound Page"],"duration":76,"failing":false,"failureDetails":[],"failureMessages":[],"fullName":"NotFound Page should render link to home page","invocations":1,"location":null,"numPassingAsserts":2,"retryReasons":[],"startAt":1763189580382,"status":"passed","title":"should render link to home page"},{"ancestorTitles":["NotFound Page"],"duration":24,"failing":false,"failureDetails":[],"failureMessages":[],"fullName":"NotFound Page should be wrapped in PageWrapper","invocations":1,"location":null,"numPassingAsserts":1,"retryReasons":[],"startAt":1763189580459,"status":"passed","title":"should be wrapped in PageWrapper"},{"ancestorTitles":["NotFound Page"],"duration":21,"failing":false,"failureDetails":[],"failureMessages":[],"fullName":"NotFound Page should have proper styling for container","invocations":1,"location":null,"numPassingAsserts":2,"retryReasons":[],"startAt":1763189580484,"status":"passed","title":"should have proper styling for container"},{"ancestorTitles":["NotFound Page"],"duration":49,"failing":false,"failureDetails":[],"failureMessages":[],"fullName":"NotFound Page should have 404 text in uppercase","invocations":1,"location":null,"numPassingAsserts":1,"retryReasons":[],"startAt":1763189580506,"status":"passed","title":"should have 404 text in uppercase"},{"ancestorTitles":["NotFound Page"],"duration":55,"failing":false,"failureDetails":[],"failureMessages":[],"fullName":"NotFound Page should render link correctly","invocations":1,"location":null,"numPassingAsserts":2,"retryReasons":[],"startAt":1763189580557,"status":"passed","title":"should render link correctly"}],"endTime":1763189580619,"message":"","name":"C:\\Users\\leovp\\Programming\\adorador\\adorador-frontend\\src\\app\\__tests__\\not-found.test.tsx","startTime":1763189576361,"status":"passed","summary":""},{"assertionResults":[{"ancestorTitles":["PrimaryButton","Component Rendering"],"duration":129,"failing":false,"failureDetails":[],"failureMessages":[],"fullName":"PrimaryButton Component Rendering should render as a link when href is provided","invocations":1,"location":null,"numPassingAsserts":3,"retryReasons":[],"startAt":1763189580140,"status":"passed","title":"should render as a link when href is provided"},{"ancestorTitles":["PrimaryButton","Component Rendering"],"duration":30,"failing":false,"failureDetails":[],"failureMessages":[],"fullName":"PrimaryButton Component Rendering should render as a button when onClick is provided","invocations":1,"location":null,"numPassingAsserts":2,"retryReasons":[],"startAt":1763189580272,"status":"passed","title":"should render as a button when onClick is provided"},{"ancestorTitles":["PrimaryButton","Component Rendering"],"duration":23,"failing":false,"failureDetails":[],"failureMessages":[],"fullName":"PrimaryButton Component Rendering should render as a button when neither href nor onClick is provided","invocations":1,"location":null,"numPassingAsserts":2,"retryReasons":[],"startAt":1763189580303,"status":"passed","title":"should render as a button when neither href nor onClick is provided"},{"ancestorTitles":["PrimaryButton","Styling"],"duration":127,"failing":false,"failureDetails":[],"failureMessages":[],"fullName":"PrimaryButton Styling should apply primary button classes","invocations":1,"location":null,"numPassingAsserts":4,"retryReasons":[],"startAt":1763189580327,"status":"passed","title":"should apply primary button classes"},{"ancestorTitles":["PrimaryButton","Styling"],"duration":45,"failing":false,"failureDetails":[],"failureMessages":[],"fullName":"PrimaryButton Styling should apply hover classes","invocations":1,"location":null,"numPassingAsserts":2,"retryReasons":[],"startAt":1763189580454,"status":"passed","title":"should apply hover classes"},{"ancestorTitles":["PrimaryButton","Styling"],"duration":28,"failing":false,"failureDetails":[],"failureMessages":[],"fullName":"PrimaryButton Styling should merge custom className with base classes","invocations":1,"location":null,"numPassingAsserts":2,"retryReasons":[],"startAt":1763189580500,"status":"passed","title":"should merge custom className with base classes"},{"ancestorTitles":["PrimaryButton","Styling"],"duration":54,"failing":false,"failureDetails":[],"failureMessages":[],"fullName":"PrimaryButton Styling should render link when href is provided","invocations":1,"location":null,"numPassingAsserts":2,"retryReasons":[],"startAt":1763189580528,"status":"passed","title":"should render link when href is provided"},{"ancestorTitles":["PrimaryButton","Props Forwarding"],"duration":36,"failing":false,"failureDetails":[],"failureMessages":[],"fullName":"PrimaryButton Props Forwarding should forward endContent prop","invocations":1,"location":null,"numPassingAsserts":2,"retryReasons":[],"startAt":1763189580584,"status":"passed","title":"should forward endContent prop"},{"ancestorTitles":["PrimaryButton","Props Forwarding"],"duration":22,"failing":false,"failureDetails":[],"failureMessages":[],"fullName":"PrimaryButton Props Forwarding should forward startContent prop","invocations":1,"location":null,"numPassingAsserts":2,"retryReasons":[],"startAt":1763189580621,"status":"passed","title":"should forward startContent prop"},{"ancestorTitles":["PrimaryButton","Props Forwarding"],"duration":51,"failing":false,"failureDetails":[],"failureMessages":[],"fullName":"PrimaryButton Props Forwarding should forward type prop for form buttons","invocations":1,"location":null,"numPassingAsserts":1,"retryReasons":[],"startAt":1763189580644,"status":"passed","title":"should forward type prop for form buttons"},{"ancestorTitles":["PrimaryButton","Props Forwarding"],"duration":27,"failing":false,"failureDetails":[],"failureMessages":[],"fullName":"PrimaryButton Props Forwarding should forward isLoading prop","invocations":1,"location":null,"numPassingAsserts":2,"retryReasons":[],"startAt":1763189580696,"status":"passed","title":"should forward isLoading prop"},{"ancestorTitles":["PrimaryButton","Props Forwarding"],"duration":36,"failing":false,"failureDetails":[],"failureMessages":[],"fullName":"PrimaryButton Props Forwarding should forward disabled prop","invocations":1,"location":null,"numPassingAsserts":1,"retryReasons":[],"startAt":1763189580724,"status":"passed","title":"should forward disabled prop"},{"ancestorTitles":["PrimaryButton","Props Forwarding"],"duration":19,"failing":false,"failureDetails":[],"failureMessages":[],"fullName":"PrimaryButton Props Forwarding should forward isDisabled prop","invocations":1,"location":null,"numPassingAsserts":1,"retryReasons":[],"startAt":1763189580761,"status":"passed","title":"should forward isDisabled prop"},{"ancestorTitles":["PrimaryButton","User Interactions"],"duration":214,"failing":false,"failureDetails":[],"failureMessages":[],"fullName":"PrimaryButton User Interactions should call onClick when button is clicked","invocations":1,"location":null,"numPassingAsserts":1,"retryReasons":[],"startAt":1763189580781,"status":"passed","title":"should call onClick when button is clicked"},{"ancestorTitles":["PrimaryButton","User Interactions"],"duration":149,"failing":false,"failureDetails":[],"failureMessages":[],"fullName":"PrimaryButton User Interactions should not call onClick when disabled","invocations":1,"location":null,"numPassingAsserts":1,"retryReasons":[],"startAt":1763189580996,"status":"passed","title":"should not call onClick when disabled"},{"ancestorTitles":["PrimaryButton","Use Cases"],"duration":23,"failing":false,"failureDetails":[],"failureMessages":[],"fullName":"PrimaryButton Use Cases should work as a navigation link","invocations":1,"location":null,"numPassingAsserts":2,"retryReasons":[],"startAt":1763189581146,"status":"passed","title":"should work as a navigation link"},{"ancestorTitles":["PrimaryButton","Use Cases"],"duration":26,"failing":false,"failureDetails":[],"failureMessages":[],"fullName":"PrimaryButton Use Cases should work as a form submit button","invocations":1,"location":null,"numPassingAsserts":2,"retryReasons":[],"startAt":1763189581169,"status":"passed","title":"should work as a form submit button"},{"ancestorTitles":["PrimaryButton","Use Cases"],"duration":38,"failing":false,"failureDetails":[],"failureMessages":[],"fullName":"PrimaryButton Use Cases should work as an action button with loading state","invocations":1,"location":null,"numPassingAsserts":2,"retryReasons":[],"startAt":1763189581197,"status":"passed","title":"should work as an action button with loading state"},{"ancestorTitles":["PrimaryButton","Use Cases"],"duration":54,"failing":false,"failureDetails":[],"failureMessages":[],"fullName":"PrimaryButton Use Cases should work with onPress (NextUI style)","invocations":1,"location":null,"numPassingAsserts":1,"retryReasons":[],"startAt":1763189581237,"status":"passed","title":"should work with onPress (NextUI style)"}],"endTime":1763189581300,"message":"","name":"C:\\Users\\leovp\\Programming\\adorador\\adorador-frontend\\src\\global\\components\\buttons\\__tests__\\PrimaryButton.test.tsx","startTime":1763189577594,"status":"passed","summary":""},{"assertionResults":[{"ancestorTitles":["StoredLyricsAlert"],"duration":74,"failing":false,"failureDetails":[],"failureMessages":[],"fullName":"StoredLyricsAlert should not render when there are no stored lyrics","invocations":1,"location":null,"numPassingAsserts":1,"retryReasons":[],"startAt":1763189580886,"status":"passed","title":"should not render when there are no stored lyrics"},{"ancestorTitles":["StoredLyricsAlert"],"duration":116,"failing":false,"failureDetails":[],"failureMessages":[],"fullName":"StoredLyricsAlert should render alert when there are stored lyrics","invocations":1,"location":null,"numPassingAsserts":3,"retryReasons":[],"startAt":1763189580963,"status":"passed","title":"should render alert when there are stored lyrics"},{"ancestorTitles":["StoredLyricsAlert"],"duration":89,"failing":false,"failureDetails":[],"failureMessages":[],"fullName":"StoredLyricsAlert should show count of pending lyrics when minimized","invocations":1,"location":null,"numPassingAsserts":2,"retryReasons":[],"startAt":1763189581080,"status":"passed","title":"should show count of pending lyrics when minimized"},{"ancestorTitles":["StoredLyricsAlert"],"duration":92,"failing":false,"failureDetails":[],"failureMessages":[],"fullName":"StoredLyricsAlert should toggle between minimized and expanded states","invocations":1,"location":null,"numPassingAsserts":3,"retryReasons":[],"startAt":1763189581170,"status":"passed","title":"should toggle between minimized and expanded states"},{"ancestorTitles":["StoredLyricsAlert"],"duration":46,"failing":false,"failureDetails":[],"failureMessages":[],"fullName":"StoredLyricsAlert should display song information correctly","invocations":1,"location":null,"numPassingAsserts":2,"retryReasons":[],"startAt":1763189581263,"status":"passed","title":"should display song information correctly"},{"ancestorTitles":["StoredLyricsAlert"],"duration":27,"failing":false,"failureDetails":[],"failureMessages":[],"fullName":"StoredLyricsAlert should show \"Canción X\" when songTitle is not provided","invocations":1,"location":null,"numPassingAsserts":1,"retryReasons":[],"startAt":1763189581310,"status":"passed","title":"should show \"Canción X\" when songTitle is not provided"},{"ancestorTitles":["StoredLyricsAlert"],"duration":110,"failing":false,"failureDetails":[],"failureMessages":[],"fullName":"StoredLyricsAlert should call deleteTempLyrics when delete button is clicked","invocations":1,"location":null,"numPassingAsserts":1,"retryReasons":[],"startAt":1763189581340,"status":"passed","title":"should call deleteTempLyrics when delete button is clicked"},{"ancestorTitles":["StoredLyricsAlert"],"duration":65,"failing":false,"failureDetails":[],"failureMessages":[],"fullName":"StoredLyricsAlert should dispatch custom event when deleting lyrics","invocations":1,"location":null,"numPassingAsserts":1,"retryReasons":[],"startAt":1763189581451,"status":"passed","title":"should dispatch custom event when deleting lyrics"},{"ancestorTitles":["StoredLyricsAlert"],"duration":76,"failing":false,"failureDetails":[],"failureMessages":[],"fullName":"StoredLyricsAlert should render navigation links correctly with edit-lyrics hash","invocations":1,"location":null,"numPassingAsserts":1,"retryReasons":[],"startAt":1763189581517,"status":"passed","title":"should render navigation links correctly with edit-lyrics hash"},{"ancestorTitles":["StoredLyricsAlert"],"duration":55,"failing":false,"failureDetails":[],"failureMessages":[],"fullName":"StoredLyricsAlert should display timestamp in localized format","invocations":1,"location":null,"numPassingAsserts":1,"retryReasons":[],"startAt":1763189581597,"status":"passed","title":"should display timestamp in localized format"},{"ancestorTitles":["StoredLyricsAlert"],"duration":34,"failing":false,"failureDetails":[],"failureMessages":[],"fullName":"StoredLyricsAlert should show singular form for 1 pending lyric when minimized","invocations":1,"location":null,"numPassingAsserts":2,"retryReasons":[],"startAt":1763189581653,"status":"passed","title":"should show singular form for 1 pending lyric when minimized"},{"ancestorTitles":["StoredLyricsAlert"],"duration":61,"failing":false,"failureDetails":[],"failureMessages":[],"fullName":"StoredLyricsAlert should listen to storage events","invocations":1,"location":null,"numPassingAsserts":2,"retryReasons":[],"startAt":1763189581687,"status":"passed","title":"should listen to storage events"},{"ancestorTitles":["StoredLyricsAlert"],"duration":22,"failing":false,"failureDetails":[],"failureMessages":[],"fullName":"StoredLyricsAlert should display character count for each lyric","invocations":1,"location":null,"numPassingAsserts":1,"retryReasons":[],"startAt":1763189581749,"status":"passed","title":"should display character count for each lyric"},{"ancestorTitles":["StoredLyricsAlert"],"duration":29,"failing":false,"failureDetails":[],"failureMessages":[],"fullName":"StoredLyricsAlert should handle multiple lyrics from different bands","invocations":1,"location":null,"numPassingAsserts":2,"retryReasons":[],"startAt":1763189581772,"status":"passed","title":"should handle multiple lyrics from different bands"},{"ancestorTitles":["StoredLyricsAlert"],"duration":35,"failing":false,"failureDetails":[],"failureMessages":[],"fullName":"StoredLyricsAlert should apply correct styling classes","invocations":1,"location":null,"numPassingAsserts":1,"retryReasons":[],"startAt":1763189581802,"status":"passed","title":"should apply correct styling classes"}],"endTime":1763189581845,"message":"","name":"C:\\Users\\leovp\\Programming\\adorador\\adorador-frontend\\src\\app\\(public)\\grupos\\[bandId]\\canciones\\[songId]\\_components\\__tests__\\StoredLyricsAlert.test.tsx","startTime":1763189578239,"status":"passed","summary":""},{"assertionResults":[{"ancestorTitles":["LastFooter Component","Structure and Layout"],"duration":193,"failing":false,"failureDetails":[],"failureMessages":[],"fullName":"LastFooter Component Structure and Layout should render section element","invocations":1,"location":null,"numPassingAsserts":1,"retryReasons":[],"startAt":1763189580954,"status":"passed","title":"should render section element"},{"ancestorTitles":["LastFooter Component","Structure and Layout"],"duration":36,"failing":false,"failureDetails":[],"failureMessages":[],"fullName":"LastFooter Component Structure and Layout should apply correct section classes","invocations":1,"location":null,"numPassingAsserts":8,"retryReasons":[],"startAt":1763189581150,"status":"passed","title":"should apply correct section classes"},{"ancestorTitles":["LastFooter Component","Structure and Layout"],"duration":15,"failing":false,"failureDetails":[],"failureMessages":[],"fullName":"LastFooter Component Structure and Layout should contain a paragraph","invocations":1,"location":null,"numPassingAsserts":1,"retryReasons":[],"startAt":1763189581187,"status":"passed","title":"should contain a paragraph"},{"ancestorTitles":["LastFooter Component","Content"],"duration":21,"failing":false,"failureDetails":[],"failureMessages":[],"fullName":"LastFooter Component Content should display current year","invocations":1,"location":null,"numPassingAsserts":1,"retryReasons":[],"startAt":1763189581203,"status":"passed","title":"should display current year"},{"ancestorTitles":["LastFooter Component","Content"],"duration":22,"failing":false,"failureDetails":[],"failureMessages":[],"fullName":"LastFooter Component Content should display copyright symbol","invocations":1,"location":null,"numPassingAsserts":1,"retryReasons":[],"startAt":1763189581225,"status":"passed","title":"should display copyright symbol"},{"ancestorTitles":["LastFooter Component","Content"],"duration":19,"failing":false,"failureDetails":[],"failureMessages":[],"fullName":"LastFooter Component Content should display app name","invocations":1,"location":null,"numPassingAsserts":1,"retryReasons":[],"startAt":1763189581247,"status":"passed","title":"should display app name"},{"ancestorTitles":["LastFooter Component","Content"],"duration":24,"failing":false,"failureDetails":[],"failureMessages":[],"fullName":"LastFooter Component Content should apply correct styling to app name","invocations":1,"location":null,"numPassingAsserts":3,"retryReasons":[],"startAt":1763189581267,"status":"passed","title":"should apply correct styling to app name"},{"ancestorTitles":["LastFooter Component","Content"],"duration":16,"failing":false,"failureDetails":[],"failureMessages":[],"fullName":"LastFooter Component Content should display \"Hecho por\" text","invocations":1,"location":null,"numPassingAsserts":1,"retryReasons":[],"startAt":1763189581292,"status":"passed","title":"should display \"Hecho por\" text"},{"ancestorTitles":["LastFooter Component","Content"],"duration":17,"failing":false,"failureDetails":[],"failureMessages":[],"fullName":"LastFooter Component Content should display heart emoji","invocations":1,"location":null,"numPassingAsserts":1,"retryReasons":[],"startAt":1763189581308,"status":"passed","title":"should display heart emoji"},{"ancestorTitles":["LastFooter Component","Content"],"duration":93,"failing":false,"failureDetails":[],"failureMessages":[],"fullName":"LastFooter Component Content should display \"para la comunidad cristiana\" text","invocations":1,"location":null,"numPassingAsserts":1,"retryReasons":[],"startAt":1763189581326,"status":"passed","title":"should display \"para la comunidad cristiana\" text"},{"ancestorTitles":["LastFooter Component","Developer Link"],"duration":68,"failing":false,"failureDetails":[],"failureMessages":[],"fullName":"LastFooter Component Developer Link should render link to developer website","invocations":1,"location":null,"numPassingAsserts":1,"retryReasons":[],"startAt":1763189581420,"status":"passed","title":"should render link to developer website"},{"ancestorTitles":["LastFooter Component","Developer Link"],"duration":74,"failing":false,"failureDetails":[],"failureMessages":[],"fullName":"LastFooter Component Developer Link should have correct href","invocations":1,"location":null,"numPassingAsserts":1,"retryReasons":[],"startAt":1763189581493,"status":"passed","title":"should have correct href"},{"ancestorTitles":["LastFooter Component","Developer Link"],"duration":91,"failing":false,"failureDetails":[],"failureMessages":[],"fullName":"LastFooter Component Developer Link should open in new tab","invocations":1,"location":null,"numPassingAsserts":1,"retryReasons":[],"startAt":1763189581568,"status":"passed","title":"should open in new tab"},{"ancestorTitles":["LastFooter Component","Developer Link"],"duration":30,"failing":false,"failureDetails":[],"failureMessages":[],"fullName":"LastFooter Component Developer Link should have security attributes","invocations":1,"location":null,"numPassingAsserts":1,"retryReasons":[],"startAt":1763189581660,"status":"passed","title":"should have security attributes"},{"ancestorTitles":["LastFooter Component","Developer Link"],"duration":56,"failing":false,"failureDetails":[],"failureMessages":[],"fullName":"LastFooter Component Developer Link should apply correct styling to link","invocations":1,"location":null,"numPassingAsserts":5,"retryReasons":[],"startAt":1763189581691,"status":"passed","title":"should apply correct styling to link"},{"ancestorTitles":["LastFooter Component","Separators"],"duration":28,"failing":false,"failureDetails":[],"failureMessages":[],"fullName":"LastFooter Component Separators should have separator between app name and author","invocations":1,"location":null,"numPassingAsserts":1,"retryReasons":[],"startAt":1763189581748,"status":"passed","title":"should have separator between app name and author"},{"ancestorTitles":["LastFooter Component","Separators"],"duration":40,"failing":false,"failureDetails":[],"failureMessages":[],"fullName":"LastFooter Component Separators should apply correct styling to separator","invocations":1,"location":null,"numPassingAsserts":1,"retryReasons":[],"startAt":1763189581776,"status":"passed","title":"should apply correct styling to separator"},{"ancestorTitles":["LastFooter Component","Semantic HTML"],"duration":13,"failing":false,"failureDetails":[],"failureMessages":[],"fullName":"LastFooter Component Semantic HTML should use section tag","invocations":1,"location":null,"numPassingAsserts":1,"retryReasons":[],"startAt":1763189581817,"status":"passed","title":"should use section tag"},{"ancestorTitles":["LastFooter Component","Semantic HTML"],"duration":13,"failing":false,"failureDetails":[],"failureMessages":[],"fullName":"LastFooter Component Semantic HTML should use paragraph tag for content","invocations":1,"location":null,"numPassingAsserts":1,"retryReasons":[],"startAt":1763189581830,"status":"passed","title":"should use paragraph tag for content"},{"ancestorTitles":["LastFooter Component","Semantic HTML"],"duration":48,"failing":false,"failureDetails":[],"failureMessages":[],"fullName":"LastFooter Component Semantic HTML should use anchor tag for external link","invocations":1,"location":null,"numPassingAsserts":1,"retryReasons":[],"startAt":1763189581844,"status":"passed","title":"should use anchor tag for external link"},{"ancestorTitles":["LastFooter Component","Accessibility"],"duration":49,"failing":false,"failureDetails":[],"failureMessages":[],"fullName":"LastFooter Component Accessibility should have descriptive link text","invocations":1,"location":null,"numPassingAsserts":1,"retryReasons":[],"startAt":1763189581893,"status":"passed","title":"should have descriptive link text"},{"ancestorTitles":["LastFooter Component","Accessibility"],"duration":23,"failing":false,"failureDetails":[],"failureMessages":[],"fullName":"LastFooter Component Accessibility should have rel attribute for security","invocations":1,"location":null,"numPassingAsserts":1,"retryReasons":[],"startAt":1763189581943,"status":"passed","title":"should have rel attribute for security"},{"ancestorTitles":["LastFooter Component","Accessibility"],"duration":20,"failing":false,"failureDetails":[],"failureMessages":[],"fullName":"LastFooter Component Accessibility should be keyboard accessible","invocations":1,"location":null,"numPassingAsserts":1,"retryReasons":[],"startAt":1763189581966,"status":"passed","title":"should be keyboard accessible"},{"ancestorTitles":["LastFooter Component","Text Content"],"duration":19,"failing":false,"failureDetails":[],"failureMessages":[],"fullName":"LastFooter Component Text Content should contain full copyright text","invocations":1,"location":null,"numPassingAsserts":7,"retryReasons":[],"startAt":1763189581987,"status":"passed","title":"should contain full copyright text"},{"ancestorTitles":["LastFooter Component","Text Content"],"duration":19,"failing":false,"failureDetails":[],"failureMessages":[],"fullName":"LastFooter Component Text Content should have correct text order","invocations":1,"location":null,"numPassingAsserts":3,"retryReasons":[],"startAt":1763189582007,"status":"passed","title":"should have correct text order"},{"ancestorTitles":["LastFooter Component","Styling"],"duration":62,"failing":false,"failureDetails":[],"failureMessages":[],"fullName":"LastFooter Component Styling should have dark background","invocations":1,"location":null,"numPassingAsserts":1,"retryReasons":[],"startAt":1763189582028,"status":"passed","title":"should have dark background"},{"ancestorTitles":["LastFooter Component","Styling"],"duration":11,"failing":false,"failureDetails":[],"failureMessages":[],"fullName":"LastFooter Component Styling should have light text color","invocations":1,"location":null,"numPassingAsserts":1,"retryReasons":[],"startAt":1763189582091,"status":"passed","title":"should have light text color"},{"ancestorTitles":["LastFooter Component","Styling"],"duration":11,"failing":false,"failureDetails":[],"failureMessages":[],"fullName":"LastFooter Component Styling should have small text size","invocations":1,"location":null,"numPassingAsserts":1,"retryReasons":[],"startAt":1763189582102,"status":"passed","title":"should have small text size"},{"ancestorTitles":["LastFooter Component","Styling"],"duration":13,"failing":false,"failureDetails":[],"failureMessages":[],"fullName":"LastFooter Component Styling should center content","invocations":1,"location":null,"numPassingAsserts":3,"retryReasons":[],"startAt":1763189582113,"status":"passed","title":"should center content"},{"ancestorTitles":["LastFooter Component","Styling"],"duration":9,"failing":false,"failureDetails":[],"failureMessages":[],"fullName":"LastFooter Component Styling should have padding","invocations":1,"location":null,"numPassingAsserts":1,"retryReasons":[],"startAt":1763189582126,"status":"passed","title":"should have padding"},{"ancestorTitles":["LastFooter Component","Dynamic Content"],"duration":23,"failing":false,"failureDetails":[],"failureMessages":[],"fullName":"LastFooter Component Dynamic Content should update year dynamically","invocations":1,"location":null,"numPassingAsserts":2,"retryReasons":[],"startAt":1763189582136,"status":"passed","title":"should update year dynamically"},{"ancestorTitles":["LastFooter Component","Integration"],"duration":32,"failing":false,"failureDetails":[],"failureMessages":[],"fullName":"LastFooter Component Integration should render all elements correctly together","invocations":1,"location":null,"numPassingAsserts":5,"retryReasons":[],"startAt":1763189582184,"status":"passed","title":"should render all elements correctly together"}],"endTime":1763189582228,"message":"","name":"C:\\Users\\leovp\\Programming\\adorador\\adorador-frontend\\src\\app\\(public)\\_ui\\footer\\components\\__tests__\\LastFooter.test.tsx","startTime":1763189578367,"status":"passed","summary":""},{"assertionResults":[{"ancestorTitles":["Footer Component","Structure and Layout"],"duration":114,"failing":false,"failureDetails":[],"failureMessages":[],"fullName":"Footer Component Structure and Layout should render footer element","invocations":1,"location":null,"numPassingAsserts":1,"retryReasons":[],"startAt":1763189580979,"status":"passed","title":"should render footer element"},{"ancestorTitles":["Footer Component","Structure and Layout"],"duration":31,"failing":false,"failureDetails":[],"failureMessages":[],"fullName":"Footer Component Structure and Layout should apply correct footer classes","invocations":1,"location":null,"numPassingAsserts":6,"retryReasons":[],"startAt":1763189581096,"status":"passed","title":"should apply correct footer classes"},{"ancestorTitles":["Footer Component","Structure and Layout"],"duration":22,"failing":false,"failureDetails":[],"failureMessages":[],"fullName":"Footer Component Structure and Layout should render section with grid layout","invocations":1,"location":null,"numPassingAsserts":3,"retryReasons":[],"startAt":1763189581128,"status":"passed","title":"should render section with grid layout"},{"ancestorTitles":["Footer Component","Structure and Layout"],"duration":22,"failing":false,"failureDetails":[],"failureMessages":[],"fullName":"Footer Component Structure and Layout should have responsive grid columns","invocations":1,"location":null,"numPassingAsserts":2,"retryReasons":[],"startAt":1763189581151,"status":"passed","title":"should have responsive grid columns"},{"ancestorTitles":["Footer Component","ScrollToTopButton"],"duration":20,"failing":false,"failureDetails":[],"failureMessages":[],"fullName":"Footer Component ScrollToTopButton should render ScrollToTopButton","invocations":1,"location":null,"numPassingAsserts":1,"retryReasons":[],"startAt":1763189581174,"status":"passed","title":"should render ScrollToTopButton"},{"ancestorTitles":["Footer Component","WaveFooterSVG"],"duration":18,"failing":false,"failureDetails":[],"failureMessages":[],"fullName":"Footer Component WaveFooterSVG should render WaveFooterSVG","invocations":1,"location":null,"numPassingAsserts":1,"retryReasons":[],"startAt":1763189581196,"status":"passed","title":"should render WaveFooterSVG"},{"ancestorTitles":["Footer Component","WaveFooterSVG"],"duration":31,"failing":false,"failureDetails":[],"failureMessages":[],"fullName":"Footer Component WaveFooterSVG should apply correct positioning classes to wave","invocations":1,"location":null,"numPassingAsserts":5,"retryReasons":[],"startAt":1763189581215,"status":"passed","title":"should apply correct positioning classes to wave"},{"ancestorTitles":["Footer Component","Navigation Links Section"],"duration":33,"failing":false,"failureDetails":[],"failureMessages":[],"fullName":"Footer Component Navigation Links Section should render navigation links section","invocations":1,"location":null,"numPassingAsserts":1,"retryReasons":[],"startAt":1763189581250,"status":"passed","title":"should render navigation links section"},{"ancestorTitles":["Footer Component","Navigation Links Section"],"duration":67,"failing":false,"failureDetails":[],"failureMessages":[],"fullName":"Footer Component Navigation Links Section should hide navigation links on mobile","invocations":1,"location":null,"numPassingAsserts":2,"retryReasons":[],"startAt":1763189581283,"status":"passed","title":"should hide navigation links on mobile"},{"ancestorTitles":["Footer Component","Navigation Links Section"],"duration":240,"failing":false,"failureDetails":[],"failureMessages":[],"fullName":"Footer Component Navigation Links Section should render \"Enlaces\" heading","invocations":1,"location":null,"numPassingAsserts":1,"retryReasons":[],"startAt":1763189581352,"status":"passed","title":"should render \"Enlaces\" heading"},{"ancestorTitles":["Footer Component","Navigation Links Section"],"duration":85,"failing":false,"failureDetails":[],"failureMessages":[],"fullName":"Footer Component Navigation Links Section should apply correct styles to enlaces heading","invocations":1,"location":null,"numPassingAsserts":5,"retryReasons":[],"startAt":1763189581594,"status":"passed","title":"should apply correct styles to enlaces heading"},{"ancestorTitles":["Footer Component","Navigation Links Section"],"duration":29,"failing":false,"failureDetails":[],"failureMessages":[],"fullName":"Footer Component Navigation Links Section should render NavbarLinks with correct background","invocations":1,"location":null,"numPassingAsserts":2,"retryReasons":[],"startAt":1763189581680,"status":"passed","title":"should render NavbarLinks with correct background"},{"ancestorTitles":["Footer Component","Bible Verse Section"],"duration":28,"failing":false,"failureDetails":[],"failureMessages":[],"fullName":"Footer Component Bible Verse Section should render bible verse section","invocations":1,"location":null,"numPassingAsserts":1,"retryReasons":[],"startAt":1763189581709,"status":"passed","title":"should render bible verse section"},{"ancestorTitles":["Footer Component","Bible Verse Section"],"duration":59,"failing":false,"failureDetails":[],"failureMessages":[],"fullName":"Footer Component Bible Verse Section should render bible verse reference","invocations":1,"location":null,"numPassingAsserts":2,"retryReasons":[],"startAt":1763189581741,"status":"passed","title":"should render bible verse reference"},{"ancestorTitles":["Footer Component","Bible Verse Section"],"duration":24,"failing":false,"failureDetails":[],"failureMessages":[],"fullName":"Footer Component Bible Verse Section should render bible verse text","invocations":1,"location":null,"numPassingAsserts":1,"retryReasons":[],"startAt":1763189581800,"status":"passed","title":"should render bible verse text"},{"ancestorTitles":["Footer Component","Bible Verse Section"],"duration":17,"failing":false,"failureDetails":[],"failureMessages":[],"fullName":"Footer Component Bible Verse Section should apply correct styles to verse section","invocations":1,"location":null,"numPassingAsserts":3,"retryReasons":[],"startAt":1763189581825,"status":"passed","title":"should apply correct styles to verse section"},{"ancestorTitles":["Footer Component","Donations Section"],"duration":16,"failing":false,"failureDetails":[],"failureMessages":[],"fullName":"Footer Component Donations Section should render donations section","invocations":1,"location":null,"numPassingAsserts":1,"retryReasons":[],"startAt":1763189581842,"status":"passed","title":"should render donations section"},{"ancestorTitles":["Footer Component","Donations Section"],"duration":34,"failing":false,"failureDetails":[],"failureMessages":[],"fullName":"Footer Component Donations Section should render \"Donaciones\" heading","invocations":1,"location":null,"numPassingAsserts":1,"retryReasons":[],"startAt":1763189581858,"status":"passed","title":"should render \"Donaciones\" heading"},{"ancestorTitles":["Footer Component","Donations Section"],"duration":38,"failing":false,"failureDetails":[],"failureMessages":[],"fullName":"Footer Component Donations Section should apply correct styles to donaciones heading","invocations":1,"location":null,"numPassingAsserts":5,"retryReasons":[],"startAt":1763189581892,"status":"passed","title":"should apply correct styles to donaciones heading"},{"ancestorTitles":["Footer Component","Donations Section"],"duration":15,"failing":false,"failureDetails":[],"failureMessages":[],"fullName":"Footer Component Donations Section should render PaypalDonationButton","invocations":1,"location":null,"numPassingAsserts":1,"retryReasons":[],"startAt":1763189581931,"status":"passed","title":"should render PaypalDonationButton"},{"ancestorTitles":["Footer Component","Donations Section"],"duration":16,"failing":false,"failureDetails":[],"failureMessages":[],"fullName":"Footer Component Donations Section should render MoreDonationButton","invocations":1,"location":null,"numPassingAsserts":1,"retryReasons":[],"startAt":1763189581947,"status":"passed","title":"should render MoreDonationButton"},{"ancestorTitles":["Footer Component","Donations Section"],"duration":17,"failing":false,"failureDetails":[],"failureMessages":[],"fullName":"Footer Component Donations Section should layout donation buttons vertically","invocations":1,"location":null,"numPassingAsserts":3,"retryReasons":[],"startAt":1763189581963,"status":"passed","title":"should layout donation buttons vertically"},{"ancestorTitles":["Footer Component","Semantic HTML"],"duration":16,"failing":false,"failureDetails":[],"failureMessages":[],"fullName":"Footer Component Semantic HTML should use footer tag as wrapper","invocations":1,"location":null,"numPassingAsserts":1,"retryReasons":[],"startAt":1763189581980,"status":"passed","title":"should use footer tag as wrapper"},{"ancestorTitles":["Footer Component","Semantic HTML"],"duration":23,"failing":false,"failureDetails":[],"failureMessages":[],"fullName":"Footer Component Semantic HTML should use section tag for main content","invocations":1,"location":null,"numPassingAsserts":1,"retryReasons":[],"startAt":1763189581997,"status":"passed","title":"should use section tag for main content"},{"ancestorTitles":["Footer Component","Semantic HTML"],"duration":37,"failing":false,"failureDetails":[],"failureMessages":[],"fullName":"Footer Component Semantic HTML should use h2 headings for sections","invocations":1,"location":null,"numPassingAsserts":1,"retryReasons":[],"startAt":1763189582021,"status":"passed","title":"should use h2 headings for sections"},{"ancestorTitles":["Footer Component","Responsive Design"],"duration":25,"failing":false,"failureDetails":[],"failureMessages":[],"fullName":"Footer Component Responsive Design should have mobile-first grid layout","invocations":1,"location":null,"numPassingAsserts":1,"retryReasons":[],"startAt":1763189582070,"status":"passed","title":"should have mobile-first grid layout"},{"ancestorTitles":["Footer Component","Responsive Design"],"duration":19,"failing":false,"failureDetails":[],"failureMessages":[],"fullName":"Footer Component Responsive Design should have desktop grid layout","invocations":1,"location":null,"numPassingAsserts":1,"retryReasons":[],"startAt":1763189582095,"status":"passed","title":"should have desktop grid layout"},{"ancestorTitles":["Footer Component","Responsive Design"],"duration":37,"failing":false,"failureDetails":[],"failureMessages":[],"fullName":"Footer Component Responsive Design should hide navigation links on mobile","invocations":1,"location":null,"numPassingAsserts":2,"retryReasons":[],"startAt":1763189582114,"status":"passed","title":"should hide navigation links on mobile"},{"ancestorTitles":["Footer Component","Responsive Design"],"duration":19,"failing":false,"failureDetails":[],"failureMessages":[],"fullName":"Footer Component Responsive Design should span columns correctly on desktop","invocations":1,"location":null,"numPassingAsserts":2,"retryReasons":[],"startAt":1763189582152,"status":"passed","title":"should span columns correctly on desktop"},{"ancestorTitles":["Footer Component","Color Scheme"],"duration":24,"failing":false,"failureDetails":[],"failureMessages":[],"fullName":"Footer Component Color Scheme should use gradient background with brand colors","invocations":1,"location":null,"numPassingAsserts":4,"retryReasons":[],"startAt":1763189582173,"status":"passed","title":"should use gradient background with brand colors"},{"ancestorTitles":["Footer Component","Color Scheme"],"duration":13,"failing":false,"failureDetails":[],"failureMessages":[],"fullName":"Footer Component Color Scheme should use light text colors","invocations":1,"location":null,"numPassingAsserts":1,"retryReasons":[],"startAt":1763189582198,"status":"passed","title":"should use light text colors"},{"ancestorTitles":["Footer Component","Color Scheme"],"duration":18,"failing":false,"failureDetails":[],"failureMessages":[],"fullName":"Footer Component Color Scheme should have decorative glow elements","invocations":1,"location":null,"numPassingAsserts":1,"retryReasons":[],"startAt":1763189582212,"status":"passed","title":"should have decorative glow elements"},{"ancestorTitles":["Footer Component","Integration"],"duration":28,"failing":false,"failureDetails":[],"failureMessages":[],"fullName":"Footer Component Integration should render all main sections together","invocations":1,"location":null,"numPassingAsserts":6,"retryReasons":[],"startAt":1763189582230,"status":"passed","title":"should render all main sections together"},{"ancestorTitles":["Footer Component","Integration"],"duration":51,"failing":false,"failureDetails":[],"failureMessages":[],"fullName":"Footer Component Integration should have correct component hierarchy","invocations":1,"location":null,"numPassingAsserts":5,"retryReasons":[],"startAt":1763189582258,"status":"passed","title":"should have correct component hierarchy"}],"endTime":1763189582324,"message":"","name":"C:\\Users\\leovp\\Programming\\adorador\\adorador-frontend\\src\\app\\(public)\\_ui\\footer\\__tests__\\Footer.test.tsx","startTime":1763189578363,"status":"passed","summary":""},{"assertionResults":[{"ancestorTitles":["eventsOfBandService","getEventsOfBand"],"duration":383,"failing":false,"failureDetails":[],"failureMessages":[],"fullName":"eventsOfBandService getEventsOfBand should use query key with bandId to prevent cache collision","invocations":1,"location":null,"numPassingAsserts":3,"retryReasons":[],"startAt":1763189583187,"status":"passed","title":"should use query key with bandId to prevent cache collision"},{"ancestorTitles":["eventsOfBandService","getEventsOfBand"],"duration":354,"failing":false,"failureDetails":[],"failureMessages":[],"fullName":"eventsOfBandService getEventsOfBand should maintain separate cache for different bandIds","invocations":1,"location":null,"numPassingAsserts":5,"retryReasons":[],"startAt":1763189583574,"status":"passed","title":"should maintain separate cache for different bandIds"},{"ancestorTitles":["eventsOfBandService","getEventsOfBand"],"duration":235,"failing":false,"failureDetails":[],"failureMessages":[],"fullName":"eventsOfBandService getEventsOfBand should not return events from wrong band due to cache","invocations":1,"location":null,"numPassingAsserts":5,"retryReasons":[],"startAt":1763189583929,"status":"passed","title":"should not return events from wrong band due to cache"}],"endTime":1763189584179,"message":"","name":"C:\\Users\\leovp\\Programming\\adorador\\adorador-frontend\\src\\app\\(public)\\grupos\\[bandId]\\eventos\\_services\\__tests__\\eventsOfBandService.test.tsx","startTime":1763189580512,"status":"passed","summary":""},{"assertionResults":[{"ancestorTitles":["EventMainScreen","Permisos de Event Manager"],"duration":264,"failing":false,"failureDetails":[],"failureMessages":[],"fullName":"EventMainScreen Permisos de Event Manager debería mostrar botones de navegación cuando el usuario es admin","invocations":1,"location":null,"numPassingAsserts":3,"retryReasons":[],"startAt":1763189582484,"status":"passed","title":"debería mostrar botones de navegación cuando el usuario es admin"},{"ancestorTitles":["EventMainScreen","Permisos de Event Manager"],"duration":99,"failing":false,"failureDetails":[],"failureMessages":[],"fullName":"EventMainScreen Permisos de Event Manager debería mostrar botones de navegación cuando el usuario es event manager","invocations":1,"location":null,"numPassingAsserts":3,"retryReasons":[],"startAt":1763189582751,"status":"passed","title":"debería mostrar botones de navegación cuando el usuario es event manager"},{"ancestorTitles":["EventMainScreen","Permisos de Event Manager"],"duration":27,"failing":false,"failureDetails":[],"failureMessages":[],"fullName":"EventMainScreen Permisos de Event Manager NO debería mostrar botones cuando el usuario no es event manager","invocations":1,"location":null,"numPassingAsserts":3,"retryReasons":[],"startAt":1763189582850,"status":"passed","title":"NO debería mostrar botones cuando el usuario no es event manager"},{"ancestorTitles":["EventMainScreen","Permisos de Event Manager"],"duration":53,"failing":false,"failureDetails":[],"failureMessages":[],"fullName":"EventMainScreen Permisos de Event Manager NO debería mostrar botones cuando NO está en fullscreen (aunque sea admin)","invocations":1,"location":null,"numPassingAsserts":3,"retryReasons":[],"startAt":1763189582877,"status":"passed","title":"NO debería mostrar botones cuando NO está en fullscreen (aunque sea admin)"},{"ancestorTitles":["EventMainScreen","Permisos de Event Manager"],"duration":36,"failing":false,"failureDetails":[],"failureMessages":[],"fullName":"EventMainScreen Permisos de Event Manager NO debería mostrar botones cuando NO está en fullscreen (aunque sea event manager)","invocations":1,"location":null,"numPassingAsserts":3,"retryReasons":[],"startAt":1763189582931,"status":"passed","title":"NO debería mostrar botones cuando NO está en fullscreen (aunque sea event manager)"},{"ancestorTitles":["EventMainScreen","Permisos de Event Manager"],"duration":83,"failing":false,"failureDetails":[],"failureMessages":[],"fullName":"EventMainScreen Permisos de Event Manager debería mostrar botones SOLO cuando está en fullscreen Y es event manager","invocations":1,"location":null,"numPassingAsserts":3,"retryReasons":[],"startAt":1763189582968,"status":"passed","title":"debería mostrar botones SOLO cuando está en fullscreen Y es event manager"},{"ancestorTitles":["EventMainScreen","Navegación entre canciones"],"duration":42,"failing":false,"failureDetails":[],"failureMessages":[],"fullName":"EventMainScreen Navegación entre canciones debería mostrar solo botón \"Siguiente\" cuando estamos en la primera canción","invocations":1,"location":null,"numPassingAsserts":2,"retryReasons":[],"startAt":1763189583052,"status":"passed","title":"debería mostrar solo botón \"Siguiente\" cuando estamos en la primera canción"},{"ancestorTitles":["EventMainScreen","Navegación entre canciones"],"duration":32,"failing":false,"failureDetails":[],"failureMessages":[],"fullName":"EventMainScreen Navegación entre canciones debería mostrar ambos botones cuando estamos en una canción intermedia","invocations":1,"location":null,"numPassingAsserts":2,"retryReasons":[],"startAt":1763189583094,"status":"passed","title":"debería mostrar ambos botones cuando estamos en una canción intermedia"},{"ancestorTitles":["EventMainScreen","Navegación entre canciones"],"duration":44,"failing":false,"failureDetails":[],"failureMessages":[],"fullName":"EventMainScreen Navegación entre canciones debería mostrar solo botón \"Anterior\" cuando estamos en la última canción","invocations":1,"location":null,"numPassingAsserts":2,"retryReasons":[],"startAt":1763189583126,"status":"passed","title":"debería mostrar solo botón \"Anterior\" cuando estamos en la última canción"},{"ancestorTitles":["EventMainScreen","Navegación entre canciones"],"duration":46,"failing":false,"failureDetails":[],"failureMessages":[],"fullName":"EventMainScreen Navegación entre canciones debería cambiar a la canción anterior al hacer clic","invocations":1,"location":null,"numPassingAsserts":2,"retryReasons":[],"startAt":1763189583172,"status":"passed","title":"debería cambiar a la canción anterior al hacer clic"},{"ancestorTitles":["EventMainScreen","Navegación entre canciones"],"duration":27,"failing":false,"failureDetails":[],"failureMessages":[],"fullName":"EventMainScreen Navegación entre canciones debería cambiar a la canción siguiente al hacer clic","invocations":1,"location":null,"numPassingAsserts":2,"retryReasons":[],"startAt":1763189583220,"status":"passed","title":"debería cambiar a la canción siguiente al hacer clic"},{"ancestorTitles":["EventMainScreen","Navegación entre canciones"],"duration":50,"failing":false,"failureDetails":[],"failureMessages":[],"fullName":"EventMainScreen Navegación entre canciones debería iniciar la canción al hacer clic en el botón de inicio","invocations":1,"location":null,"numPassingAsserts":1,"retryReasons":[],"startAt":1763189583247,"status":"passed","title":"debería iniciar la canción al hacer clic en el botón de inicio"},{"ancestorTitles":["EventMainScreen","Pantalla \"Fin\" y navegación"],"duration":69,"failing":false,"failureDetails":[{"name":"TestingLibraryElementError"}],"failureMessages":["TestingLibraryElementError: Unable to find an element with the text: Fin. This could be because the text is broken up by multiple elements. In this case, you can provide a function for your text matcher to make your matcher more flexible.\n\nIgnored nodes: comments, script, style\n\u001b[36m<body>\u001b[39m\n  \u001b[36m<div>\u001b[39m\n    \u001b[36m<div\u001b[39m\n      \u001b[33mclass\u001b[39m=\u001b[32m\"relative flex h-[22rem] w-full flex-col items-center justify-center overflow-hidden rounded-2xl bg-black/90 bg-cover bg-center bg-no-repeat p-5 text-blanco bg-blend-darken shadow-xl ring-1 ring-white/10 backdrop-blur-sm sm:h-[24rem]\"\u001b[39m\n      \u001b[33mstyle\u001b[39m=\u001b[32m\"background-image: url(\\\"/images/backgrounds/paisaje_1.avif\\\");\"\u001b[39m\n    \u001b[36m>\u001b[39m\n      \u001b[36m<div\u001b[39m\n        \u001b[33mclass\u001b[39m=\u001b[32m\"flex w-full flex-col items-center justify-center gap-8 \"\u001b[39m\n      \u001b[36m>\u001b[39m\n        \u001b[36m<h1\u001b[39m\n          \u001b[33mclass\u001b[39m=\u001b[32m\"font-momotrust text-3xl md:text-5xl lg:text-8xl text-center\"\u001b[39m\n        \u001b[36m>\u001b[39m\n          \u001b[36m<div\u001b[39m\n            \u001b[33mclass\u001b[39m=\u001b[32m\"font-kalam\"\u001b[39m\n          \u001b[36m>\u001b[39m\n            \u001b[36m<div\u001b[39m\n              \u001b[33mclass\u001b[39m=\u001b[32m\"flex flex-col items-center justify-center\"\u001b[39m\n            \u001b[36m>\u001b[39m\n              \u001b[36m<p\u001b[39m\n                \u001b[33mclass\u001b[39m=\u001b[32m\"text-center text-2xl md:text-4xl lg:text-5xl\"\u001b[39m\n              \u001b[36m>\u001b[39m\n                \u001b[0mAlzad vuestras manos al santuario, y bendecid a Jehová.\u001b[0m\n              \u001b[36m</p>\u001b[39m\n              \u001b[36m<p>\u001b[39m\n                \u001b[36m<em\u001b[39m\n                  \u001b[33mclass\u001b[39m=\u001b[32m\"text-lg md:text-xl lg:text-2xl\"\u001b[39m\n                \u001b[36m>\u001b[39m\n                  \u001b[0mSalmos 134:2\u001b[0m\n                \u001b[36m</em>\u001b[39m\n              \u001b[36m</p>\u001b[39m\n            \u001b[36m</div>\u001b[39m\n          \u001b[36m</div>\u001b[39m\n        \u001b[36m</h1>\u001b[39m\n        \u001b[36m<div\u001b[39m\n          \u001b[33mclass\u001b[39m=\u001b[32m\"flex w-full max-w-3xl items-center justify-center gap-4\"\u001b[39m\n        \u001b[36m>\u001b[39m\n          \u001b[36m<button\u001b[39m\n            \u001b[33maria-label\u001b[39m=\u001b[32m\"Ir a canción anterior\"\u001b[39m\n            \u001b[33mclass\u001b[39m=\u001b[32m\"group relative overflow-hidden rounded-xl border-2 border-brand-purple-500/30 bg-gradient-to-br from-brand-purple-500/10 to-brand-blue-500/10 px-5 py-2.5 backdrop-blur-sm transition-all duration-300 hover:border-brand-purple-500/60 hover:from-brand-purple-500/20 hover:to-brand-blue-500/20 hover:shadow-lg active:scale-95\"\u001b[39m\n            \u001b[33mtitle\u001b[39m=\u001b[32m\"Ir a canción anterior\"\u001b[39m\n          \u001b[36m>\u001b[39m\n            \u001b[36m<div\u001b[39m\n              \u001b[33mclass\u001b[39m=\u001b[32m\"flex items-center gap-2\"\u001b[39m\n            \u001b[36m>\u001b[39m\n              \u001b[36m<svg\u001b[39m\n                \u001b[33maria-hidden\u001b[39m=\u001b[32m\"true\"\u001b[39m\n                \u001b[33mclass\u001b[39m=\u001b[32m\"transition-transform duration-300 group-hover:-translate-x-1\"\u001b[39m\n                \u001b[33mfill\u001b[39m=\u001b[32m\"none\"\u001b[39m\n                \u001b[33mfocusable\u001b[39m=\u001b[32m\"false\"\u001b[39m\n                \u001b[33mheight\u001b[39m=\u001b[32m\"1em\"\u001b[39m\n                \u001b[33mrole\u001b[39m=\u001b[32m\"presentation\"\u001b[39m\n                \u001b[33mviewBox\u001b[39m=\u001b[32m\"0 0 15 15\"\u001b[39m\n                \u001b[33mwidth\u001b[39m=\u001b[32m\"1em\"\u001b[39m\n              \u001b[36m>\u001b[39m\n                \u001b[36m<path\u001b[39m\n                  \u001b[33md\u001b[39m=\u001b[32m\"M3 7.5L11 0v15z\"\u001b[39m\n                  \u001b[33mfill\u001b[39m=\u001b[32m\"currentColor\"\u001b[39m\n                \u001b[36m/>\u001b[39m\n              \u001b[36m</svg>\u001b[39m\n              \u001b[36m<span\u001b[39m\n                \u001b[33mclass\u001b[39m=\u001b[32m\"text-sm font-semibold text-white/90 transition-colors duration-300 group-hover:text-white\"\u001b[39m\n              \u001b[36m>\u001b[39m\n                \u001b[0mAnterior\u001b[0m\n              \u001b[36m</span>\u001b[39m\n            \u001b[36m</div>\u001b[39m\n          \u001b[36m</button>\u001b[39m\n          \u001b[36m<button\u001b[39m\n            \u001b[33maria-label\u001b[39m=\u001b[32m\"Reiniciar Canción\"\u001b[39m\n            \u001b[33mclass\u001b[39m=\u001b[32m\"group relative flex h-16 w-16 items-center justify-center overflow-hidden rounded-full border-2 border-brand-purple-500/30 bg-gradient-to-br from-brand-purple-500/10 to-brand-blue-500/10 shadow-lg backdrop-blur-sm transition-all duration-300 hover:scale-110 hover:border-brand-purple-500/60 hover:from-brand-purple-500/20 hover:to-brand-blue-500/20 hover:shadow-xl active:scale-95\"\u001b[39m\n            \u001b[33mtitle\u001b[39m=\u001b[32m\"Reiniciar Canción\"\u001b[39m\n          \u001b[36m>\u001b[39m\n            \u001b[36m<svg\u001b[39m\n              \u001b[33maria-hidden\u001b[39m=\u001b[32m\"true\"\u001b[39m\n              \u001b[33mclass\u001b[39m=\u001b[32m\"h-8 w-8 text-white/90 transition-colors duration-300 group-hover:text-white\"\u001b[39m\n              \u001b[33mfill\u001b[39m=\u001b[32m\"none\"\u001b[39m\n              \u001b[33mfocusable\u001b[39m=\u001b[32m\"false\"\u001b[39m\n              \u001b[33mheight\u001b[39m=\u001b[32m\"1em\"\u001b[39m\n              \u001b[33mrole\u001b[39m=\u001b[32m\"presentation\"\u001b[39m\n              \u001b[33mviewBox\u001b[39m=\u001b[32m\"0 0 512 512\"\u001b[39m\n              \u001b[33mwidth\u001b[39m=\u001b[32m\"1em\"\u001b[39m\n            \u001b[36m>\u001b[39m\n              \u001b[36m<path\u001b[39m\n                \u001b[33md\u001b[39m=\u001b[32m\"m11.5 280.6l192 160c20.6 17.2 52.5 2.8 52.5-24.6V96c0-27.4-31.9-41.8-52.5-24.6l-192 160c-15.3 12.8-15.3 36.4 0 49.2m256 0l192 160c20.6 17.2 52.5 2.8 52.5-24.6V96c0-27.4-31.9-41.8-52.5-24.6l-192 160c-15.3 12.8-15.3 36.4 0 49.2\"\u001b[39m\n                \u001b[33mfill\u001b[39m=\u001b[32m\"currentColor\"\u001b[39m\n              \u001b[36m/>\u001b[39m\n            \u001b[36m</svg>\u001b[39m\n          \u001b[36m</button>\u001b[39m\n          \u001b[36m<button\u001b[39m\n            \u001b[33maria-label\u001b[39m=\u001b[32m\"Ir a canción siguiente\"\u001b[39m\n            \u001b[33mclass\u001b[39m=\u001b[32m\"group relative overflow-hidden rounded-xl border-2 border-brand-purple-500/30 bg-gradient-to-br from-brand-purple-500/10 to-brand-blue-500/10 px-5 py-2.5 backdrop-blur-sm transition-all duration-300 hover:border-brand-purple-500/60 hover:from-brand-purple-500/20 hover:to-brand-blue-500/20 hover:shadow-lg active:scale-95\"\u001b[39m\n            \u001b[33mtitle\u001b[39m=\u001b[32m\"Ir a canción siguiente\"\u001b[39m\n          \u001b[36m>\u001b[39m\n            \u001b[36m<div\u001b[39m\n              \u001b[33mclass\u001b[39m=\u001b[32m\"flex items-center gap-2\"\u001b[39m\n            \u001b[36m>\u001b[39m\n              \u001b[36m<span\u001b[39m\n                \u001b[33mclass\u001b[39m=\u001b[32m\"text-sm font-semibold text-white/90 transition-colors duration-300 group-hover:text-white\"\u001b[39m\n              \u001b[36m>\u001b[39m\n                \u001b[0mSiguiente\u001b[0m\n              \u001b[36m</span>\u001b[39m\n              \u001b[36m<svg\u001b[39m\n                \u001b[33maria-hidden\u001b[39m=\u001b[32m\"true\"\u001b[39m\n                \u001b[33mclass\u001b[39m=\u001b[32m\"transition-transform duration-300 group-hover:translate-x-1\"\u001b[39m\n                \u001b[33mfill\u001b[39m=\u001b[32m\"none\"\u001b[39m\n                \u001b[33mfocusable\u001b[39m=\u001b[32m\"false\"\u001b[39m\n                \u001b[33mheight\u001b[39m=\u001b[32m\"1em\"\u001b[39m\n                \u001b[33mrole\u001b[39m=\u001b[32m\"presentation\"\u001b[39m\n                \u001b[33mviewBox\u001b[39m=\u001b[32m\"0 0 15 15\"\u001b[39m\n                \u001b[33mwidth\u001b[39m=\u001b[32m\"1em\"\u001b[39m\n              \u001b[36m>\u001b[39m\n                \u001b[36m<path\u001b[39m\n                  \u001b[33md\u001b[39m=\u001b[32m\"M12 7.5L4 0v15z\"\u001b[39m\n                  \u001b[33mfill\u001b[39m=\u001b[32m\"currentColor\"\u001b[39m\n                \u001b[36m/>\u001b[39m\n              \u001b[36m</svg>\u001b[39m\n            \u001b[36m</div>\u001b[39m\n          \u001b[36m</button>\u001b[39m\n        \u001b[36m</div>\u001b[39m\n      \u001b[36m</div>\u001b[39m\n    \u001b[36m</div>\u001b[39m\n  \u001b[36m</div>\u001b[39m\n\u001b[36m</body>\u001b[39m\n    at Object.getElementError (C:\\Users\\leovp\\Programming\\adorador\\adorador-frontend\\node_modules\\@testing-library\\dom\\dist\\config.js:37:19)\n    at C:\\Users\\leovp\\Programming\\adorador\\adorador-frontend\\node_modules\\@testing-library\\dom\\dist\\query-helpers.js:76:38\n    at C:\\Users\\leovp\\Programming\\adorador\\adorador-frontend\\node_modules\\@testing-library\\dom\\dist\\query-helpers.js:52:17\n    at C:\\Users\\leovp\\Programming\\adorador\\adorador-frontend\\node_modules\\@testing-library\\dom\\dist\\query-helpers.js:95:19\n    at Object.getByText (C:\\Users\\leovp\\Programming\\adorador\\adorador-frontend\\src\\app\\(public)\\grupos\\[bandId]\\eventos\\[eventId]\\en-vivo\\_components\\__tests__\\EventMainScreen.test.tsx:593:21)\n    at Promise.finally.completed (C:\\Users\\leovp\\Programming\\adorador\\adorador-frontend\\node_modules\\jest-circus\\build\\jestAdapterInit.js:1557:28)\n    at new Promise (<anonymous>)\n    at callAsyncCircusFn (C:\\Users\\leovp\\Programming\\adorador\\adorador-frontend\\node_modules\\jest-circus\\build\\jestAdapterInit.js:1497:10)\n    at _callCircusTest (C:\\Users\\leovp\\Programming\\adorador\\adorador-frontend\\node_modules\\jest-circus\\build\\jestAdapterInit.js:1007:40)\n    at processTicksAndRejections (node:internal/process/task_queues:95:5)\n    at _runTest (C:\\Users\\leovp\\Programming\\adorador\\adorador-frontend\\node_modules\\jest-circus\\build\\jestAdapterInit.js:947:3)\n    at C:\\Users\\leovp\\Programming\\adorador\\adorador-frontend\\node_modules\\jest-circus\\build\\jestAdapterInit.js:849:7\n    at _runTestsForDescribeBlock (C:\\Users\\leovp\\Programming\\adorador\\adorador-frontend\\node_modules\\jest-circus\\build\\jestAdapterInit.js:862:11)\n    at _runTestsForDescribeBlock (C:\\Users\\leovp\\Programming\\adorador\\adorador-frontend\\node_modules\\jest-circus\\build\\jestAdapterInit.js:857:11)\n    at _runTestsForDescribeBlock (C:\\Users\\leovp\\Programming\\adorador\\adorador-frontend\\node_modules\\jest-circus\\build\\jestAdapterInit.js:857:11)\n    at run (C:\\Users\\leovp\\Programming\\adorador\\adorador-frontend\\node_modules\\jest-circus\\build\\jestAdapterInit.js:761:3)\n    at runAndTransformResultsToJestFormat (C:\\Users\\leovp\\Programming\\adorador\\adorador-frontend\\node_modules\\jest-circus\\build\\jestAdapterInit.js:1918:21)\n    at jestAdapter (C:\\Users\\leovp\\Programming\\adorador\\adorador-frontend\\node_modules\\jest-circus\\build\\runner.js:101:19)\n    at runTestInternal (C:\\Users\\leovp\\Programming\\adorador\\adorador-frontend\\node_modules\\jest-runner\\build\\testWorker.js:277:16)\n    at runTest (C:\\Users\\leovp\\Programming\\adorador\\adorador-frontend\\node_modules\\jest-runner\\build\\testWorker.js:345:7)\n    at Object.worker (C:\\Users\\leovp\\Programming\\adorador\\adorador-frontend\\node_modules\\jest-runner\\build\\testWorker.js:499:12)"],"fullName":"EventMainScreen Pantalla \"Fin\" y navegación debería mostrar \"Fin\" cuando position === selectedSongLyricLength + 1","invocations":1,"location":null,"numPassingAsserts":0,"retryReasons":[],"startAt":1763189583298,"status":"failed","title":"debería mostrar \"Fin\" cuando position === selectedSongLyricLength + 1"},{"ancestorTitles":["EventMainScreen","Pantalla \"Fin\" y navegación"],"duration":29,"failing":false,"failureDetails":[{"name":"TestingLibraryElementError"}],"failureMessages":["TestingLibraryElementError: Unable to find an element with the text: Fin. This could be because the text is broken up by multiple elements. In this case, you can provide a function for your text matcher to make your matcher more flexible.\n\nIgnored nodes: comments, script, style\n\u001b[36m<body>\u001b[39m\n  \u001b[36m<div>\u001b[39m\n    \u001b[36m<div\u001b[39m\n      \u001b[33mclass\u001b[39m=\u001b[32m\"relative flex h-[22rem] w-full flex-col items-center justify-center overflow-hidden rounded-2xl bg-black/90 bg-cover bg-center bg-no-repeat p-5 text-blanco bg-blend-darken shadow-xl ring-1 ring-white/10 backdrop-blur-sm sm:h-[24rem]\"\u001b[39m\n      \u001b[33mstyle\u001b[39m=\u001b[32m\"background-image: url(\\\"/images/backgrounds/paisaje_1.avif\\\");\"\u001b[39m\n    \u001b[36m>\u001b[39m\n      \u001b[36m<div\u001b[39m\n        \u001b[33mclass\u001b[39m=\u001b[32m\"flex w-full flex-col items-center justify-center gap-8 \"\u001b[39m\n      \u001b[36m>\u001b[39m\n        \u001b[36m<h1\u001b[39m\n          \u001b[33mclass\u001b[39m=\u001b[32m\"font-momotrust text-3xl md:text-5xl lg:text-8xl text-center\"\u001b[39m\n        \u001b[36m>\u001b[39m\n          \u001b[36m<div\u001b[39m\n            \u001b[33mclass\u001b[39m=\u001b[32m\"font-kalam\"\u001b[39m\n          \u001b[36m>\u001b[39m\n            \u001b[36m<div\u001b[39m\n              \u001b[33mclass\u001b[39m=\u001b[32m\"flex flex-col items-center justify-center\"\u001b[39m\n            \u001b[36m>\u001b[39m\n              \u001b[36m<p\u001b[39m\n                \u001b[33mclass\u001b[39m=\u001b[32m\"text-center text-2xl md:text-4xl lg:text-5xl\"\u001b[39m\n              \u001b[36m>\u001b[39m\n                \u001b[0mSea la gloria de Jehová para siempre; alégrese Jehová en sus obras.\u001b[0m\n              \u001b[36m</p>\u001b[39m\n              \u001b[36m<p>\u001b[39m\n                \u001b[36m<em\u001b[39m\n                  \u001b[33mclass\u001b[39m=\u001b[32m\"text-lg md:text-xl lg:text-2xl\"\u001b[39m\n                \u001b[36m>\u001b[39m\n                  \u001b[0mSalmos 104:31\u001b[0m\n                \u001b[36m</em>\u001b[39m\n              \u001b[36m</p>\u001b[39m\n            \u001b[36m</div>\u001b[39m\n          \u001b[36m</div>\u001b[39m\n        \u001b[36m</h1>\u001b[39m\n        \u001b[36m<div\u001b[39m\n          \u001b[33mclass\u001b[39m=\u001b[32m\"flex w-full max-w-3xl items-center justify-center gap-4\"\u001b[39m\n        \u001b[36m>\u001b[39m\n          \u001b[36m<button\u001b[39m\n            \u001b[33maria-label\u001b[39m=\u001b[32m\"Ir a canción anterior\"\u001b[39m\n            \u001b[33mclass\u001b[39m=\u001b[32m\"group relative overflow-hidden rounded-xl border-2 border-brand-purple-500/30 bg-gradient-to-br from-brand-purple-500/10 to-brand-blue-500/10 px-5 py-2.5 backdrop-blur-sm transition-all duration-300 hover:border-brand-purple-500/60 hover:from-brand-purple-500/20 hover:to-brand-blue-500/20 hover:shadow-lg active:scale-95\"\u001b[39m\n            \u001b[33mtitle\u001b[39m=\u001b[32m\"Ir a canción anterior\"\u001b[39m\n          \u001b[36m>\u001b[39m\n            \u001b[36m<div\u001b[39m\n              \u001b[33mclass\u001b[39m=\u001b[32m\"flex items-center gap-2\"\u001b[39m\n            \u001b[36m>\u001b[39m\n              \u001b[36m<svg\u001b[39m\n                \u001b[33maria-hidden\u001b[39m=\u001b[32m\"true\"\u001b[39m\n                \u001b[33mclass\u001b[39m=\u001b[32m\"transition-transform duration-300 group-hover:-translate-x-1\"\u001b[39m\n                \u001b[33mfill\u001b[39m=\u001b[32m\"none\"\u001b[39m\n                \u001b[33mfocusable\u001b[39m=\u001b[32m\"false\"\u001b[39m\n                \u001b[33mheight\u001b[39m=\u001b[32m\"1em\"\u001b[39m\n                \u001b[33mrole\u001b[39m=\u001b[32m\"presentation\"\u001b[39m\n                \u001b[33mviewBox\u001b[39m=\u001b[32m\"0 0 15 15\"\u001b[39m\n                \u001b[33mwidth\u001b[39m=\u001b[32m\"1em\"\u001b[39m\n              \u001b[36m>\u001b[39m\n                \u001b[36m<path\u001b[39m\n                  \u001b[33md\u001b[39m=\u001b[32m\"M3 7.5L11 0v15z\"\u001b[39m\n                  \u001b[33mfill\u001b[39m=\u001b[32m\"currentColor\"\u001b[39m\n                \u001b[36m/>\u001b[39m\n              \u001b[36m</svg>\u001b[39m\n              \u001b[36m<span\u001b[39m\n                \u001b[33mclass\u001b[39m=\u001b[32m\"text-sm font-semibold text-white/90 transition-colors duration-300 group-hover:text-white\"\u001b[39m\n              \u001b[36m>\u001b[39m\n                \u001b[0mAnterior\u001b[0m\n              \u001b[36m</span>\u001b[39m\n            \u001b[36m</div>\u001b[39m\n          \u001b[36m</button>\u001b[39m\n          \u001b[36m<button\u001b[39m\n            \u001b[33maria-label\u001b[39m=\u001b[32m\"Reiniciar Canción\"\u001b[39m\n            \u001b[33mclass\u001b[39m=\u001b[32m\"group relative flex h-16 w-16 items-center justify-center overflow-hidden rounded-full border-2 border-brand-purple-500/30 bg-gradient-to-br from-brand-purple-500/10 to-brand-blue-500/10 shadow-lg backdrop-blur-sm transition-all duration-300 hover:scale-110 hover:border-brand-purple-500/60 hover:from-brand-purple-500/20 hover:to-brand-blue-500/20 hover:shadow-xl active:scale-95\"\u001b[39m\n            \u001b[33mtitle\u001b[39m=\u001b[32m\"Reiniciar Canción\"\u001b[39m\n          \u001b[36m>\u001b[39m\n            \u001b[36m<svg\u001b[39m\n              \u001b[33maria-hidden\u001b[39m=\u001b[32m\"true\"\u001b[39m\n              \u001b[33mclass\u001b[39m=\u001b[32m\"h-8 w-8 text-white/90 transition-colors duration-300 group-hover:text-white\"\u001b[39m\n              \u001b[33mfill\u001b[39m=\u001b[32m\"none\"\u001b[39m\n              \u001b[33mfocusable\u001b[39m=\u001b[32m\"false\"\u001b[39m\n              \u001b[33mheight\u001b[39m=\u001b[32m\"1em\"\u001b[39m\n              \u001b[33mrole\u001b[39m=\u001b[32m\"presentation\"\u001b[39m\n              \u001b[33mviewBox\u001b[39m=\u001b[32m\"0 0 512 512\"\u001b[39m\n              \u001b[33mwidth\u001b[39m=\u001b[32m\"1em\"\u001b[39m\n            \u001b[36m>\u001b[39m\n              \u001b[36m<path\u001b[39m\n                \u001b[33md\u001b[39m=\u001b[32m\"m11.5 280.6l192 160c20.6 17.2 52.5 2.8 52.5-24.6V96c0-27.4-31.9-41.8-52.5-24.6l-192 160c-15.3 12.8-15.3 36.4 0 49.2m256 0l192 160c20.6 17.2 52.5 2.8 52.5-24.6V96c0-27.4-31.9-41.8-52.5-24.6l-192 160c-15.3 12.8-15.3 36.4 0 49.2\"\u001b[39m\n                \u001b[33mfill\u001b[39m=\u001b[32m\"currentColor\"\u001b[39m\n              \u001b[36m/>\u001b[39m\n            \u001b[36m</svg>\u001b[39m\n          \u001b[36m</button>\u001b[39m\n          \u001b[36m<button\u001b[39m\n            \u001b[33maria-label\u001b[39m=\u001b[32m\"Ir a canción siguiente\"\u001b[39m\n            \u001b[33mclass\u001b[39m=\u001b[32m\"group relative overflow-hidden rounded-xl border-2 border-brand-purple-500/30 bg-gradient-to-br from-brand-purple-500/10 to-brand-blue-500/10 px-5 py-2.5 backdrop-blur-sm transition-all duration-300 hover:border-brand-purple-500/60 hover:from-brand-purple-500/20 hover:to-brand-blue-500/20 hover:shadow-lg active:scale-95\"\u001b[39m\n            \u001b[33mtitle\u001b[39m=\u001b[32m\"Ir a canción siguiente\"\u001b[39m\n          \u001b[36m>\u001b[39m\n            \u001b[36m<div\u001b[39m\n              \u001b[33mclass\u001b[39m=\u001b[32m\"flex items-center gap-2\"\u001b[39m\n            \u001b[36m>\u001b[39m\n              \u001b[36m<span\u001b[39m\n                \u001b[33mclass\u001b[39m=\u001b[32m\"text-sm font-semibold text-white/90 transition-colors duration-300 group-hover:text-white\"\u001b[39m\n              \u001b[36m>\u001b[39m\n                \u001b[0mSiguiente\u001b[0m\n              \u001b[36m</span>\u001b[39m\n              \u001b[36m<svg\u001b[39m\n                \u001b[33maria-hidden\u001b[39m=\u001b[32m\"true\"\u001b[39m\n                \u001b[33mclass\u001b[39m=\u001b[32m\"transition-transform duration-300 group-hover:translate-x-1\"\u001b[39m\n                \u001b[33mfill\u001b[39m=\u001b[32m\"none\"\u001b[39m\n                \u001b[33mfocusable\u001b[39m=\u001b[32m\"false\"\u001b[39m\n                \u001b[33mheight\u001b[39m=\u001b[32m\"1em\"\u001b[39m\n                \u001b[33mrole\u001b[39m=\u001b[32m\"presentation\"\u001b[39m\n                \u001b[33mviewBox\u001b[39m=\u001b[32m\"0 0 15 15\"\u001b[39m\n                \u001b[33mwidth\u001b[39m=\u001b[32m\"1em\"\u001b[39m\n              \u001b[36m>\u001b[39m\n                \u001b[36m<path\u001b[39m\n                  \u001b[33md\u001b[39m=\u001b[32m\"M12 7.5L4 0v15z\"\u001b[39m\n                  \u001b[33mfill\u001b[39m=\u001b[32m\"currentColor\"\u001b[39m\n                \u001b[36m/>\u001b[39m\n              \u001b[36m</svg>\u001b[39m\n            \u001b[36m</div>\u001b[39m\n          \u001b[36m</button>\u001b[39m\n        \u001b[36m</div>\u001b[39m\n      \u001b[36m</div>\u001b[39m\n    \u001b[36m</div>\u001b[39m\n  \u001b[36m</div>\u001b[39m\n\u001b[36m</body>\u001b[39m\n    at Object.getElementError (C:\\Users\\leovp\\Programming\\adorador\\adorador-frontend\\node_modules\\@testing-library\\dom\\dist\\config.js:37:19)\n    at C:\\Users\\leovp\\Programming\\adorador\\adorador-frontend\\node_modules\\@testing-library\\dom\\dist\\query-helpers.js:76:38\n    at C:\\Users\\leovp\\Programming\\adorador\\adorador-frontend\\node_modules\\@testing-library\\dom\\dist\\query-helpers.js:52:17\n    at C:\\Users\\leovp\\Programming\\adorador\\adorador-frontend\\node_modules\\@testing-library\\dom\\dist\\query-helpers.js:95:19\n    at Object.getByText (C:\\Users\\leovp\\Programming\\adorador\\adorador-frontend\\src\\app\\(public)\\grupos\\[bandId]\\eventos\\[eventId]\\en-vivo\\_components\\__tests__\\EventMainScreen.test.tsx:603:21)\n    at Promise.finally.completed (C:\\Users\\leovp\\Programming\\adorador\\adorador-frontend\\node_modules\\jest-circus\\build\\jestAdapterInit.js:1557:28)\n    at new Promise (<anonymous>)\n    at callAsyncCircusFn (C:\\Users\\leovp\\Programming\\adorador\\adorador-frontend\\node_modules\\jest-circus\\build\\jestAdapterInit.js:1497:10)\n    at _callCircusTest (C:\\Users\\leovp\\Programming\\adorador\\adorador-frontend\\node_modules\\jest-circus\\build\\jestAdapterInit.js:1007:40)\n    at processTicksAndRejections (node:internal/process/task_queues:95:5)\n    at _runTest (C:\\Users\\leovp\\Programming\\adorador\\adorador-frontend\\node_modules\\jest-circus\\build\\jestAdapterInit.js:947:3)\n    at C:\\Users\\leovp\\Programming\\adorador\\adorador-frontend\\node_modules\\jest-circus\\build\\jestAdapterInit.js:849:7\n    at _runTestsForDescribeBlock (C:\\Users\\leovp\\Programming\\adorador\\adorador-frontend\\node_modules\\jest-circus\\build\\jestAdapterInit.js:862:11)\n    at _runTestsForDescribeBlock (C:\\Users\\leovp\\Programming\\adorador\\adorador-frontend\\node_modules\\jest-circus\\build\\jestAdapterInit.js:857:11)\n    at _runTestsForDescribeBlock (C:\\Users\\leovp\\Programming\\adorador\\adorador-frontend\\node_modules\\jest-circus\\build\\jestAdapterInit.js:857:11)\n    at run (C:\\Users\\leovp\\Programming\\adorador\\adorador-frontend\\node_modules\\jest-circus\\build\\jestAdapterInit.js:761:3)\n    at runAndTransformResultsToJestFormat (C:\\Users\\leovp\\Programming\\adorador\\adorador-frontend\\node_modules\\jest-circus\\build\\jestAdapterInit.js:1918:21)\n    at jestAdapter (C:\\Users\\leovp\\Programming\\adorador\\adorador-frontend\\node_modules\\jest-circus\\build\\runner.js:101:19)\n    at runTestInternal (C:\\Users\\leovp\\Programming\\adorador\\adorador-frontend\\node_modules\\jest-runner\\build\\testWorker.js:277:16)\n    at runTest (C:\\Users\\leovp\\Programming\\adorador\\adorador-frontend\\node_modules\\jest-runner\\build\\testWorker.js:345:7)\n    at Object.worker (C:\\Users\\leovp\\Programming\\adorador\\adorador-frontend\\node_modules\\jest-runner\\build\\testWorker.js:499:12)"],"fullName":"EventMainScreen Pantalla \"Fin\" y navegación debería mostrar botones de navegación en la pantalla \"Fin\"","invocations":1,"location":null,"numPassingAsserts":0,"retryReasons":[],"startAt":1763189583484,"status":"failed","title":"debería mostrar botones de navegación en la pantalla \"Fin\""},{"ancestorTitles":["EventMainScreen","Pantalla \"Fin\" y navegación"],"duration":53,"failing":false,"failureDetails":[{"name":"TestingLibraryElementError"}],"failureMessages":["TestingLibraryElementError: Unable to find an element with the text: Fin. This could be because the text is broken up by multiple elements. In this case, you can provide a function for your text matcher to make your matcher more flexible.\n\nIgnored nodes: comments, script, style\n\u001b[36m<body>\u001b[39m\n  \u001b[36m<div>\u001b[39m\n    \u001b[36m<div\u001b[39m\n      \u001b[33mclass\u001b[39m=\u001b[32m\"relative flex h-[22rem] w-full flex-col items-center justify-center overflow-hidden rounded-2xl bg-black/90 bg-cover bg-center bg-no-repeat p-5 text-blanco bg-blend-darken shadow-xl ring-1 ring-white/10 backdrop-blur-sm sm:h-[24rem]\"\u001b[39m\n      \u001b[33mstyle\u001b[39m=\u001b[32m\"background-image: url(\\\"/images/backgrounds/paisaje_1.avif\\\");\"\u001b[39m\n    \u001b[36m>\u001b[39m\n      \u001b[36m<div\u001b[39m\n        \u001b[33mclass\u001b[39m=\u001b[32m\"flex w-full flex-col items-center justify-center gap-8 \"\u001b[39m\n      \u001b[36m>\u001b[39m\n        \u001b[36m<h1\u001b[39m\n          \u001b[33mclass\u001b[39m=\u001b[32m\"font-momotrust text-3xl md:text-5xl lg:text-8xl text-center\"\u001b[39m\n        \u001b[36m>\u001b[39m\n          \u001b[36m<div\u001b[39m\n            \u001b[33mclass\u001b[39m=\u001b[32m\"font-kalam\"\u001b[39m\n          \u001b[36m>\u001b[39m\n            \u001b[36m<div\u001b[39m\n              \u001b[33mclass\u001b[39m=\u001b[32m\"flex flex-col items-center justify-center\"\u001b[39m\n            \u001b[36m>\u001b[39m\n              \u001b[36m<p\u001b[39m\n                \u001b[33mclass\u001b[39m=\u001b[32m\"text-center text-2xl md:text-4xl lg:text-5xl\"\u001b[39m\n              \u001b[36m>\u001b[39m\n                \u001b[0mEngrandeced a Jehová conmigo, y exaltemos a una su nombre.\u001b[0m\n              \u001b[36m</p>\u001b[39m\n              \u001b[36m<p>\u001b[39m\n                \u001b[36m<em\u001b[39m\n                  \u001b[33mclass\u001b[39m=\u001b[32m\"text-lg md:text-xl lg:text-2xl\"\u001b[39m\n                \u001b[36m>\u001b[39m\n                  \u001b[0mSalmos 34:3\u001b[0m\n                \u001b[36m</em>\u001b[39m\n              \u001b[36m</p>\u001b[39m\n            \u001b[36m</div>\u001b[39m\n          \u001b[36m</div>\u001b[39m\n        \u001b[36m</h1>\u001b[39m\n        \u001b[36m<div\u001b[39m\n          \u001b[33mclass\u001b[39m=\u001b[32m\"flex w-full max-w-3xl items-center justify-center gap-4\"\u001b[39m\n        \u001b[36m>\u001b[39m\n          \u001b[36m<button\u001b[39m\n            \u001b[33maria-label\u001b[39m=\u001b[32m\"Reiniciar Canción\"\u001b[39m\n            \u001b[33mclass\u001b[39m=\u001b[32m\"group relative flex h-16 w-16 items-center justify-center overflow-hidden rounded-full border-2 border-brand-purple-500/30 bg-gradient-to-br from-brand-purple-500/10 to-brand-blue-500/10 shadow-lg backdrop-blur-sm transition-all duration-300 hover:scale-110 hover:border-brand-purple-500/60 hover:from-brand-purple-500/20 hover:to-brand-blue-500/20 hover:shadow-xl active:scale-95\"\u001b[39m\n            \u001b[33mtitle\u001b[39m=\u001b[32m\"Reiniciar Canción\"\u001b[39m\n          \u001b[36m>\u001b[39m\n            \u001b[36m<svg\u001b[39m\n              \u001b[33maria-hidden\u001b[39m=\u001b[32m\"true\"\u001b[39m\n              \u001b[33mclass\u001b[39m=\u001b[32m\"h-8 w-8 text-white/90 transition-colors duration-300 group-hover:text-white\"\u001b[39m\n              \u001b[33mfill\u001b[39m=\u001b[32m\"none\"\u001b[39m\n              \u001b[33mfocusable\u001b[39m=\u001b[32m\"false\"\u001b[39m\n              \u001b[33mheight\u001b[39m=\u001b[32m\"1em\"\u001b[39m\n              \u001b[33mrole\u001b[39m=\u001b[32m\"presentation\"\u001b[39m\n              \u001b[33mviewBox\u001b[39m=\u001b[32m\"0 0 512 512\"\u001b[39m\n              \u001b[33mwidth\u001b[39m=\u001b[32m\"1em\"\u001b[39m\n            \u001b[36m>\u001b[39m\n              \u001b[36m<path\u001b[39m\n                \u001b[33md\u001b[39m=\u001b[32m\"m11.5 280.6l192 160c20.6 17.2 52.5 2.8 52.5-24.6V96c0-27.4-31.9-41.8-52.5-24.6l-192 160c-15.3 12.8-15.3 36.4 0 49.2m256 0l192 160c20.6 17.2 52.5 2.8 52.5-24.6V96c0-27.4-31.9-41.8-52.5-24.6l-192 160c-15.3 12.8-15.3 36.4 0 49.2\"\u001b[39m\n                \u001b[33mfill\u001b[39m=\u001b[32m\"currentColor\"\u001b[39m\n              \u001b[36m/>\u001b[39m\n            \u001b[36m</svg>\u001b[39m\n          \u001b[36m</button>\u001b[39m\n          \u001b[36m<button\u001b[39m\n            \u001b[33maria-label\u001b[39m=\u001b[32m\"Ir a canción siguiente\"\u001b[39m\n            \u001b[33mclass\u001b[39m=\u001b[32m\"group relative overflow-hidden rounded-xl border-2 border-brand-purple-500/30 bg-gradient-to-br from-brand-purple-500/10 to-brand-blue-500/10 px-5 py-2.5 backdrop-blur-sm transition-all duration-300 hover:border-brand-purple-500/60 hover:from-brand-purple-500/20 hover:to-brand-blue-500/20 hover:shadow-lg active:scale-95\"\u001b[39m\n            \u001b[33mtitle\u001b[39m=\u001b[32m\"Ir a canción siguiente\"\u001b[39m\n          \u001b[36m>\u001b[39m\n            \u001b[36m<div\u001b[39m\n              \u001b[33mclass\u001b[39m=\u001b[32m\"flex items-center gap-2\"\u001b[39m\n            \u001b[36m>\u001b[39m\n              \u001b[36m<span\u001b[39m\n                \u001b[33mclass\u001b[39m=\u001b[32m\"text-sm font-semibold text-white/90 transition-colors duration-300 group-hover:text-white\"\u001b[39m\n              \u001b[36m>\u001b[39m\n                \u001b[0mSiguiente\u001b[0m\n              \u001b[36m</span>\u001b[39m\n              \u001b[36m<svg\u001b[39m\n                \u001b[33maria-hidden\u001b[39m=\u001b[32m\"true\"\u001b[39m\n                \u001b[33mclass\u001b[39m=\u001b[32m\"transition-transform duration-300 group-hover:translate-x-1\"\u001b[39m\n                \u001b[33mfill\u001b[39m=\u001b[32m\"none\"\u001b[39m\n                \u001b[33mfocusable\u001b[39m=\u001b[32m\"false\"\u001b[39m\n                \u001b[33mheight\u001b[39m=\u001b[32m\"1em\"\u001b[39m\n                \u001b[33mrole\u001b[39m=\u001b[32m\"presentation\"\u001b[39m\n                \u001b[33mviewBox\u001b[39m=\u001b[32m\"0 0 15 15\"\u001b[39m\n                \u001b[33mwidth\u001b[39m=\u001b[32m\"1em\"\u001b[39m\n              \u001b[36m>\u001b[39m\n                \u001b[36m<path\u001b[39m\n                  \u001b[33md\u001b[39m=\u001b[32m\"M12 7.5L4 0v15z\"\u001b[39m\n                  \u001b[33mfill\u001b[39m=\u001b[32m\"currentColor\"\u001b[39m\n                \u001b[36m/>\u001b[39m\n              \u001b[36m</svg>\u001b[39m\n            \u001b[36m</div>\u001b[39m\n          \u001b[36m</button>\u001b[39m\n        \u001b[36m</div>\u001b[39m\n      \u001b[36m</div>\u001b[39m\n    \u001b[36m</div>\u001b[39m\n  \u001b[36m</div>\u001b[39m\n\u001b[36m</body>\u001b[39m\n    at Object.getElementError (C:\\Users\\leovp\\Programming\\adorador\\adorador-frontend\\node_modules\\@testing-library\\dom\\dist\\config.js:37:19)\n    at C:\\Users\\leovp\\Programming\\adorador\\adorador-frontend\\node_modules\\@testing-library\\dom\\dist\\query-helpers.js:76:38\n    at C:\\Users\\leovp\\Programming\\adorador\\adorador-frontend\\node_modules\\@testing-library\\dom\\dist\\query-helpers.js:52:17\n    at C:\\Users\\leovp\\Programming\\adorador\\adorador-frontend\\node_modules\\@testing-library\\dom\\dist\\query-helpers.js:95:19\n    at Object.getByText (C:\\Users\\leovp\\Programming\\adorador\\adorador-frontend\\src\\app\\(public)\\grupos\\[bandId]\\eventos\\[eventId]\\en-vivo\\_components\\__tests__\\EventMainScreen.test.tsx:615:21)\n    at Promise.finally.completed (C:\\Users\\leovp\\Programming\\adorador\\adorador-frontend\\node_modules\\jest-circus\\build\\jestAdapterInit.js:1557:28)\n    at new Promise (<anonymous>)\n    at callAsyncCircusFn (C:\\Users\\leovp\\Programming\\adorador\\adorador-frontend\\node_modules\\jest-circus\\build\\jestAdapterInit.js:1497:10)\n    at _callCircusTest (C:\\Users\\leovp\\Programming\\adorador\\adorador-frontend\\node_modules\\jest-circus\\build\\jestAdapterInit.js:1007:40)\n    at processTicksAndRejections (node:internal/process/task_queues:95:5)\n    at _runTest (C:\\Users\\leovp\\Programming\\adorador\\adorador-frontend\\node_modules\\jest-circus\\build\\jestAdapterInit.js:947:3)\n    at C:\\Users\\leovp\\Programming\\adorador\\adorador-frontend\\node_modules\\jest-circus\\build\\jestAdapterInit.js:849:7\n    at _runTestsForDescribeBlock (C:\\Users\\leovp\\Programming\\adorador\\adorador-frontend\\node_modules\\jest-circus\\build\\jestAdapterInit.js:862:11)\n    at _runTestsForDescribeBlock (C:\\Users\\leovp\\Programming\\adorador\\adorador-frontend\\node_modules\\jest-circus\\build\\jestAdapterInit.js:857:11)\n    at _runTestsForDescribeBlock (C:\\Users\\leovp\\Programming\\adorador\\adorador-frontend\\node_modules\\jest-circus\\build\\jestAdapterInit.js:857:11)\n    at run (C:\\Users\\leovp\\Programming\\adorador\\adorador-frontend\\node_modules\\jest-circus\\build\\jestAdapterInit.js:761:3)\n    at runAndTransformResultsToJestFormat (C:\\Users\\leovp\\Programming\\adorador\\adorador-frontend\\node_modules\\jest-circus\\build\\jestAdapterInit.js:1918:21)\n    at jestAdapter (C:\\Users\\leovp\\Programming\\adorador\\adorador-frontend\\node_modules\\jest-circus\\build\\runner.js:101:19)\n    at runTestInternal (C:\\Users\\leovp\\Programming\\adorador\\adorador-frontend\\node_modules\\jest-runner\\build\\testWorker.js:277:16)\n    at runTest (C:\\Users\\leovp\\Programming\\adorador\\adorador-frontend\\node_modules\\jest-runner\\build\\testWorker.js:345:7)\n    at Object.worker (C:\\Users\\leovp\\Programming\\adorador\\adorador-frontend\\node_modules\\jest-runner\\build\\testWorker.js:499:12)"],"fullName":"EventMainScreen Pantalla \"Fin\" y navegación debería mostrar botón de reiniciar en la pantalla \"Fin\"","invocations":1,"location":null,"numPassingAsserts":0,"retryReasons":[],"startAt":1763189583516,"status":"failed","title":"debería mostrar botón de reiniciar en la pantalla \"Fin\""},{"ancestorTitles":["EventMainScreen","Pantalla \"Fin\" y navegación"],"duration":55,"failing":false,"failureDetails":[],"failureMessages":[],"fullName":"EventMainScreen Pantalla \"Fin\" y navegación debería reiniciar la canción al hacer clic en el botón de reiniciar","invocations":1,"location":null,"numPassingAsserts":1,"retryReasons":[],"startAt":1763189583576,"status":"passed","title":"debería reiniciar la canción al hacer clic en el botón de reiniciar"},{"ancestorTitles":["EventMainScreen","Pantalla \"Fin\" y navegación"],"duration":19,"failing":false,"failureDetails":[{"name":"TestingLibraryElementError"}],"failureMessages":["TestingLibraryElementError: Unable to find an element with the text: Fin. This could be because the text is broken up by multiple elements. In this case, you can provide a function for your text matcher to make your matcher more flexible.\n\nIgnored nodes: comments, script, style\n\u001b[36m<body>\u001b[39m\n  \u001b[36m<div>\u001b[39m\n    \u001b[36m<div\u001b[39m\n      \u001b[33mclass\u001b[39m=\u001b[32m\"relative flex h-[22rem] w-full flex-col items-center justify-center overflow-hidden rounded-2xl bg-black/90 bg-cover bg-center bg-no-repeat p-5 text-blanco bg-blend-darken shadow-xl ring-1 ring-white/10 backdrop-blur-sm sm:h-[24rem]\"\u001b[39m\n      \u001b[33mstyle\u001b[39m=\u001b[32m\"background-image: url(\\\"/images/backgrounds/paisaje_1.avif\\\");\"\u001b[39m\n    \u001b[36m>\u001b[39m\n      \u001b[36m<div\u001b[39m\n        \u001b[33mclass\u001b[39m=\u001b[32m\"flex w-full flex-col items-center justify-center gap-8 \"\u001b[39m\n      \u001b[36m>\u001b[39m\n        \u001b[36m<h1\u001b[39m\n          \u001b[33mclass\u001b[39m=\u001b[32m\"font-momotrust text-xl md:text-3xl lg:text-5xl text-center\"\u001b[39m\n        \u001b[36m>\u001b[39m\n          \u001b[36m<div\u001b[39m\n            \u001b[33mclass\u001b[39m=\u001b[32m\"font-kalam\"\u001b[39m\n          \u001b[36m>\u001b[39m\n            \u001b[36m<div\u001b[39m\n              \u001b[33mclass\u001b[39m=\u001b[32m\"flex flex-col items-center justify-center\"\u001b[39m\n            \u001b[36m>\u001b[39m\n              \u001b[36m<p\u001b[39m\n                \u001b[33mclass\u001b[39m=\u001b[32m\"text-center text-2xl md:text-4xl lg:text-5xl\"\u001b[39m\n              \u001b[36m>\u001b[39m\n                \u001b[0mCantaré a Jehová mientras viva; a mi Dios cantaré salmos mientras exista.\u001b[0m\n              \u001b[36m</p>\u001b[39m\n              \u001b[36m<p>\u001b[39m\n                \u001b[36m<em\u001b[39m\n                  \u001b[33mclass\u001b[39m=\u001b[32m\"text-lg md:text-xl lg:text-2xl\"\u001b[39m\n                \u001b[36m>\u001b[39m\n                  \u001b[0mSalmos 104:33\u001b[0m\n                \u001b[36m</em>\u001b[39m\n              \u001b[36m</p>\u001b[39m\n            \u001b[36m</div>\u001b[39m\n          \u001b[36m</div>\u001b[39m\n        \u001b[36m</h1>\u001b[39m\n      \u001b[36m</div>\u001b[39m\n      \u001b[36m<button\u001b[39m\n        \u001b[33maria-label\u001b[39m=\u001b[32m\"Activar pantalla completa\"\u001b[39m\n        \u001b[33mclass\u001b[39m=\u001b[32m\"absolute bottom-3 right-3 z-20 rounded-xl bg-gradient-to-br from-brand-purple-500 to-brand-blue-500 p-3 shadow-lg backdrop-blur-sm transition-all duration-200 hover:scale-110 hover:shadow-xl active:scale-95\"\u001b[39m\n        \u001b[33mtitle\u001b[39m=\u001b[32m\"Pantalla completa\"\u001b[39m\n      \u001b[36m>\u001b[39m\n        \u001b[36m<svg\u001b[39m\n          \u001b[33maria-hidden\u001b[39m=\u001b[32m\"true\"\u001b[39m\n          \u001b[33mfill\u001b[39m=\u001b[32m\"none\"\u001b[39m\n          \u001b[33mfocusable\u001b[39m=\u001b[32m\"false\"\u001b[39m\n          \u001b[33mheight\u001b[39m=\u001b[32m\"1em\"\u001b[39m\n          \u001b[33mrole\u001b[39m=\u001b[32m\"presentation\"\u001b[39m\n          \u001b[33mviewBox\u001b[39m=\u001b[32m\"0 0 24 24\"\u001b[39m\n          \u001b[33mwidth\u001b[39m=\u001b[32m\"1em\"\u001b[39m\n        \u001b[36m>\u001b[39m\n          \u001b[36m<path\u001b[39m\n            \u001b[33md\u001b[39m=\u001b[32m\"M3 21v-5h2v3h3v2zm13 0v-2h3v-3h2v5zM3 8V3h5v2H5v3zm16 0V5h-3V3h5v5z\"\u001b[39m\n            \u001b[33mfill\u001b[39m=\u001b[32m\"currentColor\"\u001b[39m\n          \u001b[36m/>\u001b[39m\n        \u001b[36m</svg>\u001b[39m\n      \u001b[36m</button>\u001b[39m\n    \u001b[36m</div>\u001b[39m\n  \u001b[36m</div>\u001b[39m\n\u001b[36m</body>\u001b[39m\n    at Object.getElementError (C:\\Users\\leovp\\Programming\\adorador\\adorador-frontend\\node_modules\\@testing-library\\dom\\dist\\config.js:37:19)\n    at C:\\Users\\leovp\\Programming\\adorador\\adorador-frontend\\node_modules\\@testing-library\\dom\\dist\\query-helpers.js:76:38\n    at C:\\Users\\leovp\\Programming\\adorador\\adorador-frontend\\node_modules\\@testing-library\\dom\\dist\\query-helpers.js:52:17\n    at C:\\Users\\leovp\\Programming\\adorador\\adorador-frontend\\node_modules\\@testing-library\\dom\\dist\\query-helpers.js:95:19\n    at Object.getByText (C:\\Users\\leovp\\Programming\\adorador\\adorador-frontend\\src\\app\\(public)\\grupos\\[bandId]\\eventos\\[eventId]\\en-vivo\\_components\\__tests__\\EventMainScreen.test.tsx:650:21)\n    at Promise.finally.completed (C:\\Users\\leovp\\Programming\\adorador\\adorador-frontend\\node_modules\\jest-circus\\build\\jestAdapterInit.js:1557:28)\n    at new Promise (<anonymous>)\n    at callAsyncCircusFn (C:\\Users\\leovp\\Programming\\adorador\\adorador-frontend\\node_modules\\jest-circus\\build\\jestAdapterInit.js:1497:10)\n    at _callCircusTest (C:\\Users\\leovp\\Programming\\adorador\\adorador-frontend\\node_modules\\jest-circus\\build\\jestAdapterInit.js:1007:40)\n    at processTicksAndRejections (node:internal/process/task_queues:95:5)\n    at _runTest (C:\\Users\\leovp\\Programming\\adorador\\adorador-frontend\\node_modules\\jest-circus\\build\\jestAdapterInit.js:947:3)\n    at C:\\Users\\leovp\\Programming\\adorador\\adorador-frontend\\node_modules\\jest-circus\\build\\jestAdapterInit.js:849:7\n    at _runTestsForDescribeBlock (C:\\Users\\leovp\\Programming\\adorador\\adorador-frontend\\node_modules\\jest-circus\\build\\jestAdapterInit.js:862:11)\n    at _runTestsForDescribeBlock (C:\\Users\\leovp\\Programming\\adorador\\adorador-frontend\\node_modules\\jest-circus\\build\\jestAdapterInit.js:857:11)\n    at _runTestsForDescribeBlock (C:\\Users\\leovp\\Programming\\adorador\\adorador-frontend\\node_modules\\jest-circus\\build\\jestAdapterInit.js:857:11)\n    at run (C:\\Users\\leovp\\Programming\\adorador\\adorador-frontend\\node_modules\\jest-circus\\build\\jestAdapterInit.js:761:3)\n    at runAndTransformResultsToJestFormat (C:\\Users\\leovp\\Programming\\adorador\\adorador-frontend\\node_modules\\jest-circus\\build\\jestAdapterInit.js:1918:21)\n    at jestAdapter (C:\\Users\\leovp\\Programming\\adorador\\adorador-frontend\\node_modules\\jest-circus\\build\\runner.js:101:19)\n    at runTestInternal (C:\\Users\\leovp\\Programming\\adorador\\adorador-frontend\\node_modules\\jest-runner\\build\\testWorker.js:277:16)\n    at runTest (C:\\Users\\leovp\\Programming\\adorador\\adorador-frontend\\node_modules\\jest-runner\\build\\testWorker.js:345:7)\n    at Object.worker (C:\\Users\\leovp\\Programming\\adorador\\adorador-frontend\\node_modules\\jest-runner\\build\\testWorker.js:499:12)"],"fullName":"EventMainScreen Pantalla \"Fin\" y navegación NO debería mostrar botones en pantalla \"Fin\" cuando NO está en fullscreen","invocations":1,"location":null,"numPassingAsserts":0,"retryReasons":[],"startAt":1763189583632,"status":"failed","title":"NO debería mostrar botones en pantalla \"Fin\" cuando NO está en fullscreen"},{"ancestorTitles":["EventMainScreen","Pantalla \"Fin\" y navegación"],"duration":30,"failing":false,"failureDetails":[{"name":"TestingLibraryElementError"}],"failureMessages":["TestingLibraryElementError: Unable to find an element with the text: Fin. This could be because the text is broken up by multiple elements. In this case, you can provide a function for your text matcher to make your matcher more flexible.\n\nIgnored nodes: comments, script, style\n\u001b[36m<body>\u001b[39m\n  \u001b[36m<div>\u001b[39m\n    \u001b[36m<div\u001b[39m\n      \u001b[33mclass\u001b[39m=\u001b[32m\"relative flex h-[22rem] w-full flex-col items-center justify-center overflow-hidden rounded-2xl bg-black/90 bg-cover bg-center bg-no-repeat p-5 text-blanco bg-blend-darken shadow-xl ring-1 ring-white/10 backdrop-blur-sm sm:h-[24rem]\"\u001b[39m\n      \u001b[33mstyle\u001b[39m=\u001b[32m\"background-image: url(\\\"/images/backgrounds/paisaje_1.avif\\\");\"\u001b[39m\n    \u001b[36m>\u001b[39m\n      \u001b[36m<div\u001b[39m\n        \u001b[33mclass\u001b[39m=\u001b[32m\"flex w-full flex-col items-center justify-center gap-8 \"\u001b[39m\n      \u001b[36m>\u001b[39m\n        \u001b[36m<h1\u001b[39m\n          \u001b[33mclass\u001b[39m=\u001b[32m\"font-momotrust text-3xl md:text-5xl lg:text-8xl text-center\"\u001b[39m\n        \u001b[36m>\u001b[39m\n          \u001b[36m<div\u001b[39m\n            \u001b[33mclass\u001b[39m=\u001b[32m\"font-kalam\"\u001b[39m\n          \u001b[36m>\u001b[39m\n            \u001b[36m<div\u001b[39m\n              \u001b[33mclass\u001b[39m=\u001b[32m\"flex flex-col items-center justify-center\"\u001b[39m\n            \u001b[36m>\u001b[39m\n              \u001b[36m<p\u001b[39m\n                \u001b[33mclass\u001b[39m=\u001b[32m\"text-center text-2xl md:text-4xl lg:text-5xl\"\u001b[39m\n              \u001b[36m>\u001b[39m\n                \u001b[0mTodo lo que respira alabe a Jehová.\u001b[0m\n              \u001b[36m</p>\u001b[39m\n              \u001b[36m<p>\u001b[39m\n                \u001b[36m<em\u001b[39m\n                  \u001b[33mclass\u001b[39m=\u001b[32m\"text-lg md:text-xl lg:text-2xl\"\u001b[39m\n                \u001b[36m>\u001b[39m\n                  \u001b[0mSalmos 150:6\u001b[0m\n                \u001b[36m</em>\u001b[39m\n              \u001b[36m</p>\u001b[39m\n            \u001b[36m</div>\u001b[39m\n          \u001b[36m</div>\u001b[39m\n        \u001b[36m</h1>\u001b[39m\n        \u001b[36m<div\u001b[39m\n          \u001b[33mclass\u001b[39m=\u001b[32m\"flex w-full max-w-3xl items-center justify-center gap-4\"\u001b[39m\n        \u001b[36m>\u001b[39m\n          \u001b[36m<button\u001b[39m\n            \u001b[33maria-label\u001b[39m=\u001b[32m\"Ir a canción anterior\"\u001b[39m\n            \u001b[33mclass\u001b[39m=\u001b[32m\"group relative overflow-hidden rounded-xl border-2 border-brand-purple-500/30 bg-gradient-to-br from-brand-purple-500/10 to-brand-blue-500/10 px-5 py-2.5 backdrop-blur-sm transition-all duration-300 hover:border-brand-purple-500/60 hover:from-brand-purple-500/20 hover:to-brand-blue-500/20 hover:shadow-lg active:scale-95\"\u001b[39m\n            \u001b[33mtitle\u001b[39m=\u001b[32m\"Ir a canción anterior\"\u001b[39m\n          \u001b[36m>\u001b[39m\n            \u001b[36m<div\u001b[39m\n              \u001b[33mclass\u001b[39m=\u001b[32m\"flex items-center gap-2\"\u001b[39m\n            \u001b[36m>\u001b[39m\n              \u001b[36m<svg\u001b[39m\n                \u001b[33maria-hidden\u001b[39m=\u001b[32m\"true\"\u001b[39m\n                \u001b[33mclass\u001b[39m=\u001b[32m\"transition-transform duration-300 group-hover:-translate-x-1\"\u001b[39m\n                \u001b[33mfill\u001b[39m=\u001b[32m\"none\"\u001b[39m\n                \u001b[33mfocusable\u001b[39m=\u001b[32m\"false\"\u001b[39m\n                \u001b[33mheight\u001b[39m=\u001b[32m\"1em\"\u001b[39m\n                \u001b[33mrole\u001b[39m=\u001b[32m\"presentation\"\u001b[39m\n                \u001b[33mviewBox\u001b[39m=\u001b[32m\"0 0 15 15\"\u001b[39m\n                \u001b[33mwidth\u001b[39m=\u001b[32m\"1em\"\u001b[39m\n              \u001b[36m>\u001b[39m\n                \u001b[36m<path\u001b[39m\n                  \u001b[33md\u001b[39m=\u001b[32m\"M3 7.5L11 0v15z\"\u001b[39m\n                  \u001b[33mfill\u001b[39m=\u001b[32m\"currentColor\"\u001b[39m\n                \u001b[36m/>\u001b[39m\n              \u001b[36m</svg>\u001b[39m\n              \u001b[36m<span\u001b[39m\n                \u001b[33mclass\u001b[39m=\u001b[32m\"text-sm font-semibold text-white/90 transition-colors duration-300 group-hover:text-white\"\u001b[39m\n              \u001b[36m>\u001b[39m\n                \u001b[0mAnterior\u001b[0m\n              \u001b[36m</span>\u001b[39m\n            \u001b[36m</div>\u001b[39m\n          \u001b[36m</button>\u001b[39m\n          \u001b[36m<button\u001b[39m\n            \u001b[33maria-label\u001b[39m=\u001b[32m\"Reiniciar Canción\"\u001b[39m\n            \u001b[33mclass\u001b[39m=\u001b[32m\"group relative flex h-16 w-16 items-center justify-center overflow-hidden rounded-full border-2 border-brand-purple-500/30 bg-gradient-to-br from-brand-purple-500/10 to-brand-blue-500/10 shadow-lg backdrop-blur-sm transition-all duration-300 hover:scale-110 hover:border-brand-purple-500/60 hover:from-brand-purple-500/20 hover:to-brand-blue-500/20 hover:shadow-xl active:scale-95\"\u001b[39m\n            \u001b[33mtitle\u001b[39m=\u001b[32m\"Reiniciar Canción\"\u001b[39m\n          \u001b[36m>\u001b[39m\n            \u001b[36m<svg\u001b[39m\n              \u001b[33maria-hidden\u001b[39m=\u001b[32m\"true\"\u001b[39m\n              \u001b[33mclass\u001b[39m=\u001b[32m\"h-8 w-8 text-white/90 transition-colors duration-300 group-hover:text-white\"\u001b[39m\n              \u001b[33mfill\u001b[39m=\u001b[32m\"none\"\u001b[39m\n              \u001b[33mfocusable\u001b[39m=\u001b[32m\"false\"\u001b[39m\n              \u001b[33mheight\u001b[39m=\u001b[32m\"1em\"\u001b[39m\n              \u001b[33mrole\u001b[39m=\u001b[32m\"presentation\"\u001b[39m\n              \u001b[33mviewBox\u001b[39m=\u001b[32m\"0 0 512 512\"\u001b[39m\n              \u001b[33mwidth\u001b[39m=\u001b[32m\"1em\"\u001b[39m\n            \u001b[36m>\u001b[39m\n              \u001b[36m<path\u001b[39m\n                \u001b[33md\u001b[39m=\u001b[32m\"m11.5 280.6l192 160c20.6 17.2 52.5 2.8 52.5-24.6V96c0-27.4-31.9-41.8-52.5-24.6l-192 160c-15.3 12.8-15.3 36.4 0 49.2m256 0l192 160c20.6 17.2 52.5 2.8 52.5-24.6V96c0-27.4-31.9-41.8-52.5-24.6l-192 160c-15.3 12.8-15.3 36.4 0 49.2\"\u001b[39m\n                \u001b[33mfill\u001b[39m=\u001b[32m\"currentColor\"\u001b[39m\n              \u001b[36m/>\u001b[39m\n            \u001b[36m</svg>\u001b[39m\n          \u001b[36m</button>\u001b[39m\n          \u001b[36m<button\u001b[39m\n            \u001b[33maria-label\u001b[39m=\u001b[32m\"Ir a canción siguiente\"\u001b[39m\n            \u001b[33mclass\u001b[39m=\u001b[32m\"group relative overflow-hidden rounded-xl border-2 border-brand-purple-500/30 bg-gradient-to-br from-brand-purple-500/10 to-brand-blue-500/10 px-5 py-2.5 backdrop-blur-sm transition-all duration-300 hover:border-brand-purple-500/60 hover:from-brand-purple-500/20 hover:to-brand-blue-500/20 hover:shadow-lg active:scale-95\"\u001b[39m\n            \u001b[33mtitle\u001b[39m=\u001b[32m\"Ir a canción siguiente\"\u001b[39m\n          \u001b[36m>\u001b[39m\n            \u001b[36m<div\u001b[39m\n              \u001b[33mclass\u001b[39m=\u001b[32m\"flex items-center gap-2\"\u001b[39m\n            \u001b[36m>\u001b[39m\n              \u001b[36m<span\u001b[39m\n                \u001b[33mclass\u001b[39m=\u001b[32m\"text-sm font-semibold text-white/90 transition-colors duration-300 group-hover:text-white\"\u001b[39m\n              \u001b[36m>\u001b[39m\n                \u001b[0mSiguiente\u001b[0m\n              \u001b[36m</span>\u001b[39m\n              \u001b[36m<svg\u001b[39m\n                \u001b[33maria-hidden\u001b[39m=\u001b[32m\"true\"\u001b[39m\n                \u001b[33mclass\u001b[39m=\u001b[32m\"transition-transform duration-300 group-hover:translate-x-1\"\u001b[39m\n                \u001b[33mfill\u001b[39m=\u001b[32m\"none\"\u001b[39m\n                \u001b[33mfocusable\u001b[39m=\u001b[32m\"false\"\u001b[39m\n                \u001b[33mheight\u001b[39m=\u001b[32m\"1em\"\u001b[39m\n                \u001b[33mrole\u001b[39m=\u001b[32m\"presentation\"\u001b[39m\n                \u001b[33mviewBox\u001b[39m=\u001b[32m\"0 0 15 15\"\u001b[39m\n                \u001b[33mwidth\u001b[39m=\u001b[32m\"1em\"\u001b[39m\n              \u001b[36m>\u001b[39m\n                \u001b[36m<path\u001b[39m\n                  \u001b[33md\u001b[39m=\u001b[32m\"M12 7.5L4 0v15z\"\u001b[39m\n                  \u001b[33mfill\u001b[39m=\u001b[32m\"currentColor\"\u001b[39m\n                \u001b[36m/>\u001b[39m\n              \u001b[36m</svg>\u001b[39m\n            \u001b[36m</div>\u001b[39m\n          \u001b[36m</button>\u001b[39m\n        \u001b[36m</div>\u001b[39m\n      \u001b[36m</div>\u001b[39m\n    \u001b[36m</div>\u001b[39m\n  \u001b[36m</div>\u001b[39m\n\u001b[36m</body>\u001b[39m\n    at Object.getElementError (C:\\Users\\leovp\\Programming\\adorador\\adorador-frontend\\node_modules\\@testing-library\\dom\\dist\\config.js:37:19)\n    at C:\\Users\\leovp\\Programming\\adorador\\adorador-frontend\\node_modules\\@testing-library\\dom\\dist\\query-helpers.js:76:38\n    at C:\\Users\\leovp\\Programming\\adorador\\adorador-frontend\\node_modules\\@testing-library\\dom\\dist\\query-helpers.js:52:17\n    at C:\\Users\\leovp\\Programming\\adorador\\adorador-frontend\\node_modules\\@testing-library\\dom\\dist\\query-helpers.js:95:19\n    at Object.getByText (C:\\Users\\leovp\\Programming\\adorador\\adorador-frontend\\src\\app\\(public)\\grupos\\[bandId]\\eventos\\[eventId]\\en-vivo\\_components\\__tests__\\EventMainScreen.test.tsx:666:21)\n    at Promise.finally.completed (C:\\Users\\leovp\\Programming\\adorador\\adorador-frontend\\node_modules\\jest-circus\\build\\jestAdapterInit.js:1557:28)\n    at new Promise (<anonymous>)\n    at callAsyncCircusFn (C:\\Users\\leovp\\Programming\\adorador\\adorador-frontend\\node_modules\\jest-circus\\build\\jestAdapterInit.js:1497:10)\n    at _callCircusTest (C:\\Users\\leovp\\Programming\\adorador\\adorador-frontend\\node_modules\\jest-circus\\build\\jestAdapterInit.js:1007:40)\n    at processTicksAndRejections (node:internal/process/task_queues:95:5)\n    at _runTest (C:\\Users\\leovp\\Programming\\adorador\\adorador-frontend\\node_modules\\jest-circus\\build\\jestAdapterInit.js:947:3)\n    at C:\\Users\\leovp\\Programming\\adorador\\adorador-frontend\\node_modules\\jest-circus\\build\\jestAdapterInit.js:849:7\n    at _runTestsForDescribeBlock (C:\\Users\\leovp\\Programming\\adorador\\adorador-frontend\\node_modules\\jest-circus\\build\\jestAdapterInit.js:862:11)\n    at _runTestsForDescribeBlock (C:\\Users\\leovp\\Programming\\adorador\\adorador-frontend\\node_modules\\jest-circus\\build\\jestAdapterInit.js:857:11)\n    at _runTestsForDescribeBlock (C:\\Users\\leovp\\Programming\\adorador\\adorador-frontend\\node_modules\\jest-circus\\build\\jestAdapterInit.js:857:11)\n    at run (C:\\Users\\leovp\\Programming\\adorador\\adorador-frontend\\node_modules\\jest-circus\\build\\jestAdapterInit.js:761:3)\n    at runAndTransformResultsToJestFormat (C:\\Users\\leovp\\Programming\\adorador\\adorador-frontend\\node_modules\\jest-circus\\build\\jestAdapterInit.js:1918:21)\n    at jestAdapter (C:\\Users\\leovp\\Programming\\adorador\\adorador-frontend\\node_modules\\jest-circus\\build\\runner.js:101:19)\n    at runTestInternal (C:\\Users\\leovp\\Programming\\adorador\\adorador-frontend\\node_modules\\jest-runner\\build\\testWorker.js:277:16)\n    at runTest (C:\\Users\\leovp\\Programming\\adorador\\adorador-frontend\\node_modules\\jest-runner\\build\\testWorker.js:345:7)\n    at Object.worker (C:\\Users\\leovp\\Programming\\adorador\\adorador-frontend\\node_modules\\jest-runner\\build\\testWorker.js:499:12)"],"fullName":"EventMainScreen Pantalla \"Fin\" y navegación debería mostrar botones en pantalla \"Fin\" SOLO cuando está en fullscreen Y es event manager","invocations":1,"location":null,"numPassingAsserts":0,"retryReasons":[],"startAt":1763189583654,"status":"failed","title":"debería mostrar botones en pantalla \"Fin\" SOLO cuando está en fullscreen Y es event manager"},{"ancestorTitles":["EventMainScreen","Visualización de letras"],"duration":17,"failing":false,"failureDetails":[],"failureMessages":[],"fullName":"EventMainScreen Visualización de letras debería mostrar LyricsShowcase cuando estamos mostrando letras","invocations":1,"location":null,"numPassingAsserts":1,"retryReasons":[],"startAt":1763189583686,"status":"passed","title":"debería mostrar LyricsShowcase cuando estamos mostrando letras"},{"ancestorTitles":["EventMainScreen","Visualización de letras"],"duration":31,"failing":false,"failureDetails":[],"failureMessages":[],"fullName":"EventMainScreen Visualización de letras NO debería mostrar LyricsShowcase en position 0","invocations":1,"location":null,"numPassingAsserts":1,"retryReasons":[],"startAt":1763189583703,"status":"passed","title":"NO debería mostrar LyricsShowcase en position 0"},{"ancestorTitles":["EventMainScreen","Visualización de letras"],"duration":50,"failing":false,"failureDetails":[{"name":"TestingLibraryElementError"}],"failureMessages":["TestingLibraryElementError: Unable to find an element with the text: Fin. This could be because the text is broken up by multiple elements. In this case, you can provide a function for your text matcher to make your matcher more flexible.\n\nIgnored nodes: comments, script, style\n\u001b[36m<body>\u001b[39m\n  \u001b[36m<div>\u001b[39m\n    \u001b[36m<div\u001b[39m\n      \u001b[33mclass\u001b[39m=\u001b[32m\"relative flex h-[22rem] w-full flex-col items-center justify-center overflow-hidden rounded-2xl bg-black/90 bg-cover bg-center bg-no-repeat p-5 text-blanco bg-blend-darken shadow-xl ring-1 ring-white/10 backdrop-blur-sm sm:h-[24rem]\"\u001b[39m\n      \u001b[33mstyle\u001b[39m=\u001b[32m\"background-image: url(\\\"/images/backgrounds/paisaje_1.avif\\\");\"\u001b[39m\n    \u001b[36m>\u001b[39m\n      \u001b[36m<div\u001b[39m\n        \u001b[33mclass\u001b[39m=\u001b[32m\"flex w-full flex-col items-center justify-center gap-8 \"\u001b[39m\n      \u001b[36m>\u001b[39m\n        \u001b[36m<h1\u001b[39m\n          \u001b[33mclass\u001b[39m=\u001b[32m\"font-momotrust text-3xl md:text-5xl lg:text-8xl text-center\"\u001b[39m\n        \u001b[36m>\u001b[39m\n          \u001b[36m<div\u001b[39m\n            \u001b[33mclass\u001b[39m=\u001b[32m\"font-kalam\"\u001b[39m\n          \u001b[36m>\u001b[39m\n            \u001b[36m<div\u001b[39m\n              \u001b[33mclass\u001b[39m=\u001b[32m\"flex flex-col items-center justify-center\"\u001b[39m\n            \u001b[36m>\u001b[39m\n              \u001b[36m<p\u001b[39m\n                \u001b[33mclass\u001b[39m=\u001b[32m\"text-center text-2xl md:text-4xl lg:text-5xl\"\u001b[39m\n              \u001b[36m>\u001b[39m\n                \u001b[0mExaltad al Señor nuestro Dios, y postraos ante su santo monte.\u001b[0m\n              \u001b[36m</p>\u001b[39m\n              \u001b[36m<p>\u001b[39m\n                \u001b[36m<em\u001b[39m\n                  \u001b[33mclass\u001b[39m=\u001b[32m\"text-lg md:text-xl lg:text-2xl\"\u001b[39m\n                \u001b[36m>\u001b[39m\n                  \u001b[0mSalmos 99:9\u001b[0m\n                \u001b[36m</em>\u001b[39m\n              \u001b[36m</p>\u001b[39m\n            \u001b[36m</div>\u001b[39m\n          \u001b[36m</div>\u001b[39m\n        \u001b[36m</h1>\u001b[39m\n        \u001b[36m<div\u001b[39m\n          \u001b[33mclass\u001b[39m=\u001b[32m\"flex w-full max-w-3xl items-center justify-center gap-4\"\u001b[39m\n        \u001b[36m>\u001b[39m\n          \u001b[36m<button\u001b[39m\n            \u001b[33maria-label\u001b[39m=\u001b[32m\"Ir a canción anterior\"\u001b[39m\n            \u001b[33mclass\u001b[39m=\u001b[32m\"group relative overflow-hidden rounded-xl border-2 border-brand-purple-500/30 bg-gradient-to-br from-brand-purple-500/10 to-brand-blue-500/10 px-5 py-2.5 backdrop-blur-sm transition-all duration-300 hover:border-brand-purple-500/60 hover:from-brand-purple-500/20 hover:to-brand-blue-500/20 hover:shadow-lg active:scale-95\"\u001b[39m\n            \u001b[33mtitle\u001b[39m=\u001b[32m\"Ir a canción anterior\"\u001b[39m\n          \u001b[36m>\u001b[39m\n            \u001b[36m<div\u001b[39m\n              \u001b[33mclass\u001b[39m=\u001b[32m\"flex items-center gap-2\"\u001b[39m\n            \u001b[36m>\u001b[39m\n              \u001b[36m<svg\u001b[39m\n                \u001b[33maria-hidden\u001b[39m=\u001b[32m\"true\"\u001b[39m\n                \u001b[33mclass\u001b[39m=\u001b[32m\"transition-transform duration-300 group-hover:-translate-x-1\"\u001b[39m\n                \u001b[33mfill\u001b[39m=\u001b[32m\"none\"\u001b[39m\n                \u001b[33mfocusable\u001b[39m=\u001b[32m\"false\"\u001b[39m\n                \u001b[33mheight\u001b[39m=\u001b[32m\"1em\"\u001b[39m\n                \u001b[33mrole\u001b[39m=\u001b[32m\"presentation\"\u001b[39m\n                \u001b[33mviewBox\u001b[39m=\u001b[32m\"0 0 15 15\"\u001b[39m\n                \u001b[33mwidth\u001b[39m=\u001b[32m\"1em\"\u001b[39m\n              \u001b[36m>\u001b[39m\n                \u001b[36m<path\u001b[39m\n                  \u001b[33md\u001b[39m=\u001b[32m\"M3 7.5L11 0v15z\"\u001b[39m\n                  \u001b[33mfill\u001b[39m=\u001b[32m\"currentColor\"\u001b[39m\n                \u001b[36m/>\u001b[39m\n              \u001b[36m</svg>\u001b[39m\n              \u001b[36m<span\u001b[39m\n                \u001b[33mclass\u001b[39m=\u001b[32m\"text-sm font-semibold text-white/90 transition-colors duration-300 group-hover:text-white\"\u001b[39m\n              \u001b[36m>\u001b[39m\n                \u001b[0mAnterior\u001b[0m\n              \u001b[36m</span>\u001b[39m\n            \u001b[36m</div>\u001b[39m\n          \u001b[36m</button>\u001b[39m\n          \u001b[36m<button\u001b[39m\n            \u001b[33maria-label\u001b[39m=\u001b[32m\"Reiniciar Canción\"\u001b[39m\n            \u001b[33mclass\u001b[39m=\u001b[32m\"group relative flex h-16 w-16 items-center justify-center overflow-hidden rounded-full border-2 border-brand-purple-500/30 bg-gradient-to-br from-brand-purple-500/10 to-brand-blue-500/10 shadow-lg backdrop-blur-sm transition-all duration-300 hover:scale-110 hover:border-brand-purple-500/60 hover:from-brand-purple-500/20 hover:to-brand-blue-500/20 hover:shadow-xl active:scale-95\"\u001b[39m\n            \u001b[33mtitle\u001b[39m=\u001b[32m\"Reiniciar Canción\"\u001b[39m\n          \u001b[36m>\u001b[39m\n            \u001b[36m<svg\u001b[39m\n              \u001b[33maria-hidden\u001b[39m=\u001b[32m\"true\"\u001b[39m\n              \u001b[33mclass\u001b[39m=\u001b[32m\"h-8 w-8 text-white/90 transition-colors duration-300 group-hover:text-white\"\u001b[39m\n              \u001b[33mfill\u001b[39m=\u001b[32m\"none\"\u001b[39m\n              \u001b[33mfocusable\u001b[39m=\u001b[32m\"false\"\u001b[39m\n              \u001b[33mheight\u001b[39m=\u001b[32m\"1em\"\u001b[39m\n              \u001b[33mrole\u001b[39m=\u001b[32m\"presentation\"\u001b[39m\n              \u001b[33mviewBox\u001b[39m=\u001b[32m\"0 0 512 512\"\u001b[39m\n              \u001b[33mwidth\u001b[39m=\u001b[32m\"1em\"\u001b[39m\n            \u001b[36m>\u001b[39m\n              \u001b[36m<path\u001b[39m\n                \u001b[33md\u001b[39m=\u001b[32m\"m11.5 280.6l192 160c20.6 17.2 52.5 2.8 52.5-24.6V96c0-27.4-31.9-41.8-52.5-24.6l-192 160c-15.3 12.8-15.3 36.4 0 49.2m256 0l192 160c20.6 17.2 52.5 2.8 52.5-24.6V96c0-27.4-31.9-41.8-52.5-24.6l-192 160c-15.3 12.8-15.3 36.4 0 49.2\"\u001b[39m\n                \u001b[33mfill\u001b[39m=\u001b[32m\"currentColor\"\u001b[39m\n              \u001b[36m/>\u001b[39m\n            \u001b[36m</svg>\u001b[39m\n          \u001b[36m</button>\u001b[39m\n          \u001b[36m<button\u001b[39m\n            \u001b[33maria-label\u001b[39m=\u001b[32m\"Ir a canción siguiente\"\u001b[39m\n            \u001b[33mclass\u001b[39m=\u001b[32m\"group relative overflow-hidden rounded-xl border-2 border-brand-purple-500/30 bg-gradient-to-br from-brand-purple-500/10 to-brand-blue-500/10 px-5 py-2.5 backdrop-blur-sm transition-all duration-300 hover:border-brand-purple-500/60 hover:from-brand-purple-500/20 hover:to-brand-blue-500/20 hover:shadow-lg active:scale-95\"\u001b[39m\n            \u001b[33mtitle\u001b[39m=\u001b[32m\"Ir a canción siguiente\"\u001b[39m\n          \u001b[36m>\u001b[39m\n            \u001b[36m<div\u001b[39m\n              \u001b[33mclass\u001b[39m=\u001b[32m\"flex items-center gap-2\"\u001b[39m\n            \u001b[36m>\u001b[39m\n              \u001b[36m<span\u001b[39m\n                \u001b[33mclass\u001b[39m=\u001b[32m\"text-sm font-semibold text-white/90 transition-colors duration-300 group-hover:text-white\"\u001b[39m\n              \u001b[36m>\u001b[39m\n                \u001b[0mSiguiente\u001b[0m\n              \u001b[36m</span>\u001b[39m\n              \u001b[36m<svg\u001b[39m\n                \u001b[33maria-hidden\u001b[39m=\u001b[32m\"true\"\u001b[39m\n                \u001b[33mclass\u001b[39m=\u001b[32m\"transition-transform duration-300 group-hover:translate-x-1\"\u001b[39m\n                \u001b[33mfill\u001b[39m=\u001b[32m\"none\"\u001b[39m\n                \u001b[33mfocusable\u001b[39m=\u001b[32m\"false\"\u001b[39m\n                \u001b[33mheight\u001b[39m=\u001b[32m\"1em\"\u001b[39m\n                \u001b[33mrole\u001b[39m=\u001b[32m\"presentation\"\u001b[39m\n                \u001b[33mviewBox\u001b[39m=\u001b[32m\"0 0 15 15\"\u001b[39m\n                \u001b[33mwidth\u001b[39m=\u001b[32m\"1em\"\u001b[39m\n              \u001b[36m>\u001b[39m\n                \u001b[36m<path\u001b[39m\n                  \u001b[33md\u001b[39m=\u001b[32m\"M12 7.5L4 0v15z\"\u001b[39m\n                  \u001b[33mfill\u001b[39m=\u001b[32m\"currentColor\"\u001b[39m\n                \u001b[36m/>\u001b[39m\n              \u001b[36m</svg>\u001b[39m\n            \u001b[36m</div>\u001b[39m\n          \u001b[36m</button>\u001b[39m\n        \u001b[36m</div>\u001b[39m\n      \u001b[36m</div>\u001b[39m\n    \u001b[36m</div>\u001b[39m\n  \u001b[36m</div>\u001b[39m\n\u001b[36m</body>\u001b[39m\n    at Object.getElementError (C:\\Users\\leovp\\Programming\\adorador\\adorador-frontend\\node_modules\\@testing-library\\dom\\dist\\config.js:37:19)\n    at C:\\Users\\leovp\\Programming\\adorador\\adorador-frontend\\node_modules\\@testing-library\\dom\\dist\\query-helpers.js:76:38\n    at C:\\Users\\leovp\\Programming\\adorador\\adorador-frontend\\node_modules\\@testing-library\\dom\\dist\\query-helpers.js:52:17\n    at C:\\Users\\leovp\\Programming\\adorador\\adorador-frontend\\node_modules\\@testing-library\\dom\\dist\\query-helpers.js:95:19\n    at Object.getByText (C:\\Users\\leovp\\Programming\\adorador\\adorador-frontend\\src\\app\\(public)\\grupos\\[bandId]\\eventos\\[eventId]\\en-vivo\\_components\\__tests__\\EventMainScreen.test.tsx:696:21)\n    at Promise.finally.completed (C:\\Users\\leovp\\Programming\\adorador\\adorador-frontend\\node_modules\\jest-circus\\build\\jestAdapterInit.js:1557:28)\n    at new Promise (<anonymous>)\n    at callAsyncCircusFn (C:\\Users\\leovp\\Programming\\adorador\\adorador-frontend\\node_modules\\jest-circus\\build\\jestAdapterInit.js:1497:10)\n    at _callCircusTest (C:\\Users\\leovp\\Programming\\adorador\\adorador-frontend\\node_modules\\jest-circus\\build\\jestAdapterInit.js:1007:40)\n    at processTicksAndRejections (node:internal/process/task_queues:95:5)\n    at _runTest (C:\\Users\\leovp\\Programming\\adorador\\adorador-frontend\\node_modules\\jest-circus\\build\\jestAdapterInit.js:947:3)\n    at C:\\Users\\leovp\\Programming\\adorador\\adorador-frontend\\node_modules\\jest-circus\\build\\jestAdapterInit.js:849:7\n    at _runTestsForDescribeBlock (C:\\Users\\leovp\\Programming\\adorador\\adorador-frontend\\node_modules\\jest-circus\\build\\jestAdapterInit.js:862:11)\n    at _runTestsForDescribeBlock (C:\\Users\\leovp\\Programming\\adorador\\adorador-frontend\\node_modules\\jest-circus\\build\\jestAdapterInit.js:857:11)\n    at _runTestsForDescribeBlock (C:\\Users\\leovp\\Programming\\adorador\\adorador-frontend\\node_modules\\jest-circus\\build\\jestAdapterInit.js:857:11)\n    at run (C:\\Users\\leovp\\Programming\\adorador\\adorador-frontend\\node_modules\\jest-circus\\build\\jestAdapterInit.js:761:3)\n    at runAndTransformResultsToJestFormat (C:\\Users\\leovp\\Programming\\adorador\\adorador-frontend\\node_modules\\jest-circus\\build\\jestAdapterInit.js:1918:21)\n    at jestAdapter (C:\\Users\\leovp\\Programming\\adorador\\adorador-frontend\\node_modules\\jest-circus\\build\\runner.js:101:19)\n    at runTestInternal (C:\\Users\\leovp\\Programming\\adorador\\adorador-frontend\\node_modules\\jest-runner\\build\\testWorker.js:277:16)\n    at runTest (C:\\Users\\leovp\\Programming\\adorador\\adorador-frontend\\node_modules\\jest-runner\\build\\testWorker.js:345:7)\n    at Object.worker (C:\\Users\\leovp\\Programming\\adorador\\adorador-frontend\\node_modules\\jest-runner\\build\\testWorker.js:499:12)"],"fullName":"EventMainScreen Visualización de letras NO debería mostrar LyricsShowcase en la pantalla \"Fin\"","invocations":1,"location":null,"numPassingAsserts":0,"retryReasons":[],"startAt":1763189583743,"status":"failed","title":"NO debería mostrar LyricsShowcase en la pantalla \"Fin\""},{"ancestorTitles":["EventMainScreen","Renderizado de información del evento"],"duration":19,"failing":false,"failureDetails":[],"failureMessages":[],"fullName":"EventMainScreen Renderizado de información del evento debería mostrar el título de la canción en position 0","invocations":1,"location":null,"numPassingAsserts":1,"retryReasons":[],"startAt":1763189583796,"status":"passed","title":"debería mostrar el título de la canción en position 0"},{"ancestorTitles":["EventMainScreen","Renderizado de información del evento"],"duration":13,"failing":false,"failureDetails":[],"failureMessages":[],"fullName":"EventMainScreen Renderizado de información del evento debería mostrar LyricsShowcase cuando position > 0 y < selectedSongLyricLength + 1","invocations":1,"location":null,"numPassingAsserts":1,"retryReasons":[],"startAt":1763189583816,"status":"passed","title":"debería mostrar LyricsShowcase cuando position > 0 y < selectedSongLyricLength + 1"},{"ancestorTitles":["EventMainScreen","Renderizado de información del evento"],"duration":16,"failing":false,"failureDetails":[],"failureMessages":[],"fullName":"EventMainScreen Renderizado de información del evento debería aplicar imagen de fondo correcta","invocations":1,"location":null,"numPassingAsserts":1,"retryReasons":[],"startAt":1763189583830,"status":"passed","title":"debería aplicar imagen de fondo correcta"},{"ancestorTitles":["EventMainScreen","Renderizado de información del evento"],"duration":20,"failing":false,"failureDetails":[],"failureMessages":[],"fullName":"EventMainScreen Renderizado de información del evento debería cambiar imagen de fondo según eventConfig","invocations":1,"location":null,"numPassingAsserts":1,"retryReasons":[],"startAt":1763189583847,"status":"passed","title":"debería cambiar imagen de fondo según eventConfig"},{"ancestorTitles":["EventMainScreen","Botón de pantalla completa"],"duration":15,"failing":false,"failureDetails":[],"failureMessages":[],"fullName":"EventMainScreen Botón de pantalla completa debería mostrar botón de pantalla completa cuando no está en fullscreen","invocations":1,"location":null,"numPassingAsserts":1,"retryReasons":[],"startAt":1763189583867,"status":"passed","title":"debería mostrar botón de pantalla completa cuando no está en fullscreen"},{"ancestorTitles":["EventMainScreen","Botón de pantalla completa"],"duration":18,"failing":false,"failureDetails":[],"failureMessages":[],"fullName":"EventMainScreen Botón de pantalla completa debería llamar activateFullscreen al hacer clic","invocations":1,"location":null,"numPassingAsserts":1,"retryReasons":[],"startAt":1763189583882,"status":"passed","title":"debería llamar activateFullscreen al hacer clic"},{"ancestorTitles":["EventMainScreen","Mensajes en vivo"],"duration":93,"failing":false,"failureDetails":[],"failureMessages":[],"fullName":"EventMainScreen Mensajes en vivo debería mostrar mensaje cuando eventLiveMessage no está vacío","invocations":1,"location":null,"numPassingAsserts":1,"retryReasons":[],"startAt":1763189583901,"status":"passed","title":"debería mostrar mensaje cuando eventLiveMessage no está vacío"},{"ancestorTitles":["EventMainScreen","Mensajes en vivo"],"duration":184,"failing":false,"failureDetails":[],"failureMessages":[],"fullName":"EventMainScreen Mensajes en vivo debería ocultar el mensaje después de 5 segundos","invocations":1,"location":null,"numPassingAsserts":2,"retryReasons":[],"startAt":1763189583995,"status":"passed","title":"debería ocultar el mensaje después de 5 segundos"}],"endTime":1763189584644,"message":"\u001b[1m\u001b[31m  \u001b[1m● \u001b[22m\u001b[1mEventMainScreen › Pantalla \"Fin\" y navegación › debería mostrar \"Fin\" cuando position === selectedSongLyricLength + 1\u001b[39m\u001b[22m\n\n    TestingLibraryElementError: Unable to find an element with the text: Fin. This could be because the text is broken up by multiple elements. In this case, you can provide a function for your text matcher to make your matcher more flexible.\n\n    Ignored nodes: comments, script, style\n    \u001b[36m<body>\u001b[39m\n      \u001b[36m<div>\u001b[39m\n        \u001b[36m<div\u001b[39m\n          \u001b[33mclass\u001b[39m=\u001b[32m\"relative flex h-[22rem] w-full flex-col items-center justify-center overflow-hidden rounded-2xl bg-black/90 bg-cover bg-center bg-no-repeat p-5 text-blanco bg-blend-darken shadow-xl ring-1 ring-white/10 backdrop-blur-sm sm:h-[24rem]\"\u001b[39m\n          \u001b[33mstyle\u001b[39m=\u001b[32m\"background-image: url(\\\"/images/backgrounds/paisaje_1.avif\\\");\"\u001b[39m\n        \u001b[36m>\u001b[39m\n          \u001b[36m<div\u001b[39m\n            \u001b[33mclass\u001b[39m=\u001b[32m\"flex w-full flex-col items-center justify-center gap-8 \"\u001b[39m\n          \u001b[36m>\u001b[39m\n            \u001b[36m<h1\u001b[39m\n              \u001b[33mclass\u001b[39m=\u001b[32m\"font-momotrust text-3xl md:text-5xl lg:text-8xl text-center\"\u001b[39m\n            \u001b[36m>\u001b[39m\n              \u001b[36m<div\u001b[39m\n                \u001b[33mclass\u001b[39m=\u001b[32m\"font-kalam\"\u001b[39m\n              \u001b[36m>\u001b[39m\n                \u001b[36m<div\u001b[39m\n                  \u001b[33mclass\u001b[39m=\u001b[32m\"flex flex-col items-center justify-center\"\u001b[39m\n                \u001b[36m>\u001b[39m\n                  \u001b[36m<p\u001b[39m\n                    \u001b[33mclass\u001b[39m=\u001b[32m\"text-center text-2xl md:text-4xl lg:text-5xl\"\u001b[39m\n                  \u001b[36m>\u001b[39m\n                    \u001b[0mAlzad vuestras manos al santuario, y bendecid a Jehová.\u001b[0m\n                  \u001b[36m</p>\u001b[39m\n                  \u001b[36m<p>\u001b[39m\n                    \u001b[36m<em\u001b[39m\n                      \u001b[33mclass\u001b[39m=\u001b[32m\"text-lg md:text-xl lg:text-2xl\"\u001b[39m\n                    \u001b[36m>\u001b[39m\n                      \u001b[0mSalmos 134:2\u001b[0m\n                    \u001b[36m</em>\u001b[39m\n                  \u001b[36m</p>\u001b[39m\n                \u001b[36m</div>\u001b[39m\n              \u001b[36m</div>\u001b[39m\n            \u001b[36m</h1>\u001b[39m\n            \u001b[36m<div\u001b[39m\n              \u001b[33mclass\u001b[39m=\u001b[32m\"flex w-full max-w-3xl items-center justify-center gap-4\"\u001b[39m\n            \u001b[36m>\u001b[39m\n              \u001b[36m<button\u001b[39m\n                \u001b[33maria-label\u001b[39m=\u001b[32m\"Ir a canción anterior\"\u001b[39m\n                \u001b[33mclass\u001b[39m=\u001b[32m\"group relative overflow-hidden rounded-xl border-2 border-brand-purple-500/30 bg-gradient-to-br from-brand-purple-500/10 to-brand-blue-500/10 px-5 py-2.5 backdrop-blur-sm transition-all duration-300 hover:border-brand-purple-500/60 hover:from-brand-purple-500/20 hover:to-brand-blue-500/20 hover:shadow-lg active:scale-95\"\u001b[39m\n                \u001b[33mtitle\u001b[39m=\u001b[32m\"Ir a canción anterior\"\u001b[39m\n              \u001b[36m>\u001b[39m\n                \u001b[36m<div\u001b[39m\n                  \u001b[33mclass\u001b[39m=\u001b[32m\"flex items-center gap-2\"\u001b[39m\n                \u001b[36m>\u001b[39m\n                  \u001b[36m<svg\u001b[39m\n                    \u001b[33maria-hidden\u001b[39m=\u001b[32m\"true\"\u001b[39m\n                    \u001b[33mclass\u001b[39m=\u001b[32m\"transition-transform duration-300 group-hover:-translate-x-1\"\u001b[39m\n                    \u001b[33mfill\u001b[39m=\u001b[32m\"none\"\u001b[39m\n                    \u001b[33mfocusable\u001b[39m=\u001b[32m\"false\"\u001b[39m\n                    \u001b[33mheight\u001b[39m=\u001b[32m\"1em\"\u001b[39m\n                    \u001b[33mrole\u001b[39m=\u001b[32m\"presentation\"\u001b[39m\n                    \u001b[33mviewBox\u001b[39m=\u001b[32m\"0 0 15 15\"\u001b[39m\n                    \u001b[33mwidth\u001b[39m=\u001b[32m\"1em\"\u001b[39m\n                  \u001b[36m>\u001b[39m\n                    \u001b[36m<path\u001b[39m\n                      \u001b[33md\u001b[39m=\u001b[32m\"M3 7.5L11 0v15z\"\u001b[39m\n                      \u001b[33mfill\u001b[39m=\u001b[32m\"currentColor\"\u001b[39m\n                    \u001b[36m/>\u001b[39m\n                  \u001b[36m</svg>\u001b[39m\n                  \u001b[36m<span\u001b[39m\n                    \u001b[33mclass\u001b[39m=\u001b[32m\"text-sm font-semibold text-white/90 transition-colors duration-300 group-hover:text-white\"\u001b[39m\n                  \u001b[36m>\u001b[39m\n                    \u001b[0mAnterior\u001b[0m\n                  \u001b[36m</span>\u001b[39m\n                \u001b[36m</div>\u001b[39m\n              \u001b[36m</button>\u001b[39m\n              \u001b[36m<button\u001b[39m\n                \u001b[33maria-label\u001b[39m=\u001b[32m\"Reiniciar Canción\"\u001b[39m\n                \u001b[33mclass\u001b[39m=\u001b[32m\"group relative flex h-16 w-16 items-center justify-center overflow-hidden rounded-full border-2 border-brand-purple-500/30 bg-gradient-to-br from-brand-purple-500/10 to-brand-blue-500/10 shadow-lg backdrop-blur-sm transition-all duration-300 hover:scale-110 hover:border-brand-purple-500/60 hover:from-brand-purple-500/20 hover:to-brand-blue-500/20 hover:shadow-xl active:scale-95\"\u001b[39m\n                \u001b[33mtitle\u001b[39m=\u001b[32m\"Reiniciar Canción\"\u001b[39m\n              \u001b[36m>\u001b[39m\n                \u001b[36m<svg\u001b[39m\n                  \u001b[33maria-hidden\u001b[39m=\u001b[32m\"true\"\u001b[39m\n                  \u001b[33mclass\u001b[39m=\u001b[32m\"h-8 w-8 text-white/90 transition-colors duration-300 group-hover:text-white\"\u001b[39m\n                  \u001b[33mfill\u001b[39m=\u001b[32m\"none\"\u001b[39m\n                  \u001b[33mfocusable\u001b[39m=\u001b[32m\"false\"\u001b[39m\n                  \u001b[33mheight\u001b[39m=\u001b[32m\"1em\"\u001b[39m\n                  \u001b[33mrole\u001b[39m=\u001b[32m\"presentation\"\u001b[39m\n                  \u001b[33mviewBox\u001b[39m=\u001b[32m\"0 0 512 512\"\u001b[39m\n                  \u001b[33mwidth\u001b[39m=\u001b[32m\"1em\"\u001b[39m\n                \u001b[36m>\u001b[39m\n                  \u001b[36m<path\u001b[39m\n                    \u001b[33md\u001b[39m=\u001b[32m\"m11.5 280.6l192 160c20.6 17.2 52.5 2.8 52.5-24.6V96c0-27.4-31.9-41.8-52.5-24.6l-192 160c-15.3 12.8-15.3 36.4 0 49.2m256 0l192 160c20.6 17.2 52.5 2.8 52.5-24.6V96c0-27.4-31.9-41.8-52.5-24.6l-192 160c-15.3 12.8-15.3 36.4 0 49.2\"\u001b[39m\n                    \u001b[33mfill\u001b[39m=\u001b[32m\"currentColor\"\u001b[39m\n                  \u001b[36m/>\u001b[39m\n                \u001b[36m</svg>\u001b[39m\n              \u001b[36m</button>\u001b[39m\n              \u001b[36m<button\u001b[39m\n                \u001b[33maria-label\u001b[39m=\u001b[32m\"Ir a canción siguiente\"\u001b[39m\n                \u001b[33mclass\u001b[39m=\u001b[32m\"group relative overflow-hidden rounded-xl border-2 border-brand-purple-500/30 bg-gradient-to-br from-brand-purple-500/10 to-brand-blue-500/10 px-5 py-2.5 backdrop-blur-sm transition-all duration-300 hover:border-brand-purple-500/60 hover:from-brand-purple-500/20 hover:to-brand-blue-500/20 hover:shadow-lg active:scale-95\"\u001b[39m\n                \u001b[33mtitle\u001b[39m=\u001b[32m\"Ir a canción siguiente\"\u001b[39m\n              \u001b[36m>\u001b[39m\n                \u001b[36m<div\u001b[39m\n                  \u001b[33mclass\u001b[39m=\u001b[32m\"flex items-center gap-2\"\u001b[39m\n                \u001b[36m>\u001b[39m\n                  \u001b[36m<span\u001b[39m\n                    \u001b[33mclass\u001b[39m=\u001b[32m\"text-sm font-semibold text-white/90 transition-colors duration-300 group-hover:text-white\"\u001b[39m\n                  \u001b[36m>\u001b[39m\n                    \u001b[0mSiguiente\u001b[0m\n                  \u001b[36m</span>\u001b[39m\n                  \u001b[36m<svg\u001b[39m\n                    \u001b[33maria-hidden\u001b[39m=\u001b[32m\"true\"\u001b[39m\n                    \u001b[33mclass\u001b[39m=\u001b[32m\"transition-transform duration-300 group-hover:translate-x-1\"\u001b[39m\n                    \u001b[33mfill\u001b[39m=\u001b[32m\"none\"\u001b[39m\n                    \u001b[33mfocusable\u001b[39m=\u001b[32m\"false\"\u001b[39m\n                    \u001b[33mheight\u001b[39m=\u001b[32m\"1em\"\u001b[39m\n                    \u001b[33mrole\u001b[39m=\u001b[32m\"presentation\"\u001b[39m\n                    \u001b[33mviewBox\u001b[39m=\u001b[32m\"0 0 15 15\"\u001b[39m\n                    \u001b[33mwidth\u001b[39m=\u001b[32m\"1em\"\u001b[39m\n                  \u001b[36m>\u001b[39m\n                    \u001b[36m<path\u001b[39m\n                      \u001b[33md\u001b[39m=\u001b[32m\"M12 7.5L4 0v15z\"\u001b[39m\n                      \u001b[33mfill\u001b[39m=\u001b[32m\"currentColor\"\u001b[39m\n                    \u001b[36m/>\u001b[39m\n                  \u001b[36m</svg>\u001b[39m\n                \u001b[36m</div>\u001b[39m\n              \u001b[36m</button>\u001b[39m\n            \u001b[36m</div>\u001b[39m\n          \u001b[36m</div>\u001b[39m\n        \u001b[36m</div>\u001b[39m\n      \u001b[36m</div>\u001b[39m\n    \u001b[36m</body>\u001b[39m\n\u001b[2m\u001b[22m\n\u001b[2m    \u001b[0m \u001b[90m 591 |\u001b[39m       render(\u001b[33m<\u001b[39m\u001b[33mEventMainScreen\u001b[39m \u001b[33m/\u001b[39m\u001b[33m>\u001b[39m)\u001b[33m;\u001b[39m\u001b[22m\n\u001b[2m     \u001b[90m 592 |\u001b[39m\u001b[22m\n\u001b[2m    \u001b[31m\u001b[1m>\u001b[22m\u001b[2m\u001b[39m\u001b[90m 593 |\u001b[39m       expect(screen\u001b[33m.\u001b[39mgetByText(\u001b[32m'Fin'\u001b[39m))\u001b[33m.\u001b[39mtoBeInTheDocument()\u001b[33m;\u001b[39m\u001b[22m\n\u001b[2m     \u001b[90m     |\u001b[39m                     \u001b[31m\u001b[1m^\u001b[22m\u001b[2m\u001b[39m\u001b[22m\n\u001b[2m     \u001b[90m 594 |\u001b[39m     })\u001b[33m;\u001b[39m\u001b[22m\n\u001b[2m     \u001b[90m 595 |\u001b[39m\u001b[22m\n\u001b[2m     \u001b[90m 596 |\u001b[39m     it(\u001b[32m'debería mostrar botones de navegación en la pantalla \"Fin\"'\u001b[39m\u001b[33m,\u001b[39m () \u001b[33m=>\u001b[39m {\u001b[0m\u001b[22m\n\u001b[2m\u001b[22m\n\u001b[2m      \u001b[2mat Object.getElementError (\u001b[22m\u001b[2mnode_modules/@testing-library/dom/dist/config.js\u001b[2m:37:19)\u001b[22m\u001b[2m\u001b[22m\n\u001b[2m      \u001b[2mat \u001b[22m\u001b[2mnode_modules/@testing-library/dom/dist/query-helpers.js\u001b[2m:76:38\u001b[22m\u001b[2m\u001b[22m\n\u001b[2m      \u001b[2mat \u001b[22m\u001b[2mnode_modules/@testing-library/dom/dist/query-helpers.js\u001b[2m:52:17\u001b[22m\u001b[2m\u001b[22m\n\u001b[2m      \u001b[2mat \u001b[22m\u001b[2mnode_modules/@testing-library/dom/dist/query-helpers.js\u001b[2m:95:19\u001b[22m\u001b[2m\u001b[22m\n\u001b[2m      \u001b[2mat Object.getByText (C:\\Users\\leovp\\Programming\\adorador\\adorador-frontend\\src\\app\\(public)\u001b[22m\u001b[2m../../../../../grupos/[bandId]/eventos/[eventId]/en-vivo/_components/__tests__/EventMainScreen.test.tsx\u001b[2m:593:21)\u001b[22m\u001b[2m\u001b[22m\n\n\u001b[1m\u001b[31m  \u001b[1m● \u001b[22m\u001b[1mEventMainScreen › Pantalla \"Fin\" y navegación › debería mostrar botones de navegación en la pantalla \"Fin\"\u001b[39m\u001b[22m\n\n    TestingLibraryElementError: Unable to find an element with the text: Fin. This could be because the text is broken up by multiple elements. In this case, you can provide a function for your text matcher to make your matcher more flexible.\n\n    Ignored nodes: comments, script, style\n    \u001b[36m<body>\u001b[39m\n      \u001b[36m<div>\u001b[39m\n        \u001b[36m<div\u001b[39m\n          \u001b[33mclass\u001b[39m=\u001b[32m\"relative flex h-[22rem] w-full flex-col items-center justify-center overflow-hidden rounded-2xl bg-black/90 bg-cover bg-center bg-no-repeat p-5 text-blanco bg-blend-darken shadow-xl ring-1 ring-white/10 backdrop-blur-sm sm:h-[24rem]\"\u001b[39m\n          \u001b[33mstyle\u001b[39m=\u001b[32m\"background-image: url(\\\"/images/backgrounds/paisaje_1.avif\\\");\"\u001b[39m\n        \u001b[36m>\u001b[39m\n          \u001b[36m<div\u001b[39m\n            \u001b[33mclass\u001b[39m=\u001b[32m\"flex w-full flex-col items-center justify-center gap-8 \"\u001b[39m\n          \u001b[36m>\u001b[39m\n            \u001b[36m<h1\u001b[39m\n              \u001b[33mclass\u001b[39m=\u001b[32m\"font-momotrust text-3xl md:text-5xl lg:text-8xl text-center\"\u001b[39m\n            \u001b[36m>\u001b[39m\n              \u001b[36m<div\u001b[39m\n                \u001b[33mclass\u001b[39m=\u001b[32m\"font-kalam\"\u001b[39m\n              \u001b[36m>\u001b[39m\n                \u001b[36m<div\u001b[39m\n                  \u001b[33mclass\u001b[39m=\u001b[32m\"flex flex-col items-center justify-center\"\u001b[39m\n                \u001b[36m>\u001b[39m\n                  \u001b[36m<p\u001b[39m\n                    \u001b[33mclass\u001b[39m=\u001b[32m\"text-center text-2xl md:text-4xl lg:text-5xl\"\u001b[39m\n                  \u001b[36m>\u001b[39m\n                    \u001b[0mSea la gloria de Jehová para siempre; alégrese Jehová en sus obras.\u001b[0m\n                  \u001b[36m</p>\u001b[39m\n                  \u001b[36m<p>\u001b[39m\n                    \u001b[36m<em\u001b[39m\n                      \u001b[33mclass\u001b[39m=\u001b[32m\"text-lg md:text-xl lg:text-2xl\"\u001b[39m\n                    \u001b[36m>\u001b[39m\n                      \u001b[0mSalmos 104:31\u001b[0m\n                    \u001b[36m</em>\u001b[39m\n                  \u001b[36m</p>\u001b[39m\n                \u001b[36m</div>\u001b[39m\n              \u001b[36m</div>\u001b[39m\n            \u001b[36m</h1>\u001b[39m\n            \u001b[36m<div\u001b[39m\n              \u001b[33mclass\u001b[39m=\u001b[32m\"flex w-full max-w-3xl items-center justify-center gap-4\"\u001b[39m\n            \u001b[36m>\u001b[39m\n              \u001b[36m<button\u001b[39m\n                \u001b[33maria-label\u001b[39m=\u001b[32m\"Ir a canción anterior\"\u001b[39m\n                \u001b[33mclass\u001b[39m=\u001b[32m\"group relative overflow-hidden rounded-xl border-2 border-brand-purple-500/30 bg-gradient-to-br from-brand-purple-500/10 to-brand-blue-500/10 px-5 py-2.5 backdrop-blur-sm transition-all duration-300 hover:border-brand-purple-500/60 hover:from-brand-purple-500/20 hover:to-brand-blue-500/20 hover:shadow-lg active:scale-95\"\u001b[39m\n                \u001b[33mtitle\u001b[39m=\u001b[32m\"Ir a canción anterior\"\u001b[39m\n              \u001b[36m>\u001b[39m\n                \u001b[36m<div\u001b[39m\n                  \u001b[33mclass\u001b[39m=\u001b[32m\"flex items-center gap-2\"\u001b[39m\n                \u001b[36m>\u001b[39m\n                  \u001b[36m<svg\u001b[39m\n                    \u001b[33maria-hidden\u001b[39m=\u001b[32m\"true\"\u001b[39m\n                    \u001b[33mclass\u001b[39m=\u001b[32m\"transition-transform duration-300 group-hover:-translate-x-1\"\u001b[39m\n                    \u001b[33mfill\u001b[39m=\u001b[32m\"none\"\u001b[39m\n                    \u001b[33mfocusable\u001b[39m=\u001b[32m\"false\"\u001b[39m\n                    \u001b[33mheight\u001b[39m=\u001b[32m\"1em\"\u001b[39m\n                    \u001b[33mrole\u001b[39m=\u001b[32m\"presentation\"\u001b[39m\n                    \u001b[33mviewBox\u001b[39m=\u001b[32m\"0 0 15 15\"\u001b[39m\n                    \u001b[33mwidth\u001b[39m=\u001b[32m\"1em\"\u001b[39m\n                  \u001b[36m>\u001b[39m\n                    \u001b[36m<path\u001b[39m\n                      \u001b[33md\u001b[39m=\u001b[32m\"M3 7.5L11 0v15z\"\u001b[39m\n                      \u001b[33mfill\u001b[39m=\u001b[32m\"currentColor\"\u001b[39m\n                    \u001b[36m/>\u001b[39m\n                  \u001b[36m</svg>\u001b[39m\n                  \u001b[36m<span\u001b[39m\n                    \u001b[33mclass\u001b[39m=\u001b[32m\"text-sm font-semibold text-white/90 transition-colors duration-300 group-hover:text-white\"\u001b[39m\n                  \u001b[36m>\u001b[39m\n                    \u001b[0mAnterior\u001b[0m\n                  \u001b[36m</span>\u001b[39m\n                \u001b[36m</div>\u001b[39m\n              \u001b[36m</button>\u001b[39m\n              \u001b[36m<button\u001b[39m\n                \u001b[33maria-label\u001b[39m=\u001b[32m\"Reiniciar Canción\"\u001b[39m\n                \u001b[33mclass\u001b[39m=\u001b[32m\"group relative flex h-16 w-16 items-center justify-center overflow-hidden rounded-full border-2 border-brand-purple-500/30 bg-gradient-to-br from-brand-purple-500/10 to-brand-blue-500/10 shadow-lg backdrop-blur-sm transition-all duration-300 hover:scale-110 hover:border-brand-purple-500/60 hover:from-brand-purple-500/20 hover:to-brand-blue-500/20 hover:shadow-xl active:scale-95\"\u001b[39m\n                \u001b[33mtitle\u001b[39m=\u001b[32m\"Reiniciar Canción\"\u001b[39m\n              \u001b[36m>\u001b[39m\n                \u001b[36m<svg\u001b[39m\n                  \u001b[33maria-hidden\u001b[39m=\u001b[32m\"true\"\u001b[39m\n                  \u001b[33mclass\u001b[39m=\u001b[32m\"h-8 w-8 text-white/90 transition-colors duration-300 group-hover:text-white\"\u001b[39m\n                  \u001b[33mfill\u001b[39m=\u001b[32m\"none\"\u001b[39m\n                  \u001b[33mfocusable\u001b[39m=\u001b[32m\"false\"\u001b[39m\n                  \u001b[33mheight\u001b[39m=\u001b[32m\"1em\"\u001b[39m\n                  \u001b[33mrole\u001b[39m=\u001b[32m\"presentation\"\u001b[39m\n                  \u001b[33mviewBox\u001b[39m=\u001b[32m\"0 0 512 512\"\u001b[39m\n                  \u001b[33mwidth\u001b[39m=\u001b[32m\"1em\"\u001b[39m\n                \u001b[36m>\u001b[39m\n                  \u001b[36m<path\u001b[39m\n                    \u001b[33md\u001b[39m=\u001b[32m\"m11.5 280.6l192 160c20.6 17.2 52.5 2.8 52.5-24.6V96c0-27.4-31.9-41.8-52.5-24.6l-192 160c-15.3 12.8-15.3 36.4 0 49.2m256 0l192 160c20.6 17.2 52.5 2.8 52.5-24.6V96c0-27.4-31.9-41.8-52.5-24.6l-192 160c-15.3 12.8-15.3 36.4 0 49.2\"\u001b[39m\n                    \u001b[33mfill\u001b[39m=\u001b[32m\"currentColor\"\u001b[39m\n                  \u001b[36m/>\u001b[39m\n                \u001b[36m</svg>\u001b[39m\n              \u001b[36m</button>\u001b[39m\n              \u001b[36m<button\u001b[39m\n                \u001b[33maria-label\u001b[39m=\u001b[32m\"Ir a canción siguiente\"\u001b[39m\n                \u001b[33mclass\u001b[39m=\u001b[32m\"group relative overflow-hidden rounded-xl border-2 border-brand-purple-500/30 bg-gradient-to-br from-brand-purple-500/10 to-brand-blue-500/10 px-5 py-2.5 backdrop-blur-sm transition-all duration-300 hover:border-brand-purple-500/60 hover:from-brand-purple-500/20 hover:to-brand-blue-500/20 hover:shadow-lg active:scale-95\"\u001b[39m\n                \u001b[33mtitle\u001b[39m=\u001b[32m\"Ir a canción siguiente\"\u001b[39m\n              \u001b[36m>\u001b[39m\n                \u001b[36m<div\u001b[39m\n                  \u001b[33mclass\u001b[39m=\u001b[32m\"flex items-center gap-2\"\u001b[39m\n                \u001b[36m>\u001b[39m\n                  \u001b[36m<span\u001b[39m\n                    \u001b[33mclass\u001b[39m=\u001b[32m\"text-sm font-semibold text-white/90 transition-colors duration-300 group-hover:text-white\"\u001b[39m\n                  \u001b[36m>\u001b[39m\n                    \u001b[0mSiguiente\u001b[0m\n                  \u001b[36m</span>\u001b[39m\n                  \u001b[36m<svg\u001b[39m\n                    \u001b[33maria-hidden\u001b[39m=\u001b[32m\"true\"\u001b[39m\n                    \u001b[33mclass\u001b[39m=\u001b[32m\"transition-transform duration-300 group-hover:translate-x-1\"\u001b[39m\n                    \u001b[33mfill\u001b[39m=\u001b[32m\"none\"\u001b[39m\n                    \u001b[33mfocusable\u001b[39m=\u001b[32m\"false\"\u001b[39m\n                    \u001b[33mheight\u001b[39m=\u001b[32m\"1em\"\u001b[39m\n                    \u001b[33mrole\u001b[39m=\u001b[32m\"presentation\"\u001b[39m\n                    \u001b[33mviewBox\u001b[39m=\u001b[32m\"0 0 15 15\"\u001b[39m\n                    \u001b[33mwidth\u001b[39m=\u001b[32m\"1em\"\u001b[39m\n                  \u001b[36m>\u001b[39m\n                    \u001b[36m<path\u001b[39m\n                      \u001b[33md\u001b[39m=\u001b[32m\"M12 7.5L4 0v15z\"\u001b[39m\n                      \u001b[33mfill\u001b[39m=\u001b[32m\"currentColor\"\u001b[39m\n                    \u001b[36m/>\u001b[39m\n                  \u001b[36m</svg>\u001b[39m\n                \u001b[36m</div>\u001b[39m\n              \u001b[36m</button>\u001b[39m\n            \u001b[36m</div>\u001b[39m\n          \u001b[36m</div>\u001b[39m\n        \u001b[36m</div>\u001b[39m\n      \u001b[36m</div>\u001b[39m\n    \u001b[36m</body>\u001b[39m\n\u001b[2m\u001b[22m\n\u001b[2m    \u001b[0m \u001b[90m 601 |\u001b[39m       render(\u001b[33m<\u001b[39m\u001b[33mEventMainScreen\u001b[39m \u001b[33m/\u001b[39m\u001b[33m>\u001b[39m)\u001b[33m;\u001b[39m\u001b[22m\n\u001b[2m     \u001b[90m 602 |\u001b[39m\u001b[22m\n\u001b[2m    \u001b[31m\u001b[1m>\u001b[22m\u001b[2m\u001b[39m\u001b[90m 603 |\u001b[39m       expect(screen\u001b[33m.\u001b[39mgetByText(\u001b[32m'Fin'\u001b[39m))\u001b[33m.\u001b[39mtoBeInTheDocument()\u001b[33m;\u001b[39m\u001b[22m\n\u001b[2m     \u001b[90m     |\u001b[39m                     \u001b[31m\u001b[1m^\u001b[22m\u001b[2m\u001b[39m\u001b[22m\n\u001b[2m     \u001b[90m 604 |\u001b[39m       expect(screen\u001b[33m.\u001b[39mgetByText(\u001b[32m'Anterior'\u001b[39m))\u001b[33m.\u001b[39mtoBeInTheDocument()\u001b[33m;\u001b[39m\u001b[22m\n\u001b[2m     \u001b[90m 605 |\u001b[39m       expect(screen\u001b[33m.\u001b[39mgetByText(\u001b[32m'Siguiente'\u001b[39m))\u001b[33m.\u001b[39mtoBeInTheDocument()\u001b[33m;\u001b[39m\u001b[22m\n\u001b[2m     \u001b[90m 606 |\u001b[39m     })\u001b[33m;\u001b[39m\u001b[0m\u001b[22m\n\u001b[2m\u001b[22m\n\u001b[2m      \u001b[2mat Object.getElementError (\u001b[22m\u001b[2mnode_modules/@testing-library/dom/dist/config.js\u001b[2m:37:19)\u001b[22m\u001b[2m\u001b[22m\n\u001b[2m      \u001b[2mat \u001b[22m\u001b[2mnode_modules/@testing-library/dom/dist/query-helpers.js\u001b[2m:76:38\u001b[22m\u001b[2m\u001b[22m\n\u001b[2m      \u001b[2mat \u001b[22m\u001b[2mnode_modules/@testing-library/dom/dist/query-helpers.js\u001b[2m:52:17\u001b[22m\u001b[2m\u001b[22m\n\u001b[2m      \u001b[2mat \u001b[22m\u001b[2mnode_modules/@testing-library/dom/dist/query-helpers.js\u001b[2m:95:19\u001b[22m\u001b[2m\u001b[22m\n\u001b[2m      \u001b[2mat Object.getByText (C:\\Users\\leovp\\Programming\\adorador\\adorador-frontend\\src\\app\\(public)\u001b[22m\u001b[2m../../../../../grupos/[bandId]/eventos/[eventId]/en-vivo/_components/__tests__/EventMainScreen.test.tsx\u001b[2m:603:21)\u001b[22m\u001b[2m\u001b[22m\n\n\u001b[1m\u001b[31m  \u001b[1m● \u001b[22m\u001b[1mEventMainScreen › Pantalla \"Fin\" y navegación › debería mostrar botón de reiniciar en la pantalla \"Fin\"\u001b[39m\u001b[22m\n\n    TestingLibraryElementError: Unable to find an element with the text: Fin. This could be because the text is broken up by multiple elements. In this case, you can provide a function for your text matcher to make your matcher more flexible.\n\n    Ignored nodes: comments, script, style\n    \u001b[36m<body>\u001b[39m\n      \u001b[36m<div>\u001b[39m\n        \u001b[36m<div\u001b[39m\n          \u001b[33mclass\u001b[39m=\u001b[32m\"relative flex h-[22rem] w-full flex-col items-center justify-center overflow-hidden rounded-2xl bg-black/90 bg-cover bg-center bg-no-repeat p-5 text-blanco bg-blend-darken shadow-xl ring-1 ring-white/10 backdrop-blur-sm sm:h-[24rem]\"\u001b[39m\n          \u001b[33mstyle\u001b[39m=\u001b[32m\"background-image: url(\\\"/images/backgrounds/paisaje_1.avif\\\");\"\u001b[39m\n        \u001b[36m>\u001b[39m\n          \u001b[36m<div\u001b[39m\n            \u001b[33mclass\u001b[39m=\u001b[32m\"flex w-full flex-col items-center justify-center gap-8 \"\u001b[39m\n          \u001b[36m>\u001b[39m\n            \u001b[36m<h1\u001b[39m\n              \u001b[33mclass\u001b[39m=\u001b[32m\"font-momotrust text-3xl md:text-5xl lg:text-8xl text-center\"\u001b[39m\n            \u001b[36m>\u001b[39m\n              \u001b[36m<div\u001b[39m\n                \u001b[33mclass\u001b[39m=\u001b[32m\"font-kalam\"\u001b[39m\n              \u001b[36m>\u001b[39m\n                \u001b[36m<div\u001b[39m\n                  \u001b[33mclass\u001b[39m=\u001b[32m\"flex flex-col items-center justify-center\"\u001b[39m\n                \u001b[36m>\u001b[39m\n                  \u001b[36m<p\u001b[39m\n                    \u001b[33mclass\u001b[39m=\u001b[32m\"text-center text-2xl md:text-4xl lg:text-5xl\"\u001b[39m\n                  \u001b[36m>\u001b[39m\n                    \u001b[0mEngrandeced a Jehová conmigo, y exaltemos a una su nombre.\u001b[0m\n                  \u001b[36m</p>\u001b[39m\n                  \u001b[36m<p>\u001b[39m\n                    \u001b[36m<em\u001b[39m\n                      \u001b[33mclass\u001b[39m=\u001b[32m\"text-lg md:text-xl lg:text-2xl\"\u001b[39m\n                    \u001b[36m>\u001b[39m\n                      \u001b[0mSalmos 34:3\u001b[0m\n                    \u001b[36m</em>\u001b[39m\n                  \u001b[36m</p>\u001b[39m\n                \u001b[36m</div>\u001b[39m\n              \u001b[36m</div>\u001b[39m\n            \u001b[36m</h1>\u001b[39m\n            \u001b[36m<div\u001b[39m\n              \u001b[33mclass\u001b[39m=\u001b[32m\"flex w-full max-w-3xl items-center justify-center gap-4\"\u001b[39m\n            \u001b[36m>\u001b[39m\n              \u001b[36m<button\u001b[39m\n                \u001b[33maria-label\u001b[39m=\u001b[32m\"Reiniciar Canción\"\u001b[39m\n                \u001b[33mclass\u001b[39m=\u001b[32m\"group relative flex h-16 w-16 items-center justify-center overflow-hidden rounded-full border-2 border-brand-purple-500/30 bg-gradient-to-br from-brand-purple-500/10 to-brand-blue-500/10 shadow-lg backdrop-blur-sm transition-all duration-300 hover:scale-110 hover:border-brand-purple-500/60 hover:from-brand-purple-500/20 hover:to-brand-blue-500/20 hover:shadow-xl active:scale-95\"\u001b[39m\n                \u001b[33mtitle\u001b[39m=\u001b[32m\"Reiniciar Canción\"\u001b[39m\n              \u001b[36m>\u001b[39m\n                \u001b[36m<svg\u001b[39m\n                  \u001b[33maria-hidden\u001b[39m=\u001b[32m\"true\"\u001b[39m\n                  \u001b[33mclass\u001b[39m=\u001b[32m\"h-8 w-8 text-white/90 transition-colors duration-300 group-hover:text-white\"\u001b[39m\n                  \u001b[33mfill\u001b[39m=\u001b[32m\"none\"\u001b[39m\n                  \u001b[33mfocusable\u001b[39m=\u001b[32m\"false\"\u001b[39m\n                  \u001b[33mheight\u001b[39m=\u001b[32m\"1em\"\u001b[39m\n                  \u001b[33mrole\u001b[39m=\u001b[32m\"presentation\"\u001b[39m\n                  \u001b[33mviewBox\u001b[39m=\u001b[32m\"0 0 512 512\"\u001b[39m\n                  \u001b[33mwidth\u001b[39m=\u001b[32m\"1em\"\u001b[39m\n                \u001b[36m>\u001b[39m\n                  \u001b[36m<path\u001b[39m\n                    \u001b[33md\u001b[39m=\u001b[32m\"m11.5 280.6l192 160c20.6 17.2 52.5 2.8 52.5-24.6V96c0-27.4-31.9-41.8-52.5-24.6l-192 160c-15.3 12.8-15.3 36.4 0 49.2m256 0l192 160c20.6 17.2 52.5 2.8 52.5-24.6V96c0-27.4-31.9-41.8-52.5-24.6l-192 160c-15.3 12.8-15.3 36.4 0 49.2\"\u001b[39m\n                    \u001b[33mfill\u001b[39m=\u001b[32m\"currentColor\"\u001b[39m\n                  \u001b[36m/>\u001b[39m\n                \u001b[36m</svg>\u001b[39m\n              \u001b[36m</button>\u001b[39m\n              \u001b[36m<button\u001b[39m\n                \u001b[33maria-label\u001b[39m=\u001b[32m\"Ir a canción siguiente\"\u001b[39m\n                \u001b[33mclass\u001b[39m=\u001b[32m\"group relative overflow-hidden rounded-xl border-2 border-brand-purple-500/30 bg-gradient-to-br from-brand-purple-500/10 to-brand-blue-500/10 px-5 py-2.5 backdrop-blur-sm transition-all duration-300 hover:border-brand-purple-500/60 hover:from-brand-purple-500/20 hover:to-brand-blue-500/20 hover:shadow-lg active:scale-95\"\u001b[39m\n                \u001b[33mtitle\u001b[39m=\u001b[32m\"Ir a canción siguiente\"\u001b[39m\n              \u001b[36m>\u001b[39m\n                \u001b[36m<div\u001b[39m\n                  \u001b[33mclass\u001b[39m=\u001b[32m\"flex items-center gap-2\"\u001b[39m\n                \u001b[36m>\u001b[39m\n                  \u001b[36m<span\u001b[39m\n                    \u001b[33mclass\u001b[39m=\u001b[32m\"text-sm font-semibold text-white/90 transition-colors duration-300 group-hover:text-white\"\u001b[39m\n                  \u001b[36m>\u001b[39m\n                    \u001b[0mSiguiente\u001b[0m\n                  \u001b[36m</span>\u001b[39m\n                  \u001b[36m<svg\u001b[39m\n                    \u001b[33maria-hidden\u001b[39m=\u001b[32m\"true\"\u001b[39m\n                    \u001b[33mclass\u001b[39m=\u001b[32m\"transition-transform duration-300 group-hover:translate-x-1\"\u001b[39m\n                    \u001b[33mfill\u001b[39m=\u001b[32m\"none\"\u001b[39m\n                    \u001b[33mfocusable\u001b[39m=\u001b[32m\"false\"\u001b[39m\n                    \u001b[33mheight\u001b[39m=\u001b[32m\"1em\"\u001b[39m\n                    \u001b[33mrole\u001b[39m=\u001b[32m\"presentation\"\u001b[39m\n                    \u001b[33mviewBox\u001b[39m=\u001b[32m\"0 0 15 15\"\u001b[39m\n                    \u001b[33mwidth\u001b[39m=\u001b[32m\"1em\"\u001b[39m\n                  \u001b[36m>\u001b[39m\n                    \u001b[36m<path\u001b[39m\n                      \u001b[33md\u001b[39m=\u001b[32m\"M12 7.5L4 0v15z\"\u001b[39m\n                      \u001b[33mfill\u001b[39m=\u001b[32m\"currentColor\"\u001b[39m\n                    \u001b[36m/>\u001b[39m\n                  \u001b[36m</svg>\u001b[39m\n                \u001b[36m</div>\u001b[39m\n              \u001b[36m</button>\u001b[39m\n            \u001b[36m</div>\u001b[39m\n          \u001b[36m</div>\u001b[39m\n        \u001b[36m</div>\u001b[39m\n      \u001b[36m</div>\u001b[39m\n    \u001b[36m</body>\u001b[39m\n\u001b[2m\u001b[22m\n\u001b[2m    \u001b[0m \u001b[90m 613 |\u001b[39m       render(\u001b[33m<\u001b[39m\u001b[33mEventMainScreen\u001b[39m \u001b[33m/\u001b[39m\u001b[33m>\u001b[39m)\u001b[33m;\u001b[39m\u001b[22m\n\u001b[2m     \u001b[90m 614 |\u001b[39m\u001b[22m\n\u001b[2m    \u001b[31m\u001b[1m>\u001b[22m\u001b[2m\u001b[39m\u001b[90m 615 |\u001b[39m       expect(screen\u001b[33m.\u001b[39mgetByText(\u001b[32m'Fin'\u001b[39m))\u001b[33m.\u001b[39mtoBeInTheDocument()\u001b[33m;\u001b[39m\u001b[22m\n\u001b[2m     \u001b[90m     |\u001b[39m                     \u001b[31m\u001b[1m^\u001b[22m\u001b[2m\u001b[39m\u001b[22m\n\u001b[2m     \u001b[90m 616 |\u001b[39m       expect(\u001b[22m\n\u001b[2m     \u001b[90m 617 |\u001b[39m         screen\u001b[33m.\u001b[39mgetByRole(\u001b[32m'button'\u001b[39m\u001b[33m,\u001b[39m { name\u001b[33m:\u001b[39m \u001b[35m/reiniciar canción/i\u001b[39m })\u001b[33m,\u001b[39m\u001b[22m\n\u001b[2m     \u001b[90m 618 |\u001b[39m       )\u001b[33m.\u001b[39mtoBeInTheDocument()\u001b[33m;\u001b[39m\u001b[0m\u001b[22m\n\u001b[2m\u001b[22m\n\u001b[2m      \u001b[2mat Object.getElementError (\u001b[22m\u001b[2mnode_modules/@testing-library/dom/dist/config.js\u001b[2m:37:19)\u001b[22m\u001b[2m\u001b[22m\n\u001b[2m      \u001b[2mat \u001b[22m\u001b[2mnode_modules/@testing-library/dom/dist/query-helpers.js\u001b[2m:76:38\u001b[22m\u001b[2m\u001b[22m\n\u001b[2m      \u001b[2mat \u001b[22m\u001b[2mnode_modules/@testing-library/dom/dist/query-helpers.js\u001b[2m:52:17\u001b[22m\u001b[2m\u001b[22m\n\u001b[2m      \u001b[2mat \u001b[22m\u001b[2mnode_modules/@testing-library/dom/dist/query-helpers.js\u001b[2m:95:19\u001b[22m\u001b[2m\u001b[22m\n\u001b[2m      \u001b[2mat Object.getByText (C:\\Users\\leovp\\Programming\\adorador\\adorador-frontend\\src\\app\\(public)\u001b[22m\u001b[2m../../../../../grupos/[bandId]/eventos/[eventId]/en-vivo/_components/__tests__/EventMainScreen.test.tsx\u001b[2m:615:21)\u001b[22m\u001b[2m\u001b[22m\n\n\u001b[1m\u001b[31m  \u001b[1m● \u001b[22m\u001b[1mEventMainScreen › Pantalla \"Fin\" y navegación › NO debería mostrar botones en pantalla \"Fin\" cuando NO está en fullscreen\u001b[39m\u001b[22m\n\n    TestingLibraryElementError: Unable to find an element with the text: Fin. This could be because the text is broken up by multiple elements. In this case, you can provide a function for your text matcher to make your matcher more flexible.\n\n    Ignored nodes: comments, script, style\n    \u001b[36m<body>\u001b[39m\n      \u001b[36m<div>\u001b[39m\n        \u001b[36m<div\u001b[39m\n          \u001b[33mclass\u001b[39m=\u001b[32m\"relative flex h-[22rem] w-full flex-col items-center justify-center overflow-hidden rounded-2xl bg-black/90 bg-cover bg-center bg-no-repeat p-5 text-blanco bg-blend-darken shadow-xl ring-1 ring-white/10 backdrop-blur-sm sm:h-[24rem]\"\u001b[39m\n          \u001b[33mstyle\u001b[39m=\u001b[32m\"background-image: url(\\\"/images/backgrounds/paisaje_1.avif\\\");\"\u001b[39m\n        \u001b[36m>\u001b[39m\n          \u001b[36m<div\u001b[39m\n            \u001b[33mclass\u001b[39m=\u001b[32m\"flex w-full flex-col items-center justify-center gap-8 \"\u001b[39m\n          \u001b[36m>\u001b[39m\n            \u001b[36m<h1\u001b[39m\n              \u001b[33mclass\u001b[39m=\u001b[32m\"font-momotrust text-xl md:text-3xl lg:text-5xl text-center\"\u001b[39m\n            \u001b[36m>\u001b[39m\n              \u001b[36m<div\u001b[39m\n                \u001b[33mclass\u001b[39m=\u001b[32m\"font-kalam\"\u001b[39m\n              \u001b[36m>\u001b[39m\n                \u001b[36m<div\u001b[39m\n                  \u001b[33mclass\u001b[39m=\u001b[32m\"flex flex-col items-center justify-center\"\u001b[39m\n                \u001b[36m>\u001b[39m\n                  \u001b[36m<p\u001b[39m\n                    \u001b[33mclass\u001b[39m=\u001b[32m\"text-center text-2xl md:text-4xl lg:text-5xl\"\u001b[39m\n                  \u001b[36m>\u001b[39m\n                    \u001b[0mCantaré a Jehová mientras viva; a mi Dios cantaré salmos mientras exista.\u001b[0m\n                  \u001b[36m</p>\u001b[39m\n                  \u001b[36m<p>\u001b[39m\n                    \u001b[36m<em\u001b[39m\n                      \u001b[33mclass\u001b[39m=\u001b[32m\"text-lg md:text-xl lg:text-2xl\"\u001b[39m\n                    \u001b[36m>\u001b[39m\n                      \u001b[0mSalmos 104:33\u001b[0m\n                    \u001b[36m</em>\u001b[39m\n                  \u001b[36m</p>\u001b[39m\n                \u001b[36m</div>\u001b[39m\n              \u001b[36m</div>\u001b[39m\n            \u001b[36m</h1>\u001b[39m\n          \u001b[36m</div>\u001b[39m\n          \u001b[36m<button\u001b[39m\n            \u001b[33maria-label\u001b[39m=\u001b[32m\"Activar pantalla completa\"\u001b[39m\n            \u001b[33mclass\u001b[39m=\u001b[32m\"absolute bottom-3 right-3 z-20 rounded-xl bg-gradient-to-br from-brand-purple-500 to-brand-blue-500 p-3 shadow-lg backdrop-blur-sm transition-all duration-200 hover:scale-110 hover:shadow-xl active:scale-95\"\u001b[39m\n            \u001b[33mtitle\u001b[39m=\u001b[32m\"Pantalla completa\"\u001b[39m\n          \u001b[36m>\u001b[39m\n            \u001b[36m<svg\u001b[39m\n              \u001b[33maria-hidden\u001b[39m=\u001b[32m\"true\"\u001b[39m\n              \u001b[33mfill\u001b[39m=\u001b[32m\"none\"\u001b[39m\n              \u001b[33mfocusable\u001b[39m=\u001b[32m\"false\"\u001b[39m\n              \u001b[33mheight\u001b[39m=\u001b[32m\"1em\"\u001b[39m\n              \u001b[33mrole\u001b[39m=\u001b[32m\"presentation\"\u001b[39m\n              \u001b[33mviewBox\u001b[39m=\u001b[32m\"0 0 24 24\"\u001b[39m\n              \u001b[33mwidth\u001b[39m=\u001b[32m\"1em\"\u001b[39m\n            \u001b[36m>\u001b[39m\n              \u001b[36m<path\u001b[39m\n                \u001b[33md\u001b[39m=\u001b[32m\"M3 21v-5h2v3h3v2zm13 0v-2h3v-3h2v5zM3 8V3h5v2H5v3zm16 0V5h-3V3h5v5z\"\u001b[39m\n                \u001b[33mfill\u001b[39m=\u001b[32m\"currentColor\"\u001b[39m\n              \u001b[36m/>\u001b[39m\n            \u001b[36m</svg>\u001b[39m\n          \u001b[36m</button>\u001b[39m\n        \u001b[36m</div>\u001b[39m\n      \u001b[36m</div>\u001b[39m\n    \u001b[36m</body>\u001b[39m\n\u001b[2m\u001b[22m\n\u001b[2m    \u001b[0m \u001b[90m 648 |\u001b[39m       render(\u001b[33m<\u001b[39m\u001b[33mEventMainScreen\u001b[39m \u001b[33m/\u001b[39m\u001b[33m>\u001b[39m)\u001b[33m;\u001b[39m\u001b[22m\n\u001b[2m     \u001b[90m 649 |\u001b[39m\u001b[22m\n\u001b[2m    \u001b[31m\u001b[1m>\u001b[22m\u001b[2m\u001b[39m\u001b[90m 650 |\u001b[39m       expect(screen\u001b[33m.\u001b[39mgetByText(\u001b[32m'Fin'\u001b[39m))\u001b[33m.\u001b[39mtoBeInTheDocument()\u001b[33m;\u001b[39m\u001b[22m\n\u001b[2m     \u001b[90m     |\u001b[39m                     \u001b[31m\u001b[1m^\u001b[22m\u001b[2m\u001b[39m\u001b[22m\n\u001b[2m     \u001b[90m 651 |\u001b[39m       expect(\u001b[22m\n\u001b[2m     \u001b[90m 652 |\u001b[39m         screen\u001b[33m.\u001b[39mqueryByRole(\u001b[32m'button'\u001b[39m\u001b[33m,\u001b[39m { name\u001b[33m:\u001b[39m \u001b[35m/reiniciar canción/i\u001b[39m })\u001b[33m,\u001b[39m\u001b[22m\n\u001b[2m     \u001b[90m 653 |\u001b[39m       )\u001b[33m.\u001b[39mnot\u001b[33m.\u001b[39mtoBeInTheDocument()\u001b[33m;\u001b[39m\u001b[0m\u001b[22m\n\u001b[2m\u001b[22m\n\u001b[2m      \u001b[2mat Object.getElementError (\u001b[22m\u001b[2mnode_modules/@testing-library/dom/dist/config.js\u001b[2m:37:19)\u001b[22m\u001b[2m\u001b[22m\n\u001b[2m      \u001b[2mat \u001b[22m\u001b[2mnode_modules/@testing-library/dom/dist/query-helpers.js\u001b[2m:76:38\u001b[22m\u001b[2m\u001b[22m\n\u001b[2m      \u001b[2mat \u001b[22m\u001b[2mnode_modules/@testing-library/dom/dist/query-helpers.js\u001b[2m:52:17\u001b[22m\u001b[2m\u001b[22m\n\u001b[2m      \u001b[2mat \u001b[22m\u001b[2mnode_modules/@testing-library/dom/dist/query-helpers.js\u001b[2m:95:19\u001b[22m\u001b[2m\u001b[22m\n\u001b[2m      \u001b[2mat Object.getByText (C:\\Users\\leovp\\Programming\\adorador\\adorador-frontend\\src\\app\\(public)\u001b[22m\u001b[2m../../../../../grupos/[bandId]/eventos/[eventId]/en-vivo/_components/__tests__/EventMainScreen.test.tsx\u001b[2m:650:21)\u001b[22m\u001b[2m\u001b[22m\n\n\u001b[1m\u001b[31m  \u001b[1m● \u001b[22m\u001b[1mEventMainScreen › Pantalla \"Fin\" y navegación › debería mostrar botones en pantalla \"Fin\" SOLO cuando está en fullscreen Y es event manager\u001b[39m\u001b[22m\n\n    TestingLibraryElementError: Unable to find an element with the text: Fin. This could be because the text is broken up by multiple elements. In this case, you can provide a function for your text matcher to make your matcher more flexible.\n\n    Ignored nodes: comments, script, style\n    \u001b[36m<body>\u001b[39m\n      \u001b[36m<div>\u001b[39m\n        \u001b[36m<div\u001b[39m\n          \u001b[33mclass\u001b[39m=\u001b[32m\"relative flex h-[22rem] w-full flex-col items-center justify-center overflow-hidden rounded-2xl bg-black/90 bg-cover bg-center bg-no-repeat p-5 text-blanco bg-blend-darken shadow-xl ring-1 ring-white/10 backdrop-blur-sm sm:h-[24rem]\"\u001b[39m\n          \u001b[33mstyle\u001b[39m=\u001b[32m\"background-image: url(\\\"/images/backgrounds/paisaje_1.avif\\\");\"\u001b[39m\n        \u001b[36m>\u001b[39m\n          \u001b[36m<div\u001b[39m\n            \u001b[33mclass\u001b[39m=\u001b[32m\"flex w-full flex-col items-center justify-center gap-8 \"\u001b[39m\n          \u001b[36m>\u001b[39m\n            \u001b[36m<h1\u001b[39m\n              \u001b[33mclass\u001b[39m=\u001b[32m\"font-momotrust text-3xl md:text-5xl lg:text-8xl text-center\"\u001b[39m\n            \u001b[36m>\u001b[39m\n              \u001b[36m<div\u001b[39m\n                \u001b[33mclass\u001b[39m=\u001b[32m\"font-kalam\"\u001b[39m\n              \u001b[36m>\u001b[39m\n                \u001b[36m<div\u001b[39m\n                  \u001b[33mclass\u001b[39m=\u001b[32m\"flex flex-col items-center justify-center\"\u001b[39m\n                \u001b[36m>\u001b[39m\n                  \u001b[36m<p\u001b[39m\n                    \u001b[33mclass\u001b[39m=\u001b[32m\"text-center text-2xl md:text-4xl lg:text-5xl\"\u001b[39m\n                  \u001b[36m>\u001b[39m\n                    \u001b[0mTodo lo que respira alabe a Jehová.\u001b[0m\n                  \u001b[36m</p>\u001b[39m\n                  \u001b[36m<p>\u001b[39m\n                    \u001b[36m<em\u001b[39m\n                      \u001b[33mclass\u001b[39m=\u001b[32m\"text-lg md:text-xl lg:text-2xl\"\u001b[39m\n                    \u001b[36m>\u001b[39m\n                      \u001b[0mSalmos 150:6\u001b[0m\n                    \u001b[36m</em>\u001b[39m\n                  \u001b[36m</p>\u001b[39m\n                \u001b[36m</div>\u001b[39m\n              \u001b[36m</div>\u001b[39m\n            \u001b[36m</h1>\u001b[39m\n            \u001b[36m<div\u001b[39m\n              \u001b[33mclass\u001b[39m=\u001b[32m\"flex w-full max-w-3xl items-center justify-center gap-4\"\u001b[39m\n            \u001b[36m>\u001b[39m\n              \u001b[36m<button\u001b[39m\n                \u001b[33maria-label\u001b[39m=\u001b[32m\"Ir a canción anterior\"\u001b[39m\n                \u001b[33mclass\u001b[39m=\u001b[32m\"group relative overflow-hidden rounded-xl border-2 border-brand-purple-500/30 bg-gradient-to-br from-brand-purple-500/10 to-brand-blue-500/10 px-5 py-2.5 backdrop-blur-sm transition-all duration-300 hover:border-brand-purple-500/60 hover:from-brand-purple-500/20 hover:to-brand-blue-500/20 hover:shadow-lg active:scale-95\"\u001b[39m\n                \u001b[33mtitle\u001b[39m=\u001b[32m\"Ir a canción anterior\"\u001b[39m\n              \u001b[36m>\u001b[39m\n                \u001b[36m<div\u001b[39m\n                  \u001b[33mclass\u001b[39m=\u001b[32m\"flex items-center gap-2\"\u001b[39m\n                \u001b[36m>\u001b[39m\n                  \u001b[36m<svg\u001b[39m\n                    \u001b[33maria-hidden\u001b[39m=\u001b[32m\"true\"\u001b[39m\n                    \u001b[33mclass\u001b[39m=\u001b[32m\"transition-transform duration-300 group-hover:-translate-x-1\"\u001b[39m\n                    \u001b[33mfill\u001b[39m=\u001b[32m\"none\"\u001b[39m\n                    \u001b[33mfocusable\u001b[39m=\u001b[32m\"false\"\u001b[39m\n                    \u001b[33mheight\u001b[39m=\u001b[32m\"1em\"\u001b[39m\n                    \u001b[33mrole\u001b[39m=\u001b[32m\"presentation\"\u001b[39m\n                    \u001b[33mviewBox\u001b[39m=\u001b[32m\"0 0 15 15\"\u001b[39m\n                    \u001b[33mwidth\u001b[39m=\u001b[32m\"1em\"\u001b[39m\n                  \u001b[36m>\u001b[39m\n                    \u001b[36m<path\u001b[39m\n                      \u001b[33md\u001b[39m=\u001b[32m\"M3 7.5L11 0v15z\"\u001b[39m\n                      \u001b[33mfill\u001b[39m=\u001b[32m\"currentColor\"\u001b[39m\n                    \u001b[36m/>\u001b[39m\n                  \u001b[36m</svg>\u001b[39m\n                  \u001b[36m<span\u001b[39m\n                    \u001b[33mclass\u001b[39m=\u001b[32m\"text-sm font-semibold text-white/90 transition-colors duration-300 group-hover:text-white\"\u001b[39m\n                  \u001b[36m>\u001b[39m\n                    \u001b[0mAnterior\u001b[0m\n                  \u001b[36m</span>\u001b[39m\n                \u001b[36m</div>\u001b[39m\n              \u001b[36m</button>\u001b[39m\n              \u001b[36m<button\u001b[39m\n                \u001b[33maria-label\u001b[39m=\u001b[32m\"Reiniciar Canción\"\u001b[39m\n                \u001b[33mclass\u001b[39m=\u001b[32m\"group relative flex h-16 w-16 items-center justify-center overflow-hidden rounded-full border-2 border-brand-purple-500/30 bg-gradient-to-br from-brand-purple-500/10 to-brand-blue-500/10 shadow-lg backdrop-blur-sm transition-all duration-300 hover:scale-110 hover:border-brand-purple-500/60 hover:from-brand-purple-500/20 hover:to-brand-blue-500/20 hover:shadow-xl active:scale-95\"\u001b[39m\n                \u001b[33mtitle\u001b[39m=\u001b[32m\"Reiniciar Canción\"\u001b[39m\n              \u001b[36m>\u001b[39m\n                \u001b[36m<svg\u001b[39m\n                  \u001b[33maria-hidden\u001b[39m=\u001b[32m\"true\"\u001b[39m\n                  \u001b[33mclass\u001b[39m=\u001b[32m\"h-8 w-8 text-white/90 transition-colors duration-300 group-hover:text-white\"\u001b[39m\n                  \u001b[33mfill\u001b[39m=\u001b[32m\"none\"\u001b[39m\n                  \u001b[33mfocusable\u001b[39m=\u001b[32m\"false\"\u001b[39m\n                  \u001b[33mheight\u001b[39m=\u001b[32m\"1em\"\u001b[39m\n                  \u001b[33mrole\u001b[39m=\u001b[32m\"presentation\"\u001b[39m\n                  \u001b[33mviewBox\u001b[39m=\u001b[32m\"0 0 512 512\"\u001b[39m\n                  \u001b[33mwidth\u001b[39m=\u001b[32m\"1em\"\u001b[39m\n                \u001b[36m>\u001b[39m\n                  \u001b[36m<path\u001b[39m\n                    \u001b[33md\u001b[39m=\u001b[32m\"m11.5 280.6l192 160c20.6 17.2 52.5 2.8 52.5-24.6V96c0-27.4-31.9-41.8-52.5-24.6l-192 160c-15.3 12.8-15.3 36.4 0 49.2m256 0l192 160c20.6 17.2 52.5 2.8 52.5-24.6V96c0-27.4-31.9-41.8-52.5-24.6l-192 160c-15.3 12.8-15.3 36.4 0 49.2\"\u001b[39m\n                    \u001b[33mfill\u001b[39m=\u001b[32m\"currentColor\"\u001b[39m\n                  \u001b[36m/>\u001b[39m\n                \u001b[36m</svg>\u001b[39m\n              \u001b[36m</button>\u001b[39m\n              \u001b[36m<button\u001b[39m\n                \u001b[33maria-label\u001b[39m=\u001b[32m\"Ir a canción siguiente\"\u001b[39m\n                \u001b[33mclass\u001b[39m=\u001b[32m\"group relative overflow-hidden rounded-xl border-2 border-brand-purple-500/30 bg-gradient-to-br from-brand-purple-500/10 to-brand-blue-500/10 px-5 py-2.5 backdrop-blur-sm transition-all duration-300 hover:border-brand-purple-500/60 hover:from-brand-purple-500/20 hover:to-brand-blue-500/20 hover:shadow-lg active:scale-95\"\u001b[39m\n                \u001b[33mtitle\u001b[39m=\u001b[32m\"Ir a canción siguiente\"\u001b[39m\n              \u001b[36m>\u001b[39m\n                \u001b[36m<div\u001b[39m\n                  \u001b[33mclass\u001b[39m=\u001b[32m\"flex items-center gap-2\"\u001b[39m\n                \u001b[36m>\u001b[39m\n                  \u001b[36m<span\u001b[39m\n                    \u001b[33mclass\u001b[39m=\u001b[32m\"text-sm font-semibold text-white/90 transition-colors duration-300 group-hover:text-white\"\u001b[39m\n                  \u001b[36m>\u001b[39m\n                    \u001b[0mSiguiente\u001b[0m\n                  \u001b[36m</span>\u001b[39m\n                  \u001b[36m<svg\u001b[39m\n                    \u001b[33maria-hidden\u001b[39m=\u001b[32m\"true\"\u001b[39m\n                    \u001b[33mclass\u001b[39m=\u001b[32m\"transition-transform duration-300 group-hover:translate-x-1\"\u001b[39m\n                    \u001b[33mfill\u001b[39m=\u001b[32m\"none\"\u001b[39m\n                    \u001b[33mfocusable\u001b[39m=\u001b[32m\"false\"\u001b[39m\n                    \u001b[33mheight\u001b[39m=\u001b[32m\"1em\"\u001b[39m\n                    \u001b[33mrole\u001b[39m=\u001b[32m\"presentation\"\u001b[39m\n                    \u001b[33mviewBox\u001b[39m=\u001b[32m\"0 0 15 15\"\u001b[39m\n                    \u001b[33mwidth\u001b[39m=\u001b[32m\"1em\"\u001b[39m\n                  \u001b[36m>\u001b[39m\n                    \u001b[36m<path\u001b[39m\n                      \u001b[33md\u001b[39m=\u001b[32m\"M12 7.5L4 0v15z\"\u001b[39m\n                      \u001b[33mfill\u001b[39m=\u001b[32m\"currentColor\"\u001b[39m\n                    \u001b[36m/>\u001b[39m\n                  \u001b[36m</svg>\u001b[39m\n                \u001b[36m</div>\u001b[39m\n              \u001b[36m</button>\u001b[39m\n            \u001b[36m</div>\u001b[39m\n          \u001b[36m</div>\u001b[39m\n        \u001b[36m</div>\u001b[39m\n      \u001b[36m</div>\u001b[39m\n    \u001b[36m</body>\u001b[39m\n\u001b[2m\u001b[22m\n\u001b[2m    \u001b[0m \u001b[90m 664 |\u001b[39m       render(\u001b[33m<\u001b[39m\u001b[33mEventMainScreen\u001b[39m \u001b[33m/\u001b[39m\u001b[33m>\u001b[39m)\u001b[33m;\u001b[39m\u001b[22m\n\u001b[2m     \u001b[90m 665 |\u001b[39m\u001b[22m\n\u001b[2m    \u001b[31m\u001b[1m>\u001b[22m\u001b[2m\u001b[39m\u001b[90m 666 |\u001b[39m       expect(screen\u001b[33m.\u001b[39mgetByText(\u001b[32m'Fin'\u001b[39m))\u001b[33m.\u001b[39mtoBeInTheDocument()\u001b[33m;\u001b[39m\u001b[22m\n\u001b[2m     \u001b[90m     |\u001b[39m                     \u001b[31m\u001b[1m^\u001b[22m\u001b[2m\u001b[39m\u001b[22m\n\u001b[2m     \u001b[90m 667 |\u001b[39m       expect(\u001b[22m\n\u001b[2m     \u001b[90m 668 |\u001b[39m         screen\u001b[33m.\u001b[39mgetByRole(\u001b[32m'button'\u001b[39m\u001b[33m,\u001b[39m { name\u001b[33m:\u001b[39m \u001b[35m/reiniciar canción/i\u001b[39m })\u001b[33m,\u001b[39m\u001b[22m\n\u001b[2m     \u001b[90m 669 |\u001b[39m       )\u001b[33m.\u001b[39mtoBeInTheDocument()\u001b[33m;\u001b[39m\u001b[0m\u001b[22m\n\u001b[2m\u001b[22m\n\u001b[2m      \u001b[2mat Object.getElementError (\u001b[22m\u001b[2mnode_modules/@testing-library/dom/dist/config.js\u001b[2m:37:19)\u001b[22m\u001b[2m\u001b[22m\n\u001b[2m      \u001b[2mat \u001b[22m\u001b[2mnode_modules/@testing-library/dom/dist/query-helpers.js\u001b[2m:76:38\u001b[22m\u001b[2m\u001b[22m\n\u001b[2m      \u001b[2mat \u001b[22m\u001b[2mnode_modules/@testing-library/dom/dist/query-helpers.js\u001b[2m:52:17\u001b[22m\u001b[2m\u001b[22m\n\u001b[2m      \u001b[2mat \u001b[22m\u001b[2mnode_modules/@testing-library/dom/dist/query-helpers.js\u001b[2m:95:19\u001b[22m\u001b[2m\u001b[22m\n\u001b[2m      \u001b[2mat Object.getByText (C:\\Users\\leovp\\Programming\\adorador\\adorador-frontend\\src\\app\\(public)\u001b[22m\u001b[2m../../../../../grupos/[bandId]/eventos/[eventId]/en-vivo/_components/__tests__/EventMainScreen.test.tsx\u001b[2m:666:21)\u001b[22m\u001b[2m\u001b[22m\n\n\u001b[1m\u001b[31m  \u001b[1m● \u001b[22m\u001b[1mEventMainScreen › Visualización de letras › NO debería mostrar LyricsShowcase en la pantalla \"Fin\"\u001b[39m\u001b[22m\n\n    TestingLibraryElementError: Unable to find an element with the text: Fin. This could be because the text is broken up by multiple elements. In this case, you can provide a function for your text matcher to make your matcher more flexible.\n\n    Ignored nodes: comments, script, style\n    \u001b[36m<body>\u001b[39m\n      \u001b[36m<div>\u001b[39m\n        \u001b[36m<div\u001b[39m\n          \u001b[33mclass\u001b[39m=\u001b[32m\"relative flex h-[22rem] w-full flex-col items-center justify-center overflow-hidden rounded-2xl bg-black/90 bg-cover bg-center bg-no-repeat p-5 text-blanco bg-blend-darken shadow-xl ring-1 ring-white/10 backdrop-blur-sm sm:h-[24rem]\"\u001b[39m\n          \u001b[33mstyle\u001b[39m=\u001b[32m\"background-image: url(\\\"/images/backgrounds/paisaje_1.avif\\\");\"\u001b[39m\n        \u001b[36m>\u001b[39m\n          \u001b[36m<div\u001b[39m\n            \u001b[33mclass\u001b[39m=\u001b[32m\"flex w-full flex-col items-center justify-center gap-8 \"\u001b[39m\n          \u001b[36m>\u001b[39m\n            \u001b[36m<h1\u001b[39m\n              \u001b[33mclass\u001b[39m=\u001b[32m\"font-momotrust text-3xl md:text-5xl lg:text-8xl text-center\"\u001b[39m\n            \u001b[36m>\u001b[39m\n              \u001b[36m<div\u001b[39m\n                \u001b[33mclass\u001b[39m=\u001b[32m\"font-kalam\"\u001b[39m\n              \u001b[36m>\u001b[39m\n                \u001b[36m<div\u001b[39m\n                  \u001b[33mclass\u001b[39m=\u001b[32m\"flex flex-col items-center justify-center\"\u001b[39m\n                \u001b[36m>\u001b[39m\n                  \u001b[36m<p\u001b[39m\n                    \u001b[33mclass\u001b[39m=\u001b[32m\"text-center text-2xl md:text-4xl lg:text-5xl\"\u001b[39m\n                  \u001b[36m>\u001b[39m\n                    \u001b[0mExaltad al Señor nuestro Dios, y postraos ante su santo monte.\u001b[0m\n                  \u001b[36m</p>\u001b[39m\n                  \u001b[36m<p>\u001b[39m\n                    \u001b[36m<em\u001b[39m\n                      \u001b[33mclass\u001b[39m=\u001b[32m\"text-lg md:text-xl lg:text-2xl\"\u001b[39m\n                    \u001b[36m>\u001b[39m\n                      \u001b[0mSalmos 99:9\u001b[0m\n                    \u001b[36m</em>\u001b[39m\n                  \u001b[36m</p>\u001b[39m\n                \u001b[36m</div>\u001b[39m\n              \u001b[36m</div>\u001b[39m\n            \u001b[36m</h1>\u001b[39m\n            \u001b[36m<div\u001b[39m\n              \u001b[33mclass\u001b[39m=\u001b[32m\"flex w-full max-w-3xl items-center justify-center gap-4\"\u001b[39m\n            \u001b[36m>\u001b[39m\n              \u001b[36m<button\u001b[39m\n                \u001b[33maria-label\u001b[39m=\u001b[32m\"Ir a canción anterior\"\u001b[39m\n                \u001b[33mclass\u001b[39m=\u001b[32m\"group relative overflow-hidden rounded-xl border-2 border-brand-purple-500/30 bg-gradient-to-br from-brand-purple-500/10 to-brand-blue-500/10 px-5 py-2.5 backdrop-blur-sm transition-all duration-300 hover:border-brand-purple-500/60 hover:from-brand-purple-500/20 hover:to-brand-blue-500/20 hover:shadow-lg active:scale-95\"\u001b[39m\n                \u001b[33mtitle\u001b[39m=\u001b[32m\"Ir a canción anterior\"\u001b[39m\n              \u001b[36m>\u001b[39m\n                \u001b[36m<div\u001b[39m\n                  \u001b[33mclass\u001b[39m=\u001b[32m\"flex items-center gap-2\"\u001b[39m\n                \u001b[36m>\u001b[39m\n                  \u001b[36m<svg\u001b[39m\n                    \u001b[33maria-hidden\u001b[39m=\u001b[32m\"true\"\u001b[39m\n                    \u001b[33mclass\u001b[39m=\u001b[32m\"transition-transform duration-300 group-hover:-translate-x-1\"\u001b[39m\n                    \u001b[33mfill\u001b[39m=\u001b[32m\"none\"\u001b[39m\n                    \u001b[33mfocusable\u001b[39m=\u001b[32m\"false\"\u001b[39m\n                    \u001b[33mheight\u001b[39m=\u001b[32m\"1em\"\u001b[39m\n                    \u001b[33mrole\u001b[39m=\u001b[32m\"presentation\"\u001b[39m\n                    \u001b[33mviewBox\u001b[39m=\u001b[32m\"0 0 15 15\"\u001b[39m\n                    \u001b[33mwidth\u001b[39m=\u001b[32m\"1em\"\u001b[39m\n                  \u001b[36m>\u001b[39m\n                    \u001b[36m<path\u001b[39m\n                      \u001b[33md\u001b[39m=\u001b[32m\"M3 7.5L11 0v15z\"\u001b[39m\n                      \u001b[33mfill\u001b[39m=\u001b[32m\"currentColor\"\u001b[39m\n                    \u001b[36m/>\u001b[39m\n                  \u001b[36m</svg>\u001b[39m\n                  \u001b[36m<span\u001b[39m\n                    \u001b[33mclass\u001b[39m=\u001b[32m\"text-sm font-semibold text-white/90 transition-colors duration-300 group-hover:text-white\"\u001b[39m\n                  \u001b[36m>\u001b[39m\n                    \u001b[0mAnterior\u001b[0m\n                  \u001b[36m</span>\u001b[39m\n                \u001b[36m</div>\u001b[39m\n              \u001b[36m</button>\u001b[39m\n              \u001b[36m<button\u001b[39m\n                \u001b[33maria-label\u001b[39m=\u001b[32m\"Reiniciar Canción\"\u001b[39m\n                \u001b[33mclass\u001b[39m=\u001b[32m\"group relative flex h-16 w-16 items-center justify-center overflow-hidden rounded-full border-2 border-brand-purple-500/30 bg-gradient-to-br from-brand-purple-500/10 to-brand-blue-500/10 shadow-lg backdrop-blur-sm transition-all duration-300 hover:scale-110 hover:border-brand-purple-500/60 hover:from-brand-purple-500/20 hover:to-brand-blue-500/20 hover:shadow-xl active:scale-95\"\u001b[39m\n                \u001b[33mtitle\u001b[39m=\u001b[32m\"Reiniciar Canción\"\u001b[39m\n              \u001b[36m>\u001b[39m\n                \u001b[36m<svg\u001b[39m\n                  \u001b[33maria-hidden\u001b[39m=\u001b[32m\"true\"\u001b[39m\n                  \u001b[33mclass\u001b[39m=\u001b[32m\"h-8 w-8 text-white/90 transition-colors duration-300 group-hover:text-white\"\u001b[39m\n                  \u001b[33mfill\u001b[39m=\u001b[32m\"none\"\u001b[39m\n                  \u001b[33mfocusable\u001b[39m=\u001b[32m\"false\"\u001b[39m\n                  \u001b[33mheight\u001b[39m=\u001b[32m\"1em\"\u001b[39m\n                  \u001b[33mrole\u001b[39m=\u001b[32m\"presentation\"\u001b[39m\n                  \u001b[33mviewBox\u001b[39m=\u001b[32m\"0 0 512 512\"\u001b[39m\n                  \u001b[33mwidth\u001b[39m=\u001b[32m\"1em\"\u001b[39m\n                \u001b[36m>\u001b[39m\n                  \u001b[36m<path\u001b[39m\n                    \u001b[33md\u001b[39m=\u001b[32m\"m11.5 280.6l192 160c20.6 17.2 52.5 2.8 52.5-24.6V96c0-27.4-31.9-41.8-52.5-24.6l-192 160c-15.3 12.8-15.3 36.4 0 49.2m256 0l192 160c20.6 17.2 52.5 2.8 52.5-24.6V96c0-27.4-31.9-41.8-52.5-24.6l-192 160c-15.3 12.8-15.3 36.4 0 49.2\"\u001b[39m\n                    \u001b[33mfill\u001b[39m=\u001b[32m\"currentColor\"\u001b[39m\n                  \u001b[36m/>\u001b[39m\n                \u001b[36m</svg>\u001b[39m\n              \u001b[36m</button>\u001b[39m\n              \u001b[36m<button\u001b[39m\n                \u001b[33maria-label\u001b[39m=\u001b[32m\"Ir a canción siguiente\"\u001b[39m\n                \u001b[33mclass\u001b[39m=\u001b[32m\"group relative overflow-hidden rounded-xl border-2 border-brand-purple-500/30 bg-gradient-to-br from-brand-purple-500/10 to-brand-blue-500/10 px-5 py-2.5 backdrop-blur-sm transition-all duration-300 hover:border-brand-purple-500/60 hover:from-brand-purple-500/20 hover:to-brand-blue-500/20 hover:shadow-lg active:scale-95\"\u001b[39m\n                \u001b[33mtitle\u001b[39m=\u001b[32m\"Ir a canción siguiente\"\u001b[39m\n              \u001b[36m>\u001b[39m\n                \u001b[36m<div\u001b[39m\n                  \u001b[33mclass\u001b[39m=\u001b[32m\"flex items-center gap-2\"\u001b[39m\n                \u001b[36m>\u001b[39m\n                  \u001b[36m<span\u001b[39m\n                    \u001b[33mclass\u001b[39m=\u001b[32m\"text-sm font-semibold text-white/90 transition-colors duration-300 group-hover:text-white\"\u001b[39m\n                  \u001b[36m>\u001b[39m\n                    \u001b[0mSiguiente\u001b[0m\n                  \u001b[36m</span>\u001b[39m\n                  \u001b[36m<svg\u001b[39m\n                    \u001b[33maria-hidden\u001b[39m=\u001b[32m\"true\"\u001b[39m\n                    \u001b[33mclass\u001b[39m=\u001b[32m\"transition-transform duration-300 group-hover:translate-x-1\"\u001b[39m\n                    \u001b[33mfill\u001b[39m=\u001b[32m\"none\"\u001b[39m\n                    \u001b[33mfocusable\u001b[39m=\u001b[32m\"false\"\u001b[39m\n                    \u001b[33mheight\u001b[39m=\u001b[32m\"1em\"\u001b[39m\n                    \u001b[33mrole\u001b[39m=\u001b[32m\"presentation\"\u001b[39m\n                    \u001b[33mviewBox\u001b[39m=\u001b[32m\"0 0 15 15\"\u001b[39m\n                    \u001b[33mwidth\u001b[39m=\u001b[32m\"1em\"\u001b[39m\n                  \u001b[36m>\u001b[39m\n                    \u001b[36m<path\u001b[39m\n                      \u001b[33md\u001b[39m=\u001b[32m\"M12 7.5L4 0v15z\"\u001b[39m\n                      \u001b[33mfill\u001b[39m=\u001b[32m\"currentColor\"\u001b[39m\n                    \u001b[36m/>\u001b[39m\n                  \u001b[36m</svg>\u001b[39m\n                \u001b[36m</div>\u001b[39m\n              \u001b[36m</button>\u001b[39m\n            \u001b[36m</div>\u001b[39m\n          \u001b[36m</div>\u001b[39m\n        \u001b[36m</div>\u001b[39m\n      \u001b[36m</div>\u001b[39m\n    \u001b[36m</body>\u001b[39m\n\u001b[2m\u001b[22m\n\u001b[2m    \u001b[0m \u001b[90m 694 |\u001b[39m       render(\u001b[33m<\u001b[39m\u001b[33mEventMainScreen\u001b[39m \u001b[33m/\u001b[39m\u001b[33m>\u001b[39m)\u001b[33m;\u001b[39m\u001b[22m\n\u001b[2m     \u001b[90m 695 |\u001b[39m\u001b[22m\n\u001b[2m    \u001b[31m\u001b[1m>\u001b[22m\u001b[2m\u001b[39m\u001b[90m 696 |\u001b[39m       expect(screen\u001b[33m.\u001b[39mgetByText(\u001b[32m'Fin'\u001b[39m))\u001b[33m.\u001b[39mtoBeInTheDocument()\u001b[33m;\u001b[39m\u001b[22m\n\u001b[2m     \u001b[90m     |\u001b[39m                     \u001b[31m\u001b[1m^\u001b[22m\u001b[2m\u001b[39m\u001b[22m\n\u001b[2m     \u001b[90m 697 |\u001b[39m       expect(screen\u001b[33m.\u001b[39mqueryByTestId(\u001b[32m'lyrics-showcase'\u001b[39m))\u001b[33m.\u001b[39mnot\u001b[33m.\u001b[39mtoBeInTheDocument()\u001b[33m;\u001b[39m\u001b[22m\n\u001b[2m     \u001b[90m 698 |\u001b[39m     })\u001b[33m;\u001b[39m\u001b[22m\n\u001b[2m     \u001b[90m 699 |\u001b[39m   })\u001b[33m;\u001b[39m\u001b[0m\u001b[22m\n\u001b[2m\u001b[22m\n\u001b[2m      \u001b[2mat Object.getElementError (\u001b[22m\u001b[2mnode_modules/@testing-library/dom/dist/config.js\u001b[2m:37:19)\u001b[22m\u001b[2m\u001b[22m\n\u001b[2m      \u001b[2mat \u001b[22m\u001b[2mnode_modules/@testing-library/dom/dist/query-helpers.js\u001b[2m:76:38\u001b[22m\u001b[2m\u001b[22m\n\u001b[2m      \u001b[2mat \u001b[22m\u001b[2mnode_modules/@testing-library/dom/dist/query-helpers.js\u001b[2m:52:17\u001b[22m\u001b[2m\u001b[22m\n\u001b[2m      \u001b[2mat \u001b[22m\u001b[2mnode_modules/@testing-library/dom/dist/query-helpers.js\u001b[2m:95:19\u001b[22m\u001b[2m\u001b[22m\n\u001b[2m      \u001b[2mat Object.getByText (C:\\Users\\leovp\\Programming\\adorador\\adorador-frontend\\src\\app\\(public)\u001b[22m\u001b[2m../../../../../grupos/[bandId]/eventos/[eventId]/en-vivo/_components/__tests__/EventMainScreen.test.tsx\u001b[2m:696:21)\u001b[22m\u001b[2m\u001b[22m\n","name":"C:\\Users\\leovp\\Programming\\adorador\\adorador-frontend\\src\\app\\(public)\\grupos\\[bandId]\\eventos\\[eventId]\\en-vivo\\_components\\__tests__\\EventMainScreen.test.tsx","startTime":1763189576635,"status":"failed","summary":""},{"assertionResults":[{"ancestorTitles":["songsOfBandService","getSongsOfBand"],"duration":212,"failing":false,"failureDetails":[],"failureMessages":[],"fullName":"songsOfBandService getSongsOfBand should use query key with bandId to prevent cache collision","invocations":1,"location":null,"numPassingAsserts":3,"retryReasons":[],"startAt":1763189584065,"status":"passed","title":"should use query key with bandId to prevent cache collision"},{"ancestorTitles":["songsOfBandService","getSongsOfBand"],"duration":261,"failing":false,"failureDetails":[],"failureMessages":[],"fullName":"songsOfBandService getSongsOfBand should maintain separate cache for different bandIds","invocations":1,"location":null,"numPassingAsserts":7,"retryReasons":[],"startAt":1763189584280,"status":"passed","title":"should maintain separate cache for different bandIds"},{"ancestorTitles":["songsOfBandService","getSongsOfBand"],"duration":338,"failing":false,"failureDetails":[],"failureMessages":[],"fullName":"songsOfBandService getSongsOfBand should not return songs from wrong band due to cache collision","invocations":1,"location":null,"numPassingAsserts":6,"retryReasons":[],"startAt":1763189584542,"status":"passed","title":"should not return songs from wrong band due to cache collision"}],"endTime":1763189584891,"message":"","name":"C:\\Users\\leovp\\Programming\\adorador\\adorador-frontend\\src\\app\\(public)\\grupos\\[bandId]\\canciones\\_services\\__tests__\\songsOfBandService.test.tsx","startTime":1763189581537,"status":"passed","summary":""},{"assertionResults":[{"ancestorTitles":["SongBasicInfo"],"duration":177,"failing":false,"failureDetails":[],"failureMessages":[],"fullName":"SongBasicInfo should render song title","invocations":1,"location":null,"numPassingAsserts":1,"retryReasons":[],"startAt":1763189584100,"status":"passed","title":"should render song title"},{"ancestorTitles":["SongBasicInfo"],"duration":47,"failing":false,"failureDetails":[],"failureMessages":[],"fullName":"SongBasicInfo should display song metadata (artist, type, key, tempo)","invocations":1,"location":null,"numPassingAsserts":4,"retryReasons":[],"startAt":1763189584288,"status":"passed","title":"should display song metadata (artist, type, key, tempo)"},{"ancestorTitles":["SongBasicInfo"],"duration":123,"failing":false,"failureDetails":[],"failureMessages":[],"fullName":"SongBasicInfo should display song metadata (artist, type, key, tempo)","invocations":1,"location":null,"numPassingAsserts":4,"retryReasons":[],"startAt":1763189584336,"status":"passed","title":"should display song metadata (artist, type, key, tempo)"},{"ancestorTitles":["SongBasicInfo"],"duration":159,"failing":false,"failureDetails":[],"failureMessages":[],"fullName":"SongBasicInfo should render YouTube thumbnail when youtubeLink exists","invocations":1,"location":null,"numPassingAsserts":2,"retryReasons":[],"startAt":1763189584460,"status":"passed","title":"should render YouTube thumbnail when youtubeLink exists"},{"ancestorTitles":["SongBasicInfo"],"duration":27,"failing":false,"failureDetails":[],"failureMessages":[],"fullName":"SongBasicInfo should not render YouTube thumbnail when youtubeLink is undefined","invocations":1,"location":null,"numPassingAsserts":1,"retryReasons":[],"startAt":1763189584619,"status":"passed","title":"should not render YouTube thumbnail when youtubeLink is undefined"},{"ancestorTitles":["SongBasicInfo"],"duration":42,"failing":false,"failureDetails":[],"failureMessages":[],"fullName":"SongBasicInfo should render play button when youtubeLink exists","invocations":1,"location":null,"numPassingAsserts":1,"retryReasons":[],"startAt":1763189584647,"status":"passed","title":"should render play button when youtubeLink exists"},{"ancestorTitles":["SongBasicInfo"],"duration":65,"failing":false,"failureDetails":[],"failureMessages":[],"fullName":"SongBasicInfo should render YouTube link button when youtubeLink exists","invocations":1,"location":null,"numPassingAsserts":3,"retryReasons":[],"startAt":1763189584691,"status":"passed","title":"should render YouTube link button when youtubeLink exists"},{"ancestorTitles":["SongBasicInfo"],"duration":55,"failing":false,"failureDetails":[],"failureMessages":[],"fullName":"SongBasicInfo should not render play/YouTube buttons when youtubeLink is undefined","invocations":1,"location":null,"numPassingAsserts":2,"retryReasons":[],"startAt":1763189584757,"status":"passed","title":"should not render play/YouTube buttons when youtubeLink is undefined"},{"ancestorTitles":["SongBasicInfo"],"duration":31,"failing":false,"failureDetails":[],"failureMessages":[],"fullName":"SongBasicInfo should render controls button","invocations":1,"location":null,"numPassingAsserts":1,"retryReasons":[],"startAt":1763189584813,"status":"passed","title":"should render controls button"},{"ancestorTitles":["SongBasicInfo"],"duration":24,"failing":false,"failureDetails":[],"failureMessages":[],"fullName":"SongBasicInfo should render edit button in edit mode","invocations":1,"location":null,"numPassingAsserts":1,"retryReasons":[],"startAt":1763189584845,"status":"passed","title":"should render edit button in edit mode"},{"ancestorTitles":["SongBasicInfo"],"duration":39,"failing":false,"failureDetails":[],"failureMessages":[],"fullName":"SongBasicInfo should render normalize button when lyrics exist","invocations":1,"location":null,"numPassingAsserts":1,"retryReasons":[],"startAt":1763189584870,"status":"passed","title":"should render normalize button when lyrics exist"},{"ancestorTitles":["SongBasicInfo"],"duration":26,"failing":false,"failureDetails":[],"failureMessages":[],"fullName":"SongBasicInfo should not render normalize button when lyrics are empty","invocations":1,"location":null,"numPassingAsserts":1,"retryReasons":[],"startAt":1763189584910,"status":"passed","title":"should not render normalize button when lyrics are empty"},{"ancestorTitles":["SongBasicInfo"],"duration":26,"failing":false,"failureDetails":[],"failureMessages":[],"fullName":"SongBasicInfo should not render normalize button when lyrics prop is undefined","invocations":1,"location":null,"numPassingAsserts":1,"retryReasons":[],"startAt":1763189584936,"status":"passed","title":"should not render normalize button when lyrics prop is undefined"},{"ancestorTitles":["SongBasicInfo"],"duration":31,"failing":false,"failureDetails":[],"failureMessages":[],"fullName":"SongBasicInfo should render delete button when song has no lyrics","invocations":1,"location":null,"numPassingAsserts":1,"retryReasons":[],"startAt":1763189584963,"status":"passed","title":"should render delete button when song has no lyrics"},{"ancestorTitles":["SongBasicInfo"],"duration":23,"failing":false,"failureDetails":[],"failureMessages":[],"fullName":"SongBasicInfo should not render delete button when song has lyrics","invocations":1,"location":null,"numPassingAsserts":1,"retryReasons":[],"startAt":1763189584995,"status":"passed","title":"should not render delete button when song has lyrics"},{"ancestorTitles":["SongBasicInfo"],"duration":50,"failing":false,"failureDetails":[],"failureMessages":[],"fullName":"SongBasicInfo should call $SelectedSong.set when play button is clicked","invocations":1,"location":null,"numPassingAsserts":1,"retryReasons":[],"startAt":1763189585019,"status":"passed","title":"should call $SelectedSong.set when play button is clicked"},{"ancestorTitles":["SongBasicInfo"],"duration":34,"failing":false,"failureDetails":[],"failureMessages":[],"fullName":"SongBasicInfo should apply minimalist CSS classes to play button","invocations":1,"location":null,"numPassingAsserts":4,"retryReasons":[],"startAt":1763189585069,"status":"passed","title":"should apply minimalist CSS classes to play button"},{"ancestorTitles":["SongBasicInfo"],"duration":32,"failing":false,"failureDetails":[],"failureMessages":[],"fullName":"SongBasicInfo should apply minimalist CSS classes to controls button","invocations":1,"location":null,"numPassingAsserts":4,"retryReasons":[],"startAt":1763189585104,"status":"passed","title":"should apply minimalist CSS classes to controls button"},{"ancestorTitles":["SongBasicInfo"],"duration":27,"failing":false,"failureDetails":[],"failureMessages":[],"fullName":"SongBasicInfo should handle missing optional metadata gracefully","invocations":1,"location":null,"numPassingAsserts":3,"retryReasons":[],"startAt":1763189585136,"status":"passed","title":"should handle missing optional metadata gracefully"},{"ancestorTitles":["SongBasicInfo","Practice/Edit Mode Toggle"],"duration":33,"failing":false,"failureDetails":[],"failureMessages":[],"fullName":"SongBasicInfo Practice/Edit Mode Toggle should render toggle button when in practice mode","invocations":1,"location":null,"numPassingAsserts":2,"retryReasons":[],"startAt":1763189585164,"status":"passed","title":"should render toggle button when in practice mode"},{"ancestorTitles":["SongBasicInfo","Practice/Edit Mode Toggle"],"duration":83,"failing":false,"failureDetails":[],"failureMessages":[],"fullName":"SongBasicInfo Practice/Edit Mode Toggle should render toggle button when in edit mode","invocations":1,"location":null,"numPassingAsserts":2,"retryReasons":[],"startAt":1763189585197,"status":"passed","title":"should render toggle button when in edit mode"},{"ancestorTitles":["SongBasicInfo","Practice/Edit Mode Toggle"],"duration":53,"failing":false,"failureDetails":[],"failureMessages":[],"fullName":"SongBasicInfo Practice/Edit Mode Toggle should call onPracticeModeChange when toggle button is clicked","invocations":1,"location":null,"numPassingAsserts":1,"retryReasons":[],"startAt":1763189585281,"status":"passed","title":"should call onPracticeModeChange when toggle button is clicked"},{"ancestorTitles":["SongBasicInfo","Practice/Edit Mode Toggle"],"duration":131,"failing":false,"failureDetails":[],"failureMessages":[],"fullName":"SongBasicInfo Practice/Edit Mode Toggle should show practice mode buttons when isPracticeMode is true","invocations":1,"location":null,"numPassingAsserts":5,"retryReasons":[],"startAt":1763189585335,"status":"passed","title":"should show practice mode buttons when isPracticeMode is true"},{"ancestorTitles":["SongBasicInfo","Practice/Edit Mode Toggle"],"duration":152,"failing":false,"failureDetails":[],"failureMessages":[],"fullName":"SongBasicInfo Practice/Edit Mode Toggle should show edit mode buttons when isPracticeMode is false","invocations":1,"location":null,"numPassingAsserts":6,"retryReasons":[],"startAt":1763189585466,"status":"passed","title":"should show edit mode buttons when isPracticeMode is false"},{"ancestorTitles":["SongBasicInfo","Practice/Edit Mode Toggle"],"duration":82,"failing":false,"failureDetails":[],"failureMessages":[],"fullName":"SongBasicInfo Practice/Edit Mode Toggle should show \"Ver Letra\" button when in edit mode and isEditMode is true","invocations":1,"location":null,"numPassingAsserts":2,"retryReasons":[],"startAt":1763189585619,"status":"passed","title":"should show \"Ver Letra\" button when in edit mode and isEditMode is true"},{"ancestorTitles":["SongBasicInfo","Practice/Edit Mode Toggle"],"duration":82,"failing":false,"failureDetails":[],"failureMessages":[],"fullName":"SongBasicInfo Practice/Edit Mode Toggle should call onEditModeChange when \"Editar Letra\" button is clicked","invocations":1,"location":null,"numPassingAsserts":1,"retryReasons":[],"startAt":1763189585702,"status":"passed","title":"should call onEditModeChange when \"Editar Letra\" button is clicked"}],"endTime":1763189585798,"message":"","name":"C:\\Users\\leovp\\Programming\\adorador\\adorador-frontend\\src\\app\\(public)\\grupos\\[bandId]\\canciones\\[songId]\\_components\\__tests__\\SongBasicInfo.test.tsx","startTime":1763189580907,"status":"passed","summary":""},{"assertionResults":[{"ancestorTitles":["FeaturesSection Component","Component Rendering"],"duration":214,"failing":false,"failureDetails":[],"failureMessages":[],"fullName":"FeaturesSection Component Component Rendering should render the features section","invocations":1,"location":null,"numPassingAsserts":2,"retryReasons":[],"startAt":1763189585100,"status":"passed","title":"should render the features section"},{"ancestorTitles":["FeaturesSection Component","Component Rendering"],"duration":73,"failing":false,"failureDetails":[],"failureMessages":[],"fullName":"FeaturesSection Component Component Rendering should render the section header","invocations":1,"location":null,"numPassingAsserts":2,"retryReasons":[],"startAt":1763189585317,"status":"passed","title":"should render the section header"},{"ancestorTitles":["FeaturesSection Component","Component Rendering"],"duration":49,"failing":false,"failureDetails":[],"failureMessages":[],"fullName":"FeaturesSection Component Component Rendering should render subtitle","invocations":1,"location":null,"numPassingAsserts":1,"retryReasons":[],"startAt":1763189585391,"status":"passed","title":"should render subtitle"},{"ancestorTitles":["FeaturesSection Component","Feature Cards"],"duration":185,"failing":false,"failureDetails":[],"failureMessages":[],"fullName":"FeaturesSection Component Feature Cards should render all three feature cards","invocations":1,"location":null,"numPassingAsserts":3,"retryReasons":[],"startAt":1763189585441,"status":"passed","title":"should render all three feature cards"},{"ancestorTitles":["FeaturesSection Component","Feature Cards"],"duration":118,"failing":false,"failureDetails":[],"failureMessages":[],"fullName":"FeaturesSection Component Feature Cards should render icons for each feature","invocations":1,"location":null,"numPassingAsserts":3,"retryReasons":[],"startAt":1763189585627,"status":"passed","title":"should render icons for each feature"},{"ancestorTitles":["FeaturesSection Component","Feature Cards"],"duration":104,"failing":false,"failureDetails":[],"failureMessages":[],"fullName":"FeaturesSection Component Feature Cards should render feature descriptions","invocations":1,"location":null,"numPassingAsserts":3,"retryReasons":[],"startAt":1763189585746,"status":"passed","title":"should render feature descriptions"},{"ancestorTitles":["FeaturesSection Component","Feature Benefits"],"duration":124,"failing":false,"failureDetails":[],"failureMessages":[],"fullName":"FeaturesSection Component Feature Benefits should render benefits list for first feature","invocations":1,"location":null,"numPassingAsserts":3,"retryReasons":[],"startAt":1763189585917,"status":"passed","title":"should render benefits list for first feature"},{"ancestorTitles":["FeaturesSection Component","Feature Benefits"],"duration":74,"failing":false,"failureDetails":[],"failureMessages":[],"fullName":"FeaturesSection Component Feature Benefits should render checkmarks for benefits","invocations":1,"location":null,"numPassingAsserts":1,"retryReasons":[],"startAt":1763189586041,"status":"passed","title":"should render checkmarks for benefits"},{"ancestorTitles":["FeaturesSection Component","Styling and Layout"],"duration":50,"failing":false,"failureDetails":[],"failureMessages":[],"fullName":"FeaturesSection Component Styling and Layout should use gradient classes correctly","invocations":1,"location":null,"numPassingAsserts":1,"retryReasons":[],"startAt":1763189586116,"status":"passed","title":"should use gradient classes correctly"},{"ancestorTitles":["FeaturesSection Component","Styling and Layout"],"duration":68,"failing":false,"failureDetails":[],"failureMessages":[],"fullName":"FeaturesSection Component Styling and Layout should apply hover effects to cards","invocations":1,"location":null,"numPassingAsserts":4,"retryReasons":[],"startAt":1763189586166,"status":"passed","title":"should apply hover effects to cards"},{"ancestorTitles":["FeaturesSection Component","Styling and Layout"],"duration":47,"failing":false,"failureDetails":[],"failureMessages":[],"fullName":"FeaturesSection Component Styling and Layout should use gradient icon backgrounds","invocations":1,"location":null,"numPassingAsserts":1,"retryReasons":[],"startAt":1763189586235,"status":"passed","title":"should use gradient icon backgrounds"},{"ancestorTitles":["FeaturesSection Component","Responsive Design"],"duration":55,"failing":false,"failureDetails":[],"failureMessages":[],"fullName":"FeaturesSection Component Responsive Design should have responsive grid layout","invocations":1,"location":null,"numPassingAsserts":1,"retryReasons":[],"startAt":1763189586284,"status":"passed","title":"should have responsive grid layout"}],"endTime":1763189586347,"message":"","name":"C:\\Users\\leovp\\Programming\\adorador\\adorador-frontend\\src\\app\\(public)\\(home)\\_components\\__tests__\\FeaturesSection.test.tsx","startTime":1763189582504,"status":"passed","summary":""},{"assertionResults":[{"ancestorTitles":["EditLyricsOptions","Collapsed State"],"duration":131,"failing":false,"failureDetails":[],"failureMessages":[],"fullName":"EditLyricsOptions Collapsed State should render collapsed button by default","invocations":1,"location":null,"numPassingAsserts":2,"retryReasons":[],"startAt":1763189584832,"status":"passed","title":"should render collapsed button by default"},{"ancestorTitles":["EditLyricsOptions","Collapsed State"],"duration":36,"failing":false,"failureDetails":[],"failureMessages":[],"fullName":"EditLyricsOptions Collapsed State should not show expanded content when collapsed","invocations":1,"location":null,"numPassingAsserts":2,"retryReasons":[],"startAt":1763189584966,"status":"passed","title":"should not show expanded content when collapsed"},{"ancestorTitles":["EditLyricsOptions","Collapsed State"],"duration":60,"failing":false,"failureDetails":[],"failureMessages":[],"fullName":"EditLyricsOptions Collapsed State should expand when collapsed button is clicked","invocations":1,"location":null,"numPassingAsserts":1,"retryReasons":[],"startAt":1763189585003,"status":"passed","title":"should expand when collapsed button is clicked"},{"ancestorTitles":["EditLyricsOptions","Collapsed State"],"duration":38,"failing":false,"failureDetails":[],"failureMessages":[],"fullName":"EditLyricsOptions Collapsed State should auto-expand when URL has #edit-lyrics hash","invocations":1,"location":null,"numPassingAsserts":2,"retryReasons":[],"startAt":1763189585063,"status":"passed","title":"should auto-expand when URL has #edit-lyrics hash"},{"ancestorTitles":["EditLyricsOptions","Expanded State"],"duration":35,"failing":false,"failureDetails":[],"failureMessages":[],"fullName":"EditLyricsOptions Expanded State should show tabs when expanded","invocations":1,"location":null,"numPassingAsserts":2,"retryReasons":[],"startAt":1763189585102,"status":"passed","title":"should show tabs when expanded"},{"ancestorTitles":["EditLyricsOptions","Expanded State"],"duration":55,"failing":false,"failureDetails":[],"failureMessages":[],"fullName":"EditLyricsOptions Expanded State should collapse when close button is clicked","invocations":1,"location":null,"numPassingAsserts":1,"retryReasons":[],"startAt":1763189585138,"status":"passed","title":"should collapse when close button is clicked"},{"ancestorTitles":["EditLyricsOptions","Editor Tab"],"duration":93,"failing":false,"failureDetails":[],"failureMessages":[],"fullName":"EditLyricsOptions Editor Tab should show editor by default when expanded","invocations":1,"location":null,"numPassingAsserts":2,"retryReasons":[],"startAt":1763189585193,"status":"passed","title":"should show editor by default when expanded"},{"ancestorTitles":["EditLyricsOptions","Editor Tab"],"duration":49,"failing":false,"failureDetails":[],"failureMessages":[],"fullName":"EditLyricsOptions Editor Tab should convert existing lyrics to plain text","invocations":1,"location":null,"numPassingAsserts":1,"retryReasons":[],"startAt":1763189585292,"status":"passed","title":"should convert existing lyrics to plain text"},{"ancestorTitles":["EditLyricsOptions","Upload Tab"],"duration":89,"failing":false,"failureDetails":[],"failureMessages":[],"fullName":"EditLyricsOptions Upload Tab should switch to upload tab when clicked","invocations":1,"location":null,"numPassingAsserts":1,"retryReasons":[],"startAt":1763189585341,"status":"passed","title":"should switch to upload tab when clicked"},{"ancestorTitles":["EditLyricsOptions","Upload Tab"],"duration":87,"failing":false,"failureDetails":[],"failureMessages":[],"fullName":"EditLyricsOptions Upload Tab should display upload instructions","invocations":1,"location":null,"numPassingAsserts":2,"retryReasons":[],"startAt":1763189585431,"status":"passed","title":"should display upload instructions"},{"ancestorTitles":["EditLyricsOptions","Upload Tab"],"duration":92,"failing":false,"failureDetails":[],"failureMessages":[],"fullName":"EditLyricsOptions Upload Tab should show warning about replacing existing lyrics","invocations":1,"location":null,"numPassingAsserts":2,"retryReasons":[],"startAt":1763189585519,"status":"passed","title":"should show warning about replacing existing lyrics"},{"ancestorTitles":["EditLyricsOptions","Upload Tab"],"duration":104,"failing":false,"failureDetails":[],"failureMessages":[],"fullName":"EditLyricsOptions Upload Tab should show drag and drop area","invocations":1,"location":null,"numPassingAsserts":2,"retryReasons":[],"startAt":1763189585612,"status":"passed","title":"should show drag and drop area"},{"ancestorTitles":["EditLyricsOptions","File Upload"],"duration":81,"failing":false,"failureDetails":[],"failureMessages":[],"fullName":"EditLyricsOptions File Upload should handle file input change","invocations":1,"location":null,"numPassingAsserts":1,"retryReasons":[],"startAt":1763189585717,"status":"passed","title":"should handle file input change"},{"ancestorTitles":["EditLyricsOptions","File Upload"],"duration":166,"failing":false,"failureDetails":[],"failureMessages":[],"fullName":"EditLyricsOptions File Upload should show alert for non-txt files on drop","invocations":1,"location":null,"numPassingAsserts":1,"retryReasons":[],"startAt":1763189585798,"status":"passed","title":"should show alert for non-txt files on drop"},{"ancestorTitles":["EditLyricsOptions","Tab Styling"],"duration":35,"failing":false,"failureDetails":[],"failureMessages":[],"fullName":"EditLyricsOptions Tab Styling should apply active styles to editor tab by default","invocations":1,"location":null,"numPassingAsserts":1,"retryReasons":[],"startAt":1763189585965,"status":"passed","title":"should apply active styles to editor tab by default"},{"ancestorTitles":["EditLyricsOptions","Tab Styling"],"duration":101,"failing":false,"failureDetails":[],"failureMessages":[],"fullName":"EditLyricsOptions Tab Styling should change active tab styling when switching tabs","invocations":1,"location":null,"numPassingAsserts":1,"retryReasons":[],"startAt":1763189586001,"status":"passed","title":"should change active tab styling when switching tabs"},{"ancestorTitles":["EditLyricsOptions","Props Handling"],"duration":49,"failing":false,"failureDetails":[],"failureMessages":[],"fullName":"EditLyricsOptions Props Handling should pass correct params to child components","invocations":1,"location":null,"numPassingAsserts":2,"retryReasons":[],"startAt":1763189586106,"status":"passed","title":"should pass correct params to child components"},{"ancestorTitles":["EditLyricsOptions","Props Handling"],"duration":122,"failing":false,"failureDetails":[],"failureMessages":[],"fullName":"EditLyricsOptions Props Handling should handle empty existing lyrics","invocations":1,"location":null,"numPassingAsserts":1,"retryReasons":[],"startAt":1763189586156,"status":"passed","title":"should handle empty existing lyrics"}],"endTime":1763189586294,"message":"","name":"C:\\Users\\leovp\\Programming\\adorador\\adorador-frontend\\src\\app\\(public)\\grupos\\[bandId]\\canciones\\[songId]\\_components\\__tests__\\EditLyricsOptions.test.tsx","startTime":1763189582153,"status":"passed","summary":""},{"assertionResults":[{"ancestorTitles":["SocialProofSection Component","Component Rendering"],"duration":178,"failing":false,"failureDetails":[],"failureMessages":[],"fullName":"SocialProofSection Component Component Rendering should render the section","invocations":1,"location":null,"numPassingAsserts":2,"retryReasons":[],"startAt":1763189585451,"status":"passed","title":"should render the section"},{"ancestorTitles":["SocialProofSection Component","Component Rendering"],"duration":68,"failing":false,"failureDetails":[],"failureMessages":[],"fullName":"SocialProofSection Component Component Rendering should render the section header","invocations":1,"location":null,"numPassingAsserts":2,"retryReasons":[],"startAt":1763189585631,"status":"passed","title":"should render the section header"},{"ancestorTitles":["SocialProofSection Component","Statistics Section"],"duration":49,"failing":false,"failureDetails":[],"failureMessages":[],"fullName":"SocialProofSection Component Statistics Section should render all statistics","invocations":1,"location":null,"numPassingAsserts":3,"retryReasons":[],"startAt":1763189585700,"status":"passed","title":"should render all statistics"},{"ancestorTitles":["SocialProofSection Component","Statistics Section"],"duration":41,"failing":false,"failureDetails":[],"failureMessages":[],"fullName":"SocialProofSection Component Statistics Section should render stat labels","invocations":1,"location":null,"numPassingAsserts":3,"retryReasons":[],"startAt":1763189585749,"status":"passed","title":"should render stat labels"},{"ancestorTitles":["SocialProofSection Component","Statistics Section"],"duration":43,"failing":false,"failureDetails":[],"failureMessages":[],"fullName":"SocialProofSection Component Statistics Section should render stat descriptions","invocations":1,"location":null,"numPassingAsserts":3,"retryReasons":[],"startAt":1763189585790,"status":"passed","title":"should render stat descriptions"},{"ancestorTitles":["SocialProofSection Component","Statistics Section"],"duration":27,"failing":false,"failureDetails":[],"failureMessages":[],"fullName":"SocialProofSection Component Statistics Section should apply gradient to stat numbers","invocations":1,"location":null,"numPassingAsserts":1,"retryReasons":[],"startAt":1763189585834,"status":"passed","title":"should apply gradient to stat numbers"},{"ancestorTitles":["SocialProofSection Component","Testimonials Section"],"duration":50,"failing":false,"failureDetails":[],"failureMessages":[],"fullName":"SocialProofSection Component Testimonials Section should render all testimonials","invocations":1,"location":null,"numPassingAsserts":3,"retryReasons":[],"startAt":1763189585862,"status":"passed","title":"should render all testimonials"},{"ancestorTitles":["SocialProofSection Component","Testimonials Section"],"duration":100,"failing":false,"failureDetails":[],"failureMessages":[],"fullName":"SocialProofSection Component Testimonials Section should render testimonial authors","invocations":1,"location":null,"numPassingAsserts":3,"retryReasons":[],"startAt":1763189585913,"status":"passed","title":"should render testimonial authors"},{"ancestorTitles":["SocialProofSection Component","Testimonials Section"],"duration":83,"failing":false,"failureDetails":[],"failureMessages":[],"fullName":"SocialProofSection Component Testimonials Section should render author roles","invocations":1,"location":null,"numPassingAsserts":3,"retryReasons":[],"startAt":1763189586014,"status":"passed","title":"should render author roles"},{"ancestorTitles":["SocialProofSection Component","Testimonials Section"],"duration":65,"failing":false,"failureDetails":[],"failureMessages":[],"fullName":"SocialProofSection Component Testimonials Section should render church names","invocations":1,"location":null,"numPassingAsserts":3,"retryReasons":[],"startAt":1763189586098,"status":"passed","title":"should render church names"},{"ancestorTitles":["SocialProofSection Component","Testimonials Section"],"duration":96,"failing":false,"failureDetails":[],"failureMessages":[],"fullName":"SocialProofSection Component Testimonials Section should render quote marks","invocations":1,"location":null,"numPassingAsserts":1,"retryReasons":[],"startAt":1763189586165,"status":"passed","title":"should render quote marks"},{"ancestorTitles":["SocialProofSection Component","Styling and Layout"],"duration":45,"failing":false,"failureDetails":[],"failureMessages":[],"fullName":"SocialProofSection Component Styling and Layout should use gradient backgrounds for stat cards","invocations":1,"location":null,"numPassingAsserts":1,"retryReasons":[],"startAt":1763189586262,"status":"passed","title":"should use gradient backgrounds for stat cards"},{"ancestorTitles":["SocialProofSection Component","Styling and Layout"],"duration":44,"failing":false,"failureDetails":[],"failureMessages":[],"fullName":"SocialProofSection Component Styling and Layout should use subtle gradient for testimonial cards","invocations":1,"location":null,"numPassingAsserts":1,"retryReasons":[],"startAt":1763189586308,"status":"passed","title":"should use subtle gradient for testimonial cards"},{"ancestorTitles":["SocialProofSection Component","Styling and Layout"],"duration":41,"failing":false,"failureDetails":[],"failureMessages":[],"fullName":"SocialProofSection Component Styling and Layout should apply hover effects to testimonial cards","invocations":1,"location":null,"numPassingAsserts":1,"retryReasons":[],"startAt":1763189586353,"status":"passed","title":"should apply hover effects to testimonial cards"},{"ancestorTitles":["SocialProofSection Component","Styling and Layout"],"duration":47,"failing":false,"failureDetails":[],"failureMessages":[],"fullName":"SocialProofSection Component Styling and Layout should use brand colors for church names","invocations":1,"location":null,"numPassingAsserts":1,"retryReasons":[],"startAt":1763189586395,"status":"passed","title":"should use brand colors for church names"},{"ancestorTitles":["SocialProofSection Component","Responsive Layout"],"duration":27,"failing":false,"failureDetails":[],"failureMessages":[],"fullName":"SocialProofSection Component Responsive Layout should have responsive grid for stats","invocations":1,"location":null,"numPassingAsserts":1,"retryReasons":[],"startAt":1763189586443,"status":"passed","title":"should have responsive grid for stats"},{"ancestorTitles":["SocialProofSection Component","Responsive Layout"],"duration":26,"failing":false,"failureDetails":[],"failureMessages":[],"fullName":"SocialProofSection Component Responsive Layout should have responsive grid for testimonials","invocations":1,"location":null,"numPassingAsserts":1,"retryReasons":[],"startAt":1763189586471,"status":"passed","title":"should have responsive grid for testimonials"},{"ancestorTitles":["SocialProofSection Component","Accessibility"],"duration":25,"failing":false,"failureDetails":[],"failureMessages":[],"fullName":"SocialProofSection Component Accessibility should have proper heading hierarchy","invocations":1,"location":null,"numPassingAsserts":1,"retryReasons":[],"startAt":1763189586498,"status":"passed","title":"should have proper heading hierarchy"},{"ancestorTitles":["SocialProofSection Component","Accessibility"],"duration":25,"failing":false,"failureDetails":[],"failureMessages":[],"fullName":"SocialProofSection Component Accessibility should have semantic markup for testimonials","invocations":1,"location":null,"numPassingAsserts":1,"retryReasons":[],"startAt":1763189586524,"status":"passed","title":"should have semantic markup for testimonials"}],"endTime":1763189586559,"message":"","name":"C:\\Users\\leovp\\Programming\\adorador\\adorador-frontend\\src\\app\\(public)\\(home)\\_components\\__tests__\\SocialProofSection.test.tsx","startTime":1763189582729,"status":"passed","summary":""},{"assertionResults":[{"ancestorTitles":["Additional Icon Components","AddSongIcon"],"duration":83,"failing":false,"failureDetails":[],"failureMessages":[],"fullName":"Additional Icon Components AddSongIcon should render without crashing","invocations":1,"location":null,"numPassingAsserts":1,"retryReasons":[],"startAt":1763189587227,"status":"passed","title":"should render without crashing"},{"ancestorTitles":["Additional Icon Components","AddSongIcon"],"duration":18,"failing":false,"failureDetails":[],"failureMessages":[],"fullName":"Additional Icon Components AddSongIcon should accept custom props","invocations":1,"location":null,"numPassingAsserts":1,"retryReasons":[],"startAt":1763189587312,"status":"passed","title":"should accept custom props"},{"ancestorTitles":["Additional Icon Components","BackwardIcon"],"duration":17,"failing":false,"failureDetails":[],"failureMessages":[],"fullName":"Additional Icon Components BackwardIcon should render without crashing","invocations":1,"location":null,"numPassingAsserts":1,"retryReasons":[],"startAt":1763189587331,"status":"passed","title":"should render without crashing"},{"ancestorTitles":["Additional Icon Components","BackwardIcon"],"duration":28,"failing":false,"failureDetails":[],"failureMessages":[],"fullName":"Additional Icon Components BackwardIcon should have correct ARIA attributes","invocations":1,"location":null,"numPassingAsserts":2,"retryReasons":[],"startAt":1763189587349,"status":"passed","title":"should have correct ARIA attributes"},{"ancestorTitles":["Additional Icon Components","ForwardIcon"],"duration":14,"failing":false,"failureDetails":[],"failureMessages":[],"fullName":"Additional Icon Components ForwardIcon should render without crashing","invocations":1,"location":null,"numPassingAsserts":1,"retryReasons":[],"startAt":1763189587377,"status":"passed","title":"should render without crashing"},{"ancestorTitles":["Additional Icon Components","ChurchIcon"],"duration":14,"failing":false,"failureDetails":[],"failureMessages":[],"fullName":"Additional Icon Components ChurchIcon should render without crashing","invocations":1,"location":null,"numPassingAsserts":1,"retryReasons":[],"startAt":1763189587392,"status":"passed","title":"should render without crashing"},{"ancestorTitles":["Additional Icon Components","ChurchIcon"],"duration":15,"failing":false,"failureDetails":[],"failureMessages":[],"fullName":"Additional Icon Components ChurchIcon should accept custom width and height","invocations":1,"location":null,"numPassingAsserts":2,"retryReasons":[],"startAt":1763189587407,"status":"passed","title":"should accept custom width and height"},{"ancestorTitles":["Additional Icon Components","DeleteMusicIcon"],"duration":10,"failing":false,"failureDetails":[],"failureMessages":[],"fullName":"Additional Icon Components DeleteMusicIcon should render without crashing","invocations":1,"location":null,"numPassingAsserts":1,"retryReasons":[],"startAt":1763189587423,"status":"passed","title":"should render without crashing"},{"ancestorTitles":["Additional Icon Components","EyeFilledIcon"],"duration":13,"failing":false,"failureDetails":[],"failureMessages":[],"fullName":"Additional Icon Components EyeFilledIcon should render without crashing","invocations":1,"location":null,"numPassingAsserts":1,"retryReasons":[],"startAt":1763189587434,"status":"passed","title":"should render without crashing"},{"ancestorTitles":["Additional Icon Components","EyeSlashFilledIcon"],"duration":18,"failing":false,"failureDetails":[],"failureMessages":[],"fullName":"Additional Icon Components EyeSlashFilledIcon should render without crashing","invocations":1,"location":null,"numPassingAsserts":1,"retryReasons":[],"startAt":1763189587448,"status":"passed","title":"should render without crashing"},{"ancestorTitles":["Additional Icon Components","FullscreenIcon"],"duration":43,"failing":false,"failureDetails":[],"failureMessages":[],"fullName":"Additional Icon Components FullscreenIcon should render without crashing","invocations":1,"location":null,"numPassingAsserts":1,"retryReasons":[],"startAt":1763189587467,"status":"passed","title":"should render without crashing"},{"ancestorTitles":["Additional Icon Components","GuitarIcon"],"duration":18,"failing":false,"failureDetails":[],"failureMessages":[],"fullName":"Additional Icon Components GuitarIcon should render without crashing","invocations":1,"location":null,"numPassingAsserts":1,"retryReasons":[],"startAt":1763189587511,"status":"passed","title":"should render without crashing"},{"ancestorTitles":["Additional Icon Components","GuitarIcon"],"duration":19,"failing":false,"failureDetails":[],"failureMessages":[],"fullName":"Additional Icon Components GuitarIcon should not have fixed width and height attributes","invocations":1,"location":null,"numPassingAsserts":2,"retryReasons":[],"startAt":1763189587530,"status":"passed","title":"should not have fixed width and height attributes"},{"ancestorTitles":["Additional Icon Components","GuitarIcon"],"duration":15,"failing":false,"failureDetails":[],"failureMessages":[],"fullName":"Additional Icon Components GuitarIcon should have viewBox for proper scaling","invocations":1,"location":null,"numPassingAsserts":1,"retryReasons":[],"startAt":1763189587550,"status":"passed","title":"should have viewBox for proper scaling"},{"ancestorTitles":["Additional Icon Components","GuitarIcon"],"duration":14,"failing":false,"failureDetails":[],"failureMessages":[],"fullName":"Additional Icon Components GuitarIcon should accept custom className for sizing","invocations":1,"location":null,"numPassingAsserts":1,"retryReasons":[],"startAt":1763189587566,"status":"passed","title":"should accept custom className for sizing"},{"ancestorTitles":["Additional Icon Components","PrintIcon"],"duration":11,"failing":false,"failureDetails":[],"failureMessages":[],"fullName":"Additional Icon Components PrintIcon should render without crashing","invocations":1,"location":null,"numPassingAsserts":1,"retryReasons":[],"startAt":1763189587582,"status":"passed","title":"should render without crashing"},{"ancestorTitles":["Additional Icon Components","UnpluggedIcon"],"duration":8,"failing":false,"failureDetails":[],"failureMessages":[],"fullName":"Additional Icon Components UnpluggedIcon should render without crashing","invocations":1,"location":null,"numPassingAsserts":1,"retryReasons":[],"startAt":1763189587593,"status":"passed","title":"should render without crashing"},{"ancestorTitles":["Additional Icon Components","UpdateIcon"],"duration":9,"failing":false,"failureDetails":[],"failureMessages":[],"fullName":"Additional Icon Components UpdateIcon should render without crashing","invocations":1,"location":null,"numPassingAsserts":1,"retryReasons":[],"startAt":1763189587601,"status":"passed","title":"should render without crashing"},{"ancestorTitles":["Additional Icon Components","VolumeDownIcon"],"duration":11,"failing":false,"failureDetails":[],"failureMessages":[],"fullName":"Additional Icon Components VolumeDownIcon should render without crashing","invocations":1,"location":null,"numPassingAsserts":1,"retryReasons":[],"startAt":1763189587611,"status":"passed","title":"should render without crashing"},{"ancestorTitles":["Additional Icon Components","VolumeOffIcon"],"duration":8,"failing":false,"failureDetails":[],"failureMessages":[],"fullName":"Additional Icon Components VolumeOffIcon should render without crashing","invocations":1,"location":null,"numPassingAsserts":1,"retryReasons":[],"startAt":1763189587623,"status":"passed","title":"should render without crashing"},{"ancestorTitles":["Additional Icon Components","VolumeUpIcon"],"duration":31,"failing":false,"failureDetails":[],"failureMessages":[],"fullName":"Additional Icon Components VolumeUpIcon should render without crashing","invocations":1,"location":null,"numPassingAsserts":1,"retryReasons":[],"startAt":1763189587633,"status":"passed","title":"should render without crashing"},{"ancestorTitles":["Additional Icon Components","ArrowsUpDownIconIcon"],"duration":10,"failing":false,"failureDetails":[],"failureMessages":[],"fullName":"Additional Icon Components ArrowsUpDownIconIcon should render without crashing","invocations":1,"location":null,"numPassingAsserts":1,"retryReasons":[],"startAt":1763189587665,"status":"passed","title":"should render without crashing"},{"ancestorTitles":["Additional Icon Components","ArrowsUpDownIconIcon"],"duration":10,"failing":false,"failureDetails":[],"failureMessages":[],"fullName":"Additional Icon Components ArrowsUpDownIconIcon should accept custom className","invocations":1,"location":null,"numPassingAsserts":1,"retryReasons":[],"startAt":1763189587675,"status":"passed","title":"should accept custom className"},{"ancestorTitles":["Additional Icon Components","All icons with custom props"],"duration":28,"failing":false,"failureDetails":[],"failureMessages":[],"fullName":"Additional Icon Components All icons with custom props should render AddSongIcon with custom data attribute","invocations":1,"location":null,"numPassingAsserts":1,"retryReasons":[],"startAt":1763189587686,"status":"passed","title":"should render AddSongIcon with custom data attribute"},{"ancestorTitles":["Additional Icon Components","All icons with custom props"],"duration":13,"failing":false,"failureDetails":[],"failureMessages":[],"fullName":"Additional Icon Components All icons with custom props should render BackwardIcon with custom data attribute","invocations":1,"location":null,"numPassingAsserts":1,"retryReasons":[],"startAt":1763189587715,"status":"passed","title":"should render BackwardIcon with custom data attribute"},{"ancestorTitles":["Additional Icon Components","All icons with custom props"],"duration":12,"failing":false,"failureDetails":[],"failureMessages":[],"fullName":"Additional Icon Components All icons with custom props should render ForwardIcon with custom data attribute","invocations":1,"location":null,"numPassingAsserts":1,"retryReasons":[],"startAt":1763189587728,"status":"passed","title":"should render ForwardIcon with custom data attribute"},{"ancestorTitles":["Additional Icon Components","All icons with custom props"],"duration":8,"failing":false,"failureDetails":[],"failureMessages":[],"fullName":"Additional Icon Components All icons with custom props should render ChurchIcon with custom data attribute","invocations":1,"location":null,"numPassingAsserts":1,"retryReasons":[],"startAt":1763189587740,"status":"passed","title":"should render ChurchIcon with custom data attribute"},{"ancestorTitles":["Additional Icon Components","All icons with custom props"],"duration":10,"failing":false,"failureDetails":[],"failureMessages":[],"fullName":"Additional Icon Components All icons with custom props should render DeleteMusicIcon with custom data attribute","invocations":1,"location":null,"numPassingAsserts":1,"retryReasons":[],"startAt":1763189587749,"status":"passed","title":"should render DeleteMusicIcon with custom data attribute"},{"ancestorTitles":["Additional Icon Components","All icons with custom props"],"duration":26,"failing":false,"failureDetails":[],"failureMessages":[],"fullName":"Additional Icon Components All icons with custom props should render EyeFilledIcon with custom data attribute","invocations":1,"location":null,"numPassingAsserts":1,"retryReasons":[],"startAt":1763189587759,"status":"passed","title":"should render EyeFilledIcon with custom data attribute"},{"ancestorTitles":["Additional Icon Components","All icons with custom props"],"duration":29,"failing":false,"failureDetails":[],"failureMessages":[],"fullName":"Additional Icon Components All icons with custom props should render EyeSlashFilledIcon with custom data attribute","invocations":1,"location":null,"numPassingAsserts":1,"retryReasons":[],"startAt":1763189587785,"status":"passed","title":"should render EyeSlashFilledIcon with custom data attribute"},{"ancestorTitles":["Additional Icon Components","All icons with custom props"],"duration":12,"failing":false,"failureDetails":[],"failureMessages":[],"fullName":"Additional Icon Components All icons with custom props should render FullscreenIcon with custom data attribute","invocations":1,"location":null,"numPassingAsserts":1,"retryReasons":[],"startAt":1763189587815,"status":"passed","title":"should render FullscreenIcon with custom data attribute"},{"ancestorTitles":["Additional Icon Components","All icons with custom props"],"duration":20,"failing":false,"failureDetails":[],"failureMessages":[],"fullName":"Additional Icon Components All icons with custom props should render GuitarIcon with custom data attribute","invocations":1,"location":null,"numPassingAsserts":1,"retryReasons":[],"startAt":1763189587827,"status":"passed","title":"should render GuitarIcon with custom data attribute"},{"ancestorTitles":["Additional Icon Components","All icons with custom props"],"duration":7,"failing":false,"failureDetails":[],"failureMessages":[],"fullName":"Additional Icon Components All icons with custom props should render PrintIcon with custom data attribute","invocations":1,"location":null,"numPassingAsserts":1,"retryReasons":[],"startAt":1763189587847,"status":"passed","title":"should render PrintIcon with custom data attribute"},{"ancestorTitles":["Additional Icon Components","All icons with custom props"],"duration":6,"failing":false,"failureDetails":[],"failureMessages":[],"fullName":"Additional Icon Components All icons with custom props should render UnpluggedIcon with custom data attribute","invocations":1,"location":null,"numPassingAsserts":1,"retryReasons":[],"startAt":1763189587855,"status":"passed","title":"should render UnpluggedIcon with custom data attribute"},{"ancestorTitles":["Additional Icon Components","All icons with custom props"],"duration":6,"failing":false,"failureDetails":[],"failureMessages":[],"fullName":"Additional Icon Components All icons with custom props should render UpdateIcon with custom data attribute","invocations":1,"location":null,"numPassingAsserts":1,"retryReasons":[],"startAt":1763189587861,"status":"passed","title":"should render UpdateIcon with custom data attribute"},{"ancestorTitles":["Additional Icon Components","All icons with custom props"],"duration":6,"failing":false,"failureDetails":[],"failureMessages":[],"fullName":"Additional Icon Components All icons with custom props should render VolumeDownIcon with custom data attribute","invocations":1,"location":null,"numPassingAsserts":1,"retryReasons":[],"startAt":1763189587867,"status":"passed","title":"should render VolumeDownIcon with custom data attribute"},{"ancestorTitles":["Additional Icon Components","All icons with custom props"],"duration":6,"failing":false,"failureDetails":[],"failureMessages":[],"fullName":"Additional Icon Components All icons with custom props should render VolumeOffIcon with custom data attribute","invocations":1,"location":null,"numPassingAsserts":1,"retryReasons":[],"startAt":1763189587874,"status":"passed","title":"should render VolumeOffIcon with custom data attribute"},{"ancestorTitles":["Additional Icon Components","All icons with custom props"],"duration":7,"failing":false,"failureDetails":[],"failureMessages":[],"fullName":"Additional Icon Components All icons with custom props should render VolumeUpIcon with custom data attribute","invocations":1,"location":null,"numPassingAsserts":1,"retryReasons":[],"startAt":1763189587880,"status":"passed","title":"should render VolumeUpIcon with custom data attribute"},{"ancestorTitles":["Additional Icon Components","All icons with custom props"],"duration":6,"failing":false,"failureDetails":[],"failureMessages":[],"fullName":"Additional Icon Components All icons with custom props should render ArrowsUpDownIconIcon with custom data attribute","invocations":1,"location":null,"numPassingAsserts":1,"retryReasons":[],"startAt":1763189587888,"status":"passed","title":"should render ArrowsUpDownIconIcon with custom data attribute"}],"endTime":1763189587907,"message":"","name":"C:\\Users\\leovp\\Programming\\adorador\\adorador-frontend\\src\\global\\icons\\__tests__\\AdditionalIcons.test.tsx","startTime":1763189584332,"status":"passed","summary":""},{"assertionResults":[{"ancestorTitles":["bandsService","getBandById"],"duration":242,"failing":false,"failureDetails":[],"failureMessages":[],"fullName":"bandsService getBandById should use query key with bandId to prevent cache collision","invocations":1,"location":null,"numPassingAsserts":3,"retryReasons":[],"startAt":1763189588332,"status":"passed","title":"should use query key with bandId to prevent cache collision"},{"ancestorTitles":["bandsService","getBandById"],"duration":206,"failing":false,"failureDetails":[],"failureMessages":[],"fullName":"bandsService getBandById should maintain separate cache for different bandIds","invocations":1,"location":null,"numPassingAsserts":7,"retryReasons":[],"startAt":1763189588577,"status":"passed","title":"should maintain separate cache for different bandIds"},{"ancestorTitles":["bandsService","getBandById"],"duration":20,"failing":false,"failureDetails":[],"failureMessages":[],"fullName":"bandsService getBandById should use refetchOnMount option","invocations":1,"location":null,"numPassingAsserts":1,"retryReasons":[],"startAt":1763189588784,"status":"passed","title":"should use refetchOnMount option"}],"endTime":1763189588810,"message":"","name":"C:\\Users\\leovp\\Programming\\adorador\\adorador-frontend\\src\\app\\(public)\\grupos\\_services\\__tests__\\bandsService.test.tsx","startTime":1763189585745,"status":"passed","summary":""},{"assertionResults":[{"ancestorTitles":["EventControlsButtonsLirics","Navegación hacia atrás"],"duration":251,"failing":false,"failureDetails":[],"failureMessages":[],"fullName":"EventControlsButtonsLirics Navegación hacia atrás debería estar deshabilitado cuando position es 0","invocations":1,"location":null,"numPassingAsserts":1,"retryReasons":[],"startAt":1763189588077,"status":"passed","title":"debería estar deshabilitado cuando position es 0"},{"ancestorTitles":["EventControlsButtonsLirics","Navegación hacia atrás"],"duration":99,"failing":false,"failureDetails":[],"failureMessages":[],"fullName":"EventControlsButtonsLirics Navegación hacia atrás debería retroceder 1 posición cuando position <= 4","invocations":1,"location":null,"numPassingAsserts":1,"retryReasons":[],"startAt":1763189588331,"status":"passed","title":"debería retroceder 1 posición cuando position <= 4"},{"ancestorTitles":["EventControlsButtonsLirics","Navegación hacia atrás"],"duration":51,"failing":false,"failureDetails":[],"failureMessages":[],"fullName":"EventControlsButtonsLirics Navegación hacia atrás debería retroceder 4 posiciones cuando position > 4","invocations":1,"location":null,"numPassingAsserts":1,"retryReasons":[],"startAt":1763189588431,"status":"passed","title":"debería retroceder 4 posiciones cuando position > 4"},{"ancestorTitles":["EventControlsButtonsLirics","Navegación hacia adelante"],"duration":40,"failing":false,"failureDetails":[],"failureMessages":[],"fullName":"EventControlsButtonsLirics Navegación hacia adelante debería estar deshabilitado cuando position es selectedSongLyricLength + 1","invocations":1,"location":null,"numPassingAsserts":1,"retryReasons":[],"startAt":1763189588483,"status":"passed","title":"debería estar deshabilitado cuando position es selectedSongLyricLength + 1"},{"ancestorTitles":["EventControlsButtonsLirics","Navegación hacia adelante"],"duration":60,"failing":false,"failureDetails":[],"failureMessages":[],"fullName":"EventControlsButtonsLirics Navegación hacia adelante debería estar deshabilitado cuando selectedSongLyricLength es 0","invocations":1,"location":null,"numPassingAsserts":1,"retryReasons":[],"startAt":1763189588524,"status":"passed","title":"debería estar deshabilitado cuando selectedSongLyricLength es 0"},{"ancestorTitles":["EventControlsButtonsLirics","Navegación hacia adelante"],"duration":63,"failing":false,"failureDetails":[],"failureMessages":[],"fullName":"EventControlsButtonsLirics Navegación hacia adelante debería ir a \"Fin\" cuando estamos en la última letra","invocations":1,"location":null,"numPassingAsserts":1,"retryReasons":[],"startAt":1763189588588,"status":"passed","title":"debería ir a \"Fin\" cuando estamos en la última letra"},{"ancestorTitles":["EventControlsButtonsLirics","Navegación hacia adelante"],"duration":69,"failing":false,"failureDetails":[],"failureMessages":[],"fullName":"EventControlsButtonsLirics Navegación hacia adelante debería avanzar 4 posiciones cuando hay suficientes letras","invocations":1,"location":null,"numPassingAsserts":1,"retryReasons":[],"startAt":1763189588658,"status":"passed","title":"debería avanzar 4 posiciones cuando hay suficientes letras"},{"ancestorTitles":["EventControlsButtonsLirics","Navegación hacia adelante"],"duration":40,"failing":false,"failureDetails":[],"failureMessages":[],"fullName":"EventControlsButtonsLirics Navegación hacia adelante debería ir a posición 1 cuando selectedSongLyricLength < 4 y position < 1","invocations":1,"location":null,"numPassingAsserts":1,"retryReasons":[],"startAt":1763189588728,"status":"passed","title":"debería ir a posición 1 cuando selectedSongLyricLength < 4 y position < 1"},{"ancestorTitles":["EventControlsButtonsLirics","Navegación hacia adelante"],"duration":53,"failing":false,"failureDetails":[],"failureMessages":[],"fullName":"EventControlsButtonsLirics Navegación hacia adelante debería ir a la última posición cuando estamos cerca del final pero no podemos avanzar 4","invocations":1,"location":null,"numPassingAsserts":1,"retryReasons":[],"startAt":1763189588769,"status":"passed","title":"debería ir a la última posición cuando estamos cerca del final pero no podemos avanzar 4"},{"ancestorTitles":["EventControlsButtonsLirics","Renderizado de componentes"],"duration":31,"failing":false,"failureDetails":[],"failureMessages":[],"fullName":"EventControlsButtonsLirics Renderizado de componentes debería renderizar ambos botones","invocations":1,"location":null,"numPassingAsserts":1,"retryReasons":[],"startAt":1763189588823,"status":"passed","title":"debería renderizar ambos botones"},{"ancestorTitles":["EventControlsButtonsLirics","Renderizado de componentes"],"duration":22,"failing":false,"failureDetails":[],"failureMessages":[],"fullName":"EventControlsButtonsLirics Renderizado de componentes debería aplicar estilos correctos al contenedor","invocations":1,"location":null,"numPassingAsserts":1,"retryReasons":[],"startAt":1763189588855,"status":"passed","title":"debería aplicar estilos correctos al contenedor"}],"endTime":1763189588884,"message":"","name":"C:\\Users\\leovp\\Programming\\adorador\\adorador-frontend\\src\\app\\(public)\\grupos\\[bandId]\\eventos\\[eventId]\\en-vivo\\_components\\__tests__\\EventControlsButtonsLirics.test.tsx","startTime":1763189585388,"status":"passed","summary":""},{"assertionResults":[{"ancestorTitles":["useEventTimeLeft","Casos de eventos futuros"],"duration":220,"failing":false,"failureDetails":[],"failureMessages":[],"fullName":"useEventTimeLeft Casos de eventos futuros debe mostrar tiempo restante para un evento futuro (más de 1 minuto)","invocations":1,"location":null,"numPassingAsserts":3,"retryReasons":[],"startAt":1763189588362,"status":"passed","title":"debe mostrar tiempo restante para un evento futuro (más de 1 minuto)"},{"ancestorTitles":["useEventTimeLeft","Casos de eventos futuros"],"duration":31,"failing":false,"failureDetails":[],"failureMessages":[],"fullName":"useEventTimeLeft Casos de eventos futuros debe mostrar mensaje especial para eventos que comienzan en menos de 1 minuto","invocations":1,"location":null,"numPassingAsserts":1,"retryReasons":[],"startAt":1763189588585,"status":"passed","title":"debe mostrar mensaje especial para eventos que comienzan en menos de 1 minuto"},{"ancestorTitles":["useEventTimeLeft","Casos de eventos futuros"],"duration":58,"failing":false,"failureDetails":[],"failureMessages":[],"fullName":"useEventTimeLeft Casos de eventos futuros debe actualizar el tiempo restante cada segundo","invocations":1,"location":null,"numPassingAsserts":1,"retryReasons":[],"startAt":1763189588617,"status":"passed","title":"debe actualizar el tiempo restante cada segundo"},{"ancestorTitles":["useEventTimeLeft","Casos de eventos futuros"],"duration":26,"failing":false,"failureDetails":[],"failureMessages":[],"fullName":"useEventTimeLeft Casos de eventos futuros debe calcular correctamente días, horas y minutos para eventos lejanos","invocations":1,"location":null,"numPassingAsserts":3,"retryReasons":[],"startAt":1763189588675,"status":"passed","title":"debe calcular correctamente días, horas y minutos para eventos lejanos"},{"ancestorTitles":["useEventTimeLeft","Casos de eventos que ya comenzaron"],"duration":19,"failing":false,"failureDetails":[],"failureMessages":[],"fullName":"useEventTimeLeft Casos de eventos que ya comenzaron debe mostrar \"El evento ha comenzado\" para eventos de hoy que ya pasaron su hora","invocations":1,"location":null,"numPassingAsserts":2,"retryReasons":[],"startAt":1763189588702,"status":"passed","title":"debe mostrar \"El evento ha comenzado\" para eventos de hoy que ya pasaron su hora"},{"ancestorTitles":["useEventTimeLeft","Casos de eventos que ya comenzaron"],"duration":23,"failing":false,"failureDetails":[],"failureMessages":[],"fullName":"useEventTimeLeft Casos de eventos que ya comenzaron debe mostrar \"El evento ya ha pasado\" para eventos de días anteriores","invocations":1,"location":null,"numPassingAsserts":2,"retryReasons":[],"startAt":1763189588722,"status":"passed","title":"debe mostrar \"El evento ya ha pasado\" para eventos de días anteriores"},{"ancestorTitles":["useEventTimeLeft","Casos de eventos que ya comenzaron"],"duration":53,"failing":false,"failureDetails":[],"failureMessages":[],"fullName":"useEventTimeLeft Casos de eventos que ya comenzaron debe mostrar \"El evento ya ha pasado\" para eventos de hace varios días","invocations":1,"location":null,"numPassingAsserts":1,"retryReasons":[],"startAt":1763189588745,"status":"passed","title":"debe mostrar \"El evento ya ha pasado\" para eventos de hace varios días"},{"ancestorTitles":["useEventTimeLeft","Casos especiales y edge cases"],"duration":33,"failing":false,"failureDetails":[],"failureMessages":[],"fullName":"useEventTimeLeft Casos especiales y edge cases debe retornar strings vacíos cuando no se proporciona fecha","invocations":1,"location":null,"numPassingAsserts":2,"retryReasons":[],"startAt":1763189588799,"status":"passed","title":"debe retornar strings vacíos cuando no se proporciona fecha"},{"ancestorTitles":["useEventTimeLeft","Casos especiales y edge cases"],"duration":67,"failing":false,"failureDetails":[],"failureMessages":[],"fullName":"useEventTimeLeft Casos especiales y edge cases debe manejar fechas en formato string","invocations":1,"location":null,"numPassingAsserts":2,"retryReasons":[],"startAt":1763189588833,"status":"passed","title":"debe manejar fechas en formato string"},{"ancestorTitles":["useEventTimeLeft","Casos especiales y edge cases"],"duration":32,"failing":false,"failureDetails":[],"failureMessages":[],"fullName":"useEventTimeLeft Casos especiales y edge cases debe actualizar cuando cambia la fecha del evento","invocations":1,"location":null,"numPassingAsserts":2,"retryReasons":[],"startAt":1763189588901,"status":"passed","title":"debe actualizar cuando cambia la fecha del evento"},{"ancestorTitles":["useEventTimeLeft","Casos especiales y edge cases"],"duration":15,"failing":false,"failureDetails":[],"failureMessages":[],"fullName":"useEventTimeLeft Casos especiales y edge cases debe limpiar el intervalo cuando el componente se desmonta","invocations":1,"location":null,"numPassingAsserts":1,"retryReasons":[],"startAt":1763189588934,"status":"passed","title":"debe limpiar el intervalo cuando el componente se desmonta"},{"ancestorTitles":["useEventTimeLeft","Transición de estados en tiempo real"],"duration":233,"failing":false,"failureDetails":[],"failureMessages":[],"fullName":"useEventTimeLeft Transición de estados en tiempo real debe cambiar de \"menos de un minuto\" a \"ha comenzado\" cuando pasa el tiempo","invocations":1,"location":null,"numPassingAsserts":2,"retryReasons":[],"startAt":1763189588950,"status":"passed","title":"debe cambiar de \"menos de un minuto\" a \"ha comenzado\" cuando pasa el tiempo"},{"ancestorTitles":["useEventTimeLeft","Transición de estados en tiempo real"],"duration":73,"failing":false,"failureDetails":[],"failureMessages":[],"fullName":"useEventTimeLeft Transición de estados en tiempo real debe transicionar correctamente cuando el contador llega a 0","invocations":1,"location":null,"numPassingAsserts":3,"retryReasons":[],"startAt":1763189589184,"status":"passed","title":"debe transicionar correctamente cuando el contador llega a 0"},{"ancestorTitles":["useEventTimeLeft","Precisión del contador"],"duration":35,"failing":false,"failureDetails":[],"failureMessages":[],"fullName":"useEventTimeLeft Precisión del contador debe decrementar el timeLeft aproximadamente 1000ms cada segundo","invocations":1,"location":null,"numPassingAsserts":2,"retryReasons":[],"startAt":1763189589258,"status":"passed","title":"debe decrementar el timeLeft aproximadamente 1000ms cada segundo"},{"ancestorTitles":["useEventTimeLeft","Precisión del contador"],"duration":98,"failing":false,"failureDetails":[],"failureMessages":[],"fullName":"useEventTimeLeft Precisión del contador debe mantener la precisión después de múltiples actualizaciones","invocations":1,"location":null,"numPassingAsserts":7,"retryReasons":[],"startAt":1763189589294,"status":"passed","title":"debe mantener la precisión después de múltiples actualizaciones"},{"ancestorTitles":["useEventTimeLeft","Retorno de valores"],"duration":42,"failing":false,"failureDetails":[],"failureMessages":[],"fullName":"useEventTimeLeft Retorno de valores debe retornar tanto eventTimeLeft como timeLeft","invocations":1,"location":null,"numPassingAsserts":4,"retryReasons":[],"startAt":1763189589393,"status":"passed","title":"debe retornar tanto eventTimeLeft como timeLeft"},{"ancestorTitles":["useEventTimeLeft","Retorno de valores"],"duration":31,"failing":false,"failureDetails":[],"failureMessages":[],"fullName":"useEventTimeLeft Retorno de valores eventTimeLeft debe ser un string legible","invocations":1,"location":null,"numPassingAsserts":2,"retryReasons":[],"startAt":1763189589436,"status":"passed","title":"eventTimeLeft debe ser un string legible"},{"ancestorTitles":["useEventTimeLeft","Retorno de valores"],"duration":33,"failing":false,"failureDetails":[],"failureMessages":[],"fullName":"useEventTimeLeft Retorno de valores timeLeft debe ser un número en milisegundos","invocations":1,"location":null,"numPassingAsserts":3,"retryReasons":[],"startAt":1763189589468,"status":"passed","title":"timeLeft debe ser un número en milisegundos"}],"endTime":1763189589524,"message":"","name":"C:\\Users\\leovp\\Programming\\adorador\\adorador-frontend\\src\\global\\hooks\\__tests__\\useEventTimeLeft.test.tsx","startTime":1763189586039,"status":"passed","summary":""},{"assertionResults":[{"ancestorTitles":["MiniLyricsCreator"],"duration":148,"failing":false,"failureDetails":[],"failureMessages":[],"fullName":"MiniLyricsCreator should render the creator component","invocations":1,"location":null,"numPassingAsserts":1,"retryReasons":[],"startAt":1763189589236,"status":"passed","title":"should render the creator component"},{"ancestorTitles":["MiniLyricsCreator"],"duration":25,"failing":false,"failureDetails":[],"failureMessages":[],"fullName":"MiniLyricsCreator should have focus on textarea when mounted","invocations":1,"location":null,"numPassingAsserts":1,"retryReasons":[],"startAt":1763189589388,"status":"passed","title":"should have focus on textarea when mounted"},{"ancestorTitles":["MiniLyricsCreator"],"duration":54,"failing":false,"failureDetails":[],"failureMessages":[],"fullName":"MiniLyricsCreator should update text when typing","invocations":1,"location":null,"numPassingAsserts":1,"retryReasons":[],"startAt":1763189589413,"status":"passed","title":"should update text when typing"},{"ancestorTitles":["MiniLyricsCreator"],"duration":63,"failing":false,"failureDetails":[],"failureMessages":[],"fullName":"MiniLyricsCreator should show blue border when text is entered","invocations":1,"location":null,"numPassingAsserts":1,"retryReasons":[],"startAt":1763189589468,"status":"passed","title":"should show blue border when text is entered"},{"ancestorTitles":["MiniLyricsCreator"],"duration":28,"failing":false,"failureDetails":[],"failureMessages":[],"fullName":"MiniLyricsCreator should disable save button when text is empty","invocations":1,"location":null,"numPassingAsserts":1,"retryReasons":[],"startAt":1763189589531,"status":"passed","title":"should disable save button when text is empty"},{"ancestorTitles":["MiniLyricsCreator"],"duration":43,"failing":false,"failureDetails":[],"failureMessages":[],"fullName":"MiniLyricsCreator should enable save button when text is entered","invocations":1,"location":null,"numPassingAsserts":1,"retryReasons":[],"startAt":1763189589560,"status":"passed","title":"should enable save button when text is entered"},{"ancestorTitles":["MiniLyricsCreator"],"duration":35,"failing":false,"failureDetails":[],"failureMessages":[],"fullName":"MiniLyricsCreator should call onClose when cancel button is clicked","invocations":1,"location":null,"numPassingAsserts":1,"retryReasons":[],"startAt":1763189589603,"status":"passed","title":"should call onClose when cancel button is clicked"},{"ancestorTitles":["MiniLyricsCreator"],"duration":39,"failing":false,"failureDetails":[],"failureMessages":[],"fullName":"MiniLyricsCreator should close when ESC is pressed without text","invocations":1,"location":null,"numPassingAsserts":1,"retryReasons":[],"startAt":1763189589638,"status":"passed","title":"should close when ESC is pressed without text"},{"ancestorTitles":["MiniLyricsCreator"],"duration":34,"failing":false,"failureDetails":[],"failureMessages":[],"fullName":"MiniLyricsCreator should not close when ESC is pressed with text (keep warning)","invocations":1,"location":null,"numPassingAsserts":1,"retryReasons":[],"startAt":1763189589677,"status":"passed","title":"should not close when ESC is pressed with text (keep warning)"},{"ancestorTitles":["MiniLyricsCreator"],"duration":39,"failing":false,"failureDetails":[],"failureMessages":[],"fullName":"MiniLyricsCreator should close when clicking outside without text","invocations":1,"location":null,"numPassingAsserts":1,"retryReasons":[],"startAt":1763189589712,"status":"passed","title":"should close when clicking outside without text"},{"ancestorTitles":["MiniLyricsCreator"],"duration":31,"failing":false,"failureDetails":[],"failureMessages":[],"fullName":"MiniLyricsCreator should not close when clicking inside the editor","invocations":1,"location":null,"numPassingAsserts":1,"retryReasons":[],"startAt":1763189589753,"status":"passed","title":"should not close when clicking inside the editor"},{"ancestorTitles":["MiniLyricsCreator"],"duration":42,"failing":false,"failureDetails":[],"failureMessages":[],"fullName":"MiniLyricsCreator should show keyboard shortcuts hint","invocations":1,"location":null,"numPassingAsserts":2,"retryReasons":[],"startAt":1763189589785,"status":"passed","title":"should show keyboard shortcuts hint"},{"ancestorTitles":["MiniLyricsCreator"],"duration":135,"failing":false,"failureDetails":[],"failureMessages":[],"fullName":"MiniLyricsCreator should apply lyricsScale to textarea font size","invocations":1,"location":null,"numPassingAsserts":1,"retryReasons":[],"startAt":1763189589828,"status":"passed","title":"should apply lyricsScale to textarea font size"},{"ancestorTitles":["MiniLyricsCreator"],"duration":18,"failing":false,"failureDetails":[],"failureMessages":[],"fullName":"MiniLyricsCreator should use structureId from props","invocations":1,"location":null,"numPassingAsserts":2,"retryReasons":[],"startAt":1763189589964,"status":"passed","title":"should use structureId from props"}],"endTime":1763189589989,"message":"","name":"C:\\Users\\leovp\\Programming\\adorador\\adorador-frontend\\src\\app\\(public)\\grupos\\[bandId]\\canciones\\[songId]\\_components\\__tests__\\MiniLyricsCreator.test.tsx","startTime":1763189586700,"status":"passed","summary":""},{"assertionResults":[{"ancestorTitles":["MiniLyricsEditor"],"duration":235,"failing":false,"failureDetails":[],"failureMessages":[],"fullName":"MiniLyricsEditor should render the editor with initial text","invocations":1,"location":null,"numPassingAsserts":2,"retryReasons":[],"startAt":1763189589348,"status":"passed","title":"should render the editor with initial text"},{"ancestorTitles":["MiniLyricsEditor"],"duration":81,"failing":false,"failureDetails":[],"failureMessages":[],"fullName":"MiniLyricsEditor should update text when typing","invocations":1,"location":null,"numPassingAsserts":1,"retryReasons":[],"startAt":1763189589585,"status":"passed","title":"should update text when typing"},{"ancestorTitles":["MiniLyricsEditor"],"duration":101,"failing":false,"failureDetails":[],"failureMessages":[],"fullName":"MiniLyricsEditor should show blue border when text has changed","invocations":1,"location":null,"numPassingAsserts":1,"retryReasons":[],"startAt":1763189589666,"status":"passed","title":"should show blue border when text has changed"},{"ancestorTitles":["MiniLyricsEditor"],"duration":37,"failing":false,"failureDetails":[],"failureMessages":[],"fullName":"MiniLyricsEditor should disable save button when text is unchanged","invocations":1,"location":null,"numPassingAsserts":1,"retryReasons":[],"startAt":1763189589768,"status":"passed","title":"should disable save button when text is unchanged"},{"ancestorTitles":["MiniLyricsEditor"],"duration":70,"failing":false,"failureDetails":[],"failureMessages":[],"fullName":"MiniLyricsEditor should enable save button when text is changed","invocations":1,"location":null,"numPassingAsserts":1,"retryReasons":[],"startAt":1763189589806,"status":"passed","title":"should enable save button when text is changed"},{"ancestorTitles":["MiniLyricsEditor"],"duration":36,"failing":false,"failureDetails":[],"failureMessages":[],"fullName":"MiniLyricsEditor should call onClose when cancel button is clicked","invocations":1,"location":null,"numPassingAsserts":1,"retryReasons":[],"startAt":1763189589876,"status":"passed","title":"should call onClose when cancel button is clicked"},{"ancestorTitles":["MiniLyricsEditor"],"duration":21,"failing":false,"failureDetails":[],"failureMessages":[],"fullName":"MiniLyricsEditor should show delete button with title","invocations":1,"location":null,"numPassingAsserts":1,"retryReasons":[],"startAt":1763189589913,"status":"passed","title":"should show delete button with title"},{"ancestorTitles":["MiniLyricsEditor"],"duration":40,"failing":false,"failureDetails":[],"failureMessages":[],"fullName":"MiniLyricsEditor should close when ESC is pressed without changes","invocations":1,"location":null,"numPassingAsserts":1,"retryReasons":[],"startAt":1763189589934,"status":"passed","title":"should close when ESC is pressed without changes"},{"ancestorTitles":["MiniLyricsEditor"],"duration":45,"failing":false,"failureDetails":[],"failureMessages":[],"fullName":"MiniLyricsEditor should close with ESC when no changes","invocations":1,"location":null,"numPassingAsserts":1,"retryReasons":[],"startAt":1763189589974,"status":"passed","title":"should close with ESC when no changes"},{"ancestorTitles":["MiniLyricsEditor"],"duration":35,"failing":false,"failureDetails":[],"failureMessages":[],"fullName":"MiniLyricsEditor should apply lyricsScale to textarea font size","invocations":1,"location":null,"numPassingAsserts":1,"retryReasons":[],"startAt":1763189590020,"status":"passed","title":"should apply lyricsScale to textarea font size"},{"ancestorTitles":["MiniLyricsEditor"],"duration":29,"failing":false,"failureDetails":[],"failureMessages":[],"fullName":"MiniLyricsEditor should handle multiline text correctly","invocations":1,"location":null,"numPassingAsserts":1,"retryReasons":[],"startAt":1763189590055,"status":"passed","title":"should handle multiline text correctly"},{"ancestorTitles":["MiniLyricsEditor"],"duration":36,"failing":false,"failureDetails":[],"failureMessages":[],"fullName":"MiniLyricsEditor should preserve chord spacing when editing","invocations":1,"location":null,"numPassingAsserts":2,"retryReasons":[],"startAt":1763189590085,"status":"passed","title":"should preserve chord spacing when editing"}],"endTime":1763189590128,"message":"","name":"C:\\Users\\leovp\\Programming\\adorador\\adorador-frontend\\src\\app\\(public)\\grupos\\[bandId]\\canciones\\[songId]\\_components\\__tests__\\MiniLyricsEditor.test.tsx","startTime":1763189586630,"status":"passed","summary":""},{"assertionResults":[{"ancestorTitles":["Icon Components","ArrowLeftIcon"],"duration":81,"failing":false,"failureDetails":[],"failureMessages":[],"fullName":"Icon Components ArrowLeftIcon should render without crashing","invocations":1,"location":null,"numPassingAsserts":1,"retryReasons":[],"startAt":1763189589166,"status":"passed","title":"should render without crashing"},{"ancestorTitles":["Icon Components","ArrowLeftIcon"],"duration":14,"failing":false,"failureDetails":[],"failureMessages":[],"fullName":"Icon Components ArrowLeftIcon should accept custom className","invocations":1,"location":null,"numPassingAsserts":1,"retryReasons":[],"startAt":1763189589249,"status":"passed","title":"should accept custom className"},{"ancestorTitles":["Icon Components","ArrowLeftIcon"],"duration":16,"failing":false,"failureDetails":[],"failureMessages":[],"fullName":"Icon Components ArrowLeftIcon should have correct ARIA attributes","invocations":1,"location":null,"numPassingAsserts":3,"retryReasons":[],"startAt":1763189589263,"status":"passed","title":"should have correct ARIA attributes"},{"ancestorTitles":["Icon Components","ArrowLeftIcon"],"duration":11,"failing":false,"failureDetails":[],"failureMessages":[],"fullName":"Icon Components ArrowLeftIcon should accept custom width and height","invocations":1,"location":null,"numPassingAsserts":2,"retryReasons":[],"startAt":1763189589279,"status":"passed","title":"should accept custom width and height"},{"ancestorTitles":["Icon Components","CloseIcon"],"duration":12,"failing":false,"failureDetails":[],"failureMessages":[],"fullName":"Icon Components CloseIcon should render without crashing","invocations":1,"location":null,"numPassingAsserts":1,"retryReasons":[],"startAt":1763189589291,"status":"passed","title":"should render without crashing"},{"ancestorTitles":["Icon Components","CloseIcon"],"duration":10,"failing":false,"failureDetails":[],"failureMessages":[],"fullName":"Icon Components CloseIcon should accept custom className","invocations":1,"location":null,"numPassingAsserts":1,"retryReasons":[],"startAt":1763189589304,"status":"passed","title":"should accept custom className"},{"ancestorTitles":["Icon Components","CloseIcon"],"duration":10,"failing":false,"failureDetails":[],"failureMessages":[],"fullName":"Icon Components CloseIcon should have correct viewBox","invocations":1,"location":null,"numPassingAsserts":1,"retryReasons":[],"startAt":1763189589314,"status":"passed","title":"should have correct viewBox"},{"ancestorTitles":["Icon Components","ArrowRightIcon"],"duration":10,"failing":false,"failureDetails":[],"failureMessages":[],"fullName":"Icon Components ArrowRightIcon should render without crashing","invocations":1,"location":null,"numPassingAsserts":1,"retryReasons":[],"startAt":1763189589325,"status":"passed","title":"should render without crashing"},{"ancestorTitles":["Icon Components","ArrowRightIcon"],"duration":10,"failing":false,"failureDetails":[],"failureMessages":[],"fullName":"Icon Components ArrowRightIcon should accept custom props","invocations":1,"location":null,"numPassingAsserts":1,"retryReasons":[],"startAt":1763189589337,"status":"passed","title":"should accept custom props"},{"ancestorTitles":["Icon Components","ArrowUpIcon"],"duration":30,"failing":false,"failureDetails":[],"failureMessages":[],"fullName":"Icon Components ArrowUpIcon should render without crashing","invocations":1,"location":null,"numPassingAsserts":1,"retryReasons":[],"startAt":1763189589349,"status":"passed","title":"should render without crashing"},{"ancestorTitles":["Icon Components","ArrowDownIcon"],"duration":20,"failing":false,"failureDetails":[],"failureMessages":[],"fullName":"Icon Components ArrowDownIcon should render without crashing","invocations":1,"location":null,"numPassingAsserts":1,"retryReasons":[],"startAt":1763189589380,"status":"passed","title":"should render without crashing"},{"ancestorTitles":["Icon Components","PlayIcon"],"duration":14,"failing":false,"failureDetails":[],"failureMessages":[],"fullName":"Icon Components PlayIcon should render without crashing","invocations":1,"location":null,"numPassingAsserts":1,"retryReasons":[],"startAt":1763189589401,"status":"passed","title":"should render without crashing"},{"ancestorTitles":["Icon Components","PauseIcon"],"duration":10,"failing":false,"failureDetails":[],"failureMessages":[],"fullName":"Icon Components PauseIcon should render without crashing","invocations":1,"location":null,"numPassingAsserts":1,"retryReasons":[],"startAt":1763189589416,"status":"passed","title":"should render without crashing"},{"ancestorTitles":["Icon Components","MailIcon"],"duration":13,"failing":false,"failureDetails":[],"failureMessages":[],"fullName":"Icon Components MailIcon should render without crashing","invocations":1,"location":null,"numPassingAsserts":1,"retryReasons":[],"startAt":1763189589427,"status":"passed","title":"should render without crashing"},{"ancestorTitles":["Icon Components","PhoneIcon"],"duration":9,"failing":false,"failureDetails":[],"failureMessages":[],"fullName":"Icon Components PhoneIcon should render without crashing","invocations":1,"location":null,"numPassingAsserts":1,"retryReasons":[],"startAt":1763189589441,"status":"passed","title":"should render without crashing"},{"ancestorTitles":["Icon Components","EditIcon"],"duration":12,"failing":false,"failureDetails":[],"failureMessages":[],"fullName":"Icon Components EditIcon should render without crashing","invocations":1,"location":null,"numPassingAsserts":1,"retryReasons":[],"startAt":1763189589455,"status":"passed","title":"should render without crashing"},{"ancestorTitles":["Icon Components","CopyIcon"],"duration":245,"failing":false,"failureDetails":[],"failureMessages":[],"fullName":"Icon Components CopyIcon should render without crashing","invocations":1,"location":null,"numPassingAsserts":1,"retryReasons":[],"startAt":1763189589468,"status":"passed","title":"should render without crashing"},{"ancestorTitles":["Icon Components","MenuButtonIcon"],"duration":15,"failing":false,"failureDetails":[],"failureMessages":[],"fullName":"Icon Components MenuButtonIcon should render without crashing","invocations":1,"location":null,"numPassingAsserts":1,"retryReasons":[],"startAt":1763189589713,"status":"passed","title":"should render without crashing"},{"ancestorTitles":["Icon Components","KeyIcon"],"duration":13,"failing":false,"failureDetails":[],"failureMessages":[],"fullName":"Icon Components KeyIcon should render without crashing","invocations":1,"location":null,"numPassingAsserts":1,"retryReasons":[],"startAt":1763189589729,"status":"passed","title":"should render without crashing"},{"ancestorTitles":["Icon Components","UsersIcon"],"duration":13,"failing":false,"failureDetails":[],"failureMessages":[],"fullName":"Icon Components UsersIcon should render without crashing","invocations":1,"location":null,"numPassingAsserts":1,"retryReasons":[],"startAt":1763189589743,"status":"passed","title":"should render without crashing"},{"ancestorTitles":["Icon Components","UsersIcon"],"duration":16,"failing":false,"failureDetails":[],"failureMessages":[],"fullName":"Icon Components UsersIcon should have proper ARIA attributes for accessibility","invocations":1,"location":null,"numPassingAsserts":3,"retryReasons":[],"startAt":1763189589757,"status":"passed","title":"should have proper ARIA attributes for accessibility"},{"ancestorTitles":["Icon Components","UsersIcon"],"duration":8,"failing":false,"failureDetails":[],"failureMessages":[],"fullName":"Icon Components UsersIcon should have viewBox for responsive scaling","invocations":1,"location":null,"numPassingAsserts":1,"retryReasons":[],"startAt":1763189589773,"status":"passed","title":"should have viewBox for responsive scaling"},{"ancestorTitles":["Icon Components","UsersIcon"],"duration":13,"failing":false,"failureDetails":[],"failureMessages":[],"fullName":"Icon Components UsersIcon should accept custom className for sizing","invocations":1,"location":null,"numPassingAsserts":1,"retryReasons":[],"startAt":1763189589781,"status":"passed","title":"should accept custom className for sizing"},{"ancestorTitles":["Icon Components","MusicNoteIcon"],"duration":13,"failing":false,"failureDetails":[],"failureMessages":[],"fullName":"Icon Components MusicNoteIcon should render without crashing","invocations":1,"location":null,"numPassingAsserts":1,"retryReasons":[],"startAt":1763189589794,"status":"passed","title":"should render without crashing"},{"ancestorTitles":["Icon Components","MusicNoteIcon"],"duration":20,"failing":false,"failureDetails":[],"failureMessages":[],"fullName":"Icon Components MusicNoteIcon should have viewBox for responsive scaling","invocations":1,"location":null,"numPassingAsserts":1,"retryReasons":[],"startAt":1763189589807,"status":"passed","title":"should have viewBox for responsive scaling"},{"ancestorTitles":["Icon Components","CalendarIcon"],"duration":11,"failing":false,"failureDetails":[],"failureMessages":[],"fullName":"Icon Components CalendarIcon should render without crashing","invocations":1,"location":null,"numPassingAsserts":1,"retryReasons":[],"startAt":1763189589828,"status":"passed","title":"should render without crashing"},{"ancestorTitles":["Icon Components","CalendarIcon"],"duration":7,"failing":false,"failureDetails":[],"failureMessages":[],"fullName":"Icon Components CalendarIcon should have viewBox for responsive scaling","invocations":1,"location":null,"numPassingAsserts":1,"retryReasons":[],"startAt":1763189589839,"status":"passed","title":"should have viewBox for responsive scaling"}],"endTime":1763189589861,"message":"","name":"C:\\Users\\leovp\\Programming\\adorador\\adorador-frontend\\src\\global\\icons\\__tests__\\Icons.test.tsx","startTime":1763189586789,"status":"passed","summary":""},{"assertionResults":[{"ancestorTitles":["PublicLayout","Component Structure"],"duration":93,"failing":false,"failureDetails":[],"failureMessages":[],"fullName":"PublicLayout Component Structure should render the main wrapper with correct class","invocations":1,"location":null,"numPassingAsserts":1,"retryReasons":[],"startAt":1763189590298,"status":"passed","title":"should render the main wrapper with correct class"},{"ancestorTitles":["PublicLayout","Component Structure"],"duration":30,"failing":false,"failureDetails":[],"failureMessages":[],"fullName":"PublicLayout Component Structure should render Header inside header container","invocations":1,"location":null,"numPassingAsserts":2,"retryReasons":[],"startAt":1763189590394,"status":"passed","title":"should render Header inside header container"},{"ancestorTitles":["PublicLayout","Component Structure"],"duration":17,"failing":false,"failureDetails":[],"failureMessages":[],"fullName":"PublicLayout Component Structure should render main element with correct class","invocations":1,"location":null,"numPassingAsserts":2,"retryReasons":[],"startAt":1763189590425,"status":"passed","title":"should render main element with correct class"},{"ancestorTitles":["PublicLayout","Component Structure"],"duration":17,"failing":false,"failureDetails":[],"failureMessages":[],"fullName":"PublicLayout Component Structure should render Footer component","invocations":1,"location":null,"numPassingAsserts":1,"retryReasons":[],"startAt":1763189590443,"status":"passed","title":"should render Footer component"},{"ancestorTitles":["PublicLayout","Component Structure"],"duration":17,"failing":false,"failureDetails":[],"failureMessages":[],"fullName":"PublicLayout Component Structure should render MusicPlayer component","invocations":1,"location":null,"numPassingAsserts":1,"retryReasons":[],"startAt":1763189590461,"status":"passed","title":"should render MusicPlayer component"},{"ancestorTitles":["PublicLayout","Component Structure"],"duration":18,"failing":false,"failureDetails":[],"failureMessages":[],"fullName":"PublicLayout Component Structure should render LastFooter component","invocations":1,"location":null,"numPassingAsserts":1,"retryReasons":[],"startAt":1763189590478,"status":"passed","title":"should render LastFooter component"},{"ancestorTitles":["PublicLayout","Component Order"],"duration":28,"failing":false,"failureDetails":[],"failureMessages":[],"fullName":"PublicLayout Component Order should render components in correct order","invocations":1,"location":null,"numPassingAsserts":6,"retryReasons":[],"startAt":1763189590497,"status":"passed","title":"should render components in correct order"},{"ancestorTitles":["PublicLayout","Component Order"],"duration":18,"failing":false,"failureDetails":[],"failureMessages":[],"fullName":"PublicLayout Component Order should render Header before main content","invocations":1,"location":null,"numPassingAsserts":1,"retryReasons":[],"startAt":1763189590525,"status":"passed","title":"should render Header before main content"},{"ancestorTitles":["PublicLayout","Component Order"],"duration":16,"failing":false,"failureDetails":[],"failureMessages":[],"fullName":"PublicLayout Component Order should render Footer after main content","invocations":1,"location":null,"numPassingAsserts":1,"retryReasons":[],"startAt":1763189590543,"status":"passed","title":"should render Footer after main content"},{"ancestorTitles":["PublicLayout","Component Order"],"duration":21,"failing":false,"failureDetails":[],"failureMessages":[],"fullName":"PublicLayout Component Order should render MusicPlayer after Footer","invocations":1,"location":null,"numPassingAsserts":1,"retryReasons":[],"startAt":1763189590559,"status":"passed","title":"should render MusicPlayer after Footer"},{"ancestorTitles":["PublicLayout","Component Order"],"duration":62,"failing":false,"failureDetails":[],"failureMessages":[],"fullName":"PublicLayout Component Order should render LastFooter as last component","invocations":1,"location":null,"numPassingAsserts":1,"retryReasons":[],"startAt":1763189590581,"status":"passed","title":"should render LastFooter as last component"},{"ancestorTitles":["PublicLayout","Children Rendering"],"duration":119,"failing":false,"failureDetails":[],"failureMessages":[],"fullName":"PublicLayout Children Rendering should render single child inside main","invocations":1,"location":null,"numPassingAsserts":2,"retryReasons":[],"startAt":1763189590645,"status":"passed","title":"should render single child inside main"},{"ancestorTitles":["PublicLayout","Children Rendering"],"duration":101,"failing":false,"failureDetails":[],"failureMessages":[],"fullName":"PublicLayout Children Rendering should render multiple children","invocations":1,"location":null,"numPassingAsserts":3,"retryReasons":[],"startAt":1763189590764,"status":"passed","title":"should render multiple children"},{"ancestorTitles":["PublicLayout","Children Rendering"],"duration":30,"failing":false,"failureDetails":[],"failureMessages":[],"fullName":"PublicLayout Children Rendering should handle fragment children","invocations":1,"location":null,"numPassingAsserts":2,"retryReasons":[],"startAt":1763189590866,"status":"passed","title":"should handle fragment children"},{"ancestorTitles":["PublicLayout","Children Rendering"],"duration":113,"failing":false,"failureDetails":[],"failureMessages":[],"fullName":"PublicLayout Children Rendering should handle complex nested children","invocations":1,"location":null,"numPassingAsserts":2,"retryReasons":[],"startAt":1763189590897,"status":"passed","title":"should handle complex nested children"},{"ancestorTitles":["PublicLayout","Children Rendering"],"duration":18,"failing":false,"failureDetails":[],"failureMessages":[],"fullName":"PublicLayout Children Rendering should handle empty children","invocations":1,"location":null,"numPassingAsserts":2,"retryReasons":[],"startAt":1763189591011,"status":"passed","title":"should handle empty children"},{"ancestorTitles":["PublicLayout","CSS Classes"],"duration":17,"failing":false,"failureDetails":[],"failureMessages":[],"fullName":"PublicLayout CSS Classes should apply min-h-screen to wrapper","invocations":1,"location":null,"numPassingAsserts":1,"retryReasons":[],"startAt":1763189591030,"status":"passed","title":"should apply min-h-screen to wrapper"},{"ancestorTitles":["PublicLayout","CSS Classes"],"duration":45,"failing":false,"failureDetails":[],"failureMessages":[],"fullName":"PublicLayout CSS Classes should apply h-[5rem] to header container","invocations":1,"location":null,"numPassingAsserts":1,"retryReasons":[],"startAt":1763189591048,"status":"passed","title":"should apply h-[5rem] to header container"},{"ancestorTitles":["PublicLayout","CSS Classes"],"duration":46,"failing":false,"failureDetails":[],"failureMessages":[],"fullName":"PublicLayout CSS Classes should apply mb-10 to main element","invocations":1,"location":null,"numPassingAsserts":1,"retryReasons":[],"startAt":1763189591093,"status":"passed","title":"should apply mb-10 to main element"},{"ancestorTitles":["PublicLayout","Integration"],"duration":30,"failing":false,"failureDetails":[],"failureMessages":[],"fullName":"PublicLayout Integration should render all components together correctly","invocations":1,"location":null,"numPassingAsserts":5,"retryReasons":[],"startAt":1763189591140,"status":"passed","title":"should render all components together correctly"},{"ancestorTitles":["PublicLayout","Integration"],"duration":15,"failing":false,"failureDetails":[],"failureMessages":[],"fullName":"PublicLayout Integration should maintain correct layout structure","invocations":1,"location":null,"numPassingAsserts":5,"retryReasons":[],"startAt":1763189591171,"status":"passed","title":"should maintain correct layout structure"},{"ancestorTitles":["PublicLayout","Accessibility"],"duration":11,"failing":false,"failureDetails":[],"failureMessages":[],"fullName":"PublicLayout Accessibility should have a main landmark","invocations":1,"location":null,"numPassingAsserts":1,"retryReasons":[],"startAt":1763189591188,"status":"passed","title":"should have a main landmark"},{"ancestorTitles":["PublicLayout","Accessibility"],"duration":17,"failing":false,"failureDetails":[],"failureMessages":[],"fullName":"PublicLayout Accessibility should render children inside main for proper semantics","invocations":1,"location":null,"numPassingAsserts":1,"retryReasons":[],"startAt":1763189591199,"status":"passed","title":"should render children inside main for proper semantics"}],"endTime":1763189591227,"message":"","name":"C:\\Users\\leovp\\Programming\\adorador\\adorador-frontend\\src\\app\\(public)\\__tests__\\layout.test.tsx","startTime":1763189588055,"status":"passed","summary":""},{"assertionResults":[{"ancestorTitles":["CheckUserStatus","Admin privileges"],"duration":139,"failing":false,"failureDetails":[],"failureMessages":[],"fullName":"CheckUserStatus Admin privileges should grant access to admin users regardless of other checks","invocations":1,"location":null,"numPassingAsserts":2,"retryReasons":[],"startAt":1763189591612,"status":"passed","title":"should grant access to admin users regardless of other checks"},{"ancestorTitles":["CheckUserStatus","Admin privileges"],"duration":9,"failing":false,"failureDetails":[],"failureMessages":[],"fullName":"CheckUserStatus Admin privileges should grant access to admin even with negative roles","invocations":1,"location":null,"numPassingAsserts":1,"retryReasons":[],"startAt":1763189591754,"status":"passed","title":"should grant access to admin even with negative roles"},{"ancestorTitles":["CheckUserStatus","isLoggedIn validation"],"duration":11,"failing":false,"failureDetails":[],"failureMessages":[],"fullName":"CheckUserStatus isLoggedIn validation should return true when isLoggedIn is not defined (default behavior)","invocations":1,"location":null,"numPassingAsserts":1,"retryReasons":[],"startAt":1763189591764,"status":"passed","title":"should return true when isLoggedIn is not defined (default behavior)"},{"ancestorTitles":["CheckUserStatus","isLoggedIn validation"],"duration":11,"failing":false,"failureDetails":[],"failureMessages":[],"fullName":"CheckUserStatus isLoggedIn validation should return true when user is logged in and isLoggedIn is true","invocations":1,"location":null,"numPassingAsserts":1,"retryReasons":[],"startAt":1763189591776,"status":"passed","title":"should return true when user is logged in and isLoggedIn is true"},{"ancestorTitles":["CheckUserStatus","isLoggedIn validation"],"duration":17,"failing":false,"failureDetails":[],"failureMessages":[],"fullName":"CheckUserStatus isLoggedIn validation should return false when user is not logged in but isLoggedIn is required","invocations":1,"location":null,"numPassingAsserts":2,"retryReasons":[],"startAt":1763189591788,"status":"passed","title":"should return false when user is not logged in but isLoggedIn is required"},{"ancestorTitles":["CheckUserStatus","isLoggedIn validation"],"duration":11,"failing":false,"failureDetails":[],"failureMessages":[],"fullName":"CheckUserStatus isLoggedIn validation should return true when user is logged in but isLoggedIn is false","invocations":1,"location":null,"numPassingAsserts":1,"retryReasons":[],"startAt":1763189591805,"status":"passed","title":"should return true when user is logged in but isLoggedIn is false"},{"ancestorTitles":["CheckUserStatus","Role validation"],"duration":11,"failing":false,"failureDetails":[],"failureMessages":[],"fullName":"CheckUserStatus Role validation should grant access when user has required role","invocations":1,"location":null,"numPassingAsserts":1,"retryReasons":[],"startAt":1763189591817,"status":"passed","title":"should grant access when user has required role"},{"ancestorTitles":["CheckUserStatus","Role validation"],"duration":9,"failing":false,"failureDetails":[],"failureMessages":[],"fullName":"CheckUserStatus Role validation should grant access when user has any of the required roles","invocations":1,"location":null,"numPassingAsserts":1,"retryReasons":[],"startAt":1763189591828,"status":"passed","title":"should grant access when user has any of the required roles"},{"ancestorTitles":["CheckUserStatus","Role validation"],"duration":12,"failing":false,"failureDetails":[],"failureMessages":[],"fullName":"CheckUserStatus Role validation should deny access when user does not have required role","invocations":1,"location":null,"numPassingAsserts":2,"retryReasons":[],"startAt":1763189591838,"status":"passed","title":"should deny access when user does not have required role"},{"ancestorTitles":["CheckUserStatus","Negative roles validation"],"duration":13,"failing":false,"failureDetails":[],"failureMessages":[],"fullName":"CheckUserStatus Negative roles validation should deny access when user has a negative role","invocations":1,"location":null,"numPassingAsserts":2,"retryReasons":[],"startAt":1763189591851,"status":"passed","title":"should deny access when user has a negative role"},{"ancestorTitles":["CheckUserStatus","Negative roles validation"],"duration":9,"failing":false,"failureDetails":[],"failureMessages":[],"fullName":"CheckUserStatus Negative roles validation should grant access when user does not have negative roles","invocations":1,"location":null,"numPassingAsserts":1,"retryReasons":[],"startAt":1763189591865,"status":"passed","title":"should grant access when user does not have negative roles"},{"ancestorTitles":["CheckUserStatus","Church membership validation"],"duration":13,"failing":false,"failureDetails":[],"failureMessages":[],"fullName":"CheckUserStatus Church membership validation should grant access when user has required church membership","invocations":1,"location":null,"numPassingAsserts":1,"retryReasons":[],"startAt":1763189591900,"status":"passed","title":"should grant access when user has required church membership"},{"ancestorTitles":["CheckUserStatus","Church membership validation"],"duration":35,"failing":false,"failureDetails":[],"failureMessages":[],"fullName":"CheckUserStatus Church membership validation should deny access when user does not have required church membership","invocations":1,"location":null,"numPassingAsserts":2,"retryReasons":[],"startAt":1763189591913,"status":"passed","title":"should deny access when user does not have required church membership"},{"ancestorTitles":["CheckUserStatus","Church membership validation"],"duration":11,"failing":false,"failureDetails":[],"failureMessages":[],"fullName":"CheckUserStatus Church membership validation should grant access when checkChurchId is not provided","invocations":1,"location":null,"numPassingAsserts":1,"retryReasons":[],"startAt":1763189591949,"status":"passed","title":"should grant access when checkChurchId is not provided"},{"ancestorTitles":["CheckUserStatus","Church roles validation"],"duration":13,"failing":false,"failureDetails":[],"failureMessages":[],"fullName":"CheckUserStatus Church roles validation should grant access when user has required church role","invocations":1,"location":null,"numPassingAsserts":1,"retryReasons":[],"startAt":1763189591962,"status":"passed","title":"should grant access when user has required church role"},{"ancestorTitles":["CheckUserStatus","Church roles validation"],"duration":15,"failing":false,"failureDetails":[],"failureMessages":[],"fullName":"CheckUserStatus Church roles validation should deny access when user does not have required church role","invocations":1,"location":null,"numPassingAsserts":2,"retryReasons":[],"startAt":1763189591975,"status":"passed","title":"should deny access when user does not have required church role"},{"ancestorTitles":["CheckUserStatus","Church roles validation"],"duration":6,"failing":false,"failureDetails":[],"failureMessages":[],"fullName":"CheckUserStatus Church roles validation should grant access when churchRoles is not provided","invocations":1,"location":null,"numPassingAsserts":1,"retryReasons":[],"startAt":1763189591990,"status":"passed","title":"should grant access when churchRoles is not provided"},{"ancestorTitles":["CheckUserStatus","Negative church roles validation"],"duration":11,"failing":false,"failureDetails":[],"failureMessages":[],"fullName":"CheckUserStatus Negative church roles validation should deny access when user has negative church role","invocations":1,"location":null,"numPassingAsserts":2,"retryReasons":[],"startAt":1763189591997,"status":"passed","title":"should deny access when user has negative church role"},{"ancestorTitles":["CheckUserStatus","Negative church roles validation"],"duration":9,"failing":false,"failureDetails":[],"failureMessages":[],"fullName":"CheckUserStatus Negative church roles validation should grant access when user does not have negative church roles","invocations":1,"location":null,"numPassingAsserts":1,"retryReasons":[],"startAt":1763189592010,"status":"passed","title":"should grant access when user does not have negative church roles"},{"ancestorTitles":["CheckUserStatus","Band membership validation"],"duration":7,"failing":false,"failureDetails":[],"failureMessages":[],"fullName":"CheckUserStatus Band membership validation should grant access when user is member of required band","invocations":1,"location":null,"numPassingAsserts":1,"retryReasons":[],"startAt":1763189592020,"status":"passed","title":"should grant access when user is member of required band"},{"ancestorTitles":["CheckUserStatus","Band membership validation"],"duration":7,"failing":false,"failureDetails":[],"failureMessages":[],"fullName":"CheckUserStatus Band membership validation should deny access when user is not member of required band","invocations":1,"location":null,"numPassingAsserts":2,"retryReasons":[],"startAt":1763189592028,"status":"passed","title":"should deny access when user is not member of required band"},{"ancestorTitles":["CheckUserStatus","Band membership validation"],"duration":6,"failing":false,"failureDetails":[],"failureMessages":[],"fullName":"CheckUserStatus Band membership validation should grant access when checkBandId is not provided","invocations":1,"location":null,"numPassingAsserts":1,"retryReasons":[],"startAt":1763189592036,"status":"passed","title":"should grant access when checkBandId is not provided"},{"ancestorTitles":["CheckUserStatus","Event admin permission validation"],"duration":7,"failing":false,"failureDetails":[],"failureMessages":[],"fullName":"CheckUserStatus Event admin permission validation should grant access when user is event manager for the band","invocations":1,"location":null,"numPassingAsserts":1,"retryReasons":[],"startAt":1763189592043,"status":"passed","title":"should grant access when user is event manager for the band"},{"ancestorTitles":["CheckUserStatus","Event admin permission validation"],"duration":8,"failing":false,"failureDetails":[],"failureMessages":[],"fullName":"CheckUserStatus Event admin permission validation should deny access when user is not event manager","invocations":1,"location":null,"numPassingAsserts":2,"retryReasons":[],"startAt":1763189592050,"status":"passed","title":"should deny access when user is not event manager"},{"ancestorTitles":["CheckUserStatus","Event admin permission validation"],"duration":10,"failing":false,"failureDetails":[],"failureMessages":[],"fullName":"CheckUserStatus Event admin permission validation should deny access when user is not logged in","invocations":1,"location":null,"numPassingAsserts":1,"retryReasons":[],"startAt":1763189592059,"status":"passed","title":"should deny access when user is not logged in"},{"ancestorTitles":["CheckUserStatus","Event admin permission validation"],"duration":6,"failing":false,"failureDetails":[],"failureMessages":[],"fullName":"CheckUserStatus Event admin permission validation should grant access when checkAdminEvent is false","invocations":1,"location":null,"numPassingAsserts":1,"retryReasons":[],"startAt":1763189592069,"status":"passed","title":"should grant access when checkAdminEvent is false"},{"ancestorTitles":["CheckUserStatus","Event admin permission validation"],"duration":6,"failing":false,"failureDetails":[],"failureMessages":[],"fullName":"CheckUserStatus Event admin permission validation should grant access when checkAdminEvent is not provided","invocations":1,"location":null,"numPassingAsserts":1,"retryReasons":[],"startAt":1763189592076,"status":"passed","title":"should grant access when checkAdminEvent is not provided"},{"ancestorTitles":["CheckUserStatus","Complex scenarios with multiple validations"],"duration":8,"failing":false,"failureDetails":[],"failureMessages":[],"fullName":"CheckUserStatus Complex scenarios with multiple validations should pass all validations for a complete scenario","invocations":1,"location":null,"numPassingAsserts":1,"retryReasons":[],"startAt":1763189592083,"status":"passed","title":"should pass all validations for a complete scenario"},{"ancestorTitles":["CheckUserStatus","Complex scenarios with multiple validations"],"duration":9,"failing":false,"failureDetails":[],"failureMessages":[],"fullName":"CheckUserStatus Complex scenarios with multiple validations should fail when one validation fails in a complex scenario","invocations":1,"location":null,"numPassingAsserts":1,"retryReasons":[],"startAt":1763189592091,"status":"passed","title":"should fail when one validation fails in a complex scenario"},{"ancestorTitles":["CheckUserStatus","Complex scenarios with multiple validations"],"duration":9,"failing":false,"failureDetails":[],"failureMessages":[],"fullName":"CheckUserStatus Complex scenarios with multiple validations should handle user with multiple roles and memberships","invocations":1,"location":null,"numPassingAsserts":1,"retryReasons":[],"startAt":1763189592101,"status":"passed","title":"should handle user with multiple roles and memberships"},{"ancestorTitles":["CheckUserStatus","Complex scenarios with multiple validations"],"duration":12,"failing":false,"failureDetails":[],"failureMessages":[],"fullName":"CheckUserStatus Complex scenarios with multiple validations should prioritize admin access over negative validations","invocations":1,"location":null,"numPassingAsserts":2,"retryReasons":[],"startAt":1763189592110,"status":"passed","title":"should prioritize admin access over negative validations"},{"ancestorTitles":["CheckUserStatus","Edge cases"],"duration":22,"failing":false,"failureDetails":[],"failureMessages":[],"fullName":"CheckUserStatus Edge cases should handle empty user object gracefully","invocations":1,"location":null,"numPassingAsserts":1,"retryReasons":[],"startAt":1763189592124,"status":"passed","title":"should handle empty user object gracefully"},{"ancestorTitles":["CheckUserStatus","Edge cases"],"duration":10,"failing":false,"failureDetails":[],"failureMessages":[],"fullName":"CheckUserStatus Edge cases should handle user with no roles array","invocations":1,"location":null,"numPassingAsserts":1,"retryReasons":[],"startAt":1763189592146,"status":"passed","title":"should handle user with no roles array"},{"ancestorTitles":["CheckUserStatus","Edge cases"],"duration":9,"failing":false,"failureDetails":[],"failureMessages":[],"fullName":"CheckUserStatus Edge cases should handle user with empty memberships array","invocations":1,"location":null,"numPassingAsserts":1,"retryReasons":[],"startAt":1763189592156,"status":"passed","title":"should handle user with empty memberships array"},{"ancestorTitles":["CheckUserStatus","Edge cases"],"duration":8,"failing":false,"failureDetails":[],"failureMessages":[],"fullName":"CheckUserStatus Edge cases should handle all optional parameters as undefined","invocations":1,"location":null,"numPassingAsserts":1,"retryReasons":[],"startAt":1763189592165,"status":"passed","title":"should handle all optional parameters as undefined"}],"endTime":1763189592184,"message":"","name":"C:\\Users\\leovp\\Programming\\adorador\\adorador-frontend\\src\\global\\utils\\__tests__\\checkUserStatus.test.tsx","startTime":1763189588986,"status":"passed","summary":""},{"assertionResults":[{"ancestorTitles":["useWebSocketDebounce Hook","Basic debounce functionality"],"duration":129,"failing":false,"failureDetails":[],"failureMessages":[],"fullName":"useWebSocketDebounce Hook Basic debounce functionality should delay function execution","invocations":1,"location":null,"numPassingAsserts":3,"retryReasons":[],"startAt":1763189591611,"status":"passed","title":"should delay function execution"},{"ancestorTitles":["useWebSocketDebounce Hook","Basic debounce functionality"],"duration":19,"failing":false,"failureDetails":[],"failureMessages":[],"fullName":"useWebSocketDebounce Hook Basic debounce functionality should cancel previous call when called multiple times","invocations":1,"location":null,"numPassingAsserts":2,"retryReasons":[],"startAt":1763189591743,"status":"passed","title":"should cancel previous call when called multiple times"},{"ancestorTitles":["useWebSocketDebounce Hook","Basic debounce functionality"],"duration":36,"failing":false,"failureDetails":[],"failureMessages":[],"fullName":"useWebSocketDebounce Hook Basic debounce functionality should use most recent data after delay","invocations":1,"location":null,"numPassingAsserts":2,"retryReasons":[],"startAt":1763189591763,"status":"passed","title":"should use most recent data after delay"},{"ancestorTitles":["useWebSocketDebounce Hook","maxWait functionality"],"duration":23,"failing":false,"failureDetails":[],"failureMessages":[],"fullName":"useWebSocketDebounce Hook maxWait functionality should force send after maxWait period","invocations":1,"location":null,"numPassingAsserts":4,"retryReasons":[],"startAt":1763189591800,"status":"passed","title":"should force send after maxWait period"},{"ancestorTitles":["useWebSocketDebounce Hook","maxWait functionality"],"duration":38,"failing":false,"failureDetails":[],"failureMessages":[],"fullName":"useWebSocketDebounce Hook maxWait functionality should use default maxWait of delay * 3","invocations":1,"location":null,"numPassingAsserts":2,"retryReasons":[],"startAt":1763189591823,"status":"passed","title":"should use default maxWait of delay * 3"},{"ancestorTitles":["useWebSocketDebounce Hook","flush functionality"],"duration":35,"failing":false,"failureDetails":[],"failureMessages":[],"fullName":"useWebSocketDebounce Hook flush functionality should immediately send pending data","invocations":1,"location":null,"numPassingAsserts":3,"retryReasons":[],"startAt":1763189591861,"status":"passed","title":"should immediately send pending data"},{"ancestorTitles":["useWebSocketDebounce Hook","flush functionality"],"duration":14,"failing":false,"failureDetails":[],"failureMessages":[],"fullName":"useWebSocketDebounce Hook flush functionality should not send if no pending data","invocations":1,"location":null,"numPassingAsserts":1,"retryReasons":[],"startAt":1763189591897,"status":"passed","title":"should not send if no pending data"},{"ancestorTitles":["useWebSocketDebounce Hook","flush functionality"],"duration":52,"failing":false,"failureDetails":[],"failureMessages":[],"fullName":"useWebSocketDebounce Hook flush functionality should clear timeout when flushing","invocations":1,"location":null,"numPassingAsserts":1,"retryReasons":[],"startAt":1763189591911,"status":"passed","title":"should clear timeout when flushing"},{"ancestorTitles":["useWebSocketDebounce Hook","cancel functionality"],"duration":23,"failing":false,"failureDetails":[],"failureMessages":[],"fullName":"useWebSocketDebounce Hook cancel functionality should cancel pending execution","invocations":1,"location":null,"numPassingAsserts":1,"retryReasons":[],"startAt":1763189591964,"status":"passed","title":"should cancel pending execution"},{"ancestorTitles":["useWebSocketDebounce Hook","cancel functionality"],"duration":12,"failing":false,"failureDetails":[],"failureMessages":[],"fullName":"useWebSocketDebounce Hook cancel functionality should clear pending data","invocations":1,"location":null,"numPassingAsserts":1,"retryReasons":[],"startAt":1763189591988,"status":"passed","title":"should clear pending data"},{"ancestorTitles":["useWebSocketDebounce Hook","Async sendFunction support"],"duration":21,"failing":false,"failureDetails":[],"failureMessages":[],"fullName":"useWebSocketDebounce Hook Async sendFunction support should handle async sendFunction","invocations":1,"location":null,"numPassingAsserts":1,"retryReasons":[],"startAt":1763189592013,"status":"passed","title":"should handle async sendFunction"},{"ancestorTitles":["useWebSocketDebounce Hook","Async sendFunction support"],"duration":407,"failing":false,"failureDetails":[],"failureMessages":[],"fullName":"useWebSocketDebounce Hook Async sendFunction support should handle async sendFunction errors gracefully","invocations":1,"location":null,"numPassingAsserts":1,"retryReasons":[],"startAt":1763189592037,"status":"passed","title":"should handle async sendFunction errors gracefully"},{"ancestorTitles":["useWebSocketDebounce Hook","Async sendFunction support"],"duration":61,"failing":false,"failureDetails":[],"failureMessages":[],"fullName":"useWebSocketDebounce Hook Async sendFunction support should handle flush errors for async functions","invocations":1,"location":null,"numPassingAsserts":1,"retryReasons":[],"startAt":1763189592444,"status":"passed","title":"should handle flush errors for async functions"},{"ancestorTitles":["useWebSocketDebounce Hook","Cleanup on unmount"],"duration":9,"failing":false,"failureDetails":[],"failureMessages":[],"fullName":"useWebSocketDebounce Hook Cleanup on unmount should clear timeout on unmount","invocations":1,"location":null,"numPassingAsserts":1,"retryReasons":[],"startAt":1763189592505,"status":"passed","title":"should clear timeout on unmount"},{"ancestorTitles":["useWebSocketDebounce Hook","Type safety with generics"],"duration":12,"failing":false,"failureDetails":[],"failureMessages":[],"fullName":"useWebSocketDebounce Hook Type safety with generics should work with different data types","invocations":1,"location":null,"numPassingAsserts":1,"retryReasons":[],"startAt":1763189592515,"status":"passed","title":"should work with different data types"},{"ancestorTitles":["useLyricMessageDebounce Hook"],"duration":13,"failing":false,"failureDetails":[],"failureMessages":[],"fullName":"useLyricMessageDebounce Hook should use 200ms delay","invocations":1,"location":null,"numPassingAsserts":2,"retryReasons":[],"startAt":1763189592528,"status":"passed","title":"should use 200ms delay"},{"ancestorTitles":["useLyricMessageDebounce Hook"],"duration":13,"failing":false,"failureDetails":[],"failureMessages":[],"fullName":"useLyricMessageDebounce Hook should use 500ms maxWait","invocations":1,"location":null,"numPassingAsserts":3,"retryReasons":[],"startAt":1763189592541,"status":"passed","title":"should use 500ms maxWait"},{"ancestorTitles":["useLyricMessageDebounce Hook"],"duration":18,"failing":false,"failureDetails":[],"failureMessages":[],"fullName":"useLyricMessageDebounce Hook should expose flush and cancel methods","invocations":1,"location":null,"numPassingAsserts":3,"retryReasons":[],"startAt":1763189592554,"status":"passed","title":"should expose flush and cancel methods"},{"ancestorTitles":["useSongSelectionDebounce Hook"],"duration":13,"failing":false,"failureDetails":[],"failureMessages":[],"fullName":"useSongSelectionDebounce Hook should use 300ms delay","invocations":1,"location":null,"numPassingAsserts":2,"retryReasons":[],"startAt":1763189592573,"status":"passed","title":"should use 300ms delay"},{"ancestorTitles":["useSongSelectionDebounce Hook"],"duration":17,"failing":false,"failureDetails":[],"failureMessages":[],"fullName":"useSongSelectionDebounce Hook should use 800ms maxWait","invocations":1,"location":null,"numPassingAsserts":3,"retryReasons":[],"startAt":1763189592586,"status":"passed","title":"should use 800ms maxWait"},{"ancestorTitles":["useSongSelectionDebounce Hook"],"duration":12,"failing":false,"failureDetails":[],"failureMessages":[],"fullName":"useSongSelectionDebounce Hook should handle rapid song changes","invocations":1,"location":null,"numPassingAsserts":2,"retryReasons":[],"startAt":1763189592603,"status":"passed","title":"should handle rapid song changes"},{"ancestorTitles":["useSongSelectionDebounce Hook"],"duration":13,"failing":false,"failureDetails":[],"failureMessages":[],"fullName":"useSongSelectionDebounce Hook should expose flush and cancel methods","invocations":1,"location":null,"numPassingAsserts":3,"retryReasons":[],"startAt":1763189592615,"status":"passed","title":"should expose flush and cancel methods"}],"endTime":1763189592637,"message":"","name":"C:\\Users\\leovp\\Programming\\adorador\\adorador-frontend\\src\\global\\hooks\\__tests__\\useWebSocketDebounce.test.ts","startTime":1763189589161,"status":"passed","summary":""},{"assertionResults":[{"ancestorTitles":["useEditEvent - Query Invalidation"],"duration":122,"failing":false,"failureDetails":[],"failureMessages":[],"fullName":"useEditEvent - Query Invalidation should invalidate EventsOfBand, BandById, and Event queries after successful update","invocations":1,"location":null,"numPassingAsserts":4,"retryReasons":[],"startAt":1763189593391,"status":"passed","title":"should invalidate EventsOfBand, BandById, and Event queries after successful update"},{"ancestorTitles":["useEditEvent - Query Invalidation"],"duration":27,"failing":false,"failureDetails":[],"failureMessages":[],"fullName":"useEditEvent - Query Invalidation should invalidate all four queries","invocations":1,"location":null,"numPassingAsserts":1,"retryReasons":[],"startAt":1763189593516,"status":"passed","title":"should invalidate all four queries"},{"ancestorTitles":["useEditEvent - Query Invalidation"],"duration":28,"failing":false,"failureDetails":[],"failureMessages":[],"fullName":"useEditEvent - Query Invalidation should NOT invalidate queries if update fails","invocations":1,"location":null,"numPassingAsserts":1,"retryReasons":[],"startAt":1763189593543,"status":"passed","title":"should NOT invalidate queries if update fails"},{"ancestorTitles":["useEditEvent - Query Invalidation"],"duration":51,"failing":false,"failureDetails":[],"failureMessages":[],"fullName":"useEditEvent - Query Invalidation should call refetch after invalidating queries","invocations":1,"location":null,"numPassingAsserts":2,"retryReasons":[],"startAt":1763189593572,"status":"passed","title":"should call refetch after invalidating queries"},{"ancestorTitles":["useEditEvent - Query Invalidation"],"duration":17,"failing":false,"failureDetails":[],"failureMessages":[],"fullName":"useEditEvent - Query Invalidation should close modal after successful update","invocations":1,"location":null,"numPassingAsserts":2,"retryReasons":[],"startAt":1763189593624,"status":"passed","title":"should close modal after successful update"}],"endTime":1763189593653,"message":"","name":"C:\\Users\\leovp\\Programming\\adorador\\adorador-frontend\\src\\app\\(public)\\grupos\\[bandId]\\eventos\\[eventId]\\en-vivo\\_hooks\\__tests__\\useEditEvent.queryInvalidation.test.tsx","startTime":1763189590913,"status":"passed","summary":""},{"assertionResults":[{"ancestorTitles":["useRejectInvitation"],"duration":164,"failing":false,"failureDetails":[],"failureMessages":[],"fullName":"useRejectInvitation should reject invitation successfully","invocations":1,"location":null,"numPassingAsserts":4,"retryReasons":[],"startAt":1763189593441,"status":"passed","title":"should reject invitation successfully"},{"ancestorTitles":["useRejectInvitation"],"duration":35,"failing":false,"failureDetails":[],"failureMessages":[],"fullName":"useRejectInvitation should invalidate correct queries after rejecting invitation","invocations":1,"location":null,"numPassingAsserts":1,"retryReasons":[],"startAt":1763189593607,"status":"passed","title":"should invalidate correct queries after rejecting invitation"},{"ancestorTitles":["useRejectInvitation"],"duration":22,"failing":false,"failureDetails":[],"failureMessages":[],"fullName":"useRejectInvitation should handle errors when rejecting invitation","invocations":1,"location":null,"numPassingAsserts":2,"retryReasons":[],"startAt":1763189593643,"status":"passed","title":"should handle errors when rejecting invitation"},{"ancestorTitles":["useRejectInvitation"],"duration":32,"failing":false,"failureDetails":[],"failureMessages":[],"fullName":"useRejectInvitation should set isRejecting to true during process and false after","invocations":1,"location":null,"numPassingAsserts":3,"retryReasons":[],"startAt":1763189593666,"status":"passed","title":"should set isRejecting to true during process and false after"},{"ancestorTitles":["useRejectInvitation"],"duration":24,"failing":false,"failureDetails":[],"failureMessages":[],"fullName":"useRejectInvitation should handle generic errors gracefully","invocations":1,"location":null,"numPassingAsserts":2,"retryReasons":[],"startAt":1763189593699,"status":"passed","title":"should handle generic errors gracefully"},{"ancestorTitles":["useRejectInvitation"],"duration":13,"failing":false,"failureDetails":[],"failureMessages":[],"fullName":"useRejectInvitation should use correct API endpoint","invocations":1,"location":null,"numPassingAsserts":1,"retryReasons":[],"startAt":1763189593724,"status":"passed","title":"should use correct API endpoint"},{"ancestorTitles":["useRejectInvitation"],"duration":10,"failing":false,"failureDetails":[],"failureMessages":[],"fullName":"useRejectInvitation should return rejectInvitationStatus from mutation","invocations":1,"location":null,"numPassingAsserts":1,"retryReasons":[],"startAt":1763189593738,"status":"passed","title":"should return rejectInvitationStatus from mutation"},{"ancestorTitles":["useRejectInvitation"],"duration":43,"failing":false,"failureDetails":[],"failureMessages":[],"fullName":"useRejectInvitation should reset isRejecting to false even on error","invocations":1,"location":null,"numPassingAsserts":1,"retryReasons":[],"startAt":1763189593749,"status":"passed","title":"should reset isRejecting to false even on error"}],"endTime":1763189593799,"message":"","name":"C:\\Users\\leovp\\Programming\\adorador\\adorador-frontend\\src\\app\\(public)\\grupos\\_hooks\\__tests__\\useRejectInvitation.test.tsx","startTime":1763189590833,"status":"passed","summary":""},{"assertionResults":[{"ancestorTitles":["useFullscreen","Inicialización"],"duration":112,"failing":false,"failureDetails":[],"failureMessages":[],"fullName":"useFullscreen Inicialización debería inicializar con valores por defecto","invocations":1,"location":null,"numPassingAsserts":3,"retryReasons":[],"startAt":1763189593416,"status":"passed","title":"debería inicializar con valores por defecto"},{"ancestorTitles":["useFullscreen","Inicialización"],"duration":16,"failing":false,"failureDetails":[],"failureMessages":[],"fullName":"useFullscreen Inicialización debería proporcionar funciones activateFullscreen y exitFullscreen","invocations":1,"location":null,"numPassingAsserts":2,"retryReasons":[],"startAt":1763189593531,"status":"passed","title":"debería proporcionar funciones activateFullscreen y exitFullscreen"},{"ancestorTitles":["useFullscreen","activateFullscreen"],"duration":31,"failing":false,"failureDetails":[],"failureMessages":[],"fullName":"useFullscreen activateFullscreen debería mostrar warning si no hay elemento referenciado","invocations":1,"location":null,"numPassingAsserts":1,"retryReasons":[],"startAt":1763189593549,"status":"passed","title":"debería mostrar warning si no hay elemento referenciado"},{"ancestorTitles":["useFullscreen","activateFullscreen"],"duration":16,"failing":false,"failureDetails":[],"failureMessages":[],"fullName":"useFullscreen activateFullscreen debería llamar requestFullscreen en navegadores modernos","invocations":1,"location":null,"numPassingAsserts":1,"retryReasons":[],"startAt":1763189593581,"status":"passed","title":"debería llamar requestFullscreen en navegadores modernos"},{"ancestorTitles":["useFullscreen","activateFullscreen"],"duration":26,"failing":false,"failureDetails":[],"failureMessages":[],"fullName":"useFullscreen activateFullscreen debería llamar webkitRequestFullscreen si requestFullscreen no está disponible","invocations":1,"location":null,"numPassingAsserts":1,"retryReasons":[],"startAt":1763189593598,"status":"passed","title":"debería llamar webkitRequestFullscreen si requestFullscreen no está disponible"},{"ancestorTitles":["useFullscreen","activateFullscreen"],"duration":18,"failing":false,"failureDetails":[],"failureMessages":[],"fullName":"useFullscreen activateFullscreen debería manejar errores al activar fullscreen","invocations":1,"location":null,"numPassingAsserts":1,"retryReasons":[],"startAt":1763189593624,"status":"passed","title":"debería manejar errores al activar fullscreen"},{"ancestorTitles":["useFullscreen","activateFullscreen en iOS"],"duration":21,"failing":false,"failureDetails":[],"failureMessages":[],"fullName":"useFullscreen activateFullscreen en iOS debería usar webkitRequestFullscreen con opciones en iOS","invocations":1,"location":null,"numPassingAsserts":1,"retryReasons":[],"startAt":1763189593643,"status":"passed","title":"debería usar webkitRequestFullscreen con opciones en iOS"},{"ancestorTitles":["useFullscreen","activateFullscreen en iOS"],"duration":34,"failing":false,"failureDetails":[],"failureMessages":[],"fullName":"useFullscreen activateFullscreen en iOS debería mostrar toast si falla en iOS después de intentar todas las opciones","invocations":1,"location":null,"numPassingAsserts":1,"retryReasons":[],"startAt":1763189593665,"status":"passed","title":"debería mostrar toast si falla en iOS después de intentar todas las opciones"},{"ancestorTitles":["useFullscreen","activateFullscreen en iOS"],"duration":43,"failing":false,"failureDetails":[],"failureMessages":[],"fullName":"useFullscreen activateFullscreen en iOS debería intentar método alternativo si el primero falla en iOS","invocations":1,"location":null,"numPassingAsserts":1,"retryReasons":[],"startAt":1763189593699,"status":"passed","title":"debería intentar método alternativo si el primero falla en iOS"},{"ancestorTitles":["useFullscreen","exitFullscreen"],"duration":26,"failing":false,"failureDetails":[],"failureMessages":[],"fullName":"useFullscreen exitFullscreen debería llamar document.exitFullscreen","invocations":1,"location":null,"numPassingAsserts":1,"retryReasons":[],"startAt":1763189593743,"status":"passed","title":"debería llamar document.exitFullscreen"},{"ancestorTitles":["useFullscreen","exitFullscreen"],"duration":19,"failing":false,"failureDetails":[],"failureMessages":[],"fullName":"useFullscreen exitFullscreen debería llamar webkitExitFullscreen si exitFullscreen no está disponible","invocations":1,"location":null,"numPassingAsserts":1,"retryReasons":[],"startAt":1763189593770,"status":"passed","title":"debería llamar webkitExitFullscreen si exitFullscreen no está disponible"},{"ancestorTitles":["useFullscreen","exitFullscreen"],"duration":10,"failing":false,"failureDetails":[],"failureMessages":[],"fullName":"useFullscreen exitFullscreen debería manejar errores al salir de fullscreen","invocations":1,"location":null,"numPassingAsserts":1,"retryReasons":[],"startAt":1763189593790,"status":"passed","title":"debería manejar errores al salir de fullscreen"},{"ancestorTitles":["useFullscreen","Eventos de cambio de fullscreen"],"duration":75,"failing":false,"failureDetails":[],"failureMessages":[],"fullName":"useFullscreen Eventos de cambio de fullscreen debería actualizar isFullscreen cuando cambia el estado","invocations":1,"location":null,"numPassingAsserts":2,"retryReasons":[],"startAt":1763189593800,"status":"passed","title":"debería actualizar isFullscreen cuando cambia el estado"},{"ancestorTitles":["useFullscreen","Eventos de cambio de fullscreen"],"duration":15,"failing":false,"failureDetails":[],"failureMessages":[],"fullName":"useFullscreen Eventos de cambio de fullscreen debería escuchar eventos webkit en navegadores Safari","invocations":1,"location":null,"numPassingAsserts":1,"retryReasons":[],"startAt":1763189593876,"status":"passed","title":"debería escuchar eventos webkit en navegadores Safari"},{"ancestorTitles":["useFullscreen","Detección de iOS"],"duration":23,"failing":false,"failureDetails":[],"failureMessages":[],"fullName":"useFullscreen Detección de iOS debería detectar iPhone","invocations":1,"location":null,"numPassingAsserts":1,"retryReasons":[],"startAt":1763189593892,"status":"passed","title":"debería detectar iPhone"},{"ancestorTitles":["useFullscreen","Detección de iOS"],"duration":21,"failing":false,"failureDetails":[],"failureMessages":[],"fullName":"useFullscreen Detección de iOS debería detectar iPad","invocations":1,"location":null,"numPassingAsserts":1,"retryReasons":[],"startAt":1763189593916,"status":"passed","title":"debería detectar iPad"},{"ancestorTitles":["useFullscreen","Detección de iOS"],"duration":18,"failing":false,"failureDetails":[],"failureMessages":[],"fullName":"useFullscreen Detección de iOS debería detectar iPad Pro (MacIntel con touch)","invocations":1,"location":null,"numPassingAsserts":1,"retryReasons":[],"startAt":1763189593938,"status":"passed","title":"debería detectar iPad Pro (MacIntel con touch)"},{"ancestorTitles":["useFullscreen","Compatibilidad con diferentes navegadores"],"duration":35,"failing":false,"failureDetails":[],"failureMessages":[],"fullName":"useFullscreen Compatibilidad con diferentes navegadores debería funcionar en Chrome/Edge (requestFullscreen)","invocations":1,"location":null,"numPassingAsserts":1,"retryReasons":[],"startAt":1763189593957,"status":"passed","title":"debería funcionar en Chrome/Edge (requestFullscreen)"},{"ancestorTitles":["useFullscreen","Compatibilidad con diferentes navegadores"],"duration":19,"failing":false,"failureDetails":[],"failureMessages":[],"fullName":"useFullscreen Compatibilidad con diferentes navegadores debería funcionar en Safari (webkitRequestFullscreen)","invocations":1,"location":null,"numPassingAsserts":1,"retryReasons":[],"startAt":1763189593993,"status":"passed","title":"debería funcionar en Safari (webkitRequestFullscreen)"}],"endTime":1763189594023,"message":"","name":"C:\\Users\\leovp\\Programming\\adorador\\adorador-frontend\\src\\app\\(public)\\grupos\\[bandId]\\eventos\\[eventId]\\en-vivo\\_hooks\\__tests__\\useFullscreen.test.tsx","startTime":1763189590951,"status":"passed","summary":""},{"assertionResults":[{"ancestorTitles":["useAcceptInvitation"],"duration":140,"failing":false,"failureDetails":[],"failureMessages":[],"fullName":"useAcceptInvitation should accept invitation successfully","invocations":1,"location":null,"numPassingAsserts":5,"retryReasons":[],"startAt":1763189594158,"status":"passed","title":"should accept invitation successfully"},{"ancestorTitles":["useAcceptInvitation"],"duration":29,"failing":false,"failureDetails":[],"failureMessages":[],"fullName":"useAcceptInvitation should invalidate correct queries after accepting invitation","invocations":1,"location":null,"numPassingAsserts":4,"retryReasons":[],"startAt":1763189594301,"status":"passed","title":"should invalidate correct queries after accepting invitation"},{"ancestorTitles":["useAcceptInvitation"],"duration":26,"failing":false,"failureDetails":[],"failureMessages":[],"fullName":"useAcceptInvitation should handle errors when accepting invitation","invocations":1,"location":null,"numPassingAsserts":3,"retryReasons":[],"startAt":1763189594331,"status":"passed","title":"should handle errors when accepting invitation"},{"ancestorTitles":["useAcceptInvitation"],"duration":25,"failing":false,"failureDetails":[],"failureMessages":[],"fullName":"useAcceptInvitation should set isAccepting to true during process and false after","invocations":1,"location":null,"numPassingAsserts":3,"retryReasons":[],"startAt":1763189594358,"status":"passed","title":"should set isAccepting to true during process and false after"},{"ancestorTitles":["useAcceptInvitation"],"duration":86,"failing":false,"failureDetails":[],"failureMessages":[],"fullName":"useAcceptInvitation should handle generic errors gracefully","invocations":1,"location":null,"numPassingAsserts":2,"retryReasons":[],"startAt":1763189594386,"status":"passed","title":"should handle generic errors gracefully"},{"ancestorTitles":["useAcceptInvitation"],"duration":10,"failing":false,"failureDetails":[],"failureMessages":[],"fullName":"useAcceptInvitation should use correct API endpoint","invocations":1,"location":null,"numPassingAsserts":1,"retryReasons":[],"startAt":1763189594473,"status":"passed","title":"should use correct API endpoint"},{"ancestorTitles":["useAcceptInvitation"],"duration":13,"failing":false,"failureDetails":[],"failureMessages":[],"fullName":"useAcceptInvitation should return acceptInvitationStatus from mutation","invocations":1,"location":null,"numPassingAsserts":1,"retryReasons":[],"startAt":1763189594484,"status":"passed","title":"should return acceptInvitationStatus from mutation"}],"endTime":1763189594524,"message":"","name":"C:\\Users\\leovp\\Programming\\adorador\\adorador-frontend\\src\\app\\(public)\\grupos\\_hooks\\__tests__\\useAcceptInvitation.test.tsx","startTime":1763189591543,"status":"passed","summary":""},{"assertionResults":[{"ancestorTitles":["RootLayout","Component rendering"],"duration":325,"failing":false,"failureDetails":[{"matcherResult":{"pass":false,"message":"\u001b[2mexpect(\u001b[22m\u001b[31melement\u001b[39m\u001b[2m).toHaveClass(\u001b[22m\u001b[32m\u001b[32m\"bg-blanco\"\u001b[39m\u001b[32m\u001b[39m\u001b[2m)\u001b[22m\n\nExpected the element to have class:\n\u001b[32m  bg-blanco\u001b[39m\nReceived:\n"}}],"failureMessages":["Error: \u001b[2mexpect(\u001b[22m\u001b[31melement\u001b[39m\u001b[2m).toHaveClass(\u001b[22m\u001b[32m\u001b[32m\"bg-blanco\"\u001b[39m\u001b[32m\u001b[39m\u001b[2m)\u001b[22m\n\nExpected the element to have class:\n\u001b[32m  bg-blanco\u001b[39m\nReceived:\n\n    at Object.toHaveClass (C:\\Users\\leovp\\Programming\\adorador\\adorador-frontend\\src\\app\\__tests__\\layout.test.tsx:28:27)\n    at Promise.finally.completed (C:\\Users\\leovp\\Programming\\adorador\\adorador-frontend\\node_modules\\jest-circus\\build\\jestAdapterInit.js:1557:28)\n    at new Promise (<anonymous>)\n    at callAsyncCircusFn (C:\\Users\\leovp\\Programming\\adorador\\adorador-frontend\\node_modules\\jest-circus\\build\\jestAdapterInit.js:1497:10)\n    at _callCircusTest (C:\\Users\\leovp\\Programming\\adorador\\adorador-frontend\\node_modules\\jest-circus\\build\\jestAdapterInit.js:1007:40)\n    at processTicksAndRejections (node:internal/process/task_queues:95:5)\n    at _runTest (C:\\Users\\leovp\\Programming\\adorador\\adorador-frontend\\node_modules\\jest-circus\\build\\jestAdapterInit.js:947:3)\n    at C:\\Users\\leovp\\Programming\\adorador\\adorador-frontend\\node_modules\\jest-circus\\build\\jestAdapterInit.js:849:7\n    at _runTestsForDescribeBlock (C:\\Users\\leovp\\Programming\\adorador\\adorador-frontend\\node_modules\\jest-circus\\build\\jestAdapterInit.js:862:11)\n    at _runTestsForDescribeBlock (C:\\Users\\leovp\\Programming\\adorador\\adorador-frontend\\node_modules\\jest-circus\\build\\jestAdapterInit.js:857:11)\n    at _runTestsForDescribeBlock (C:\\Users\\leovp\\Programming\\adorador\\adorador-frontend\\node_modules\\jest-circus\\build\\jestAdapterInit.js:857:11)\n    at run (C:\\Users\\leovp\\Programming\\adorador\\adorador-frontend\\node_modules\\jest-circus\\build\\jestAdapterInit.js:761:3)\n    at runAndTransformResultsToJestFormat (C:\\Users\\leovp\\Programming\\adorador\\adorador-frontend\\node_modules\\jest-circus\\build\\jestAdapterInit.js:1918:21)\n    at jestAdapter (C:\\Users\\leovp\\Programming\\adorador\\adorador-frontend\\node_modules\\jest-circus\\build\\runner.js:101:19)\n    at runTestInternal (C:\\Users\\leovp\\Programming\\adorador\\adorador-frontend\\node_modules\\jest-runner\\build\\testWorker.js:277:16)\n    at runTest (C:\\Users\\leovp\\Programming\\adorador\\adorador-frontend\\node_modules\\jest-runner\\build\\testWorker.js:345:7)\n    at Object.worker (C:\\Users\\leovp\\Programming\\adorador\\adorador-frontend\\node_modules\\jest-runner\\build\\testWorker.js:499:12)"],"fullName":"RootLayout Component rendering should render the html element with correct lang and class","invocations":1,"location":null,"numPassingAsserts":1,"retryReasons":[],"startAt":1763189594139,"status":"failed","title":"should render the html element with correct lang and class"},{"ancestorTitles":["RootLayout","Component rendering"],"duration":36,"failing":false,"failureDetails":[],"failureMessages":[],"fullName":"RootLayout Component rendering should render the body element with correct class","invocations":1,"location":null,"numPassingAsserts":1,"retryReasons":[],"startAt":1763189594480,"status":"passed","title":"should render the body element with correct class"},{"ancestorTitles":["RootLayout","Component rendering"],"duration":32,"failing":false,"failureDetails":[],"failureMessages":[],"fullName":"RootLayout Component rendering should render the Providers wrapper","invocations":1,"location":null,"numPassingAsserts":1,"retryReasons":[],"startAt":1763189594522,"status":"passed","title":"should render the Providers wrapper"},{"ancestorTitles":["RootLayout","Component rendering"],"duration":44,"failing":false,"failureDetails":[],"failureMessages":[],"fullName":"RootLayout Component rendering should render the Toaster component","invocations":1,"location":null,"numPassingAsserts":1,"retryReasons":[],"startAt":1763189594554,"status":"passed","title":"should render the Toaster component"},{"ancestorTitles":["RootLayout","Component rendering"],"duration":43,"failing":false,"failureDetails":[],"failureMessages":[],"fullName":"RootLayout Component rendering should render children inside Providers","invocations":1,"location":null,"numPassingAsserts":2,"retryReasons":[],"startAt":1763189594599,"status":"passed","title":"should render children inside Providers"},{"ancestorTitles":["RootLayout","Component rendering"],"duration":23,"failing":false,"failureDetails":[],"failureMessages":[],"fullName":"RootLayout Component rendering should render multiple children","invocations":1,"location":null,"numPassingAsserts":3,"retryReasons":[],"startAt":1763189594643,"status":"passed","title":"should render multiple children"},{"ancestorTitles":["RootLayout","Component rendering"],"duration":48,"failing":false,"failureDetails":[],"failureMessages":[],"fullName":"RootLayout Component rendering should have correct DOM structure","invocations":1,"location":null,"numPassingAsserts":4,"retryReasons":[],"startAt":1763189594671,"status":"passed","title":"should have correct DOM structure"},{"ancestorTitles":["RootLayout","Metadata configuration"],"duration":5,"failing":false,"failureDetails":[],"failureMessages":[],"fullName":"RootLayout Metadata configuration should have correct title configuration","invocations":1,"location":null,"numPassingAsserts":1,"retryReasons":[],"startAt":1763189594720,"status":"passed","title":"should have correct title configuration"},{"ancestorTitles":["RootLayout","Metadata configuration"],"duration":3,"failing":false,"failureDetails":[],"failureMessages":[],"fullName":"RootLayout Metadata configuration should have correct description","invocations":1,"location":null,"numPassingAsserts":1,"retryReasons":[],"startAt":1763189594726,"status":"passed","title":"should have correct description"},{"ancestorTitles":["RootLayout","Metadata configuration"],"duration":7,"failing":false,"failureDetails":[],"failureMessages":[],"fullName":"RootLayout Metadata configuration should have favicon icon","invocations":1,"location":null,"numPassingAsserts":1,"retryReasons":[],"startAt":1763189594731,"status":"passed","title":"should have favicon icon"},{"ancestorTitles":["RootLayout","Metadata configuration"],"duration":40,"failing":false,"failureDetails":[],"failureMessages":[],"fullName":"RootLayout Metadata configuration should have correct keywords","invocations":1,"location":null,"numPassingAsserts":1,"retryReasons":[],"startAt":1763189594740,"status":"passed","title":"should have correct keywords"},{"ancestorTitles":["RootLayout","Metadata configuration","OpenGraph metadata"],"duration":16,"failing":false,"failureDetails":[],"failureMessages":[],"fullName":"RootLayout Metadata configuration OpenGraph metadata should have correct OpenGraph configuration","invocations":1,"location":null,"numPassingAsserts":6,"retryReasons":[],"startAt":1763189594782,"status":"passed","title":"should have correct OpenGraph configuration"},{"ancestorTitles":["RootLayout","Metadata configuration","OpenGraph metadata"],"duration":7,"failing":false,"failureDetails":[],"failureMessages":[],"fullName":"RootLayout Metadata configuration OpenGraph metadata should have correct OpenGraph images","invocations":1,"location":null,"numPassingAsserts":2,"retryReasons":[],"startAt":1763189594798,"status":"passed","title":"should have correct OpenGraph images"},{"ancestorTitles":["RootLayout","Metadata configuration","Robots metadata"],"duration":5,"failing":false,"failureDetails":[],"failureMessages":[],"fullName":"RootLayout Metadata configuration Robots metadata should have correct robots configuration","invocations":1,"location":null,"numPassingAsserts":7,"retryReasons":[],"startAt":1763189594806,"status":"passed","title":"should have correct robots configuration"},{"ancestorTitles":["RootLayout","Metadata configuration","Robots metadata"],"duration":3,"failing":false,"failureDetails":[],"failureMessages":[],"fullName":"RootLayout Metadata configuration Robots metadata should allow indexing and following","invocations":1,"location":null,"numPassingAsserts":2,"retryReasons":[],"startAt":1763189594812,"status":"passed","title":"should allow indexing and following"},{"ancestorTitles":["RootLayout","Metadata configuration","Robots metadata"],"duration":3,"failing":false,"failureDetails":[],"failureMessages":[],"fullName":"RootLayout Metadata configuration Robots metadata should have nocache enabled","invocations":1,"location":null,"numPassingAsserts":1,"retryReasons":[],"startAt":1763189594815,"status":"passed","title":"should have nocache enabled"},{"ancestorTitles":["RootLayout","Metadata configuration","Robots metadata"],"duration":3,"failing":false,"failureDetails":[],"failureMessages":[],"fullName":"RootLayout Metadata configuration Robots metadata should have GoogleBot configuration","invocations":1,"location":null,"numPassingAsserts":3,"retryReasons":[],"startAt":1763189594819,"status":"passed","title":"should have GoogleBot configuration"},{"ancestorTitles":["RootLayout","Metadata configuration"],"duration":3,"failing":false,"failureDetails":[],"failureMessages":[],"fullName":"RootLayout Metadata configuration should not have Twitter metadata configured","invocations":1,"location":null,"numPassingAsserts":1,"retryReasons":[],"startAt":1763189594822,"status":"passed","title":"should not have Twitter metadata configured"},{"ancestorTitles":["RootLayout","Layout props"],"duration":17,"failing":false,"failureDetails":[],"failureMessages":[],"fullName":"RootLayout Layout props should accept and render React nodes as children","invocations":1,"location":null,"numPassingAsserts":3,"retryReasons":[],"startAt":1763189594826,"status":"passed","title":"should accept and render React nodes as children"},{"ancestorTitles":["RootLayout","Layout props"],"duration":12,"failing":false,"failureDetails":[],"failureMessages":[],"fullName":"RootLayout Layout props should handle empty children","invocations":1,"location":null,"numPassingAsserts":2,"retryReasons":[],"startAt":1763189594843,"status":"passed","title":"should handle empty children"},{"ancestorTitles":["RootLayout","Layout props"],"duration":12,"failing":false,"failureDetails":[],"failureMessages":[],"fullName":"RootLayout Layout props should handle fragment children","invocations":1,"location":null,"numPassingAsserts":2,"retryReasons":[],"startAt":1763189594855,"status":"passed","title":"should handle fragment children"},{"ancestorTitles":["RootLayout","Integration"],"duration":12,"failing":false,"failureDetails":[],"failureMessages":[],"fullName":"RootLayout Integration should integrate Toaster and Providers correctly","invocations":1,"location":null,"numPassingAsserts":4,"retryReasons":[],"startAt":1763189594869,"status":"passed","title":"should integrate Toaster and Providers correctly"},{"ancestorTitles":["RootLayout","CSS classes"],"duration":12,"failing":false,"failureDetails":[{"matcherResult":{"pass":false,"message":"\u001b[2mexpect(\u001b[22m\u001b[31melement\u001b[39m\u001b[2m).toHaveClass(\u001b[22m\u001b[32m\u001b[32m\"bg-blanco\"\u001b[39m\u001b[32m\u001b[39m\u001b[2m)\u001b[22m\n\nExpected the element to have class:\n\u001b[32m  bg-blanco\u001b[39m\nReceived:\n"}}],"failureMessages":["Error: \u001b[2mexpect(\u001b[22m\u001b[31melement\u001b[39m\u001b[2m).toHaveClass(\u001b[22m\u001b[32m\u001b[32m\"bg-blanco\"\u001b[39m\u001b[32m\u001b[39m\u001b[2m)\u001b[22m\n\nExpected the element to have class:\n\u001b[32m  bg-blanco\u001b[39m\nReceived:\n\n    at Object.toHaveClass (C:\\Users\\leovp\\Programming\\adorador\\adorador-frontend\\src\\app\\__tests__\\layout.test.tsx:274:20)\n    at Promise.finally.completed (C:\\Users\\leovp\\Programming\\adorador\\adorador-frontend\\node_modules\\jest-circus\\build\\jestAdapterInit.js:1557:28)\n    at new Promise (<anonymous>)\n    at callAsyncCircusFn (C:\\Users\\leovp\\Programming\\adorador\\adorador-frontend\\node_modules\\jest-circus\\build\\jestAdapterInit.js:1497:10)\n    at _callCircusTest (C:\\Users\\leovp\\Programming\\adorador\\adorador-frontend\\node_modules\\jest-circus\\build\\jestAdapterInit.js:1007:40)\n    at processTicksAndRejections (node:internal/process/task_queues:95:5)\n    at _runTest (C:\\Users\\leovp\\Programming\\adorador\\adorador-frontend\\node_modules\\jest-circus\\build\\jestAdapterInit.js:947:3)\n    at C:\\Users\\leovp\\Programming\\adorador\\adorador-frontend\\node_modules\\jest-circus\\build\\jestAdapterInit.js:849:7\n    at _runTestsForDescribeBlock (C:\\Users\\leovp\\Programming\\adorador\\adorador-frontend\\node_modules\\jest-circus\\build\\jestAdapterInit.js:862:11)\n    at _runTestsForDescribeBlock (C:\\Users\\leovp\\Programming\\adorador\\adorador-frontend\\node_modules\\jest-circus\\build\\jestAdapterInit.js:857:11)\n    at _runTestsForDescribeBlock (C:\\Users\\leovp\\Programming\\adorador\\adorador-frontend\\node_modules\\jest-circus\\build\\jestAdapterInit.js:857:11)\n    at run (C:\\Users\\leovp\\Programming\\adorador\\adorador-frontend\\node_modules\\jest-circus\\build\\jestAdapterInit.js:761:3)\n    at runAndTransformResultsToJestFormat (C:\\Users\\leovp\\Programming\\adorador\\adorador-frontend\\node_modules\\jest-circus\\build\\jestAdapterInit.js:1918:21)\n    at jestAdapter (C:\\Users\\leovp\\Programming\\adorador\\adorador-frontend\\node_modules\\jest-circus\\build\\runner.js:101:19)\n    at runTestInternal (C:\\Users\\leovp\\Programming\\adorador\\adorador-frontend\\node_modules\\jest-runner\\build\\testWorker.js:277:16)\n    at runTest (C:\\Users\\leovp\\Programming\\adorador\\adorador-frontend\\node_modules\\jest-runner\\build\\testWorker.js:345:7)\n    at Object.worker (C:\\Users\\leovp\\Programming\\adorador\\adorador-frontend\\node_modules\\jest-runner\\build\\testWorker.js:499:12)"],"fullName":"RootLayout CSS classes should apply bg-blanco class to both html and body","invocations":1,"location":null,"numPassingAsserts":0,"retryReasons":[],"startAt":1763189594881,"status":"failed","title":"should apply bg-blanco class to both html and body"}],"endTime":1763189595027,"message":"\u001b[1m\u001b[31m  \u001b[1m● \u001b[22m\u001b[1mRootLayout › Component rendering › should render the html element with correct lang and class\u001b[39m\u001b[22m\n\n    \u001b[2mexpect(\u001b[22m\u001b[31melement\u001b[39m\u001b[2m).toHaveClass(\u001b[22m\u001b[32m\u001b[32m\"bg-blanco\"\u001b[39m\u001b[32m\u001b[39m\u001b[2m)\u001b[22m\n\n    Expected the element to have class:\n    \u001b[32m  bg-blanco\u001b[39m\n    Received:\n\u001b[2m\u001b[22m\n\u001b[2m    \u001b[0m \u001b[90m 26 |\u001b[39m       \u001b[36mconst\u001b[39m htmlElement \u001b[33m=\u001b[39m container\u001b[33m.\u001b[39mquerySelector(\u001b[32m'html'\u001b[39m)\u001b[33m;\u001b[39m\u001b[22m\n\u001b[2m     \u001b[90m 27 |\u001b[39m       expect(htmlElement)\u001b[33m.\u001b[39mtoHaveAttribute(\u001b[32m'lang'\u001b[39m\u001b[33m,\u001b[39m \u001b[32m'es'\u001b[39m)\u001b[33m;\u001b[39m\u001b[22m\n\u001b[2m    \u001b[31m\u001b[1m>\u001b[22m\u001b[2m\u001b[39m\u001b[90m 28 |\u001b[39m       expect(htmlElement)\u001b[33m.\u001b[39mtoHaveClass(\u001b[32m'bg-blanco'\u001b[39m)\u001b[33m;\u001b[39m\u001b[22m\n\u001b[2m     \u001b[90m    |\u001b[39m                           \u001b[31m\u001b[1m^\u001b[22m\u001b[2m\u001b[39m\u001b[22m\n\u001b[2m     \u001b[90m 29 |\u001b[39m     })\u001b[33m;\u001b[39m\u001b[22m\n\u001b[2m     \u001b[90m 30 |\u001b[39m\u001b[22m\n\u001b[2m     \u001b[90m 31 |\u001b[39m     it(\u001b[32m'should render the body element with correct class'\u001b[39m\u001b[33m,\u001b[39m () \u001b[33m=>\u001b[39m {\u001b[0m\u001b[22m\n\u001b[2m\u001b[22m\n\u001b[2m      \u001b[2mat Object.toHaveClass (\u001b[22m\u001b[2m\u001b[0m\u001b[36msrc/app/__tests__/layout.test.tsx\u001b[39m\u001b[0m\u001b[2m:28:27)\u001b[22m\u001b[2m\u001b[22m\n\n\u001b[1m\u001b[31m  \u001b[1m● \u001b[22m\u001b[1mRootLayout › CSS classes › should apply bg-blanco class to both html and body\u001b[39m\u001b[22m\n\n    \u001b[2mexpect(\u001b[22m\u001b[31melement\u001b[39m\u001b[2m).toHaveClass(\u001b[22m\u001b[32m\u001b[32m\"bg-blanco\"\u001b[39m\u001b[32m\u001b[39m\u001b[2m)\u001b[22m\n\n    Expected the element to have class:\n    \u001b[32m  bg-blanco\u001b[39m\n    Received:\n\u001b[2m\u001b[22m\n\u001b[2m    \u001b[0m \u001b[90m 272 |\u001b[39m       \u001b[36mconst\u001b[39m body \u001b[33m=\u001b[39m container\u001b[33m.\u001b[39mquerySelector(\u001b[32m'body'\u001b[39m)\u001b[33m;\u001b[39m\u001b[22m\n\u001b[2m     \u001b[90m 273 |\u001b[39m\u001b[22m\n\u001b[2m    \u001b[31m\u001b[1m>\u001b[22m\u001b[2m\u001b[39m\u001b[90m 274 |\u001b[39m       expect(html)\u001b[33m.\u001b[39mtoHaveClass(\u001b[32m'bg-blanco'\u001b[39m)\u001b[33m;\u001b[39m\u001b[22m\n\u001b[2m     \u001b[90m     |\u001b[39m                    \u001b[31m\u001b[1m^\u001b[22m\u001b[2m\u001b[39m\u001b[22m\n\u001b[2m     \u001b[90m 275 |\u001b[39m       expect(body)\u001b[33m.\u001b[39mtoHaveClass(\u001b[32m'bg-blanco'\u001b[39m)\u001b[33m;\u001b[39m\u001b[22m\n\u001b[2m     \u001b[90m 276 |\u001b[39m     })\u001b[33m;\u001b[39m\u001b[22m\n\u001b[2m     \u001b[90m 277 |\u001b[39m   })\u001b[33m;\u001b[39m\u001b[0m\u001b[22m\n\u001b[2m\u001b[22m\n\u001b[2m      \u001b[2mat Object.toHaveClass (\u001b[22m\u001b[2m\u001b[0m\u001b[36msrc/app/__tests__/layout.test.tsx\u001b[39m\u001b[0m\u001b[2m:274:20)\u001b[22m\u001b[2m\u001b[22m\n","name":"C:\\Users\\leovp\\Programming\\adorador\\adorador-frontend\\src\\app\\__tests__\\layout.test.tsx","startTime":1763189591447,"status":"failed","summary":""},{"assertionResults":[{"ancestorTitles":["useEventAdminPage"],"duration":173,"failing":false,"failureDetails":[],"failureMessages":[],"fullName":"useEventAdminPage debe cargar los datos del evento correctamente","invocations":1,"location":null,"numPassingAsserts":2,"retryReasons":[],"startAt":1763189595586,"status":"passed","title":"debe cargar los datos del evento correctamente"},{"ancestorTitles":["useEventAdminPage"],"duration":27,"failing":false,"failureDetails":[],"failureMessages":[],"fullName":"useEventAdminPage debe retornar isLoading true mientras carga","invocations":1,"location":null,"numPassingAsserts":2,"retryReasons":[],"startAt":1763189595770,"status":"passed","title":"debe retornar isLoading true mientras carga"},{"ancestorTitles":["useEventAdminPage"],"duration":60,"failing":false,"failureDetails":[],"failureMessages":[],"fullName":"useEventAdminPage debe manejar errores correctamente","invocations":1,"location":null,"numPassingAsserts":2,"retryReasons":[],"startAt":1763189595804,"status":"passed","title":"debe manejar errores correctamente"},{"ancestorTitles":["useEventAdminPage"],"duration":12,"failing":false,"failureDetails":[],"failureMessages":[],"fullName":"useEventAdminPage debe usar los parámetros correctos para obtener el evento","invocations":1,"location":null,"numPassingAsserts":1,"retryReasons":[],"startAt":1763189595865,"status":"passed","title":"debe usar los parámetros correctos para obtener el evento"}],"endTime":1763189595883,"message":"","name":"C:\\Users\\leovp\\Programming\\adorador\\adorador-frontend\\src\\app\\(public)\\grupos\\[bandId]\\eventos\\[eventId]\\_hooks\\__tests__\\useEventAdminPage.test.tsx","startTime":1763189592884,"status":"passed","summary":""},{"assertionResults":[{"ancestorTitles":["useTokenRefresh Hook","checkAndRefreshToken"],"duration":292,"failing":false,"failureDetails":[],"failureMessages":[],"fullName":"useTokenRefresh Hook checkAndRefreshToken should return false when no tokens are stored","invocations":1,"location":null,"numPassingAsserts":2,"retryReasons":[],"startAt":1763189594774,"status":"passed","title":"should return false when no tokens are stored"},{"ancestorTitles":["useTokenRefresh Hook","checkAndRefreshToken"],"duration":75,"failing":false,"failureDetails":[],"failureMessages":[],"fullName":"useTokenRefresh Hook checkAndRefreshToken should return true when token is valid and not expired","invocations":1,"location":null,"numPassingAsserts":2,"retryReasons":[],"startAt":1763189595071,"status":"passed","title":"should return true when token is valid and not expired"},{"ancestorTitles":["useTokenRefresh Hook","checkAndRefreshToken"],"duration":130,"failing":false,"failureDetails":[],"failureMessages":[],"fullName":"useTokenRefresh Hook checkAndRefreshToken should refresh token when expired and return true on success","invocations":1,"location":null,"numPassingAsserts":3,"retryReasons":[],"startAt":1763189595147,"status":"passed","title":"should refresh token when expired and return true on success"},{"ancestorTitles":["useTokenRefresh Hook","checkAndRefreshToken"],"duration":46,"failing":false,"failureDetails":[],"failureMessages":[],"fullName":"useTokenRefresh Hook checkAndRefreshToken should clear tokens and reset user when refresh fails","invocations":1,"location":null,"numPassingAsserts":4,"retryReasons":[],"startAt":1763189595277,"status":"passed","title":"should clear tokens and reset user when refresh fails"},{"ancestorTitles":["useTokenRefresh Hook","checkAndRefreshToken"],"duration":234,"failing":false,"failureDetails":[],"failureMessages":[],"fullName":"useTokenRefresh Hook checkAndRefreshToken should handle errors gracefully","invocations":1,"location":null,"numPassingAsserts":2,"retryReasons":[],"startAt":1763189595323,"status":"passed","title":"should handle errors gracefully"},{"ancestorTitles":["useTokenRefresh Hook","checkAndRefreshToken"],"duration":29,"failing":false,"failureDetails":[],"failureMessages":[],"fullName":"useTokenRefresh Hook checkAndRefreshToken should debounce rapid consecutive calls","invocations":1,"location":null,"numPassingAsserts":3,"retryReasons":[],"startAt":1763189595558,"status":"passed","title":"should debounce rapid consecutive calls"},{"ancestorTitles":["useTokenRefresh Hook","checkAndRefreshToken"],"duration":53,"failing":false,"failureDetails":[],"failureMessages":[],"fullName":"useTokenRefresh Hook checkAndRefreshToken should allow check after debounce period","invocations":1,"location":null,"numPassingAsserts":2,"retryReasons":[],"startAt":1763189595588,"status":"passed","title":"should allow check after debounce period"},{"ancestorTitles":["useTokenRefresh Hook","useEffect behavior"],"duration":88,"failing":false,"failureDetails":[],"failureMessages":[],"fullName":"useTokenRefresh Hook useEffect behavior should initialize check after initial delay","invocations":1,"location":null,"numPassingAsserts":2,"retryReasons":[],"startAt":1763189595642,"status":"passed","title":"should initialize check after initial delay"},{"ancestorTitles":["useTokenRefresh Hook","useEffect behavior"],"duration":38,"failing":false,"failureDetails":[],"failureMessages":[],"fullName":"useTokenRefresh Hook useEffect behavior should check token periodically","invocations":1,"location":null,"numPassingAsserts":2,"retryReasons":[],"startAt":1763189595732,"status":"passed","title":"should check token periodically"},{"ancestorTitles":["useTokenRefresh Hook","useEffect behavior"],"duration":25,"failing":false,"failureDetails":[],"failureMessages":[],"fullName":"useTokenRefresh Hook useEffect behavior should check token on window focus","invocations":1,"location":null,"numPassingAsserts":2,"retryReasons":[],"startAt":1763189595771,"status":"passed","title":"should check token on window focus"},{"ancestorTitles":["useTokenRefresh Hook","useEffect behavior"],"duration":25,"failing":false,"failureDetails":[],"failureMessages":[],"fullName":"useTokenRefresh Hook useEffect behavior should check token on visibility change","invocations":1,"location":null,"numPassingAsserts":2,"retryReasons":[],"startAt":1763189595797,"status":"passed","title":"should check token on visibility change"},{"ancestorTitles":["useTokenRefresh Hook","useEffect behavior"],"duration":40,"failing":false,"failureDetails":[],"failureMessages":[],"fullName":"useTokenRefresh Hook useEffect behavior should not check on visibility change when hidden","invocations":1,"location":null,"numPassingAsserts":2,"retryReasons":[],"startAt":1763189595823,"status":"passed","title":"should not check on visibility change when hidden"},{"ancestorTitles":["useTokenRefresh Hook","useEffect behavior"],"duration":12,"failing":false,"failureDetails":[],"failureMessages":[],"fullName":"useTokenRefresh Hook useEffect behavior should cleanup event listeners on unmount","invocations":1,"location":null,"numPassingAsserts":2,"retryReasons":[],"startAt":1763189595863,"status":"passed","title":"should cleanup event listeners on unmount"},{"ancestorTitles":["useTokenRefresh Hook","useEffect behavior"],"duration":24,"failing":false,"failureDetails":[],"failureMessages":[],"fullName":"useTokenRefresh Hook useEffect behavior should only initialize once","invocations":1,"location":null,"numPassingAsserts":2,"retryReasons":[],"startAt":1763189595876,"status":"passed","title":"should only initialize once"},{"ancestorTitles":["useTokenRefresh Hook","Edge cases"],"duration":25,"failing":false,"failureDetails":[],"failureMessages":[],"fullName":"useTokenRefresh Hook Edge cases should handle SSR environment gracefully","invocations":1,"location":null,"numPassingAsserts":1,"retryReasons":[],"startAt":1763189595902,"status":"passed","title":"should handle SSR environment gracefully"},{"ancestorTitles":["useTokenRefresh Hook","Edge cases"],"duration":26,"failing":false,"failureDetails":[],"failureMessages":[],"fullName":"useTokenRefresh Hook Edge cases should log token expiration time","invocations":1,"location":null,"numPassingAsserts":1,"retryReasons":[],"startAt":1763189595927,"status":"passed","title":"should log token expiration time"}],"endTime":1763189596003,"message":"","name":"C:\\Users\\leovp\\Programming\\adorador\\adorador-frontend\\src\\global\\hooks\\__tests__\\useTokenRefresh.test.tsx","startTime":1763189592494,"status":"passed","summary":""},{"assertionResults":[{"ancestorTitles":["useEditSong - Query Invalidation"],"duration":88,"failing":false,"failureDetails":[],"failureMessages":[],"fullName":"useEditSong - Query Invalidation should invalidate SongsOfBand, BandById, and SongData queries after successful update","invocations":1,"location":null,"numPassingAsserts":3,"retryReasons":[],"startAt":1763189596525,"status":"passed","title":"should invalidate SongsOfBand, BandById, and SongData queries after successful update"},{"ancestorTitles":["useEditSong - Query Invalidation"],"duration":47,"failing":false,"failureDetails":[],"failureMessages":[],"fullName":"useEditSong - Query Invalidation should invalidate all three queries","invocations":1,"location":null,"numPassingAsserts":1,"retryReasons":[],"startAt":1763189596615,"status":"passed","title":"should invalidate all three queries"},{"ancestorTitles":["useEditSong - Query Invalidation"],"duration":45,"failing":false,"failureDetails":[],"failureMessages":[],"fullName":"useEditSong - Query Invalidation should NOT invalidate queries if update fails","invocations":1,"location":null,"numPassingAsserts":1,"retryReasons":[],"startAt":1763189596664,"status":"passed","title":"should NOT invalidate queries if update fails"},{"ancestorTitles":["useEditSong - Query Invalidation"],"duration":44,"failing":false,"failureDetails":[],"failureMessages":[],"fullName":"useEditSong - Query Invalidation should call refetch after invalidating queries","invocations":1,"location":null,"numPassingAsserts":2,"retryReasons":[],"startAt":1763189596711,"status":"passed","title":"should call refetch after invalidating queries"}],"endTime":1763189596763,"message":"","name":"C:\\Users\\leovp\\Programming\\adorador\\adorador-frontend\\src\\app\\(public)\\grupos\\[bandId]\\canciones\\_hooks\\__tests__\\useEditSong.queryInvalidation.test.tsx","startTime":1763189593890,"status":"passed","summary":""},{"assertionResults":[{"ancestorTitles":["useIsClient Hook"],"duration":93,"failing":false,"failureDetails":[],"failureMessages":[],"fullName":"useIsClient Hook should eventually return true after mount","invocations":1,"location":null,"numPassingAsserts":1,"retryReasons":[],"startAt":1763189596665,"status":"passed","title":"should eventually return true after mount"},{"ancestorTitles":["useIsClient Hook"],"duration":39,"failing":false,"failureDetails":[],"failureMessages":[],"fullName":"useIsClient Hook should maintain true value on rerender","invocations":1,"location":null,"numPassingAsserts":2,"retryReasons":[],"startAt":1763189596760,"status":"passed","title":"should maintain true value on rerender"}],"endTime":1763189596805,"message":"","name":"C:\\Users\\leovp\\Programming\\adorador\\adorador-frontend\\src\\global\\hooks\\__tests__\\useIsClient.test.tsx","startTime":1763189594427,"status":"passed","summary":""},{"assertionResults":[{"ancestorTitles":["Spinner Component"],"duration":119,"failing":false,"failureDetails":[],"failureMessages":[],"fullName":"Spinner Component should render spinner container","invocations":1,"location":null,"numPassingAsserts":1,"retryReasons":[],"startAt":1763189597177,"status":"passed","title":"should render spinner container"},{"ancestorTitles":["Spinner Component"],"duration":21,"failing":false,"failureDetails":[],"failureMessages":[],"fullName":"Spinner Component should render all 9 cubes","invocations":1,"location":null,"numPassingAsserts":1,"retryReasons":[],"startAt":1763189597299,"status":"passed","title":"should render all 9 cubes"},{"ancestorTitles":["Spinner Component"],"duration":16,"failing":false,"failureDetails":[],"failureMessages":[],"fullName":"Spinner Component should have fixed positioning","invocations":1,"location":null,"numPassingAsserts":2,"retryReasons":[],"startAt":1763189597321,"status":"passed","title":"should have fixed positioning"}],"endTime":1763189597346,"message":"","name":"C:\\Users\\leovp\\Programming\\adorador\\adorador-frontend\\src\\global\\utils\\__tests__\\Spinner.test.tsx","startTime":1763189595044,"status":"passed","summary":""},{"assertionResults":[{"ancestorTitles":["ChordDisplay","Renderizado básico"],"duration":105,"failing":false,"failureDetails":[],"failureMessages":[],"fullName":"ChordDisplay Renderizado básico debe renderizar acordes sin slash correctamente","invocations":1,"location":null,"numPassingAsserts":2,"retryReasons":[],"startAt":1763189596872,"status":"passed","title":"debe renderizar acordes sin slash correctamente"},{"ancestorTitles":["ChordDisplay","Renderizado básico"],"duration":25,"failing":false,"failureDetails":[],"failureMessages":[],"fullName":"ChordDisplay Renderizado básico debe renderizar acordes con slash correctamente","invocations":1,"location":null,"numPassingAsserts":2,"retryReasons":[],"startAt":1763189596982,"status":"passed","title":"debe renderizar acordes con slash correctamente"},{"ancestorTitles":["ChordDisplay","Renderizado básico"],"duration":52,"failing":false,"failureDetails":[],"failureMessages":[],"fullName":"ChordDisplay Renderizado básico debe mostrar el carácter \"/\" en acordes slash","invocations":1,"location":null,"numPassingAsserts":3,"retryReasons":[],"startAt":1763189597008,"status":"passed","title":"debe mostrar el carácter \"/\" en acordes slash"},{"ancestorTitles":["ChordDisplay","Renderizado básico"],"duration":26,"failing":false,"failureDetails":[],"failureMessages":[],"fullName":"ChordDisplay Renderizado básico debe renderizar acordes vacíos sin errores","invocations":1,"location":null,"numPassingAsserts":1,"retryReasons":[],"startAt":1763189597063,"status":"passed","title":"debe renderizar acordes vacíos sin errores"},{"ancestorTitles":["ChordDisplay","Ordenamiento y posicionamiento"],"duration":109,"failing":false,"failureDetails":[],"failureMessages":[],"fullName":"ChordDisplay Ordenamiento y posicionamiento debe ordenar acordes por posición","invocations":1,"location":null,"numPassingAsserts":4,"retryReasons":[],"startAt":1763189597096,"status":"passed","title":"debe ordenar acordes por posición"},{"ancestorTitles":["ChordDisplay","Transposición"],"duration":57,"failing":false,"failureDetails":[],"failureMessages":[],"fullName":"ChordDisplay Transposición debe aplicar transposición a la nota raíz","invocations":1,"location":null,"numPassingAsserts":1,"retryReasons":[],"startAt":1763189597206,"status":"passed","title":"debe aplicar transposición a la nota raíz"},{"ancestorTitles":["ChordDisplay","Transposición"],"duration":83,"failing":false,"failureDetails":[],"failureMessages":[],"fullName":"ChordDisplay Transposición debe aplicar transposición al acorde slash","invocations":1,"location":null,"numPassingAsserts":2,"retryReasons":[],"startAt":1763189597263,"status":"passed","title":"debe aplicar transposición al acorde slash"},{"ancestorTitles":["ChordDisplay","Escala de letra"],"duration":68,"failing":false,"failureDetails":[],"failureMessages":[],"fullName":"ChordDisplay Escala de letra debe aplicar escala de 0.9 veces la escala base al tamaño de fuente","invocations":1,"location":null,"numPassingAsserts":1,"retryReasons":[],"startAt":1763189597347,"status":"passed","title":"debe aplicar escala de 0.9 veces la escala base al tamaño de fuente"},{"ancestorTitles":["ChordDisplay","Escala de letra"],"duration":18,"failing":false,"failureDetails":[],"failureMessages":[],"fullName":"ChordDisplay Escala de letra debe usar escala por defecto cuando lyricsScale es 1","invocations":1,"location":null,"numPassingAsserts":1,"retryReasons":[],"startAt":1763189597415,"status":"passed","title":"debe usar escala por defecto cuando lyricsScale es 1"},{"ancestorTitles":["ChordDisplay","Estilos uniformes"],"duration":13,"failing":false,"failureDetails":[],"failureMessages":[],"fullName":"ChordDisplay Estilos uniformes debe tener estilos uniformes en acordes sin slash","invocations":1,"location":null,"numPassingAsserts":1,"retryReasons":[],"startAt":1763189597435,"status":"passed","title":"debe tener estilos uniformes en acordes sin slash"},{"ancestorTitles":["ChordDisplay","Estilos uniformes"],"duration":21,"failing":false,"failureDetails":[],"failureMessages":[],"fullName":"ChordDisplay Estilos uniformes debe tener estilos uniformes en acordes con slash (sin background ni tamaño diferente)","invocations":1,"location":null,"numPassingAsserts":6,"retryReasons":[],"startAt":1763189597448,"status":"passed","title":"debe tener estilos uniformes en acordes con slash (sin background ni tamaño diferente)"},{"ancestorTitles":["ChordDisplay","Casos con múltiples acordes"],"duration":25,"failing":false,"failureDetails":[],"failureMessages":[],"fullName":"ChordDisplay Casos con múltiples acordes debe manejar múltiples acordes, algunos con slash y otros sin slash","invocations":1,"location":null,"numPassingAsserts":6,"retryReasons":[],"startAt":1763189597470,"status":"passed","title":"debe manejar múltiples acordes, algunos con slash y otros sin slash"},{"ancestorTitles":["ChordDisplay","Calidad de acordes"],"duration":31,"failing":false,"failureDetails":[],"failureMessages":[],"fullName":"ChordDisplay Calidad de acordes debe renderizar diferentes calidades de acordes correctamente","invocations":1,"location":null,"numPassingAsserts":4,"retryReasons":[],"startAt":1763189597496,"status":"passed","title":"debe renderizar diferentes calidades de acordes correctamente"}],"endTime":1763189597535,"message":"","name":"C:\\Users\\leovp\\Programming\\adorador\\adorador-frontend\\src\\app\\(public)\\grupos\\[bandId]\\canciones\\[songId]\\_components\\__tests__\\ChordDisplay.test.tsx","startTime":1763189594354,"status":"passed","summary":""},{"assertionResults":[{"ancestorTitles":["Loading Page"],"duration":118,"failing":false,"failureDetails":[],"failureMessages":[],"fullName":"Loading Page should render Spinner component","invocations":1,"location":null,"numPassingAsserts":1,"retryReasons":[],"startAt":1763189598368,"status":"passed","title":"should render Spinner component"},{"ancestorTitles":["Loading Page"],"duration":14,"failing":false,"failureDetails":[],"failureMessages":[],"fullName":"Loading Page should display loading text","invocations":1,"location":null,"numPassingAsserts":1,"retryReasons":[],"startAt":1763189598488,"status":"passed","title":"should display loading text"},{"ancestorTitles":["Loading Page"],"duration":8,"failing":false,"failureDetails":[],"failureMessages":[],"fullName":"Loading Page should render without crashing","invocations":1,"location":null,"numPassingAsserts":1,"retryReasons":[],"startAt":1763189598503,"status":"passed","title":"should render without crashing"}],"endTime":1763189598517,"message":"","name":"C:\\Users\\leovp\\Programming\\adorador\\adorador-frontend\\src\\app\\__tests__\\loading.test.tsx","startTime":1763189595527,"status":"passed","summary":""},{"assertionResults":[{"ancestorTitles":["datesUtils","getNextPaymentDate"],"duration":16,"failing":false,"failureDetails":[],"failureMessages":[],"fullName":"datesUtils getNextPaymentDate should return next month date in ISO format by default","invocations":1,"location":null,"numPassingAsserts":3,"retryReasons":[],"startAt":1763189598743,"status":"passed","title":"should return next month date in ISO format by default"},{"ancestorTitles":["datesUtils","getNextPaymentDate"],"duration":2,"failing":false,"failureDetails":[],"failureMessages":[],"fullName":"datesUtils getNextPaymentDate should return next month date in yyyy-MM-dd format","invocations":1,"location":null,"numPassingAsserts":1,"retryReasons":[],"startAt":1763189598762,"status":"passed","title":"should return next month date in yyyy-MM-dd format"},{"ancestorTitles":["datesUtils","getNextPaymentDate"],"duration":4,"failing":false,"failureDetails":[],"failureMessages":[],"fullName":"datesUtils getNextPaymentDate should handle month-end dates correctly (31st day in leap year)","invocations":1,"location":null,"numPassingAsserts":1,"retryReasons":[],"startAt":1763189598765,"status":"passed","title":"should handle month-end dates correctly (31st day in leap year)"},{"ancestorTitles":["datesUtils","getNextPaymentDate"],"duration":2,"failing":false,"failureDetails":[],"failureMessages":[],"fullName":"datesUtils getNextPaymentDate should handle month-end dates correctly (30th day)","invocations":1,"location":null,"numPassingAsserts":1,"retryReasons":[],"startAt":1763189598770,"status":"passed","title":"should handle month-end dates correctly (30th day)"},{"ancestorTitles":["datesUtils","getNextPaymentDate"],"duration":2,"failing":false,"failureDetails":[],"failureMessages":[],"fullName":"datesUtils getNextPaymentDate should handle year transition","invocations":1,"location":null,"numPassingAsserts":1,"retryReasons":[],"startAt":1763189598773,"status":"passed","title":"should handle year transition"},{"ancestorTitles":["datesUtils","getNextPaymentDate"],"duration":3,"failing":false,"failureDetails":[],"failureMessages":[],"fullName":"datesUtils getNextPaymentDate should handle Date object as input","invocations":1,"location":null,"numPassingAsserts":1,"retryReasons":[],"startAt":1763189598826,"status":"passed","title":"should handle Date object as input"},{"ancestorTitles":["datesUtils","getNextPaymentDate"],"duration":91,"failing":false,"failureDetails":[],"failureMessages":[],"fullName":"datesUtils getNextPaymentDate should throw error for unsupported format","invocations":1,"location":null,"numPassingAsserts":1,"retryReasons":[],"startAt":1763189598830,"status":"passed","title":"should throw error for unsupported format"},{"ancestorTitles":["datesUtils","getNextPaymentDate"],"duration":3,"failing":false,"failureDetails":[],"failureMessages":[],"fullName":"datesUtils getNextPaymentDate should handle dates that fit in next month","invocations":1,"location":null,"numPassingAsserts":1,"retryReasons":[],"startAt":1763189598922,"status":"passed","title":"should handle dates that fit in next month"},{"ancestorTitles":["datesUtils","getNextPaymentDate"],"duration":4,"failing":false,"failureDetails":[],"failureMessages":[],"fullName":"datesUtils getNextPaymentDate should handle non-leap year February correctly","invocations":1,"location":null,"numPassingAsserts":1,"retryReasons":[],"startAt":1763189598925,"status":"passed","title":"should handle non-leap year February correctly"},{"ancestorTitles":["datesUtils","getNextPaymentDate"],"duration":3,"failing":false,"failureDetails":[],"failureMessages":[],"fullName":"datesUtils getNextPaymentDate should handle dates with consistent months","invocations":1,"location":null,"numPassingAsserts":1,"retryReasons":[],"startAt":1763189598929,"status":"passed","title":"should handle dates with consistent months"},{"ancestorTitles":["datesUtils","getNextPaymentDate"],"duration":45,"failing":false,"failureDetails":[],"failureMessages":[],"fullName":"datesUtils getNextPaymentDate should handle string date input","invocations":1,"location":null,"numPassingAsserts":1,"retryReasons":[],"startAt":1763189598934,"status":"passed","title":"should handle string date input"}],"endTime":1763189598988,"message":"","name":"C:\\Users\\leovp\\Programming\\adorador\\adorador-frontend\\src\\global\\utils\\__tests__\\datesUtils.test.ts","startTime":1763189597088,"status":"passed","summary":""},{"assertionResults":[{"ancestorTitles":["dataFormat utils","moneyFormat"],"duration":51,"failing":false,"failureDetails":[],"failureMessages":[],"fullName":"dataFormat utils moneyFormat should format number as Costa Rican currency","invocations":1,"location":null,"numPassingAsserts":2,"retryReasons":[],"startAt":1763189598762,"status":"passed","title":"should format number as Costa Rican currency"},{"ancestorTitles":["dataFormat utils","moneyFormat"],"duration":4,"failing":false,"failureDetails":[],"failureMessages":[],"fullName":"dataFormat utils moneyFormat should handle decimal values","invocations":1,"location":null,"numPassingAsserts":2,"retryReasons":[],"startAt":1763189598817,"status":"passed","title":"should handle decimal values"},{"ancestorTitles":["dataFormat utils","moneyFormat"],"duration":4,"failing":false,"failureDetails":[],"failureMessages":[],"fullName":"dataFormat utils moneyFormat should handle zero","invocations":1,"location":null,"numPassingAsserts":1,"retryReasons":[],"startAt":1763189598821,"status":"passed","title":"should handle zero"},{"ancestorTitles":["dataFormat utils","formatNumber"],"duration":5,"failing":false,"failureDetails":[],"failureMessages":[],"fullName":"dataFormat utils formatNumber should format number with 2 decimal places","invocations":1,"location":null,"numPassingAsserts":2,"retryReasons":[],"startAt":1763189598826,"status":"passed","title":"should format number with 2 decimal places"},{"ancestorTitles":["dataFormat utils","formatNumber"],"duration":6,"failing":false,"failureDetails":[],"failureMessages":[],"fullName":"dataFormat utils formatNumber should format whole numbers with decimals","invocations":1,"location":null,"numPassingAsserts":2,"retryReasons":[],"startAt":1763189598831,"status":"passed","title":"should format whole numbers with decimals"},{"ancestorTitles":["dataFormat utils","formatDate"],"duration":4,"failing":false,"failureDetails":[],"failureMessages":[],"fullName":"dataFormat utils formatDate should format date correctly in dd-mm-yyyy format","invocations":1,"location":null,"numPassingAsserts":2,"retryReasons":[],"startAt":1763189598838,"status":"passed","title":"should format date correctly in dd-mm-yyyy format"},{"ancestorTitles":["dataFormat utils","formatDate"],"duration":3,"failing":false,"failureDetails":[],"failureMessages":[],"fullName":"dataFormat utils formatDate should handle string dates","invocations":1,"location":null,"numPassingAsserts":2,"retryReasons":[],"startAt":1763189598843,"status":"passed","title":"should handle string dates"},{"ancestorTitles":["dataFormat utils","formatDate"],"duration":4,"failing":false,"failureDetails":[],"failureMessages":[],"fullName":"dataFormat utils formatDate should include day name when showDay is true","invocations":1,"location":null,"numPassingAsserts":1,"retryReasons":[],"startAt":1763189598846,"status":"passed","title":"should include day name when showDay is true"},{"ancestorTitles":["dataFormat utils","formatDate"],"duration":3,"failing":false,"failureDetails":[],"failureMessages":[],"fullName":"dataFormat utils formatDate should add leading zeros for single digit days","invocations":1,"location":null,"numPassingAsserts":1,"retryReasons":[],"startAt":1763189598851,"status":"passed","title":"should add leading zeros for single digit days"},{"ancestorTitles":["dataFormat utils","formatDate"],"duration":3,"failing":false,"failureDetails":[],"failureMessages":[],"fullName":"dataFormat utils formatDate should handle end of year date","invocations":1,"location":null,"numPassingAsserts":1,"retryReasons":[],"startAt":1763189598855,"status":"passed","title":"should handle end of year date"},{"ancestorTitles":["dataFormat utils","formatTime","12-hour format"],"duration":4,"failing":false,"failureDetails":[],"failureMessages":[],"fullName":"dataFormat utils formatTime 12-hour format should format morning time with AM","invocations":1,"location":null,"numPassingAsserts":1,"retryReasons":[],"startAt":1763189598859,"status":"passed","title":"should format morning time with AM"},{"ancestorTitles":["dataFormat utils","formatTime","12-hour format"],"duration":9,"failing":false,"failureDetails":[],"failureMessages":[],"fullName":"dataFormat utils formatTime 12-hour format should format afternoon time with PM","invocations":1,"location":null,"numPassingAsserts":1,"retryReasons":[],"startAt":1763189598863,"status":"passed","title":"should format afternoon time with PM"},{"ancestorTitles":["dataFormat utils","formatTime","12-hour format"],"duration":2,"failing":false,"failureDetails":[],"failureMessages":[],"fullName":"dataFormat utils formatTime 12-hour format should format midnight as 12:00 AM","invocations":1,"location":null,"numPassingAsserts":1,"retryReasons":[],"startAt":1763189598873,"status":"passed","title":"should format midnight as 12:00 AM"},{"ancestorTitles":["dataFormat utils","formatTime","12-hour format"],"duration":3,"failing":false,"failureDetails":[],"failureMessages":[],"fullName":"dataFormat utils formatTime 12-hour format should format noon as 12:00 PM","invocations":1,"location":null,"numPassingAsserts":1,"retryReasons":[],"startAt":1763189598878,"status":"passed","title":"should format noon as 12:00 PM"},{"ancestorTitles":["dataFormat utils","formatTime","12-hour format"],"duration":4,"failing":false,"failureDetails":[],"failureMessages":[],"fullName":"dataFormat utils formatTime 12-hour format should default to 12-hour format","invocations":1,"location":null,"numPassingAsserts":1,"retryReasons":[],"startAt":1763189598881,"status":"passed","title":"should default to 12-hour format"},{"ancestorTitles":["dataFormat utils","formatTime","24-hour format"],"duration":3,"failing":false,"failureDetails":[],"failureMessages":[],"fullName":"dataFormat utils formatTime 24-hour format should format morning time","invocations":1,"location":null,"numPassingAsserts":1,"retryReasons":[],"startAt":1763189598886,"status":"passed","title":"should format morning time"},{"ancestorTitles":["dataFormat utils","formatTime","24-hour format"],"duration":22,"failing":false,"failureDetails":[],"failureMessages":[],"fullName":"dataFormat utils formatTime 24-hour format should format afternoon time","invocations":1,"location":null,"numPassingAsserts":1,"retryReasons":[],"startAt":1763189598889,"status":"passed","title":"should format afternoon time"},{"ancestorTitles":["dataFormat utils","formatTime","24-hour format"],"duration":2,"failing":false,"failureDetails":[],"failureMessages":[],"fullName":"dataFormat utils formatTime 24-hour format should format midnight","invocations":1,"location":null,"numPassingAsserts":1,"retryReasons":[],"startAt":1763189598911,"status":"passed","title":"should format midnight"},{"ancestorTitles":["dataFormat utils","formatTime","24-hour format"],"duration":15,"failing":false,"failureDetails":[],"failureMessages":[],"fullName":"dataFormat utils formatTime 24-hour format should handle end of day","invocations":1,"location":null,"numPassingAsserts":1,"retryReasons":[],"startAt":1763189598914,"status":"passed","title":"should handle end of day"},{"ancestorTitles":["dataFormat utils","convertDateForInput"],"duration":2,"failing":false,"failureDetails":[],"failureMessages":[],"fullName":"dataFormat utils convertDateForInput should convert date to yyyy-mm-dd format","invocations":1,"location":null,"numPassingAsserts":1,"retryReasons":[],"startAt":1763189598930,"status":"passed","title":"should convert date to yyyy-mm-dd format"},{"ancestorTitles":["dataFormat utils","convertDateForInput"],"duration":2,"failing":false,"failureDetails":[],"failureMessages":[],"fullName":"dataFormat utils convertDateForInput should add leading zeros to month","invocations":1,"location":null,"numPassingAsserts":1,"retryReasons":[],"startAt":1763189598933,"status":"passed","title":"should add leading zeros to month"},{"ancestorTitles":["dataFormat utils","convertDateForInput"],"duration":1,"failing":false,"failureDetails":[],"failureMessages":[],"fullName":"dataFormat utils convertDateForInput should add leading zeros to day","invocations":1,"location":null,"numPassingAsserts":1,"retryReasons":[],"startAt":1763189598936,"status":"passed","title":"should add leading zeros to day"},{"ancestorTitles":["dataFormat utils","convertDateForInput"],"duration":2,"failing":false,"failureDetails":[],"failureMessages":[],"fullName":"dataFormat utils convertDateForInput should handle end of year","invocations":1,"location":null,"numPassingAsserts":1,"retryReasons":[],"startAt":1763189598938,"status":"passed","title":"should handle end of year"},{"ancestorTitles":["dataFormat utils","formatTimeLeft"],"duration":2,"failing":false,"failureDetails":[],"failureMessages":[],"fullName":"dataFormat utils formatTimeLeft should format days, hours, minutes, and seconds","invocations":1,"location":null,"numPassingAsserts":1,"retryReasons":[],"startAt":1763189598941,"status":"passed","title":"should format days, hours, minutes, and seconds"},{"ancestorTitles":["dataFormat utils","formatTimeLeft"],"duration":1,"failing":false,"failureDetails":[],"failureMessages":[],"fullName":"dataFormat utils formatTimeLeft should handle only seconds","invocations":1,"location":null,"numPassingAsserts":1,"retryReasons":[],"startAt":1763189598944,"status":"passed","title":"should handle only seconds"},{"ancestorTitles":["dataFormat utils","formatTimeLeft"],"duration":2,"failing":false,"failureDetails":[],"failureMessages":[],"fullName":"dataFormat utils formatTimeLeft should handle only hours","invocations":1,"location":null,"numPassingAsserts":1,"retryReasons":[],"startAt":1763189598946,"status":"passed","title":"should handle only hours"},{"ancestorTitles":["dataFormat utils","formatTimeLeft"],"duration":5,"failing":false,"failureDetails":[],"failureMessages":[],"fullName":"dataFormat utils formatTimeLeft should handle zero milliseconds","invocations":1,"location":null,"numPassingAsserts":1,"retryReasons":[],"startAt":1763189598948,"status":"passed","title":"should handle zero milliseconds"},{"ancestorTitles":["dataFormat utils","formatTimeLeft"],"duration":2,"failing":false,"failureDetails":[],"failureMessages":[],"fullName":"dataFormat utils formatTimeLeft should handle exactly one day","invocations":1,"location":null,"numPassingAsserts":1,"retryReasons":[],"startAt":1763189598954,"status":"passed","title":"should handle exactly one day"},{"ancestorTitles":["dataFormat utils","formatTimeLeft"],"duration":2,"failing":false,"failureDetails":[],"failureMessages":[],"fullName":"dataFormat utils formatTimeLeft should handle large time periods","invocations":1,"location":null,"numPassingAsserts":1,"retryReasons":[],"startAt":1763189598957,"status":"passed","title":"should handle large time periods"},{"ancestorTitles":["dataFormat utils","formatTimeLeft"],"duration":2,"failing":false,"failureDetails":[],"failureMessages":[],"fullName":"dataFormat utils formatTimeLeft should floor partial seconds","invocations":1,"location":null,"numPassingAsserts":1,"retryReasons":[],"startAt":1763189598959,"status":"passed","title":"should floor partial seconds"}],"endTime":1763189598989,"message":"","name":"C:\\Users\\leovp\\Programming\\adorador\\adorador-frontend\\src\\global\\utils\\__tests__\\dataFormat.test.ts","startTime":1763189597023,"status":"passed","summary":""},{"assertionResults":[{"ancestorTitles":["lyricsStorage","saveTempLyrics"],"duration":44,"failing":false,"failureDetails":[],"failureMessages":[],"fullName":"lyricsStorage saveTempLyrics should save lyrics to localStorage","invocations":1,"location":null,"numPassingAsserts":6,"retryReasons":[],"startAt":1763189598558,"status":"passed","title":"should save lyrics to localStorage"},{"ancestorTitles":["lyricsStorage","saveTempLyrics"],"duration":5,"failing":false,"failureDetails":[],"failureMessages":[],"fullName":"lyricsStorage saveTempLyrics should save lyrics without song title","invocations":1,"location":null,"numPassingAsserts":1,"retryReasons":[],"startAt":1763189598604,"status":"passed","title":"should save lyrics without song title"},{"ancestorTitles":["lyricsStorage","saveTempLyrics"],"duration":303,"failing":false,"failureDetails":[],"failureMessages":[],"fullName":"lyricsStorage saveTempLyrics should handle errors gracefully","invocations":1,"location":null,"numPassingAsserts":1,"retryReasons":[],"startAt":1763189598610,"status":"passed","title":"should handle errors gracefully"},{"ancestorTitles":["lyricsStorage","getTempLyrics"],"duration":8,"failing":false,"failureDetails":[],"failureMessages":[],"fullName":"lyricsStorage getTempLyrics should retrieve saved lyrics","invocations":1,"location":null,"numPassingAsserts":3,"retryReasons":[],"startAt":1763189598914,"status":"passed","title":"should retrieve saved lyrics"},{"ancestorTitles":["lyricsStorage","getTempLyrics"],"duration":5,"failing":false,"failureDetails":[],"failureMessages":[],"fullName":"lyricsStorage getTempLyrics should return null for non-existent lyrics","invocations":1,"location":null,"numPassingAsserts":1,"retryReasons":[],"startAt":1763189598923,"status":"passed","title":"should return null for non-existent lyrics"},{"ancestorTitles":["lyricsStorage","getTempLyrics"],"duration":15,"failing":false,"failureDetails":[],"failureMessages":[],"fullName":"lyricsStorage getTempLyrics should handle errors gracefully","invocations":1,"location":null,"numPassingAsserts":1,"retryReasons":[],"startAt":1763189598929,"status":"passed","title":"should handle errors gracefully"},{"ancestorTitles":["lyricsStorage","getTempLyrics"],"duration":41,"failing":false,"failureDetails":[],"failureMessages":[],"fullName":"lyricsStorage getTempLyrics should handle invalid JSON","invocations":1,"location":null,"numPassingAsserts":1,"retryReasons":[],"startAt":1763189598945,"status":"passed","title":"should handle invalid JSON"},{"ancestorTitles":["lyricsStorage","deleteTempLyrics"],"duration":5,"failing":false,"failureDetails":[],"failureMessages":[],"fullName":"lyricsStorage deleteTempLyrics should delete saved lyrics","invocations":1,"location":null,"numPassingAsserts":2,"retryReasons":[],"startAt":1763189598988,"status":"passed","title":"should delete saved lyrics"},{"ancestorTitles":["lyricsStorage","deleteTempLyrics"],"duration":14,"failing":false,"failureDetails":[],"failureMessages":[],"fullName":"lyricsStorage deleteTempLyrics should handle errors gracefully","invocations":1,"location":null,"numPassingAsserts":1,"retryReasons":[],"startAt":1763189598994,"status":"passed","title":"should handle errors gracefully"},{"ancestorTitles":["lyricsStorage","getAllTempLyrics"],"duration":9,"failing":false,"failureDetails":[],"failureMessages":[],"fullName":"lyricsStorage getAllTempLyrics should return all saved lyrics","invocations":1,"location":null,"numPassingAsserts":4,"retryReasons":[],"startAt":1763189599010,"status":"passed","title":"should return all saved lyrics"},{"ancestorTitles":["lyricsStorage","getAllTempLyrics"],"duration":10,"failing":false,"failureDetails":[],"failureMessages":[],"fullName":"lyricsStorage getAllTempLyrics should return empty array when no lyrics exist","invocations":1,"location":null,"numPassingAsserts":1,"retryReasons":[],"startAt":1763189599020,"status":"passed","title":"should return empty array when no lyrics exist"},{"ancestorTitles":["lyricsStorage","getAllTempLyrics"],"duration":5,"failing":false,"failureDetails":[],"failureMessages":[],"fullName":"lyricsStorage getAllTempLyrics should ignore non-lyrics localStorage items","invocations":1,"location":null,"numPassingAsserts":1,"retryReasons":[],"startAt":1763189599031,"status":"passed","title":"should ignore non-lyrics localStorage items"},{"ancestorTitles":["lyricsStorage","getAllTempLyrics"],"duration":11,"failing":false,"failureDetails":[],"failureMessages":[],"fullName":"lyricsStorage getAllTempLyrics should handle errors gracefully","invocations":1,"location":null,"numPassingAsserts":1,"retryReasons":[],"startAt":1763189599037,"status":"passed","title":"should handle errors gracefully"},{"ancestorTitles":["lyricsStorage","hasTempLyrics"],"duration":4,"failing":false,"failureDetails":[],"failureMessages":[],"fullName":"lyricsStorage hasTempLyrics should return true when lyrics exist","invocations":1,"location":null,"numPassingAsserts":1,"retryReasons":[],"startAt":1763189599050,"status":"passed","title":"should return true when lyrics exist"},{"ancestorTitles":["lyricsStorage","hasTempLyrics"],"duration":3,"failing":false,"failureDetails":[],"failureMessages":[],"fullName":"lyricsStorage hasTempLyrics should return false when lyrics do not exist","invocations":1,"location":null,"numPassingAsserts":1,"retryReasons":[],"startAt":1763189599055,"status":"passed","title":"should return false when lyrics do not exist"},{"ancestorTitles":["lyricsStorage","clearAllTempLyrics"],"duration":11,"failing":false,"failureDetails":[],"failureMessages":[],"fullName":"lyricsStorage clearAllTempLyrics should clear all lyrics from localStorage","invocations":1,"location":null,"numPassingAsserts":5,"retryReasons":[],"startAt":1763189599059,"status":"passed","title":"should clear all lyrics from localStorage"},{"ancestorTitles":["lyricsStorage","clearAllTempLyrics"],"duration":4,"failing":false,"failureDetails":[],"failureMessages":[],"fullName":"lyricsStorage clearAllTempLyrics should not affect other localStorage items","invocations":1,"location":null,"numPassingAsserts":2,"retryReasons":[],"startAt":1763189599071,"status":"passed","title":"should not affect other localStorage items"},{"ancestorTitles":["lyricsStorage","clearAllTempLyrics"],"duration":4,"failing":false,"failureDetails":[],"failureMessages":[],"fullName":"lyricsStorage clearAllTempLyrics should handle errors gracefully","invocations":1,"location":null,"numPassingAsserts":1,"retryReasons":[],"startAt":1763189599076,"status":"passed","title":"should handle errors gracefully"},{"ancestorTitles":["lyricsStorage","integration scenarios"],"duration":5,"failing":false,"failureDetails":[],"failureMessages":[],"fullName":"lyricsStorage integration scenarios should handle full workflow: save, retrieve, delete","invocations":1,"location":null,"numPassingAsserts":3,"retryReasons":[],"startAt":1763189599081,"status":"passed","title":"should handle full workflow: save, retrieve, delete"},{"ancestorTitles":["lyricsStorage","integration scenarios"],"duration":5,"failing":false,"failureDetails":[],"failureMessages":[],"fullName":"lyricsStorage integration scenarios should handle multiple songs from different bands","invocations":1,"location":null,"numPassingAsserts":4,"retryReasons":[],"startAt":1763189599087,"status":"passed","title":"should handle multiple songs from different bands"}],"endTime":1763189599102,"message":"","name":"C:\\Users\\leovp\\Programming\\adorador\\adorador-frontend\\src\\app\\(public)\\grupos\\[bandId]\\canciones\\[songId]\\_utils\\__tests__\\lyricsStorage.test.ts","startTime":1763189596751,"status":"passed","summary":""},{"assertionResults":[{"ancestorTitles":["jwtUtils","setTokens"],"duration":403,"failing":false,"failureDetails":[],"failureMessages":[],"fullName":"jwtUtils setTokens should store tokens in localStorage","invocations":1,"location":null,"numPassingAsserts":2,"retryReasons":[],"startAt":1763189597915,"status":"passed","title":"should store tokens in localStorage"},{"ancestorTitles":["jwtUtils","setTokens"],"duration":10,"failing":false,"failureDetails":[],"failureMessages":[],"fullName":"jwtUtils setTokens should schedule token renewal when tokens are set","invocations":1,"location":null,"numPassingAsserts":1,"retryReasons":[],"startAt":1763189598321,"status":"passed","title":"should schedule token renewal when tokens are set"},{"ancestorTitles":["jwtUtils","setTokens"],"duration":60,"failing":false,"failureDetails":[],"failureMessages":[],"fullName":"jwtUtils setTokens should handle window undefined (SSR)","invocations":1,"location":null,"numPassingAsserts":1,"retryReasons":[],"startAt":1763189598331,"status":"passed","title":"should handle window undefined (SSR)"},{"ancestorTitles":["jwtUtils","getTokens"],"duration":15,"failing":false,"failureDetails":[],"failureMessages":[],"fullName":"jwtUtils getTokens should retrieve tokens from localStorage","invocations":1,"location":null,"numPassingAsserts":1,"retryReasons":[],"startAt":1763189598392,"status":"passed","title":"should retrieve tokens from localStorage"},{"ancestorTitles":["jwtUtils","getTokens"],"duration":7,"failing":false,"failureDetails":[],"failureMessages":[],"fullName":"jwtUtils getTokens should return null if no tokens are stored","invocations":1,"location":null,"numPassingAsserts":1,"retryReasons":[],"startAt":1763189598408,"status":"passed","title":"should return null if no tokens are stored"},{"ancestorTitles":["jwtUtils","getTokens"],"duration":258,"failing":false,"failureDetails":[],"failureMessages":[],"fullName":"jwtUtils getTokens should return null if localStorage has invalid JSON","invocations":1,"location":null,"numPassingAsserts":1,"retryReasons":[],"startAt":1763189598417,"status":"passed","title":"should return null if localStorage has invalid JSON"},{"ancestorTitles":["jwtUtils","getTokens"],"duration":5,"failing":false,"failureDetails":[],"failureMessages":[],"fullName":"jwtUtils getTokens should handle window undefined (SSR)","invocations":1,"location":null,"numPassingAsserts":1,"retryReasons":[],"startAt":1763189598675,"status":"passed","title":"should handle window undefined (SSR)"},{"ancestorTitles":["jwtUtils","clearTokens"],"duration":9,"failing":false,"failureDetails":[],"failureMessages":[],"fullName":"jwtUtils clearTokens should remove tokens from localStorage","invocations":1,"location":null,"numPassingAsserts":1,"retryReasons":[],"startAt":1763189598681,"status":"passed","title":"should remove tokens from localStorage"},{"ancestorTitles":["jwtUtils","clearTokens"],"duration":10,"failing":false,"failureDetails":[],"failureMessages":[],"fullName":"jwtUtils clearTokens should clear scheduled renewal timeout","invocations":1,"location":null,"numPassingAsserts":2,"retryReasons":[],"startAt":1763189598691,"status":"passed","title":"should clear scheduled renewal timeout"},{"ancestorTitles":["jwtUtils","clearTokens"],"duration":8,"failing":false,"failureDetails":[],"failureMessages":[],"fullName":"jwtUtils clearTokens should handle window undefined (SSR)","invocations":1,"location":null,"numPassingAsserts":1,"retryReasons":[],"startAt":1763189598702,"status":"passed","title":"should handle window undefined (SSR)"},{"ancestorTitles":["jwtUtils","isTokenExpired"],"duration":32,"failing":false,"failureDetails":[],"failureMessages":[],"fullName":"jwtUtils isTokenExpired should return true for null token","invocations":1,"location":null,"numPassingAsserts":1,"retryReasons":[],"startAt":1763189598711,"status":"passed","title":"should return true for null token"},{"ancestorTitles":["jwtUtils","isTokenExpired"],"duration":9,"failing":false,"failureDetails":[],"failureMessages":[],"fullName":"jwtUtils isTokenExpired should return false for valid token","invocations":1,"location":null,"numPassingAsserts":1,"retryReasons":[],"startAt":1763189598744,"status":"passed","title":"should return false for valid token"},{"ancestorTitles":["jwtUtils","isTokenExpired"],"duration":39,"failing":false,"failureDetails":[],"failureMessages":[],"fullName":"jwtUtils isTokenExpired should return true for expired token","invocations":1,"location":null,"numPassingAsserts":1,"retryReasons":[],"startAt":1763189598753,"status":"passed","title":"should return true for expired token"},{"ancestorTitles":["jwtUtils","isTokenExpired"],"duration":32,"failing":false,"failureDetails":[],"failureMessages":[],"fullName":"jwtUtils isTokenExpired should consider token expired with 1 minute buffer","invocations":1,"location":null,"numPassingAsserts":1,"retryReasons":[],"startAt":1763189598793,"status":"passed","title":"should consider token expired with 1 minute buffer"},{"ancestorTitles":["jwtUtils","isTokenExpired"],"duration":103,"failing":false,"failureDetails":[],"failureMessages":[],"fullName":"jwtUtils isTokenExpired should not expire token with more than 3 minutes remaining","invocations":1,"location":null,"numPassingAsserts":1,"retryReasons":[],"startAt":1763189598826,"status":"passed","title":"should not expire token with more than 3 minutes remaining"},{"ancestorTitles":["jwtUtils","isTokenExpired"],"duration":12,"failing":false,"failureDetails":[],"failureMessages":[],"fullName":"jwtUtils isTokenExpired should expire token with less than 3 minutes remaining (within buffer)","invocations":1,"location":null,"numPassingAsserts":1,"retryReasons":[],"startAt":1763189598930,"status":"passed","title":"should expire token with less than 3 minutes remaining (within buffer)"},{"ancestorTitles":["jwtUtils","isTokenActuallyExpired"],"duration":5,"failing":false,"failureDetails":[],"failureMessages":[],"fullName":"jwtUtils isTokenActuallyExpired should return true for null token","invocations":1,"location":null,"numPassingAsserts":1,"retryReasons":[],"startAt":1763189598943,"status":"passed","title":"should return true for null token"},{"ancestorTitles":["jwtUtils","isTokenActuallyExpired"],"duration":16,"failing":false,"failureDetails":[],"failureMessages":[],"fullName":"jwtUtils isTokenActuallyExpired should return false for valid token without buffer","invocations":1,"location":null,"numPassingAsserts":1,"retryReasons":[],"startAt":1763189598952,"status":"passed","title":"should return false for valid token without buffer"},{"ancestorTitles":["jwtUtils","isTokenActuallyExpired"],"duration":6,"failing":false,"failureDetails":[],"failureMessages":[],"fullName":"jwtUtils isTokenActuallyExpired should return true for actually expired token","invocations":1,"location":null,"numPassingAsserts":1,"retryReasons":[],"startAt":1763189598968,"status":"passed","title":"should return true for actually expired token"},{"ancestorTitles":["jwtUtils","isTokenActuallyExpired"],"duration":4,"failing":false,"failureDetails":[],"failureMessages":[],"fullName":"jwtUtils isTokenActuallyExpired should not use buffer time","invocations":1,"location":null,"numPassingAsserts":1,"retryReasons":[],"startAt":1763189598975,"status":"passed","title":"should not use buffer time"},{"ancestorTitles":["jwtUtils","getTokenExpirationTime"],"duration":7,"failing":false,"failureDetails":[],"failureMessages":[],"fullName":"jwtUtils getTokenExpirationTime should extract expiration time from JWT token","invocations":1,"location":null,"numPassingAsserts":1,"retryReasons":[],"startAt":1763189598980,"status":"passed","title":"should extract expiration time from JWT token"},{"ancestorTitles":["jwtUtils","getTokenExpirationTime"],"duration":16,"failing":false,"failureDetails":[],"failureMessages":[],"fullName":"jwtUtils getTokenExpirationTime should return current time for invalid token","invocations":1,"location":null,"numPassingAsserts":2,"retryReasons":[],"startAt":1763189598987,"status":"passed","title":"should return current time for invalid token"},{"ancestorTitles":["jwtUtils","getTokenExpirationTime"],"duration":25,"failing":false,"failureDetails":[],"failureMessages":[],"fullName":"jwtUtils getTokenExpirationTime should handle malformed JWT token","invocations":1,"location":null,"numPassingAsserts":1,"retryReasons":[],"startAt":1763189599004,"status":"passed","title":"should handle malformed JWT token"},{"ancestorTitles":["jwtUtils","getValidAccessToken"],"duration":12,"failing":false,"failureDetails":[],"failureMessages":[],"fullName":"jwtUtils getValidAccessToken should return null if no tokens exist","invocations":1,"location":null,"numPassingAsserts":1,"retryReasons":[],"startAt":1763189599031,"status":"passed","title":"should return null if no tokens exist"},{"ancestorTitles":["jwtUtils","getValidAccessToken"],"duration":6,"failing":false,"failureDetails":[],"failureMessages":[],"fullName":"jwtUtils getValidAccessToken should return access token if not expired","invocations":1,"location":null,"numPassingAsserts":1,"retryReasons":[],"startAt":1763189599044,"status":"passed","title":"should return access token if not expired"},{"ancestorTitles":["jwtUtils","getValidAccessToken"],"duration":26,"failing":false,"failureDetails":[],"failureMessages":[],"fullName":"jwtUtils getValidAccessToken should refresh token if expired","invocations":1,"location":null,"numPassingAsserts":2,"retryReasons":[],"startAt":1763189599052,"status":"passed","title":"should refresh token if expired"},{"ancestorTitles":["jwtUtils","getValidAccessToken"],"duration":7,"failing":false,"failureDetails":[],"failureMessages":[],"fullName":"jwtUtils getValidAccessToken should return token without renewal when it has more than 3 minutes","invocations":1,"location":null,"numPassingAsserts":2,"retryReasons":[],"startAt":1763189599078,"status":"passed","title":"should return token without renewal when it has more than 3 minutes"},{"ancestorTitles":["jwtUtils","refreshAccessToken"],"duration":7,"failing":false,"failureDetails":[],"failureMessages":[],"fullName":"jwtUtils refreshAccessToken should return null if no refresh token exists","invocations":1,"location":null,"numPassingAsserts":1,"retryReasons":[],"startAt":1763189599086,"status":"passed","title":"should return null if no refresh token exists"},{"ancestorTitles":["jwtUtils","refreshAccessToken"],"duration":17,"failing":false,"failureDetails":[],"failureMessages":[],"fullName":"jwtUtils refreshAccessToken should successfully refresh token","invocations":1,"location":null,"numPassingAsserts":3,"retryReasons":[],"startAt":1763189599093,"status":"passed","title":"should successfully refresh token"},{"ancestorTitles":["jwtUtils","refreshAccessToken"],"duration":14,"failing":false,"failureDetails":[],"failureMessages":[],"fullName":"jwtUtils refreshAccessToken should clear tokens on 401 error","invocations":1,"location":null,"numPassingAsserts":2,"retryReasons":[],"startAt":1763189599110,"status":"passed","title":"should clear tokens on 401 error"},{"ancestorTitles":["jwtUtils","refreshAccessToken"],"duration":9,"failing":false,"failureDetails":[],"failureMessages":[],"fullName":"jwtUtils refreshAccessToken should clear tokens on 403 error","invocations":1,"location":null,"numPassingAsserts":2,"retryReasons":[],"startAt":1763189599125,"status":"passed","title":"should clear tokens on 403 error"},{"ancestorTitles":["jwtUtils","refreshAccessToken"],"duration":14,"failing":false,"failureDetails":[],"failureMessages":[],"fullName":"jwtUtils refreshAccessToken should handle network error","invocations":1,"location":null,"numPassingAsserts":1,"retryReasons":[],"startAt":1763189599135,"status":"passed","title":"should handle network error"},{"ancestorTitles":["jwtUtils","refreshAccessToken"],"duration":10,"failing":false,"failureDetails":[],"failureMessages":[],"fullName":"jwtUtils refreshAccessToken should handle timeout with AbortController","invocations":1,"location":null,"numPassingAsserts":1,"retryReasons":[],"startAt":1763189599150,"status":"passed","title":"should handle timeout with AbortController"},{"ancestorTitles":["jwtUtils","refreshAccessToken"],"duration":12,"failing":false,"failureDetails":[],"failureMessages":[],"fullName":"jwtUtils refreshAccessToken should return null if API URL is not configured","invocations":1,"location":null,"numPassingAsserts":2,"retryReasons":[],"startAt":1763189599160,"status":"passed","title":"should return null if API URL is not configured"},{"ancestorTitles":["jwtUtils","scheduleTokenRenewal"],"duration":8,"failing":false,"failureDetails":[],"failureMessages":[],"fullName":"jwtUtils scheduleTokenRenewal should schedule renewal before token expiry","invocations":1,"location":null,"numPassingAsserts":1,"retryReasons":[],"startAt":1763189599173,"status":"passed","title":"should schedule renewal before token expiry"},{"ancestorTitles":["jwtUtils","scheduleTokenRenewal"],"duration":15,"failing":false,"failureDetails":[],"failureMessages":[],"fullName":"jwtUtils scheduleTokenRenewal should clear previous timeout before scheduling new one","invocations":1,"location":null,"numPassingAsserts":2,"retryReasons":[],"startAt":1763189599181,"status":"passed","title":"should clear previous timeout before scheduling new one"},{"ancestorTitles":["jwtUtils","scheduleTokenRenewal"],"duration":10,"failing":false,"failureDetails":[],"failureMessages":[],"fullName":"jwtUtils scheduleTokenRenewal should schedule with minimum 30 seconds delay","invocations":1,"location":null,"numPassingAsserts":1,"retryReasons":[],"startAt":1763189599196,"status":"passed","title":"should schedule with minimum 30 seconds delay"},{"ancestorTitles":["jwtUtils","scheduleTokenRenewal"],"duration":7,"failing":false,"failureDetails":[],"failureMessages":[],"fullName":"jwtUtils scheduleTokenRenewal should handle expired tokens gracefully","invocations":1,"location":null,"numPassingAsserts":1,"retryReasons":[],"startAt":1763189599207,"status":"passed","title":"should handle expired tokens gracefully"},{"ancestorTitles":["jwtUtils","integration tests"],"duration":19,"failing":false,"failureDetails":[],"failureMessages":[],"fullName":"jwtUtils integration tests should handle full token lifecycle","invocations":1,"location":null,"numPassingAsserts":4,"retryReasons":[],"startAt":1763189599216,"status":"passed","title":"should handle full token lifecycle"},{"ancestorTitles":["jwtUtils","integration tests"],"duration":44,"failing":false,"failureDetails":[],"failureMessages":[],"fullName":"jwtUtils integration tests should prevent multiple simultaneous refresh requests","invocations":1,"location":null,"numPassingAsserts":4,"retryReasons":[],"startAt":1763189599236,"status":"passed","title":"should prevent multiple simultaneous refresh requests"}],"endTime":1763189599291,"message":"","name":"C:\\Users\\leovp\\Programming\\adorador\\adorador-frontend\\src\\global\\utils\\__tests__\\jwtUtils.test.ts","startTime":1763189596272,"status":"passed","summary":""},{"assertionResults":[{"ancestorTitles":["fetchAPI - Cold Start Handling","Retry Logic"],"duration":184,"failing":false,"failureDetails":[],"failureMessages":[],"fullName":"fetchAPI - Cold Start Handling Retry Logic should retry on network timeout and succeed on second attempt","invocations":1,"location":null,"numPassingAsserts":2,"retryReasons":[],"startAt":1763189599175,"status":"passed","title":"should retry on network timeout and succeed on second attempt"},{"ancestorTitles":["fetchAPI - Cold Start Handling","Retry Logic"],"duration":125,"failing":false,"failureDetails":[],"failureMessages":[],"fullName":"fetchAPI - Cold Start Handling Retry Logic should retry up to maxRetries times before failing","invocations":1,"location":null,"numPassingAsserts":2,"retryReasons":[],"startAt":1763189599361,"status":"passed","title":"should retry up to maxRetries times before failing"},{"ancestorTitles":["fetchAPI - Cold Start Handling","Retry Logic"],"duration":78,"failing":false,"failureDetails":[],"failureMessages":[],"fullName":"fetchAPI - Cold Start Handling Retry Logic should use exponential backoff between retries","invocations":1,"location":null,"numPassingAsserts":4,"retryReasons":[],"startAt":1763189599487,"status":"passed","title":"should use exponential backoff between retries"},{"ancestorTitles":["fetchAPI - Cold Start Handling","Retry Logic"],"duration":13,"failing":false,"failureDetails":[],"failureMessages":[],"fullName":"fetchAPI - Cold Start Handling Retry Logic should handle timeout with AbortController","invocations":1,"location":null,"numPassingAsserts":1,"retryReasons":[],"startAt":1763189599565,"status":"passed","title":"should handle timeout with AbortController"},{"ancestorTitles":["fetchAPI - Cold Start Handling","Cold Start Recovery"],"duration":33,"failing":false,"failureDetails":[],"failureMessages":[],"fullName":"fetchAPI - Cold Start Handling Cold Start Recovery should persist session after recovering from cold start","invocations":1,"location":null,"numPassingAsserts":3,"retryReasons":[],"startAt":1763189599579,"status":"passed","title":"should persist session after recovering from cold start"},{"ancestorTitles":["fetchAPI - Cold Start Handling","Public Endpoints"],"duration":25,"failing":false,"failureDetails":[],"failureMessages":[],"fullName":"fetchAPI - Cold Start Handling Public Endpoints should not add auth token to public endpoints","invocations":1,"location":null,"numPassingAsserts":2,"retryReasons":[],"startAt":1763189599613,"status":"passed","title":"should not add auth token to public endpoints"},{"ancestorTitles":["fetchAPI - Cold Start Handling","Public Endpoints"],"duration":8,"failing":false,"failureDetails":[],"failureMessages":[],"fullName":"fetchAPI - Cold Start Handling Public Endpoints should add auth token to protected endpoints","invocations":1,"location":null,"numPassingAsserts":2,"retryReasons":[],"startAt":1763189599639,"status":"passed","title":"should add auth token to protected endpoints"},{"ancestorTitles":["fetchAPI - Cold Start Handling","Timeout Configuration"],"duration":13,"failing":false,"failureDetails":[],"failureMessages":[],"fullName":"fetchAPI - Cold Start Handling Timeout Configuration should respect custom timeout parameter","invocations":1,"location":null,"numPassingAsserts":2,"retryReasons":[],"startAt":1763189599648,"status":"passed","title":"should respect custom timeout parameter"},{"ancestorTitles":["fetchAPI - Cold Start Handling","Timeout Configuration"],"duration":11,"failing":false,"failureDetails":[],"failureMessages":[],"fullName":"fetchAPI - Cold Start Handling Timeout Configuration should use default 30s timeout","invocations":1,"location":null,"numPassingAsserts":2,"retryReasons":[],"startAt":1763189599662,"status":"passed","title":"should use default 30s timeout"}],"endTime":1763189599681,"message":"","name":"C:\\Users\\leovp\\Programming\\adorador\\adorador-frontend\\src\\global\\utils\\__tests__\\fetchAPI.coldstart.test.ts","startTime":1763189597820,"status":"passed","summary":""},{"assertionResults":[{"ancestorTitles":["fetchAPI","GET requests"],"duration":49,"failing":false,"failureDetails":[],"failureMessages":[],"fullName":"fetchAPI GET requests should make a successful GET request","invocations":1,"location":null,"numPassingAsserts":2,"retryReasons":[],"startAt":1763189599280,"status":"passed","title":"should make a successful GET request"},{"ancestorTitles":["fetchAPI","GET requests"],"duration":4,"failing":false,"failureDetails":[],"failureMessages":[],"fullName":"fetchAPI GET requests should not include body in GET request","invocations":1,"location":null,"numPassingAsserts":1,"retryReasons":[],"startAt":1763189599331,"status":"passed","title":"should not include body in GET request"},{"ancestorTitles":["fetchAPI","POST requests"],"duration":5,"failing":false,"failureDetails":[],"failureMessages":[],"fullName":"fetchAPI POST requests should make a successful POST request with JSON body","invocations":1,"location":null,"numPassingAsserts":2,"retryReasons":[],"startAt":1763189599336,"status":"passed","title":"should make a successful POST request with JSON body"},{"ancestorTitles":["fetchAPI","POST requests"],"duration":9,"failing":false,"failureDetails":[],"failureMessages":[],"fullName":"fetchAPI POST requests should handle FormData body","invocations":1,"location":null,"numPassingAsserts":3,"retryReasons":[],"startAt":1763189599341,"status":"passed","title":"should handle FormData body"},{"ancestorTitles":["fetchAPI","PUT and DELETE requests"],"duration":5,"failing":false,"failureDetails":[],"failureMessages":[],"fullName":"fetchAPI PUT and DELETE requests should make a successful PUT request","invocations":1,"location":null,"numPassingAsserts":2,"retryReasons":[],"startAt":1763189599351,"status":"passed","title":"should make a successful PUT request"},{"ancestorTitles":["fetchAPI","PUT and DELETE requests"],"duration":5,"failing":false,"failureDetails":[],"failureMessages":[],"fullName":"fetchAPI PUT and DELETE requests should make a successful DELETE request","invocations":1,"location":null,"numPassingAsserts":2,"retryReasons":[],"startAt":1763189599357,"status":"passed","title":"should make a successful DELETE request"},{"ancestorTitles":["fetchAPI","PUT and DELETE requests"],"duration":6,"failing":false,"failureDetails":[],"failureMessages":[],"fullName":"fetchAPI PUT and DELETE requests should make a successful PATCH request","invocations":1,"location":null,"numPassingAsserts":1,"retryReasons":[],"startAt":1763189599362,"status":"passed","title":"should make a successful PATCH request"},{"ancestorTitles":["fetchAPI","Authentication handling"],"duration":8,"failing":false,"failureDetails":[],"failureMessages":[],"fullName":"fetchAPI Authentication handling should include Authorization header for authenticated requests","invocations":1,"location":null,"numPassingAsserts":1,"retryReasons":[],"startAt":1763189599370,"status":"passed","title":"should include Authorization header for authenticated requests"},{"ancestorTitles":["fetchAPI","Authentication handling"],"duration":7,"failing":false,"failureDetails":[],"failureMessages":[],"fullName":"fetchAPI Authentication handling should not include Authorization header if token is null","invocations":1,"location":null,"numPassingAsserts":1,"retryReasons":[],"startAt":1763189599379,"status":"passed","title":"should not include Authorization header if token is null"},{"ancestorTitles":["fetchAPI","Authentication handling"],"duration":13,"failing":false,"failureDetails":[],"failureMessages":[],"fullName":"fetchAPI Authentication handling should skip authentication for public endpoints","invocations":1,"location":null,"numPassingAsserts":9,"retryReasons":[],"startAt":1763189599387,"status":"passed","title":"should skip authentication for public endpoints"},{"ancestorTitles":["fetchAPI","Authentication handling"],"duration":24,"failing":false,"failureDetails":[],"failureMessages":[],"fullName":"fetchAPI Authentication handling should skip authentication when skipAuth is true","invocations":1,"location":null,"numPassingAsserts":2,"retryReasons":[],"startAt":1763189599401,"status":"passed","title":"should skip authentication when skipAuth is true"},{"ancestorTitles":["fetchAPI","Error handling"],"duration":115,"failing":false,"failureDetails":[],"failureMessages":[],"fullName":"fetchAPI Error handling should handle 401 error and clear tokens","invocations":1,"location":null,"numPassingAsserts":2,"retryReasons":[],"startAt":1763189599426,"status":"passed","title":"should handle 401 error and clear tokens"},{"ancestorTitles":["fetchAPI","Error handling"],"duration":5,"failing":false,"failureDetails":[],"failureMessages":[],"fullName":"fetchAPI Error handling should not redirect on 401 if no token was provided","invocations":1,"location":null,"numPassingAsserts":2,"retryReasons":[],"startAt":1763189599542,"status":"passed","title":"should not redirect on 401 if no token was provided"},{"ancestorTitles":["fetchAPI","Error handling"],"duration":6,"failing":false,"failureDetails":[],"failureMessages":[],"fullName":"fetchAPI Error handling should handle 401 for public endpoints","invocations":1,"location":null,"numPassingAsserts":2,"retryReasons":[],"startAt":1763189599547,"status":"passed","title":"should handle 401 for public endpoints"},{"ancestorTitles":["fetchAPI","Error handling"],"duration":7,"failing":false,"failureDetails":[],"failureMessages":[],"fullName":"fetchAPI Error handling should throw error with status code and message for API errors","invocations":1,"location":null,"numPassingAsserts":1,"retryReasons":[],"startAt":1763189599554,"status":"passed","title":"should throw error with status code and message for API errors"},{"ancestorTitles":["fetchAPI","Error handling"],"duration":8,"failing":false,"failureDetails":[],"failureMessages":[],"fullName":"fetchAPI Error handling should handle 500 server error","invocations":1,"location":null,"numPassingAsserts":1,"retryReasons":[],"startAt":1763189599561,"status":"passed","title":"should handle 500 server error"},{"ancestorTitles":["fetchAPI","Error handling"],"duration":12,"failing":false,"failureDetails":[],"failureMessages":[],"fullName":"fetchAPI Error handling should handle network errors","invocations":1,"location":null,"numPassingAsserts":1,"retryReasons":[],"startAt":1763189599569,"status":"passed","title":"should handle network errors"},{"ancestorTitles":["fetchAPI","Default method"],"duration":5,"failing":false,"failureDetails":[],"failureMessages":[],"fullName":"fetchAPI Default method should default to GET method if not specified","invocations":1,"location":null,"numPassingAsserts":1,"retryReasons":[],"startAt":1763189599582,"status":"passed","title":"should default to GET method if not specified"},{"ancestorTitles":["fetchAPI","Body handling edge cases"],"duration":6,"failing":false,"failureDetails":[],"failureMessages":[],"fullName":"fetchAPI Body handling edge cases should handle null body","invocations":1,"location":null,"numPassingAsserts":1,"retryReasons":[],"startAt":1763189599588,"status":"passed","title":"should handle null body"},{"ancestorTitles":["fetchAPI","Body handling edge cases"],"duration":3,"failing":false,"failureDetails":[],"failureMessages":[],"fullName":"fetchAPI Body handling edge cases should stringify non-FormData body","invocations":1,"location":null,"numPassingAsserts":1,"retryReasons":[],"startAt":1763189599594,"status":"passed","title":"should stringify non-FormData body"}],"endTime":1763189599605,"message":"","name":"C:\\Users\\leovp\\Programming\\adorador\\adorador-frontend\\src\\global\\utils\\__tests__\\fetchAPI.test.ts","startTime":1763189597839,"status":"passed","summary":""},{"assertionResults":[{"ancestorTitles":["constants","App Configuration"],"duration":17,"failing":false,"failureDetails":[],"failureMessages":[],"fullName":"constants App Configuration should have correct app name","invocations":1,"location":null,"numPassingAsserts":1,"retryReasons":[],"startAt":1763189600767,"status":"passed","title":"should have correct app name"},{"ancestorTitles":["constants","App Configuration"],"duration":11,"failing":false,"failureDetails":[],"failureMessages":[],"fullName":"constants App Configuration should have app description","invocations":1,"location":null,"numPassingAsserts":3,"retryReasons":[],"startAt":1763189600786,"status":"passed","title":"should have app description"},{"ancestorTitles":["constants","User Roles"],"duration":6,"failing":false,"failureDetails":[],"failureMessages":[],"fullName":"constants User Roles should have admin role defined","invocations":1,"location":null,"numPassingAsserts":3,"retryReasons":[],"startAt":1763189600799,"status":"passed","title":"should have admin role defined"},{"ancestorTitles":["constants","User Roles"],"duration":3,"failing":false,"failureDetails":[],"failureMessages":[],"fullName":"constants User Roles should have user role defined","invocations":1,"location":null,"numPassingAsserts":3,"retryReasons":[],"startAt":1763189600805,"status":"passed","title":"should have user role defined"},{"ancestorTitles":["constants","User Roles"],"duration":4,"failing":false,"failureDetails":[],"failureMessages":[],"fullName":"constants User Roles should have moderator role defined","invocations":1,"location":null,"numPassingAsserts":3,"retryReasons":[],"startAt":1763189600809,"status":"passed","title":"should have moderator role defined"},{"ancestorTitles":["constants","User Roles"],"duration":4,"failing":false,"failureDetails":[],"failureMessages":[],"fullName":"constants User Roles should have editor role defined","invocations":1,"location":null,"numPassingAsserts":3,"retryReasons":[],"startAt":1763189600814,"status":"passed","title":"should have editor role defined"},{"ancestorTitles":["constants","User Roles"],"duration":32,"failing":false,"failureDetails":[],"failureMessages":[],"fullName":"constants User Roles should have unique role IDs","invocations":1,"location":null,"numPassingAsserts":1,"retryReasons":[],"startAt":1763189600819,"status":"passed","title":"should have unique role IDs"},{"ancestorTitles":["constants","User Roles"],"duration":27,"failing":false,"failureDetails":[],"failureMessages":[],"fullName":"constants User Roles should have all roles with id and name properties","invocations":1,"location":null,"numPassingAsserts":16,"retryReasons":[],"startAt":1763189600851,"status":"passed","title":"should have all roles with id and name properties"},{"ancestorTitles":["constants","Church Roles"],"duration":4,"failing":false,"failureDetails":[],"failureMessages":[],"fullName":"constants Church Roles should have pastor role defined","invocations":1,"location":null,"numPassingAsserts":3,"retryReasons":[],"startAt":1763189600880,"status":"passed","title":"should have pastor role defined"},{"ancestorTitles":["constants","Church Roles"],"duration":4,"failing":false,"failureDetails":[],"failureMessages":[],"fullName":"constants Church Roles should have worship leader role defined","invocations":1,"location":null,"numPassingAsserts":3,"retryReasons":[],"startAt":1763189600885,"status":"passed","title":"should have worship leader role defined"},{"ancestorTitles":["constants","Church Roles"],"duration":9,"failing":false,"failureDetails":[],"failureMessages":[],"fullName":"constants Church Roles should have musician role defined","invocations":1,"location":null,"numPassingAsserts":3,"retryReasons":[],"startAt":1763189600890,"status":"passed","title":"should have musician role defined"},{"ancestorTitles":["constants","Church Roles"],"duration":3,"failing":false,"failureDetails":[],"failureMessages":[],"fullName":"constants Church Roles should have youth leader role defined","invocations":1,"location":null,"numPassingAsserts":3,"retryReasons":[],"startAt":1763189600900,"status":"passed","title":"should have youth leader role defined"},{"ancestorTitles":["constants","Church Roles"],"duration":22,"failing":false,"failureDetails":[],"failureMessages":[],"fullName":"constants Church Roles should have deacon role defined","invocations":1,"location":null,"numPassingAsserts":3,"retryReasons":[],"startAt":1763189600904,"status":"passed","title":"should have deacon role defined"},{"ancestorTitles":["constants","Church Roles"],"duration":3,"failing":false,"failureDetails":[],"failureMessages":[],"fullName":"constants Church Roles should have teacher role defined","invocations":1,"location":null,"numPassingAsserts":3,"retryReasons":[],"startAt":1763189600927,"status":"passed","title":"should have teacher role defined"},{"ancestorTitles":["constants","Church Roles"],"duration":3,"failing":false,"failureDetails":[],"failureMessages":[],"fullName":"constants Church Roles should have unique church role IDs","invocations":1,"location":null,"numPassingAsserts":1,"retryReasons":[],"startAt":1763189600931,"status":"passed","title":"should have unique church role IDs"},{"ancestorTitles":["constants","Church Roles"],"duration":38,"failing":false,"failureDetails":[],"failureMessages":[],"fullName":"constants Church Roles should have all church roles with id and name properties","invocations":1,"location":null,"numPassingAsserts":65,"retryReasons":[],"startAt":1763189600934,"status":"passed","title":"should have all church roles with id and name properties"},{"ancestorTitles":["constants","Roles Comparison"],"duration":2,"failing":false,"failureDetails":[],"failureMessages":[],"fullName":"constants Roles Comparison should have different number of user roles vs church roles","invocations":1,"location":null,"numPassingAsserts":1,"retryReasons":[],"startAt":1763189600972,"status":"passed","title":"should have different number of user roles vs church roles"},{"ancestorTitles":["constants","Roles Comparison"],"duration":2,"failing":false,"failureDetails":[],"failureMessages":[],"fullName":"constants Roles Comparison should have at least 4 user roles","invocations":1,"location":null,"numPassingAsserts":1,"retryReasons":[],"startAt":1763189600975,"status":"passed","title":"should have at least 4 user roles"},{"ancestorTitles":["constants","Roles Comparison"],"duration":2,"failing":false,"failureDetails":[],"failureMessages":[],"fullName":"constants Roles Comparison should have at least 6 church roles","invocations":1,"location":null,"numPassingAsserts":1,"retryReasons":[],"startAt":1763189600977,"status":"passed","title":"should have at least 6 church roles"}],"endTime":1763189600987,"message":"","name":"C:\\Users\\leovp\\Programming\\adorador\\adorador-frontend\\src\\global\\config\\__tests__\\constants.test.ts","startTime":1763189599033,"status":"passed","summary":""},{"assertionResults":[{"ancestorTitles":["formUtils","handleOnChange"],"duration":41,"failing":false,"failureDetails":[],"failureMessages":[],"fullName":"formUtils handleOnChange should update form state with new value","invocations":1,"location":null,"numPassingAsserts":2,"retryReasons":[],"startAt":1763189600785,"status":"passed","title":"should update form state with new value"},{"ancestorTitles":["formUtils","handleOnChange"],"duration":4,"failing":false,"failureDetails":[],"failureMessages":[],"fullName":"formUtils handleOnChange should preserve other form fields when updating one field","invocations":1,"location":null,"numPassingAsserts":1,"retryReasons":[],"startAt":1763189600829,"status":"passed","title":"should preserve other form fields when updating one field"},{"ancestorTitles":["formUtils","handleOnChange"],"duration":4,"failing":false,"failureDetails":[],"failureMessages":[],"fullName":"formUtils handleOnChange should handle numeric values as strings","invocations":1,"location":null,"numPassingAsserts":1,"retryReasons":[],"startAt":1763189600834,"status":"passed","title":"should handle numeric values as strings"},{"ancestorTitles":["formUtils","handleOnClear"],"duration":3,"failing":false,"failureDetails":[],"failureMessages":[],"fullName":"formUtils handleOnClear should clear the specified field","invocations":1,"location":null,"numPassingAsserts":2,"retryReasons":[],"startAt":1763189600839,"status":"passed","title":"should clear the specified field"},{"ancestorTitles":["formUtils","handleOnClear"],"duration":3,"failing":false,"failureDetails":[],"failureMessages":[],"fullName":"formUtils handleOnClear should set field to empty string","invocations":1,"location":null,"numPassingAsserts":1,"retryReasons":[],"startAt":1763189600843,"status":"passed","title":"should set field to empty string"},{"ancestorTitles":["formUtils","handleFocus"],"duration":5,"failing":false,"failureDetails":[],"failureMessages":[],"fullName":"formUtils handleFocus should select all text in input when focused","invocations":1,"location":null,"numPassingAsserts":1,"retryReasons":[],"startAt":1763189600847,"status":"passed","title":"should select all text in input when focused"},{"ancestorTitles":["formUtils","handleFocus"],"duration":3,"failing":false,"failureDetails":[],"failureMessages":[],"fullName":"formUtils handleFocus should work with empty input","invocations":1,"location":null,"numPassingAsserts":1,"retryReasons":[],"startAt":1763189600852,"status":"passed","title":"should work with empty input"}],"endTime":1763189600861,"message":"","name":"C:\\Users\\leovp\\Programming\\adorador\\adorador-frontend\\src\\global\\utils\\__tests__\\formUtils.test.ts","startTime":1763189599254,"status":"passed","summary":""},{"assertionResults":[{"ancestorTitles":["Session Persistence with Cold Starts","Token Refresh with Retry on Cold Start"],"duration":246,"failing":false,"failureDetails":[],"failureMessages":[],"fullName":"Session Persistence with Cold Starts Token Refresh with Retry on Cold Start should persist session after successful token refresh on retry","invocations":1,"location":null,"numPassingAsserts":1,"retryReasons":[],"startAt":1763189600964,"status":"passed","title":"should persist session after successful token refresh on retry"},{"ancestorTitles":["Session Persistence with Cold Starts","Token Refresh with Retry on Cold Start"],"duration":33,"failing":false,"failureDetails":[],"failureMessages":[],"fullName":"Session Persistence with Cold Starts Token Refresh with Retry on Cold Start should recover session when token expired but refresh succeeds after retry","invocations":1,"location":null,"numPassingAsserts":2,"retryReasons":[],"startAt":1763189601213,"status":"passed","title":"should recover session when token expired but refresh succeeds after retry"},{"ancestorTitles":["Session Persistence with Cold Starts","Token Refresh with Retry on Cold Start"],"duration":105,"failing":false,"failureDetails":[],"failureMessages":[],"fullName":"Session Persistence with Cold Starts Token Refresh with Retry on Cold Start should logout user when refresh fails after all retries","invocations":1,"location":null,"numPassingAsserts":1,"retryReasons":[],"startAt":1763189601252,"status":"passed","title":"should logout user when refresh fails after all retries"},{"ancestorTitles":["Session Persistence with Cold Starts","Session Consistency"],"duration":84,"failing":false,"failureDetails":[],"failureMessages":[],"fullName":"Session Persistence with Cold Starts Session Consistency should correct inconsistent state: valid token but user marked as logged out","invocations":1,"location":null,"numPassingAsserts":1,"retryReasons":[],"startAt":1763189601359,"status":"passed","title":"should correct inconsistent state: valid token but user marked as logged out"},{"ancestorTitles":["Session Persistence with Cold Starts","Session Consistency"],"duration":17,"failing":false,"failureDetails":[],"failureMessages":[],"fullName":"Session Persistence with Cold Starts Session Consistency should maintain logged out state when no tokens exist","invocations":1,"location":null,"numPassingAsserts":1,"retryReasons":[],"startAt":1763189601444,"status":"passed","title":"should maintain logged out state when no tokens exist"},{"ancestorTitles":["Session Persistence with Cold Starts","Cold Start Scenarios"],"duration":12,"failing":false,"failureDetails":[],"failureMessages":[],"fullName":"Session Persistence with Cold Starts Cold Start Scenarios should initialize user even without localStorage (new user)","invocations":1,"location":null,"numPassingAsserts":1,"retryReasons":[],"startAt":1763189601462,"status":"passed","title":"should initialize user even without localStorage (new user)"},{"ancestorTitles":["Session Persistence with Cold Starts","Cold Start Scenarios"],"duration":12,"failing":false,"failureDetails":[],"failureMessages":[],"fullName":"Session Persistence with Cold Starts Cold Start Scenarios should only initialize once even if called multiple times","invocations":1,"location":null,"numPassingAsserts":1,"retryReasons":[],"startAt":1763189601489,"status":"passed","title":"should only initialize once even if called multiple times"}],"endTime":1763189601508,"message":"","name":"C:\\Users\\leovp\\Programming\\adorador\\adorador-frontend\\src\\global\\services\\__tests__\\userInitializer.persistence.test.ts","startTime":1763189599461,"status":"passed","summary":""},{"assertionResults":[{"ancestorTitles":["handleLocalStorage","setLocalStorage"],"duration":14,"failing":false,"failureDetails":[],"failureMessages":[],"fullName":"handleLocalStorage setLocalStorage should store object as JSON string","invocations":1,"location":null,"numPassingAsserts":1,"retryReasons":[],"startAt":1763189601433,"status":"passed","title":"should store object as JSON string"},{"ancestorTitles":["handleLocalStorage","setLocalStorage"],"duration":4,"failing":false,"failureDetails":[],"failureMessages":[],"fullName":"handleLocalStorage setLocalStorage should store string directly when isString is true","invocations":1,"location":null,"numPassingAsserts":1,"retryReasons":[],"startAt":1763189601451,"status":"passed","title":"should store string directly when isString is true"},{"ancestorTitles":["handleLocalStorage","setLocalStorage"],"duration":5,"failing":false,"failureDetails":[],"failureMessages":[],"fullName":"handleLocalStorage setLocalStorage should store array as JSON string","invocations":1,"location":null,"numPassingAsserts":1,"retryReasons":[],"startAt":1763189601455,"status":"passed","title":"should store array as JSON string"},{"ancestorTitles":["handleLocalStorage","setLocalStorage"],"duration":4,"failing":false,"failureDetails":[],"failureMessages":[],"fullName":"handleLocalStorage setLocalStorage should store number as JSON string","invocations":1,"location":null,"numPassingAsserts":1,"retryReasons":[],"startAt":1763189601460,"status":"passed","title":"should store number as JSON string"},{"ancestorTitles":["handleLocalStorage","setLocalStorage"],"duration":4,"failing":false,"failureDetails":[],"failureMessages":[],"fullName":"handleLocalStorage setLocalStorage should store boolean as JSON string","invocations":1,"location":null,"numPassingAsserts":1,"retryReasons":[],"startAt":1763189601466,"status":"passed","title":"should store boolean as JSON string"},{"ancestorTitles":["handleLocalStorage","setLocalStorage"],"duration":4,"failing":false,"failureDetails":[],"failureMessages":[],"fullName":"handleLocalStorage setLocalStorage should overwrite existing value","invocations":1,"location":null,"numPassingAsserts":1,"retryReasons":[],"startAt":1763189601471,"status":"passed","title":"should overwrite existing value"},{"ancestorTitles":["handleLocalStorage","getLocalStorage"],"duration":8,"failing":false,"failureDetails":[],"failureMessages":[],"fullName":"handleLocalStorage getLocalStorage should retrieve and parse JSON object","invocations":1,"location":null,"numPassingAsserts":1,"retryReasons":[],"startAt":1763189601504,"status":"passed","title":"should retrieve and parse JSON object"},{"ancestorTitles":["handleLocalStorage","getLocalStorage"],"duration":8,"failing":false,"failureDetails":[],"failureMessages":[],"fullName":"handleLocalStorage getLocalStorage should retrieve string directly when isString is true","invocations":1,"location":null,"numPassingAsserts":1,"retryReasons":[],"startAt":1763189601512,"status":"passed","title":"should retrieve string directly when isString is true"},{"ancestorTitles":["handleLocalStorage","getLocalStorage"],"duration":6,"failing":false,"failureDetails":[],"failureMessages":[],"fullName":"handleLocalStorage getLocalStorage should return null for non-existent key","invocations":1,"location":null,"numPassingAsserts":1,"retryReasons":[],"startAt":1763189601520,"status":"passed","title":"should return null for non-existent key"},{"ancestorTitles":["handleLocalStorage","getLocalStorage"],"duration":3,"failing":false,"failureDetails":[],"failureMessages":[],"fullName":"handleLocalStorage getLocalStorage should return null for non-existent key with isString flag","invocations":1,"location":null,"numPassingAsserts":1,"retryReasons":[],"startAt":1763189601527,"status":"passed","title":"should return null for non-existent key with isString flag"},{"ancestorTitles":["handleLocalStorage","getLocalStorage"],"duration":11,"failing":false,"failureDetails":[],"failureMessages":[],"fullName":"handleLocalStorage getLocalStorage should retrieve and parse array","invocations":1,"location":null,"numPassingAsserts":1,"retryReasons":[],"startAt":1763189601532,"status":"passed","title":"should retrieve and parse array"},{"ancestorTitles":["handleLocalStorage","getLocalStorage"],"duration":7,"failing":false,"failureDetails":[],"failureMessages":[],"fullName":"handleLocalStorage getLocalStorage should retrieve and parse number","invocations":1,"location":null,"numPassingAsserts":1,"retryReasons":[],"startAt":1763189601544,"status":"passed","title":"should retrieve and parse number"},{"ancestorTitles":["handleLocalStorage","getLocalStorage"],"duration":3,"failing":false,"failureDetails":[],"failureMessages":[],"fullName":"handleLocalStorage getLocalStorage should retrieve and parse boolean","invocations":1,"location":null,"numPassingAsserts":1,"retryReasons":[],"startAt":1763189601554,"status":"passed","title":"should retrieve and parse boolean"},{"ancestorTitles":["handleLocalStorage","getLocalStorage"],"duration":134,"failing":false,"failureDetails":[],"failureMessages":[],"fullName":"handleLocalStorage getLocalStorage should handle invalid JSON gracefully","invocations":1,"location":null,"numPassingAsserts":2,"retryReasons":[],"startAt":1763189601558,"status":"passed","title":"should handle invalid JSON gracefully"},{"ancestorTitles":["handleLocalStorage","getLocalStorage"],"duration":5,"failing":false,"failureDetails":[],"failureMessages":[],"fullName":"handleLocalStorage getLocalStorage should handle empty string","invocations":1,"location":null,"numPassingAsserts":1,"retryReasons":[],"startAt":1763189601693,"status":"passed","title":"should handle empty string"},{"ancestorTitles":["handleLocalStorage","setLocalStorage and getLocalStorage integration"],"duration":4,"failing":false,"failureDetails":[],"failureMessages":[],"fullName":"handleLocalStorage setLocalStorage and getLocalStorage integration should store and retrieve object correctly","invocations":1,"location":null,"numPassingAsserts":1,"retryReasons":[],"startAt":1763189601701,"status":"passed","title":"should store and retrieve object correctly"},{"ancestorTitles":["handleLocalStorage","setLocalStorage and getLocalStorage integration"],"duration":10,"failing":false,"failureDetails":[],"failureMessages":[],"fullName":"handleLocalStorage setLocalStorage and getLocalStorage integration should store and retrieve string correctly","invocations":1,"location":null,"numPassingAsserts":1,"retryReasons":[],"startAt":1763189601707,"status":"passed","title":"should store and retrieve string correctly"},{"ancestorTitles":["handleLocalStorage","setLocalStorage and getLocalStorage integration"],"duration":7,"failing":false,"failureDetails":[],"failureMessages":[],"fullName":"handleLocalStorage setLocalStorage and getLocalStorage integration should handle complex nested objects","invocations":1,"location":null,"numPassingAsserts":1,"retryReasons":[],"startAt":1763189601719,"status":"passed","title":"should handle complex nested objects"}],"endTime":1763189601736,"message":"","name":"C:\\Users\\leovp\\Programming\\adorador\\adorador-frontend\\src\\global\\utils\\__tests__\\handleLocalStorage.test.ts","startTime":1763189600002,"status":"passed","summary":""},{"assertionResults":[{"ancestorTitles":["lyricsConverter","convertLyricsToPlainText"],"duration":14,"failing":false,"failureDetails":[],"failureMessages":[],"fullName":"lyricsConverter convertLyricsToPlainText should return empty string for empty lyrics array","invocations":1,"location":null,"numPassingAsserts":1,"retryReasons":[],"startAt":1763189602014,"status":"passed","title":"should return empty string for empty lyrics array"},{"ancestorTitles":["lyricsConverter","convertLyricsToPlainText"],"duration":4,"failing":false,"failureDetails":[],"failureMessages":[],"fullName":"lyricsConverter convertLyricsToPlainText should return empty string for null/undefined lyrics","invocations":1,"location":null,"numPassingAsserts":1,"retryReasons":[],"startAt":1763189602032,"status":"passed","title":"should return empty string for null/undefined lyrics"},{"ancestorTitles":["lyricsConverter","convertLyricsToPlainText"],"duration":4,"failing":false,"failureDetails":[],"failureMessages":[],"fullName":"lyricsConverter convertLyricsToPlainText should convert simple lyrics without chords","invocations":1,"location":null,"numPassingAsserts":1,"retryReasons":[],"startAt":1763189602038,"status":"passed","title":"should convert simple lyrics without chords"},{"ancestorTitles":["lyricsConverter","convertLyricsToPlainText"],"duration":5,"failing":false,"failureDetails":[],"failureMessages":[],"fullName":"lyricsConverter convertLyricsToPlainText should convert lyrics with chords in correct positions","invocations":1,"location":null,"numPassingAsserts":4,"retryReasons":[],"startAt":1763189602043,"status":"passed","title":"should convert lyrics with chords in correct positions"},{"ancestorTitles":["lyricsConverter","convertLyricsToPlainText"],"duration":3,"failing":false,"failureDetails":[],"failureMessages":[],"fullName":"lyricsConverter convertLyricsToPlainText should handle chords with quality and slash chords","invocations":1,"location":null,"numPassingAsserts":1,"retryReasons":[],"startAt":1763189602049,"status":"passed","title":"should handle chords with quality and slash chords"},{"ancestorTitles":["lyricsConverter","convertLyricsToPlainText"],"duration":3,"failing":false,"failureDetails":[],"failureMessages":[],"fullName":"lyricsConverter convertLyricsToPlainText should group multiple lyrics by structure","invocations":1,"location":null,"numPassingAsserts":1,"retryReasons":[],"startAt":1763189602053,"status":"passed","title":"should group multiple lyrics by structure"},{"ancestorTitles":["lyricsConverter","convertLyricsToPlainText"],"duration":4,"failing":false,"failureDetails":[],"failureMessages":[],"fullName":"lyricsConverter convertLyricsToPlainText should add spacing between different structures","invocations":1,"location":null,"numPassingAsserts":3,"retryReasons":[],"startAt":1763189602056,"status":"passed","title":"should add spacing between different structures"},{"ancestorTitles":["lyricsConverter","convertLyricsToPlainText"],"duration":5,"failing":false,"failureDetails":[],"failureMessages":[],"fullName":"lyricsConverter convertLyricsToPlainText should handle multiple chords on the same line","invocations":1,"location":null,"numPassingAsserts":4,"retryReasons":[],"startAt":1763189602060,"status":"passed","title":"should handle multiple chords on the same line"},{"ancestorTitles":["lyricsConverter","convertLyricsToPlainText"],"duration":4,"failing":false,"failureDetails":[],"failureMessages":[],"fullName":"lyricsConverter convertLyricsToPlainText should handle structures with lowercase conversion","invocations":1,"location":null,"numPassingAsserts":2,"retryReasons":[],"startAt":1763189602066,"status":"passed","title":"should handle structures with lowercase conversion"},{"ancestorTitles":["lyricsConverter","convertLyricsToPlainText"],"duration":4,"failing":false,"failureDetails":[],"failureMessages":[],"fullName":"lyricsConverter convertLyricsToPlainText should correctly position chords based on 5-column system","invocations":1,"location":null,"numPassingAsserts":2,"retryReasons":[],"startAt":1763189602071,"status":"passed","title":"should correctly position chords based on 5-column system"}],"endTime":1763189602082,"message":"","name":"C:\\Users\\leovp\\Programming\\adorador\\adorador-frontend\\src\\app\\(public)\\grupos\\[bandId]\\canciones\\[songId]\\_utils\\__tests__\\lyricsConverter.test.ts","startTime":1763189600532,"status":"passed","summary":""},{"assertionResults":[{"ancestorTitles":["links configuration"],"duration":15,"failing":false,"failureDetails":[],"failureMessages":[],"fullName":"links configuration should be an array","invocations":1,"location":null,"numPassingAsserts":1,"retryReasons":[],"startAt":1763189602161,"status":"passed","title":"should be an array"},{"ancestorTitles":["links configuration"],"duration":9,"failing":false,"failureDetails":[],"failureMessages":[],"fullName":"links configuration should have at least one link","invocations":1,"location":null,"numPassingAsserts":1,"retryReasons":[],"startAt":1763189602179,"status":"passed","title":"should have at least one link"},{"ancestorTitles":["links configuration"],"duration":25,"failing":false,"failureDetails":[],"failureMessages":[],"fullName":"links configuration should have all links with name and href properties","invocations":1,"location":null,"numPassingAsserts":20,"retryReasons":[],"startAt":1763189602189,"status":"passed","title":"should have all links with name and href properties"},{"ancestorTitles":["links configuration","Discipulado link"],"duration":4,"failing":false,"failureDetails":[],"failureMessages":[],"fullName":"links configuration Discipulado link should exist","invocations":1,"location":null,"numPassingAsserts":1,"retryReasons":[],"startAt":1763189602216,"status":"passed","title":"should exist"},{"ancestorTitles":["links configuration","Discipulado link"],"duration":2,"failing":false,"failureDetails":[],"failureMessages":[],"fullName":"links configuration Discipulado link should have correct href","invocations":1,"location":null,"numPassingAsserts":1,"retryReasons":[],"startAt":1763189602221,"status":"passed","title":"should have correct href"},{"ancestorTitles":["links configuration","Crear cuenta link"],"duration":3,"failing":false,"failureDetails":[],"failureMessages":[],"fullName":"links configuration Crear cuenta link should exist","invocations":1,"location":null,"numPassingAsserts":1,"retryReasons":[],"startAt":1763189602224,"status":"passed","title":"should exist"},{"ancestorTitles":["links configuration","Crear cuenta link"],"duration":3,"failing":false,"failureDetails":[],"failureMessages":[],"fullName":"links configuration Crear cuenta link should have correct href","invocations":1,"location":null,"numPassingAsserts":1,"retryReasons":[],"startAt":1763189602228,"status":"passed","title":"should have correct href"},{"ancestorTitles":["links configuration","Crear cuenta link"],"duration":4,"failing":false,"failureDetails":[],"failureMessages":[],"fullName":"links configuration Crear cuenta link should have isLoggedIn set to false","invocations":1,"location":null,"numPassingAsserts":1,"retryReasons":[],"startAt":1763189602232,"status":"passed","title":"should have isLoggedIn set to false"},{"ancestorTitles":["links configuration","Login link"],"duration":2,"failing":false,"failureDetails":[],"failureMessages":[],"fullName":"links configuration Login link should exist","invocations":1,"location":null,"numPassingAsserts":1,"retryReasons":[],"startAt":1763189602237,"status":"passed","title":"should exist"},{"ancestorTitles":["links configuration","Login link"],"duration":2,"failing":false,"failureDetails":[],"failureMessages":[],"fullName":"links configuration Login link should have correct href","invocations":1,"location":null,"numPassingAsserts":1,"retryReasons":[],"startAt":1763189602240,"status":"passed","title":"should have correct href"},{"ancestorTitles":["links configuration"],"duration":2,"failing":false,"failureDetails":[],"failureMessages":[],"fullName":"links configuration should have unique link names","invocations":1,"location":null,"numPassingAsserts":1,"retryReasons":[],"startAt":1763189602243,"status":"passed","title":"should have unique link names"},{"ancestorTitles":["links configuration"],"duration":4,"failing":false,"failureDetails":[],"failureMessages":[],"fullName":"links configuration should have unique hrefs","invocations":1,"location":null,"numPassingAsserts":1,"retryReasons":[],"startAt":1763189602246,"status":"passed","title":"should have unique hrefs"},{"ancestorTitles":["links configuration"],"duration":17,"failing":false,"failureDetails":[],"failureMessages":[],"fullName":"links configuration should have valid href paths starting with /","invocations":1,"location":null,"numPassingAsserts":5,"retryReasons":[],"startAt":1763189602251,"status":"passed","title":"should have valid href paths starting with /"},{"ancestorTitles":["links configuration"],"duration":5,"failing":false,"failureDetails":[],"failureMessages":[],"fullName":"links configuration should not have empty names","invocations":1,"location":null,"numPassingAsserts":5,"retryReasons":[],"startAt":1763189602269,"status":"passed","title":"should not have empty names"},{"ancestorTitles":["links configuration"],"duration":5,"failing":false,"failureDetails":[],"failureMessages":[],"fullName":"links configuration should not have empty hrefs","invocations":1,"location":null,"numPassingAsserts":5,"retryReasons":[],"startAt":1763189602274,"status":"passed","title":"should not have empty hrefs"}],"endTime":1763189602289,"message":"","name":"C:\\Users\\leovp\\Programming\\adorador\\adorador-frontend\\src\\global\\config\\__tests__\\links.test.ts","startTime":1763189600758,"status":"passed","summary":""},{"assertionResults":[{"ancestorTitles":["findHrefFromLinks"],"duration":12,"failing":false,"failureDetails":[],"failureMessages":[],"fullName":"findHrefFromLinks should return correct href for existing link name","invocations":1,"location":null,"numPassingAsserts":1,"retryReasons":[],"startAt":1763189602375,"status":"passed","title":"should return correct href for existing link name"},{"ancestorTitles":["findHrefFromLinks"],"duration":3,"failing":false,"failureDetails":[],"failureMessages":[],"fullName":"findHrefFromLinks should return href for Login","invocations":1,"location":null,"numPassingAsserts":1,"retryReasons":[],"startAt":1763189602390,"status":"passed","title":"should return href for Login"},{"ancestorTitles":["findHrefFromLinks"],"duration":2,"failing":false,"failureDetails":[],"failureMessages":[],"fullName":"findHrefFromLinks should return href for sign-up","invocations":1,"location":null,"numPassingAsserts":1,"retryReasons":[],"startAt":1763189602394,"status":"passed","title":"should return href for sign-up"},{"ancestorTitles":["findHrefFromLinks"],"duration":3,"failing":false,"failureDetails":[],"failureMessages":[],"fullName":"findHrefFromLinks should return \"/\" for non-existing link name","invocations":1,"location":null,"numPassingAsserts":1,"retryReasons":[],"startAt":1763189602397,"status":"passed","title":"should return \"/\" for non-existing link name"},{"ancestorTitles":["findHrefFromLinks"],"duration":3,"failing":false,"failureDetails":[],"failureMessages":[],"fullName":"findHrefFromLinks should return \"/\" for empty string","invocations":1,"location":null,"numPassingAsserts":1,"retryReasons":[],"startAt":1763189602401,"status":"passed","title":"should return \"/\" for empty string"},{"ancestorTitles":["findHrefFromLinks"],"duration":3,"failing":false,"failureDetails":[],"failureMessages":[],"fullName":"findHrefFromLinks should be case sensitive","invocations":1,"location":null,"numPassingAsserts":1,"retryReasons":[],"startAt":1763189602404,"status":"passed","title":"should be case sensitive"},{"ancestorTitles":["findHrefFromLinks"],"duration":3,"failing":false,"failureDetails":[],"failureMessages":[],"fullName":"findHrefFromLinks should handle special characters in link names","invocations":1,"location":null,"numPassingAsserts":1,"retryReasons":[],"startAt":1763189602407,"status":"passed","title":"should handle special characters in link names"}],"endTime":1763189602417,"message":"","name":"C:\\Users\\leovp\\Programming\\adorador\\adorador-frontend\\src\\global\\utils\\__tests__\\findHrefFromLinks.test.ts","startTime":1763189601142,"status":"passed","summary":""},{"assertionResults":[{"ancestorTitles":["AddSongButton - Ejemplo"],"duration":12,"failing":false,"failureDetails":[],"failureMessages":[],"fullName":"AddSongButton - Ejemplo should be implemented","invocations":1,"location":null,"numPassingAsserts":1,"retryReasons":[],"startAt":1763189602429,"status":"passed","title":"should be implemented"}],"endTime":1763189602448,"message":"","name":"C:\\Users\\leovp\\Programming\\adorador\\adorador-frontend\\src\\app\\(public)\\grupos\\_components\\__tests__\\AddSongButton.test.tsx","startTime":1763189601213,"status":"passed","summary":""}],"wasInterrupted":false}
