
> zamr-frontend@0.1.0 test
> jest

PASS src/app/(public)/(home)/_components/__tests__/HeroSection.test.tsx (22.783 s)
  ΓùÅ Console

    console.error
      Warning: React does not recognize the `endContent` prop on a DOM element. If you intentionally want it to appear in the DOM as a custom attribute, spell it as lowercase `endcontent` instead. If you accidentally passed it from a parent component, remove it from the DOM element.
          at a
          at href (C:\Users\leovp\Programming\adorador\adorador-frontend\src\app\(public)\(home)\_components\__tests__\HeroSection.test.tsx:7:16)
          at children (C:\Users\leovp\Programming\adorador\adorador-frontend\src\global\components\buttons\PrimaryButton.tsx:47:3)
          at div
          at div
          at div
          at section
          at HeroSection

      31 |   describe('Component Rendering', () => {
      32 |     it('should render the section with gradient classes', () => {
    > 33 |       const { container } = render(<HeroSection />);
         |                                   ^
      34 |       const section = container.querySelector('section');
      35 |       expect(section).toBeInTheDocument();
      36 |       expect(section).toHaveClass('bg-gradient-hero');

      at printWarning (node_modules/react-dom/cjs/react-dom.development.js:86:30)
      at error (node_modules/react-dom/cjs/react-dom.development.js:60:7)
      at validateProperty$1 (node_modules/react-dom/cjs/react-dom.development.js:3757:7)
      at warnUnknownProperties (node_modules/react-dom/cjs/react-dom.development.js:3803:21)
      at validateProperties$2 (node_modules/react-dom/cjs/react-dom.development.js:3827:3)
      at validatePropertiesInDevelopment (node_modules/react-dom/cjs/react-dom.development.js:9541:5)
      at setInitialProperties (node_modules/react-dom/cjs/react-dom.development.js:9830:5)
      at finalizeInitialChildren (node_modules/react-dom/cjs/react-dom.development.js:10950:3)
      at completeWork (node_modules/react-dom/cjs/react-dom.development.js:22232:17)
      at completeUnitOfWork (node_modules/react-dom/cjs/react-dom.development.js:26632:16)
      at performUnitOfWork (node_modules/react-dom/cjs/react-dom.development.js:26607:5)
      at workLoopSync (node_modules/react-dom/cjs/react-dom.development.js:26505:5)
      at renderRootSync (node_modules/react-dom/cjs/react-dom.development.js:26473:7)
      at performConcurrentWorkOnRoot (node_modules/react-dom/cjs/react-dom.development.js:25777:74)
      at flushActQueue (node_modules/react/cjs/react.development.js:2667:24)
      at act (node_modules/react/cjs/react.development.js:2582:11)
      at node_modules/@testing-library/react/dist/act-compat.js:47:25
      at renderRoot (node_modules/@testing-library/react/dist/pure.js:190:26)
      at render (node_modules/@testing-library/react/dist/pure.js:292:10)
      at Object.<anonymous> (C:\Users\leovp\Programming\adorador\adorador-frontend\src\app\(public)\(home)../../../../../_components/__tests__/HeroSection.test.tsx:33:35)

    console.error
      Warning: React does not recognize the `startContent` prop on a DOM element. If you intentionally want it to appear in the DOM as a custom attribute, spell it as lowercase `startcontent` instead. If you accidentally passed it from a parent component, remove it from the DOM element.
          at a
          at href (C:\Users\leovp\Programming\adorador\adorador-frontend\src\app\(public)\(home)\_components\__tests__\HeroSection.test.tsx:7:16)
          at children (C:\Users\leovp\Programming\adorador\adorador-frontend\src\global\components\buttons\PrimaryButton.tsx:47:3)
          at div
          at div
          at div
          at section
          at HeroSection

      31 |   describe('Component Rendering', () => {
      32 |     it('should render the section with gradient classes', () => {
    > 33 |       const { container } = render(<HeroSection />);
         |                                   ^
      34 |       const section = container.querySelector('section');
      35 |       expect(section).toBeInTheDocument();
      36 |       expect(section).toHaveClass('bg-gradient-hero');

      at printWarning (node_modules/react-dom/cjs/react-dom.development.js:86:30)
      at error (node_modules/react-dom/cjs/react-dom.development.js:60:7)
      at validateProperty$1 (node_modules/react-dom/cjs/react-dom.development.js:3757:7)
      at warnUnknownProperties (node_modules/react-dom/cjs/react-dom.development.js:3803:21)
      at validateProperties$2 (node_modules/react-dom/cjs/react-dom.development.js:3827:3)
      at validatePropertiesInDevelopment (node_modules/react-dom/cjs/react-dom.development.js:9541:5)
      at setInitialProperties (node_modules/react-dom/cjs/react-dom.development.js:9830:5)
      at finalizeInitialChildren (node_modules/react-dom/cjs/react-dom.development.js:10950:3)
      at completeWork (node_modules/react-dom/cjs/react-dom.development.js:22232:17)
      at completeUnitOfWork (node_modules/react-dom/cjs/react-dom.development.js:26632:16)
      at performUnitOfWork (node_modules/react-dom/cjs/react-dom.development.js:26607:5)
      at workLoopSync (node_modules/react-dom/cjs/react-dom.development.js:26505:5)
      at renderRootSync (node_modules/react-dom/cjs/react-dom.development.js:26473:7)
      at performConcurrentWorkOnRoot (node_modules/react-dom/cjs/react-dom.development.js:25777:74)
      at flushActQueue (node_modules/react/cjs/react.development.js:2667:24)
      at act (node_modules/react/cjs/react.development.js:2582:11)
      at node_modules/@testing-library/react/dist/act-compat.js:47:25
      at renderRoot (node_modules/@testing-library/react/dist/pure.js:190:26)
      at render (node_modules/@testing-library/react/dist/pure.js:292:10)
      at Object.<anonymous> (C:\Users\leovp\Programming\adorador\adorador-frontend\src\app\(public)\(home)../../../../../_components/__tests__/HeroSection.test.tsx:33:35)

    console.error
      Warning: React does not recognize the `isLoading` prop on a DOM element. If you intentionally want it to appear in the DOM as a custom attribute, spell it as lowercase `isloading` instead. If you accidentally passed it from a parent component, remove it from the DOM element.
          at a
          at href (C:\Users\leovp\Programming\adorador\adorador-frontend\src\app\(public)\(home)\_components\__tests__\HeroSection.test.tsx:7:16)
          at children (C:\Users\leovp\Programming\adorador\adorador-frontend\src\global\components\buttons\PrimaryButton.tsx:47:3)
          at div
          at div
          at div
          at section
          at HeroSection

      31 |   describe('Component Rendering', () => {
      32 |     it('should render the section with gradient classes', () => {
    > 33 |       const { container } = render(<HeroSection />);
         |                                   ^
      34 |       const section = container.querySelector('section');
      35 |       expect(section).toBeInTheDocument();
      36 |       expect(section).toHaveClass('bg-gradient-hero');

      at printWarning (node_modules/react-dom/cjs/react-dom.development.js:86:30)
      at error (node_modules/react-dom/cjs/react-dom.development.js:60:7)
      at validateProperty$1 (node_modules/react-dom/cjs/react-dom.development.js:3757:7)
      at warnUnknownProperties (node_modules/react-dom/cjs/react-dom.development.js:3803:21)
      at validateProperties$2 (node_modules/react-dom/cjs/react-dom.development.js:3827:3)
      at validatePropertiesInDevelopment (node_modules/react-dom/cjs/react-dom.development.js:9541:5)
      at setInitialProperties (node_modules/react-dom/cjs/react-dom.development.js:9830:5)
      at finalizeInitialChildren (node_modules/react-dom/cjs/react-dom.development.js:10950:3)
      at completeWork (node_modules/react-dom/cjs/react-dom.development.js:22232:17)
      at completeUnitOfWork (node_modules/react-dom/cjs/react-dom.development.js:26632:16)
      at performUnitOfWork (node_modules/react-dom/cjs/react-dom.development.js:26607:5)
      at workLoopSync (node_modules/react-dom/cjs/react-dom.development.js:26505:5)
      at renderRootSync (node_modules/react-dom/cjs/react-dom.development.js:26473:7)
      at performConcurrentWorkOnRoot (node_modules/react-dom/cjs/react-dom.development.js:25777:74)
      at flushActQueue (node_modules/react/cjs/react.development.js:2667:24)
      at act (node_modules/react/cjs/react.development.js:2582:11)
      at node_modules/@testing-library/react/dist/act-compat.js:47:25
      at renderRoot (node_modules/@testing-library/react/dist/pure.js:190:26)
      at render (node_modules/@testing-library/react/dist/pure.js:292:10)
      at Object.<anonymous> (C:\Users\leovp\Programming\adorador\adorador-frontend\src\app\(public)\(home)../../../../../_components/__tests__/HeroSection.test.tsx:33:35)

    console.error
      Warning: React does not recognize the `isDisabled` prop on a DOM element. If you intentionally want it to appear in the DOM as a custom attribute, spell it as lowercase `isdisabled` instead. If you accidentally passed it from a parent component, remove it from the DOM element.
          at a
          at href (C:\Users\leovp\Programming\adorador\adorador-frontend\src\app\(public)\(home)\_components\__tests__\HeroSection.test.tsx:7:16)
          at children (C:\Users\leovp\Programming\adorador\adorador-frontend\src\global\components\buttons\PrimaryButton.tsx:47:3)
          at div
          at div
          at div
          at section
          at HeroSection

      31 |   describe('Component Rendering', () => {
      32 |     it('should render the section with gradient classes', () => {
    > 33 |       const { container } = render(<HeroSection />);
         |                                   ^
      34 |       const section = container.querySelector('section');
      35 |       expect(section).toBeInTheDocument();
      36 |       expect(section).toHaveClass('bg-gradient-hero');

      at printWarning (node_modules/react-dom/cjs/react-dom.development.js:86:30)
      at error (node_modules/react-dom/cjs/react-dom.development.js:60:7)
      at validateProperty$1 (node_modules/react-dom/cjs/react-dom.development.js:3757:7)
      at warnUnknownProperties (node_modules/react-dom/cjs/react-dom.development.js:3803:21)
      at validateProperties$2 (node_modules/react-dom/cjs/react-dom.development.js:3827:3)
      at validatePropertiesInDevelopment (node_modules/react-dom/cjs/react-dom.development.js:9541:5)
      at setInitialProperties (node_modules/react-dom/cjs/react-dom.development.js:9830:5)
      at finalizeInitialChildren (node_modules/react-dom/cjs/react-dom.development.js:10950:3)
      at completeWork (node_modules/react-dom/cjs/react-dom.development.js:22232:17)
      at completeUnitOfWork (node_modules/react-dom/cjs/react-dom.development.js:26632:16)
      at performUnitOfWork (node_modules/react-dom/cjs/react-dom.development.js:26607:5)
      at workLoopSync (node_modules/react-dom/cjs/react-dom.development.js:26505:5)
      at renderRootSync (node_modules/react-dom/cjs/react-dom.development.js:26473:7)
      at performConcurrentWorkOnRoot (node_modules/react-dom/cjs/react-dom.development.js:25777:74)
      at flushActQueue (node_modules/react/cjs/react.development.js:2667:24)
      at act (node_modules/react/cjs/react.development.js:2582:11)
      at node_modules/@testing-library/react/dist/act-compat.js:47:25
      at renderRoot (node_modules/@testing-library/react/dist/pure.js:190:26)
      at render (node_modules/@testing-library/react/dist/pure.js:292:10)
      at Object.<anonymous> (C:\Users\leovp\Programming\adorador\adorador-frontend\src\app\(public)\(home)../../../../../_components/__tests__/HeroSection.test.tsx:33:35)

    console.error
      Warning: Invalid value for prop `as` on <a> tag. Either remove it from the element, or pass a string or number value to keep it in the DOM. For details, see https://reactjs.org/link/attribute-behavior 
          at a
          at href (C:\Users\leovp\Programming\adorador\adorador-frontend\src\app\(public)\(home)\_components\__tests__\HeroSection.test.tsx:7:16)
          at children (C:\Users\leovp\Programming\adorador\adorador-frontend\src\global\components\buttons\PrimaryButton.tsx:47:3)
          at div
          at div
          at div
          at section
          at HeroSection

      31 |   describe('Component Rendering', () => {
      32 |     it('should render the section with gradient classes', () => {
    > 33 |       const { container } = render(<HeroSection />);
         |                                   ^
      34 |       const section = container.querySelector('section');
      35 |       expect(section).toBeInTheDocument();
      36 |       expect(section).toHaveClass('bg-gradient-hero');

      at printWarning (node_modules/react-dom/cjs/react-dom.development.js:86:30)
      at error (node_modules/react-dom/cjs/react-dom.development.js:60:7)
      at warnUnknownProperties (node_modules/react-dom/cjs/react-dom.development.js:3815:7)
      at validateProperties$2 (node_modules/react-dom/cjs/react-dom.development.js:3827:3)
      at validatePropertiesInDevelopment (node_modules/react-dom/cjs/react-dom.development.js:9541:5)
      at setInitialProperties (node_modules/react-dom/cjs/react-dom.development.js:9830:5)
      at finalizeInitialChildren (node_modules/react-dom/cjs/react-dom.development.js:10950:3)
      at completeWork (node_modules/react-dom/cjs/react-dom.development.js:22232:17)
      at completeUnitOfWork (node_modules/react-dom/cjs/react-dom.development.js:26632:16)
      at performUnitOfWork (node_modules/react-dom/cjs/react-dom.development.js:26607:5)
      at workLoopSync (node_modules/react-dom/cjs/react-dom.development.js:26505:5)
      at renderRootSync (node_modules/react-dom/cjs/react-dom.development.js:26473:7)
      at performConcurrentWorkOnRoot (node_modules/react-dom/cjs/react-dom.development.js:25777:74)
      at flushActQueue (node_modules/react/cjs/react.development.js:2667:24)
      at act (node_modules/react/cjs/react.development.js:2582:11)
      at node_modules/@testing-library/react/dist/act-compat.js:47:25
      at renderRoot (node_modules/@testing-library/react/dist/pure.js:190:26)
      at render (node_modules/@testing-library/react/dist/pure.js:292:10)
      at Object.<anonymous> (C:\Users\leovp\Programming\adorador\adorador-frontend\src\app\(public)\(home)../../../../../_components/__tests__/HeroSection.test.tsx:33:35)

PASS src/app/(public)/(home)/_components/__tests__/HowItWorksSection.test.tsx (24.41 s)
  ΓùÅ Console

    console.error
      Warning: React does not recognize the `isLoading` prop on a DOM element. If you intentionally want it to appear in the DOM as a custom attribute, spell it as lowercase `isloading` instead. If you accidentally passed it from a parent component, remove it from the DOM element.
          at a
          at href (C:\Users\leovp\Programming\adorador\adorador-frontend\src\app\(public)\(home)\_components\__tests__\HowItWorksSection.test.tsx:7:7)
          at children (C:\Users\leovp\Programming\adorador\adorador-frontend\src\global\components\buttons\PrimaryButton.tsx:47:3)
          at div
          at div
          at section
          at HowItWorksSection

      36 |   describe('Component Rendering', () => {
      37 |     it('should render the section with dark mode classes', () => {
    > 38 |       const { container } = render(<HowItWorksSection />);
         |                                   ^
      39 |       const section = container.querySelector('section');
      40 |       expect(section).toBeInTheDocument();
      41 |       expect(section).toHaveClass('bg-gradient-gray');

      at printWarning (node_modules/react-dom/cjs/react-dom.development.js:86:30)
      at error (node_modules/react-dom/cjs/react-dom.development.js:60:7)
      at validateProperty$1 (node_modules/react-dom/cjs/react-dom.development.js:3757:7)
      at warnUnknownProperties (node_modules/react-dom/cjs/react-dom.development.js:3803:21)
      at validateProperties$2 (node_modules/react-dom/cjs/react-dom.development.js:3827:3)
      at validatePropertiesInDevelopment (node_modules/react-dom/cjs/react-dom.development.js:9541:5)
      at setInitialProperties (node_modules/react-dom/cjs/react-dom.development.js:9830:5)
      at finalizeInitialChildren (node_modules/react-dom/cjs/react-dom.development.js:10950:3)
      at completeWork (node_modules/react-dom/cjs/react-dom.development.js:22232:17)
      at completeUnitOfWork (node_modules/react-dom/cjs/react-dom.development.js:26632:16)
      at performUnitOfWork (node_modules/react-dom/cjs/react-dom.development.js:26607:5)
      at workLoopSync (node_modules/react-dom/cjs/react-dom.development.js:26505:5)
      at renderRootSync (node_modules/react-dom/cjs/react-dom.development.js:26473:7)
      at performConcurrentWorkOnRoot (node_modules/react-dom/cjs/react-dom.development.js:25777:74)
      at flushActQueue (node_modules/react/cjs/react.development.js:2667:24)
      at act (node_modules/react/cjs/react.development.js:2582:11)
      at node_modules/@testing-library/react/dist/act-compat.js:47:25
      at renderRoot (node_modules/@testing-library/react/dist/pure.js:190:26)
      at render (node_modules/@testing-library/react/dist/pure.js:292:10)
      at Object.<anonymous> (C:\Users\leovp\Programming\adorador\adorador-frontend\src\app\(public)\(home)../../../../../_components/__tests__/HowItWorksSection.test.tsx:38:35)

    console.error
      Warning: React does not recognize the `isDisabled` prop on a DOM element. If you intentionally want it to appear in the DOM as a custom attribute, spell it as lowercase `isdisabled` instead. If you accidentally passed it from a parent component, remove it from the DOM element.
          at a
          at href (C:\Users\leovp\Programming\adorador\adorador-frontend\src\app\(public)\(home)\_components\__tests__\HowItWorksSection.test.tsx:7:7)
          at children (C:\Users\leovp\Programming\adorador\adorador-frontend\src\global\components\buttons\PrimaryButton.tsx:47:3)
          at div
          at div
          at section
          at HowItWorksSection

      36 |   describe('Component Rendering', () => {
      37 |     it('should render the section with dark mode classes', () => {
    > 38 |       const { container } = render(<HowItWorksSection />);
         |                                   ^
      39 |       const section = container.querySelector('section');
      40 |       expect(section).toBeInTheDocument();
      41 |       expect(section).toHaveClass('bg-gradient-gray');

      at printWarning (node_modules/react-dom/cjs/react-dom.development.js:86:30)
      at error (node_modules/react-dom/cjs/react-dom.development.js:60:7)
      at validateProperty$1 (node_modules/react-dom/cjs/react-dom.development.js:3757:7)
      at warnUnknownProperties (node_modules/react-dom/cjs/react-dom.development.js:3803:21)
      at validateProperties$2 (node_modules/react-dom/cjs/react-dom.development.js:3827:3)
      at validatePropertiesInDevelopment (node_modules/react-dom/cjs/react-dom.development.js:9541:5)
      at setInitialProperties (node_modules/react-dom/cjs/react-dom.development.js:9830:5)
      at finalizeInitialChildren (node_modules/react-dom/cjs/react-dom.development.js:10950:3)
      at completeWork (node_modules/react-dom/cjs/react-dom.development.js:22232:17)
      at completeUnitOfWork (node_modules/react-dom/cjs/react-dom.development.js:26632:16)
      at performUnitOfWork (node_modules/react-dom/cjs/react-dom.development.js:26607:5)
      at workLoopSync (node_modules/react-dom/cjs/react-dom.development.js:26505:5)
      at renderRootSync (node_modules/react-dom/cjs/react-dom.development.js:26473:7)
      at performConcurrentWorkOnRoot (node_modules/react-dom/cjs/react-dom.development.js:25777:74)
      at flushActQueue (node_modules/react/cjs/react.development.js:2667:24)
      at act (node_modules/react/cjs/react.development.js:2582:11)
      at node_modules/@testing-library/react/dist/act-compat.js:47:25
      at renderRoot (node_modules/@testing-library/react/dist/pure.js:190:26)
      at render (node_modules/@testing-library/react/dist/pure.js:292:10)
      at Object.<anonymous> (C:\Users\leovp\Programming\adorador\adorador-frontend\src\app\(public)\(home)../../../../../_components/__tests__/HowItWorksSection.test.tsx:38:35)

PASS src/app/(public)/grupos/_components/__tests__/GruposCTASection.test.tsx (25.418 s)
FAIL src/app/(public)/grupos/[bandId]/canciones/[songId]/_components/__tests__/LyricsTextEditor.test.tsx (48.876 s)
  ΓùÅ Console

    console.error
      Warning: React does not recognize the `isLoading` prop on a DOM element. If you intentionally want it to appear in the DOM as a custom attribute, spell it as lowercase `isloading` instead. If you accidentally passed it from a parent component, remove it from the DOM element.
          at button
          at children (C:\Users\leovp\Programming\adorador\adorador-frontend\src\app\(public)\grupos\[bandId]\canciones\[songId]\_components\__tests__\LyricsTextEditor.test.tsx:34:21)
          at div
          at div
          at params (C:\Users\leovp\Programming\adorador\adorador-frontend\src\app\(public)\grupos\[bandId]\canciones\[songId]\_components\LyricsTextEditor.tsx:25:3)

      75 |
      76 |   it('should render the editor with instructions', () => {
    > 77 |     render(
         |           ^
      78 |       <LyricsTextEditor
      79 |         params={mockParams}
      80 |         refetchLyricsOfCurrentSong={mockRefetch}

      at printWarning (node_modules/react-dom/cjs/react-dom.development.js:86:30)
      at error (node_modules/react-dom/cjs/react-dom.development.js:60:7)
      at validateProperty$1 (node_modules/react-dom/cjs/react-dom.development.js:3757:7)
      at warnUnknownProperties (node_modules/react-dom/cjs/react-dom.development.js:3803:21)
      at validateProperties$2 (node_modules/react-dom/cjs/react-dom.development.js:3827:3)
      at validatePropertiesInDevelopment (node_modules/react-dom/cjs/react-dom.development.js:9541:5)
      at setInitialProperties (node_modules/react-dom/cjs/react-dom.development.js:9830:5)
      at finalizeInitialChildren (node_modules/react-dom/cjs/react-dom.development.js:10950:3)
      at completeWork (node_modules/react-dom/cjs/react-dom.development.js:22232:17)
      at completeUnitOfWork (node_modules/react-dom/cjs/react-dom.development.js:26632:16)
      at performUnitOfWork (node_modules/react-dom/cjs/react-dom.development.js:26607:5)
      at workLoopSync (node_modules/react-dom/cjs/react-dom.development.js:26505:5)
      at renderRootSync (node_modules/react-dom/cjs/react-dom.development.js:26473:7)
      at performConcurrentWorkOnRoot (node_modules/react-dom/cjs/react-dom.development.js:25777:74)
      at flushActQueue (node_modules/react/cjs/react.development.js:2667:24)
      at act (node_modules/react/cjs/react.development.js:2582:11)
      at node_modules/@testing-library/react/dist/act-compat.js:47:25
      at renderRoot (node_modules/@testing-library/react/dist/pure.js:190:26)
      at render (node_modules/@testing-library/react/dist/pure.js:292:10)
      at Object.<anonymous> (C:\Users\leovp\Programming\adorador\adorador-frontend\src\app\(public)../../../../../grupos/[bandId]/canciones/[songId]/_components/__tests__/LyricsTextEditor.test.tsx:77:11)

  ΓùÅ LyricsTextEditor ΓÇ║ should auto-save to localStorage after typing

    expect(jest.fn()).toHaveBeenCalledWith(...expected)

    Expected: "1", "100", "Auto save test", "Test Song"

    Number of calls: 0

    Ignored nodes: comments, script, style
    <html>
      <head />
      <body>
        <div>
          <div
            class="flex w-full flex-col items-center gap-4"
          >
            <div
              class="flex w-full max-w-3xl items-center justify-between"
            >
              <div>
                <h4
                  class="text-lg font-bold dark:text-slate-100"
                >
                  Editor de Letras
                </h4>
                <p
                  class="text-sm text-slate-600 dark:text-slate-300"
                >
                  Escribe la letra con los acordes sobre cada l├¡nea
                </p>
              </div>
            </div>
            <div
              class="w-full max-w-3xl rounded-lg border-1 border-slate-200 bg-white p-4 dark:bg-gray-900 dark:border-slate-700"
            >
              <h5
                class="mb-3 font-semibold text-slate-700 dark:text-slate-100"
              >
                Instrucciones de formato:
              </h5>
              <ul
                class="mb-4 space-y-1 text-sm text-slate-600 dark:text-slate-300"
              >
                <li>
                  ΓÇó Incluye etiquetas de estructura entre par├⌐ntesis: (verso), (coro), (intro), (puente)
                </li>
                <li>
                  ΓÇó Los acordes van sobre la letra (l├¡nea anterior)
                </li>
                <li>
                  ΓÇó Formato de acordes: Em, D, Gbm, C#, Bb/G, etc.
                </li>
                <li>
                  ΓÇó Puedes usar bemoles (b) y sostenidos (#)
                </li>
                <li>
                  ΓÇó Puedes dejar espacios en blanco entre secciones
                </li>
              </ul>
              <div
                class="mb-4 rounded-md bg-slate-50 p-3 dark:bg-gray-800"
              >
                <p
                  class="mb-2 text-sm font-semibold text-slate-700 dark:text-slate-100"
                >
                  Ejemplo:
                </p>
                <pre
                  class="whitespace-pre-wrap text-xs text-slate-600 dark:text-slate-300"
                >
                  (verso)
    Em
    Mi Dios, eres mi fortaleza
              D/E
    A ti me entrego yo



    (coro)
           Em      Gbm
    Senor, eres mi anhelo
               D
    Eres todo para mi
                </pre>
              </div>
              <textarea
                class="min-h-[300px] w-full rounded-md border-1 border-slate-300 p-4 font-mono text-sm focus:border-primary-500 focus:outline-none focus:ring-2 focus:ring-primary-200 dark:bg-gray-950 dark:border-slate-700 dark:text-slate-100 dark:placeholder:text-slate-400"
                placeholder="Escribe aqu├¡ la letra con los acordes...

    Ejemplo:
    (verso)
    Em
    Mi Dios, eres mi fortaleza
              D/E
    A ti me entrego yo



    (coro)
           Em      Gbm
    Senor, eres mi anhelo
               D
    Eres todo para mi"
                spellcheck="false"
              >
                Auto save test
              </textarea>
            </div>
            <div
              class="flex w-full max-w-3xl justify-end gap-3"
            >
              <button>
                Cargar Letra
              </button>
            </div>
          </div>
        </div>
      </body>
    </html>

      189 |     await waitFor(
      190 |       () => {
    > 191 |         expect(mockSaveTempLyrics).toHaveBeenCalledWith(
          |                                    ^
      192 |           '1',
      193 |           '100',
      194 |           'Auto save test',

      at toHaveBeenCalledWith (C:\Users\leovp\Programming\adorador\adorador-frontend\src\app\(public)../../../../../grupos/[bandId]/canciones/[songId]/_components/__tests__/LyricsTextEditor.test.tsx:191:36)
      at runWithExpensiveErrorDiagnosticsDisabled (node_modules/@testing-library/dom/dist/config.js:47:12)
      at checkCallback (node_modules/@testing-library/dom/dist/wait-for.js:124:77)
      at checkRealTimersCallback (node_modules/@testing-library/dom/dist/wait-for.js:118:16)
      at Timeout.task [as _onTimeout] (node_modules/jsdom/lib/jsdom/browser/Window.js:579:19)

PASS src/app/(public)/grupos/_components/__tests__/AddSongButton.queryInvalidation.test.tsx (54.957 s)
FAIL src/app/(public)/grupos/[bandId]/eventos/[eventId]/en-vivo/_components/addSongToEvent/__tests__/AddSongEventButton.test.tsx (60.726 s)
  ΓùÅ Console

    console.error
      Warning: Function components cannot be given refs. Attempts to access this ref will fail. Did you mean to use React.forwardRef()?
      
      Check the render method of `HeroUI.PopoverTrigger`.
          at href (C:\Users\leovp\Programming\adorador\adorador-frontend\src\app\(public)\grupos\[bandId]\eventos\[eventId]\en-vivo\_components\addSongToEvent\__tests__\AddSongEventButton.test.tsx:7:16)
          at PopoverTrigger (C:\Users\leovp\Programming\adorador\adorador-frontend\node_modules\@heroui\popover\dist\index.js:398:43)
          at C:\Users\leovp\Programming\adorador\adorador-frontend\node_modules\@heroui\popover\dist\index.js:377:11
          at div
          at C:\Users\leovp\Programming\adorador\adorador-frontend\node_modules\@heroui\tooltip\dist\index.js:267:7
          at params (C:\Users\leovp\Programming\adorador\adorador-frontend\src\app\(public)\grupos\[bandId]\eventos\[eventId]\en-vivo\_components\addSongToEvent\AddSongEventButton.tsx:15:5)

      57 |
      58 |   it('should render the button', () => {
    > 59 |     render(<AddSongEventButton params={mockParams} refetch={mockRefetch} />);
         |           ^
      60 |
      61 |     const button = screen.getByLabelText('Agregar canci├│n al evento');
      62 |     expect(button).toBeInTheDocument();

      at printWarning (node_modules/react-dom/cjs/react-dom.development.js:86:30)
      at error (node_modules/react-dom/cjs/react-dom.development.js:60:7)
      at validateFunctionComponentInDev (node_modules/react-dom/cjs/react-dom.development.js:20222:9)
      at mountIndeterminateComponent (node_modules/react-dom/cjs/react-dom.development.js:20189:7)
      at beginWork (node_modules/react-dom/cjs/react-dom.development.js:21626:16)
      at beginWork$1 (node_modules/react-dom/cjs/react-dom.development.js:27465:14)
      at performUnitOfWork (node_modules/react-dom/cjs/react-dom.development.js:26599:12)
      at workLoopSync (node_modules/react-dom/cjs/react-dom.development.js:26505:5)
      at renderRootSync (node_modules/react-dom/cjs/react-dom.development.js:26473:7)
      at performConcurrentWorkOnRoot (node_modules/react-dom/cjs/react-dom.development.js:25777:74)
      at flushActQueue (node_modules/react/cjs/react.development.js:2667:24)
      at act (node_modules/react/cjs/react.development.js:2582:11)
      at node_modules/@testing-library/react/dist/act-compat.js:47:25
      at renderRoot (node_modules/@testing-library/react/dist/pure.js:190:26)
      at render (node_modules/@testing-library/react/dist/pure.js:292:10)
      at Object.<anonymous> (C:\Users\leovp\Programming\adorador\adorador-frontend\src\app\(public)../../../../../grupos/[bandId]/eventos/[eventId]/en-vivo/_components/addSongToEvent/__tests__/AddSongEventButton.test.tsx:59:11)

    console.error
      Warning: React does not recognize the `isIconOnly` prop on a DOM element. If you intentionally want it to appear in the DOM as a custom attribute, spell it as lowercase `isicononly` instead. If you accidentally passed it from a parent component, remove it from the DOM element.
          at button
          at href (C:\Users\leovp\Programming\adorador\adorador-frontend\src\app\(public)\grupos\[bandId]\eventos\[eventId]\en-vivo\_components\addSongToEvent\__tests__\AddSongEventButton.test.tsx:7:16)
          at PopoverTrigger (C:\Users\leovp\Programming\adorador\adorador-frontend\node_modules\@heroui\popover\dist\index.js:398:43)
          at C:\Users\leovp\Programming\adorador\adorador-frontend\node_modules\@heroui\popover\dist\index.js:377:11
          at div
          at C:\Users\leovp\Programming\adorador\adorador-frontend\node_modules\@heroui\tooltip\dist\index.js:267:7
          at params (C:\Users\leovp\Programming\adorador\adorador-frontend\src\app\(public)\grupos\[bandId]\eventos\[eventId]\en-vivo\_components\addSongToEvent\AddSongEventButton.tsx:15:5)

      57 |
      58 |   it('should render the button', () => {
    > 59 |     render(<AddSongEventButton params={mockParams} refetch={mockRefetch} />);
         |           ^
      60 |
      61 |     const button = screen.getByLabelText('Agregar canci├│n al evento');
      62 |     expect(button).toBeInTheDocument();

      at printWarning (node_modules/react-dom/cjs/react-dom.development.js:86:30)
      at error (node_modules/react-dom/cjs/react-dom.development.js:60:7)
      at validateProperty$1 (node_modules/react-dom/cjs/react-dom.development.js:3757:7)
      at warnUnknownProperties (node_modules/react-dom/cjs/react-dom.development.js:3803:21)
      at validateProperties$2 (node_modules/react-dom/cjs/react-dom.development.js:3827:3)
      at validatePropertiesInDevelopment (node_modules/react-dom/cjs/react-dom.development.js:9541:5)
      at setInitialProperties (node_modules/react-dom/cjs/react-dom.development.js:9830:5)
      at finalizeInitialChildren (node_modules/react-dom/cjs/react-dom.development.js:10950:3)
      at completeWork (node_modules/react-dom/cjs/react-dom.development.js:22232:17)
      at completeUnitOfWork (node_modules/react-dom/cjs/react-dom.development.js:26632:16)
      at performUnitOfWork (node_modules/react-dom/cjs/react-dom.development.js:26607:5)
      at workLoopSync (node_modules/react-dom/cjs/react-dom.development.js:26505:5)
      at renderRootSync (node_modules/react-dom/cjs/react-dom.development.js:26473:7)
      at performConcurrentWorkOnRoot (node_modules/react-dom/cjs/react-dom.development.js:25777:74)
      at flushActQueue (node_modules/react/cjs/react.development.js:2667:24)
      at act (node_modules/react/cjs/react.development.js:2582:11)
      at node_modules/@testing-library/react/dist/act-compat.js:47:25
      at renderRoot (node_modules/@testing-library/react/dist/pure.js:190:26)
      at render (node_modules/@testing-library/react/dist/pure.js:292:10)
      at Object.<anonymous> (C:\Users\leovp\Programming\adorador\adorador-frontend\src\app\(public)../../../../../grupos/[bandId]/eventos/[eventId]/en-vivo/_components/addSongToEvent/__tests__/AddSongEventButton.test.tsx:59:11)

    console.error
      Warning: React does not recognize the `isDisabled` prop on a DOM element. If you intentionally want it to appear in the DOM as a custom attribute, spell it as lowercase `isdisabled` instead. If you accidentally passed it from a parent component, remove it from the DOM element.
          at button
          at href (C:\Users\leovp\Programming\adorador\adorador-frontend\src\app\(public)\grupos\[bandId]\eventos\[eventId]\en-vivo\_components\addSongToEvent\__tests__\AddSongEventButton.test.tsx:7:16)
          at PopoverTrigger (C:\Users\leovp\Programming\adorador\adorador-frontend\node_modules\@heroui\popover\dist\index.js:398:43)
          at C:\Users\leovp\Programming\adorador\adorador-frontend\node_modules\@heroui\popover\dist\index.js:377:11
          at div
          at C:\Users\leovp\Programming\adorador\adorador-frontend\node_modules\@heroui\tooltip\dist\index.js:267:7
          at params (C:\Users\leovp\Programming\adorador\adorador-frontend\src\app\(public)\grupos\[bandId]\eventos\[eventId]\en-vivo\_components\addSongToEvent\AddSongEventButton.tsx:15:5)

      57 |
      58 |   it('should render the button', () => {
    > 59 |     render(<AddSongEventButton params={mockParams} refetch={mockRefetch} />);
         |           ^
      60 |
      61 |     const button = screen.getByLabelText('Agregar canci├│n al evento');
      62 |     expect(button).toBeInTheDocument();

      at printWarning (node_modules/react-dom/cjs/react-dom.development.js:86:30)
      at error (node_modules/react-dom/cjs/react-dom.development.js:60:7)
      at validateProperty$1 (node_modules/react-dom/cjs/react-dom.development.js:3757:7)
      at warnUnknownProperties (node_modules/react-dom/cjs/react-dom.development.js:3803:21)
      at validateProperties$2 (node_modules/react-dom/cjs/react-dom.development.js:3827:3)
      at validatePropertiesInDevelopment (node_modules/react-dom/cjs/react-dom.development.js:9541:5)
      at setInitialProperties (node_modules/react-dom/cjs/react-dom.development.js:9830:5)
      at finalizeInitialChildren (node_modules/react-dom/cjs/react-dom.development.js:10950:3)
      at completeWork (node_modules/react-dom/cjs/react-dom.development.js:22232:17)
      at completeUnitOfWork (node_modules/react-dom/cjs/react-dom.development.js:26632:16)
      at performUnitOfWork (node_modules/react-dom/cjs/react-dom.development.js:26607:5)
      at workLoopSync (node_modules/react-dom/cjs/react-dom.development.js:26505:5)
      at renderRootSync (node_modules/react-dom/cjs/react-dom.development.js:26473:7)
      at performConcurrentWorkOnRoot (node_modules/react-dom/cjs/react-dom.development.js:25777:74)
      at flushActQueue (node_modules/react/cjs/react.development.js:2667:24)
      at act (node_modules/react/cjs/react.development.js:2582:11)
      at node_modules/@testing-library/react/dist/act-compat.js:47:25
      at renderRoot (node_modules/@testing-library/react/dist/pure.js:190:26)
      at render (node_modules/@testing-library/react/dist/pure.js:292:10)
      at Object.<anonymous> (C:\Users\leovp\Programming\adorador\adorador-frontend\src\app\(public)../../../../../grupos/[bandId]/eventos/[eventId]/en-vivo/_components/addSongToEvent/__tests__/AddSongEventButton.test.tsx:59:11)

  ΓùÅ AddSongEventButton ΓÇ║ should open popover when clicking the button

    TypeError: A dynamic import callback was invoked without --experimental-vm-modules

      57 |
      58 |   it('should render the button', () => {
    > 59 |     render(<AddSongEventButton params={mockParams} refetch={mockRefetch} />);
         |           ^
      60 |
      61 |     const button = screen.getByLabelText('Agregar canci├│n al evento');
      62 |     expect(button).toBeInTheDocument();

      at domAnimation (node_modules/@heroui/tooltip/dist/index.js:252:58)
      at node_modules/framer-motion/dist/cjs/index.js:9462:13
      at commitHookEffectListMount (node_modules/react-dom/cjs/react-dom.development.js:23189:26)
      at commitPassiveMountOnFiber (node_modules/react-dom/cjs/react-dom.development.js:24970:11)
      at commitPassiveMountEffects_complete (node_modules/react-dom/cjs/react-dom.development.js:24930:9)
      at commitPassiveMountEffects_begin (node_modules/react-dom/cjs/react-dom.development.js:24917:7)
      at commitPassiveMountEffects (node_modules/react-dom/cjs/react-dom.development.js:24905:3)
      at flushPassiveEffectsImpl (node_modules/react-dom/cjs/react-dom.development.js:27078:3)
      at flushPassiveEffects (node_modules/react-dom/cjs/react-dom.development.js:27023:14)
      at node_modules/react-dom/cjs/react-dom.development.js:26808:9
      at flushActQueue (node_modules/react/cjs/react.development.js:2667:24)
      at act (node_modules/react/cjs/react.development.js:2582:11)
      at node_modules/@testing-library/react/dist/act-compat.js:47:25
      at renderRoot (node_modules/@testing-library/react/dist/pure.js:190:26)
      at render (node_modules/@testing-library/react/dist/pure.js:292:10)
      at Object.<anonymous> (C:\Users\leovp\Programming\adorador\adorador-frontend\src\app\(public)../../../../../grupos/[bandId]/eventos/[eventId]/en-vivo/_components/addSongToEvent/__tests__/AddSongEventButton.test.tsx:59:11)

  ΓùÅ AddSongEventButton ΓÇ║ should open popover when clicking the button

    TypeError: A dynamic import callback was invoked without --experimental-vm-modules

      64 |
      65 |   it('should open popover when clicking the button', async () => {
    > 66 |     render(<AddSongEventButton params={mockParams} refetch={mockRefetch} />);
         |           ^
      67 |
      68 |     const button = screen.getByLabelText('Agregar canci├│n al evento');
      69 |     fireEvent.click(button);

      at domAnimation (node_modules/@heroui/tooltip/dist/index.js:252:58)
      at node_modules/framer-motion/dist/cjs/index.js:9462:13
      at commitHookEffectListMount (node_modules/react-dom/cjs/react-dom.development.js:23189:26)
      at commitPassiveMountOnFiber (node_modules/react-dom/cjs/react-dom.development.js:24970:11)
      at commitPassiveMountEffects_complete (node_modules/react-dom/cjs/react-dom.development.js:24930:9)
      at commitPassiveMountEffects_begin (node_modules/react-dom/cjs/react-dom.development.js:24917:7)
      at commitPassiveMountEffects (node_modules/react-dom/cjs/react-dom.development.js:24905:3)
      at flushPassiveEffectsImpl (node_modules/react-dom/cjs/react-dom.development.js:27078:3)
      at flushPassiveEffects (node_modules/react-dom/cjs/react-dom.development.js:27023:14)
      at node_modules/react-dom/cjs/react-dom.development.js:26808:9
      at flushActQueue (node_modules/react/cjs/react.development.js:2667:24)
      at act (node_modules/react/cjs/react.development.js:2582:11)
      at node_modules/@testing-library/react/dist/act-compat.js:47:25
      at renderRoot (node_modules/@testing-library/react/dist/pure.js:190:26)
      at render (node_modules/@testing-library/react/dist/pure.js:292:10)
      at Object.<anonymous> (C:\Users\leovp\Programming\adorador\adorador-frontend\src\app\(public)../../../../../grupos/[bandId]/eventos/[eventId]/en-vivo/_components/addSongToEvent/__tests__/AddSongEventButton.test.tsx:66:11)

  ΓùÅ AddSongEventButton ΓÇ║ should open popover when clicking the button

    TypeError: A dynamic import callback was invoked without --experimental-vm-modules

      67 |
      68 |     const button = screen.getByLabelText('Agregar canci├│n al evento');
    > 69 |     fireEvent.click(button);
         |               ^
      70 |
      71 |     await waitFor(() => {
      72 |       expect(screen.getByText(/Cat├ílogo de Canciones/)).toBeInTheDocument();

      at domAnimation (node_modules/@heroui/popover/dist/index.js:432:58)
      at node_modules/framer-motion/dist/cjs/index.js:9462:13
      at commitHookEffectListMount (node_modules/react-dom/cjs/react-dom.development.js:23189:26)
      at commitPassiveMountOnFiber (node_modules/react-dom/cjs/react-dom.development.js:24970:11)
      at commitPassiveMountEffects_complete (node_modules/react-dom/cjs/react-dom.development.js:24930:9)
      at commitPassiveMountEffects_begin (node_modules/react-dom/cjs/react-dom.development.js:24917:7)
      at commitPassiveMountEffects (node_modules/react-dom/cjs/react-dom.development.js:24905:3)
      at flushPassiveEffectsImpl (node_modules/react-dom/cjs/react-dom.development.js:27078:3)
      at flushPassiveEffects (node_modules/react-dom/cjs/react-dom.development.js:27023:14)
      at commitRootImpl (node_modules/react-dom/cjs/react-dom.development.js:26974:5)
      at commitRoot (node_modules/react-dom/cjs/react-dom.development.js:26721:5)
      at performSyncWorkOnRoot (node_modules/react-dom/cjs/react-dom.development.js:26156:3)
      at flushSyncCallbacks (node_modules/react-dom/cjs/react-dom.development.js:12042:22)
      at flushActQueue (node_modules/react/cjs/react.development.js:2667:24)
      at act (node_modules/react/cjs/react.development.js:2582:11)
      at node_modules/@testing-library/react/dist/act-compat.js:47:25
      at Object.eventWrapper (node_modules/@testing-library/react/dist/pure.js:107:28)
      at fireEvent (node_modules/@testing-library/dom/dist/events.js:12:35)
      at Function.fireEvent.<computed> [as click] (node_modules/@testing-library/dom/dist/events.js:110:36)
      at Function.fireEvent.<computed> [as click] (node_modules/@testing-library/react/dist/fire-event.js:15:52)
      at Object.click (C:\Users\leovp\Programming\adorador\adorador-frontend\src\app\(public)../../../../../grupos/[bandId]/eventos/[eventId]/en-vivo/_components/addSongToEvent/__tests__/AddSongEventButton.test.tsx:69:15)

  ΓùÅ AddSongEventButton ΓÇ║ should open popover when clicking the button

    TypeError: A dynamic import callback was invoked without --experimental-vm-modules

      57 |
      58 |   it('should render the button', () => {
    > 59 |     render(<AddSongEventButton params={mockParams} refetch={mockRefetch} />);
         |           ^
      60 |
      61 |     const button = screen.getByLabelText('Agregar canci├│n al evento');
      62 |     expect(button).toBeInTheDocument();

      at domAnimation (node_modules/@heroui/tooltip/dist/index.js:252:58)
      at node_modules/framer-motion/dist/cjs/index.js:9462:13
      at commitHookEffectListMount (node_modules/react-dom/cjs/react-dom.development.js:23189:26)
      at commitPassiveMountOnFiber (node_modules/react-dom/cjs/react-dom.development.js:24970:11)
      at commitPassiveMountEffects_complete (node_modules/react-dom/cjs/react-dom.development.js:24930:9)
      at commitPassiveMountEffects_begin (node_modules/react-dom/cjs/react-dom.development.js:24917:7)
      at commitPassiveMountEffects (node_modules/react-dom/cjs/react-dom.development.js:24905:3)
      at flushPassiveEffectsImpl (node_modules/react-dom/cjs/react-dom.development.js:27078:3)
      at flushPassiveEffects (node_modules/react-dom/cjs/react-dom.development.js:27023:14)
      at node_modules/react-dom/cjs/react-dom.development.js:26808:9
      at flushActQueue (node_modules/react/cjs/react.development.js:2667:24)
      at act (node_modules/react/cjs/react.development.js:2582:11)
      at node_modules/@testing-library/react/dist/act-compat.js:47:25
      at renderRoot (node_modules/@testing-library/react/dist/pure.js:190:26)
      at render (node_modules/@testing-library/react/dist/pure.js:292:10)
      at Object.<anonymous> (C:\Users\leovp\Programming\adorador\adorador-frontend\src\app\(public)../../../../../grupos/[bandId]/eventos/[eventId]/en-vivo/_components/addSongToEvent/__tests__/AddSongEventButton.test.tsx:59:11)

  ΓùÅ AddSongEventButton ΓÇ║ should open popover when clicking the button

    TypeError: A dynamic import callback was invoked without --experimental-vm-modules

      64 |
      65 |   it('should open popover when clicking the button', async () => {
    > 66 |     render(<AddSongEventButton params={mockParams} refetch={mockRefetch} />);
         |           ^
      67 |
      68 |     const button = screen.getByLabelText('Agregar canci├│n al evento');
      69 |     fireEvent.click(button);

      at domAnimation (node_modules/@heroui/tooltip/dist/index.js:252:58)
      at node_modules/framer-motion/dist/cjs/index.js:9462:13
      at commitHookEffectListMount (node_modules/react-dom/cjs/react-dom.development.js:23189:26)
      at commitPassiveMountOnFiber (node_modules/react-dom/cjs/react-dom.development.js:24970:11)
      at commitPassiveMountEffects_complete (node_modules/react-dom/cjs/react-dom.development.js:24930:9)
      at commitPassiveMountEffects_begin (node_modules/react-dom/cjs/react-dom.development.js:24917:7)
      at commitPassiveMountEffects (node_modules/react-dom/cjs/react-dom.development.js:24905:3)
      at flushPassiveEffectsImpl (node_modules/react-dom/cjs/react-dom.development.js:27078:3)
      at flushPassiveEffects (node_modules/react-dom/cjs/react-dom.development.js:27023:14)
      at node_modules/react-dom/cjs/react-dom.development.js:26808:9
      at flushActQueue (node_modules/react/cjs/react.development.js:2667:24)
      at act (node_modules/react/cjs/react.development.js:2582:11)
      at node_modules/@testing-library/react/dist/act-compat.js:47:25
      at renderRoot (node_modules/@testing-library/react/dist/pure.js:190:26)
      at render (node_modules/@testing-library/react/dist/pure.js:292:10)
      at Object.<anonymous> (C:\Users\leovp\Programming\adorador\adorador-frontend\src\app\(public)../../../../../grupos/[bandId]/eventos/[eventId]/en-vivo/_components/addSongToEvent/__tests__/AddSongEventButton.test.tsx:66:11)

  ΓùÅ AddSongEventButton ΓÇ║ should open popover when clicking the button

    TypeError: A dynamic import callback was invoked without --experimental-vm-modules

      67 |
      68 |     const button = screen.getByLabelText('Agregar canci├│n al evento');
    > 69 |     fireEvent.click(button);
         |               ^
      70 |
      71 |     await waitFor(() => {
      72 |       expect(screen.getByText(/Cat├ílogo de Canciones/)).toBeInTheDocument();

      at domAnimation (node_modules/@heroui/popover/dist/index.js:432:58)
      at node_modules/framer-motion/dist/cjs/index.js:9462:13
      at commitHookEffectListMount (node_modules/react-dom/cjs/react-dom.development.js:23189:26)
      at commitPassiveMountOnFiber (node_modules/react-dom/cjs/react-dom.development.js:24970:11)
      at commitPassiveMountEffects_complete (node_modules/react-dom/cjs/react-dom.development.js:24930:9)
      at commitPassiveMountEffects_begin (node_modules/react-dom/cjs/react-dom.development.js:24917:7)
      at commitPassiveMountEffects (node_modules/react-dom/cjs/react-dom.development.js:24905:3)
      at flushPassiveEffectsImpl (node_modules/react-dom/cjs/react-dom.development.js:27078:3)
      at flushPassiveEffects (node_modules/react-dom/cjs/react-dom.development.js:27023:14)
      at commitRootImpl (node_modules/react-dom/cjs/react-dom.development.js:26974:5)
      at commitRoot (node_modules/react-dom/cjs/react-dom.development.js:26721:5)
      at performSyncWorkOnRoot (node_modules/react-dom/cjs/react-dom.development.js:26156:3)
      at flushSyncCallbacks (node_modules/react-dom/cjs/react-dom.development.js:12042:22)
      at flushActQueue (node_modules/react/cjs/react.development.js:2667:24)
      at act (node_modules/react/cjs/react.development.js:2582:11)
      at node_modules/@testing-library/react/dist/act-compat.js:47:25
      at Object.eventWrapper (node_modules/@testing-library/react/dist/pure.js:107:28)
      at fireEvent (node_modules/@testing-library/dom/dist/events.js:12:35)
      at Function.fireEvent.<computed> [as click] (node_modules/@testing-library/dom/dist/events.js:110:36)
      at Function.fireEvent.<computed> [as click] (node_modules/@testing-library/react/dist/fire-event.js:15:52)
      at Object.click (C:\Users\leovp\Programming\adorador\adorador-frontend\src\app\(public)../../../../../grupos/[bandId]/eventos/[eventId]/en-vivo/_components/addSongToEvent/__tests__/AddSongEventButton.test.tsx:69:15)

  ΓùÅ AddSongEventButton ΓÇ║ should open catalog modal when clicking catalog button

    TypeError: A dynamic import callback was invoked without --experimental-vm-modules

      76 |
      77 |   it('should open catalog modal when clicking catalog button', async () => {
    > 78 |     render(<AddSongEventButton params={mockParams} refetch={mockRefetch} />);
         |           ^
      79 |
      80 |     const button = screen.getByLabelText('Agregar canci├│n al evento');
      81 |     fireEvent.click(button);

      at domAnimation (node_modules/@heroui/tooltip/dist/index.js:252:58)
      at node_modules/framer-motion/dist/cjs/index.js:9462:13
      at commitHookEffectListMount (node_modules/react-dom/cjs/react-dom.development.js:23189:26)
      at commitPassiveMountOnFiber (node_modules/react-dom/cjs/react-dom.development.js:24970:11)
      at commitPassiveMountEffects_complete (node_modules/react-dom/cjs/react-dom.development.js:24930:9)
      at commitPassiveMountEffects_begin (node_modules/react-dom/cjs/react-dom.development.js:24917:7)
      at commitPassiveMountEffects (node_modules/react-dom/cjs/react-dom.development.js:24905:3)
      at flushPassiveEffectsImpl (node_modules/react-dom/cjs/react-dom.development.js:27078:3)
      at flushPassiveEffects (node_modules/react-dom/cjs/react-dom.development.js:27023:14)
      at node_modules/react-dom/cjs/react-dom.development.js:26808:9
      at flushActQueue (node_modules/react/cjs/react.development.js:2667:24)
      at act (node_modules/react/cjs/react.development.js:2582:11)
      at node_modules/@testing-library/react/dist/act-compat.js:47:25
      at renderRoot (node_modules/@testing-library/react/dist/pure.js:190:26)
      at render (node_modules/@testing-library/react/dist/pure.js:292:10)
      at Object.<anonymous> (C:\Users\leovp\Programming\adorador\adorador-frontend\src\app\(public)../../../../../grupos/[bandId]/eventos/[eventId]/en-vivo/_components/addSongToEvent/__tests__/AddSongEventButton.test.tsx:78:11)

  ΓùÅ AddSongEventButton ΓÇ║ should open catalog modal when clicking catalog button

    TypeError: A dynamic import callback was invoked without --experimental-vm-modules

      79 |
      80 |     const button = screen.getByLabelText('Agregar canci├│n al evento');
    > 81 |     fireEvent.click(button);
         |               ^
      82 |
      83 |     await waitFor(() => {
      84 |       expect(screen.getByText(/Cat├ílogo de Canciones/)).toBeInTheDocument();

      at domAnimation (node_modules/@heroui/popover/dist/index.js:432:58)
      at node_modules/framer-motion/dist/cjs/index.js:9462:13
      at commitHookEffectListMount (node_modules/react-dom/cjs/react-dom.development.js:23189:26)
      at commitPassiveMountOnFiber (node_modules/react-dom/cjs/react-dom.development.js:24970:11)
      at commitPassiveMountEffects_complete (node_modules/react-dom/cjs/react-dom.development.js:24930:9)
      at commitPassiveMountEffects_begin (node_modules/react-dom/cjs/react-dom.development.js:24917:7)
      at commitPassiveMountEffects (node_modules/react-dom/cjs/react-dom.development.js:24905:3)
      at flushPassiveEffectsImpl (node_modules/react-dom/cjs/react-dom.development.js:27078:3)
      at flushPassiveEffects (node_modules/react-dom/cjs/react-dom.development.js:27023:14)
      at commitRootImpl (node_modules/react-dom/cjs/react-dom.development.js:26974:5)
      at commitRoot (node_modules/react-dom/cjs/react-dom.development.js:26721:5)
      at performSyncWorkOnRoot (node_modules/react-dom/cjs/react-dom.development.js:26156:3)
      at flushSyncCallbacks (node_modules/react-dom/cjs/react-dom.development.js:12042:22)
      at flushActQueue (node_modules/react/cjs/react.development.js:2667:24)
      at act (node_modules/react/cjs/react.development.js:2582:11)
      at node_modules/@testing-library/react/dist/act-compat.js:47:25
      at Object.eventWrapper (node_modules/@testing-library/react/dist/pure.js:107:28)
      at fireEvent (node_modules/@testing-library/dom/dist/events.js:12:35)
      at Function.fireEvent.<computed> [as click] (node_modules/@testing-library/dom/dist/events.js:110:36)
      at Function.fireEvent.<computed> [as click] (node_modules/@testing-library/react/dist/fire-event.js:15:52)
      at Object.click (C:\Users\leovp\Programming\adorador\adorador-frontend\src\app\(public)../../../../../grupos/[bandId]/eventos/[eventId]/en-vivo/_components/addSongToEvent/__tests__/AddSongEventButton.test.tsx:81:15)

  ΓùÅ AddSongEventButton ΓÇ║ should open catalog modal when clicking catalog button

    TypeError: A dynamic import callback was invoked without --experimental-vm-modules

      76 |
      77 |   it('should open catalog modal when clicking catalog button', async () => {
    > 78 |     render(<AddSongEventButton params={mockParams} refetch={mockRefetch} />);
         |           ^
      79 |
      80 |     const button = screen.getByLabelText('Agregar canci├│n al evento');
      81 |     fireEvent.click(button);

      at domAnimation (node_modules/@heroui/tooltip/dist/index.js:252:58)
      at node_modules/framer-motion/dist/cjs/index.js:9462:13
      at commitHookEffectListMount (node_modules/react-dom/cjs/react-dom.development.js:23189:26)
      at commitPassiveMountOnFiber (node_modules/react-dom/cjs/react-dom.development.js:24970:11)
      at commitPassiveMountEffects_complete (node_modules/react-dom/cjs/react-dom.development.js:24930:9)
      at commitPassiveMountEffects_begin (node_modules/react-dom/cjs/react-dom.development.js:24917:7)
      at commitPassiveMountEffects (node_modules/react-dom/cjs/react-dom.development.js:24905:3)
      at flushPassiveEffectsImpl (node_modules/react-dom/cjs/react-dom.development.js:27078:3)
      at flushPassiveEffects (node_modules/react-dom/cjs/react-dom.development.js:27023:14)
      at node_modules/react-dom/cjs/react-dom.development.js:26808:9
      at flushActQueue (node_modules/react/cjs/react.development.js:2667:24)
      at act (node_modules/react/cjs/react.development.js:2582:11)
      at node_modules/@testing-library/react/dist/act-compat.js:47:25
      at renderRoot (node_modules/@testing-library/react/dist/pure.js:190:26)
      at render (node_modules/@testing-library/react/dist/pure.js:292:10)
      at Object.<anonymous> (C:\Users\leovp\Programming\adorador\adorador-frontend\src\app\(public)../../../../../grupos/[bandId]/eventos/[eventId]/en-vivo/_components/addSongToEvent/__tests__/AddSongEventButton.test.tsx:78:11)

  ΓùÅ AddSongEventButton ΓÇ║ should open catalog modal when clicking catalog button

    TypeError: A dynamic import callback was invoked without --experimental-vm-modules

      79 |
      80 |     const button = screen.getByLabelText('Agregar canci├│n al evento');
    > 81 |     fireEvent.click(button);
         |               ^
      82 |
      83 |     await waitFor(() => {
      84 |       expect(screen.getByText(/Cat├ílogo de Canciones/)).toBeInTheDocument();

      at domAnimation (node_modules/@heroui/popover/dist/index.js:432:58)
      at node_modules/framer-motion/dist/cjs/index.js:9462:13
      at commitHookEffectListMount (node_modules/react-dom/cjs/react-dom.development.js:23189:26)
      at commitPassiveMountOnFiber (node_modules/react-dom/cjs/react-dom.development.js:24970:11)
      at commitPassiveMountEffects_complete (node_modules/react-dom/cjs/react-dom.development.js:24930:9)
      at commitPassiveMountEffects_begin (node_modules/react-dom/cjs/react-dom.development.js:24917:7)
      at commitPassiveMountEffects (node_modules/react-dom/cjs/react-dom.development.js:24905:3)
      at flushPassiveEffectsImpl (node_modules/react-dom/cjs/react-dom.development.js:27078:3)
      at flushPassiveEffects (node_modules/react-dom/cjs/react-dom.development.js:27023:14)
      at commitRootImpl (node_modules/react-dom/cjs/react-dom.development.js:26974:5)
      at commitRoot (node_modules/react-dom/cjs/react-dom.development.js:26721:5)
      at performSyncWorkOnRoot (node_modules/react-dom/cjs/react-dom.development.js:26156:3)
      at flushSyncCallbacks (node_modules/react-dom/cjs/react-dom.development.js:12042:22)
      at flushActQueue (node_modules/react/cjs/react.development.js:2667:24)
      at act (node_modules/react/cjs/react.development.js:2582:11)
      at node_modules/@testing-library/react/dist/act-compat.js:47:25
      at Object.eventWrapper (node_modules/@testing-library/react/dist/pure.js:107:28)
      at fireEvent (node_modules/@testing-library/dom/dist/events.js:12:35)
      at Function.fireEvent.<computed> [as click] (node_modules/@testing-library/dom/dist/events.js:110:36)
      at Function.fireEvent.<computed> [as click] (node_modules/@testing-library/react/dist/fire-event.js:15:52)
      at Object.click (C:\Users\leovp\Programming\adorador\adorador-frontend\src\app\(public)../../../../../grupos/[bandId]/eventos/[eventId]/en-vivo/_components/addSongToEvent/__tests__/AddSongEventButton.test.tsx:81:15)

  ΓùÅ AddSongEventButton ΓÇ║ should open new song modal when clicking new song button

    TypeError: A dynamic import callback was invoked without --experimental-vm-modules

       95 |
       96 |   it('should open new song modal when clicking new song button', async () => {
    >  97 |     render(<AddSongEventButton params={mockParams} refetch={mockRefetch} />);
          |           ^
       98 |
       99 |     const button = screen.getByLabelText('Agregar canci├│n al evento');
      100 |     fireEvent.click(button);

      at domAnimation (node_modules/@heroui/tooltip/dist/index.js:252:58)
      at node_modules/framer-motion/dist/cjs/index.js:9462:13
      at commitHookEffectListMount (node_modules/react-dom/cjs/react-dom.development.js:23189:26)
      at commitPassiveMountOnFiber (node_modules/react-dom/cjs/react-dom.development.js:24970:11)
      at commitPassiveMountEffects_complete (node_modules/react-dom/cjs/react-dom.development.js:24930:9)
      at commitPassiveMountEffects_begin (node_modules/react-dom/cjs/react-dom.development.js:24917:7)
      at commitPassiveMountEffects (node_modules/react-dom/cjs/react-dom.development.js:24905:3)
      at flushPassiveEffectsImpl (node_modules/react-dom/cjs/react-dom.development.js:27078:3)
      at flushPassiveEffects (node_modules/react-dom/cjs/react-dom.development.js:27023:14)
      at node_modules/react-dom/cjs/react-dom.development.js:26808:9
      at flushActQueue (node_modules/react/cjs/react.development.js:2667:24)
      at act (node_modules/react/cjs/react.development.js:2582:11)
      at node_modules/@testing-library/react/dist/act-compat.js:47:25
      at renderRoot (node_modules/@testing-library/react/dist/pure.js:190:26)
      at render (node_modules/@testing-library/react/dist/pure.js:292:10)
      at Object.<anonymous> (C:\Users\leovp\Programming\adorador\adorador-frontend\src\app\(public)../../../../../grupos/[bandId]/eventos/[eventId]/en-vivo/_components/addSongToEvent/__tests__/AddSongEventButton.test.tsx:97:11)

  ΓùÅ AddSongEventButton ΓÇ║ should open new song modal when clicking new song button

    TypeError: A dynamic import callback was invoked without --experimental-vm-modules

       98 |
       99 |     const button = screen.getByLabelText('Agregar canci├│n al evento');
    > 100 |     fireEvent.click(button);
          |               ^
      101 |
      102 |     await waitFor(() => {
      103 |       expect(screen.getByText(/Nueva Canci├│n/)).toBeInTheDocument();

      at domAnimation (node_modules/@heroui/popover/dist/index.js:432:58)
      at node_modules/framer-motion/dist/cjs/index.js:9462:13
      at commitHookEffectListMount (node_modules/react-dom/cjs/react-dom.development.js:23189:26)
      at commitPassiveMountOnFiber (node_modules/react-dom/cjs/react-dom.development.js:24970:11)
      at commitPassiveMountEffects_complete (node_modules/react-dom/cjs/react-dom.development.js:24930:9)
      at commitPassiveMountEffects_begin (node_modules/react-dom/cjs/react-dom.development.js:24917:7)
      at commitPassiveMountEffects (node_modules/react-dom/cjs/react-dom.development.js:24905:3)
      at flushPassiveEffectsImpl (node_modules/react-dom/cjs/react-dom.development.js:27078:3)
      at flushPassiveEffects (node_modules/react-dom/cjs/react-dom.development.js:27023:14)
      at commitRootImpl (node_modules/react-dom/cjs/react-dom.development.js:26974:5)
      at commitRoot (node_modules/react-dom/cjs/react-dom.development.js:26721:5)
      at performSyncWorkOnRoot (node_modules/react-dom/cjs/react-dom.development.js:26156:3)
      at flushSyncCallbacks (node_modules/react-dom/cjs/react-dom.development.js:12042:22)
      at flushActQueue (node_modules/react/cjs/react.development.js:2667:24)
      at act (node_modules/react/cjs/react.development.js:2582:11)
      at node_modules/@testing-library/react/dist/act-compat.js:47:25
      at Object.eventWrapper (node_modules/@testing-library/react/dist/pure.js:107:28)
      at fireEvent (node_modules/@testing-library/dom/dist/events.js:12:35)
      at Function.fireEvent.<computed> [as click] (node_modules/@testing-library/dom/dist/events.js:110:36)
      at Function.fireEvent.<computed> [as click] (node_modules/@testing-library/react/dist/fire-event.js:15:52)
      at Object.click (C:\Users\leovp\Programming\adorador\adorador-frontend\src\app\(public)../../../../../grupos/[bandId]/eventos/[eventId]/en-vivo/_components/addSongToEvent/__tests__/AddSongEventButton.test.tsx:100:15)

  ΓùÅ AddSongEventButton ΓÇ║ should open new song modal when clicking new song button

    TypeError: A dynamic import callback was invoked without --experimental-vm-modules

       95 |
       96 |   it('should open new song modal when clicking new song button', async () => {
    >  97 |     render(<AddSongEventButton params={mockParams} refetch={mockRefetch} />);
          |           ^
       98 |
       99 |     const button = screen.getByLabelText('Agregar canci├│n al evento');
      100 |     fireEvent.click(button);

      at domAnimation (node_modules/@heroui/tooltip/dist/index.js:252:58)
      at node_modules/framer-motion/dist/cjs/index.js:9462:13
      at commitHookEffectListMount (node_modules/react-dom/cjs/react-dom.development.js:23189:26)
      at commitPassiveMountOnFiber (node_modules/react-dom/cjs/react-dom.development.js:24970:11)
      at commitPassiveMountEffects_complete (node_modules/react-dom/cjs/react-dom.development.js:24930:9)
      at commitPassiveMountEffects_begin (node_modules/react-dom/cjs/react-dom.development.js:24917:7)
      at commitPassiveMountEffects (node_modules/react-dom/cjs/react-dom.development.js:24905:3)
      at flushPassiveEffectsImpl (node_modules/react-dom/cjs/react-dom.development.js:27078:3)
      at flushPassiveEffects (node_modules/react-dom/cjs/react-dom.development.js:27023:14)
      at node_modules/react-dom/cjs/react-dom.development.js:26808:9
      at flushActQueue (node_modules/react/cjs/react.development.js:2667:24)
      at act (node_modules/react/cjs/react.development.js:2582:11)
      at node_modules/@testing-library/react/dist/act-compat.js:47:25
      at renderRoot (node_modules/@testing-library/react/dist/pure.js:190:26)
      at render (node_modules/@testing-library/react/dist/pure.js:292:10)
      at Object.<anonymous> (C:\Users\leovp\Programming\adorador\adorador-frontend\src\app\(public)../../../../../grupos/[bandId]/eventos/[eventId]/en-vivo/_components/addSongToEvent/__tests__/AddSongEventButton.test.tsx:97:11)

  ΓùÅ AddSongEventButton ΓÇ║ should open new song modal when clicking new song button

    TypeError: A dynamic import callback was invoked without --experimental-vm-modules

       98 |
       99 |     const button = screen.getByLabelText('Agregar canci├│n al evento');
    > 100 |     fireEvent.click(button);
          |               ^
      101 |
      102 |     await waitFor(() => {
      103 |       expect(screen.getByText(/Nueva Canci├│n/)).toBeInTheDocument();

      at domAnimation (node_modules/@heroui/popover/dist/index.js:432:58)
      at node_modules/framer-motion/dist/cjs/index.js:9462:13
      at commitHookEffectListMount (node_modules/react-dom/cjs/react-dom.development.js:23189:26)
      at commitPassiveMountOnFiber (node_modules/react-dom/cjs/react-dom.development.js:24970:11)
      at commitPassiveMountEffects_complete (node_modules/react-dom/cjs/react-dom.development.js:24930:9)
      at commitPassiveMountEffects_begin (node_modules/react-dom/cjs/react-dom.development.js:24917:7)
      at commitPassiveMountEffects (node_modules/react-dom/cjs/react-dom.development.js:24905:3)
      at flushPassiveEffectsImpl (node_modules/react-dom/cjs/react-dom.development.js:27078:3)
      at flushPassiveEffects (node_modules/react-dom/cjs/react-dom.development.js:27023:14)
      at commitRootImpl (node_modules/react-dom/cjs/react-dom.development.js:26974:5)
      at commitRoot (node_modules/react-dom/cjs/react-dom.development.js:26721:5)
      at performSyncWorkOnRoot (node_modules/react-dom/cjs/react-dom.development.js:26156:3)
      at flushSyncCallbacks (node_modules/react-dom/cjs/react-dom.development.js:12042:22)
      at flushActQueue (node_modules/react/cjs/react.development.js:2667:24)
      at act (node_modules/react/cjs/react.development.js:2582:11)
      at node_modules/@testing-library/react/dist/act-compat.js:47:25
      at Object.eventWrapper (node_modules/@testing-library/react/dist/pure.js:107:28)
      at fireEvent (node_modules/@testing-library/dom/dist/events.js:12:35)
      at Function.fireEvent.<computed> [as click] (node_modules/@testing-library/dom/dist/events.js:110:36)
      at Function.fireEvent.<computed> [as click] (node_modules/@testing-library/react/dist/fire-event.js:15:52)
      at Object.click (C:\Users\leovp\Programming\adorador\adorador-frontend\src\app\(public)../../../../../grupos/[bandId]/eventos/[eventId]/en-vivo/_components/addSongToEvent/__tests__/AddSongEventButton.test.tsx:100:15)

  ΓùÅ AddSongEventButton ΓÇ║ should close catalog modal when close button is clicked

    TypeError: A dynamic import callback was invoked without --experimental-vm-modules

      114 |
      115 |   it('should close catalog modal when close button is clicked', async () => {
    > 116 |     render(<AddSongEventButton params={mockParams} refetch={mockRefetch} />);
          |           ^
      117 |
      118 |     const button = screen.getByLabelText('Agregar canci├│n al evento');
      119 |     fireEvent.click(button);

      at domAnimation (node_modules/@heroui/tooltip/dist/index.js:252:58)
      at node_modules/framer-motion/dist/cjs/index.js:9462:13
      at commitHookEffectListMount (node_modules/react-dom/cjs/react-dom.development.js:23189:26)
      at commitPassiveMountOnFiber (node_modules/react-dom/cjs/react-dom.development.js:24970:11)
      at commitPassiveMountEffects_complete (node_modules/react-dom/cjs/react-dom.development.js:24930:9)
      at commitPassiveMountEffects_begin (node_modules/react-dom/cjs/react-dom.development.js:24917:7)
      at commitPassiveMountEffects (node_modules/react-dom/cjs/react-dom.development.js:24905:3)
      at flushPassiveEffectsImpl (node_modules/react-dom/cjs/react-dom.development.js:27078:3)
      at flushPassiveEffects (node_modules/react-dom/cjs/react-dom.development.js:27023:14)
      at node_modules/react-dom/cjs/react-dom.development.js:26808:9
      at flushActQueue (node_modules/react/cjs/react.development.js:2667:24)
      at act (node_modules/react/cjs/react.development.js:2582:11)
      at node_modules/@testing-library/react/dist/act-compat.js:47:25
      at renderRoot (node_modules/@testing-library/react/dist/pure.js:190:26)
      at render (node_modules/@testing-library/react/dist/pure.js:292:10)
      at Object.<anonymous> (C:\Users\leovp\Programming\adorador\adorador-frontend\src\app\(public)../../../../../grupos/[bandId]/eventos/[eventId]/en-vivo/_components/addSongToEvent/__tests__/AddSongEventButton.test.tsx:116:11)

  ΓùÅ AddSongEventButton ΓÇ║ should close catalog modal when close button is clicked

    TypeError: A dynamic import callback was invoked without --experimental-vm-modules

      117 |
      118 |     const button = screen.getByLabelText('Agregar canci├│n al evento');
    > 119 |     fireEvent.click(button);
          |               ^
      120 |
      121 |     await waitFor(() => {
      122 |       expect(screen.getByText(/Cat├ílogo de Canciones/)).toBeInTheDocument();

      at domAnimation (node_modules/@heroui/popover/dist/index.js:432:58)
      at node_modules/framer-motion/dist/cjs/index.js:9462:13
      at commitHookEffectListMount (node_modules/react-dom/cjs/react-dom.development.js:23189:26)
      at commitPassiveMountOnFiber (node_modules/react-dom/cjs/react-dom.development.js:24970:11)
      at commitPassiveMountEffects_complete (node_modules/react-dom/cjs/react-dom.development.js:24930:9)
      at commitPassiveMountEffects_begin (node_modules/react-dom/cjs/react-dom.development.js:24917:7)
      at commitPassiveMountEffects (node_modules/react-dom/cjs/react-dom.development.js:24905:3)
      at flushPassiveEffectsImpl (node_modules/react-dom/cjs/react-dom.development.js:27078:3)
      at flushPassiveEffects (node_modules/react-dom/cjs/react-dom.development.js:27023:14)
      at commitRootImpl (node_modules/react-dom/cjs/react-dom.development.js:26974:5)
      at commitRoot (node_modules/react-dom/cjs/react-dom.development.js:26721:5)
      at performSyncWorkOnRoot (node_modules/react-dom/cjs/react-dom.development.js:26156:3)
      at flushSyncCallbacks (node_modules/react-dom/cjs/react-dom.development.js:12042:22)
      at flushActQueue (node_modules/react/cjs/react.development.js:2667:24)
      at act (node_modules/react/cjs/react.development.js:2582:11)
      at node_modules/@testing-library/react/dist/act-compat.js:47:25
      at Object.eventWrapper (node_modules/@testing-library/react/dist/pure.js:107:28)
      at fireEvent (node_modules/@testing-library/dom/dist/events.js:12:35)
      at Function.fireEvent.<computed> [as click] (node_modules/@testing-library/dom/dist/events.js:110:36)
      at Function.fireEvent.<computed> [as click] (node_modules/@testing-library/react/dist/fire-event.js:15:52)
      at Object.click (C:\Users\leovp\Programming\adorador\adorador-frontend\src\app\(public)../../../../../grupos/[bandId]/eventos/[eventId]/en-vivo/_components/addSongToEvent/__tests__/AddSongEventButton.test.tsx:119:15)

  ΓùÅ AddSongEventButton ΓÇ║ should close catalog modal when close button is clicked

    TypeError: A dynamic import callback was invoked without --experimental-vm-modules

      114 |
      115 |   it('should close catalog modal when close button is clicked', async () => {
    > 116 |     render(<AddSongEventButton params={mockParams} refetch={mockRefetch} />);
          |           ^
      117 |
      118 |     const button = screen.getByLabelText('Agregar canci├│n al evento');
      119 |     fireEvent.click(button);

      at domAnimation (node_modules/@heroui/tooltip/dist/index.js:252:58)
      at node_modules/framer-motion/dist/cjs/index.js:9462:13
      at commitHookEffectListMount (node_modules/react-dom/cjs/react-dom.development.js:23189:26)
      at commitPassiveMountOnFiber (node_modules/react-dom/cjs/react-dom.development.js:24970:11)
      at commitPassiveMountEffects_complete (node_modules/react-dom/cjs/react-dom.development.js:24930:9)
      at commitPassiveMountEffects_begin (node_modules/react-dom/cjs/react-dom.development.js:24917:7)
      at commitPassiveMountEffects (node_modules/react-dom/cjs/react-dom.development.js:24905:3)
      at flushPassiveEffectsImpl (node_modules/react-dom/cjs/react-dom.development.js:27078:3)
      at flushPassiveEffects (node_modules/react-dom/cjs/react-dom.development.js:27023:14)
      at node_modules/react-dom/cjs/react-dom.development.js:26808:9
      at flushActQueue (node_modules/react/cjs/react.development.js:2667:24)
      at act (node_modules/react/cjs/react.development.js:2582:11)
      at node_modules/@testing-library/react/dist/act-compat.js:47:25
      at renderRoot (node_modules/@testing-library/react/dist/pure.js:190:26)
      at render (node_modules/@testing-library/react/dist/pure.js:292:10)
      at Object.<anonymous> (C:\Users\leovp\Programming\adorador\adorador-frontend\src\app\(public)../../../../../grupos/[bandId]/eventos/[eventId]/en-vivo/_components/addSongToEvent/__tests__/AddSongEventButton.test.tsx:116:11)

  ΓùÅ AddSongEventButton ΓÇ║ should close catalog modal when close button is clicked

    TypeError: A dynamic import callback was invoked without --experimental-vm-modules

      117 |
      118 |     const button = screen.getByLabelText('Agregar canci├│n al evento');
    > 119 |     fireEvent.click(button);
          |               ^
      120 |
      121 |     await waitFor(() => {
      122 |       expect(screen.getByText(/Cat├ílogo de Canciones/)).toBeInTheDocument();

      at domAnimation (node_modules/@heroui/popover/dist/index.js:432:58)
      at node_modules/framer-motion/dist/cjs/index.js:9462:13
      at commitHookEffectListMount (node_modules/react-dom/cjs/react-dom.development.js:23189:26)
      at commitPassiveMountOnFiber (node_modules/react-dom/cjs/react-dom.development.js:24970:11)
      at commitPassiveMountEffects_complete (node_modules/react-dom/cjs/react-dom.development.js:24930:9)
      at commitPassiveMountEffects_begin (node_modules/react-dom/cjs/react-dom.development.js:24917:7)
      at commitPassiveMountEffects (node_modules/react-dom/cjs/react-dom.development.js:24905:3)
      at flushPassiveEffectsImpl (node_modules/react-dom/cjs/react-dom.development.js:27078:3)
      at flushPassiveEffects (node_modules/react-dom/cjs/react-dom.development.js:27023:14)
      at commitRootImpl (node_modules/react-dom/cjs/react-dom.development.js:26974:5)
      at commitRoot (node_modules/react-dom/cjs/react-dom.development.js:26721:5)
      at performSyncWorkOnRoot (node_modules/react-dom/cjs/react-dom.development.js:26156:3)
      at flushSyncCallbacks (node_modules/react-dom/cjs/react-dom.development.js:12042:22)
      at flushActQueue (node_modules/react/cjs/react.development.js:2667:24)
      at act (node_modules/react/cjs/react.development.js:2582:11)
      at node_modules/@testing-library/react/dist/act-compat.js:47:25
      at Object.eventWrapper (node_modules/@testing-library/react/dist/pure.js:107:28)
      at fireEvent (node_modules/@testing-library/dom/dist/events.js:12:35)
      at Function.fireEvent.<computed> [as click] (node_modules/@testing-library/dom/dist/events.js:110:36)
      at Function.fireEvent.<computed> [as click] (node_modules/@testing-library/react/dist/fire-event.js:15:52)
      at Object.click (C:\Users\leovp\Programming\adorador\adorador-frontend\src\app\(public)../../../../../grupos/[bandId]/eventos/[eventId]/en-vivo/_components/addSongToEvent/__tests__/AddSongEventButton.test.tsx:119:15)

  ΓùÅ AddSongEventButton ΓÇ║ should close new song modal when close button is clicked

    TypeError: A dynamic import callback was invoked without --experimental-vm-modules

      141 |
      142 |   it('should close new song modal when close button is clicked', async () => {
    > 143 |     render(<AddSongEventButton params={mockParams} refetch={mockRefetch} />);
          |           ^
      144 |
      145 |     const button = screen.getByLabelText('Agregar canci├│n al evento');
      146 |     fireEvent.click(button);

      at domAnimation (node_modules/@heroui/tooltip/dist/index.js:252:58)
      at node_modules/framer-motion/dist/cjs/index.js:9462:13
      at commitHookEffectListMount (node_modules/react-dom/cjs/react-dom.development.js:23189:26)
      at commitPassiveMountOnFiber (node_modules/react-dom/cjs/react-dom.development.js:24970:11)
      at commitPassiveMountEffects_complete (node_modules/react-dom/cjs/react-dom.development.js:24930:9)
      at commitPassiveMountEffects_begin (node_modules/react-dom/cjs/react-dom.development.js:24917:7)
      at commitPassiveMountEffects (node_modules/react-dom/cjs/react-dom.development.js:24905:3)
      at flushPassiveEffectsImpl (node_modules/react-dom/cjs/react-dom.development.js:27078:3)
      at flushPassiveEffects (node_modules/react-dom/cjs/react-dom.development.js:27023:14)
      at node_modules/react-dom/cjs/react-dom.development.js:26808:9
      at flushActQueue (node_modules/react/cjs/react.development.js:2667:24)
      at act (node_modules/react/cjs/react.development.js:2582:11)
      at node_modules/@testing-library/react/dist/act-compat.js:47:25
      at renderRoot (node_modules/@testing-library/react/dist/pure.js:190:26)
      at render (node_modules/@testing-library/react/dist/pure.js:292:10)
      at Object.<anonymous> (C:\Users\leovp\Programming\adorador\adorador-frontend\src\app\(public)../../../../../grupos/[bandId]/eventos/[eventId]/en-vivo/_components/addSongToEvent/__tests__/AddSongEventButton.test.tsx:143:11)

  ΓùÅ AddSongEventButton ΓÇ║ should close new song modal when close button is clicked

    TypeError: A dynamic import callback was invoked without --experimental-vm-modules

      144 |
      145 |     const button = screen.getByLabelText('Agregar canci├│n al evento');
    > 146 |     fireEvent.click(button);
          |               ^
      147 |
      148 |     await waitFor(() => {
      149 |       expect(screen.getByText(/Nueva Canci├│n/)).toBeInTheDocument();

      at domAnimation (node_modules/@heroui/popover/dist/index.js:432:58)
      at node_modules/framer-motion/dist/cjs/index.js:9462:13
      at commitHookEffectListMount (node_modules/react-dom/cjs/react-dom.development.js:23189:26)
      at commitPassiveMountOnFiber (node_modules/react-dom/cjs/react-dom.development.js:24970:11)
      at commitPassiveMountEffects_complete (node_modules/react-dom/cjs/react-dom.development.js:24930:9)
      at commitPassiveMountEffects_begin (node_modules/react-dom/cjs/react-dom.development.js:24917:7)
      at commitPassiveMountEffects (node_modules/react-dom/cjs/react-dom.development.js:24905:3)
      at flushPassiveEffectsImpl (node_modules/react-dom/cjs/react-dom.development.js:27078:3)
      at flushPassiveEffects (node_modules/react-dom/cjs/react-dom.development.js:27023:14)
      at commitRootImpl (node_modules/react-dom/cjs/react-dom.development.js:26974:5)
      at commitRoot (node_modules/react-dom/cjs/react-dom.development.js:26721:5)
      at performSyncWorkOnRoot (node_modules/react-dom/cjs/react-dom.development.js:26156:3)
      at flushSyncCallbacks (node_modules/react-dom/cjs/react-dom.development.js:12042:22)
      at flushActQueue (node_modules/react/cjs/react.development.js:2667:24)
      at act (node_modules/react/cjs/react.development.js:2582:11)
      at node_modules/@testing-library/react/dist/act-compat.js:47:25
      at Object.eventWrapper (node_modules/@testing-library/react/dist/pure.js:107:28)
      at fireEvent (node_modules/@testing-library/dom/dist/events.js:12:35)
      at Function.fireEvent.<computed> [as click] (node_modules/@testing-library/dom/dist/events.js:110:36)
      at Function.fireEvent.<computed> [as click] (node_modules/@testing-library/react/dist/fire-event.js:15:52)
      at Object.click (C:\Users\leovp\Programming\adorador\adorador-frontend\src\app\(public)../../../../../grupos/[bandId]/eventos/[eventId]/en-vivo/_components/addSongToEvent/__tests__/AddSongEventButton.test.tsx:146:15)

  ΓùÅ AddSongEventButton ΓÇ║ should close new song modal when close button is clicked

    TypeError: A dynamic import callback was invoked without --experimental-vm-modules

      141 |
      142 |   it('should close new song modal when close button is clicked', async () => {
    > 143 |     render(<AddSongEventButton params={mockParams} refetch={mockRefetch} />);
          |           ^
      144 |
      145 |     const button = screen.getByLabelText('Agregar canci├│n al evento');
      146 |     fireEvent.click(button);

      at domAnimation (node_modules/@heroui/tooltip/dist/index.js:252:58)
      at node_modules/framer-motion/dist/cjs/index.js:9462:13
      at commitHookEffectListMount (node_modules/react-dom/cjs/react-dom.development.js:23189:26)
      at commitPassiveMountOnFiber (node_modules/react-dom/cjs/react-dom.development.js:24970:11)
      at commitPassiveMountEffects_complete (node_modules/react-dom/cjs/react-dom.development.js:24930:9)
      at commitPassiveMountEffects_begin (node_modules/react-dom/cjs/react-dom.development.js:24917:7)
      at commitPassiveMountEffects (node_modules/react-dom/cjs/react-dom.development.js:24905:3)
      at flushPassiveEffectsImpl (node_modules/react-dom/cjs/react-dom.development.js:27078:3)
      at flushPassiveEffects (node_modules/react-dom/cjs/react-dom.development.js:27023:14)
      at node_modules/react-dom/cjs/react-dom.development.js:26808:9
      at flushActQueue (node_modules/react/cjs/react.development.js:2667:24)
      at act (node_modules/react/cjs/react.development.js:2582:11)
      at node_modules/@testing-library/react/dist/act-compat.js:47:25
      at renderRoot (node_modules/@testing-library/react/dist/pure.js:190:26)
      at render (node_modules/@testing-library/react/dist/pure.js:292:10)
      at Object.<anonymous> (C:\Users\leovp\Programming\adorador\adorador-frontend\src\app\(public)../../../../../grupos/[bandId]/eventos/[eventId]/en-vivo/_components/addSongToEvent/__tests__/AddSongEventButton.test.tsx:143:11)

  ΓùÅ AddSongEventButton ΓÇ║ should close new song modal when close button is clicked

    TypeError: A dynamic import callback was invoked without --experimental-vm-modules

      144 |
      145 |     const button = screen.getByLabelText('Agregar canci├│n al evento');
    > 146 |     fireEvent.click(button);
          |               ^
      147 |
      148 |     await waitFor(() => {
      149 |       expect(screen.getByText(/Nueva Canci├│n/)).toBeInTheDocument();

      at domAnimation (node_modules/@heroui/popover/dist/index.js:432:58)
      at node_modules/framer-motion/dist/cjs/index.js:9462:13
      at commitHookEffectListMount (node_modules/react-dom/cjs/react-dom.development.js:23189:26)
      at commitPassiveMountOnFiber (node_modules/react-dom/cjs/react-dom.development.js:24970:11)
      at commitPassiveMountEffects_complete (node_modules/react-dom/cjs/react-dom.development.js:24930:9)
      at commitPassiveMountEffects_begin (node_modules/react-dom/cjs/react-dom.development.js:24917:7)
      at commitPassiveMountEffects (node_modules/react-dom/cjs/react-dom.development.js:24905:3)
      at flushPassiveEffectsImpl (node_modules/react-dom/cjs/react-dom.development.js:27078:3)
      at flushPassiveEffects (node_modules/react-dom/cjs/react-dom.development.js:27023:14)
      at commitRootImpl (node_modules/react-dom/cjs/react-dom.development.js:26974:5)
      at commitRoot (node_modules/react-dom/cjs/react-dom.development.js:26721:5)
      at performSyncWorkOnRoot (node_modules/react-dom/cjs/react-dom.development.js:26156:3)
      at flushSyncCallbacks (node_modules/react-dom/cjs/react-dom.development.js:12042:22)
      at flushActQueue (node_modules/react/cjs/react.development.js:2667:24)
      at act (node_modules/react/cjs/react.development.js:2582:11)
      at node_modules/@testing-library/react/dist/act-compat.js:47:25
      at Object.eventWrapper (node_modules/@testing-library/react/dist/pure.js:107:28)
      at fireEvent (node_modules/@testing-library/dom/dist/events.js:12:35)
      at Function.fireEvent.<computed> [as click] (node_modules/@testing-library/dom/dist/events.js:110:36)
      at Function.fireEvent.<computed> [as click] (node_modules/@testing-library/react/dist/fire-event.js:15:52)
      at Object.click (C:\Users\leovp\Programming\adorador\adorador-frontend\src\app\(public)../../../../../grupos/[bandId]/eventos/[eventId]/en-vivo/_components/addSongToEvent/__tests__/AddSongEventButton.test.tsx:146:15)

  ΓùÅ AddSongEventButton ΓÇ║ should render modals outside popover in the component tree

    TypeError: A dynamic import callback was invoked without --experimental-vm-modules

      168 |
      169 |   it('should render modals outside popover in the component tree', async () => {
    > 170 |     const { container } = render(
          |                                 ^
      171 |       <AddSongEventButton params={mockParams} refetch={mockRefetch} />,
      172 |     );
      173 |

      at domAnimation (node_modules/@heroui/tooltip/dist/index.js:252:58)
      at node_modules/framer-motion/dist/cjs/index.js:9462:13
      at commitHookEffectListMount (node_modules/react-dom/cjs/react-dom.development.js:23189:26)
      at commitPassiveMountOnFiber (node_modules/react-dom/cjs/react-dom.development.js:24970:11)
      at commitPassiveMountEffects_complete (node_modules/react-dom/cjs/react-dom.development.js:24930:9)
      at commitPassiveMountEffects_begin (node_modules/react-dom/cjs/react-dom.development.js:24917:7)
      at commitPassiveMountEffects (node_modules/react-dom/cjs/react-dom.development.js:24905:3)
      at flushPassiveEffectsImpl (node_modules/react-dom/cjs/react-dom.development.js:27078:3)
      at flushPassiveEffects (node_modules/react-dom/cjs/react-dom.development.js:27023:14)
      at node_modules/react-dom/cjs/react-dom.development.js:26808:9
      at flushActQueue (node_modules/react/cjs/react.development.js:2667:24)
      at act (node_modules/react/cjs/react.development.js:2582:11)
      at node_modules/@testing-library/react/dist/act-compat.js:47:25
      at renderRoot (node_modules/@testing-library/react/dist/pure.js:190:26)
      at render (node_modules/@testing-library/react/dist/pure.js:292:10)
      at Object.<anonymous> (C:\Users\leovp\Programming\adorador\adorador-frontend\src\app\(public)../../../../../grupos/[bandId]/eventos/[eventId]/en-vivo/_components/addSongToEvent/__tests__/AddSongEventButton.test.tsx:170:33)

  ΓùÅ AddSongEventButton ΓÇ║ should render modals outside popover in the component tree

    TypeError: A dynamic import callback was invoked without --experimental-vm-modules

      173 |
      174 |     const button = screen.getByLabelText('Agregar canci├│n al evento');
    > 175 |     fireEvent.click(button);
          |               ^
      176 |
      177 |     await waitFor(() => {
      178 |       expect(screen.getByText(/Cat├ílogo de Canciones/)).toBeInTheDocument();

      at domAnimation (node_modules/@heroui/popover/dist/index.js:432:58)
      at node_modules/framer-motion/dist/cjs/index.js:9462:13
      at commitHookEffectListMount (node_modules/react-dom/cjs/react-dom.development.js:23189:26)
      at commitPassiveMountOnFiber (node_modules/react-dom/cjs/react-dom.development.js:24970:11)
      at commitPassiveMountEffects_complete (node_modules/react-dom/cjs/react-dom.development.js:24930:9)
      at commitPassiveMountEffects_begin (node_modules/react-dom/cjs/react-dom.development.js:24917:7)
      at commitPassiveMountEffects (node_modules/react-dom/cjs/react-dom.development.js:24905:3)
      at flushPassiveEffectsImpl (node_modules/react-dom/cjs/react-dom.development.js:27078:3)
      at flushPassiveEffects (node_modules/react-dom/cjs/react-dom.development.js:27023:14)
      at commitRootImpl (node_modules/react-dom/cjs/react-dom.development.js:26974:5)
      at commitRoot (node_modules/react-dom/cjs/react-dom.development.js:26721:5)
      at performSyncWorkOnRoot (node_modules/react-dom/cjs/react-dom.development.js:26156:3)
      at flushSyncCallbacks (node_modules/react-dom/cjs/react-dom.development.js:12042:22)
      at flushActQueue (node_modules/react/cjs/react.development.js:2667:24)
      at act (node_modules/react/cjs/react.development.js:2582:11)
      at node_modules/@testing-library/react/dist/act-compat.js:47:25
      at Object.eventWrapper (node_modules/@testing-library/react/dist/pure.js:107:28)
      at fireEvent (node_modules/@testing-library/dom/dist/events.js:12:35)
      at Function.fireEvent.<computed> [as click] (node_modules/@testing-library/dom/dist/events.js:110:36)
      at Function.fireEvent.<computed> [as click] (node_modules/@testing-library/react/dist/fire-event.js:15:52)
      at Object.click (C:\Users\leovp\Programming\adorador\adorador-frontend\src\app\(public)../../../../../grupos/[bandId]/eventos/[eventId]/en-vivo/_components/addSongToEvent/__tests__/AddSongEventButton.test.tsx:175:15)

  ΓùÅ AddSongEventButton ΓÇ║ should render modals outside popover in the component tree

    TypeError: A dynamic import callback was invoked without --experimental-vm-modules

      168 |
      169 |   it('should render modals outside popover in the component tree', async () => {
    > 170 |     const { container } = render(
          |                                 ^
      171 |       <AddSongEventButton params={mockParams} refetch={mockRefetch} />,
      172 |     );
      173 |

      at domAnimation (node_modules/@heroui/tooltip/dist/index.js:252:58)
      at node_modules/framer-motion/dist/cjs/index.js:9462:13
      at commitHookEffectListMount (node_modules/react-dom/cjs/react-dom.development.js:23189:26)
      at commitPassiveMountOnFiber (node_modules/react-dom/cjs/react-dom.development.js:24970:11)
      at commitPassiveMountEffects_complete (node_modules/react-dom/cjs/react-dom.development.js:24930:9)
      at commitPassiveMountEffects_begin (node_modules/react-dom/cjs/react-dom.development.js:24917:7)
      at commitPassiveMountEffects (node_modules/react-dom/cjs/react-dom.development.js:24905:3)
      at flushPassiveEffectsImpl (node_modules/react-dom/cjs/react-dom.development.js:27078:3)
      at flushPassiveEffects (node_modules/react-dom/cjs/react-dom.development.js:27023:14)
      at node_modules/react-dom/cjs/react-dom.development.js:26808:9
      at flushActQueue (node_modules/react/cjs/react.development.js:2667:24)
      at act (node_modules/react/cjs/react.development.js:2582:11)
      at node_modules/@testing-library/react/dist/act-compat.js:47:25
      at renderRoot (node_modules/@testing-library/react/dist/pure.js:190:26)
      at render (node_modules/@testing-library/react/dist/pure.js:292:10)
      at Object.<anonymous> (C:\Users\leovp\Programming\adorador\adorador-frontend\src\app\(public)../../../../../grupos/[bandId]/eventos/[eventId]/en-vivo/_components/addSongToEvent/__tests__/AddSongEventButton.test.tsx:170:33)

  ΓùÅ AddSongEventButton ΓÇ║ should render modals outside popover in the component tree

    TypeError: A dynamic import callback was invoked without --experimental-vm-modules

      173 |
      174 |     const button = screen.getByLabelText('Agregar canci├│n al evento');
    > 175 |     fireEvent.click(button);
          |               ^
      176 |
      177 |     await waitFor(() => {
      178 |       expect(screen.getByText(/Cat├ílogo de Canciones/)).toBeInTheDocument();

      at domAnimation (node_modules/@heroui/popover/dist/index.js:432:58)
      at node_modules/framer-motion/dist/cjs/index.js:9462:13
      at commitHookEffectListMount (node_modules/react-dom/cjs/react-dom.development.js:23189:26)
      at commitPassiveMountOnFiber (node_modules/react-dom/cjs/react-dom.development.js:24970:11)
      at commitPassiveMountEffects_complete (node_modules/react-dom/cjs/react-dom.development.js:24930:9)
      at commitPassiveMountEffects_begin (node_modules/react-dom/cjs/react-dom.development.js:24917:7)
      at commitPassiveMountEffects (node_modules/react-dom/cjs/react-dom.development.js:24905:3)
      at flushPassiveEffectsImpl (node_modules/react-dom/cjs/react-dom.development.js:27078:3)
      at flushPassiveEffects (node_modules/react-dom/cjs/react-dom.development.js:27023:14)
      at commitRootImpl (node_modules/react-dom/cjs/react-dom.development.js:26974:5)
      at commitRoot (node_modules/react-dom/cjs/react-dom.development.js:26721:5)
      at performSyncWorkOnRoot (node_modules/react-dom/cjs/react-dom.development.js:26156:3)
      at flushSyncCallbacks (node_modules/react-dom/cjs/react-dom.development.js:12042:22)
      at flushActQueue (node_modules/react/cjs/react.development.js:2667:24)
      at act (node_modules/react/cjs/react.development.js:2582:11)
      at node_modules/@testing-library/react/dist/act-compat.js:47:25
      at Object.eventWrapper (node_modules/@testing-library/react/dist/pure.js:107:28)
      at fireEvent (node_modules/@testing-library/dom/dist/events.js:12:35)
      at Function.fireEvent.<computed> [as click] (node_modules/@testing-library/dom/dist/events.js:110:36)
      at Function.fireEvent.<computed> [as click] (node_modules/@testing-library/react/dist/fire-event.js:15:52)
      at Object.click (C:\Users\leovp\Programming\adorador\adorador-frontend\src\app\(public)../../../../../grupos/[bandId]/eventos/[eventId]/en-vivo/_components/addSongToEvent/__tests__/AddSongEventButton.test.tsx:175:15)

PASS src/app/(public)/grupos/[bandId]/_components/__tests__/BandMembers.test.tsx (17.339 s)
  ΓùÅ Console

    console.error
      Warning: React does not recognize the `startContent` prop on a DOM element. If you intentionally want it to appear in the DOM as a custom attribute, spell it as lowercase `startcontent` instead. If you accidentally passed it from a parent component, remove it from the DOM element.
          at button
          at children (C:\Users\leovp\Programming\adorador\adorador-frontend\src\app\(public)\grupos\[bandId]\_components\__tests__\BandMembers.test.tsx:22:5)
          at div
          at children (C:\Users\leovp\Programming\adorador\adorador-frontend\src\app\(public)\grupos\[bandId]\_components\__tests__\BandMembers.test.tsx:19:18)
          at div
          at children (C:\Users\leovp\Programming\adorador\adorador-frontend\src\app\(public)\grupos\[bandId]\_components\__tests__\BandMembers.test.tsx:17:12)
          at bandId (C:\Users\leovp\Programming\adorador\adorador-frontend\src\app\(public)\grupos\[bandId]\_components\BandMembers.tsx:34:31)
          at QueryClientProvider (C:\Users\leovp\Programming\adorador\adorador-frontend\node_modules\@tanstack\react-query\src\QueryClientProvider.tsx:30:3)
          at children (C:\Users\leovp\Programming\adorador\adorador-frontend\src\app\(public)\grupos\[bandId]\_components\__tests__\BandMembers.test.tsx:150:22)

      297 |       mockCheckUserStatus.mockReturnValue(true);
      298 |
    > 299 |       render(<BandMembers bandId={100} />, { wrapper: createWrapper() });
          |             ^
      300 |
      301 |       const inviteButton = screen.getByText('Invitar miembro');
      302 |       expect(inviteButton).toBeInTheDocument();

      at printWarning (node_modules/react-dom/cjs/react-dom.development.js:86:30)
      at error (node_modules/react-dom/cjs/react-dom.development.js:60:7)
      at validateProperty$1 (node_modules/react-dom/cjs/react-dom.development.js:3757:7)
      at warnUnknownProperties (node_modules/react-dom/cjs/react-dom.development.js:3803:21)
      at validateProperties$2 (node_modules/react-dom/cjs/react-dom.development.js:3827:3)
      at validatePropertiesInDevelopment (node_modules/react-dom/cjs/react-dom.development.js:9541:5)
      at setInitialProperties (node_modules/react-dom/cjs/react-dom.development.js:9830:5)
      at finalizeInitialChildren (node_modules/react-dom/cjs/react-dom.development.js:10950:3)
      at completeWork (node_modules/react-dom/cjs/react-dom.development.js:22232:17)
      at completeUnitOfWork (node_modules/react-dom/cjs/react-dom.development.js:26632:16)
      at performUnitOfWork (node_modules/react-dom/cjs/react-dom.development.js:26607:5)
      at workLoopSync (node_modules/react-dom/cjs/react-dom.development.js:26505:5)
      at renderRootSync (node_modules/react-dom/cjs/react-dom.development.js:26473:7)
      at performConcurrentWorkOnRoot (node_modules/react-dom/cjs/react-dom.development.js:25777:74)
      at flushActQueue (node_modules/react/cjs/react.development.js:2667:24)
      at act (node_modules/react/cjs/react.development.js:2582:11)
      at node_modules/@testing-library/react/dist/act-compat.js:47:25
      at renderRoot (node_modules/@testing-library/react/dist/pure.js:190:26)
      at render (node_modules/@testing-library/react/dist/pure.js:292:10)
      at Object.<anonymous> (C:\Users\leovp\Programming\adorador\adorador-frontend\src\app\(public)../../../../../grupos/[bandId]/_components/__tests__/BandMembers.test.tsx:299:13)

    console.error
      Warning: React does not recognize the `isIconOnly` prop on a DOM element. If you intentionally want it to appear in the DOM as a custom attribute, spell it as lowercase `isicononly` instead. If you accidentally passed it from a parent component, remove it from the DOM element.
          at button
          at children (C:\Users\leovp\Programming\adorador\adorador-frontend\src\app\(public)\grupos\[bandId]\_components\__tests__\BandMembers.test.tsx:22:5)
          at div
          at div
          at member (C:\Users\leovp\Programming\adorador\adorador-frontend\src\app\(public)\grupos\[bandId]\_components\BandMembers.tsx:166:3)
          at div
          at div
          at children (C:\Users\leovp\Programming\adorador\adorador-frontend\src\app\(public)\grupos\[bandId]\_components\__tests__\BandMembers.test.tsx:18:16)
          at div
          at children (C:\Users\leovp\Programming\adorador\adorador-frontend\src\app\(public)\grupos\[bandId]\_components\__tests__\BandMembers.test.tsx:17:12)
          at bandId (C:\Users\leovp\Programming\adorador\adorador-frontend\src\app\(public)\grupos\[bandId]\_components\BandMembers.tsx:34:31)
          at QueryClientProvider (C:\Users\leovp\Programming\adorador\adorador-frontend\node_modules\@tanstack\react-query\src\QueryClientProvider.tsx:30:3)
          at children (C:\Users\leovp\Programming\adorador\adorador-frontend\src\app\(public)\grupos\[bandId]\_components\__tests__\BandMembers.test.tsx:150:22)

      297 |       mockCheckUserStatus.mockReturnValue(true);
      298 |
    > 299 |       render(<BandMembers bandId={100} />, { wrapper: createWrapper() });
          |             ^
      300 |
      301 |       const inviteButton = screen.getByText('Invitar miembro');
      302 |       expect(inviteButton).toBeInTheDocument();

      at printWarning (node_modules/react-dom/cjs/react-dom.development.js:86:30)
      at error (node_modules/react-dom/cjs/react-dom.development.js:60:7)
      at validateProperty$1 (node_modules/react-dom/cjs/react-dom.development.js:3757:7)
      at warnUnknownProperties (node_modules/react-dom/cjs/react-dom.development.js:3803:21)
      at validateProperties$2 (node_modules/react-dom/cjs/react-dom.development.js:3827:3)
      at validatePropertiesInDevelopment (node_modules/react-dom/cjs/react-dom.development.js:9541:5)
      at setInitialProperties (node_modules/react-dom/cjs/react-dom.development.js:9830:5)
      at finalizeInitialChildren (node_modules/react-dom/cjs/react-dom.development.js:10950:3)
      at completeWork (node_modules/react-dom/cjs/react-dom.development.js:22232:17)
      at completeUnitOfWork (node_modules/react-dom/cjs/react-dom.development.js:26632:16)
      at performUnitOfWork (node_modules/react-dom/cjs/react-dom.development.js:26607:5)
      at workLoopSync (node_modules/react-dom/cjs/react-dom.development.js:26505:5)
      at renderRootSync (node_modules/react-dom/cjs/react-dom.development.js:26473:7)
      at performConcurrentWorkOnRoot (node_modules/react-dom/cjs/react-dom.development.js:25777:74)
      at flushActQueue (node_modules/react/cjs/react.development.js:2667:24)
      at act (node_modules/react/cjs/react.development.js:2582:11)
      at node_modules/@testing-library/react/dist/act-compat.js:47:25
      at renderRoot (node_modules/@testing-library/react/dist/pure.js:190:26)
      at render (node_modules/@testing-library/react/dist/pure.js:292:10)
      at Object.<anonymous> (C:\Users\leovp\Programming\adorador\adorador-frontend\src\app\(public)../../../../../grupos/[bandId]/_components/__tests__/BandMembers.test.tsx:299:13)

PASS src/app/(public)/grupos/[bandId]/eventos/[eventId]/en-vivo/_components/__tests__/EventMainScreen.test.tsx (13.657 s)
  ΓùÅ Console

    console.error
      Warning: An update to EventMainScreen inside a test was not wrapped in act(...).
      
      When testing, code that causes React state updates should be wrapped into act(...):
      
      act(() => {
        /* fire events that update state */
      });
      /* assert on the output */
      
      This ensures that you're testing the behavior the user would see in the browser. Learn more at https://reactjs.org/link/wrap-tests-with-act
          at EventMainScreen (C:\Users\leovp\Programming\adorador\adorador-frontend\src\app\(public)\grupos\[bandId]\eventos\[eventId]\en-vivo\_components\EventMainScreen.tsx:29:29)

      45 |       setLiveMessage(eventLiveMessage);
      46 |       setTimeout(() => {
    > 47 |         setLiveMessage('');
         |         ^
      48 |         $eventLiveMessage.set('');
      49 |       }, 5000);
      50 |     }

      at printWarning (node_modules/react-dom/cjs/react-dom.development.js:86:30)
      at error (node_modules/react-dom/cjs/react-dom.development.js:60:7)
      at warnIfUpdatesNotWrappedWithActDEV (node_modules/react-dom/cjs/react-dom.development.js:27628:9)
      at scheduleUpdateOnFiber (node_modules/react-dom/cjs/react-dom.development.js:25547:5)
      at dispatchSetState (node_modules/react-dom/cjs/react-dom.development.js:16708:7)
      at setLiveMessage (C:\Users\leovp\Programming\adorador\adorador-frontend\src\app\(public)../../../../../grupos/[bandId]/eventos/[eventId]/en-vivo/_components/EventMainScreen.tsx:47:9)
      at callTimer (node_modules/@sinonjs/fake-timers/src/fake-timers-src.js:806:24)
      at doTickInner (node_modules/@sinonjs/fake-timers/src/fake-timers-src.js:1413:29)
      at doTick (node_modules/@sinonjs/fake-timers/src/fake-timers-src.js:1494:20)
      at Object.tick (node_modules/@sinonjs/fake-timers/src/fake-timers-src.js:1502:20)
      at FakeTimers.advanceTimersByTime (node_modules/@jest/fake-timers/build/index.js:576:19)
      at Object.advanceTimersByTime (C:\Users\leovp\Programming\adorador\adorador-frontend\src\app\(public)../../../../../grupos/[bandId]/eventos/[eventId]/en-vivo/_components/__tests__/EventMainScreen.test.tsx:823:12)

PASS src/app/(public)/grupos/[bandId]/eventos/_components/__tests__/EventsOfBand.test.tsx (18.155 s)
  ΓùÅ Console

    console.error
      Warning: validateDOMNesting(...): <div> cannot appear as a child of <tbody>.
          at div
          at event (C:\Users\leovp\Programming\adorador\adorador-frontend\src\app\(public)\grupos\[bandId]\eventos\_components\__tests__\EventsOfBand.test.tsx:84:5)
          at tbody
          at table
          at div
          at div
          at div
          at children (C:\Users\leovp\Programming\adorador\adorador-frontend\src\app\(public)\grupos\[bandId]\eventos\_components\__tests__\EventsOfBand.test.tsx:101:15)
          at params (C:\Users\leovp\Programming\adorador\adorador-frontend\src\app\(public)\grupos\[bandId]\eventos\_components\EventsOfBand.tsx:14:32)
          at QueryClientProvider (C:\Users\leovp\Programming\adorador\adorador-frontend\node_modules\@tanstack\react-query\src\QueryClientProvider.tsx:30:3)
          at children (C:\Users\leovp\Programming\adorador\adorador-frontend\src\app\(public)\grupos\[bandId]\eventos\_components\__tests__\EventsOfBand.test.tsx:165:22)

      184 |
      185 |   it('should render as a table structure', () => {
    > 186 |     render(<EventsOfBand params={{ bandId: '1' }} />, {
          |           ^
      187 |       wrapper: createWrapper(),
      188 |     });
      189 |

      at printWarning (node_modules/react-dom/cjs/react-dom.development.js:86:30)
      at error (node_modules/react-dom/cjs/react-dom.development.js:60:7)
      at validateDOMNesting (node_modules/react-dom/cjs/react-dom.development.js:10847:7)
      at createInstance (node_modules/react-dom/cjs/react-dom.development.js:10930:5)
      at completeWork (node_modules/react-dom/cjs/react-dom.development.js:22226:28)
      at completeUnitOfWork (node_modules/react-dom/cjs/react-dom.development.js:26632:16)
      at performUnitOfWork (node_modules/react-dom/cjs/react-dom.development.js:26607:5)
      at workLoopSync (node_modules/react-dom/cjs/react-dom.development.js:26505:5)
      at renderRootSync (node_modules/react-dom/cjs/react-dom.development.js:26473:7)
      at performConcurrentWorkOnRoot (node_modules/react-dom/cjs/react-dom.development.js:25777:74)
      at flushActQueue (node_modules/react/cjs/react.development.js:2667:24)
      at act (node_modules/react/cjs/react.development.js:2582:11)
      at node_modules/@testing-library/react/dist/act-compat.js:47:25
      at renderRoot (node_modules/@testing-library/react/dist/pure.js:190:26)
      at render (node_modules/@testing-library/react/dist/pure.js:292:10)
      at Object.<anonymous> (C:\Users\leovp\Programming\adorador\adorador-frontend\src\app\(public)../../../../../grupos/[bandId]/eventos/_components/__tests__/EventsOfBand.test.tsx:186:11)

PASS src/app/(public)/grupos/[bandId]/canciones/_components/__tests__/SongsOfBand.test.tsx (16.782 s)
PASS src/app/(public)/grupos/_components/__tests__/BandCard.test.tsx (14.2 s)
PASS src/app/(public)/grupos/[bandId]/eventos/[eventId]/_components/__tests__/EventAdminPage.test.tsx (20.721 s)
FAIL src/app/(public)/grupos/[bandId]/eventos/[eventId]/en-vivo/_components/updatingElements/__tests__/UpdatingSongList.test.tsx (76.143 s)
  ΓùÅ Console

    console.error
      Warning: React does not recognize the `isIconOnly` prop on a DOM element. If you intentionally want it to appear in the DOM as a custom attribute, spell it as lowercase `isicononly` instead. If you accidentally passed it from a parent component, remove it from the DOM element.
          at button
          at href (C:\Users\leovp\Programming\adorador\adorador-frontend\src\app\(public)\grupos\[bandId]\eventos\[eventId]\en-vivo\_components\updatingElements\__tests__\UpdatingSongList.test.tsx:7:16)
          at div
          at C:\Users\leovp\Programming\adorador\adorador-frontend\node_modules\@heroui\tooltip\dist\index.js:267:7
          at songs (C:\Users\leovp\Programming\adorador\adorador-frontend\src\app\(public)\grupos\[bandId]\eventos\[eventId]\en-vivo\_components\updatingElements\UpdatingSongList.tsx:23:3)

      212 |
      213 |   it('should render the edit button', () => {
    > 214 |     render(
          |           ^
      215 |       <UpdatingSongList
      216 |         songs={mockSongs}
      217 |         params={mockParams}

      at printWarning (node_modules/react-dom/cjs/react-dom.development.js:86:30)
      at error (node_modules/react-dom/cjs/react-dom.development.js:60:7)
      at validateProperty$1 (node_modules/react-dom/cjs/react-dom.development.js:3757:7)
      at warnUnknownProperties (node_modules/react-dom/cjs/react-dom.development.js:3803:21)
      at validateProperties$2 (node_modules/react-dom/cjs/react-dom.development.js:3827:3)
      at validatePropertiesInDevelopment (node_modules/react-dom/cjs/react-dom.development.js:9541:5)
      at setInitialProperties (node_modules/react-dom/cjs/react-dom.development.js:9830:5)
      at finalizeInitialChildren (node_modules/react-dom/cjs/react-dom.development.js:10950:3)
      at completeWork (node_modules/react-dom/cjs/react-dom.development.js:22232:17)
      at completeUnitOfWork (node_modules/react-dom/cjs/react-dom.development.js:26632:16)
      at performUnitOfWork (node_modules/react-dom/cjs/react-dom.development.js:26607:5)
      at workLoopSync (node_modules/react-dom/cjs/react-dom.development.js:26505:5)
      at renderRootSync (node_modules/react-dom/cjs/react-dom.development.js:26473:7)
      at performConcurrentWorkOnRoot (node_modules/react-dom/cjs/react-dom.development.js:25777:74)
      at flushActQueue (node_modules/react/cjs/react.development.js:2667:24)
      at act (node_modules/react/cjs/react.development.js:2582:11)
      at node_modules/@testing-library/react/dist/act-compat.js:47:25
      at renderRoot (node_modules/@testing-library/react/dist/pure.js:190:26)
      at render (node_modules/@testing-library/react/dist/pure.js:292:10)
      at Object.<anonymous> (C:\Users\leovp\Programming\adorador\adorador-frontend\src\app\(public)../../../../../grupos/[bandId]/eventos/[eventId]/en-vivo/_components/updatingElements/__tests__/UpdatingSongList.test.tsx:214:11)

    console.error
      Warning: Invalid value for prop `data-on-drag-end` on <div> tag. Either remove it from the element, or pass a string or number value to keep it in the DOM. For details, see https://reactjs.org/link/attribute-behavior 
          at div
          at children (C:\Users\leovp\Programming\adorador\adorador-frontend\src\app\(public)\grupos\[bandId]\eventos\[eventId]\en-vivo\_components\updatingElements\__tests__\UpdatingSongList.test.tsx:40:5)
          at div
          at div
          at C:\Users\leovp\Programming\adorador\adorador-frontend\node_modules\@heroui\modal\dist\index.js:373:11
          at section
          at div
          at MotionComponent (C:\Users\leovp\Programming\adorador\adorador-frontend\node_modules\framer-motion\dist\cjs\index.js:10916:22)
          at LazyMotion (C:\Users\leovp\Programming\adorador\adorador-frontend\node_modules\framer-motion\dist\cjs\index.js:9449:23)
          at div
          at ModalContent (C:\Users\leovp\Programming\adorador\adorador-frontend\node_modules\@heroui\modal\dist\index.js:248:11)
          at $a7a032acae3ddda9$export$20e40289641fbbb6 (C:\Users\leovp\Programming\adorador\adorador-frontend\node_modules\@react-aria\focus\dist\packages\@react-aria\focus\src\FocusScope.tsx:93:8)
          at $3596bae48579386f$export$cf75428e0b9ed1ea (C:\Users\leovp\Programming\adorador\adorador-frontend\node_modules\@react-aria\interactions\dist\packages\@react-aria\interactions\src\PressResponder.tsx:61:38)
          at $745edbb83ab4296f$export$c6fdb837b070b4ff (C:\Users\leovp\Programming\adorador\adorador-frontend\node_modules\@react-aria\overlays\dist\packages\@react-aria\overlays\src\Overlay.tsx:54:22)
          at PresenceChild (C:\Users\leovp\Programming\adorador\adorador-frontend\node_modules\framer-motion\dist\cjs\index.js:4508:26)
          at AnimatePresence (C:\Users\leovp\Programming\adorador\adorador-frontend\node_modules\framer-motion\dist\cjs\index.js:4669:28)
          at C:\Users\leovp\Programming\adorador\adorador-frontend\node_modules\@heroui\modal\dist\index.js:190:11
          at songs (C:\Users\leovp\Programming\adorador\adorador-frontend\src\app\(public)\grupos\[bandId]\eventos\[eventId]\en-vivo\_components\updatingElements\UpdatingSongList.tsx:23:3)

      234 |
      235 |     const editButton = screen.getByLabelText('Editar canciones del evento');
    > 236 |     fireEvent.click(editButton);
          |               ^
      237 |
      238 |     // Wait for modal to open
      239 |     await waitFor(() => {

      at printWarning (node_modules/react-dom/cjs/react-dom.development.js:86:30)
      at error (node_modules/react-dom/cjs/react-dom.development.js:60:7)
      at warnUnknownProperties (node_modules/react-dom/cjs/react-dom.development.js:3815:7)
      at validateProperties$2 (node_modules/react-dom/cjs/react-dom.development.js:3827:3)
      at validatePropertiesInDevelopment (node_modules/react-dom/cjs/react-dom.development.js:9541:5)
      at setInitialProperties (node_modules/react-dom/cjs/react-dom.development.js:9830:5)
      at finalizeInitialChildren (node_modules/react-dom/cjs/react-dom.development.js:10950:3)
      at completeWork (node_modules/react-dom/cjs/react-dom.development.js:22232:17)
      at completeUnitOfWork (node_modules/react-dom/cjs/react-dom.development.js:26632:16)
      at performUnitOfWork (node_modules/react-dom/cjs/react-dom.development.js:26607:5)
      at workLoopSync (node_modules/react-dom/cjs/react-dom.development.js:26505:5)
      at renderRootSync (node_modules/react-dom/cjs/react-dom.development.js:26473:7)
      at performSyncWorkOnRoot (node_modules/react-dom/cjs/react-dom.development.js:26124:20)
      at flushSyncCallbacks (node_modules/react-dom/cjs/react-dom.development.js:12042:22)
      at flushActQueue (node_modules/react/cjs/react.development.js:2667:24)
      at act (node_modules/react/cjs/react.development.js:2582:11)
      at node_modules/@testing-library/react/dist/act-compat.js:47:25
      at Object.eventWrapper (node_modules/@testing-library/react/dist/pure.js:107:28)
      at fireEvent (node_modules/@testing-library/dom/dist/events.js:12:35)
      at Function.fireEvent.<computed> [as click] (node_modules/@testing-library/dom/dist/events.js:110:36)
      at Function.fireEvent.<computed> [as click] (node_modules/@testing-library/react/dist/fire-event.js:15:52)
      at Object.click (C:\Users\leovp\Programming\adorador\adorador-frontend\src\app\(public)../../../../../grupos/[bandId]/eventos/[eventId]/en-vivo/_components/updatingElements/__tests__/UpdatingSongList.test.tsx:236:15)

    console.error
      Warning: React does not recognize the `isLoading` prop on a DOM element. If you intentionally want it to appear in the DOM as a custom attribute, spell it as lowercase `isloading` instead. If you accidentally passed it from a parent component, remove it from the DOM element.
          at button
          at href (C:\Users\leovp\Programming\adorador\adorador-frontend\src\app\(public)\grupos\[bandId]\eventos\[eventId]\en-vivo\_components\updatingElements\__tests__\UpdatingSongList.test.tsx:7:16)
          at footer
          at C:\Users\leovp\Programming\adorador\adorador-frontend\node_modules\@heroui\modal\dist\index.js:401:11
          at section
          at div
          at MotionComponent (C:\Users\leovp\Programming\adorador\adorador-frontend\node_modules\framer-motion\dist\cjs\index.js:10916:22)
          at LazyMotion (C:\Users\leovp\Programming\adorador\adorador-frontend\node_modules\framer-motion\dist\cjs\index.js:9449:23)
          at div
          at ModalContent (C:\Users\leovp\Programming\adorador\adorador-frontend\node_modules\@heroui\modal\dist\index.js:248:11)
          at $a7a032acae3ddda9$export$20e40289641fbbb6 (C:\Users\leovp\Programming\adorador\adorador-frontend\node_modules\@react-aria\focus\dist\packages\@react-aria\focus\src\FocusScope.tsx:93:8)
          at $3596bae48579386f$export$cf75428e0b9ed1ea (C:\Users\leovp\Programming\adorador\adorador-frontend\node_modules\@react-aria\interactions\dist\packages\@react-aria\interactions\src\PressResponder.tsx:61:38)
          at $745edbb83ab4296f$export$c6fdb837b070b4ff (C:\Users\leovp\Programming\adorador\adorador-frontend\node_modules\@react-aria\overlays\dist\packages\@react-aria\overlays\src\Overlay.tsx:54:22)
          at PresenceChild (C:\Users\leovp\Programming\adorador\adorador-frontend\node_modules\framer-motion\dist\cjs\index.js:4508:26)
          at AnimatePresence (C:\Users\leovp\Programming\adorador\adorador-frontend\node_modules\framer-motion\dist\cjs\index.js:4669:28)
          at C:\Users\leovp\Programming\adorador\adorador-frontend\node_modules\@heroui\modal\dist\index.js:190:11
          at songs (C:\Users\leovp\Programming\adorador\adorador-frontend\src\app\(public)\grupos\[bandId]\eventos\[eventId]\en-vivo\_components\updatingElements\UpdatingSongList.tsx:23:3)

      234 |
      235 |     const editButton = screen.getByLabelText('Editar canciones del evento');
    > 236 |     fireEvent.click(editButton);
          |               ^
      237 |
      238 |     // Wait for modal to open
      239 |     await waitFor(() => {

      at printWarning (node_modules/react-dom/cjs/react-dom.development.js:86:30)
      at error (node_modules/react-dom/cjs/react-dom.development.js:60:7)
      at validateProperty$1 (node_modules/react-dom/cjs/react-dom.development.js:3757:7)
      at warnUnknownProperties (node_modules/react-dom/cjs/react-dom.development.js:3803:21)
      at validateProperties$2 (node_modules/react-dom/cjs/react-dom.development.js:3827:3)
      at validatePropertiesInDevelopment (node_modules/react-dom/cjs/react-dom.development.js:9541:5)
      at setInitialProperties (node_modules/react-dom/cjs/react-dom.development.js:9830:5)
      at finalizeInitialChildren (node_modules/react-dom/cjs/react-dom.development.js:10950:3)
      at completeWork (node_modules/react-dom/cjs/react-dom.development.js:22232:17)
      at completeUnitOfWork (node_modules/react-dom/cjs/react-dom.development.js:26632:16)
      at performUnitOfWork (node_modules/react-dom/cjs/react-dom.development.js:26607:5)
      at workLoopSync (node_modules/react-dom/cjs/react-dom.development.js:26505:5)
      at renderRootSync (node_modules/react-dom/cjs/react-dom.development.js:26473:7)
      at performSyncWorkOnRoot (node_modules/react-dom/cjs/react-dom.development.js:26124:20)
      at flushSyncCallbacks (node_modules/react-dom/cjs/react-dom.development.js:12042:22)
      at flushActQueue (node_modules/react/cjs/react.development.js:2667:24)
      at act (node_modules/react/cjs/react.development.js:2582:11)
      at node_modules/@testing-library/react/dist/act-compat.js:47:25
      at Object.eventWrapper (node_modules/@testing-library/react/dist/pure.js:107:28)
      at fireEvent (node_modules/@testing-library/dom/dist/events.js:12:35)
      at Function.fireEvent.<computed> [as click] (node_modules/@testing-library/dom/dist/events.js:110:36)
      at Function.fireEvent.<computed> [as click] (node_modules/@testing-library/react/dist/fire-event.js:15:52)
      at Object.click (C:\Users\leovp\Programming\adorador\adorador-frontend\src\app\(public)../../../../../grupos/[bandId]/eventos/[eventId]/en-vivo/_components/updatingElements/__tests__/UpdatingSongList.test.tsx:236:15)

  ΓùÅ UpdatingSongList ΓÇ║ should open modal when clicking the edit button

    TypeError: A dynamic import callback was invoked without --experimental-vm-modules

      212 |
      213 |   it('should render the edit button', () => {
    > 214 |     render(
          |           ^
      215 |       <UpdatingSongList
      216 |         songs={mockSongs}
      217 |         params={mockParams}

      at domAnimation (node_modules/@heroui/tooltip/dist/index.js:252:58)
      at node_modules/framer-motion/dist/cjs/index.js:9462:13
      at commitHookEffectListMount (node_modules/react-dom/cjs/react-dom.development.js:23189:26)
      at commitPassiveMountOnFiber (node_modules/react-dom/cjs/react-dom.development.js:24970:11)
      at commitPassiveMountEffects_complete (node_modules/react-dom/cjs/react-dom.development.js:24930:9)
      at commitPassiveMountEffects_begin (node_modules/react-dom/cjs/react-dom.development.js:24917:7)
      at commitPassiveMountEffects (node_modules/react-dom/cjs/react-dom.development.js:24905:3)
      at flushPassiveEffectsImpl (node_modules/react-dom/cjs/react-dom.development.js:27078:3)
      at flushPassiveEffects (node_modules/react-dom/cjs/react-dom.development.js:27023:14)
      at node_modules/react-dom/cjs/react-dom.development.js:26808:9
      at flushActQueue (node_modules/react/cjs/react.development.js:2667:24)
      at act (node_modules/react/cjs/react.development.js:2582:11)
      at node_modules/@testing-library/react/dist/act-compat.js:47:25
      at renderRoot (node_modules/@testing-library/react/dist/pure.js:190:26)
      at render (node_modules/@testing-library/react/dist/pure.js:292:10)
      at Object.<anonymous> (C:\Users\leovp\Programming\adorador\adorador-frontend\src\app\(public)../../../../../grupos/[bandId]/eventos/[eventId]/en-vivo/_components/updatingElements/__tests__/UpdatingSongList.test.tsx:214:11)

  ΓùÅ UpdatingSongList ΓÇ║ should open modal when clicking the edit button

    TypeError: A dynamic import callback was invoked without --experimental-vm-modules

      225 |
      226 |   it('should open modal when clicking the edit button', async () => {
    > 227 |     render(
          |           ^
      228 |       <UpdatingSongList
      229 |         songs={mockSongs}
      230 |         params={mockParams}

      at domAnimation (node_modules/@heroui/tooltip/dist/index.js:252:58)
      at node_modules/framer-motion/dist/cjs/index.js:9462:13
      at commitHookEffectListMount (node_modules/react-dom/cjs/react-dom.development.js:23189:26)
      at commitPassiveMountOnFiber (node_modules/react-dom/cjs/react-dom.development.js:24970:11)
      at commitPassiveMountEffects_complete (node_modules/react-dom/cjs/react-dom.development.js:24930:9)
      at commitPassiveMountEffects_begin (node_modules/react-dom/cjs/react-dom.development.js:24917:7)
      at commitPassiveMountEffects (node_modules/react-dom/cjs/react-dom.development.js:24905:3)
      at flushPassiveEffectsImpl (node_modules/react-dom/cjs/react-dom.development.js:27078:3)
      at flushPassiveEffects (node_modules/react-dom/cjs/react-dom.development.js:27023:14)
      at node_modules/react-dom/cjs/react-dom.development.js:26808:9
      at flushActQueue (node_modules/react/cjs/react.development.js:2667:24)
      at act (node_modules/react/cjs/react.development.js:2582:11)
      at node_modules/@testing-library/react/dist/act-compat.js:47:25
      at renderRoot (node_modules/@testing-library/react/dist/pure.js:190:26)
      at render (node_modules/@testing-library/react/dist/pure.js:292:10)
      at Object.<anonymous> (C:\Users\leovp\Programming\adorador\adorador-frontend\src\app\(public)../../../../../grupos/[bandId]/eventos/[eventId]/en-vivo/_components/updatingElements/__tests__/UpdatingSongList.test.tsx:227:11)

  ΓùÅ UpdatingSongList ΓÇ║ should open modal when clicking the edit button

    TypeError: A dynamic import callback was invoked without --experimental-vm-modules

      234 |
      235 |     const editButton = screen.getByLabelText('Editar canciones del evento');
    > 236 |     fireEvent.click(editButton);
          |               ^
      237 |
      238 |     // Wait for modal to open
      239 |     await waitFor(() => {

      at domAnimation (node_modules/@heroui/modal/dist/index.js:246:58)
      at node_modules/framer-motion/dist/cjs/index.js:9462:13
      at commitHookEffectListMount (node_modules/react-dom/cjs/react-dom.development.js:23189:26)
      at commitPassiveMountOnFiber (node_modules/react-dom/cjs/react-dom.development.js:24970:11)
      at commitPassiveMountEffects_complete (node_modules/react-dom/cjs/react-dom.development.js:24930:9)
      at commitPassiveMountEffects_begin (node_modules/react-dom/cjs/react-dom.development.js:24917:7)
      at commitPassiveMountEffects (node_modules/react-dom/cjs/react-dom.development.js:24905:3)
      at flushPassiveEffectsImpl (node_modules/react-dom/cjs/react-dom.development.js:27078:3)
      at flushPassiveEffects (node_modules/react-dom/cjs/react-dom.development.js:27023:14)
      at commitRootImpl (node_modules/react-dom/cjs/react-dom.development.js:26974:5)
      at commitRoot (node_modules/react-dom/cjs/react-dom.development.js:26721:5)
      at performSyncWorkOnRoot (node_modules/react-dom/cjs/react-dom.development.js:26156:3)
      at flushSyncCallbacks (node_modules/react-dom/cjs/react-dom.development.js:12042:22)
      at flushActQueue (node_modules/react/cjs/react.development.js:2667:24)
      at act (node_modules/react/cjs/react.development.js:2582:11)
      at node_modules/@testing-library/react/dist/act-compat.js:47:25
      at Object.eventWrapper (node_modules/@testing-library/react/dist/pure.js:107:28)
      at fireEvent (node_modules/@testing-library/dom/dist/events.js:12:35)
      at Function.fireEvent.<computed> [as click] (node_modules/@testing-library/dom/dist/events.js:110:36)
      at Function.fireEvent.<computed> [as click] (node_modules/@testing-library/react/dist/fire-event.js:15:52)
      at Object.click (C:\Users\leovp\Programming\adorador\adorador-frontend\src\app\(public)../../../../../grupos/[bandId]/eventos/[eventId]/en-vivo/_components/updatingElements/__tests__/UpdatingSongList.test.tsx:236:15)

  ΓùÅ UpdatingSongList ΓÇ║ should open modal when clicking the edit button

    TypeError: A dynamic import callback was invoked without --experimental-vm-modules

      234 |
      235 |     const editButton = screen.getByLabelText('Editar canciones del evento');
    > 236 |     fireEvent.click(editButton);
          |               ^
      237 |
      238 |     // Wait for modal to open
      239 |     await waitFor(() => {

      at domAnimation (node_modules/@heroui/modal/dist/index.js:246:58)
      at node_modules/framer-motion/dist/cjs/index.js:9462:13
      at commitHookEffectListMount (node_modules/react-dom/cjs/react-dom.development.js:23189:26)
      at commitPassiveMountOnFiber (node_modules/react-dom/cjs/react-dom.development.js:24970:11)
      at commitPassiveMountEffects_complete (node_modules/react-dom/cjs/react-dom.development.js:24930:9)
      at commitPassiveMountEffects_begin (node_modules/react-dom/cjs/react-dom.development.js:24917:7)
      at commitPassiveMountEffects (node_modules/react-dom/cjs/react-dom.development.js:24905:3)
      at flushPassiveEffectsImpl (node_modules/react-dom/cjs/react-dom.development.js:27078:3)
      at flushPassiveEffects (node_modules/react-dom/cjs/react-dom.development.js:27023:14)
      at commitRootImpl (node_modules/react-dom/cjs/react-dom.development.js:26974:5)
      at commitRoot (node_modules/react-dom/cjs/react-dom.development.js:26721:5)
      at performSyncWorkOnRoot (node_modules/react-dom/cjs/react-dom.development.js:26156:3)
      at flushSyncCallbacks (node_modules/react-dom/cjs/react-dom.development.js:12042:22)
      at flushActQueue (node_modules/react/cjs/react.development.js:2667:24)
      at act (node_modules/react/cjs/react.development.js:2582:11)
      at node_modules/@testing-library/react/dist/act-compat.js:47:25
      at Object.eventWrapper (node_modules/@testing-library/react/dist/pure.js:107:28)
      at fireEvent (node_modules/@testing-library/dom/dist/events.js:12:35)
      at Function.fireEvent.<computed> [as click] (node_modules/@testing-library/dom/dist/events.js:110:36)
      at Function.fireEvent.<computed> [as click] (node_modules/@testing-library/react/dist/fire-event.js:15:52)
      at Object.click (C:\Users\leovp\Programming\adorador\adorador-frontend\src\app\(public)../../../../../grupos/[bandId]/eventos/[eventId]/en-vivo/_components/updatingElements/__tests__/UpdatingSongList.test.tsx:236:15)

  ΓùÅ UpdatingSongList ΓÇ║ should open modal when clicking the edit button

    TypeError: A dynamic import callback was invoked without --experimental-vm-modules

      212 |
      213 |   it('should render the edit button', () => {
    > 214 |     render(
          |           ^
      215 |       <UpdatingSongList
      216 |         songs={mockSongs}
      217 |         params={mockParams}

      at domAnimation (node_modules/@heroui/tooltip/dist/index.js:252:58)
      at node_modules/framer-motion/dist/cjs/index.js:9462:13
      at commitHookEffectListMount (node_modules/react-dom/cjs/react-dom.development.js:23189:26)
      at commitPassiveMountOnFiber (node_modules/react-dom/cjs/react-dom.development.js:24970:11)
      at commitPassiveMountEffects_complete (node_modules/react-dom/cjs/react-dom.development.js:24930:9)
      at commitPassiveMountEffects_begin (node_modules/react-dom/cjs/react-dom.development.js:24917:7)
      at commitPassiveMountEffects (node_modules/react-dom/cjs/react-dom.development.js:24905:3)
      at flushPassiveEffectsImpl (node_modules/react-dom/cjs/react-dom.development.js:27078:3)
      at flushPassiveEffects (node_modules/react-dom/cjs/react-dom.development.js:27023:14)
      at node_modules/react-dom/cjs/react-dom.development.js:26808:9
      at flushActQueue (node_modules/react/cjs/react.development.js:2667:24)
      at act (node_modules/react/cjs/react.development.js:2582:11)
      at node_modules/@testing-library/react/dist/act-compat.js:47:25
      at renderRoot (node_modules/@testing-library/react/dist/pure.js:190:26)
      at render (node_modules/@testing-library/react/dist/pure.js:292:10)
      at Object.<anonymous> (C:\Users\leovp\Programming\adorador\adorador-frontend\src\app\(public)../../../../../grupos/[bandId]/eventos/[eventId]/en-vivo/_components/updatingElements/__tests__/UpdatingSongList.test.tsx:214:11)

  ΓùÅ UpdatingSongList ΓÇ║ should open modal when clicking the edit button

    TypeError: A dynamic import callback was invoked without --experimental-vm-modules

      225 |
      226 |   it('should open modal when clicking the edit button', async () => {
    > 227 |     render(
          |           ^
      228 |       <UpdatingSongList
      229 |         songs={mockSongs}
      230 |         params={mockParams}

      at domAnimation (node_modules/@heroui/tooltip/dist/index.js:252:58)
      at node_modules/framer-motion/dist/cjs/index.js:9462:13
      at commitHookEffectListMount (node_modules/react-dom/cjs/react-dom.development.js:23189:26)
      at commitPassiveMountOnFiber (node_modules/react-dom/cjs/react-dom.development.js:24970:11)
      at commitPassiveMountEffects_complete (node_modules/react-dom/cjs/react-dom.development.js:24930:9)
      at commitPassiveMountEffects_begin (node_modules/react-dom/cjs/react-dom.development.js:24917:7)
      at commitPassiveMountEffects (node_modules/react-dom/cjs/react-dom.development.js:24905:3)
      at flushPassiveEffectsImpl (node_modules/react-dom/cjs/react-dom.development.js:27078:3)
      at flushPassiveEffects (node_modules/react-dom/cjs/react-dom.development.js:27023:14)
      at node_modules/react-dom/cjs/react-dom.development.js:26808:9
      at flushActQueue (node_modules/react/cjs/react.development.js:2667:24)
      at act (node_modules/react/cjs/react.development.js:2582:11)
      at node_modules/@testing-library/react/dist/act-compat.js:47:25
      at renderRoot (node_modules/@testing-library/react/dist/pure.js:190:26)
      at render (node_modules/@testing-library/react/dist/pure.js:292:10)
      at Object.<anonymous> (C:\Users\leovp\Programming\adorador\adorador-frontend\src\app\(public)../../../../../grupos/[bandId]/eventos/[eventId]/en-vivo/_components/updatingElements/__tests__/UpdatingSongList.test.tsx:227:11)

  ΓùÅ UpdatingSongList ΓÇ║ should open modal when clicking the edit button

    TypeError: A dynamic import callback was invoked without --experimental-vm-modules

      234 |
      235 |     const editButton = screen.getByLabelText('Editar canciones del evento');
    > 236 |     fireEvent.click(editButton);
          |               ^
      237 |
      238 |     // Wait for modal to open
      239 |     await waitFor(() => {

      at domAnimation (node_modules/@heroui/modal/dist/index.js:246:58)
      at node_modules/framer-motion/dist/cjs/index.js:9462:13
      at commitHookEffectListMount (node_modules/react-dom/cjs/react-dom.development.js:23189:26)
      at commitPassiveMountOnFiber (node_modules/react-dom/cjs/react-dom.development.js:24970:11)
      at commitPassiveMountEffects_complete (node_modules/react-dom/cjs/react-dom.development.js:24930:9)
      at commitPassiveMountEffects_begin (node_modules/react-dom/cjs/react-dom.development.js:24917:7)
      at commitPassiveMountEffects (node_modules/react-dom/cjs/react-dom.development.js:24905:3)
      at flushPassiveEffectsImpl (node_modules/react-dom/cjs/react-dom.development.js:27078:3)
      at flushPassiveEffects (node_modules/react-dom/cjs/react-dom.development.js:27023:14)
      at commitRootImpl (node_modules/react-dom/cjs/react-dom.development.js:26974:5)
      at commitRoot (node_modules/react-dom/cjs/react-dom.development.js:26721:5)
      at performSyncWorkOnRoot (node_modules/react-dom/cjs/react-dom.development.js:26156:3)
      at flushSyncCallbacks (node_modules/react-dom/cjs/react-dom.development.js:12042:22)
      at flushActQueue (node_modules/react/cjs/react.development.js:2667:24)
      at act (node_modules/react/cjs/react.development.js:2582:11)
      at node_modules/@testing-library/react/dist/act-compat.js:47:25
      at Object.eventWrapper (node_modules/@testing-library/react/dist/pure.js:107:28)
      at fireEvent (node_modules/@testing-library/dom/dist/events.js:12:35)
      at Function.fireEvent.<computed> [as click] (node_modules/@testing-library/dom/dist/events.js:110:36)
      at Function.fireEvent.<computed> [as click] (node_modules/@testing-library/react/dist/fire-event.js:15:52)
      at Object.click (C:\Users\leovp\Programming\adorador\adorador-frontend\src\app\(public)../../../../../grupos/[bandId]/eventos/[eventId]/en-vivo/_components/updatingElements/__tests__/UpdatingSongList.test.tsx:236:15)

  ΓùÅ UpdatingSongList ΓÇ║ should open modal when clicking the edit button

    TypeError: A dynamic import callback was invoked without --experimental-vm-modules

      234 |
      235 |     const editButton = screen.getByLabelText('Editar canciones del evento');
    > 236 |     fireEvent.click(editButton);
          |               ^
      237 |
      238 |     // Wait for modal to open
      239 |     await waitFor(() => {

      at domAnimation (node_modules/@heroui/modal/dist/index.js:246:58)
      at node_modules/framer-motion/dist/cjs/index.js:9462:13
      at commitHookEffectListMount (node_modules/react-dom/cjs/react-dom.development.js:23189:26)
      at commitPassiveMountOnFiber (node_modules/react-dom/cjs/react-dom.development.js:24970:11)
      at commitPassiveMountEffects_complete (node_modules/react-dom/cjs/react-dom.development.js:24930:9)
      at commitPassiveMountEffects_begin (node_modules/react-dom/cjs/react-dom.development.js:24917:7)
      at commitPassiveMountEffects (node_modules/react-dom/cjs/react-dom.development.js:24905:3)
      at flushPassiveEffectsImpl (node_modules/react-dom/cjs/react-dom.development.js:27078:3)
      at flushPassiveEffects (node_modules/react-dom/cjs/react-dom.development.js:27023:14)
      at commitRootImpl (node_modules/react-dom/cjs/react-dom.development.js:26974:5)
      at commitRoot (node_modules/react-dom/cjs/react-dom.development.js:26721:5)
      at performSyncWorkOnRoot (node_modules/react-dom/cjs/react-dom.development.js:26156:3)
      at flushSyncCallbacks (node_modules/react-dom/cjs/react-dom.development.js:12042:22)
      at flushActQueue (node_modules/react/cjs/react.development.js:2667:24)
      at act (node_modules/react/cjs/react.development.js:2582:11)
      at node_modules/@testing-library/react/dist/act-compat.js:47:25
      at Object.eventWrapper (node_modules/@testing-library/react/dist/pure.js:107:28)
      at fireEvent (node_modules/@testing-library/dom/dist/events.js:12:35)
      at Function.fireEvent.<computed> [as click] (node_modules/@testing-library/dom/dist/events.js:110:36)
      at Function.fireEvent.<computed> [as click] (node_modules/@testing-library/react/dist/fire-event.js:15:52)
      at Object.click (C:\Users\leovp\Programming\adorador\adorador-frontend\src\app\(public)../../../../../grupos/[bandId]/eventos/[eventId]/en-vivo/_components/updatingElements/__tests__/UpdatingSongList.test.tsx:236:15)

  ΓùÅ UpdatingSongList ΓÇ║ should reset state when opening modal

    TypeError: A dynamic import callback was invoked without --experimental-vm-modules

      246 |
      247 |   it('should reset state when opening modal', async () => {
    > 248 |     render(
          |           ^
      249 |       <UpdatingSongList
      250 |         songs={mockSongs}
      251 |         params={mockParams}

      at domAnimation (node_modules/@heroui/tooltip/dist/index.js:252:58)
      at node_modules/framer-motion/dist/cjs/index.js:9462:13
      at commitHookEffectListMount (node_modules/react-dom/cjs/react-dom.development.js:23189:26)
      at commitPassiveMountOnFiber (node_modules/react-dom/cjs/react-dom.development.js:24970:11)
      at commitPassiveMountEffects_complete (node_modules/react-dom/cjs/react-dom.development.js:24930:9)
      at commitPassiveMountEffects_begin (node_modules/react-dom/cjs/react-dom.development.js:24917:7)
      at commitPassiveMountEffects (node_modules/react-dom/cjs/react-dom.development.js:24905:3)
      at flushPassiveEffectsImpl (node_modules/react-dom/cjs/react-dom.development.js:27078:3)
      at flushPassiveEffects (node_modules/react-dom/cjs/react-dom.development.js:27023:14)
      at node_modules/react-dom/cjs/react-dom.development.js:26808:9
      at flushActQueue (node_modules/react/cjs/react.development.js:2667:24)
      at act (node_modules/react/cjs/react.development.js:2582:11)
      at node_modules/@testing-library/react/dist/act-compat.js:47:25
      at renderRoot (node_modules/@testing-library/react/dist/pure.js:190:26)
      at render (node_modules/@testing-library/react/dist/pure.js:292:10)
      at Object.<anonymous> (C:\Users\leovp\Programming\adorador\adorador-frontend\src\app\(public)../../../../../grupos/[bandId]/eventos/[eventId]/en-vivo/_components/updatingElements/__tests__/UpdatingSongList.test.tsx:248:11)

  ΓùÅ UpdatingSongList ΓÇ║ should reset state when opening modal

    TypeError: A dynamic import callback was invoked without --experimental-vm-modules

      255 |
      256 |     const editButton = screen.getByLabelText('Editar canciones del evento');
    > 257 |     fireEvent.click(editButton);
          |               ^
      258 |
      259 |     // Wait for modal to open and check original songs
      260 |     await waitFor(() => {

      at domAnimation (node_modules/@heroui/modal/dist/index.js:246:58)
      at node_modules/framer-motion/dist/cjs/index.js:9462:13
      at commitHookEffectListMount (node_modules/react-dom/cjs/react-dom.development.js:23189:26)
      at commitPassiveMountOnFiber (node_modules/react-dom/cjs/react-dom.development.js:24970:11)
      at commitPassiveMountEffects_complete (node_modules/react-dom/cjs/react-dom.development.js:24930:9)
      at commitPassiveMountEffects_begin (node_modules/react-dom/cjs/react-dom.development.js:24917:7)
      at commitPassiveMountEffects (node_modules/react-dom/cjs/react-dom.development.js:24905:3)
      at flushPassiveEffectsImpl (node_modules/react-dom/cjs/react-dom.development.js:27078:3)
      at flushPassiveEffects (node_modules/react-dom/cjs/react-dom.development.js:27023:14)
      at commitRootImpl (node_modules/react-dom/cjs/react-dom.development.js:26974:5)
      at commitRoot (node_modules/react-dom/cjs/react-dom.development.js:26721:5)
      at performSyncWorkOnRoot (node_modules/react-dom/cjs/react-dom.development.js:26156:3)
      at flushSyncCallbacks (node_modules/react-dom/cjs/react-dom.development.js:12042:22)
      at flushActQueue (node_modules/react/cjs/react.development.js:2667:24)
      at act (node_modules/react/cjs/react.development.js:2582:11)
      at node_modules/@testing-library/react/dist/act-compat.js:47:25
      at Object.eventWrapper (node_modules/@testing-library/react/dist/pure.js:107:28)
      at fireEvent (node_modules/@testing-library/dom/dist/events.js:12:35)
      at Function.fireEvent.<computed> [as click] (node_modules/@testing-library/dom/dist/events.js:110:36)
      at Function.fireEvent.<computed> [as click] (node_modules/@testing-library/react/dist/fire-event.js:15:52)
      at Object.click (C:\Users\leovp\Programming\adorador\adorador-frontend\src\app\(public)../../../../../grupos/[bandId]/eventos/[eventId]/en-vivo/_components/updatingElements/__tests__/UpdatingSongList.test.tsx:257:15)

  ΓùÅ UpdatingSongList ΓÇ║ should reset state when opening modal

    TypeError: A dynamic import callback was invoked without --experimental-vm-modules

      255 |
      256 |     const editButton = screen.getByLabelText('Editar canciones del evento');
    > 257 |     fireEvent.click(editButton);
          |               ^
      258 |
      259 |     // Wait for modal to open and check original songs
      260 |     await waitFor(() => {

      at domAnimation (node_modules/@heroui/modal/dist/index.js:246:58)
      at node_modules/framer-motion/dist/cjs/index.js:9462:13
      at commitHookEffectListMount (node_modules/react-dom/cjs/react-dom.development.js:23189:26)
      at commitPassiveMountOnFiber (node_modules/react-dom/cjs/react-dom.development.js:24970:11)
      at commitPassiveMountEffects_complete (node_modules/react-dom/cjs/react-dom.development.js:24930:9)
      at commitPassiveMountEffects_begin (node_modules/react-dom/cjs/react-dom.development.js:24917:7)
      at commitPassiveMountEffects (node_modules/react-dom/cjs/react-dom.development.js:24905:3)
      at flushPassiveEffectsImpl (node_modules/react-dom/cjs/react-dom.development.js:27078:3)
      at flushPassiveEffects (node_modules/react-dom/cjs/react-dom.development.js:27023:14)
      at commitRootImpl (node_modules/react-dom/cjs/react-dom.development.js:26974:5)
      at commitRoot (node_modules/react-dom/cjs/react-dom.development.js:26721:5)
      at performSyncWorkOnRoot (node_modules/react-dom/cjs/react-dom.development.js:26156:3)
      at flushSyncCallbacks (node_modules/react-dom/cjs/react-dom.development.js:12042:22)
      at flushActQueue (node_modules/react/cjs/react.development.js:2667:24)
      at act (node_modules/react/cjs/react.development.js:2582:11)
      at node_modules/@testing-library/react/dist/act-compat.js:47:25
      at Object.eventWrapper (node_modules/@testing-library/react/dist/pure.js:107:28)
      at fireEvent (node_modules/@testing-library/dom/dist/events.js:12:35)
      at Function.fireEvent.<computed> [as click] (node_modules/@testing-library/dom/dist/events.js:110:36)
      at Function.fireEvent.<computed> [as click] (node_modules/@testing-library/react/dist/fire-event.js:15:52)
      at Object.click (C:\Users\leovp\Programming\adorador\adorador-frontend\src\app\(public)../../../../../grupos/[bandId]/eventos/[eventId]/en-vivo/_components/updatingElements/__tests__/UpdatingSongList.test.tsx:257:15)

  ΓùÅ UpdatingSongList ΓÇ║ should reset state when opening modal

    TypeError: A dynamic import callback was invoked without --experimental-vm-modules

      246 |
      247 |   it('should reset state when opening modal', async () => {
    > 248 |     render(
          |           ^
      249 |       <UpdatingSongList
      250 |         songs={mockSongs}
      251 |         params={mockParams}

      at domAnimation (node_modules/@heroui/tooltip/dist/index.js:252:58)
      at node_modules/framer-motion/dist/cjs/index.js:9462:13
      at commitHookEffectListMount (node_modules/react-dom/cjs/react-dom.development.js:23189:26)
      at commitPassiveMountOnFiber (node_modules/react-dom/cjs/react-dom.development.js:24970:11)
      at commitPassiveMountEffects_complete (node_modules/react-dom/cjs/react-dom.development.js:24930:9)
      at commitPassiveMountEffects_begin (node_modules/react-dom/cjs/react-dom.development.js:24917:7)
      at commitPassiveMountEffects (node_modules/react-dom/cjs/react-dom.development.js:24905:3)
      at flushPassiveEffectsImpl (node_modules/react-dom/cjs/react-dom.development.js:27078:3)
      at flushPassiveEffects (node_modules/react-dom/cjs/react-dom.development.js:27023:14)
      at node_modules/react-dom/cjs/react-dom.development.js:26808:9
      at flushActQueue (node_modules/react/cjs/react.development.js:2667:24)
      at act (node_modules/react/cjs/react.development.js:2582:11)
      at node_modules/@testing-library/react/dist/act-compat.js:47:25
      at renderRoot (node_modules/@testing-library/react/dist/pure.js:190:26)
      at render (node_modules/@testing-library/react/dist/pure.js:292:10)
      at Object.<anonymous> (C:\Users\leovp\Programming\adorador\adorador-frontend\src\app\(public)../../../../../grupos/[bandId]/eventos/[eventId]/en-vivo/_components/updatingElements/__tests__/UpdatingSongList.test.tsx:248:11)

  ΓùÅ UpdatingSongList ΓÇ║ should reset state when opening modal

    TypeError: A dynamic import callback was invoked without --experimental-vm-modules

      255 |
      256 |     const editButton = screen.getByLabelText('Editar canciones del evento');
    > 257 |     fireEvent.click(editButton);
          |               ^
      258 |
      259 |     // Wait for modal to open and check original songs
      260 |     await waitFor(() => {

      at domAnimation (node_modules/@heroui/modal/dist/index.js:246:58)
      at node_modules/framer-motion/dist/cjs/index.js:9462:13
      at commitHookEffectListMount (node_modules/react-dom/cjs/react-dom.development.js:23189:26)
      at commitPassiveMountOnFiber (node_modules/react-dom/cjs/react-dom.development.js:24970:11)
      at commitPassiveMountEffects_complete (node_modules/react-dom/cjs/react-dom.development.js:24930:9)
      at commitPassiveMountEffects_begin (node_modules/react-dom/cjs/react-dom.development.js:24917:7)
      at commitPassiveMountEffects (node_modules/react-dom/cjs/react-dom.development.js:24905:3)
      at flushPassiveEffectsImpl (node_modules/react-dom/cjs/react-dom.development.js:27078:3)
      at flushPassiveEffects (node_modules/react-dom/cjs/react-dom.development.js:27023:14)
      at commitRootImpl (node_modules/react-dom/cjs/react-dom.development.js:26974:5)
      at commitRoot (node_modules/react-dom/cjs/react-dom.development.js:26721:5)
      at performSyncWorkOnRoot (node_modules/react-dom/cjs/react-dom.development.js:26156:3)
      at flushSyncCallbacks (node_modules/react-dom/cjs/react-dom.development.js:12042:22)
      at flushActQueue (node_modules/react/cjs/react.development.js:2667:24)
      at act (node_modules/react/cjs/react.development.js:2582:11)
      at node_modules/@testing-library/react/dist/act-compat.js:47:25
      at Object.eventWrapper (node_modules/@testing-library/react/dist/pure.js:107:28)
      at fireEvent (node_modules/@testing-library/dom/dist/events.js:12:35)
      at Function.fireEvent.<computed> [as click] (node_modules/@testing-library/dom/dist/events.js:110:36)
      at Function.fireEvent.<computed> [as click] (node_modules/@testing-library/react/dist/fire-event.js:15:52)
      at Object.click (C:\Users\leovp\Programming\adorador\adorador-frontend\src\app\(public)../../../../../grupos/[bandId]/eventos/[eventId]/en-vivo/_components/updatingElements/__tests__/UpdatingSongList.test.tsx:257:15)

  ΓùÅ UpdatingSongList ΓÇ║ should reset state when opening modal

    TypeError: A dynamic import callback was invoked without --experimental-vm-modules

      255 |
      256 |     const editButton = screen.getByLabelText('Editar canciones del evento');
    > 257 |     fireEvent.click(editButton);
          |               ^
      258 |
      259 |     // Wait for modal to open and check original songs
      260 |     await waitFor(() => {

      at domAnimation (node_modules/@heroui/modal/dist/index.js:246:58)
      at node_modules/framer-motion/dist/cjs/index.js:9462:13
      at commitHookEffectListMount (node_modules/react-dom/cjs/react-dom.development.js:23189:26)
      at commitPassiveMountOnFiber (node_modules/react-dom/cjs/react-dom.development.js:24970:11)
      at commitPassiveMountEffects_complete (node_modules/react-dom/cjs/react-dom.development.js:24930:9)
      at commitPassiveMountEffects_begin (node_modules/react-dom/cjs/react-dom.development.js:24917:7)
      at commitPassiveMountEffects (node_modules/react-dom/cjs/react-dom.development.js:24905:3)
      at flushPassiveEffectsImpl (node_modules/react-dom/cjs/react-dom.development.js:27078:3)
      at flushPassiveEffects (node_modules/react-dom/cjs/react-dom.development.js:27023:14)
      at commitRootImpl (node_modules/react-dom/cjs/react-dom.development.js:26974:5)
      at commitRoot (node_modules/react-dom/cjs/react-dom.development.js:26721:5)
      at performSyncWorkOnRoot (node_modules/react-dom/cjs/react-dom.development.js:26156:3)
      at flushSyncCallbacks (node_modules/react-dom/cjs/react-dom.development.js:12042:22)
      at flushActQueue (node_modules/react/cjs/react.development.js:2667:24)
      at act (node_modules/react/cjs/react.development.js:2582:11)
      at node_modules/@testing-library/react/dist/act-compat.js:47:25
      at Object.eventWrapper (node_modules/@testing-library/react/dist/pure.js:107:28)
      at fireEvent (node_modules/@testing-library/dom/dist/events.js:12:35)
      at Function.fireEvent.<computed> [as click] (node_modules/@testing-library/dom/dist/events.js:110:36)
      at Function.fireEvent.<computed> [as click] (node_modules/@testing-library/react/dist/fire-event.js:15:52)
      at Object.click (C:\Users\leovp\Programming\adorador\adorador-frontend\src\app\(public)../../../../../grupos/[bandId]/eventos/[eventId]/en-vivo/_components/updatingElements/__tests__/UpdatingSongList.test.tsx:257:15)

  ΓùÅ UpdatingSongList ΓÇ║ should close modal and reset changes when clicking cancel

    TypeError: A dynamic import callback was invoked without --experimental-vm-modules

      265 |
      266 |   it('should close modal and reset changes when clicking cancel', async () => {
    > 267 |     render(
          |           ^
      268 |       <UpdatingSongList
      269 |         songs={mockSongs}
      270 |         params={mockParams}

      at domAnimation (node_modules/@heroui/tooltip/dist/index.js:252:58)
      at node_modules/framer-motion/dist/cjs/index.js:9462:13
      at commitHookEffectListMount (node_modules/react-dom/cjs/react-dom.development.js:23189:26)
      at commitPassiveMountOnFiber (node_modules/react-dom/cjs/react-dom.development.js:24970:11)
      at commitPassiveMountEffects_complete (node_modules/react-dom/cjs/react-dom.development.js:24930:9)
      at commitPassiveMountEffects_begin (node_modules/react-dom/cjs/react-dom.development.js:24917:7)
      at commitPassiveMountEffects (node_modules/react-dom/cjs/react-dom.development.js:24905:3)
      at flushPassiveEffectsImpl (node_modules/react-dom/cjs/react-dom.development.js:27078:3)
      at flushPassiveEffects (node_modules/react-dom/cjs/react-dom.development.js:27023:14)
      at node_modules/react-dom/cjs/react-dom.development.js:26808:9
      at flushActQueue (node_modules/react/cjs/react.development.js:2667:24)
      at act (node_modules/react/cjs/react.development.js:2582:11)
      at node_modules/@testing-library/react/dist/act-compat.js:47:25
      at renderRoot (node_modules/@testing-library/react/dist/pure.js:190:26)
      at render (node_modules/@testing-library/react/dist/pure.js:292:10)
      at Object.<anonymous> (C:\Users\leovp\Programming\adorador\adorador-frontend\src\app\(public)../../../../../grupos/[bandId]/eventos/[eventId]/en-vivo/_components/updatingElements/__tests__/UpdatingSongList.test.tsx:267:11)

  ΓùÅ UpdatingSongList ΓÇ║ should close modal and reset changes when clicking cancel

    TypeError: A dynamic import callback was invoked without --experimental-vm-modules

      275 |     // Open modal
      276 |     const editButton = screen.getByLabelText('Editar canciones del evento');
    > 277 |     fireEvent.click(editButton);
          |               ^
      278 |
      279 |     // Wait for modal to open
      280 |     await waitFor(() => {

      at domAnimation (node_modules/@heroui/modal/dist/index.js:246:58)
      at node_modules/framer-motion/dist/cjs/index.js:9462:13
      at commitHookEffectListMount (node_modules/react-dom/cjs/react-dom.development.js:23189:26)
      at commitPassiveMountOnFiber (node_modules/react-dom/cjs/react-dom.development.js:24970:11)
      at commitPassiveMountEffects_complete (node_modules/react-dom/cjs/react-dom.development.js:24930:9)
      at commitPassiveMountEffects_begin (node_modules/react-dom/cjs/react-dom.development.js:24917:7)
      at commitPassiveMountEffects (node_modules/react-dom/cjs/react-dom.development.js:24905:3)
      at flushPassiveEffectsImpl (node_modules/react-dom/cjs/react-dom.development.js:27078:3)
      at flushPassiveEffects (node_modules/react-dom/cjs/react-dom.development.js:27023:14)
      at commitRootImpl (node_modules/react-dom/cjs/react-dom.development.js:26974:5)
      at commitRoot (node_modules/react-dom/cjs/react-dom.development.js:26721:5)
      at performSyncWorkOnRoot (node_modules/react-dom/cjs/react-dom.development.js:26156:3)
      at flushSyncCallbacks (node_modules/react-dom/cjs/react-dom.development.js:12042:22)
      at flushActQueue (node_modules/react/cjs/react.development.js:2667:24)
      at act (node_modules/react/cjs/react.development.js:2582:11)
      at node_modules/@testing-library/react/dist/act-compat.js:47:25
      at Object.eventWrapper (node_modules/@testing-library/react/dist/pure.js:107:28)
      at fireEvent (node_modules/@testing-library/dom/dist/events.js:12:35)
      at Function.fireEvent.<computed> [as click] (node_modules/@testing-library/dom/dist/events.js:110:36)
      at Function.fireEvent.<computed> [as click] (node_modules/@testing-library/react/dist/fire-event.js:15:52)
      at Object.click (C:\Users\leovp\Programming\adorador\adorador-frontend\src\app\(public)../../../../../grupos/[bandId]/eventos/[eventId]/en-vivo/_components/updatingElements/__tests__/UpdatingSongList.test.tsx:277:15)

  ΓùÅ UpdatingSongList ΓÇ║ should close modal and reset changes when clicking cancel

    TypeError: A dynamic import callback was invoked without --experimental-vm-modules

      275 |     // Open modal
      276 |     const editButton = screen.getByLabelText('Editar canciones del evento');
    > 277 |     fireEvent.click(editButton);
          |               ^
      278 |
      279 |     // Wait for modal to open
      280 |     await waitFor(() => {

      at domAnimation (node_modules/@heroui/modal/dist/index.js:246:58)
      at node_modules/framer-motion/dist/cjs/index.js:9462:13
      at commitHookEffectListMount (node_modules/react-dom/cjs/react-dom.development.js:23189:26)
      at commitPassiveMountOnFiber (node_modules/react-dom/cjs/react-dom.development.js:24970:11)
      at commitPassiveMountEffects_complete (node_modules/react-dom/cjs/react-dom.development.js:24930:9)
      at commitPassiveMountEffects_begin (node_modules/react-dom/cjs/react-dom.development.js:24917:7)
      at commitPassiveMountEffects (node_modules/react-dom/cjs/react-dom.development.js:24905:3)
      at flushPassiveEffectsImpl (node_modules/react-dom/cjs/react-dom.development.js:27078:3)
      at flushPassiveEffects (node_modules/react-dom/cjs/react-dom.development.js:27023:14)
      at commitRootImpl (node_modules/react-dom/cjs/react-dom.development.js:26974:5)
      at commitRoot (node_modules/react-dom/cjs/react-dom.development.js:26721:5)
      at performSyncWorkOnRoot (node_modules/react-dom/cjs/react-dom.development.js:26156:3)
      at flushSyncCallbacks (node_modules/react-dom/cjs/react-dom.development.js:12042:22)
      at flushActQueue (node_modules/react/cjs/react.development.js:2667:24)
      at act (node_modules/react/cjs/react.development.js:2582:11)
      at node_modules/@testing-library/react/dist/act-compat.js:47:25
      at Object.eventWrapper (node_modules/@testing-library/react/dist/pure.js:107:28)
      at fireEvent (node_modules/@testing-library/dom/dist/events.js:12:35)
      at Function.fireEvent.<computed> [as click] (node_modules/@testing-library/dom/dist/events.js:110:36)
      at Function.fireEvent.<computed> [as click] (node_modules/@testing-library/react/dist/fire-event.js:15:52)
      at Object.click (C:\Users\leovp\Programming\adorador\adorador-frontend\src\app\(public)../../../../../grupos/[bandId]/eventos/[eventId]/en-vivo/_components/updatingElements/__tests__/UpdatingSongList.test.tsx:277:15)

  ΓùÅ UpdatingSongList ΓÇ║ should close modal and reset changes when clicking cancel

    TypeError: A dynamic import callback was invoked without --experimental-vm-modules

      265 |
      266 |   it('should close modal and reset changes when clicking cancel', async () => {
    > 267 |     render(
          |           ^
      268 |       <UpdatingSongList
      269 |         songs={mockSongs}
      270 |         params={mockParams}

      at domAnimation (node_modules/@heroui/tooltip/dist/index.js:252:58)
      at node_modules/framer-motion/dist/cjs/index.js:9462:13
      at commitHookEffectListMount (node_modules/react-dom/cjs/react-dom.development.js:23189:26)
      at commitPassiveMountOnFiber (node_modules/react-dom/cjs/react-dom.development.js:24970:11)
      at commitPassiveMountEffects_complete (node_modules/react-dom/cjs/react-dom.development.js:24930:9)
      at commitPassiveMountEffects_begin (node_modules/react-dom/cjs/react-dom.development.js:24917:7)
      at commitPassiveMountEffects (node_modules/react-dom/cjs/react-dom.development.js:24905:3)
      at flushPassiveEffectsImpl (node_modules/react-dom/cjs/react-dom.development.js:27078:3)
      at flushPassiveEffects (node_modules/react-dom/cjs/react-dom.development.js:27023:14)
      at node_modules/react-dom/cjs/react-dom.development.js:26808:9
      at flushActQueue (node_modules/react/cjs/react.development.js:2667:24)
      at act (node_modules/react/cjs/react.development.js:2582:11)
      at node_modules/@testing-library/react/dist/act-compat.js:47:25
      at renderRoot (node_modules/@testing-library/react/dist/pure.js:190:26)
      at render (node_modules/@testing-library/react/dist/pure.js:292:10)
      at Object.<anonymous> (C:\Users\leovp\Programming\adorador\adorador-frontend\src\app\(public)../../../../../grupos/[bandId]/eventos/[eventId]/en-vivo/_components/updatingElements/__tests__/UpdatingSongList.test.tsx:267:11)

  ΓùÅ UpdatingSongList ΓÇ║ should close modal and reset changes when clicking cancel

    TypeError: A dynamic import callback was invoked without --experimental-vm-modules

      275 |     // Open modal
      276 |     const editButton = screen.getByLabelText('Editar canciones del evento');
    > 277 |     fireEvent.click(editButton);
          |               ^
      278 |
      279 |     // Wait for modal to open
      280 |     await waitFor(() => {

      at domAnimation (node_modules/@heroui/modal/dist/index.js:246:58)
      at node_modules/framer-motion/dist/cjs/index.js:9462:13
      at commitHookEffectListMount (node_modules/react-dom/cjs/react-dom.development.js:23189:26)
      at commitPassiveMountOnFiber (node_modules/react-dom/cjs/react-dom.development.js:24970:11)
      at commitPassiveMountEffects_complete (node_modules/react-dom/cjs/react-dom.development.js:24930:9)
      at commitPassiveMountEffects_begin (node_modules/react-dom/cjs/react-dom.development.js:24917:7)
      at commitPassiveMountEffects (node_modules/react-dom/cjs/react-dom.development.js:24905:3)
      at flushPassiveEffectsImpl (node_modules/react-dom/cjs/react-dom.development.js:27078:3)
      at flushPassiveEffects (node_modules/react-dom/cjs/react-dom.development.js:27023:14)
      at commitRootImpl (node_modules/react-dom/cjs/react-dom.development.js:26974:5)
      at commitRoot (node_modules/react-dom/cjs/react-dom.development.js:26721:5)
      at performSyncWorkOnRoot (node_modules/react-dom/cjs/react-dom.development.js:26156:3)
      at flushSyncCallbacks (node_modules/react-dom/cjs/react-dom.development.js:12042:22)
      at flushActQueue (node_modules/react/cjs/react.development.js:2667:24)
      at act (node_modules/react/cjs/react.development.js:2582:11)
      at node_modules/@testing-library/react/dist/act-compat.js:47:25
      at Object.eventWrapper (node_modules/@testing-library/react/dist/pure.js:107:28)
      at fireEvent (node_modules/@testing-library/dom/dist/events.js:12:35)
      at Function.fireEvent.<computed> [as click] (node_modules/@testing-library/dom/dist/events.js:110:36)
      at Function.fireEvent.<computed> [as click] (node_modules/@testing-library/react/dist/fire-event.js:15:52)
      at Object.click (C:\Users\leovp\Programming\adorador\adorador-frontend\src\app\(public)../../../../../grupos/[bandId]/eventos/[eventId]/en-vivo/_components/updatingElements/__tests__/UpdatingSongList.test.tsx:277:15)

  ΓùÅ UpdatingSongList ΓÇ║ should close modal and reset changes when clicking cancel

    TypeError: A dynamic import callback was invoked without --experimental-vm-modules

      275 |     // Open modal
      276 |     const editButton = screen.getByLabelText('Editar canciones del evento');
    > 277 |     fireEvent.click(editButton);
          |               ^
      278 |
      279 |     // Wait for modal to open
      280 |     await waitFor(() => {

      at domAnimation (node_modules/@heroui/modal/dist/index.js:246:58)
      at node_modules/framer-motion/dist/cjs/index.js:9462:13
      at commitHookEffectListMount (node_modules/react-dom/cjs/react-dom.development.js:23189:26)
      at commitPassiveMountOnFiber (node_modules/react-dom/cjs/react-dom.development.js:24970:11)
      at commitPassiveMountEffects_complete (node_modules/react-dom/cjs/react-dom.development.js:24930:9)
      at commitPassiveMountEffects_begin (node_modules/react-dom/cjs/react-dom.development.js:24917:7)
      at commitPassiveMountEffects (node_modules/react-dom/cjs/react-dom.development.js:24905:3)
      at flushPassiveEffectsImpl (node_modules/react-dom/cjs/react-dom.development.js:27078:3)
      at flushPassiveEffects (node_modules/react-dom/cjs/react-dom.development.js:27023:14)
      at commitRootImpl (node_modules/react-dom/cjs/react-dom.development.js:26974:5)
      at commitRoot (node_modules/react-dom/cjs/react-dom.development.js:26721:5)
      at performSyncWorkOnRoot (node_modules/react-dom/cjs/react-dom.development.js:26156:3)
      at flushSyncCallbacks (node_modules/react-dom/cjs/react-dom.development.js:12042:22)
      at flushActQueue (node_modules/react/cjs/react.development.js:2667:24)
      at act (node_modules/react/cjs/react.development.js:2582:11)
      at node_modules/@testing-library/react/dist/act-compat.js:47:25
      at Object.eventWrapper (node_modules/@testing-library/react/dist/pure.js:107:28)
      at fireEvent (node_modules/@testing-library/dom/dist/events.js:12:35)
      at Function.fireEvent.<computed> [as click] (node_modules/@testing-library/dom/dist/events.js:110:36)
      at Function.fireEvent.<computed> [as click] (node_modules/@testing-library/react/dist/fire-event.js:15:52)
      at Object.click (C:\Users\leovp\Programming\adorador\adorador-frontend\src\app\(public)../../../../../grupos/[bandId]/eventos/[eventId]/en-vivo/_components/updatingElements/__tests__/UpdatingSongList.test.tsx:277:15)

  ΓùÅ UpdatingSongList ΓÇ║ should show save button as disabled when there are no changes

    TypeError: A dynamic import callback was invoked without --experimental-vm-modules

      293 |
      294 |   it('should show save button as disabled when there are no changes', async () => {
    > 295 |     render(
          |           ^
      296 |       <UpdatingSongList
      297 |         songs={mockSongs}
      298 |         params={mockParams}

      at domAnimation (node_modules/@heroui/tooltip/dist/index.js:252:58)
      at node_modules/framer-motion/dist/cjs/index.js:9462:13
      at commitHookEffectListMount (node_modules/react-dom/cjs/react-dom.development.js:23189:26)
      at commitPassiveMountOnFiber (node_modules/react-dom/cjs/react-dom.development.js:24970:11)
      at commitPassiveMountEffects_complete (node_modules/react-dom/cjs/react-dom.development.js:24930:9)
      at commitPassiveMountEffects_begin (node_modules/react-dom/cjs/react-dom.development.js:24917:7)
      at commitPassiveMountEffects (node_modules/react-dom/cjs/react-dom.development.js:24905:3)
      at flushPassiveEffectsImpl (node_modules/react-dom/cjs/react-dom.development.js:27078:3)
      at flushPassiveEffects (node_modules/react-dom/cjs/react-dom.development.js:27023:14)
      at node_modules/react-dom/cjs/react-dom.development.js:26808:9
      at flushActQueue (node_modules/react/cjs/react.development.js:2667:24)
      at act (node_modules/react/cjs/react.development.js:2582:11)
      at node_modules/@testing-library/react/dist/act-compat.js:47:25
      at renderRoot (node_modules/@testing-library/react/dist/pure.js:190:26)
      at render (node_modules/@testing-library/react/dist/pure.js:292:10)
      at Object.<anonymous> (C:\Users\leovp\Programming\adorador\adorador-frontend\src\app\(public)../../../../../grupos/[bandId]/eventos/[eventId]/en-vivo/_components/updatingElements/__tests__/UpdatingSongList.test.tsx:295:11)

  ΓùÅ UpdatingSongList ΓÇ║ should show save button as disabled when there are no changes

    TypeError: A dynamic import callback was invoked without --experimental-vm-modules

      302 |
      303 |     const editButton = screen.getByLabelText('Editar canciones del evento');
    > 304 |     fireEvent.click(editButton);
          |               ^
      305 |
      306 |     // Wait for modal to open
      307 |     await waitFor(() => {

      at domAnimation (node_modules/@heroui/modal/dist/index.js:246:58)
      at node_modules/framer-motion/dist/cjs/index.js:9462:13
      at commitHookEffectListMount (node_modules/react-dom/cjs/react-dom.development.js:23189:26)
      at commitPassiveMountOnFiber (node_modules/react-dom/cjs/react-dom.development.js:24970:11)
      at commitPassiveMountEffects_complete (node_modules/react-dom/cjs/react-dom.development.js:24930:9)
      at commitPassiveMountEffects_begin (node_modules/react-dom/cjs/react-dom.development.js:24917:7)
      at commitPassiveMountEffects (node_modules/react-dom/cjs/react-dom.development.js:24905:3)
      at flushPassiveEffectsImpl (node_modules/react-dom/cjs/react-dom.development.js:27078:3)
      at flushPassiveEffects (node_modules/react-dom/cjs/react-dom.development.js:27023:14)
      at commitRootImpl (node_modules/react-dom/cjs/react-dom.development.js:26974:5)
      at commitRoot (node_modules/react-dom/cjs/react-dom.development.js:26721:5)
      at performSyncWorkOnRoot (node_modules/react-dom/cjs/react-dom.development.js:26156:3)
      at flushSyncCallbacks (node_modules/react-dom/cjs/react-dom.development.js:12042:22)
      at flushActQueue (node_modules/react/cjs/react.development.js:2667:24)
      at act (node_modules/react/cjs/react.development.js:2582:11)
      at node_modules/@testing-library/react/dist/act-compat.js:47:25
      at Object.eventWrapper (node_modules/@testing-library/react/dist/pure.js:107:28)
      at fireEvent (node_modules/@testing-library/dom/dist/events.js:12:35)
      at Function.fireEvent.<computed> [as click] (node_modules/@testing-library/dom/dist/events.js:110:36)
      at Function.fireEvent.<computed> [as click] (node_modules/@testing-library/react/dist/fire-event.js:15:52)
      at Object.click (C:\Users\leovp\Programming\adorador\adorador-frontend\src\app\(public)../../../../../grupos/[bandId]/eventos/[eventId]/en-vivo/_components/updatingElements/__tests__/UpdatingSongList.test.tsx:304:15)

  ΓùÅ UpdatingSongList ΓÇ║ should show save button as disabled when there are no changes

    TypeError: A dynamic import callback was invoked without --experimental-vm-modules

      302 |
      303 |     const editButton = screen.getByLabelText('Editar canciones del evento');
    > 304 |     fireEvent.click(editButton);
          |               ^
      305 |
      306 |     // Wait for modal to open
      307 |     await waitFor(() => {

      at domAnimation (node_modules/@heroui/modal/dist/index.js:246:58)
      at node_modules/framer-motion/dist/cjs/index.js:9462:13
      at commitHookEffectListMount (node_modules/react-dom/cjs/react-dom.development.js:23189:26)
      at commitPassiveMountOnFiber (node_modules/react-dom/cjs/react-dom.development.js:24970:11)
      at commitPassiveMountEffects_complete (node_modules/react-dom/cjs/react-dom.development.js:24930:9)
      at commitPassiveMountEffects_begin (node_modules/react-dom/cjs/react-dom.development.js:24917:7)
      at commitPassiveMountEffects (node_modules/react-dom/cjs/react-dom.development.js:24905:3)
      at flushPassiveEffectsImpl (node_modules/react-dom/cjs/react-dom.development.js:27078:3)
      at flushPassiveEffects (node_modules/react-dom/cjs/react-dom.development.js:27023:14)
      at commitRootImpl (node_modules/react-dom/cjs/react-dom.development.js:26974:5)
      at commitRoot (node_modules/react-dom/cjs/react-dom.development.js:26721:5)
      at performSyncWorkOnRoot (node_modules/react-dom/cjs/react-dom.development.js:26156:3)
      at flushSyncCallbacks (node_modules/react-dom/cjs/react-dom.development.js:12042:22)
      at flushActQueue (node_modules/react/cjs/react.development.js:2667:24)
      at act (node_modules/react/cjs/react.development.js:2582:11)
      at node_modules/@testing-library/react/dist/act-compat.js:47:25
      at Object.eventWrapper (node_modules/@testing-library/react/dist/pure.js:107:28)
      at fireEvent (node_modules/@testing-library/dom/dist/events.js:12:35)
      at Function.fireEvent.<computed> [as click] (node_modules/@testing-library/dom/dist/events.js:110:36)
      at Function.fireEvent.<computed> [as click] (node_modules/@testing-library/react/dist/fire-event.js:15:52)
      at Object.click (C:\Users\leovp\Programming\adorador\adorador-frontend\src\app\(public)../../../../../grupos/[bandId]/eventos/[eventId]/en-vivo/_components/updatingElements/__tests__/UpdatingSongList.test.tsx:304:15)

  ΓùÅ UpdatingSongList ΓÇ║ should show save button as disabled when there are no changes

    TypeError: A dynamic import callback was invoked without --experimental-vm-modules

      293 |
      294 |   it('should show save button as disabled when there are no changes', async () => {
    > 295 |     render(
          |           ^
      296 |       <UpdatingSongList
      297 |         songs={mockSongs}
      298 |         params={mockParams}

      at domAnimation (node_modules/@heroui/tooltip/dist/index.js:252:58)
      at node_modules/framer-motion/dist/cjs/index.js:9462:13
      at commitHookEffectListMount (node_modules/react-dom/cjs/react-dom.development.js:23189:26)
      at commitPassiveMountOnFiber (node_modules/react-dom/cjs/react-dom.development.js:24970:11)
      at commitPassiveMountEffects_complete (node_modules/react-dom/cjs/react-dom.development.js:24930:9)
      at commitPassiveMountEffects_begin (node_modules/react-dom/cjs/react-dom.development.js:24917:7)
      at commitPassiveMountEffects (node_modules/react-dom/cjs/react-dom.development.js:24905:3)
      at flushPassiveEffectsImpl (node_modules/react-dom/cjs/react-dom.development.js:27078:3)
      at flushPassiveEffects (node_modules/react-dom/cjs/react-dom.development.js:27023:14)
      at node_modules/react-dom/cjs/react-dom.development.js:26808:9
      at flushActQueue (node_modules/react/cjs/react.development.js:2667:24)
      at act (node_modules/react/cjs/react.development.js:2582:11)
      at node_modules/@testing-library/react/dist/act-compat.js:47:25
      at renderRoot (node_modules/@testing-library/react/dist/pure.js:190:26)
      at render (node_modules/@testing-library/react/dist/pure.js:292:10)
      at Object.<anonymous> (C:\Users\leovp\Programming\adorador\adorador-frontend\src\app\(public)../../../../../grupos/[bandId]/eventos/[eventId]/en-vivo/_components/updatingElements/__tests__/UpdatingSongList.test.tsx:295:11)

  ΓùÅ UpdatingSongList ΓÇ║ should show save button as disabled when there are no changes

    TypeError: A dynamic import callback was invoked without --experimental-vm-modules

      302 |
      303 |     const editButton = screen.getByLabelText('Editar canciones del evento');
    > 304 |     fireEvent.click(editButton);
          |               ^
      305 |
      306 |     // Wait for modal to open
      307 |     await waitFor(() => {

      at domAnimation (node_modules/@heroui/modal/dist/index.js:246:58)
      at node_modules/framer-motion/dist/cjs/index.js:9462:13
      at commitHookEffectListMount (node_modules/react-dom/cjs/react-dom.development.js:23189:26)
      at commitPassiveMountOnFiber (node_modules/react-dom/cjs/react-dom.development.js:24970:11)
      at commitPassiveMountEffects_complete (node_modules/react-dom/cjs/react-dom.development.js:24930:9)
      at commitPassiveMountEffects_begin (node_modules/react-dom/cjs/react-dom.development.js:24917:7)
      at commitPassiveMountEffects (node_modules/react-dom/cjs/react-dom.development.js:24905:3)
      at flushPassiveEffectsImpl (node_modules/react-dom/cjs/react-dom.development.js:27078:3)
      at flushPassiveEffects (node_modules/react-dom/cjs/react-dom.development.js:27023:14)
      at commitRootImpl (node_modules/react-dom/cjs/react-dom.development.js:26974:5)
      at commitRoot (node_modules/react-dom/cjs/react-dom.development.js:26721:5)
      at performSyncWorkOnRoot (node_modules/react-dom/cjs/react-dom.development.js:26156:3)
      at flushSyncCallbacks (node_modules/react-dom/cjs/react-dom.development.js:12042:22)
      at flushActQueue (node_modules/react/cjs/react.development.js:2667:24)
      at act (node_modules/react/cjs/react.development.js:2582:11)
      at node_modules/@testing-library/react/dist/act-compat.js:47:25
      at Object.eventWrapper (node_modules/@testing-library/react/dist/pure.js:107:28)
      at fireEvent (node_modules/@testing-library/dom/dist/events.js:12:35)
      at Function.fireEvent.<computed> [as click] (node_modules/@testing-library/dom/dist/events.js:110:36)
      at Function.fireEvent.<computed> [as click] (node_modules/@testing-library/react/dist/fire-event.js:15:52)
      at Object.click (C:\Users\leovp\Programming\adorador\adorador-frontend\src\app\(public)../../../../../grupos/[bandId]/eventos/[eventId]/en-vivo/_components/updatingElements/__tests__/UpdatingSongList.test.tsx:304:15)

  ΓùÅ UpdatingSongList ΓÇ║ should show save button as disabled when there are no changes

    TypeError: A dynamic import callback was invoked without --experimental-vm-modules

      302 |
      303 |     const editButton = screen.getByLabelText('Editar canciones del evento');
    > 304 |     fireEvent.click(editButton);
          |               ^
      305 |
      306 |     // Wait for modal to open
      307 |     await waitFor(() => {

      at domAnimation (node_modules/@heroui/modal/dist/index.js:246:58)
      at node_modules/framer-motion/dist/cjs/index.js:9462:13
      at commitHookEffectListMount (node_modules/react-dom/cjs/react-dom.development.js:23189:26)
      at commitPassiveMountOnFiber (node_modules/react-dom/cjs/react-dom.development.js:24970:11)
      at commitPassiveMountEffects_complete (node_modules/react-dom/cjs/react-dom.development.js:24930:9)
      at commitPassiveMountEffects_begin (node_modules/react-dom/cjs/react-dom.development.js:24917:7)
      at commitPassiveMountEffects (node_modules/react-dom/cjs/react-dom.development.js:24905:3)
      at flushPassiveEffectsImpl (node_modules/react-dom/cjs/react-dom.development.js:27078:3)
      at flushPassiveEffects (node_modules/react-dom/cjs/react-dom.development.js:27023:14)
      at commitRootImpl (node_modules/react-dom/cjs/react-dom.development.js:26974:5)
      at commitRoot (node_modules/react-dom/cjs/react-dom.development.js:26721:5)
      at performSyncWorkOnRoot (node_modules/react-dom/cjs/react-dom.development.js:26156:3)
      at flushSyncCallbacks (node_modules/react-dom/cjs/react-dom.development.js:12042:22)
      at flushActQueue (node_modules/react/cjs/react.development.js:2667:24)
      at act (node_modules/react/cjs/react.development.js:2582:11)
      at node_modules/@testing-library/react/dist/act-compat.js:47:25
      at Object.eventWrapper (node_modules/@testing-library/react/dist/pure.js:107:28)
      at fireEvent (node_modules/@testing-library/dom/dist/events.js:12:35)
      at Function.fireEvent.<computed> [as click] (node_modules/@testing-library/dom/dist/events.js:110:36)
      at Function.fireEvent.<computed> [as click] (node_modules/@testing-library/react/dist/fire-event.js:15:52)
      at Object.click (C:\Users\leovp\Programming\adorador\adorador-frontend\src\app\(public)../../../../../grupos/[bandId]/eventos/[eventId]/en-vivo/_components/updatingElements/__tests__/UpdatingSongList.test.tsx:304:15)

  ΓùÅ UpdatingSongList ΓÇ║ should display empty state when there are no songs

    TypeError: A dynamic import callback was invoked without --experimental-vm-modules

      315 |
      316 |   it('should display empty state when there are no songs', async () => {
    > 317 |     render(
          |           ^
      318 |       <UpdatingSongList songs={[]} params={mockParams} refetch={mockRefetch} />,
      319 |     );
      320 |

      at domAnimation (node_modules/@heroui/tooltip/dist/index.js:252:58)
      at node_modules/framer-motion/dist/cjs/index.js:9462:13
      at commitHookEffectListMount (node_modules/react-dom/cjs/react-dom.development.js:23189:26)
      at commitPassiveMountOnFiber (node_modules/react-dom/cjs/react-dom.development.js:24970:11)
      at commitPassiveMountEffects_complete (node_modules/react-dom/cjs/react-dom.development.js:24930:9)
      at commitPassiveMountEffects_begin (node_modules/react-dom/cjs/react-dom.development.js:24917:7)
      at commitPassiveMountEffects (node_modules/react-dom/cjs/react-dom.development.js:24905:3)
      at flushPassiveEffectsImpl (node_modules/react-dom/cjs/react-dom.development.js:27078:3)
      at flushPassiveEffects (node_modules/react-dom/cjs/react-dom.development.js:27023:14)
      at node_modules/react-dom/cjs/react-dom.development.js:26808:9
      at flushActQueue (node_modules/react/cjs/react.development.js:2667:24)
      at act (node_modules/react/cjs/react.development.js:2582:11)
      at node_modules/@testing-library/react/dist/act-compat.js:47:25
      at renderRoot (node_modules/@testing-library/react/dist/pure.js:190:26)
      at render (node_modules/@testing-library/react/dist/pure.js:292:10)
      at Object.<anonymous> (C:\Users\leovp\Programming\adorador\adorador-frontend\src\app\(public)../../../../../grupos/[bandId]/eventos/[eventId]/en-vivo/_components/updatingElements/__tests__/UpdatingSongList.test.tsx:317:11)

  ΓùÅ UpdatingSongList ΓÇ║ should display empty state when there are no songs

    TypeError: A dynamic import callback was invoked without --experimental-vm-modules

      320 |
      321 |     const editButton = screen.getByLabelText('Editar canciones del evento');
    > 322 |     fireEvent.click(editButton);
          |               ^
      323 |
      324 |     // Wait for modal to open
      325 |     await waitFor(() => {

      at domAnimation (node_modules/@heroui/modal/dist/index.js:246:58)
      at node_modules/framer-motion/dist/cjs/index.js:9462:13
      at commitHookEffectListMount (node_modules/react-dom/cjs/react-dom.development.js:23189:26)
      at commitPassiveMountOnFiber (node_modules/react-dom/cjs/react-dom.development.js:24970:11)
      at commitPassiveMountEffects_complete (node_modules/react-dom/cjs/react-dom.development.js:24930:9)
      at commitPassiveMountEffects_begin (node_modules/react-dom/cjs/react-dom.development.js:24917:7)
      at commitPassiveMountEffects (node_modules/react-dom/cjs/react-dom.development.js:24905:3)
      at flushPassiveEffectsImpl (node_modules/react-dom/cjs/react-dom.development.js:27078:3)
      at flushPassiveEffects (node_modules/react-dom/cjs/react-dom.development.js:27023:14)
      at commitRootImpl (node_modules/react-dom/cjs/react-dom.development.js:26974:5)
      at commitRoot (node_modules/react-dom/cjs/react-dom.development.js:26721:5)
      at performSyncWorkOnRoot (node_modules/react-dom/cjs/react-dom.development.js:26156:3)
      at flushSyncCallbacks (node_modules/react-dom/cjs/react-dom.development.js:12042:22)
      at flushActQueue (node_modules/react/cjs/react.development.js:2667:24)
      at act (node_modules/react/cjs/react.development.js:2582:11)
      at node_modules/@testing-library/react/dist/act-compat.js:47:25
      at Object.eventWrapper (node_modules/@testing-library/react/dist/pure.js:107:28)
      at fireEvent (node_modules/@testing-library/dom/dist/events.js:12:35)
      at Function.fireEvent.<computed> [as click] (node_modules/@testing-library/dom/dist/events.js:110:36)
      at Function.fireEvent.<computed> [as click] (node_modules/@testing-library/react/dist/fire-event.js:15:52)
      at Object.click (C:\Users\leovp\Programming\adorador\adorador-frontend\src\app\(public)../../../../../grupos/[bandId]/eventos/[eventId]/en-vivo/_components/updatingElements/__tests__/UpdatingSongList.test.tsx:322:15)

  ΓùÅ UpdatingSongList ΓÇ║ should display empty state when there are no songs

    TypeError: A dynamic import callback was invoked without --experimental-vm-modules

      320 |
      321 |     const editButton = screen.getByLabelText('Editar canciones del evento');
    > 322 |     fireEvent.click(editButton);
          |               ^
      323 |
      324 |     // Wait for modal to open
      325 |     await waitFor(() => {

      at domAnimation (node_modules/@heroui/modal/dist/index.js:246:58)
      at node_modules/framer-motion/dist/cjs/index.js:9462:13
      at commitHookEffectListMount (node_modules/react-dom/cjs/react-dom.development.js:23189:26)
      at commitPassiveMountOnFiber (node_modules/react-dom/cjs/react-dom.development.js:24970:11)
      at commitPassiveMountEffects_complete (node_modules/react-dom/cjs/react-dom.development.js:24930:9)
      at commitPassiveMountEffects_begin (node_modules/react-dom/cjs/react-dom.development.js:24917:7)
      at commitPassiveMountEffects (node_modules/react-dom/cjs/react-dom.development.js:24905:3)
      at flushPassiveEffectsImpl (node_modules/react-dom/cjs/react-dom.development.js:27078:3)
      at flushPassiveEffects (node_modules/react-dom/cjs/react-dom.development.js:27023:14)
      at commitRootImpl (node_modules/react-dom/cjs/react-dom.development.js:26974:5)
      at commitRoot (node_modules/react-dom/cjs/react-dom.development.js:26721:5)
      at performSyncWorkOnRoot (node_modules/react-dom/cjs/react-dom.development.js:26156:3)
      at flushSyncCallbacks (node_modules/react-dom/cjs/react-dom.development.js:12042:22)
      at flushActQueue (node_modules/react/cjs/react.development.js:2667:24)
      at act (node_modules/react/cjs/react.development.js:2582:11)
      at node_modules/@testing-library/react/dist/act-compat.js:47:25
      at Object.eventWrapper (node_modules/@testing-library/react/dist/pure.js:107:28)
      at fireEvent (node_modules/@testing-library/dom/dist/events.js:12:35)
      at Function.fireEvent.<computed> [as click] (node_modules/@testing-library/dom/dist/events.js:110:36)
      at Function.fireEvent.<computed> [as click] (node_modules/@testing-library/react/dist/fire-event.js:15:52)
      at Object.click (C:\Users\leovp\Programming\adorador\adorador-frontend\src\app\(public)../../../../../grupos/[bandId]/eventos/[eventId]/en-vivo/_components/updatingElements/__tests__/UpdatingSongList.test.tsx:322:15)

  ΓùÅ UpdatingSongList ΓÇ║ should display empty state when there are no songs

    TypeError: A dynamic import callback was invoked without --experimental-vm-modules

      315 |
      316 |   it('should display empty state when there are no songs', async () => {
    > 317 |     render(
          |           ^
      318 |       <UpdatingSongList songs={[]} params={mockParams} refetch={mockRefetch} />,
      319 |     );
      320 |

      at domAnimation (node_modules/@heroui/tooltip/dist/index.js:252:58)
      at node_modules/framer-motion/dist/cjs/index.js:9462:13
      at commitHookEffectListMount (node_modules/react-dom/cjs/react-dom.development.js:23189:26)
      at commitPassiveMountOnFiber (node_modules/react-dom/cjs/react-dom.development.js:24970:11)
      at commitPassiveMountEffects_complete (node_modules/react-dom/cjs/react-dom.development.js:24930:9)
      at commitPassiveMountEffects_begin (node_modules/react-dom/cjs/react-dom.development.js:24917:7)
      at commitPassiveMountEffects (node_modules/react-dom/cjs/react-dom.development.js:24905:3)
      at flushPassiveEffectsImpl (node_modules/react-dom/cjs/react-dom.development.js:27078:3)
      at flushPassiveEffects (node_modules/react-dom/cjs/react-dom.development.js:27023:14)
      at node_modules/react-dom/cjs/react-dom.development.js:26808:9
      at flushActQueue (node_modules/react/cjs/react.development.js:2667:24)
      at act (node_modules/react/cjs/react.development.js:2582:11)
      at node_modules/@testing-library/react/dist/act-compat.js:47:25
      at renderRoot (node_modules/@testing-library/react/dist/pure.js:190:26)
      at render (node_modules/@testing-library/react/dist/pure.js:292:10)
      at Object.<anonymous> (C:\Users\leovp\Programming\adorador\adorador-frontend\src\app\(public)../../../../../grupos/[bandId]/eventos/[eventId]/en-vivo/_components/updatingElements/__tests__/UpdatingSongList.test.tsx:317:11)

  ΓùÅ UpdatingSongList ΓÇ║ should display empty state when there are no songs

    TypeError: A dynamic import callback was invoked without --experimental-vm-modules

      320 |
      321 |     const editButton = screen.getByLabelText('Editar canciones del evento');
    > 322 |     fireEvent.click(editButton);
          |               ^
      323 |
      324 |     // Wait for modal to open
      325 |     await waitFor(() => {

      at domAnimation (node_modules/@heroui/modal/dist/index.js:246:58)
      at node_modules/framer-motion/dist/cjs/index.js:9462:13
      at commitHookEffectListMount (node_modules/react-dom/cjs/react-dom.development.js:23189:26)
      at commitPassiveMountOnFiber (node_modules/react-dom/cjs/react-dom.development.js:24970:11)
      at commitPassiveMountEffects_complete (node_modules/react-dom/cjs/react-dom.development.js:24930:9)
      at commitPassiveMountEffects_begin (node_modules/react-dom/cjs/react-dom.development.js:24917:7)
      at commitPassiveMountEffects (node_modules/react-dom/cjs/react-dom.development.js:24905:3)
      at flushPassiveEffectsImpl (node_modules/react-dom/cjs/react-dom.development.js:27078:3)
      at flushPassiveEffects (node_modules/react-dom/cjs/react-dom.development.js:27023:14)
      at commitRootImpl (node_modules/react-dom/cjs/react-dom.development.js:26974:5)
      at commitRoot (node_modules/react-dom/cjs/react-dom.development.js:26721:5)
      at performSyncWorkOnRoot (node_modules/react-dom/cjs/react-dom.development.js:26156:3)
      at flushSyncCallbacks (node_modules/react-dom/cjs/react-dom.development.js:12042:22)
      at flushActQueue (node_modules/react/cjs/react.development.js:2667:24)
      at act (node_modules/react/cjs/react.development.js:2582:11)
      at node_modules/@testing-library/react/dist/act-compat.js:47:25
      at Object.eventWrapper (node_modules/@testing-library/react/dist/pure.js:107:28)
      at fireEvent (node_modules/@testing-library/dom/dist/events.js:12:35)
      at Function.fireEvent.<computed> [as click] (node_modules/@testing-library/dom/dist/events.js:110:36)
      at Function.fireEvent.<computed> [as click] (node_modules/@testing-library/react/dist/fire-event.js:15:52)
      at Object.click (C:\Users\leovp\Programming\adorador\adorador-frontend\src\app\(public)../../../../../grupos/[bandId]/eventos/[eventId]/en-vivo/_components/updatingElements/__tests__/UpdatingSongList.test.tsx:322:15)

  ΓùÅ UpdatingSongList ΓÇ║ should display empty state when there are no songs

    TypeError: A dynamic import callback was invoked without --experimental-vm-modules

      320 |
      321 |     const editButton = screen.getByLabelText('Editar canciones del evento');
    > 322 |     fireEvent.click(editButton);
          |               ^
      323 |
      324 |     // Wait for modal to open
      325 |     await waitFor(() => {

      at domAnimation (node_modules/@heroui/modal/dist/index.js:246:58)
      at node_modules/framer-motion/dist/cjs/index.js:9462:13
      at commitHookEffectListMount (node_modules/react-dom/cjs/react-dom.development.js:23189:26)
      at commitPassiveMountOnFiber (node_modules/react-dom/cjs/react-dom.development.js:24970:11)
      at commitPassiveMountEffects_complete (node_modules/react-dom/cjs/react-dom.development.js:24930:9)
      at commitPassiveMountEffects_begin (node_modules/react-dom/cjs/react-dom.development.js:24917:7)
      at commitPassiveMountEffects (node_modules/react-dom/cjs/react-dom.development.js:24905:3)
      at flushPassiveEffectsImpl (node_modules/react-dom/cjs/react-dom.development.js:27078:3)
      at flushPassiveEffects (node_modules/react-dom/cjs/react-dom.development.js:27023:14)
      at commitRootImpl (node_modules/react-dom/cjs/react-dom.development.js:26974:5)
      at commitRoot (node_modules/react-dom/cjs/react-dom.development.js:26721:5)
      at performSyncWorkOnRoot (node_modules/react-dom/cjs/react-dom.development.js:26156:3)
      at flushSyncCallbacks (node_modules/react-dom/cjs/react-dom.development.js:12042:22)
      at flushActQueue (node_modules/react/cjs/react.development.js:2667:24)
      at act (node_modules/react/cjs/react.development.js:2582:11)
      at node_modules/@testing-library/react/dist/act-compat.js:47:25
      at Object.eventWrapper (node_modules/@testing-library/react/dist/pure.js:107:28)
      at fireEvent (node_modules/@testing-library/dom/dist/events.js:12:35)
      at Function.fireEvent.<computed> [as click] (node_modules/@testing-library/dom/dist/events.js:110:36)
      at Function.fireEvent.<computed> [as click] (node_modules/@testing-library/react/dist/fire-event.js:15:52)
      at Object.click (C:\Users\leovp\Programming\adorador\adorador-frontend\src\app\(public)../../../../../grupos/[bandId]/eventos/[eventId]/en-vivo/_components/updatingElements/__tests__/UpdatingSongList.test.tsx:322:15)

  ΓùÅ UpdatingSongList ΓÇ║ should call refetch after successful save

    TypeError: A dynamic import callback was invoked without --experimental-vm-modules

      341 |     );
      342 |
    > 343 |     const { rerender } = render(
          |                                ^
      344 |       <UpdatingSongList
      345 |         songs={mockSongs}
      346 |         params={mockParams}

      at domAnimation (node_modules/@heroui/tooltip/dist/index.js:252:58)
      at node_modules/framer-motion/dist/cjs/index.js:9462:13
      at commitHookEffectListMount (node_modules/react-dom/cjs/react-dom.development.js:23189:26)
      at commitPassiveMountOnFiber (node_modules/react-dom/cjs/react-dom.development.js:24970:11)
      at commitPassiveMountEffects_complete (node_modules/react-dom/cjs/react-dom.development.js:24930:9)
      at commitPassiveMountEffects_begin (node_modules/react-dom/cjs/react-dom.development.js:24917:7)
      at commitPassiveMountEffects (node_modules/react-dom/cjs/react-dom.development.js:24905:3)
      at flushPassiveEffectsImpl (node_modules/react-dom/cjs/react-dom.development.js:27078:3)
      at flushPassiveEffects (node_modules/react-dom/cjs/react-dom.development.js:27023:14)
      at node_modules/react-dom/cjs/react-dom.development.js:26808:9
      at flushActQueue (node_modules/react/cjs/react.development.js:2667:24)
      at act (node_modules/react/cjs/react.development.js:2582:11)
      at node_modules/@testing-library/react/dist/act-compat.js:47:25
      at renderRoot (node_modules/@testing-library/react/dist/pure.js:190:26)
      at render (node_modules/@testing-library/react/dist/pure.js:292:10)
      at Object.<anonymous> (C:\Users\leovp\Programming\adorador\adorador-frontend\src\app\(public)../../../../../grupos/[bandId]/eventos/[eventId]/en-vivo/_components/updatingElements/__tests__/UpdatingSongList.test.tsx:343:32)

  ΓùÅ UpdatingSongList ΓÇ║ should call refetch after successful save

    TypeError: A dynamic import callback was invoked without --experimental-vm-modules

      341 |     );
      342 |
    > 343 |     const { rerender } = render(
          |                                ^
      344 |       <UpdatingSongList
      345 |         songs={mockSongs}
      346 |         params={mockParams}

      at domAnimation (node_modules/@heroui/tooltip/dist/index.js:252:58)
      at node_modules/framer-motion/dist/cjs/index.js:9462:13
      at commitHookEffectListMount (node_modules/react-dom/cjs/react-dom.development.js:23189:26)
      at commitPassiveMountOnFiber (node_modules/react-dom/cjs/react-dom.development.js:24970:11)
      at commitPassiveMountEffects_complete (node_modules/react-dom/cjs/react-dom.development.js:24930:9)
      at commitPassiveMountEffects_begin (node_modules/react-dom/cjs/react-dom.development.js:24917:7)
      at commitPassiveMountEffects (node_modules/react-dom/cjs/react-dom.development.js:24905:3)
      at flushPassiveEffectsImpl (node_modules/react-dom/cjs/react-dom.development.js:27078:3)
      at flushPassiveEffects (node_modules/react-dom/cjs/react-dom.development.js:27023:14)
      at node_modules/react-dom/cjs/react-dom.development.js:26808:9
      at flushActQueue (node_modules/react/cjs/react.development.js:2667:24)
      at act (node_modules/react/cjs/react.development.js:2582:11)
      at node_modules/@testing-library/react/dist/act-compat.js:47:25
      at renderRoot (node_modules/@testing-library/react/dist/pure.js:190:26)
      at render (node_modules/@testing-library/react/dist/pure.js:292:10)
      at Object.<anonymous> (C:\Users\leovp\Programming\adorador\adorador-frontend\src\app\(public)../../../../../grupos/[bandId]/eventos/[eventId]/en-vivo/_components/updatingElements/__tests__/UpdatingSongList.test.tsx:343:32)

  ΓùÅ UpdatingSongList ΓÇ║ should show loading state on save button when pending

    TypeError: A dynamic import callback was invoked without --experimental-vm-modules

      374 |     );
      375 |
    > 376 |     render(
          |           ^
      377 |       <UpdatingSongList
      378 |         songs={mockSongs}
      379 |         params={mockParams}

      at domAnimation (node_modules/@heroui/tooltip/dist/index.js:252:58)
      at node_modules/framer-motion/dist/cjs/index.js:9462:13
      at commitHookEffectListMount (node_modules/react-dom/cjs/react-dom.development.js:23189:26)
      at commitPassiveMountOnFiber (node_modules/react-dom/cjs/react-dom.development.js:24970:11)
      at commitPassiveMountEffects_complete (node_modules/react-dom/cjs/react-dom.development.js:24930:9)
      at commitPassiveMountEffects_begin (node_modules/react-dom/cjs/react-dom.development.js:24917:7)
      at commitPassiveMountEffects (node_modules/react-dom/cjs/react-dom.development.js:24905:3)
      at flushPassiveEffectsImpl (node_modules/react-dom/cjs/react-dom.development.js:27078:3)
      at flushPassiveEffects (node_modules/react-dom/cjs/react-dom.development.js:27023:14)
      at node_modules/react-dom/cjs/react-dom.development.js:26808:9
      at flushActQueue (node_modules/react/cjs/react.development.js:2667:24)
      at act (node_modules/react/cjs/react.development.js:2582:11)
      at node_modules/@testing-library/react/dist/act-compat.js:47:25
      at renderRoot (node_modules/@testing-library/react/dist/pure.js:190:26)
      at render (node_modules/@testing-library/react/dist/pure.js:292:10)
      at Object.<anonymous> (C:\Users\leovp\Programming\adorador\adorador-frontend\src\app\(public)../../../../../grupos/[bandId]/eventos/[eventId]/en-vivo/_components/updatingElements/__tests__/UpdatingSongList.test.tsx:376:11)

  ΓùÅ UpdatingSongList ΓÇ║ should show loading state on save button when pending

    TypeError: A dynamic import callback was invoked without --experimental-vm-modules

      398 |     );
      399 |
    > 400 |     render(
          |           ^
      401 |       <UpdatingSongList
      402 |         songs={mockSongs}
      403 |         params={mockParams}

      at domAnimation (node_modules/@heroui/tooltip/dist/index.js:252:58)
      at node_modules/framer-motion/dist/cjs/index.js:9462:13
      at commitHookEffectListMount (node_modules/react-dom/cjs/react-dom.development.js:23189:26)
      at commitPassiveMountOnFiber (node_modules/react-dom/cjs/react-dom.development.js:24970:11)
      at commitPassiveMountEffects_complete (node_modules/react-dom/cjs/react-dom.development.js:24930:9)
      at commitPassiveMountEffects_begin (node_modules/react-dom/cjs/react-dom.development.js:24917:7)
      at commitPassiveMountEffects (node_modules/react-dom/cjs/react-dom.development.js:24905:3)
      at flushPassiveEffectsImpl (node_modules/react-dom/cjs/react-dom.development.js:27078:3)
      at flushPassiveEffects (node_modules/react-dom/cjs/react-dom.development.js:27023:14)
      at node_modules/react-dom/cjs/react-dom.development.js:26808:9
      at flushActQueue (node_modules/react/cjs/react.development.js:2667:24)
      at act (node_modules/react/cjs/react.development.js:2582:11)
      at node_modules/@testing-library/react/dist/act-compat.js:47:25
      at renderRoot (node_modules/@testing-library/react/dist/pure.js:190:26)
      at render (node_modules/@testing-library/react/dist/pure.js:292:10)
      at Object.<anonymous> (C:\Users\leovp\Programming\adorador\adorador-frontend\src\app\(public)../../../../../grupos/[bandId]/eventos/[eventId]/en-vivo/_components/updatingElements/__tests__/UpdatingSongList.test.tsx:400:11)

  ΓùÅ UpdatingSongList ΓÇ║ should show loading state on save button when pending

    TypeError: A dynamic import callback was invoked without --experimental-vm-modules

      421 |     );
      422 |
    > 423 |     render(
          |           ^
      424 |       <UpdatingSongList
      425 |         songs={mockSongs}
      426 |         params={mockParams}

      at domAnimation (node_modules/@heroui/tooltip/dist/index.js:252:58)
      at node_modules/framer-motion/dist/cjs/index.js:9462:13
      at commitHookEffectListMount (node_modules/react-dom/cjs/react-dom.development.js:23189:26)
      at commitPassiveMountOnFiber (node_modules/react-dom/cjs/react-dom.development.js:24970:11)
      at commitPassiveMountEffects_complete (node_modules/react-dom/cjs/react-dom.development.js:24930:9)
      at commitPassiveMountEffects_begin (node_modules/react-dom/cjs/react-dom.development.js:24917:7)
      at commitPassiveMountEffects (node_modules/react-dom/cjs/react-dom.development.js:24905:3)
      at flushPassiveEffectsImpl (node_modules/react-dom/cjs/react-dom.development.js:27078:3)
      at flushPassiveEffects (node_modules/react-dom/cjs/react-dom.development.js:27023:14)
      at node_modules/react-dom/cjs/react-dom.development.js:26808:9
      at flushActQueue (node_modules/react/cjs/react.development.js:2667:24)
      at act (node_modules/react/cjs/react.development.js:2582:11)
      at node_modules/@testing-library/react/dist/act-compat.js:47:25
      at renderRoot (node_modules/@testing-library/react/dist/pure.js:190:26)
      at render (node_modules/@testing-library/react/dist/pure.js:292:10)
      at Object.<anonymous> (C:\Users\leovp\Programming\adorador\adorador-frontend\src\app\(public)../../../../../grupos/[bandId]/eventos/[eventId]/en-vivo/_components/updatingElements/__tests__/UpdatingSongList.test.tsx:423:11)

  ΓùÅ UpdatingSongList ΓÇ║ should show loading state on save button when pending

    TypeError: A dynamic import callback was invoked without --experimental-vm-modules

      430 |
      431 |     const editButton = screen.getByLabelText('Editar canciones del evento');
    > 432 |     fireEvent.click(editButton);
          |               ^
      433 |
      434 |     // Wait for modal to open
      435 |     await waitFor(() => {

      at domAnimation (node_modules/@heroui/modal/dist/index.js:246:58)
      at node_modules/framer-motion/dist/cjs/index.js:9462:13
      at commitHookEffectListMount (node_modules/react-dom/cjs/react-dom.development.js:23189:26)
      at commitPassiveMountOnFiber (node_modules/react-dom/cjs/react-dom.development.js:24970:11)
      at commitPassiveMountEffects_complete (node_modules/react-dom/cjs/react-dom.development.js:24930:9)
      at commitPassiveMountEffects_begin (node_modules/react-dom/cjs/react-dom.development.js:24917:7)
      at commitPassiveMountEffects (node_modules/react-dom/cjs/react-dom.development.js:24905:3)
      at flushPassiveEffectsImpl (node_modules/react-dom/cjs/react-dom.development.js:27078:3)
      at flushPassiveEffects (node_modules/react-dom/cjs/react-dom.development.js:27023:14)
      at commitRootImpl (node_modules/react-dom/cjs/react-dom.development.js:26974:5)
      at commitRoot (node_modules/react-dom/cjs/react-dom.development.js:26721:5)
      at performSyncWorkOnRoot (node_modules/react-dom/cjs/react-dom.development.js:26156:3)
      at flushSyncCallbacks (node_modules/react-dom/cjs/react-dom.development.js:12042:22)
      at flushActQueue (node_modules/react/cjs/react.development.js:2667:24)
      at act (node_modules/react/cjs/react.development.js:2582:11)
      at node_modules/@testing-library/react/dist/act-compat.js:47:25
      at Object.eventWrapper (node_modules/@testing-library/react/dist/pure.js:107:28)
      at fireEvent (node_modules/@testing-library/dom/dist/events.js:12:35)
      at Function.fireEvent.<computed> [as click] (node_modules/@testing-library/dom/dist/events.js:110:36)
      at Function.fireEvent.<computed> [as click] (node_modules/@testing-library/react/dist/fire-event.js:15:52)
      at Object.click (C:\Users\leovp\Programming\adorador\adorador-frontend\src\app\(public)../../../../../grupos/[bandId]/eventos/[eventId]/en-vivo/_components/updatingElements/__tests__/UpdatingSongList.test.tsx:432:15)

  ΓùÅ UpdatingSongList ΓÇ║ should show loading state on save button when pending

    TypeError: A dynamic import callback was invoked without --experimental-vm-modules

      430 |
      431 |     const editButton = screen.getByLabelText('Editar canciones del evento');
    > 432 |     fireEvent.click(editButton);
          |               ^
      433 |
      434 |     // Wait for modal to open
      435 |     await waitFor(() => {

      at domAnimation (node_modules/@heroui/modal/dist/index.js:246:58)
      at node_modules/framer-motion/dist/cjs/index.js:9462:13
      at commitHookEffectListMount (node_modules/react-dom/cjs/react-dom.development.js:23189:26)
      at commitPassiveMountOnFiber (node_modules/react-dom/cjs/react-dom.development.js:24970:11)
      at commitPassiveMountEffects_complete (node_modules/react-dom/cjs/react-dom.development.js:24930:9)
      at commitPassiveMountEffects_begin (node_modules/react-dom/cjs/react-dom.development.js:24917:7)
      at commitPassiveMountEffects (node_modules/react-dom/cjs/react-dom.development.js:24905:3)
      at flushPassiveEffectsImpl (node_modules/react-dom/cjs/react-dom.development.js:27078:3)
      at flushPassiveEffects (node_modules/react-dom/cjs/react-dom.development.js:27023:14)
      at commitRootImpl (node_modules/react-dom/cjs/react-dom.development.js:26974:5)
      at commitRoot (node_modules/react-dom/cjs/react-dom.development.js:26721:5)
      at performSyncWorkOnRoot (node_modules/react-dom/cjs/react-dom.development.js:26156:3)
      at flushSyncCallbacks (node_modules/react-dom/cjs/react-dom.development.js:12042:22)
      at flushActQueue (node_modules/react/cjs/react.development.js:2667:24)
      at act (node_modules/react/cjs/react.development.js:2582:11)
      at node_modules/@testing-library/react/dist/act-compat.js:47:25
      at Object.eventWrapper (node_modules/@testing-library/react/dist/pure.js:107:28)
      at fireEvent (node_modules/@testing-library/dom/dist/events.js:12:35)
      at Function.fireEvent.<computed> [as click] (node_modules/@testing-library/dom/dist/events.js:110:36)
      at Function.fireEvent.<computed> [as click] (node_modules/@testing-library/react/dist/fire-event.js:15:52)
      at Object.click (C:\Users\leovp\Programming\adorador\adorador-frontend\src\app\(public)../../../../../grupos/[bandId]/eventos/[eventId]/en-vivo/_components/updatingElements/__tests__/UpdatingSongList.test.tsx:432:15)

  ΓùÅ UpdatingSongList ΓÇ║ should show loading state on save button when pending

    TypeError: A dynamic import callback was invoked without --experimental-vm-modules

      374 |     );
      375 |
    > 376 |     render(
          |           ^
      377 |       <UpdatingSongList
      378 |         songs={mockSongs}
      379 |         params={mockParams}

      at domAnimation (node_modules/@heroui/tooltip/dist/index.js:252:58)
      at node_modules/framer-motion/dist/cjs/index.js:9462:13
      at commitHookEffectListMount (node_modules/react-dom/cjs/react-dom.development.js:23189:26)
      at commitPassiveMountOnFiber (node_modules/react-dom/cjs/react-dom.development.js:24970:11)
      at commitPassiveMountEffects_complete (node_modules/react-dom/cjs/react-dom.development.js:24930:9)
      at commitPassiveMountEffects_begin (node_modules/react-dom/cjs/react-dom.development.js:24917:7)
      at commitPassiveMountEffects (node_modules/react-dom/cjs/react-dom.development.js:24905:3)
      at flushPassiveEffectsImpl (node_modules/react-dom/cjs/react-dom.development.js:27078:3)
      at flushPassiveEffects (node_modules/react-dom/cjs/react-dom.development.js:27023:14)
      at node_modules/react-dom/cjs/react-dom.development.js:26808:9
      at flushActQueue (node_modules/react/cjs/react.development.js:2667:24)
      at act (node_modules/react/cjs/react.development.js:2582:11)
      at node_modules/@testing-library/react/dist/act-compat.js:47:25
      at renderRoot (node_modules/@testing-library/react/dist/pure.js:190:26)
      at render (node_modules/@testing-library/react/dist/pure.js:292:10)
      at Object.<anonymous> (C:\Users\leovp\Programming\adorador\adorador-frontend\src\app\(public)../../../../../grupos/[bandId]/eventos/[eventId]/en-vivo/_components/updatingElements/__tests__/UpdatingSongList.test.tsx:376:11)

  ΓùÅ UpdatingSongList ΓÇ║ should show loading state on save button when pending

    TypeError: A dynamic import callback was invoked without --experimental-vm-modules

      398 |     );
      399 |
    > 400 |     render(
          |           ^
      401 |       <UpdatingSongList
      402 |         songs={mockSongs}
      403 |         params={mockParams}

      at domAnimation (node_modules/@heroui/tooltip/dist/index.js:252:58)
      at node_modules/framer-motion/dist/cjs/index.js:9462:13
      at commitHookEffectListMount (node_modules/react-dom/cjs/react-dom.development.js:23189:26)
      at commitPassiveMountOnFiber (node_modules/react-dom/cjs/react-dom.development.js:24970:11)
      at commitPassiveMountEffects_complete (node_modules/react-dom/cjs/react-dom.development.js:24930:9)
      at commitPassiveMountEffects_begin (node_modules/react-dom/cjs/react-dom.development.js:24917:7)
      at commitPassiveMountEffects (node_modules/react-dom/cjs/react-dom.development.js:24905:3)
      at flushPassiveEffectsImpl (node_modules/react-dom/cjs/react-dom.development.js:27078:3)
      at flushPassiveEffects (node_modules/react-dom/cjs/react-dom.development.js:27023:14)
      at node_modules/react-dom/cjs/react-dom.development.js:26808:9
      at flushActQueue (node_modules/react/cjs/react.development.js:2667:24)
      at act (node_modules/react/cjs/react.development.js:2582:11)
      at node_modules/@testing-library/react/dist/act-compat.js:47:25
      at renderRoot (node_modules/@testing-library/react/dist/pure.js:190:26)
      at render (node_modules/@testing-library/react/dist/pure.js:292:10)
      at Object.<anonymous> (C:\Users\leovp\Programming\adorador\adorador-frontend\src\app\(public)../../../../../grupos/[bandId]/eventos/[eventId]/en-vivo/_components/updatingElements/__tests__/UpdatingSongList.test.tsx:400:11)

  ΓùÅ UpdatingSongList ΓÇ║ should show loading state on save button when pending

    TypeError: A dynamic import callback was invoked without --experimental-vm-modules

      421 |     );
      422 |
    > 423 |     render(
          |           ^
      424 |       <UpdatingSongList
      425 |         songs={mockSongs}
      426 |         params={mockParams}

      at domAnimation (node_modules/@heroui/tooltip/dist/index.js:252:58)
      at node_modules/framer-motion/dist/cjs/index.js:9462:13
      at commitHookEffectListMount (node_modules/react-dom/cjs/react-dom.development.js:23189:26)
      at commitPassiveMountOnFiber (node_modules/react-dom/cjs/react-dom.development.js:24970:11)
      at commitPassiveMountEffects_complete (node_modules/react-dom/cjs/react-dom.development.js:24930:9)
      at commitPassiveMountEffects_begin (node_modules/react-dom/cjs/react-dom.development.js:24917:7)
      at commitPassiveMountEffects (node_modules/react-dom/cjs/react-dom.development.js:24905:3)
      at flushPassiveEffectsImpl (node_modules/react-dom/cjs/react-dom.development.js:27078:3)
      at flushPassiveEffects (node_modules/react-dom/cjs/react-dom.development.js:27023:14)
      at node_modules/react-dom/cjs/react-dom.development.js:26808:9
      at flushActQueue (node_modules/react/cjs/react.development.js:2667:24)
      at act (node_modules/react/cjs/react.development.js:2582:11)
      at node_modules/@testing-library/react/dist/act-compat.js:47:25
      at renderRoot (node_modules/@testing-library/react/dist/pure.js:190:26)
      at render (node_modules/@testing-library/react/dist/pure.js:292:10)
      at Object.<anonymous> (C:\Users\leovp\Programming\adorador\adorador-frontend\src\app\(public)../../../../../grupos/[bandId]/eventos/[eventId]/en-vivo/_components/updatingElements/__tests__/UpdatingSongList.test.tsx:423:11)

  ΓùÅ UpdatingSongList ΓÇ║ should show loading state on save button when pending

    TypeError: A dynamic import callback was invoked without --experimental-vm-modules

      430 |
      431 |     const editButton = screen.getByLabelText('Editar canciones del evento');
    > 432 |     fireEvent.click(editButton);
          |               ^
      433 |
      434 |     // Wait for modal to open
      435 |     await waitFor(() => {

      at domAnimation (node_modules/@heroui/modal/dist/index.js:246:58)
      at node_modules/framer-motion/dist/cjs/index.js:9462:13
      at commitHookEffectListMount (node_modules/react-dom/cjs/react-dom.development.js:23189:26)
      at commitPassiveMountOnFiber (node_modules/react-dom/cjs/react-dom.development.js:24970:11)
      at commitPassiveMountEffects_complete (node_modules/react-dom/cjs/react-dom.development.js:24930:9)
      at commitPassiveMountEffects_begin (node_modules/react-dom/cjs/react-dom.development.js:24917:7)
      at commitPassiveMountEffects (node_modules/react-dom/cjs/react-dom.development.js:24905:3)
      at flushPassiveEffectsImpl (node_modules/react-dom/cjs/react-dom.development.js:27078:3)
      at flushPassiveEffects (node_modules/react-dom/cjs/react-dom.development.js:27023:14)
      at commitRootImpl (node_modules/react-dom/cjs/react-dom.development.js:26974:5)
      at commitRoot (node_modules/react-dom/cjs/react-dom.development.js:26721:5)
      at performSyncWorkOnRoot (node_modules/react-dom/cjs/react-dom.development.js:26156:3)
      at flushSyncCallbacks (node_modules/react-dom/cjs/react-dom.development.js:12042:22)
      at flushActQueue (node_modules/react/cjs/react.development.js:2667:24)
      at act (node_modules/react/cjs/react.development.js:2582:11)
      at node_modules/@testing-library/react/dist/act-compat.js:47:25
      at Object.eventWrapper (node_modules/@testing-library/react/dist/pure.js:107:28)
      at fireEvent (node_modules/@testing-library/dom/dist/events.js:12:35)
      at Function.fireEvent.<computed> [as click] (node_modules/@testing-library/dom/dist/events.js:110:36)
      at Function.fireEvent.<computed> [as click] (node_modules/@testing-library/react/dist/fire-event.js:15:52)
      at Object.click (C:\Users\leovp\Programming\adorador\adorador-frontend\src\app\(public)../../../../../grupos/[bandId]/eventos/[eventId]/en-vivo/_components/updatingElements/__tests__/UpdatingSongList.test.tsx:432:15)

  ΓùÅ UpdatingSongList ΓÇ║ should show loading state on save button when pending

    TypeError: A dynamic import callback was invoked without --experimental-vm-modules

      430 |
      431 |     const editButton = screen.getByLabelText('Editar canciones del evento');
    > 432 |     fireEvent.click(editButton);
          |               ^
      433 |
      434 |     // Wait for modal to open
      435 |     await waitFor(() => {

      at domAnimation (node_modules/@heroui/modal/dist/index.js:246:58)
      at node_modules/framer-motion/dist/cjs/index.js:9462:13
      at commitHookEffectListMount (node_modules/react-dom/cjs/react-dom.development.js:23189:26)
      at commitPassiveMountOnFiber (node_modules/react-dom/cjs/react-dom.development.js:24970:11)
      at commitPassiveMountEffects_complete (node_modules/react-dom/cjs/react-dom.development.js:24930:9)
      at commitPassiveMountEffects_begin (node_modules/react-dom/cjs/react-dom.development.js:24917:7)
      at commitPassiveMountEffects (node_modules/react-dom/cjs/react-dom.development.js:24905:3)
      at flushPassiveEffectsImpl (node_modules/react-dom/cjs/react-dom.development.js:27078:3)
      at flushPassiveEffects (node_modules/react-dom/cjs/react-dom.development.js:27023:14)
      at commitRootImpl (node_modules/react-dom/cjs/react-dom.development.js:26974:5)
      at commitRoot (node_modules/react-dom/cjs/react-dom.development.js:26721:5)
      at performSyncWorkOnRoot (node_modules/react-dom/cjs/react-dom.development.js:26156:3)
      at flushSyncCallbacks (node_modules/react-dom/cjs/react-dom.development.js:12042:22)
      at flushActQueue (node_modules/react/cjs/react.development.js:2667:24)
      at act (node_modules/react/cjs/react.development.js:2582:11)
      at node_modules/@testing-library/react/dist/act-compat.js:47:25
      at Object.eventWrapper (node_modules/@testing-library/react/dist/pure.js:107:28)
      at fireEvent (node_modules/@testing-library/dom/dist/events.js:12:35)
      at Function.fireEvent.<computed> [as click] (node_modules/@testing-library/dom/dist/events.js:110:36)
      at Function.fireEvent.<computed> [as click] (node_modules/@testing-library/react/dist/fire-event.js:15:52)
      at Object.click (C:\Users\leovp\Programming\adorador\adorador-frontend\src\app\(public)../../../../../grupos/[bandId]/eventos/[eventId]/en-vivo/_components/updatingElements/__tests__/UpdatingSongList.test.tsx:432:15)

  ΓùÅ UpdatingSongList ΓÇ║ should disable cancel button when operation is pending

    TypeError: A dynamic import callback was invoked without --experimental-vm-modules

      449 |     );
      450 |
    > 451 |     render(
          |           ^
      452 |       <UpdatingSongList
      453 |         songs={mockSongs}
      454 |         params={mockParams}

      at domAnimation (node_modules/@heroui/tooltip/dist/index.js:252:58)
      at node_modules/framer-motion/dist/cjs/index.js:9462:13
      at commitHookEffectListMount (node_modules/react-dom/cjs/react-dom.development.js:23189:26)
      at commitPassiveMountOnFiber (node_modules/react-dom/cjs/react-dom.development.js:24970:11)
      at commitPassiveMountEffects_complete (node_modules/react-dom/cjs/react-dom.development.js:24930:9)
      at commitPassiveMountEffects_begin (node_modules/react-dom/cjs/react-dom.development.js:24917:7)
      at commitPassiveMountEffects (node_modules/react-dom/cjs/react-dom.development.js:24905:3)
      at flushPassiveEffectsImpl (node_modules/react-dom/cjs/react-dom.development.js:27078:3)
      at flushPassiveEffects (node_modules/react-dom/cjs/react-dom.development.js:27023:14)
      at node_modules/react-dom/cjs/react-dom.development.js:26808:9
      at flushActQueue (node_modules/react/cjs/react.development.js:2667:24)
      at act (node_modules/react/cjs/react.development.js:2582:11)
      at node_modules/@testing-library/react/dist/act-compat.js:47:25
      at renderRoot (node_modules/@testing-library/react/dist/pure.js:190:26)
      at render (node_modules/@testing-library/react/dist/pure.js:292:10)
      at Object.<anonymous> (C:\Users\leovp\Programming\adorador\adorador-frontend\src\app\(public)../../../../../grupos/[bandId]/eventos/[eventId]/en-vivo/_components/updatingElements/__tests__/UpdatingSongList.test.tsx:451:11)

  ΓùÅ UpdatingSongList ΓÇ║ should disable cancel button when operation is pending

    TypeError: A dynamic import callback was invoked without --experimental-vm-modules

      458 |
      459 |     const editButton = screen.getByLabelText('Editar canciones del evento');
    > 460 |     fireEvent.click(editButton);
          |               ^
      461 |
      462 |     // Wait for modal to open
      463 |     await waitFor(() => {

      at domAnimation (node_modules/@heroui/modal/dist/index.js:246:58)
      at node_modules/framer-motion/dist/cjs/index.js:9462:13
      at commitHookEffectListMount (node_modules/react-dom/cjs/react-dom.development.js:23189:26)
      at commitPassiveMountOnFiber (node_modules/react-dom/cjs/react-dom.development.js:24970:11)
      at commitPassiveMountEffects_complete (node_modules/react-dom/cjs/react-dom.development.js:24930:9)
      at commitPassiveMountEffects_begin (node_modules/react-dom/cjs/react-dom.development.js:24917:7)
      at commitPassiveMountEffects (node_modules/react-dom/cjs/react-dom.development.js:24905:3)
      at flushPassiveEffectsImpl (node_modules/react-dom/cjs/react-dom.development.js:27078:3)
      at flushPassiveEffects (node_modules/react-dom/cjs/react-dom.development.js:27023:14)
      at commitRootImpl (node_modules/react-dom/cjs/react-dom.development.js:26974:5)
      at commitRoot (node_modules/react-dom/cjs/react-dom.development.js:26721:5)
      at performSyncWorkOnRoot (node_modules/react-dom/cjs/react-dom.development.js:26156:3)
      at flushSyncCallbacks (node_modules/react-dom/cjs/react-dom.development.js:12042:22)
      at flushActQueue (node_modules/react/cjs/react.development.js:2667:24)
      at act (node_modules/react/cjs/react.development.js:2582:11)
      at node_modules/@testing-library/react/dist/act-compat.js:47:25
      at Object.eventWrapper (node_modules/@testing-library/react/dist/pure.js:107:28)
      at fireEvent (node_modules/@testing-library/dom/dist/events.js:12:35)
      at Function.fireEvent.<computed> [as click] (node_modules/@testing-library/dom/dist/events.js:110:36)
      at Function.fireEvent.<computed> [as click] (node_modules/@testing-library/react/dist/fire-event.js:15:52)
      at Object.click (C:\Users\leovp\Programming\adorador\adorador-frontend\src\app\(public)../../../../../grupos/[bandId]/eventos/[eventId]/en-vivo/_components/updatingElements/__tests__/UpdatingSongList.test.tsx:460:15)

  ΓùÅ UpdatingSongList ΓÇ║ should disable cancel button when operation is pending

    TypeError: A dynamic import callback was invoked without --experimental-vm-modules

      458 |
      459 |     const editButton = screen.getByLabelText('Editar canciones del evento');
    > 460 |     fireEvent.click(editButton);
          |               ^
      461 |
      462 |     // Wait for modal to open
      463 |     await waitFor(() => {

      at domAnimation (node_modules/@heroui/modal/dist/index.js:246:58)
      at node_modules/framer-motion/dist/cjs/index.js:9462:13
      at commitHookEffectListMount (node_modules/react-dom/cjs/react-dom.development.js:23189:26)
      at commitPassiveMountOnFiber (node_modules/react-dom/cjs/react-dom.development.js:24970:11)
      at commitPassiveMountEffects_complete (node_modules/react-dom/cjs/react-dom.development.js:24930:9)
      at commitPassiveMountEffects_begin (node_modules/react-dom/cjs/react-dom.development.js:24917:7)
      at commitPassiveMountEffects (node_modules/react-dom/cjs/react-dom.development.js:24905:3)
      at flushPassiveEffectsImpl (node_modules/react-dom/cjs/react-dom.development.js:27078:3)
      at flushPassiveEffects (node_modules/react-dom/cjs/react-dom.development.js:27023:14)
      at commitRootImpl (node_modules/react-dom/cjs/react-dom.development.js:26974:5)
      at commitRoot (node_modules/react-dom/cjs/react-dom.development.js:26721:5)
      at performSyncWorkOnRoot (node_modules/react-dom/cjs/react-dom.development.js:26156:3)
      at flushSyncCallbacks (node_modules/react-dom/cjs/react-dom.development.js:12042:22)
      at flushActQueue (node_modules/react/cjs/react.development.js:2667:24)
      at act (node_modules/react/cjs/react.development.js:2582:11)
      at node_modules/@testing-library/react/dist/act-compat.js:47:25
      at Object.eventWrapper (node_modules/@testing-library/react/dist/pure.js:107:28)
      at fireEvent (node_modules/@testing-library/dom/dist/events.js:12:35)
      at Function.fireEvent.<computed> [as click] (node_modules/@testing-library/dom/dist/events.js:110:36)
      at Function.fireEvent.<computed> [as click] (node_modules/@testing-library/react/dist/fire-event.js:15:52)
      at Object.click (C:\Users\leovp\Programming\adorador\adorador-frontend\src\app\(public)../../../../../grupos/[bandId]/eventos/[eventId]/en-vivo/_components/updatingElements/__tests__/UpdatingSongList.test.tsx:460:15)

  ΓùÅ UpdatingSongList ΓÇ║ should disable cancel button when operation is pending

    TypeError: A dynamic import callback was invoked without --experimental-vm-modules

      449 |     );
      450 |
    > 451 |     render(
          |           ^
      452 |       <UpdatingSongList
      453 |         songs={mockSongs}
      454 |         params={mockParams}

      at domAnimation (node_modules/@heroui/tooltip/dist/index.js:252:58)
      at node_modules/framer-motion/dist/cjs/index.js:9462:13
      at commitHookEffectListMount (node_modules/react-dom/cjs/react-dom.development.js:23189:26)
      at commitPassiveMountOnFiber (node_modules/react-dom/cjs/react-dom.development.js:24970:11)
      at commitPassiveMountEffects_complete (node_modules/react-dom/cjs/react-dom.development.js:24930:9)
      at commitPassiveMountEffects_begin (node_modules/react-dom/cjs/react-dom.development.js:24917:7)
      at commitPassiveMountEffects (node_modules/react-dom/cjs/react-dom.development.js:24905:3)
      at flushPassiveEffectsImpl (node_modules/react-dom/cjs/react-dom.development.js:27078:3)
      at flushPassiveEffects (node_modules/react-dom/cjs/react-dom.development.js:27023:14)
      at node_modules/react-dom/cjs/react-dom.development.js:26808:9
      at flushActQueue (node_modules/react/cjs/react.development.js:2667:24)
      at act (node_modules/react/cjs/react.development.js:2582:11)
      at node_modules/@testing-library/react/dist/act-compat.js:47:25
      at renderRoot (node_modules/@testing-library/react/dist/pure.js:190:26)
      at render (node_modules/@testing-library/react/dist/pure.js:292:10)
      at Object.<anonymous> (C:\Users\leovp\Programming\adorador\adorador-frontend\src\app\(public)../../../../../grupos/[bandId]/eventos/[eventId]/en-vivo/_components/updatingElements/__tests__/UpdatingSongList.test.tsx:451:11)

  ΓùÅ UpdatingSongList ΓÇ║ should disable cancel button when operation is pending

    TypeError: A dynamic import callback was invoked without --experimental-vm-modules

      458 |
      459 |     const editButton = screen.getByLabelText('Editar canciones del evento');
    > 460 |     fireEvent.click(editButton);
          |               ^
      461 |
      462 |     // Wait for modal to open
      463 |     await waitFor(() => {

      at domAnimation (node_modules/@heroui/modal/dist/index.js:246:58)
      at node_modules/framer-motion/dist/cjs/index.js:9462:13
      at commitHookEffectListMount (node_modules/react-dom/cjs/react-dom.development.js:23189:26)
      at commitPassiveMountOnFiber (node_modules/react-dom/cjs/react-dom.development.js:24970:11)
      at commitPassiveMountEffects_complete (node_modules/react-dom/cjs/react-dom.development.js:24930:9)
      at commitPassiveMountEffects_begin (node_modules/react-dom/cjs/react-dom.development.js:24917:7)
      at commitPassiveMountEffects (node_modules/react-dom/cjs/react-dom.development.js:24905:3)
      at flushPassiveEffectsImpl (node_modules/react-dom/cjs/react-dom.development.js:27078:3)
      at flushPassiveEffects (node_modules/react-dom/cjs/react-dom.development.js:27023:14)
      at commitRootImpl (node_modules/react-dom/cjs/react-dom.development.js:26974:5)
      at commitRoot (node_modules/react-dom/cjs/react-dom.development.js:26721:5)
      at performSyncWorkOnRoot (node_modules/react-dom/cjs/react-dom.development.js:26156:3)
      at flushSyncCallbacks (node_modules/react-dom/cjs/react-dom.development.js:12042:22)
      at flushActQueue (node_modules/react/cjs/react.development.js:2667:24)
      at act (node_modules/react/cjs/react.development.js:2582:11)
      at node_modules/@testing-library/react/dist/act-compat.js:47:25
      at Object.eventWrapper (node_modules/@testing-library/react/dist/pure.js:107:28)
      at fireEvent (node_modules/@testing-library/dom/dist/events.js:12:35)
      at Function.fireEvent.<computed> [as click] (node_modules/@testing-library/dom/dist/events.js:110:36)
      at Function.fireEvent.<computed> [as click] (node_modules/@testing-library/react/dist/fire-event.js:15:52)
      at Object.click (C:\Users\leovp\Programming\adorador\adorador-frontend\src\app\(public)../../../../../grupos/[bandId]/eventos/[eventId]/en-vivo/_components/updatingElements/__tests__/UpdatingSongList.test.tsx:460:15)

  ΓùÅ UpdatingSongList ΓÇ║ should disable cancel button when operation is pending

    TypeError: A dynamic import callback was invoked without --experimental-vm-modules

      458 |
      459 |     const editButton = screen.getByLabelText('Editar canciones del evento');
    > 460 |     fireEvent.click(editButton);
          |               ^
      461 |
      462 |     // Wait for modal to open
      463 |     await waitFor(() => {

      at domAnimation (node_modules/@heroui/modal/dist/index.js:246:58)
      at node_modules/framer-motion/dist/cjs/index.js:9462:13
      at commitHookEffectListMount (node_modules/react-dom/cjs/react-dom.development.js:23189:26)
      at commitPassiveMountOnFiber (node_modules/react-dom/cjs/react-dom.development.js:24970:11)
      at commitPassiveMountEffects_complete (node_modules/react-dom/cjs/react-dom.development.js:24930:9)
      at commitPassiveMountEffects_begin (node_modules/react-dom/cjs/react-dom.development.js:24917:7)
      at commitPassiveMountEffects (node_modules/react-dom/cjs/react-dom.development.js:24905:3)
      at flushPassiveEffectsImpl (node_modules/react-dom/cjs/react-dom.development.js:27078:3)
      at flushPassiveEffects (node_modules/react-dom/cjs/react-dom.development.js:27023:14)
      at commitRootImpl (node_modules/react-dom/cjs/react-dom.development.js:26974:5)
      at commitRoot (node_modules/react-dom/cjs/react-dom.development.js:26721:5)
      at performSyncWorkOnRoot (node_modules/react-dom/cjs/react-dom.development.js:26156:3)
      at flushSyncCallbacks (node_modules/react-dom/cjs/react-dom.development.js:12042:22)
      at flushActQueue (node_modules/react/cjs/react.development.js:2667:24)
      at act (node_modules/react/cjs/react.development.js:2582:11)
      at node_modules/@testing-library/react/dist/act-compat.js:47:25
      at Object.eventWrapper (node_modules/@testing-library/react/dist/pure.js:107:28)
      at fireEvent (node_modules/@testing-library/dom/dist/events.js:12:35)
      at Function.fireEvent.<computed> [as click] (node_modules/@testing-library/dom/dist/events.js:110:36)
      at Function.fireEvent.<computed> [as click] (node_modules/@testing-library/react/dist/fire-event.js:15:52)
      at Object.click (C:\Users\leovp\Programming\adorador\adorador-frontend\src\app\(public)../../../../../grupos/[bandId]/eventos/[eventId]/en-vivo/_components/updatingElements/__tests__/UpdatingSongList.test.tsx:460:15)

  ΓùÅ UpdatingSongList ΓÇ║ should maintain modal open state during save operation

    TypeError: A dynamic import callback was invoked without --experimental-vm-modules

      477 |     );
      478 |
    > 479 |     render(
          |           ^
      480 |       <UpdatingSongList
      481 |         songs={mockSongs}
      482 |         params={mockParams}

      at domAnimation (node_modules/@heroui/tooltip/dist/index.js:252:58)
      at node_modules/framer-motion/dist/cjs/index.js:9462:13
      at commitHookEffectListMount (node_modules/react-dom/cjs/react-dom.development.js:23189:26)
      at commitPassiveMountOnFiber (node_modules/react-dom/cjs/react-dom.development.js:24970:11)
      at commitPassiveMountEffects_complete (node_modules/react-dom/cjs/react-dom.development.js:24930:9)
      at commitPassiveMountEffects_begin (node_modules/react-dom/cjs/react-dom.development.js:24917:7)
      at commitPassiveMountEffects (node_modules/react-dom/cjs/react-dom.development.js:24905:3)
      at flushPassiveEffectsImpl (node_modules/react-dom/cjs/react-dom.development.js:27078:3)
      at flushPassiveEffects (node_modules/react-dom/cjs/react-dom.development.js:27023:14)
      at node_modules/react-dom/cjs/react-dom.development.js:26808:9
      at flushActQueue (node_modules/react/cjs/react.development.js:2667:24)
      at act (node_modules/react/cjs/react.development.js:2582:11)
      at node_modules/@testing-library/react/dist/act-compat.js:47:25
      at renderRoot (node_modules/@testing-library/react/dist/pure.js:190:26)
      at render (node_modules/@testing-library/react/dist/pure.js:292:10)
      at Object.<anonymous> (C:\Users\leovp\Programming\adorador\adorador-frontend\src\app\(public)../../../../../grupos/[bandId]/eventos/[eventId]/en-vivo/_components/updatingElements/__tests__/UpdatingSongList.test.tsx:479:11)

  ΓùÅ UpdatingSongList ΓÇ║ should maintain modal open state during save operation

    TypeError: A dynamic import callback was invoked without --experimental-vm-modules

      486 |
      487 |     const editButton = screen.getByLabelText('Editar canciones del evento');
    > 488 |     fireEvent.click(editButton);
          |               ^
      489 |
      490 |     // Wait for modal to open
      491 |     await waitFor(() => {

      at domAnimation (node_modules/@heroui/modal/dist/index.js:246:58)
      at node_modules/framer-motion/dist/cjs/index.js:9462:13
      at commitHookEffectListMount (node_modules/react-dom/cjs/react-dom.development.js:23189:26)
      at commitPassiveMountOnFiber (node_modules/react-dom/cjs/react-dom.development.js:24970:11)
      at commitPassiveMountEffects_complete (node_modules/react-dom/cjs/react-dom.development.js:24930:9)
      at commitPassiveMountEffects_begin (node_modules/react-dom/cjs/react-dom.development.js:24917:7)
      at commitPassiveMountEffects (node_modules/react-dom/cjs/react-dom.development.js:24905:3)
      at flushPassiveEffectsImpl (node_modules/react-dom/cjs/react-dom.development.js:27078:3)
      at flushPassiveEffects (node_modules/react-dom/cjs/react-dom.development.js:27023:14)
      at commitRootImpl (node_modules/react-dom/cjs/react-dom.development.js:26974:5)
      at commitRoot (node_modules/react-dom/cjs/react-dom.development.js:26721:5)
      at performSyncWorkOnRoot (node_modules/react-dom/cjs/react-dom.development.js:26156:3)
      at flushSyncCallbacks (node_modules/react-dom/cjs/react-dom.development.js:12042:22)
      at flushActQueue (node_modules/react/cjs/react.development.js:2667:24)
      at act (node_modules/react/cjs/react.development.js:2582:11)
      at node_modules/@testing-library/react/dist/act-compat.js:47:25
      at Object.eventWrapper (node_modules/@testing-library/react/dist/pure.js:107:28)
      at fireEvent (node_modules/@testing-library/dom/dist/events.js:12:35)
      at Function.fireEvent.<computed> [as click] (node_modules/@testing-library/dom/dist/events.js:110:36)
      at Function.fireEvent.<computed> [as click] (node_modules/@testing-library/react/dist/fire-event.js:15:52)
      at Object.click (C:\Users\leovp\Programming\adorador\adorador-frontend\src\app\(public)../../../../../grupos/[bandId]/eventos/[eventId]/en-vivo/_components/updatingElements/__tests__/UpdatingSongList.test.tsx:488:15)

  ΓùÅ UpdatingSongList ΓÇ║ should maintain modal open state during save operation

    TypeError: A dynamic import callback was invoked without --experimental-vm-modules

      486 |
      487 |     const editButton = screen.getByLabelText('Editar canciones del evento');
    > 488 |     fireEvent.click(editButton);
          |               ^
      489 |
      490 |     // Wait for modal to open
      491 |     await waitFor(() => {

      at domAnimation (node_modules/@heroui/modal/dist/index.js:246:58)
      at node_modules/framer-motion/dist/cjs/index.js:9462:13
      at commitHookEffectListMount (node_modules/react-dom/cjs/react-dom.development.js:23189:26)
      at commitPassiveMountOnFiber (node_modules/react-dom/cjs/react-dom.development.js:24970:11)
      at commitPassiveMountEffects_complete (node_modules/react-dom/cjs/react-dom.development.js:24930:9)
      at commitPassiveMountEffects_begin (node_modules/react-dom/cjs/react-dom.development.js:24917:7)
      at commitPassiveMountEffects (node_modules/react-dom/cjs/react-dom.development.js:24905:3)
      at flushPassiveEffectsImpl (node_modules/react-dom/cjs/react-dom.development.js:27078:3)
      at flushPassiveEffects (node_modules/react-dom/cjs/react-dom.development.js:27023:14)
      at commitRootImpl (node_modules/react-dom/cjs/react-dom.development.js:26974:5)
      at commitRoot (node_modules/react-dom/cjs/react-dom.development.js:26721:5)
      at performSyncWorkOnRoot (node_modules/react-dom/cjs/react-dom.development.js:26156:3)
      at flushSyncCallbacks (node_modules/react-dom/cjs/react-dom.development.js:12042:22)
      at flushActQueue (node_modules/react/cjs/react.development.js:2667:24)
      at act (node_modules/react/cjs/react.development.js:2582:11)
      at node_modules/@testing-library/react/dist/act-compat.js:47:25
      at Object.eventWrapper (node_modules/@testing-library/react/dist/pure.js:107:28)
      at fireEvent (node_modules/@testing-library/dom/dist/events.js:12:35)
      at Function.fireEvent.<computed> [as click] (node_modules/@testing-library/dom/dist/events.js:110:36)
      at Function.fireEvent.<computed> [as click] (node_modules/@testing-library/react/dist/fire-event.js:15:52)
      at Object.click (C:\Users\leovp\Programming\adorador\adorador-frontend\src\app\(public)../../../../../grupos/[bandId]/eventos/[eventId]/en-vivo/_components/updatingElements/__tests__/UpdatingSongList.test.tsx:488:15)

  ΓùÅ UpdatingSongList ΓÇ║ should maintain modal open state during save operation

    TypeError: A dynamic import callback was invoked without --experimental-vm-modules

      477 |     );
      478 |
    > 479 |     render(
          |           ^
      480 |       <UpdatingSongList
      481 |         songs={mockSongs}
      482 |         params={mockParams}

      at domAnimation (node_modules/@heroui/tooltip/dist/index.js:252:58)
      at node_modules/framer-motion/dist/cjs/index.js:9462:13
      at commitHookEffectListMount (node_modules/react-dom/cjs/react-dom.development.js:23189:26)
      at commitPassiveMountOnFiber (node_modules/react-dom/cjs/react-dom.development.js:24970:11)
      at commitPassiveMountEffects_complete (node_modules/react-dom/cjs/react-dom.development.js:24930:9)
      at commitPassiveMountEffects_begin (node_modules/react-dom/cjs/react-dom.development.js:24917:7)
      at commitPassiveMountEffects (node_modules/react-dom/cjs/react-dom.development.js:24905:3)
      at flushPassiveEffectsImpl (node_modules/react-dom/cjs/react-dom.development.js:27078:3)
      at flushPassiveEffects (node_modules/react-dom/cjs/react-dom.development.js:27023:14)
      at node_modules/react-dom/cjs/react-dom.development.js:26808:9
      at flushActQueue (node_modules/react/cjs/react.development.js:2667:24)
      at act (node_modules/react/cjs/react.development.js:2582:11)
      at node_modules/@testing-library/react/dist/act-compat.js:47:25
      at renderRoot (node_modules/@testing-library/react/dist/pure.js:190:26)
      at render (node_modules/@testing-library/react/dist/pure.js:292:10)
      at Object.<anonymous> (C:\Users\leovp\Programming\adorador\adorador-frontend\src\app\(public)../../../../../grupos/[bandId]/eventos/[eventId]/en-vivo/_components/updatingElements/__tests__/UpdatingSongList.test.tsx:479:11)

  ΓùÅ UpdatingSongList ΓÇ║ should maintain modal open state during save operation

    TypeError: A dynamic import callback was invoked without --experimental-vm-modules

      486 |
      487 |     const editButton = screen.getByLabelText('Editar canciones del evento');
    > 488 |     fireEvent.click(editButton);
          |               ^
      489 |
      490 |     // Wait for modal to open
      491 |     await waitFor(() => {

      at domAnimation (node_modules/@heroui/modal/dist/index.js:246:58)
      at node_modules/framer-motion/dist/cjs/index.js:9462:13
      at commitHookEffectListMount (node_modules/react-dom/cjs/react-dom.development.js:23189:26)
      at commitPassiveMountOnFiber (node_modules/react-dom/cjs/react-dom.development.js:24970:11)
      at commitPassiveMountEffects_complete (node_modules/react-dom/cjs/react-dom.development.js:24930:9)
      at commitPassiveMountEffects_begin (node_modules/react-dom/cjs/react-dom.development.js:24917:7)
      at commitPassiveMountEffects (node_modules/react-dom/cjs/react-dom.development.js:24905:3)
      at flushPassiveEffectsImpl (node_modules/react-dom/cjs/react-dom.development.js:27078:3)
      at flushPassiveEffects (node_modules/react-dom/cjs/react-dom.development.js:27023:14)
      at commitRootImpl (node_modules/react-dom/cjs/react-dom.development.js:26974:5)
      at commitRoot (node_modules/react-dom/cjs/react-dom.development.js:26721:5)
      at performSyncWorkOnRoot (node_modules/react-dom/cjs/react-dom.development.js:26156:3)
      at flushSyncCallbacks (node_modules/react-dom/cjs/react-dom.development.js:12042:22)
      at flushActQueue (node_modules/react/cjs/react.development.js:2667:24)
      at act (node_modules/react/cjs/react.development.js:2582:11)
      at node_modules/@testing-library/react/dist/act-compat.js:47:25
      at Object.eventWrapper (node_modules/@testing-library/react/dist/pure.js:107:28)
      at fireEvent (node_modules/@testing-library/dom/dist/events.js:12:35)
      at Function.fireEvent.<computed> [as click] (node_modules/@testing-library/dom/dist/events.js:110:36)
      at Function.fireEvent.<computed> [as click] (node_modules/@testing-library/react/dist/fire-event.js:15:52)
      at Object.click (C:\Users\leovp\Programming\adorador\adorador-frontend\src\app\(public)../../../../../grupos/[bandId]/eventos/[eventId]/en-vivo/_components/updatingElements/__tests__/UpdatingSongList.test.tsx:488:15)

  ΓùÅ UpdatingSongList ΓÇ║ should maintain modal open state during save operation

    TypeError: A dynamic import callback was invoked without --experimental-vm-modules

      486 |
      487 |     const editButton = screen.getByLabelText('Editar canciones del evento');
    > 488 |     fireEvent.click(editButton);
          |               ^
      489 |
      490 |     // Wait for modal to open
      491 |     await waitFor(() => {

      at domAnimation (node_modules/@heroui/modal/dist/index.js:246:58)
      at node_modules/framer-motion/dist/cjs/index.js:9462:13
      at commitHookEffectListMount (node_modules/react-dom/cjs/react-dom.development.js:23189:26)
      at commitPassiveMountOnFiber (node_modules/react-dom/cjs/react-dom.development.js:24970:11)
      at commitPassiveMountEffects_complete (node_modules/react-dom/cjs/react-dom.development.js:24930:9)
      at commitPassiveMountEffects_begin (node_modules/react-dom/cjs/react-dom.development.js:24917:7)
      at commitPassiveMountEffects (node_modules/react-dom/cjs/react-dom.development.js:24905:3)
      at flushPassiveEffectsImpl (node_modules/react-dom/cjs/react-dom.development.js:27078:3)
      at flushPassiveEffects (node_modules/react-dom/cjs/react-dom.development.js:27023:14)
      at commitRootImpl (node_modules/react-dom/cjs/react-dom.development.js:26974:5)
      at commitRoot (node_modules/react-dom/cjs/react-dom.development.js:26721:5)
      at performSyncWorkOnRoot (node_modules/react-dom/cjs/react-dom.development.js:26156:3)
      at flushSyncCallbacks (node_modules/react-dom/cjs/react-dom.development.js:12042:22)
      at flushActQueue (node_modules/react/cjs/react.development.js:2667:24)
      at act (node_modules/react/cjs/react.development.js:2582:11)
      at node_modules/@testing-library/react/dist/act-compat.js:47:25
      at Object.eventWrapper (node_modules/@testing-library/react/dist/pure.js:107:28)
      at fireEvent (node_modules/@testing-library/dom/dist/events.js:12:35)
      at Function.fireEvent.<computed> [as click] (node_modules/@testing-library/dom/dist/events.js:110:36)
      at Function.fireEvent.<computed> [as click] (node_modules/@testing-library/react/dist/fire-event.js:15:52)
      at Object.click (C:\Users\leovp\Programming\adorador\adorador-frontend\src\app\(public)../../../../../grupos/[bandId]/eventos/[eventId]/en-vivo/_components/updatingElements/__tests__/UpdatingSongList.test.tsx:488:15)

PASS src/app/(public)/(home)/_components/__tests__/CTASection.test.tsx (11.376 s)
  ΓùÅ Console

    console.error
      Warning: React does not recognize the `endContent` prop on a DOM element. If you intentionally want it to appear in the DOM as a custom attribute, spell it as lowercase `endcontent` instead. If you accidentally passed it from a parent component, remove it from the DOM element.
          at a
          at as (C:\Users\leovp\Programming\adorador\adorador-frontend\src\app\(public)\(home)\_components\__tests__\CTASection.test.tsx:8:14)
          at children (C:\Users\leovp\Programming\adorador\adorador-frontend\src\global\components\buttons\WhiteButton.tsx:35:3)
          at div
          at div
          at section
          at CTASection

      29 |   describe('Component Rendering', () => {
      30 |     it('should render the section with dark mode classes', () => {
    > 31 |       const { container } = render(<CTASection />);
         |                                   ^
      32 |       const section = container.querySelector('section');
      33 |       expect(section).toBeInTheDocument();
      34 |       expect(section).toHaveClass('bg-gradient-cta');

      at printWarning (node_modules/react-dom/cjs/react-dom.development.js:86:30)
      at error (node_modules/react-dom/cjs/react-dom.development.js:60:7)
      at validateProperty$1 (node_modules/react-dom/cjs/react-dom.development.js:3757:7)
      at warnUnknownProperties (node_modules/react-dom/cjs/react-dom.development.js:3803:21)
      at validateProperties$2 (node_modules/react-dom/cjs/react-dom.development.js:3827:3)
      at validatePropertiesInDevelopment (node_modules/react-dom/cjs/react-dom.development.js:9541:5)
      at setInitialProperties (node_modules/react-dom/cjs/react-dom.development.js:9830:5)
      at finalizeInitialChildren (node_modules/react-dom/cjs/react-dom.development.js:10950:3)
      at completeWork (node_modules/react-dom/cjs/react-dom.development.js:22232:17)
      at completeUnitOfWork (node_modules/react-dom/cjs/react-dom.development.js:26632:16)
      at performUnitOfWork (node_modules/react-dom/cjs/react-dom.development.js:26607:5)
      at workLoopSync (node_modules/react-dom/cjs/react-dom.development.js:26505:5)
      at renderRootSync (node_modules/react-dom/cjs/react-dom.development.js:26473:7)
      at performConcurrentWorkOnRoot (node_modules/react-dom/cjs/react-dom.development.js:25777:74)
      at flushActQueue (node_modules/react/cjs/react.development.js:2667:24)
      at act (node_modules/react/cjs/react.development.js:2582:11)
      at node_modules/@testing-library/react/dist/act-compat.js:47:25
      at renderRoot (node_modules/@testing-library/react/dist/pure.js:190:26)
      at render (node_modules/@testing-library/react/dist/pure.js:292:10)
      at Object.<anonymous> (C:\Users\leovp\Programming\adorador\adorador-frontend\src\app\(public)\(home)../../../../../_components/__tests__/CTASection.test.tsx:31:35)

    console.error
      Warning: React does not recognize the `startContent` prop on a DOM element. If you intentionally want it to appear in the DOM as a custom attribute, spell it as lowercase `startcontent` instead. If you accidentally passed it from a parent component, remove it from the DOM element.
          at a
          at as (C:\Users\leovp\Programming\adorador\adorador-frontend\src\app\(public)\(home)\_components\__tests__\CTASection.test.tsx:8:14)
          at children (C:\Users\leovp\Programming\adorador\adorador-frontend\src\global\components\buttons\WhiteButton.tsx:35:3)
          at div
          at div
          at section
          at CTASection

      29 |   describe('Component Rendering', () => {
      30 |     it('should render the section with dark mode classes', () => {
    > 31 |       const { container } = render(<CTASection />);
         |                                   ^
      32 |       const section = container.querySelector('section');
      33 |       expect(section).toBeInTheDocument();
      34 |       expect(section).toHaveClass('bg-gradient-cta');

      at printWarning (node_modules/react-dom/cjs/react-dom.development.js:86:30)
      at error (node_modules/react-dom/cjs/react-dom.development.js:60:7)
      at validateProperty$1 (node_modules/react-dom/cjs/react-dom.development.js:3757:7)
      at warnUnknownProperties (node_modules/react-dom/cjs/react-dom.development.js:3803:21)
      at validateProperties$2 (node_modules/react-dom/cjs/react-dom.development.js:3827:3)
      at validatePropertiesInDevelopment (node_modules/react-dom/cjs/react-dom.development.js:9541:5)
      at setInitialProperties (node_modules/react-dom/cjs/react-dom.development.js:9830:5)
      at finalizeInitialChildren (node_modules/react-dom/cjs/react-dom.development.js:10950:3)
      at completeWork (node_modules/react-dom/cjs/react-dom.development.js:22232:17)
      at completeUnitOfWork (node_modules/react-dom/cjs/react-dom.development.js:26632:16)
      at performUnitOfWork (node_modules/react-dom/cjs/react-dom.development.js:26607:5)
      at workLoopSync (node_modules/react-dom/cjs/react-dom.development.js:26505:5)
      at renderRootSync (node_modules/react-dom/cjs/react-dom.development.js:26473:7)
      at performConcurrentWorkOnRoot (node_modules/react-dom/cjs/react-dom.development.js:25777:74)
      at flushActQueue (node_modules/react/cjs/react.development.js:2667:24)
      at act (node_modules/react/cjs/react.development.js:2582:11)
      at node_modules/@testing-library/react/dist/act-compat.js:47:25
      at renderRoot (node_modules/@testing-library/react/dist/pure.js:190:26)
      at render (node_modules/@testing-library/react/dist/pure.js:292:10)
      at Object.<anonymous> (C:\Users\leovp\Programming\adorador\adorador-frontend\src\app\(public)\(home)../../../../../_components/__tests__/CTASection.test.tsx:31:35)

    console.error
      Warning: React does not recognize the `isLoading` prop on a DOM element. If you intentionally want it to appear in the DOM as a custom attribute, spell it as lowercase `isloading` instead. If you accidentally passed it from a parent component, remove it from the DOM element.
          at a
          at as (C:\Users\leovp\Programming\adorador\adorador-frontend\src\app\(public)\(home)\_components\__tests__\CTASection.test.tsx:8:14)
          at children (C:\Users\leovp\Programming\adorador\adorador-frontend\src\global\components\buttons\WhiteButton.tsx:35:3)
          at div
          at div
          at section
          at CTASection

      29 |   describe('Component Rendering', () => {
      30 |     it('should render the section with dark mode classes', () => {
    > 31 |       const { container } = render(<CTASection />);
         |                                   ^
      32 |       const section = container.querySelector('section');
      33 |       expect(section).toBeInTheDocument();
      34 |       expect(section).toHaveClass('bg-gradient-cta');

      at printWarning (node_modules/react-dom/cjs/react-dom.development.js:86:30)
      at error (node_modules/react-dom/cjs/react-dom.development.js:60:7)
      at validateProperty$1 (node_modules/react-dom/cjs/react-dom.development.js:3757:7)
      at warnUnknownProperties (node_modules/react-dom/cjs/react-dom.development.js:3803:21)
      at validateProperties$2 (node_modules/react-dom/cjs/react-dom.development.js:3827:3)
      at validatePropertiesInDevelopment (node_modules/react-dom/cjs/react-dom.development.js:9541:5)
      at setInitialProperties (node_modules/react-dom/cjs/react-dom.development.js:9830:5)
      at finalizeInitialChildren (node_modules/react-dom/cjs/react-dom.development.js:10950:3)
      at completeWork (node_modules/react-dom/cjs/react-dom.development.js:22232:17)
      at completeUnitOfWork (node_modules/react-dom/cjs/react-dom.development.js:26632:16)
      at performUnitOfWork (node_modules/react-dom/cjs/react-dom.development.js:26607:5)
      at workLoopSync (node_modules/react-dom/cjs/react-dom.development.js:26505:5)
      at renderRootSync (node_modules/react-dom/cjs/react-dom.development.js:26473:7)
      at performConcurrentWorkOnRoot (node_modules/react-dom/cjs/react-dom.development.js:25777:74)
      at flushActQueue (node_modules/react/cjs/react.development.js:2667:24)
      at act (node_modules/react/cjs/react.development.js:2582:11)
      at node_modules/@testing-library/react/dist/act-compat.js:47:25
      at renderRoot (node_modules/@testing-library/react/dist/pure.js:190:26)
      at render (node_modules/@testing-library/react/dist/pure.js:292:10)
      at Object.<anonymous> (C:\Users\leovp\Programming\adorador\adorador-frontend\src\app\(public)\(home)../../../../../_components/__tests__/CTASection.test.tsx:31:35)

    console.error
      Warning: React does not recognize the `isDisabled` prop on a DOM element. If you intentionally want it to appear in the DOM as a custom attribute, spell it as lowercase `isdisabled` instead. If you accidentally passed it from a parent component, remove it from the DOM element.
          at a
          at as (C:\Users\leovp\Programming\adorador\adorador-frontend\src\app\(public)\(home)\_components\__tests__\CTASection.test.tsx:8:14)
          at children (C:\Users\leovp\Programming\adorador\adorador-frontend\src\global\components\buttons\WhiteButton.tsx:35:3)
          at div
          at div
          at section
          at CTASection

      29 |   describe('Component Rendering', () => {
      30 |     it('should render the section with dark mode classes', () => {
    > 31 |       const { container } = render(<CTASection />);
         |                                   ^
      32 |       const section = container.querySelector('section');
      33 |       expect(section).toBeInTheDocument();
      34 |       expect(section).toHaveClass('bg-gradient-cta');

      at printWarning (node_modules/react-dom/cjs/react-dom.development.js:86:30)
      at error (node_modules/react-dom/cjs/react-dom.development.js:60:7)
      at validateProperty$1 (node_modules/react-dom/cjs/react-dom.development.js:3757:7)
      at warnUnknownProperties (node_modules/react-dom/cjs/react-dom.development.js:3803:21)
      at validateProperties$2 (node_modules/react-dom/cjs/react-dom.development.js:3827:3)
      at validatePropertiesInDevelopment (node_modules/react-dom/cjs/react-dom.development.js:9541:5)
      at setInitialProperties (node_modules/react-dom/cjs/react-dom.development.js:9830:5)
      at finalizeInitialChildren (node_modules/react-dom/cjs/react-dom.development.js:10950:3)
      at completeWork (node_modules/react-dom/cjs/react-dom.development.js:22232:17)
      at completeUnitOfWork (node_modules/react-dom/cjs/react-dom.development.js:26632:16)
      at performUnitOfWork (node_modules/react-dom/cjs/react-dom.development.js:26607:5)
      at workLoopSync (node_modules/react-dom/cjs/react-dom.development.js:26505:5)
      at renderRootSync (node_modules/react-dom/cjs/react-dom.development.js:26473:7)
      at performConcurrentWorkOnRoot (node_modules/react-dom/cjs/react-dom.development.js:25777:74)
      at flushActQueue (node_modules/react/cjs/react.development.js:2667:24)
      at act (node_modules/react/cjs/react.development.js:2582:11)
      at node_modules/@testing-library/react/dist/act-compat.js:47:25
      at renderRoot (node_modules/@testing-library/react/dist/pure.js:190:26)
      at render (node_modules/@testing-library/react/dist/pure.js:292:10)
      at Object.<anonymous> (C:\Users\leovp\Programming\adorador\adorador-frontend\src\app\(public)\(home)../../../../../_components/__tests__/CTASection.test.tsx:31:35)

PASS src/app/(public)/grupos/[bandId]/eventos/[eventId]/en-vivo/_components/addSongToEvent/__tests__/AddNewSongtoChurchAndEvent.test.tsx (10.802 s)
  ΓùÅ Console

    console.error
      Warning: React does not recognize the `isSelected` prop on a DOM element. If you intentionally want it to appear in the DOM as a custom attribute, spell it as lowercase `isselected` instead. If you accidentally passed it from a parent component, remove it from the DOM element.
          at div
          at children (C:\Users\leovp\Programming\adorador\adorador-frontend\src\app\(public)\grupos\[bandId]\eventos\[eventId]\en-vivo\_components\addSongToEvent\__tests__\AddNewSongtoChurchAndEvent.test.tsx:91:5)
          at div
          at children (C:\Users\leovp\Programming\adorador\adorador-frontend\src\app\(public)\grupos\[bandId]\eventos\[eventId]\en-vivo\_components\addSongToEvent\__tests__\AddNewSongtoChurchAndEvent.test.tsx:70:17)
          at div
          at children (C:\Users\leovp\Programming\adorador\adorador-frontend\src\app\(public)\grupos\[bandId]\eventos\[eventId]\en-vivo\_components\addSongToEvent\__tests__\AddNewSongtoChurchAndEvent.test.tsx:56:20)
          at div
          at children (C:\Users\leovp\Programming\adorador\adorador-frontend\src\app\(public)\grupos\[bandId]\eventos\[eventId]\en-vivo\_components\addSongToEvent\__tests__\AddNewSongtoChurchAndEvent.test.tsx:49:13)
          at params (C:\Users\leovp\Programming\adorador\adorador-frontend\src\app\(public)\grupos\[bandId]\eventos\[eventId]\en-vivo\_components\addSongToEvent\AddNewSongtoChurchAndEvent.tsx:26:3)
          at QueryClientProvider (C:\Users\leovp\Programming\adorador\adorador-frontend\node_modules\@tanstack\react-query\src\QueryClientProvider.tsx:30:3)

      162 |   it('debe renderizar el modal cuando isOpen es true', () => {
      163 |     const queryClient = new QueryClient();
    > 164 |     render(
          |           ^
      165 |       <QueryClientProvider client={queryClient}>
      166 |         <AddNewSongtoChurchAndEvent
      167 |           params={mockParams}

      at printWarning (node_modules/react-dom/cjs/react-dom.development.js:86:30)
      at error (node_modules/react-dom/cjs/react-dom.development.js:60:7)
      at validateProperty$1 (node_modules/react-dom/cjs/react-dom.development.js:3757:7)
      at warnUnknownProperties (node_modules/react-dom/cjs/react-dom.development.js:3803:21)
      at validateProperties$2 (node_modules/react-dom/cjs/react-dom.development.js:3827:3)
      at validatePropertiesInDevelopment (node_modules/react-dom/cjs/react-dom.development.js:9541:5)
      at setInitialProperties (node_modules/react-dom/cjs/react-dom.development.js:9830:5)
      at finalizeInitialChildren (node_modules/react-dom/cjs/react-dom.development.js:10950:3)
      at completeWork (node_modules/react-dom/cjs/react-dom.development.js:22232:17)
      at completeUnitOfWork (node_modules/react-dom/cjs/react-dom.development.js:26632:16)
      at performUnitOfWork (node_modules/react-dom/cjs/react-dom.development.js:26607:5)
      at workLoopSync (node_modules/react-dom/cjs/react-dom.development.js:26505:5)
      at renderRootSync (node_modules/react-dom/cjs/react-dom.development.js:26473:7)
      at performConcurrentWorkOnRoot (node_modules/react-dom/cjs/react-dom.development.js:25777:74)
      at flushActQueue (node_modules/react/cjs/react.development.js:2667:24)
      at act (node_modules/react/cjs/react.development.js:2582:11)
      at node_modules/@testing-library/react/dist/act-compat.js:47:25
      at renderRoot (node_modules/@testing-library/react/dist/pure.js:190:26)
      at render (node_modules/@testing-library/react/dist/pure.js:292:10)
      at Object.<anonymous> (C:\Users\leovp\Programming\adorador\adorador-frontend\src\app\(public)../../../../../grupos/[bandId]/eventos/[eventId]/en-vivo/_components/addSongToEvent/__tests__/AddNewSongtoChurchAndEvent.test.tsx:164:11)

    console.error
      Warning: Unknown event handler property `onValueChange`. It will be ignored.
          at div
          at children (C:\Users\leovp\Programming\adorador\adorador-frontend\src\app\(public)\grupos\[bandId]\eventos\[eventId]\en-vivo\_components\addSongToEvent\__tests__\AddNewSongtoChurchAndEvent.test.tsx:91:5)
          at div
          at children (C:\Users\leovp\Programming\adorador\adorador-frontend\src\app\(public)\grupos\[bandId]\eventos\[eventId]\en-vivo\_components\addSongToEvent\__tests__\AddNewSongtoChurchAndEvent.test.tsx:70:17)
          at div
          at children (C:\Users\leovp\Programming\adorador\adorador-frontend\src\app\(public)\grupos\[bandId]\eventos\[eventId]\en-vivo\_components\addSongToEvent\__tests__\AddNewSongtoChurchAndEvent.test.tsx:56:20)
          at div
          at children (C:\Users\leovp\Programming\adorador\adorador-frontend\src\app\(public)\grupos\[bandId]\eventos\[eventId]\en-vivo\_components\addSongToEvent\__tests__\AddNewSongtoChurchAndEvent.test.tsx:49:13)
          at params (C:\Users\leovp\Programming\adorador\adorador-frontend\src\app\(public)\grupos\[bandId]\eventos\[eventId]\en-vivo\_components\addSongToEvent\AddNewSongtoChurchAndEvent.tsx:26:3)
          at QueryClientProvider (C:\Users\leovp\Programming\adorador\adorador-frontend\node_modules\@tanstack\react-query\src\QueryClientProvider.tsx:30:3)

      162 |   it('debe renderizar el modal cuando isOpen es true', () => {
      163 |     const queryClient = new QueryClient();
    > 164 |     render(
          |           ^
      165 |       <QueryClientProvider client={queryClient}>
      166 |         <AddNewSongtoChurchAndEvent
      167 |           params={mockParams}

      at printWarning (node_modules/react-dom/cjs/react-dom.development.js:86:30)
      at error (node_modules/react-dom/cjs/react-dom.development.js:60:7)
      at validateProperty$1 (node_modules/react-dom/cjs/react-dom.development.js:3692:9)
      at warnUnknownProperties (node_modules/react-dom/cjs/react-dom.development.js:3803:21)
      at validateProperties$2 (node_modules/react-dom/cjs/react-dom.development.js:3827:3)
      at validatePropertiesInDevelopment (node_modules/react-dom/cjs/react-dom.development.js:9541:5)
      at setInitialProperties (node_modules/react-dom/cjs/react-dom.development.js:9830:5)
      at finalizeInitialChildren (node_modules/react-dom/cjs/react-dom.development.js:10950:3)
      at completeWork (node_modules/react-dom/cjs/react-dom.development.js:22232:17)
      at completeUnitOfWork (node_modules/react-dom/cjs/react-dom.development.js:26632:16)
      at performUnitOfWork (node_modules/react-dom/cjs/react-dom.development.js:26607:5)
      at workLoopSync (node_modules/react-dom/cjs/react-dom.development.js:26505:5)
      at renderRootSync (node_modules/react-dom/cjs/react-dom.development.js:26473:7)
      at performConcurrentWorkOnRoot (node_modules/react-dom/cjs/react-dom.development.js:25777:74)
      at flushActQueue (node_modules/react/cjs/react.development.js:2667:24)
      at act (node_modules/react/cjs/react.development.js:2582:11)
      at node_modules/@testing-library/react/dist/act-compat.js:47:25
      at renderRoot (node_modules/@testing-library/react/dist/pure.js:190:26)
      at render (node_modules/@testing-library/react/dist/pure.js:292:10)
      at Object.<anonymous> (C:\Users\leovp\Programming\adorador\adorador-frontend\src\app\(public)../../../../../grupos/[bandId]/eventos/[eventId]/en-vivo/_components/addSongToEvent/__tests__/AddNewSongtoChurchAndEvent.test.tsx:164:11)

    console.error
      Warning: React does not recognize the `classNames` prop on a DOM element. If you intentionally want it to appear in the DOM as a custom attribute, spell it as lowercase `classnames` instead. If you accidentally passed it from a parent component, remove it from the DOM element.
          at div
          at children (C:\Users\leovp\Programming\adorador\adorador-frontend\src\app\(public)\grupos\[bandId]\eventos\[eventId]\en-vivo\_components\addSongToEvent\__tests__\AddNewSongtoChurchAndEvent.test.tsx:91:5)
          at div
          at children (C:\Users\leovp\Programming\adorador\adorador-frontend\src\app\(public)\grupos\[bandId]\eventos\[eventId]\en-vivo\_components\addSongToEvent\__tests__\AddNewSongtoChurchAndEvent.test.tsx:70:17)
          at div
          at children (C:\Users\leovp\Programming\adorador\adorador-frontend\src\app\(public)\grupos\[bandId]\eventos\[eventId]\en-vivo\_components\addSongToEvent\__tests__\AddNewSongtoChurchAndEvent.test.tsx:56:20)
          at div
          at children (C:\Users\leovp\Programming\adorador\adorador-frontend\src\app\(public)\grupos\[bandId]\eventos\[eventId]\en-vivo\_components\addSongToEvent\__tests__\AddNewSongtoChurchAndEvent.test.tsx:49:13)
          at params (C:\Users\leovp\Programming\adorador\adorador-frontend\src\app\(public)\grupos\[bandId]\eventos\[eventId]\en-vivo\_components\addSongToEvent\AddNewSongtoChurchAndEvent.tsx:26:3)
          at QueryClientProvider (C:\Users\leovp\Programming\adorador\adorador-frontend\node_modules\@tanstack\react-query\src\QueryClientProvider.tsx:30:3)

      162 |   it('debe renderizar el modal cuando isOpen es true', () => {
      163 |     const queryClient = new QueryClient();
    > 164 |     render(
          |           ^
      165 |       <QueryClientProvider client={queryClient}>
      166 |         <AddNewSongtoChurchAndEvent
      167 |           params={mockParams}

      at printWarning (node_modules/react-dom/cjs/react-dom.development.js:86:30)
      at error (node_modules/react-dom/cjs/react-dom.development.js:60:7)
      at validateProperty$1 (node_modules/react-dom/cjs/react-dom.development.js:3757:7)
      at warnUnknownProperties (node_modules/react-dom/cjs/react-dom.development.js:3803:21)
      at validateProperties$2 (node_modules/react-dom/cjs/react-dom.development.js:3827:3)
      at validatePropertiesInDevelopment (node_modules/react-dom/cjs/react-dom.development.js:9541:5)
      at setInitialProperties (node_modules/react-dom/cjs/react-dom.development.js:9830:5)
      at finalizeInitialChildren (node_modules/react-dom/cjs/react-dom.development.js:10950:3)
      at completeWork (node_modules/react-dom/cjs/react-dom.development.js:22232:17)
      at completeUnitOfWork (node_modules/react-dom/cjs/react-dom.development.js:26632:16)
      at performUnitOfWork (node_modules/react-dom/cjs/react-dom.development.js:26607:5)
      at workLoopSync (node_modules/react-dom/cjs/react-dom.development.js:26505:5)
      at renderRootSync (node_modules/react-dom/cjs/react-dom.development.js:26473:7)
      at performConcurrentWorkOnRoot (node_modules/react-dom/cjs/react-dom.development.js:25777:74)
      at flushActQueue (node_modules/react/cjs/react.development.js:2667:24)
      at act (node_modules/react/cjs/react.development.js:2582:11)
      at node_modules/@testing-library/react/dist/act-compat.js:47:25
      at renderRoot (node_modules/@testing-library/react/dist/pure.js:190:26)
      at render (node_modules/@testing-library/react/dist/pure.js:292:10)
      at Object.<anonymous> (C:\Users\leovp\Programming\adorador\adorador-frontend\src\app\(public)../../../../../grupos/[bandId]/eventos/[eventId]/en-vivo/_components/addSongToEvent/__tests__/AddNewSongtoChurchAndEvent.test.tsx:164:11)

    console.error
      Warning: Unknown event handler property `onPress`. It will be ignored.
          at button
          at children (C:\Users\leovp\Programming\adorador\adorador-frontend\src\app\(public)\grupos\[bandId]\eventos\[eventId]\en-vivo\_components\addSongToEvent\__tests__\AddNewSongtoChurchAndEvent.test.tsx:85:5)
          at div
          at children (C:\Users\leovp\Programming\adorador\adorador-frontend\src\app\(public)\grupos\[bandId]\eventos\[eventId]\en-vivo\_components\addSongToEvent\__tests__\AddNewSongtoChurchAndEvent.test.tsx:77:19)
          at div
          at children (C:\Users\leovp\Programming\adorador\adorador-frontend\src\app\(public)\grupos\[bandId]\eventos\[eventId]\en-vivo\_components\addSongToEvent\__tests__\AddNewSongtoChurchAndEvent.test.tsx:56:20)
          at div
          at children (C:\Users\leovp\Programming\adorador\adorador-frontend\src\app\(public)\grupos\[bandId]\eventos\[eventId]\en-vivo\_components\addSongToEvent\__tests__\AddNewSongtoChurchAndEvent.test.tsx:49:13)
          at params (C:\Users\leovp\Programming\adorador\adorador-frontend\src\app\(public)\grupos\[bandId]\eventos\[eventId]\en-vivo\_components\addSongToEvent\AddNewSongtoChurchAndEvent.tsx:26:3)
          at QueryClientProvider (C:\Users\leovp\Programming\adorador\adorador-frontend\node_modules\@tanstack\react-query\src\QueryClientProvider.tsx:30:3)

      162 |   it('debe renderizar el modal cuando isOpen es true', () => {
      163 |     const queryClient = new QueryClient();
    > 164 |     render(
          |           ^
      165 |       <QueryClientProvider client={queryClient}>
      166 |         <AddNewSongtoChurchAndEvent
      167 |           params={mockParams}

      at printWarning (node_modules/react-dom/cjs/react-dom.development.js:86:30)
      at error (node_modules/react-dom/cjs/react-dom.development.js:60:7)
      at validateProperty$1 (node_modules/react-dom/cjs/react-dom.development.js:3692:9)
      at warnUnknownProperties (node_modules/react-dom/cjs/react-dom.development.js:3803:21)
      at validateProperties$2 (node_modules/react-dom/cjs/react-dom.development.js:3827:3)
      at validatePropertiesInDevelopment (node_modules/react-dom/cjs/react-dom.development.js:9541:5)
      at setInitialProperties (node_modules/react-dom/cjs/react-dom.development.js:9830:5)
      at finalizeInitialChildren (node_modules/react-dom/cjs/react-dom.development.js:10950:3)
      at completeWork (node_modules/react-dom/cjs/react-dom.development.js:22232:17)
      at completeUnitOfWork (node_modules/react-dom/cjs/react-dom.development.js:26632:16)
      at performUnitOfWork (node_modules/react-dom/cjs/react-dom.development.js:26607:5)
      at workLoopSync (node_modules/react-dom/cjs/react-dom.development.js:26505:5)
      at renderRootSync (node_modules/react-dom/cjs/react-dom.development.js:26473:7)
      at performConcurrentWorkOnRoot (node_modules/react-dom/cjs/react-dom.development.js:25777:74)
      at flushActQueue (node_modules/react/cjs/react.development.js:2667:24)
      at act (node_modules/react/cjs/react.development.js:2582:11)
      at node_modules/@testing-library/react/dist/act-compat.js:47:25
      at renderRoot (node_modules/@testing-library/react/dist/pure.js:190:26)
      at render (node_modules/@testing-library/react/dist/pure.js:292:10)
      at Object.<anonymous> (C:\Users\leovp\Programming\adorador\adorador-frontend\src\app\(public)../../../../../grupos/[bandId]/eventos/[eventId]/en-vivo/_components/addSongToEvent/__tests__/AddNewSongtoChurchAndEvent.test.tsx:164:11)

    console.error
      Warning: React does not recognize the `isDisabled` prop on a DOM element. If you intentionally want it to appear in the DOM as a custom attribute, spell it as lowercase `isdisabled` instead. If you accidentally passed it from a parent component, remove it from the DOM element.
          at button
          at children (C:\Users\leovp\Programming\adorador\adorador-frontend\src\app\(public)\grupos\[bandId]\eventos\[eventId]\en-vivo\_components\addSongToEvent\__tests__\AddNewSongtoChurchAndEvent.test.tsx:85:5)
          at div
          at children (C:\Users\leovp\Programming\adorador\adorador-frontend\src\app\(public)\grupos\[bandId]\eventos\[eventId]\en-vivo\_components\addSongToEvent\__tests__\AddNewSongtoChurchAndEvent.test.tsx:77:19)
          at div
          at children (C:\Users\leovp\Programming\adorador\adorador-frontend\src\app\(public)\grupos\[bandId]\eventos\[eventId]\en-vivo\_components\addSongToEvent\__tests__\AddNewSongtoChurchAndEvent.test.tsx:56:20)
          at div
          at children (C:\Users\leovp\Programming\adorador\adorador-frontend\src\app\(public)\grupos\[bandId]\eventos\[eventId]\en-vivo\_components\addSongToEvent\__tests__\AddNewSongtoChurchAndEvent.test.tsx:49:13)
          at params (C:\Users\leovp\Programming\adorador\adorador-frontend\src\app\(public)\grupos\[bandId]\eventos\[eventId]\en-vivo\_components\addSongToEvent\AddNewSongtoChurchAndEvent.tsx:26:3)
          at QueryClientProvider (C:\Users\leovp\Programming\adorador\adorador-frontend\node_modules\@tanstack\react-query\src\QueryClientProvider.tsx:30:3)

      162 |   it('debe renderizar el modal cuando isOpen es true', () => {
      163 |     const queryClient = new QueryClient();
    > 164 |     render(
          |           ^
      165 |       <QueryClientProvider client={queryClient}>
      166 |         <AddNewSongtoChurchAndEvent
      167 |           params={mockParams}

      at printWarning (node_modules/react-dom/cjs/react-dom.development.js:86:30)
      at error (node_modules/react-dom/cjs/react-dom.development.js:60:7)
      at validateProperty$1 (node_modules/react-dom/cjs/react-dom.development.js:3757:7)
      at warnUnknownProperties (node_modules/react-dom/cjs/react-dom.development.js:3803:21)
      at validateProperties$2 (node_modules/react-dom/cjs/react-dom.development.js:3827:3)
      at validatePropertiesInDevelopment (node_modules/react-dom/cjs/react-dom.development.js:9541:5)
      at setInitialProperties (node_modules/react-dom/cjs/react-dom.development.js:9830:5)
      at finalizeInitialChildren (node_modules/react-dom/cjs/react-dom.development.js:10950:3)
      at completeWork (node_modules/react-dom/cjs/react-dom.development.js:22232:17)
      at completeUnitOfWork (node_modules/react-dom/cjs/react-dom.development.js:26632:16)
      at performUnitOfWork (node_modules/react-dom/cjs/react-dom.development.js:26607:5)
      at workLoopSync (node_modules/react-dom/cjs/react-dom.development.js:26505:5)
      at renderRootSync (node_modules/react-dom/cjs/react-dom.development.js:26473:7)
      at performConcurrentWorkOnRoot (node_modules/react-dom/cjs/react-dom.development.js:25777:74)
      at flushActQueue (node_modules/react/cjs/react.development.js:2667:24)
      at act (node_modules/react/cjs/react.development.js:2582:11)
      at node_modules/@testing-library/react/dist/act-compat.js:47:25
      at renderRoot (node_modules/@testing-library/react/dist/pure.js:190:26)
      at render (node_modules/@testing-library/react/dist/pure.js:292:10)
      at Object.<anonymous> (C:\Users\leovp\Programming\adorador\adorador-frontend\src\app\(public)../../../../../grupos/[bandId]/eventos/[eventId]/en-vivo/_components/addSongToEvent/__tests__/AddNewSongtoChurchAndEvent.test.tsx:164:11)

    console.error
      Warning: React does not recognize the `isLoading` prop on a DOM element. If you intentionally want it to appear in the DOM as a custom attribute, spell it as lowercase `isloading` instead. If you accidentally passed it from a parent component, remove it from the DOM element.
          at button
          at children (C:\Users\leovp\Programming\adorador\adorador-frontend\src\app\(public)\grupos\[bandId]\eventos\[eventId]\en-vivo\_components\addSongToEvent\__tests__\AddNewSongtoChurchAndEvent.test.tsx:85:5)
          at div
          at children (C:\Users\leovp\Programming\adorador\adorador-frontend\src\app\(public)\grupos\[bandId]\eventos\[eventId]\en-vivo\_components\addSongToEvent\__tests__\AddNewSongtoChurchAndEvent.test.tsx:77:19)
          at div
          at children (C:\Users\leovp\Programming\adorador\adorador-frontend\src\app\(public)\grupos\[bandId]\eventos\[eventId]\en-vivo\_components\addSongToEvent\__tests__\AddNewSongtoChurchAndEvent.test.tsx:56:20)
          at div
          at children (C:\Users\leovp\Programming\adorador\adorador-frontend\src\app\(public)\grupos\[bandId]\eventos\[eventId]\en-vivo\_components\addSongToEvent\__tests__\AddNewSongtoChurchAndEvent.test.tsx:49:13)
          at params (C:\Users\leovp\Programming\adorador\adorador-frontend\src\app\(public)\grupos\[bandId]\eventos\[eventId]\en-vivo\_components\addSongToEvent\AddNewSongtoChurchAndEvent.tsx:26:3)
          at QueryClientProvider (C:\Users\leovp\Programming\adorador\adorador-frontend\node_modules\@tanstack\react-query\src\QueryClientProvider.tsx:30:3)

      162 |   it('debe renderizar el modal cuando isOpen es true', () => {
      163 |     const queryClient = new QueryClient();
    > 164 |     render(
          |           ^
      165 |       <QueryClientProvider client={queryClient}>
      166 |         <AddNewSongtoChurchAndEvent
      167 |           params={mockParams}

      at printWarning (node_modules/react-dom/cjs/react-dom.development.js:86:30)
      at error (node_modules/react-dom/cjs/react-dom.development.js:60:7)
      at validateProperty$1 (node_modules/react-dom/cjs/react-dom.development.js:3757:7)
      at warnUnknownProperties (node_modules/react-dom/cjs/react-dom.development.js:3803:21)
      at validateProperties$2 (node_modules/react-dom/cjs/react-dom.development.js:3827:3)
      at validatePropertiesInDevelopment (node_modules/react-dom/cjs/react-dom.development.js:9541:5)
      at setInitialProperties (node_modules/react-dom/cjs/react-dom.development.js:9830:5)
      at finalizeInitialChildren (node_modules/react-dom/cjs/react-dom.development.js:10950:3)
      at completeWork (node_modules/react-dom/cjs/react-dom.development.js:22232:17)
      at completeUnitOfWork (node_modules/react-dom/cjs/react-dom.development.js:26632:16)
      at performUnitOfWork (node_modules/react-dom/cjs/react-dom.development.js:26607:5)
      at workLoopSync (node_modules/react-dom/cjs/react-dom.development.js:26505:5)
      at renderRootSync (node_modules/react-dom/cjs/react-dom.development.js:26473:7)
      at performConcurrentWorkOnRoot (node_modules/react-dom/cjs/react-dom.development.js:25777:74)
      at flushActQueue (node_modules/react/cjs/react.development.js:2667:24)
      at act (node_modules/react/cjs/react.development.js:2582:11)
      at node_modules/@testing-library/react/dist/act-compat.js:47:25
      at renderRoot (node_modules/@testing-library/react/dist/pure.js:190:26)
      at render (node_modules/@testing-library/react/dist/pure.js:292:10)
      at Object.<anonymous> (C:\Users\leovp\Programming\adorador\adorador-frontend\src\app\(public)../../../../../grupos/[bandId]/eventos/[eventId]/en-vivo/_components/addSongToEvent/__tests__/AddNewSongtoChurchAndEvent.test.tsx:164:11)

PASS src/global/utils/__tests__/Providers.test.tsx (15.779 s)
FAIL src/app/(public)/grupos/[bandId]/eventos/[eventId]/en-vivo/_hooks/__tests__/useEventWSConexion.test.tsx (16.672 s)
  ΓùÅ Console

    console.log
      [WebSocket] Todos los listeners configurados - emitiendo listeners_ready y solicitando estado

      at log (C:\Users\leovp\Programming\adorador\adorador-frontend\src\app\(public)../../../../../grupos/[bandId]/eventos/[eventId]/en-vivo/_hooks/useEventWSConexion.tsx:672:35)

    console.log
      [WebSocket] Todos los listeners configurados - emitiendo listeners_ready y solicitando estado

      at log (C:\Users\leovp\Programming\adorador\adorador-frontend\src\app\(public)../../../../../grupos/[bandId]/eventos/[eventId]/en-vivo/_hooks/useEventWSConexion.tsx:672:35)

    console.log
      [WebSocket SYNC] ≡ƒöä Solicitando estado actual del servidor...

      at log (C:\Users\leovp\Programming\adorador\adorador-frontend\src\app\(public)../../../../../grupos/[bandId]/eventos/[eventId]/en-vivo/_hooks/useEventWSConexion.tsx:680:37)

    console.log
      [WebSocket SYNC] ≡ƒöä Solicitando estado actual del servidor...

      at log (C:\Users\leovp\Programming\adorador\adorador-frontend\src\app\(public)../../../../../grupos/[bandId]/eventos/[eventId]/en-vivo/_hooks/useEventWSConexion.tsx:680:37)

    console.log
      [WebSocket SYNC] Γ£à Estado actual recibido: 0 mensajes procesados

      at log (C:\Users\leovp\Programming\adorador\adorador-frontend\src\app\(public)../../../../../grupos/[bandId]/eventos/[eventId]/en-vivo/_hooks/useEventWSConexion.tsx:145:41)

    console.warn
      [WebSocket SYNC] ΓÜá∩╕Å No hay estado previo guardado en el servidor. Inicializando estado limpio...

      147 |             );
      148 |             if (data.messagesCount === 0) {
    > 149 |               console.warn(
          |                       ^
      150 |                 '[WebSocket SYNC] ΓÜá∩╕Å No hay estado previo guardado en el servidor. Inicializando estado limpio...',
      151 |               );
      152 |               // Solo resetear si no hay mensajes previos

      at warn (C:\Users\leovp\Programming\adorador\adorador-frontend\src\app\(public)../../../../../grupos/[bandId]/eventos/[eventId]/en-vivo/_hooks/useEventWSConexion.tsx:149:23)
      at Object.stateListener (C:\Users\leovp\Programming\adorador\adorador-frontend\src\app\(public)../../../../../grupos/[bandId]/eventos/[eventId]/en-vivo/_hooks/__tests__/useEventWSConexion.test.tsx:299:7)

    console.log
      [WebSocket SYNC] Γ£à Estado inicial configurado

      at log (C:\Users\leovp\Programming\adorador\adorador-frontend\src\app\(public)../../../../../grupos/[bandId]/eventos/[eventId]/en-vivo/_hooks/useEventWSConexion.tsx:156:43)

    console.log
      [WebSocket] Todos los listeners configurados - emitiendo listeners_ready y solicitando estado

      at log (C:\Users\leovp\Programming\adorador\adorador-frontend\src\app\(public)../../../../../grupos/[bandId]/eventos/[eventId]/en-vivo/_hooks/useEventWSConexion.tsx:672:35)

    console.log
      [WebSocket SYNC] ≡ƒöä Solicitando estado actual del servidor...

      at log (C:\Users\leovp\Programming\adorador\adorador-frontend\src\app\(public)../../../../../grupos/[bandId]/eventos/[eventId]/en-vivo/_hooks/useEventWSConexion.tsx:680:37)

    console.log
      [WebSocket SYNC] ≡ƒÄ╝ Recibido eventSelectedSong-17: { message: 18, eventAdmin: 'Leo' }

      at log (C:\Users\leovp\Programming\adorador\adorador-frontend\src\app\(public)../../../../../grupos/[bandId]/eventos/[eventId]/en-vivo/_hooks/useEventWSConexion.tsx:361:37)

    console.log
      [WebSocket DEBUG] Procesando songId legacy: 18

      at log (C:\Users\leovp\Programming\adorador\adorador-frontend\src\app\(public)../../../../../grupos/[bandId]/eventos/[eventId]/en-vivo/_hooks/useEventWSConexion.tsx:379:41)

    console.log
      [WebSocket DEBUG] isLegacyEventSongMessage: true

      at log (C:\Users\leovp\Programming\adorador\adorador-frontend\src\app\(public)../../../../../grupos/[bandId]/eventos/[eventId]/en-vivo/_hooks/useEventWSConexion.tsx:383:41)

    console.log
      [WebSocket DEBUG] Song ID asignado: 18

      at log (C:\Users\leovp\Programming\adorador\adorador-frontend\src\app\(public)../../../../../grupos/[bandId]/eventos/[eventId]/en-vivo/_hooks/useEventWSConexion.tsx:389:43)

    console.log
      [WebSocket DEBUG] Actualizando $eventSelectedSongId con: 18

      at log (C:\Users\leovp\Programming\adorador\adorador-frontend\src\app\(public)../../../../../grupos/[bandId]/eventos/[eventId]/en-vivo/_hooks/useEventWSConexion.tsx:397:41)

    console.log
      [WebSocket DEBUG] Canci├│n cambi├│, reseteando posici├│n a 0

      at log (C:\Users\leovp\Programming\adorador\adorador-frontend\src\app\(public)../../../../../grupos/[bandId]/eventos/[eventId]/en-vivo/_hooks/useEventWSConexion.tsx:424:47)

    console.log
      [WebSocket] Todos los listeners configurados - emitiendo listeners_ready y solicitando estado

      at log (C:\Users\leovp\Programming\adorador\adorador-frontend\src\app\(public)../../../../../grupos/[bandId]/eventos/[eventId]/en-vivo/_hooks/useEventWSConexion.tsx:672:35)

    console.log
      [WebSocket SYNC] ≡ƒÄ╝ Recibido eventSelectedSong-17: { message: 17, eventAdmin: 'Leo' }

      at log (C:\Users\leovp\Programming\adorador\adorador-frontend\src\app\(public)../../../../../grupos/[bandId]/eventos/[eventId]/en-vivo/_hooks/useEventWSConexion.tsx:361:37)

    console.log
      [WebSocket DEBUG] Procesando songId legacy: 17

      at log (C:\Users\leovp\Programming\adorador\adorador-frontend\src\app\(public)../../../../../grupos/[bandId]/eventos/[eventId]/en-vivo/_hooks/useEventWSConexion.tsx:379:41)

    console.log
      [WebSocket DEBUG] isLegacyEventSongMessage: true

      at log (C:\Users\leovp\Programming\adorador\adorador-frontend\src\app\(public)../../../../../grupos/[bandId]/eventos/[eventId]/en-vivo/_hooks/useEventWSConexion.tsx:383:41)

    console.log
      [WebSocket DEBUG] Song ID asignado: 17

      at log (C:\Users\leovp\Programming\adorador\adorador-frontend\src\app\(public)../../../../../grupos/[bandId]/eventos/[eventId]/en-vivo/_hooks/useEventWSConexion.tsx:389:43)

    console.log
      [WebSocket DEBUG] Actualizando $eventSelectedSongId con: 17

      at log (C:\Users\leovp\Programming\adorador\adorador-frontend\src\app\(public)../../../../../grupos/[bandId]/eventos/[eventId]/en-vivo/_hooks/useEventWSConexion.tsx:397:41)

    console.log
      [WebSocket DEBUG] Misma canci├│n o carga inicial, manteniendo posici├│n actual

      at log (C:\Users\leovp\Programming\adorador\adorador-frontend\src\app\(public)../../../../../grupos/[bandId]/eventos/[eventId]/en-vivo/_hooks/useEventWSConexion.tsx:429:47)

    console.log
      [WebSocket SYNC] ≡ƒöä Solicitando estado actual del servidor...

      at log (C:\Users\leovp\Programming\adorador\adorador-frontend\src\app\(public)../../../../../grupos/[bandId]/eventos/[eventId]/en-vivo/_hooks/useEventWSConexion.tsx:680:37)

    console.log
      [WebSocket SYNC] ≡ƒÄ╡ Recibido lyricSelected-17: { message: { position: 4, action: 'forward' }, eventAdmin: 'Leo' }

      at log (C:\Users\leovp\Programming\adorador\adorador-frontend\src\app\(public)../../../../../grupos/[bandId]/eventos/[eventId]/en-vivo/_hooks/useEventWSConexion.tsx:303:37)

    console.log
      [WebSocket DEBUG] Procesando mensaje legacy: { position: 4, action: 'forward' }

      at log (C:\Users\leovp\Programming\adorador\adorador-frontend\src\app\(public)../../../../../grupos/[bandId]/eventos/[eventId]/en-vivo/_hooks/useEventWSConexion.tsx:322:41)

    console.log
      [WebSocket DEBUG] isLegacyLyricMessage: true

      at log (C:\Users\leovp\Programming\adorador\adorador-frontend\src\app\(public)../../../../../grupos/[bandId]/eventos/[eventId]/en-vivo/_hooks/useEventWSConexion.tsx:326:41)

    console.log
      [WebSocket DEBUG] Lyric message asignado: { position: 4, action: 'forward' }

      at log (C:\Users\leovp\Programming\adorador\adorador-frontend\src\app\(public)../../../../../grupos/[bandId]/eventos/[eventId]/en-vivo/_hooks/useEventWSConexion.tsx:332:43)

    console.log
      [WebSocket DEBUG] Actualizando $lyricSelected con: { position: 4, action: 'forward' }

      at log (C:\Users\leovp\Programming\adorador\adorador-frontend\src\app\(public)../../../../../grupos/[bandId]/eventos/[eventId]/en-vivo/_hooks/useEventWSConexion.tsx:343:41)

    console.log
      [WebSocket] Todos los listeners configurados - emitiendo listeners_ready y solicitando estado

      at log (C:\Users\leovp\Programming\adorador\adorador-frontend\src\app\(public)../../../../../grupos/[bandId]/eventos/[eventId]/en-vivo/_hooks/useEventWSConexion.tsx:672:35)

    console.log
      [WebSocket SYNC] ≡ƒÄ╝ Recibido eventSelectedSong-17: { message: 17, eventAdmin: 'Leo' }

      at log (C:\Users\leovp\Programming\adorador\adorador-frontend\src\app\(public)../../../../../grupos/[bandId]/eventos/[eventId]/en-vivo/_hooks/useEventWSConexion.tsx:361:37)

    console.log
      [WebSocket DEBUG] Procesando songId legacy: 17

      at log (C:\Users\leovp\Programming\adorador\adorador-frontend\src\app\(public)../../../../../grupos/[bandId]/eventos/[eventId]/en-vivo/_hooks/useEventWSConexion.tsx:379:41)

    console.log
      [WebSocket DEBUG] isLegacyEventSongMessage: true

      at log (C:\Users\leovp\Programming\adorador\adorador-frontend\src\app\(public)../../../../../grupos/[bandId]/eventos/[eventId]/en-vivo/_hooks/useEventWSConexion.tsx:383:41)

    console.log
      [WebSocket DEBUG] Song ID asignado: 17

      at log (C:\Users\leovp\Programming\adorador\adorador-frontend\src\app\(public)../../../../../grupos/[bandId]/eventos/[eventId]/en-vivo/_hooks/useEventWSConexion.tsx:389:43)

    console.log
      [WebSocket DEBUG] Actualizando $eventSelectedSongId con: 17

      at log (C:\Users\leovp\Programming\adorador\adorador-frontend\src\app\(public)../../../../../grupos/[bandId]/eventos/[eventId]/en-vivo/_hooks/useEventWSConexion.tsx:397:41)

    console.log
      [WebSocket DEBUG] Misma canci├│n o carga inicial, manteniendo posici├│n actual

      at log (C:\Users\leovp\Programming\adorador\adorador-frontend\src\app\(public)../../../../../grupos/[bandId]/eventos/[eventId]/en-vivo/_hooks/useEventWSConexion.tsx:429:47)

    console.log
      [WebSocket SYNC] ≡ƒöä Solicitando estado actual del servidor...

      at log (C:\Users\leovp\Programming\adorador\adorador-frontend\src\app\(public)../../../../../grupos/[bandId]/eventos/[eventId]/en-vivo/_hooks/useEventWSConexion.tsx:680:37)

    console.log
      [WebSocket] Todos los listeners configurados - emitiendo listeners_ready y solicitando estado

      at log (C:\Users\leovp\Programming\adorador\adorador-frontend\src\app\(public)../../../../../grupos/[bandId]/eventos/[eventId]/en-vivo/_hooks/useEventWSConexion.tsx:672:35)

    console.log
      [WebSocket SYNC] ≡ƒöä Solicitando estado actual del servidor...

      at log (C:\Users\leovp\Programming\adorador\adorador-frontend\src\app\(public)../../../../../grupos/[bandId]/eventos/[eventId]/en-vivo/_hooks/useEventWSConexion.tsx:680:37)

    console.log
      [WebSocket SYNC] ≡ƒÄ╡ Recibido lyricSelected-17: {
        message: { position: 2, action: 'backward' },
        eventAdmin: 'TestAdmin'
      }

      at log (C:\Users\leovp\Programming\adorador\adorador-frontend\src\app\(public)../../../../../grupos/[bandId]/eventos/[eventId]/en-vivo/_hooks/useEventWSConexion.tsx:303:37)

    console.log
      [WebSocket DEBUG] Procesando mensaje legacy: { position: 2, action: 'backward' }

      at log (C:\Users\leovp\Programming\adorador\adorador-frontend\src\app\(public)../../../../../grupos/[bandId]/eventos/[eventId]/en-vivo/_hooks/useEventWSConexion.tsx:322:41)

    console.log
      [WebSocket DEBUG] isLegacyLyricMessage: true

      at log (C:\Users\leovp\Programming\adorador\adorador-frontend\src\app\(public)../../../../../grupos/[bandId]/eventos/[eventId]/en-vivo/_hooks/useEventWSConexion.tsx:326:41)

    console.log
      [WebSocket DEBUG] Lyric message asignado: { position: 2, action: 'backward' }

      at log (C:\Users\leovp\Programming\adorador\adorador-frontend\src\app\(public)../../../../../grupos/[bandId]/eventos/[eventId]/en-vivo/_hooks/useEventWSConexion.tsx:332:43)

    console.log
      [WebSocket DEBUG] Actualizando $lyricSelected con: { position: 2, action: 'backward' }

      at log (C:\Users\leovp\Programming\adorador\adorador-frontend\src\app\(public)../../../../../grupos/[bandId]/eventos/[eventId]/en-vivo/_hooks/useEventWSConexion.tsx:343:41)

    console.log
      [WebSocket] Todos los listeners configurados - emitiendo listeners_ready y solicitando estado

      at log (C:\Users\leovp\Programming\adorador\adorador-frontend\src\app\(public)../../../../../grupos/[bandId]/eventos/[eventId]/en-vivo/_hooks/useEventWSConexion.tsx:672:35)

    console.log
      [WebSocket SYNC] ≡ƒöä Solicitando estado actual del servidor...

      at log (C:\Users\leovp\Programming\adorador\adorador-frontend\src\app\(public)../../../../../grupos/[bandId]/eventos/[eventId]/en-vivo/_hooks/useEventWSConexion.tsx:680:37)

  ΓùÅ useEventWSConexion - Sincronizaci├│n de estado ΓÇ║ Carga inicial - sincronizaci├│n desde servidor ΓÇ║ debe mantener la posici├│n actual cuando llegan mensajes del servidor en la carga inicial

    expect(jest.fn()).toHaveBeenCalled()

    Expected number of calls: >= 1
    Received number of calls:    0

    Ignored nodes: comments, script, style
    <html>
      <head />
      <body>
        <div />
      </body>
    </html>

      234 |
      235 |       await waitFor(() => {
    > 236 |         expect(mockOn).toHaveBeenCalled();
          |                        ^
      237 |       });
      238 |
      239 |       // Simular que los listeners est├ín configurados

      at toHaveBeenCalled (C:\Users\leovp\Programming\adorador\adorador-frontend\src\app\(public)../../../../../grupos/[bandId]/eventos/[eventId]/en-vivo/_hooks/__tests__/useEventWSConexion.test.tsx:236:24)
      at runWithExpensiveErrorDiagnosticsDisabled (node_modules/@testing-library/dom/dist/config.js:47:12)
      at checkCallback (node_modules/@testing-library/dom/dist/wait-for.js:124:77)
      at node_modules/@testing-library/dom/dist/wait-for.js:97:7
      at waitFor (node_modules/@testing-library/dom/dist/wait-for.js:36:10)
      at node_modules/@testing-library/dom/dist/wait-for.js:164:54
      at Object.asyncWrapper (node_modules/@testing-library/react/dist/pure.js:88:28)
      at waitForWrapper (node_modules/@testing-library/dom/dist/wait-for.js:164:35)
      at Object.<anonymous> (C:\Users\leovp\Programming\adorador\adorador-frontend\src\app\(public)../../../../../grupos/[bandId]/eventos/[eventId]/en-vivo/_hooks/__tests__/useEventWSConexion.test.tsx:235:20)

PASS src/app/(public)/grupos/[bandId]/canciones/[songId]/_components/__tests__/SongBasicInfo.test.tsx (12.442 s)
PASS src/app/(public)/grupos/[bandId]/canciones/[songId]/_components/__tests__/EditLyricsOptions.test.tsx (14.956 s)
PASS src/app/(public)/_ui/header/__tests__/Header.mobile-integration.test.tsx (9.864 s)
PASS src/global/components/buttons/__tests__/PrimaryButton.test.tsx (9.677 s)
FAIL src/app/(public)/grupos/[bandId]/eventos/[eventId]/en-vivo/_hooks/__tests__/useEventWSConexion.raceConditions.test.tsx (16.469 s)
  ΓùÅ Console

    console.log
      [WebSocket] Todos los listeners configurados - emitiendo listeners_ready y solicitando estado

      at log (C:\Users\leovp\Programming\adorador\adorador-frontend\src\app\(public)../../../../../grupos/[bandId]/eventos/[eventId]/en-vivo/_hooks/useEventWSConexion.tsx:672:35)

    console.log
      [WebSocket] Todos los listeners configurados - emitiendo listeners_ready y solicitando estado

      at log (C:\Users\leovp\Programming\adorador\adorador-frontend\src\app\(public)../../../../../grupos/[bandId]/eventos/[eventId]/en-vivo/_hooks/useEventWSConexion.tsx:672:35)

    console.log
      [WebSocket SYNC] ≡ƒöä Solicitando estado actual del servidor...

      at log (C:\Users\leovp\Programming\adorador\adorador-frontend\src\app\(public)../../../../../grupos/[bandId]/eventos/[eventId]/en-vivo/_hooks/useEventWSConexion.tsx:680:37)

    console.log
      [WebSocket SYNC] ≡ƒÄ╝ Recibido eventSelectedSong-17: { message: 17, eventAdmin: 'Leo' }

      at log (C:\Users\leovp\Programming\adorador\adorador-frontend\src\app\(public)../../../../../grupos/[bandId]/eventos/[eventId]/en-vivo/_hooks/useEventWSConexion.tsx:361:37)

    console.log
      [WebSocket DEBUG] Procesando songId legacy: 17

      at log (C:\Users\leovp\Programming\adorador\adorador-frontend\src\app\(public)../../../../../grupos/[bandId]/eventos/[eventId]/en-vivo/_hooks/useEventWSConexion.tsx:379:41)

    console.log
      [WebSocket DEBUG] isLegacyEventSongMessage: true

      at log (C:\Users\leovp\Programming\adorador\adorador-frontend\src\app\(public)../../../../../grupos/[bandId]/eventos/[eventId]/en-vivo/_hooks/useEventWSConexion.tsx:383:41)

    console.log
      [WebSocket DEBUG] Song ID asignado: 17

      at log (C:\Users\leovp\Programming\adorador\adorador-frontend\src\app\(public)../../../../../grupos/[bandId]/eventos/[eventId]/en-vivo/_hooks/useEventWSConexion.tsx:389:43)

    console.log
      [WebSocket DEBUG] Actualizando $eventSelectedSongId con: 17

      at log (C:\Users\leovp\Programming\adorador\adorador-frontend\src\app\(public)../../../../../grupos/[bandId]/eventos/[eventId]/en-vivo/_hooks/useEventWSConexion.tsx:397:41)

    console.log
      [WebSocket DEBUG] Misma canci├│n o carga inicial, manteniendo posici├│n actual

      at log (C:\Users\leovp\Programming\adorador\adorador-frontend\src\app\(public)../../../../../grupos/[bandId]/eventos/[eventId]/en-vivo/_hooks/useEventWSConexion.tsx:429:47)

    console.log
      [WebSocket SYNC] ≡ƒÄ╡ Recibido lyricSelected-17: { message: { position: 4, action: 'forward' }, eventAdmin: 'Leo' }

      at log (C:\Users\leovp\Programming\adorador\adorador-frontend\src\app\(public)../../../../../grupos/[bandId]/eventos/[eventId]/en-vivo/_hooks/useEventWSConexion.tsx:303:37)

    console.log
      [WebSocket DEBUG] Procesando mensaje legacy: { position: 4, action: 'forward' }

      at log (C:\Users\leovp\Programming\adorador\adorador-frontend\src\app\(public)../../../../../grupos/[bandId]/eventos/[eventId]/en-vivo/_hooks/useEventWSConexion.tsx:322:41)

    console.log
      [WebSocket DEBUG] isLegacyLyricMessage: true

      at log (C:\Users\leovp\Programming\adorador\adorador-frontend\src\app\(public)../../../../../grupos/[bandId]/eventos/[eventId]/en-vivo/_hooks/useEventWSConexion.tsx:326:41)

    console.log
      [WebSocket DEBUG] Lyric message asignado: { position: 4, action: 'forward' }

      at log (C:\Users\leovp\Programming\adorador\adorador-frontend\src\app\(public)../../../../../grupos/[bandId]/eventos/[eventId]/en-vivo/_hooks/useEventWSConexion.tsx:332:43)

    console.log
      [WebSocket DEBUG] Actualizando $lyricSelected con: { position: 4, action: 'forward' }

      at log (C:\Users\leovp\Programming\adorador\adorador-frontend\src\app\(public)../../../../../grupos/[bandId]/eventos/[eventId]/en-vivo/_hooks/useEventWSConexion.tsx:343:41)

    console.log
      [WebSocket SYNC] ≡ƒöä Solicitando estado actual del servidor...

      at log (C:\Users\leovp\Programming\adorador\adorador-frontend\src\app\(public)../../../../../grupos/[bandId]/eventos/[eventId]/en-vivo/_hooks/useEventWSConexion.tsx:680:37)

    console.log
      [WebSocket] Todos los listeners configurados - emitiendo listeners_ready y solicitando estado

      at log (C:\Users\leovp\Programming\adorador\adorador-frontend\src\app\(public)../../../../../grupos/[bandId]/eventos/[eventId]/en-vivo/_hooks/useEventWSConexion.tsx:672:35)

    console.log
      [WebSocket SYNC] ≡ƒöä Solicitando estado actual del servidor...

      at log (C:\Users\leovp\Programming\adorador\adorador-frontend\src\app\(public)../../../../../grupos/[bandId]/eventos/[eventId]/en-vivo/_hooks/useEventWSConexion.tsx:680:37)

    console.log
      [WebSocket SYNC] ≡ƒÄ╡ Recibido lyricSelected-17: { message: { position: 3, action: 'forward' }, eventAdmin: 'Leo' }

      at log (C:\Users\leovp\Programming\adorador\adorador-frontend\src\app\(public)../../../../../grupos/[bandId]/eventos/[eventId]/en-vivo/_hooks/useEventWSConexion.tsx:303:37)

    console.log
      [WebSocket DEBUG] Procesando mensaje legacy: { position: 3, action: 'forward' }

      at log (C:\Users\leovp\Programming\adorador\adorador-frontend\src\app\(public)../../../../../grupos/[bandId]/eventos/[eventId]/en-vivo/_hooks/useEventWSConexion.tsx:322:41)

    console.log
      [WebSocket DEBUG] isLegacyLyricMessage: true

      at log (C:\Users\leovp\Programming\adorador\adorador-frontend\src\app\(public)../../../../../grupos/[bandId]/eventos/[eventId]/en-vivo/_hooks/useEventWSConexion.tsx:326:41)

    console.log
      [WebSocket DEBUG] Lyric message asignado: { position: 3, action: 'forward' }

      at log (C:\Users\leovp\Programming\adorador\adorador-frontend\src\app\(public)../../../../../grupos/[bandId]/eventos/[eventId]/en-vivo/_hooks/useEventWSConexion.tsx:332:43)

    console.log
      [WebSocket DEBUG] Actualizando $lyricSelected con: { position: 3, action: 'forward' }

      at log (C:\Users\leovp\Programming\adorador\adorador-frontend\src\app\(public)../../../../../grupos/[bandId]/eventos/[eventId]/en-vivo/_hooks/useEventWSConexion.tsx:343:41)

    console.log
      [WebSocket SYNC] ≡ƒÄ╝ Recibido eventSelectedSong-17: { message: 17, eventAdmin: 'Leo' }

      at log (C:\Users\leovp\Programming\adorador\adorador-frontend\src\app\(public)../../../../../grupos/[bandId]/eventos/[eventId]/en-vivo/_hooks/useEventWSConexion.tsx:361:37)

    console.log
      [WebSocket DEBUG] Procesando songId legacy: 17

      at log (C:\Users\leovp\Programming\adorador\adorador-frontend\src\app\(public)../../../../../grupos/[bandId]/eventos/[eventId]/en-vivo/_hooks/useEventWSConexion.tsx:379:41)

    console.log
      [WebSocket DEBUG] isLegacyEventSongMessage: true

      at log (C:\Users\leovp\Programming\adorador\adorador-frontend\src\app\(public)../../../../../grupos/[bandId]/eventos/[eventId]/en-vivo/_hooks/useEventWSConexion.tsx:383:41)

    console.log
      [WebSocket DEBUG] Song ID asignado: 17

      at log (C:\Users\leovp\Programming\adorador\adorador-frontend\src\app\(public)../../../../../grupos/[bandId]/eventos/[eventId]/en-vivo/_hooks/useEventWSConexion.tsx:389:43)

    console.log
      [WebSocket DEBUG] Actualizando $eventSelectedSongId con: 17

      at log (C:\Users\leovp\Programming\adorador\adorador-frontend\src\app\(public)../../../../../grupos/[bandId]/eventos/[eventId]/en-vivo/_hooks/useEventWSConexion.tsx:397:41)

    console.log
      [WebSocket DEBUG] Misma canci├│n o carga inicial, manteniendo posici├│n actual

      at log (C:\Users\leovp\Programming\adorador\adorador-frontend\src\app\(public)../../../../../grupos/[bandId]/eventos/[eventId]/en-vivo/_hooks/useEventWSConexion.tsx:429:47)

    console.log
      [WebSocket SYNC] ≡ƒÄ╡ Recibido lyricSelected-17: { message: { position: 3, action: 'forward' }, eventAdmin: 'Leo' }

      at log (C:\Users\leovp\Programming\adorador\adorador-frontend\src\app\(public)../../../../../grupos/[bandId]/eventos/[eventId]/en-vivo/_hooks/useEventWSConexion.tsx:303:37)

    console.log
      [WebSocket DEBUG] Procesando mensaje legacy: { position: 3, action: 'forward' }

      at log (C:\Users\leovp\Programming\adorador\adorador-frontend\src\app\(public)../../../../../grupos/[bandId]/eventos/[eventId]/en-vivo/_hooks/useEventWSConexion.tsx:322:41)

    console.log
      [WebSocket DEBUG] isLegacyLyricMessage: true

      at log (C:\Users\leovp\Programming\adorador\adorador-frontend\src\app\(public)../../../../../grupos/[bandId]/eventos/[eventId]/en-vivo/_hooks/useEventWSConexion.tsx:326:41)

    console.log
      [WebSocket DEBUG] Lyric message asignado: { position: 3, action: 'forward' }

      at log (C:\Users\leovp\Programming\adorador\adorador-frontend\src\app\(public)../../../../../grupos/[bandId]/eventos/[eventId]/en-vivo/_hooks/useEventWSConexion.tsx:332:43)

    console.log
      [WebSocket DEBUG] Actualizando $lyricSelected con: { position: 3, action: 'forward' }

      at log (C:\Users\leovp\Programming\adorador\adorador-frontend\src\app\(public)../../../../../grupos/[bandId]/eventos/[eventId]/en-vivo/_hooks/useEventWSConexion.tsx:343:41)

    console.log
      [WebSocket SYNC] ≡ƒÄ╝ Recibido eventSelectedSong-17: { message: 17, eventAdmin: 'Leo' }

      at log (C:\Users\leovp\Programming\adorador\adorador-frontend\src\app\(public)../../../../../grupos/[bandId]/eventos/[eventId]/en-vivo/_hooks/useEventWSConexion.tsx:361:37)

    console.log
      [WebSocket DEBUG] Procesando songId legacy: 17

      at log (C:\Users\leovp\Programming\adorador\adorador-frontend\src\app\(public)../../../../../grupos/[bandId]/eventos/[eventId]/en-vivo/_hooks/useEventWSConexion.tsx:379:41)

    console.log
      [WebSocket DEBUG] isLegacyEventSongMessage: true

      at log (C:\Users\leovp\Programming\adorador\adorador-frontend\src\app\(public)../../../../../grupos/[bandId]/eventos/[eventId]/en-vivo/_hooks/useEventWSConexion.tsx:383:41)

    console.log
      [WebSocket DEBUG] Song ID asignado: 17

      at log (C:\Users\leovp\Programming\adorador\adorador-frontend\src\app\(public)../../../../../grupos/[bandId]/eventos/[eventId]/en-vivo/_hooks/useEventWSConexion.tsx:389:43)

    console.log
      [WebSocket DEBUG] Actualizando $eventSelectedSongId con: 17

      at log (C:\Users\leovp\Programming\adorador\adorador-frontend\src\app\(public)../../../../../grupos/[bandId]/eventos/[eventId]/en-vivo/_hooks/useEventWSConexion.tsx:397:41)

    console.log
      [WebSocket DEBUG] Misma canci├│n o carga inicial, manteniendo posici├│n actual

      at log (C:\Users\leovp\Programming\adorador\adorador-frontend\src\app\(public)../../../../../grupos/[bandId]/eventos/[eventId]/en-vivo/_hooks/useEventWSConexion.tsx:429:47)

    console.log
      [WebSocket] Todos los listeners configurados - emitiendo listeners_ready y solicitando estado

      at log (C:\Users\leovp\Programming\adorador\adorador-frontend\src\app\(public)../../../../../grupos/[bandId]/eventos/[eventId]/en-vivo/_hooks/useEventWSConexion.tsx:672:35)

    console.log
      [WebSocket SYNC] ≡ƒöä Solicitando estado actual del servidor...

      at log (C:\Users\leovp\Programming\adorador\adorador-frontend\src\app\(public)../../../../../grupos/[bandId]/eventos/[eventId]/en-vivo/_hooks/useEventWSConexion.tsx:680:37)

    console.log
      [WebSocket SYNC] ≡ƒÄ╡ Recibido lyricSelected-17: { message: { position: 1, action: 'forward' }, eventAdmin: 'Leo' }

      at log (C:\Users\leovp\Programming\adorador\adorador-frontend\src\app\(public)../../../../../grupos/[bandId]/eventos/[eventId]/en-vivo/_hooks/useEventWSConexion.tsx:303:37)

    console.log
      [WebSocket DEBUG] Procesando mensaje legacy: { position: 1, action: 'forward' }

      at log (C:\Users\leovp\Programming\adorador\adorador-frontend\src\app\(public)../../../../../grupos/[bandId]/eventos/[eventId]/en-vivo/_hooks/useEventWSConexion.tsx:322:41)

    console.log
      [WebSocket DEBUG] isLegacyLyricMessage: true

      at log (C:\Users\leovp\Programming\adorador\adorador-frontend\src\app\(public)../../../../../grupos/[bandId]/eventos/[eventId]/en-vivo/_hooks/useEventWSConexion.tsx:326:41)

    console.log
      [WebSocket DEBUG] Lyric message asignado: { position: 1, action: 'forward' }

      at log (C:\Users\leovp\Programming\adorador\adorador-frontend\src\app\(public)../../../../../grupos/[bandId]/eventos/[eventId]/en-vivo/_hooks/useEventWSConexion.tsx:332:43)

    console.log
      [WebSocket DEBUG] Actualizando $lyricSelected con: { position: 1, action: 'forward' }

      at log (C:\Users\leovp\Programming\adorador\adorador-frontend\src\app\(public)../../../../../grupos/[bandId]/eventos/[eventId]/en-vivo/_hooks/useEventWSConexion.tsx:343:41)

    console.log
      [WebSocket SYNC] ≡ƒÄ╡ Recibido lyricSelected-17: { message: { position: 2, action: 'forward' }, eventAdmin: 'Leo' }

      at log (C:\Users\leovp\Programming\adorador\adorador-frontend\src\app\(public)../../../../../grupos/[bandId]/eventos/[eventId]/en-vivo/_hooks/useEventWSConexion.tsx:303:37)

    console.log
      [WebSocket DEBUG] Procesando mensaje legacy: { position: 2, action: 'forward' }

      at log (C:\Users\leovp\Programming\adorador\adorador-frontend\src\app\(public)../../../../../grupos/[bandId]/eventos/[eventId]/en-vivo/_hooks/useEventWSConexion.tsx:322:41)

    console.log
      [WebSocket DEBUG] isLegacyLyricMessage: true

      at log (C:\Users\leovp\Programming\adorador\adorador-frontend\src\app\(public)../../../../../grupos/[bandId]/eventos/[eventId]/en-vivo/_hooks/useEventWSConexion.tsx:326:41)

    console.log
      [WebSocket DEBUG] Lyric message asignado: { position: 2, action: 'forward' }

      at log (C:\Users\leovp\Programming\adorador\adorador-frontend\src\app\(public)../../../../../grupos/[bandId]/eventos/[eventId]/en-vivo/_hooks/useEventWSConexion.tsx:332:43)

    console.log
      [WebSocket DEBUG] Actualizando $lyricSelected con: { position: 2, action: 'forward' }

      at log (C:\Users\leovp\Programming\adorador\adorador-frontend\src\app\(public)../../../../../grupos/[bandId]/eventos/[eventId]/en-vivo/_hooks/useEventWSConexion.tsx:343:41)

    console.log
      [WebSocket SYNC] ≡ƒÄ╡ Recibido lyricSelected-17: { message: { position: 1, action: 'backward' }, eventAdmin: 'Leo' }

      at log (C:\Users\leovp\Programming\adorador\adorador-frontend\src\app\(public)../../../../../grupos/[bandId]/eventos/[eventId]/en-vivo/_hooks/useEventWSConexion.tsx:303:37)

    console.log
      [WebSocket DEBUG] Procesando mensaje legacy: { position: 1, action: 'backward' }

      at log (C:\Users\leovp\Programming\adorador\adorador-frontend\src\app\(public)../../../../../grupos/[bandId]/eventos/[eventId]/en-vivo/_hooks/useEventWSConexion.tsx:322:41)

    console.log
      [WebSocket DEBUG] isLegacyLyricMessage: true

      at log (C:\Users\leovp\Programming\adorador\adorador-frontend\src\app\(public)../../../../../grupos/[bandId]/eventos/[eventId]/en-vivo/_hooks/useEventWSConexion.tsx:326:41)

    console.log
      [WebSocket DEBUG] Lyric message asignado: { position: 1, action: 'backward' }

      at log (C:\Users\leovp\Programming\adorador\adorador-frontend\src\app\(public)../../../../../grupos/[bandId]/eventos/[eventId]/en-vivo/_hooks/useEventWSConexion.tsx:332:43)

    console.log
      [WebSocket DEBUG] Actualizando $lyricSelected con: { position: 1, action: 'backward' }

      at log (C:\Users\leovp\Programming\adorador\adorador-frontend\src\app\(public)../../../../../grupos/[bandId]/eventos/[eventId]/en-vivo/_hooks/useEventWSConexion.tsx:343:41)

    console.log
      [WebSocket] Todos los listeners configurados - emitiendo listeners_ready y solicitando estado

      at log (C:\Users\leovp\Programming\adorador\adorador-frontend\src\app\(public)../../../../../grupos/[bandId]/eventos/[eventId]/en-vivo/_hooks/useEventWSConexion.tsx:672:35)

    console.log
      [WebSocket SYNC] ≡ƒöä Solicitando estado actual del servidor...

      at log (C:\Users\leovp\Programming\adorador\adorador-frontend\src\app\(public)../../../../../grupos/[bandId]/eventos/[eventId]/en-vivo/_hooks/useEventWSConexion.tsx:680:37)

    console.log
      [WebSocket SYNC] ≡ƒÄ╝ Recibido eventSelectedSong-17: { message: 17, eventAdmin: 'Leo' }

      at log (C:\Users\leovp\Programming\adorador\adorador-frontend\src\app\(public)../../../../../grupos/[bandId]/eventos/[eventId]/en-vivo/_hooks/useEventWSConexion.tsx:361:37)

    console.log
      [WebSocket DEBUG] Procesando songId legacy: 17

      at log (C:\Users\leovp\Programming\adorador\adorador-frontend\src\app\(public)../../../../../grupos/[bandId]/eventos/[eventId]/en-vivo/_hooks/useEventWSConexion.tsx:379:41)

    console.log
      [WebSocket DEBUG] isLegacyEventSongMessage: true

      at log (C:\Users\leovp\Programming\adorador\adorador-frontend\src\app\(public)../../../../../grupos/[bandId]/eventos/[eventId]/en-vivo/_hooks/useEventWSConexion.tsx:383:41)

    console.log
      [WebSocket DEBUG] Song ID asignado: 17

      at log (C:\Users\leovp\Programming\adorador\adorador-frontend\src\app\(public)../../../../../grupos/[bandId]/eventos/[eventId]/en-vivo/_hooks/useEventWSConexion.tsx:389:43)

    console.log
      [WebSocket DEBUG] Actualizando $eventSelectedSongId con: 17

      at log (C:\Users\leovp\Programming\adorador\adorador-frontend\src\app\(public)../../../../../grupos/[bandId]/eventos/[eventId]/en-vivo/_hooks/useEventWSConexion.tsx:397:41)

    console.log
      [WebSocket DEBUG] Canci├│n cambi├│, reseteando posici├│n a 0

      at log (C:\Users\leovp\Programming\adorador\adorador-frontend\src\app\(public)../../../../../grupos/[bandId]/eventos/[eventId]/en-vivo/_hooks/useEventWSConexion.tsx:424:47)

    console.log
      [WebSocket SYNC] ≡ƒÄ╡ Recibido lyricSelected-17: { message: { position: 2, action: 'forward' }, eventAdmin: 'Leo' }

      at log (C:\Users\leovp\Programming\adorador\adorador-frontend\src\app\(public)../../../../../grupos/[bandId]/eventos/[eventId]/en-vivo/_hooks/useEventWSConexion.tsx:303:37)

    console.log
      [WebSocket DEBUG] Procesando mensaje legacy: { position: 2, action: 'forward' }

      at log (C:\Users\leovp\Programming\adorador\adorador-frontend\src\app\(public)../../../../../grupos/[bandId]/eventos/[eventId]/en-vivo/_hooks/useEventWSConexion.tsx:322:41)

    console.log
      [WebSocket DEBUG] isLegacyLyricMessage: true

      at log (C:\Users\leovp\Programming\adorador\adorador-frontend\src\app\(public)../../../../../grupos/[bandId]/eventos/[eventId]/en-vivo/_hooks/useEventWSConexion.tsx:326:41)

    console.log
      [WebSocket DEBUG] Lyric message asignado: { position: 2, action: 'forward' }

      at log (C:\Users\leovp\Programming\adorador\adorador-frontend\src\app\(public)../../../../../grupos/[bandId]/eventos/[eventId]/en-vivo/_hooks/useEventWSConexion.tsx:332:43)

    console.log
      [WebSocket DEBUG] Actualizando $lyricSelected con: { position: 2, action: 'forward' }

      at log (C:\Users\leovp\Programming\adorador\adorador-frontend\src\app\(public)../../../../../grupos/[bandId]/eventos/[eventId]/en-vivo/_hooks/useEventWSConexion.tsx:343:41)

    console.log
      [WebSocket] Todos los listeners configurados - emitiendo listeners_ready y solicitando estado

      at log (C:\Users\leovp\Programming\adorador\adorador-frontend\src\app\(public)../../../../../grupos/[bandId]/eventos/[eventId]/en-vivo/_hooks/useEventWSConexion.tsx:672:35)

    console.log
      [WebSocket] Todos los listeners configurados - emitiendo listeners_ready y solicitando estado

      at log (C:\Users\leovp\Programming\adorador\adorador-frontend\src\app\(public)../../../../../grupos/[bandId]/eventos/[eventId]/en-vivo/_hooks/useEventWSConexion.tsx:672:35)

    console.log
      [WebSocket SYNC] ≡ƒöä Solicitando estado actual del servidor...

      at log (C:\Users\leovp\Programming\adorador\adorador-frontend\src\app\(public)../../../../../grupos/[bandId]/eventos/[eventId]/en-vivo/_hooks/useEventWSConexion.tsx:680:37)

    console.log
      [WebSocket SYNC] ≡ƒöä Solicitando estado actual del servidor...

      at log (C:\Users\leovp\Programming\adorador\adorador-frontend\src\app\(public)../../../../../grupos/[bandId]/eventos/[eventId]/en-vivo/_hooks/useEventWSConexion.tsx:680:37)

    console.log
      [WebSocket SYNC] ≡ƒÄ╝ Recibido eventSelectedSong-17: { message: 18, eventAdmin: 'Leo' }

      at log (C:\Users\leovp\Programming\adorador\adorador-frontend\src\app\(public)../../../../../grupos/[bandId]/eventos/[eventId]/en-vivo/_hooks/useEventWSConexion.tsx:361:37)

    console.log
      [WebSocket DEBUG] Procesando songId legacy: 18

      at log (C:\Users\leovp\Programming\adorador\adorador-frontend\src\app\(public)../../../../../grupos/[bandId]/eventos/[eventId]/en-vivo/_hooks/useEventWSConexion.tsx:379:41)

    console.log
      [WebSocket DEBUG] isLegacyEventSongMessage: true

      at log (C:\Users\leovp\Programming\adorador\adorador-frontend\src\app\(public)../../../../../grupos/[bandId]/eventos/[eventId]/en-vivo/_hooks/useEventWSConexion.tsx:383:41)

    console.log
      [WebSocket DEBUG] Song ID asignado: 18

      at log (C:\Users\leovp\Programming\adorador\adorador-frontend\src\app\(public)../../../../../grupos/[bandId]/eventos/[eventId]/en-vivo/_hooks/useEventWSConexion.tsx:389:43)

    console.log
      [WebSocket DEBUG] Actualizando $eventSelectedSongId con: 18

      at log (C:\Users\leovp\Programming\adorador\adorador-frontend\src\app\(public)../../../../../grupos/[bandId]/eventos/[eventId]/en-vivo/_hooks/useEventWSConexion.tsx:397:41)

    console.log
      [WebSocket DEBUG] Canci├│n cambi├│, reseteando posici├│n a 0

      at log (C:\Users\leovp\Programming\adorador\adorador-frontend\src\app\(public)../../../../../grupos/[bandId]/eventos/[eventId]/en-vivo/_hooks/useEventWSConexion.tsx:424:47)

  ΓùÅ useEventWSConexion - Orden de eventos y race conditions ΓÇ║ Race condition: lyricSelected llega antes que eventSelectedSong ΓÇ║ debe mantener la posici├│n cuando lyricSelected llega primero

    expect(jest.fn()).toHaveBeenCalled()

    Expected number of calls: >= 1
    Received number of calls:    0

    Ignored nodes: comments, script, style
    <html>
      <head />
      <body>
        <div />
      </body>
    </html>

      206 |
      207 |       await waitFor(() => {
    > 208 |         expect(mockOn).toHaveBeenCalled();
          |                        ^
      209 |       });
      210 |
      211 |       const lyricListener = mockOn.mock.calls.find(

      at toHaveBeenCalled (C:\Users\leovp\Programming\adorador\adorador-frontend\src\app\(public)../../../../../grupos/[bandId]/eventos/[eventId]/en-vivo/_hooks/__tests__/useEventWSConexion.raceConditions.test.tsx:208:24)
      at runWithExpensiveErrorDiagnosticsDisabled (node_modules/@testing-library/dom/dist/config.js:47:12)
      at checkCallback (node_modules/@testing-library/dom/dist/wait-for.js:124:77)
      at node_modules/@testing-library/dom/dist/wait-for.js:97:7
      at waitFor (node_modules/@testing-library/dom/dist/wait-for.js:36:10)
      at node_modules/@testing-library/dom/dist/wait-for.js:164:54
      at Object.asyncWrapper (node_modules/@testing-library/react/dist/pure.js:88:28)
      at waitForWrapper (node_modules/@testing-library/dom/dist/wait-for.js:164:35)
      at Object.<anonymous> (C:\Users\leovp\Programming\adorador\adorador-frontend\src\app\(public)../../../../../grupos/[bandId]/eventos/[eventId]/en-vivo/_hooks/__tests__/useEventWSConexion.raceConditions.test.tsx:207:20)

PASS src/app/(public)/grupos/[bandId]/canciones/[songId]/_components/__tests__/StoredLyricsAlert.test.tsx (11.099 s)
PASS src/app/(public)/grupos/_hooks/__tests__/useInviteUser.test.tsx (7.687 s)
  ΓùÅ Console

    console.error
      Warning: An update to TestComponent inside a test was not wrapped in act(...).
      
      When testing, code that causes React state updates should be wrapped into act(...):
      
      act(() => {
        /* fire events that update state */
      });
      /* assert on the output */
      
      This ensures that you're testing the behavior the user would see in the browser. Learn more at https://reactjs.org/link/wrap-tests-with-act
          at TestComponent (C:\Users\leovp\Programming\adorador\adorador-frontend\node_modules\@testing-library\react\dist\pure.js:329:5)

      25 |     }
      26 |
    > 27 |     setIsSearching(true);
         |     ^
      28 |
      29 |     try {
      30 |       const tokens = getTokens();

      at printWarning (node_modules/react-dom/cjs/react-dom.development.js:86:30)
      at error (node_modules/react-dom/cjs/react-dom.development.js:60:7)
      at warnIfUpdatesNotWrappedWithActDEV (node_modules/react-dom/cjs/react-dom.development.js:27628:9)
      at scheduleUpdateOnFiber (node_modules/react-dom/cjs/react-dom.development.js:25547:5)
      at dispatchSetState (node_modules/react-dom/cjs/react-dom.development.js:16708:7)
      at Object.setIsSearching [as searchUsers] (C:\Users\leovp\Programming\adorador\adorador-frontend\src\app\(public)../../../../../grupos/_hooks/useInviteUser.tsx:27:5)
      at Object.searchUsers (C:\Users\leovp\Programming\adorador\adorador-frontend\src\app\(public)../../../../../grupos/_hooks/__tests__/useInviteUser.test.tsx:62:26)

    console.error
      Warning: An update to TestComponent inside a test was not wrapped in act(...).
      
      When testing, code that causes React state updates should be wrapped into act(...):
      
      act(() => {
        /* fire events that update state */
      });
      /* assert on the output */
      
      This ensures that you're testing the behavior the user would see in the browser. Learn more at https://reactjs.org/link/wrap-tests-with-act
          at TestComponent (C:\Users\leovp\Programming\adorador\adorador-frontend\node_modules\@testing-library\react\dist\pure.js:329:5)

      49 |
      50 |       const data = await response.json();
    > 51 |       setSearchResults(data);
         |       ^
      52 |     } catch (error) {
      53 |       const errorMessage =
      54 |         error instanceof Error ? error.message : 'Error al buscar usuarios';

      at printWarning (node_modules/react-dom/cjs/react-dom.development.js:86:30)
      at error (node_modules/react-dom/cjs/react-dom.development.js:60:7)
      at warnIfUpdatesNotWrappedWithActDEV (node_modules/react-dom/cjs/react-dom.development.js:27628:9)
      at scheduleUpdateOnFiber (node_modules/react-dom/cjs/react-dom.development.js:25547:5)
      at dispatchSetState (node_modules/react-dom/cjs/react-dom.development.js:16708:7)
      at Object.setSearchResults [as searchUsers] (C:\Users\leovp\Programming\adorador\adorador-frontend\src\app\(public)../../../../../grupos/_hooks/useInviteUser.tsx:51:7)
      at Object.<anonymous> (C:\Users\leovp\Programming\adorador\adorador-frontend\src\app\(public)../../../../../grupos/_hooks/__tests__/useInviteUser.test.tsx:62:5)

    console.error
      Warning: An update to TestComponent inside a test was not wrapped in act(...).
      
      When testing, code that causes React state updates should be wrapped into act(...):
      
      act(() => {
        /* fire events that update state */
      });
      /* assert on the output */
      
      This ensures that you're testing the behavior the user would see in the browser. Learn more at https://reactjs.org/link/wrap-tests-with-act
          at TestComponent (C:\Users\leovp\Programming\adorador\adorador-frontend\node_modules\@testing-library\react\dist\pure.js:329:5)

      56 |       setSearchResults([]);
      57 |     } finally {
    > 58 |       setIsSearching(false);
         |       ^
      59 |     }
      60 |   };
      61 |

      at printWarning (node_modules/react-dom/cjs/react-dom.development.js:86:30)
      at error (node_modules/react-dom/cjs/react-dom.development.js:60:7)
      at warnIfUpdatesNotWrappedWithActDEV (node_modules/react-dom/cjs/react-dom.development.js:27628:9)
      at scheduleUpdateOnFiber (node_modules/react-dom/cjs/react-dom.development.js:25547:5)
      at dispatchSetState (node_modules/react-dom/cjs/react-dom.development.js:16708:7)
      at Object.setIsSearching [as searchUsers] (C:\Users\leovp\Programming\adorador\adorador-frontend\src\app\(public)../../../../../grupos/_hooks/useInviteUser.tsx:58:7)
      at Object.<anonymous> (C:\Users\leovp\Programming\adorador\adorador-frontend\src\app\(public)../../../../../grupos/_hooks/__tests__/useInviteUser.test.tsx:62:5)

    console.error
      Warning: An update to TestComponent inside a test was not wrapped in act(...).
      
      When testing, code that causes React state updates should be wrapped into act(...):
      
      act(() => {
        /* fire events that update state */
      });
      /* assert on the output */
      
      This ensures that you're testing the behavior the user would see in the browser. Learn more at https://reactjs.org/link/wrap-tests-with-act
          at TestComponent (C:\Users\leovp\Programming\adorador\adorador-frontend\node_modules\@testing-library\react\dist\pure.js:329:5)

      25 |     }
      26 |
    > 27 |     setIsSearching(true);
         |     ^
      28 |
      29 |     try {
      30 |       const tokens = getTokens();

      at printWarning (node_modules/react-dom/cjs/react-dom.development.js:86:30)
      at error (node_modules/react-dom/cjs/react-dom.development.js:60:7)
      at warnIfUpdatesNotWrappedWithActDEV (node_modules/react-dom/cjs/react-dom.development.js:27628:9)
      at scheduleUpdateOnFiber (node_modules/react-dom/cjs/react-dom.development.js:25547:5)
      at dispatchSetState (node_modules/react-dom/cjs/react-dom.development.js:16708:7)
      at Object.setIsSearching [as searchUsers] (C:\Users\leovp\Programming\adorador\adorador-frontend\src\app\(public)../../../../../grupos/_hooks/useInviteUser.tsx:27:5)
      at Object.searchUsers (C:\Users\leovp\Programming\adorador\adorador-frontend\src\app\(public)../../../../../grupos/_hooks/__tests__/useInviteUser.test.tsx:100:26)

    console.error
      Warning: An update to TestComponent inside a test was not wrapped in act(...).
      
      When testing, code that causes React state updates should be wrapped into act(...):
      
      act(() => {
        /* fire events that update state */
      });
      /* assert on the output */
      
      This ensures that you're testing the behavior the user would see in the browser. Learn more at https://reactjs.org/link/wrap-tests-with-act
          at TestComponent (C:\Users\leovp\Programming\adorador\adorador-frontend\node_modules\@testing-library\react\dist\pure.js:329:5)

      54 |         error instanceof Error ? error.message : 'Error al buscar usuarios';
      55 |       toast.error(errorMessage);
    > 56 |       setSearchResults([]);
         |       ^
      57 |     } finally {
      58 |       setIsSearching(false);
      59 |     }

      at printWarning (node_modules/react-dom/cjs/react-dom.development.js:86:30)
      at error (node_modules/react-dom/cjs/react-dom.development.js:60:7)
      at warnIfUpdatesNotWrappedWithActDEV (node_modules/react-dom/cjs/react-dom.development.js:27628:9)
      at scheduleUpdateOnFiber (node_modules/react-dom/cjs/react-dom.development.js:25547:5)
      at dispatchSetState (node_modules/react-dom/cjs/react-dom.development.js:16708:7)
      at Object.setSearchResults [as searchUsers] (C:\Users\leovp\Programming\adorador\adorador-frontend\src\app\(public)../../../../../grupos/_hooks/useInviteUser.tsx:56:7)
      at Object.<anonymous> (C:\Users\leovp\Programming\adorador\adorador-frontend\src\app\(public)../../../../../grupos/_hooks/__tests__/useInviteUser.test.tsx:100:5)

    console.error
      Warning: An update to TestComponent inside a test was not wrapped in act(...).
      
      When testing, code that causes React state updates should be wrapped into act(...):
      
      act(() => {
        /* fire events that update state */
      });
      /* assert on the output */
      
      This ensures that you're testing the behavior the user would see in the browser. Learn more at https://reactjs.org/link/wrap-tests-with-act
          at TestComponent (C:\Users\leovp\Programming\adorador\adorador-frontend\node_modules\@testing-library\react\dist\pure.js:329:5)

      56 |       setSearchResults([]);
      57 |     } finally {
    > 58 |       setIsSearching(false);
         |       ^
      59 |     }
      60 |   };
      61 |

      at printWarning (node_modules/react-dom/cjs/react-dom.development.js:86:30)
      at error (node_modules/react-dom/cjs/react-dom.development.js:60:7)
      at warnIfUpdatesNotWrappedWithActDEV (node_modules/react-dom/cjs/react-dom.development.js:27628:9)
      at scheduleUpdateOnFiber (node_modules/react-dom/cjs/react-dom.development.js:25547:5)
      at dispatchSetState (node_modules/react-dom/cjs/react-dom.development.js:16708:7)
      at Object.setIsSearching [as searchUsers] (C:\Users\leovp\Programming\adorador\adorador-frontend\src\app\(public)../../../../../grupos/_hooks/useInviteUser.tsx:58:7)
      at Object.<anonymous> (C:\Users\leovp\Programming\adorador\adorador-frontend\src\app\(public)../../../../../grupos/_hooks/__tests__/useInviteUser.test.tsx:100:5)

    console.error
      Warning: An update to TestComponent inside a test was not wrapped in act(...).
      
      When testing, code that causes React state updates should be wrapped into act(...):
      
      act(() => {
        /* fire events that update state */
      });
      /* assert on the output */
      
      This ensures that you're testing the behavior the user would see in the browser. Learn more at https://reactjs.org/link/wrap-tests-with-act
          at TestComponent (C:\Users\leovp\Programming\adorador\adorador-frontend\node_modules\@testing-library\react\dist\pure.js:329:5)

      25 |     }
      26 |
    > 27 |     setIsSearching(true);
         |     ^
      28 |
      29 |     try {
      30 |       const tokens = getTokens();

      at printWarning (node_modules/react-dom/cjs/react-dom.development.js:86:30)
      at error (node_modules/react-dom/cjs/react-dom.development.js:60:7)
      at warnIfUpdatesNotWrappedWithActDEV (node_modules/react-dom/cjs/react-dom.development.js:27628:9)
      at scheduleUpdateOnFiber (node_modules/react-dom/cjs/react-dom.development.js:25547:5)
      at dispatchSetState (node_modules/react-dom/cjs/react-dom.development.js:16708:7)
      at Object.setIsSearching [as searchUsers] (C:\Users\leovp\Programming\adorador\adorador-frontend\src\app\(public)../../../../../grupos/_hooks/useInviteUser.tsx:27:5)
      at Object.searchUsers (C:\Users\leovp\Programming\adorador\adorador-frontend\src\app\(public)../../../../../grupos/_hooks/__tests__/useInviteUser.test.tsx:116:26)

    console.error
      Warning: An update to TestComponent inside a test was not wrapped in act(...).
      
      When testing, code that causes React state updates should be wrapped into act(...):
      
      act(() => {
        /* fire events that update state */
      });
      /* assert on the output */
      
      This ensures that you're testing the behavior the user would see in the browser. Learn more at https://reactjs.org/link/wrap-tests-with-act
          at TestComponent (C:\Users\leovp\Programming\adorador\adorador-frontend\node_modules\@testing-library\react\dist\pure.js:329:5)

      54 |         error instanceof Error ? error.message : 'Error al buscar usuarios';
      55 |       toast.error(errorMessage);
    > 56 |       setSearchResults([]);
         |       ^
      57 |     } finally {
      58 |       setIsSearching(false);
      59 |     }

      at printWarning (node_modules/react-dom/cjs/react-dom.development.js:86:30)
      at error (node_modules/react-dom/cjs/react-dom.development.js:60:7)
      at warnIfUpdatesNotWrappedWithActDEV (node_modules/react-dom/cjs/react-dom.development.js:27628:9)
      at scheduleUpdateOnFiber (node_modules/react-dom/cjs/react-dom.development.js:25547:5)
      at dispatchSetState (node_modules/react-dom/cjs/react-dom.development.js:16708:7)
      at Object.setSearchResults [as searchUsers] (C:\Users\leovp\Programming\adorador\adorador-frontend\src\app\(public)../../../../../grupos/_hooks/useInviteUser.tsx:56:7)
      at Object.<anonymous> (C:\Users\leovp\Programming\adorador\adorador-frontend\src\app\(public)../../../../../grupos/_hooks/__tests__/useInviteUser.test.tsx:116:5)

    console.error
      Warning: An update to TestComponent inside a test was not wrapped in act(...).
      
      When testing, code that causes React state updates should be wrapped into act(...):
      
      act(() => {
        /* fire events that update state */
      });
      /* assert on the output */
      
      This ensures that you're testing the behavior the user would see in the browser. Learn more at https://reactjs.org/link/wrap-tests-with-act
          at TestComponent (C:\Users\leovp\Programming\adorador\adorador-frontend\node_modules\@testing-library\react\dist\pure.js:329:5)

      56 |       setSearchResults([]);
      57 |     } finally {
    > 58 |       setIsSearching(false);
         |       ^
      59 |     }
      60 |   };
      61 |

      at printWarning (node_modules/react-dom/cjs/react-dom.development.js:86:30)
      at error (node_modules/react-dom/cjs/react-dom.development.js:60:7)
      at warnIfUpdatesNotWrappedWithActDEV (node_modules/react-dom/cjs/react-dom.development.js:27628:9)
      at scheduleUpdateOnFiber (node_modules/react-dom/cjs/react-dom.development.js:25547:5)
      at dispatchSetState (node_modules/react-dom/cjs/react-dom.development.js:16708:7)
      at Object.setIsSearching [as searchUsers] (C:\Users\leovp\Programming\adorador\adorador-frontend\src\app\(public)../../../../../grupos/_hooks/useInviteUser.tsx:58:7)
      at Object.<anonymous> (C:\Users\leovp\Programming\adorador\adorador-frontend\src\app\(public)../../../../../grupos/_hooks/__tests__/useInviteUser.test.tsx:116:5)

    console.error
      Warning: An update to TestComponent inside a test was not wrapped in act(...).
      
      When testing, code that causes React state updates should be wrapped into act(...):
      
      act(() => {
        /* fire events that update state */
      });
      /* assert on the output */
      
      This ensures that you're testing the behavior the user would see in the browser. Learn more at https://reactjs.org/link/wrap-tests-with-act
          at TestComponent (C:\Users\leovp\Programming\adorador\adorador-frontend\node_modules\@testing-library\react\dist\pure.js:329:5)

      25 |     }
      26 |
    > 27 |     setIsSearching(true);
         |     ^
      28 |
      29 |     try {
      30 |       const tokens = getTokens();

      at printWarning (node_modules/react-dom/cjs/react-dom.development.js:86:30)
      at error (node_modules/react-dom/cjs/react-dom.development.js:60:7)
      at warnIfUpdatesNotWrappedWithActDEV (node_modules/react-dom/cjs/react-dom.development.js:27628:9)
      at scheduleUpdateOnFiber (node_modules/react-dom/cjs/react-dom.development.js:25547:5)
      at dispatchSetState (node_modules/react-dom/cjs/react-dom.development.js:16708:7)
      at Object.setIsSearching [as searchUsers] (C:\Users\leovp\Programming\adorador\adorador-frontend\src\app\(public)../../../../../grupos/_hooks/useInviteUser.tsx:27:5)
      at Object.searchUsers (C:\Users\leovp\Programming\adorador\adorador-frontend\src\app\(public)../../../../../grupos/_hooks/__tests__/useInviteUser.test.tsx:130:26)

    console.error
      Warning: An update to TestComponent inside a test was not wrapped in act(...).
      
      When testing, code that causes React state updates should be wrapped into act(...):
      
      act(() => {
        /* fire events that update state */
      });
      /* assert on the output */
      
      This ensures that you're testing the behavior the user would see in the browser. Learn more at https://reactjs.org/link/wrap-tests-with-act
          at TestComponent (C:\Users\leovp\Programming\adorador\adorador-frontend\node_modules\@testing-library\react\dist\pure.js:329:5)

      54 |         error instanceof Error ? error.message : 'Error al buscar usuarios';
      55 |       toast.error(errorMessage);
    > 56 |       setSearchResults([]);
         |       ^
      57 |     } finally {
      58 |       setIsSearching(false);
      59 |     }

      at printWarning (node_modules/react-dom/cjs/react-dom.development.js:86:30)
      at error (node_modules/react-dom/cjs/react-dom.development.js:60:7)
      at warnIfUpdatesNotWrappedWithActDEV (node_modules/react-dom/cjs/react-dom.development.js:27628:9)
      at scheduleUpdateOnFiber (node_modules/react-dom/cjs/react-dom.development.js:25547:5)
      at dispatchSetState (node_modules/react-dom/cjs/react-dom.development.js:16708:7)
      at Object.setSearchResults [as searchUsers] (C:\Users\leovp\Programming\adorador\adorador-frontend\src\app\(public)../../../../../grupos/_hooks/useInviteUser.tsx:56:7)
      at Object.searchUsers (C:\Users\leovp\Programming\adorador\adorador-frontend\src\app\(public)../../../../../grupos/_hooks/__tests__/useInviteUser.test.tsx:130:26)

    console.error
      Warning: An update to TestComponent inside a test was not wrapped in act(...).
      
      When testing, code that causes React state updates should be wrapped into act(...):
      
      act(() => {
        /* fire events that update state */
      });
      /* assert on the output */
      
      This ensures that you're testing the behavior the user would see in the browser. Learn more at https://reactjs.org/link/wrap-tests-with-act
          at TestComponent (C:\Users\leovp\Programming\adorador\adorador-frontend\node_modules\@testing-library\react\dist\pure.js:329:5)

      56 |       setSearchResults([]);
      57 |     } finally {
    > 58 |       setIsSearching(false);
         |       ^
      59 |     }
      60 |   };
      61 |

      at printWarning (node_modules/react-dom/cjs/react-dom.development.js:86:30)
      at error (node_modules/react-dom/cjs/react-dom.development.js:60:7)
      at warnIfUpdatesNotWrappedWithActDEV (node_modules/react-dom/cjs/react-dom.development.js:27628:9)
      at scheduleUpdateOnFiber (node_modules/react-dom/cjs/react-dom.development.js:25547:5)
      at dispatchSetState (node_modules/react-dom/cjs/react-dom.development.js:16708:7)
      at Object.setIsSearching [as searchUsers] (C:\Users\leovp\Programming\adorador\adorador-frontend\src\app\(public)../../../../../grupos/_hooks/useInviteUser.tsx:58:7)
      at Object.searchUsers (C:\Users\leovp\Programming\adorador\adorador-frontend\src\app\(public)../../../../../grupos/_hooks/__tests__/useInviteUser.test.tsx:130:26)

    console.error
      Warning: An update to TestComponent inside a test was not wrapped in act(...).
      
      When testing, code that causes React state updates should be wrapped into act(...):
      
      act(() => {
        /* fire events that update state */
      });
      /* assert on the output */
      
      This ensures that you're testing the behavior the user would see in the browser. Learn more at https://reactjs.org/link/wrap-tests-with-act
          at TestComponent (C:\Users\leovp\Programming\adorador\adorador-frontend\node_modules\@testing-library\react\dist\pure.js:329:5)

      25 |     }
      26 |
    > 27 |     setIsSearching(true);
         |     ^
      28 |
      29 |     try {
      30 |       const tokens = getTokens();

      at printWarning (node_modules/react-dom/cjs/react-dom.development.js:86:30)
      at error (node_modules/react-dom/cjs/react-dom.development.js:60:7)
      at warnIfUpdatesNotWrappedWithActDEV (node_modules/react-dom/cjs/react-dom.development.js:27628:9)
      at scheduleUpdateOnFiber (node_modules/react-dom/cjs/react-dom.development.js:25547:5)
      at dispatchSetState (node_modules/react-dom/cjs/react-dom.development.js:16708:7)
      at Object.setIsSearching [as searchUsers] (C:\Users\leovp\Programming\adorador\adorador-frontend\src\app\(public)../../../../../grupos/_hooks/useInviteUser.tsx:27:5)
      at Object.searchUsers (C:\Users\leovp\Programming\adorador\adorador-frontend\src\app\(public)../../../../../grupos/_hooks/__tests__/useInviteUser.test.tsx:155:26)

    console.error
      Warning: An update to TestComponent inside a test was not wrapped in act(...).
      
      When testing, code that causes React state updates should be wrapped into act(...):
      
      act(() => {
        /* fire events that update state */
      });
      /* assert on the output */
      
      This ensures that you're testing the behavior the user would see in the browser. Learn more at https://reactjs.org/link/wrap-tests-with-act
          at TestComponent (C:\Users\leovp\Programming\adorador\adorador-frontend\node_modules\@testing-library\react\dist\pure.js:329:5)

      49 |
      50 |       const data = await response.json();
    > 51 |       setSearchResults(data);
         |       ^
      52 |     } catch (error) {
      53 |       const errorMessage =
      54 |         error instanceof Error ? error.message : 'Error al buscar usuarios';

      at printWarning (node_modules/react-dom/cjs/react-dom.development.js:86:30)
      at error (node_modules/react-dom/cjs/react-dom.development.js:60:7)
      at warnIfUpdatesNotWrappedWithActDEV (node_modules/react-dom/cjs/react-dom.development.js:27628:9)
      at scheduleUpdateOnFiber (node_modules/react-dom/cjs/react-dom.development.js:25547:5)
      at dispatchSetState (node_modules/react-dom/cjs/react-dom.development.js:16708:7)
      at Object.setSearchResults [as searchUsers] (C:\Users\leovp\Programming\adorador\adorador-frontend\src\app\(public)../../../../../grupos/_hooks/useInviteUser.tsx:51:7)
      at Object.<anonymous> (C:\Users\leovp\Programming\adorador\adorador-frontend\src\app\(public)../../../../../grupos/_hooks/__tests__/useInviteUser.test.tsx:155:5)

    console.error
      Warning: An update to TestComponent inside a test was not wrapped in act(...).
      
      When testing, code that causes React state updates should be wrapped into act(...):
      
      act(() => {
        /* fire events that update state */
      });
      /* assert on the output */
      
      This ensures that you're testing the behavior the user would see in the browser. Learn more at https://reactjs.org/link/wrap-tests-with-act
          at TestComponent (C:\Users\leovp\Programming\adorador\adorador-frontend\node_modules\@testing-library\react\dist\pure.js:329:5)

      56 |       setSearchResults([]);
      57 |     } finally {
    > 58 |       setIsSearching(false);
         |       ^
      59 |     }
      60 |   };
      61 |

      at printWarning (node_modules/react-dom/cjs/react-dom.development.js:86:30)
      at error (node_modules/react-dom/cjs/react-dom.development.js:60:7)
      at warnIfUpdatesNotWrappedWithActDEV (node_modules/react-dom/cjs/react-dom.development.js:27628:9)
      at scheduleUpdateOnFiber (node_modules/react-dom/cjs/react-dom.development.js:25547:5)
      at dispatchSetState (node_modules/react-dom/cjs/react-dom.development.js:16708:7)
      at Object.setIsSearching [as searchUsers] (C:\Users\leovp\Programming\adorador\adorador-frontend\src\app\(public)../../../../../grupos/_hooks/useInviteUser.tsx:58:7)
      at Object.<anonymous> (C:\Users\leovp\Programming\adorador\adorador-frontend\src\app\(public)../../../../../grupos/_hooks/__tests__/useInviteUser.test.tsx:155:5)

    console.error
      Warning: An update to TestComponent inside a test was not wrapped in act(...).
      
      When testing, code that causes React state updates should be wrapped into act(...):
      
      act(() => {
        /* fire events that update state */
      });
      /* assert on the output */
      
      This ensures that you're testing the behavior the user would see in the browser. Learn more at https://reactjs.org/link/wrap-tests-with-act
          at TestComponent (C:\Users\leovp\Programming\adorador\adorador-frontend\node_modules\@testing-library\react\dist\pure.js:329:5)

      64 |     searchResults,
      65 |     isSearching,
    > 66 |     clearResults: () => setSearchResults([]),
         |                         ^
      67 |   };
      68 | };
      69 |

      at printWarning (node_modules/react-dom/cjs/react-dom.development.js:86:30)
      at error (node_modules/react-dom/cjs/react-dom.development.js:60:7)
      at warnIfUpdatesNotWrappedWithActDEV (node_modules/react-dom/cjs/react-dom.development.js:27628:9)
      at scheduleUpdateOnFiber (node_modules/react-dom/cjs/react-dom.development.js:25547:5)
      at dispatchSetState (node_modules/react-dom/cjs/react-dom.development.js:16708:7)
      at Object.setSearchResults [as clearResults] (C:\Users\leovp\Programming\adorador\adorador-frontend\src\app\(public)../../../../../grupos/_hooks/useInviteUser.tsx:66:25)
      at Object.clearResults (C:\Users\leovp\Programming\adorador\adorador-frontend\src\app\(public)../../../../../grupos/_hooks/__tests__/useInviteUser.test.tsx:161:20)

    console.error
      Warning: An update to TestComponent inside a test was not wrapped in act(...).
      
      When testing, code that causes React state updates should be wrapped into act(...):
      
      act(() => {
        /* fire events that update state */
      });
      /* assert on the output */
      
      This ensures that you're testing the behavior the user would see in the browser. Learn more at https://reactjs.org/link/wrap-tests-with-act
          at TestComponent (C:\Users\leovp\Programming\adorador\adorador-frontend\node_modules\@testing-library\react\dist\pure.js:329:5)

      25 |     }
      26 |
    > 27 |     setIsSearching(true);
         |     ^
      28 |
      29 |     try {
      30 |       const tokens = getTokens();

      at printWarning (node_modules/react-dom/cjs/react-dom.development.js:86:30)
      at error (node_modules/react-dom/cjs/react-dom.development.js:60:7)
      at warnIfUpdatesNotWrappedWithActDEV (node_modules/react-dom/cjs/react-dom.development.js:27628:9)
      at scheduleUpdateOnFiber (node_modules/react-dom/cjs/react-dom.development.js:25547:5)
      at dispatchSetState (node_modules/react-dom/cjs/react-dom.development.js:16708:7)
      at Object.setIsSearching [as searchUsers] (C:\Users\leovp\Programming\adorador\adorador-frontend\src\app\(public)../../../../../grupos/_hooks/useInviteUser.tsx:27:5)
      at Object.searchUsers (C:\Users\leovp\Programming\adorador\adorador-frontend\src\app\(public)../../../../../grupos/_hooks/__tests__/useInviteUser.test.tsx:180:35)

    console.error
      Warning: An update to TestComponent inside a test was not wrapped in act(...).
      
      When testing, code that causes React state updates should be wrapped into act(...):
      
      act(() => {
        /* fire events that update state */
      });
      /* assert on the output */
      
      This ensures that you're testing the behavior the user would see in the browser. Learn more at https://reactjs.org/link/wrap-tests-with-act
          at TestComponent (C:\Users\leovp\Programming\adorador\adorador-frontend\node_modules\@testing-library\react\dist\pure.js:329:5)

      49 |
      50 |       const data = await response.json();
    > 51 |       setSearchResults(data);
         |       ^
      52 |     } catch (error) {
      53 |       const errorMessage =
      54 |         error instanceof Error ? error.message : 'Error al buscar usuarios';

      at printWarning (node_modules/react-dom/cjs/react-dom.development.js:86:30)
      at error (node_modules/react-dom/cjs/react-dom.development.js:60:7)
      at warnIfUpdatesNotWrappedWithActDEV (node_modules/react-dom/cjs/react-dom.development.js:27628:9)
      at scheduleUpdateOnFiber (node_modules/react-dom/cjs/react-dom.development.js:25547:5)
      at dispatchSetState (node_modules/react-dom/cjs/react-dom.development.js:16708:7)
      at Object.setSearchResults [as searchUsers] (C:\Users\leovp\Programming\adorador\adorador-frontend\src\app\(public)../../../../../grupos/_hooks/useInviteUser.tsx:51:7)
      at Object.<anonymous> (C:\Users\leovp\Programming\adorador\adorador-frontend\src\app\(public)../../../../../grupos/_hooks/__tests__/useInviteUser.test.tsx:189:5)

    console.error
      Warning: An update to TestComponent inside a test was not wrapped in act(...).
      
      When testing, code that causes React state updates should be wrapped into act(...):
      
      act(() => {
        /* fire events that update state */
      });
      /* assert on the output */
      
      This ensures that you're testing the behavior the user would see in the browser. Learn more at https://reactjs.org/link/wrap-tests-with-act
          at TestComponent (C:\Users\leovp\Programming\adorador\adorador-frontend\node_modules\@testing-library\react\dist\pure.js:329:5)

      56 |       setSearchResults([]);
      57 |     } finally {
    > 58 |       setIsSearching(false);
         |       ^
      59 |     }
      60 |   };
      61 |

      at printWarning (node_modules/react-dom/cjs/react-dom.development.js:86:30)
      at error (node_modules/react-dom/cjs/react-dom.development.js:60:7)
      at warnIfUpdatesNotWrappedWithActDEV (node_modules/react-dom/cjs/react-dom.development.js:27628:9)
      at scheduleUpdateOnFiber (node_modules/react-dom/cjs/react-dom.development.js:25547:5)
      at dispatchSetState (node_modules/react-dom/cjs/react-dom.development.js:16708:7)
      at Object.setIsSearching [as searchUsers] (C:\Users\leovp\Programming\adorador\adorador-frontend\src\app\(public)../../../../../grupos/_hooks/useInviteUser.tsx:58:7)
      at Object.<anonymous> (C:\Users\leovp\Programming\adorador\adorador-frontend\src\app\(public)../../../../../grupos/_hooks/__tests__/useInviteUser.test.tsx:189:5)

    console.error
      Warning: An update to TestComponent inside a test was not wrapped in act(...).
      
      When testing, code that causes React state updates should be wrapped into act(...):
      
      act(() => {
        /* fire events that update state */
      });
      /* assert on the output */
      
      This ensures that you're testing the behavior the user would see in the browser. Learn more at https://reactjs.org/link/wrap-tests-with-act
          at TestComponent (C:\Users\leovp\Programming\adorador\adorador-frontend\node_modules\@testing-library\react\dist\pure.js:329:5)

      25 |     }
      26 |
    > 27 |     setIsSearching(true);
         |     ^
      28 |
      29 |     try {
      30 |       const tokens = getTokens();

      at printWarning (node_modules/react-dom/cjs/react-dom.development.js:86:30)
      at error (node_modules/react-dom/cjs/react-dom.development.js:60:7)
      at warnIfUpdatesNotWrappedWithActDEV (node_modules/react-dom/cjs/react-dom.development.js:27628:9)
      at scheduleUpdateOnFiber (node_modules/react-dom/cjs/react-dom.development.js:25547:5)
      at dispatchSetState (node_modules/react-dom/cjs/react-dom.development.js:16708:7)
      at Object.setIsSearching [as searchUsers] (C:\Users\leovp\Programming\adorador\adorador-frontend\src\app\(public)../../../../../grupos/_hooks/useInviteUser.tsx:27:5)
      at Object.searchUsers (C:\Users\leovp\Programming\adorador\adorador-frontend\src\app\(public)../../../../../grupos/_hooks/__tests__/useInviteUser.test.tsx:205:26)

    console.error
      Warning: An update to TestComponent inside a test was not wrapped in act(...).
      
      When testing, code that causes React state updates should be wrapped into act(...):
      
      act(() => {
        /* fire events that update state */
      });
      /* assert on the output */
      
      This ensures that you're testing the behavior the user would see in the browser. Learn more at https://reactjs.org/link/wrap-tests-with-act
          at TestComponent (C:\Users\leovp\Programming\adorador\adorador-frontend\node_modules\@testing-library\react\dist\pure.js:329:5)

      49 |
      50 |       const data = await response.json();
    > 51 |       setSearchResults(data);
         |       ^
      52 |     } catch (error) {
      53 |       const errorMessage =
      54 |         error instanceof Error ? error.message : 'Error al buscar usuarios';

      at printWarning (node_modules/react-dom/cjs/react-dom.development.js:86:30)
      at error (node_modules/react-dom/cjs/react-dom.development.js:60:7)
      at warnIfUpdatesNotWrappedWithActDEV (node_modules/react-dom/cjs/react-dom.development.js:27628:9)
      at scheduleUpdateOnFiber (node_modules/react-dom/cjs/react-dom.development.js:25547:5)
      at dispatchSetState (node_modules/react-dom/cjs/react-dom.development.js:16708:7)
      at Object.setSearchResults [as searchUsers] (C:\Users\leovp\Programming\adorador\adorador-frontend\src\app\(public)../../../../../grupos/_hooks/useInviteUser.tsx:51:7)
      at Object.<anonymous> (C:\Users\leovp\Programming\adorador\adorador-frontend\src\app\(public)../../../../../grupos/_hooks/__tests__/useInviteUser.test.tsx:205:5)

    console.error
      Warning: An update to TestComponent inside a test was not wrapped in act(...).
      
      When testing, code that causes React state updates should be wrapped into act(...):
      
      act(() => {
        /* fire events that update state */
      });
      /* assert on the output */
      
      This ensures that you're testing the behavior the user would see in the browser. Learn more at https://reactjs.org/link/wrap-tests-with-act
          at TestComponent (C:\Users\leovp\Programming\adorador\adorador-frontend\node_modules\@testing-library\react\dist\pure.js:329:5)

      56 |       setSearchResults([]);
      57 |     } finally {
    > 58 |       setIsSearching(false);
         |       ^
      59 |     }
      60 |   };
      61 |

      at printWarning (node_modules/react-dom/cjs/react-dom.development.js:86:30)
      at error (node_modules/react-dom/cjs/react-dom.development.js:60:7)
      at warnIfUpdatesNotWrappedWithActDEV (node_modules/react-dom/cjs/react-dom.development.js:27628:9)
      at scheduleUpdateOnFiber (node_modules/react-dom/cjs/react-dom.development.js:25547:5)
      at dispatchSetState (node_modules/react-dom/cjs/react-dom.development.js:16708:7)
      at Object.setIsSearching [as searchUsers] (C:\Users\leovp\Programming\adorador\adorador-frontend\src\app\(public)../../../../../grupos/_hooks/useInviteUser.tsx:58:7)
      at Object.<anonymous> (C:\Users\leovp\Programming\adorador\adorador-frontend\src\app\(public)../../../../../grupos/_hooks/__tests__/useInviteUser.test.tsx:205:5)

    console.error
      Warning: An update to TestComponent inside a test was not wrapped in act(...).
      
      When testing, code that causes React state updates should be wrapped into act(...):
      
      act(() => {
        /* fire events that update state */
      });
      /* assert on the output */
      
      This ensures that you're testing the behavior the user would see in the browser. Learn more at https://reactjs.org/link/wrap-tests-with-act
          at TestComponent (C:\Users\leovp\Programming\adorador\adorador-frontend\node_modules\@testing-library\react\dist\pure.js:329:5)
          at QueryClientProvider (C:\Users\leovp\Programming\adorador\adorador-frontend\node_modules\@tanstack\react-query\src\QueryClientProvider.tsx:30:3)
          at children (C:\Users\leovp\Programming\adorador\adorador-frontend\src\app\(public)\grupos\_hooks\__tests__\useInviteUser.test.tsx:236:22)

      82 |
      83 |   const inviteUser = async (userId: number) => {
    > 84 |     setIsInviting(true);
         |     ^
      85 |
      86 |     try {
      87 |       await inviteUserMutation({ invitedUserId: userId });

      at printWarning (node_modules/react-dom/cjs/react-dom.development.js:86:30)
      at error (node_modules/react-dom/cjs/react-dom.development.js:60:7)
      at warnIfUpdatesNotWrappedWithActDEV (node_modules/react-dom/cjs/react-dom.development.js:27628:9)
      at scheduleUpdateOnFiber (node_modules/react-dom/cjs/react-dom.development.js:25547:5)
      at dispatchSetState (node_modules/react-dom/cjs/react-dom.development.js:16708:7)
      at Object.setIsInviting [as inviteUser] (C:\Users\leovp\Programming\adorador\adorador-frontend\src\app\(public)../../../../../grupos/_hooks/useInviteUser.tsx:84:5)
      at Object.inviteUser (C:\Users\leovp\Programming\adorador\adorador-frontend\src\app\(public)../../../../../grupos/_hooks/__tests__/useInviteUser.test.tsx:252:42)

    console.error
      Warning: An update to TestComponent inside a test was not wrapped in act(...).
      
      When testing, code that causes React state updates should be wrapped into act(...):
      
      act(() => {
        /* fire events that update state */
      });
      /* assert on the output */
      
      This ensures that you're testing the behavior the user would see in the browser. Learn more at https://reactjs.org/link/wrap-tests-with-act
          at TestComponent (C:\Users\leovp\Programming\adorador\adorador-frontend\node_modules\@testing-library\react\dist\pure.js:329:5)
          at QueryClientProvider (C:\Users\leovp\Programming\adorador\adorador-frontend\node_modules\@tanstack\react-query\src\QueryClientProvider.tsx:30:3)
          at children (C:\Users\leovp\Programming\adorador\adorador-frontend\src\app\(public)\grupos\_hooks\__tests__\useInviteUser.test.tsx:236:22)

      94 |       invalidateLimits(bandId.toString());
      95 |
    > 96 |       setIsInviting(false);
         |       ^
      97 |       return true;
      98 |     } catch (error) {
      99 |       setIsInviting(false);

      at printWarning (node_modules/react-dom/cjs/react-dom.development.js:86:30)
      at error (node_modules/react-dom/cjs/react-dom.development.js:60:7)
      at warnIfUpdatesNotWrappedWithActDEV (node_modules/react-dom/cjs/react-dom.development.js:27628:9)
      at scheduleUpdateOnFiber (node_modules/react-dom/cjs/react-dom.development.js:25547:5)
      at dispatchSetState (node_modules/react-dom/cjs/react-dom.development.js:16708:7)
      at Object.setIsInviting [as inviteUser] (C:\Users\leovp\Programming\adorador\adorador-frontend\src\app\(public)../../../../../grupos/_hooks/useInviteUser.tsx:96:7)
      at Object.<anonymous> (C:\Users\leovp\Programming\adorador\adorador-frontend\src\app\(public)../../../../../grupos/_hooks/__tests__/useInviteUser.test.tsx:252:21)

    console.error
      Warning: An update to TestComponent inside a test was not wrapped in act(...).
      
      When testing, code that causes React state updates should be wrapped into act(...):
      
      act(() => {
        /* fire events that update state */
      });
      /* assert on the output */
      
      This ensures that you're testing the behavior the user would see in the browser. Learn more at https://reactjs.org/link/wrap-tests-with-act
          at TestComponent (C:\Users\leovp\Programming\adorador\adorador-frontend\node_modules\@testing-library\react\dist\pure.js:329:5)
          at QueryClientProvider (C:\Users\leovp\Programming\adorador\adorador-frontend\node_modules\@tanstack\react-query\src\QueryClientProvider.tsx:30:3)
          at children (C:\Users\leovp\Programming\adorador\adorador-frontend\src\app\(public)\grupos\_hooks\__tests__\useInviteUser.test.tsx:236:22)

      82 |
      83 |   const inviteUser = async (userId: number) => {
    > 84 |     setIsInviting(true);
         |     ^
      85 |
      86 |     try {
      87 |       await inviteUserMutation({ invitedUserId: userId });

      at printWarning (node_modules/react-dom/cjs/react-dom.development.js:86:30)
      at error (node_modules/react-dom/cjs/react-dom.development.js:60:7)
      at warnIfUpdatesNotWrappedWithActDEV (node_modules/react-dom/cjs/react-dom.development.js:27628:9)
      at scheduleUpdateOnFiber (node_modules/react-dom/cjs/react-dom.development.js:25547:5)
      at dispatchSetState (node_modules/react-dom/cjs/react-dom.development.js:16708:7)
      at Object.setIsInviting [as inviteUser] (C:\Users\leovp\Programming\adorador\adorador-frontend\src\app\(public)../../../../../grupos/_hooks/useInviteUser.tsx:84:5)
      at Object.inviteUser (C:\Users\leovp\Programming\adorador\adorador-frontend\src\app\(public)../../../../../grupos/_hooks/__tests__/useInviteUser.test.tsx:275:26)

    console.error
      Warning: An update to TestComponent inside a test was not wrapped in act(...).
      
      When testing, code that causes React state updates should be wrapped into act(...):
      
      act(() => {
        /* fire events that update state */
      });
      /* assert on the output */
      
      This ensures that you're testing the behavior the user would see in the browser. Learn more at https://reactjs.org/link/wrap-tests-with-act
          at TestComponent (C:\Users\leovp\Programming\adorador\adorador-frontend\node_modules\@testing-library\react\dist\pure.js:329:5)
          at QueryClientProvider (C:\Users\leovp\Programming\adorador\adorador-frontend\node_modules\@tanstack\react-query\src\QueryClientProvider.tsx:30:3)
          at children (C:\Users\leovp\Programming\adorador\adorador-frontend\src\app\(public)\grupos\_hooks\__tests__\useInviteUser.test.tsx:236:22)

      94 |       invalidateLimits(bandId.toString());
      95 |
    > 96 |       setIsInviting(false);
         |       ^
      97 |       return true;
      98 |     } catch (error) {
      99 |       setIsInviting(false);

      at printWarning (node_modules/react-dom/cjs/react-dom.development.js:86:30)
      at error (node_modules/react-dom/cjs/react-dom.development.js:60:7)
      at warnIfUpdatesNotWrappedWithActDEV (node_modules/react-dom/cjs/react-dom.development.js:27628:9)
      at scheduleUpdateOnFiber (node_modules/react-dom/cjs/react-dom.development.js:25547:5)
      at dispatchSetState (node_modules/react-dom/cjs/react-dom.development.js:16708:7)
      at Object.setIsInviting [as inviteUser] (C:\Users\leovp\Programming\adorador\adorador-frontend\src\app\(public)../../../../../grupos/_hooks/useInviteUser.tsx:96:7)
      at Object.<anonymous> (C:\Users\leovp\Programming\adorador\adorador-frontend\src\app\(public)../../../../../grupos/_hooks/__tests__/useInviteUser.test.tsx:275:5)

    console.error
      Warning: An update to TestComponent inside a test was not wrapped in act(...).
      
      When testing, code that causes React state updates should be wrapped into act(...):
      
      act(() => {
        /* fire events that update state */
      });
      /* assert on the output */
      
      This ensures that you're testing the behavior the user would see in the browser. Learn more at https://reactjs.org/link/wrap-tests-with-act
          at TestComponent (C:\Users\leovp\Programming\adorador\adorador-frontend\node_modules\@testing-library\react\dist\pure.js:329:5)
          at QueryClientProvider (C:\Users\leovp\Programming\adorador\adorador-frontend\node_modules\@tanstack\react-query\src\QueryClientProvider.tsx:30:3)
          at children (C:\Users\leovp\Programming\adorador\adorador-frontend\src\app\(public)\grupos\_hooks\__tests__\useInviteUser.test.tsx:236:22)

      82 |
      83 |   const inviteUser = async (userId: number) => {
    > 84 |     setIsInviting(true);
         |     ^
      85 |
      86 |     try {
      87 |       await inviteUserMutation({ invitedUserId: userId });

      at printWarning (node_modules/react-dom/cjs/react-dom.development.js:86:30)
      at error (node_modules/react-dom/cjs/react-dom.development.js:60:7)
      at warnIfUpdatesNotWrappedWithActDEV (node_modules/react-dom/cjs/react-dom.development.js:27628:9)
      at scheduleUpdateOnFiber (node_modules/react-dom/cjs/react-dom.development.js:25547:5)
      at dispatchSetState (node_modules/react-dom/cjs/react-dom.development.js:16708:7)
      at Object.setIsInviting [as inviteUser] (C:\Users\leovp\Programming\adorador\adorador-frontend\src\app\(public)../../../../../grupos/_hooks/useInviteUser.tsx:84:5)
      at Object.inviteUser (C:\Users\leovp\Programming\adorador\adorador-frontend\src\app\(public)../../../../../grupos/_hooks/__tests__/useInviteUser.test.tsx:297:42)

    console.error
      Warning: An update to TestComponent inside a test was not wrapped in act(...).
      
      When testing, code that causes React state updates should be wrapped into act(...):
      
      act(() => {
        /* fire events that update state */
      });
      /* assert on the output */
      
      This ensures that you're testing the behavior the user would see in the browser. Learn more at https://reactjs.org/link/wrap-tests-with-act
          at TestComponent (C:\Users\leovp\Programming\adorador\adorador-frontend\node_modules\@testing-library\react\dist\pure.js:329:5)
          at QueryClientProvider (C:\Users\leovp\Programming\adorador\adorador-frontend\node_modules\@tanstack\react-query\src\QueryClientProvider.tsx:30:3)
          at children (C:\Users\leovp\Programming\adorador\adorador-frontend\src\app\(public)\grupos\_hooks\__tests__\useInviteUser.test.tsx:236:22)

       97 |       return true;
       98 |     } catch (error) {
    >  99 |       setIsInviting(false);
          |       ^
      100 |       const errorMessage =
      101 |         error instanceof Error ? error.message : 'Error al enviar la invitaci├│n';
      102 |

      at printWarning (node_modules/react-dom/cjs/react-dom.development.js:86:30)
      at error (node_modules/react-dom/cjs/react-dom.development.js:60:7)
      at warnIfUpdatesNotWrappedWithActDEV (node_modules/react-dom/cjs/react-dom.development.js:27628:9)
      at scheduleUpdateOnFiber (node_modules/react-dom/cjs/react-dom.development.js:25547:5)
      at dispatchSetState (node_modules/react-dom/cjs/react-dom.development.js:16708:7)
      at Object.setIsInviting [as inviteUser] (C:\Users\leovp\Programming\adorador\adorador-frontend\src\app\(public)../../../../../grupos/_hooks/useInviteUser.tsx:99:7)
      at Object.<anonymous> (C:\Users\leovp\Programming\adorador\adorador-frontend\src\app\(public)../../../../../grupos/_hooks/__tests__/useInviteUser.test.tsx:297:21)

    console.error
      Warning: An update to TestComponent inside a test was not wrapped in act(...).
      
      When testing, code that causes React state updates should be wrapped into act(...):
      
      act(() => {
        /* fire events that update state */
      });
      /* assert on the output */
      
      This ensures that you're testing the behavior the user would see in the browser. Learn more at https://reactjs.org/link/wrap-tests-with-act
          at TestComponent (C:\Users\leovp\Programming\adorador\adorador-frontend\node_modules\@testing-library\react\dist\pure.js:329:5)
          at QueryClientProvider (C:\Users\leovp\Programming\adorador\adorador-frontend\node_modules\@tanstack\react-query\src\QueryClientProvider.tsx:30:3)
          at children (C:\Users\leovp\Programming\adorador\adorador-frontend\src\app\(public)\grupos\_hooks\__tests__\useInviteUser.test.tsx:236:22)

      82 |
      83 |   const inviteUser = async (userId: number) => {
    > 84 |     setIsInviting(true);
         |     ^
      85 |
      86 |     try {
      87 |       await inviteUserMutation({ invitedUserId: userId });

      at printWarning (node_modules/react-dom/cjs/react-dom.development.js:86:30)
      at error (node_modules/react-dom/cjs/react-dom.development.js:60:7)
      at warnIfUpdatesNotWrappedWithActDEV (node_modules/react-dom/cjs/react-dom.development.js:27628:9)
      at scheduleUpdateOnFiber (node_modules/react-dom/cjs/react-dom.development.js:25547:5)
      at dispatchSetState (node_modules/react-dom/cjs/react-dom.development.js:16708:7)
      at Object.setIsInviting [as inviteUser] (C:\Users\leovp\Programming\adorador\adorador-frontend\src\app\(public)../../../../../grupos/_hooks/useInviteUser.tsx:84:5)
      at Object.inviteUser (C:\Users\leovp\Programming\adorador\adorador-frontend\src\app\(public)../../../../../grupos/_hooks/__tests__/useInviteUser.test.tsx:315:42)

    console.error
      Warning: An update to TestComponent inside a test was not wrapped in act(...).
      
      When testing, code that causes React state updates should be wrapped into act(...):
      
      act(() => {
        /* fire events that update state */
      });
      /* assert on the output */
      
      This ensures that you're testing the behavior the user would see in the browser. Learn more at https://reactjs.org/link/wrap-tests-with-act
          at TestComponent (C:\Users\leovp\Programming\adorador\adorador-frontend\node_modules\@testing-library\react\dist\pure.js:329:5)
          at QueryClientProvider (C:\Users\leovp\Programming\adorador\adorador-frontend\node_modules\@tanstack\react-query\src\QueryClientProvider.tsx:30:3)
          at children (C:\Users\leovp\Programming\adorador\adorador-frontend\src\app\(public)\grupos\_hooks\__tests__\useInviteUser.test.tsx:236:22)

       97 |       return true;
       98 |     } catch (error) {
    >  99 |       setIsInviting(false);
          |       ^
      100 |       const errorMessage =
      101 |         error instanceof Error ? error.message : 'Error al enviar la invitaci├│n';
      102 |

      at printWarning (node_modules/react-dom/cjs/react-dom.development.js:86:30)
      at error (node_modules/react-dom/cjs/react-dom.development.js:60:7)
      at warnIfUpdatesNotWrappedWithActDEV (node_modules/react-dom/cjs/react-dom.development.js:27628:9)
      at scheduleUpdateOnFiber (node_modules/react-dom/cjs/react-dom.development.js:25547:5)
      at dispatchSetState (node_modules/react-dom/cjs/react-dom.development.js:16708:7)
      at Object.setIsInviting [as inviteUser] (C:\Users\leovp\Programming\adorador\adorador-frontend\src\app\(public)../../../../../grupos/_hooks/useInviteUser.tsx:99:7)
      at Object.<anonymous> (C:\Users\leovp\Programming\adorador\adorador-frontend\src\app\(public)../../../../../grupos/_hooks/__tests__/useInviteUser.test.tsx:315:21)

    console.error
      Warning: An update to TestComponent inside a test was not wrapped in act(...).
      
      When testing, code that causes React state updates should be wrapped into act(...):
      
      act(() => {
        /* fire events that update state */
      });
      /* assert on the output */
      
      This ensures that you're testing the behavior the user would see in the browser. Learn more at https://reactjs.org/link/wrap-tests-with-act
          at TestComponent (C:\Users\leovp\Programming\adorador\adorador-frontend\node_modules\@testing-library\react\dist\pure.js:329:5)
          at QueryClientProvider (C:\Users\leovp\Programming\adorador\adorador-frontend\node_modules\@tanstack\react-query\src\QueryClientProvider.tsx:30:3)
          at children (C:\Users\leovp\Programming\adorador\adorador-frontend\src\app\(public)\grupos\_hooks\__tests__\useInviteUser.test.tsx:236:22)

      82 |
      83 |   const inviteUser = async (userId: number) => {
    > 84 |     setIsInviting(true);
         |     ^
      85 |
      86 |     try {
      87 |       await inviteUserMutation({ invitedUserId: userId });

      at printWarning (node_modules/react-dom/cjs/react-dom.development.js:86:30)
      at error (node_modules/react-dom/cjs/react-dom.development.js:60:7)
      at warnIfUpdatesNotWrappedWithActDEV (node_modules/react-dom/cjs/react-dom.development.js:27628:9)
      at scheduleUpdateOnFiber (node_modules/react-dom/cjs/react-dom.development.js:25547:5)
      at dispatchSetState (node_modules/react-dom/cjs/react-dom.development.js:16708:7)
      at Object.setIsInviting [as inviteUser] (C:\Users\leovp\Programming\adorador\adorador-frontend\src\app\(public)../../../../../grupos/_hooks/useInviteUser.tsx:84:5)
      at Object.inviteUser (C:\Users\leovp\Programming\adorador\adorador-frontend\src\app\(public)../../../../../grupos/_hooks/__tests__/useInviteUser.test.tsx:337:36)

    console.error
      Warning: An update to TestComponent inside a test was not wrapped in act(...).
      
      When testing, code that causes React state updates should be wrapped into act(...):
      
      act(() => {
        /* fire events that update state */
      });
      /* assert on the output */
      
      This ensures that you're testing the behavior the user would see in the browser. Learn more at https://reactjs.org/link/wrap-tests-with-act
          at TestComponent (C:\Users\leovp\Programming\adorador\adorador-frontend\node_modules\@testing-library\react\dist\pure.js:329:5)
          at QueryClientProvider (C:\Users\leovp\Programming\adorador\adorador-frontend\node_modules\@tanstack\react-query\src\QueryClientProvider.tsx:30:3)
          at children (C:\Users\leovp\Programming\adorador\adorador-frontend\src\app\(public)\grupos\_hooks\__tests__\useInviteUser.test.tsx:236:22)

      82 |
      83 |   const inviteUser = async (userId: number) => {
    > 84 |     setIsInviting(true);
         |     ^
      85 |
      86 |     try {
      87 |       await inviteUserMutation({ invitedUserId: userId });

      at printWarning (node_modules/react-dom/cjs/react-dom.development.js:86:30)
      at error (node_modules/react-dom/cjs/react-dom.development.js:60:7)
      at warnIfUpdatesNotWrappedWithActDEV (node_modules/react-dom/cjs/react-dom.development.js:27628:9)
      at scheduleUpdateOnFiber (node_modules/react-dom/cjs/react-dom.development.js:25547:5)
      at dispatchSetState (node_modules/react-dom/cjs/react-dom.development.js:16708:7)
      at Object.setIsInviting [as inviteUser] (C:\Users\leovp\Programming\adorador\adorador-frontend\src\app\(public)../../../../../grupos/_hooks/useInviteUser.tsx:84:5)
      at Object.inviteUser (C:\Users\leovp\Programming\adorador\adorador-frontend\src\app\(public)../../../../../grupos/_hooks/__tests__/useInviteUser.test.tsx:375:26)

    console.error
      Warning: An update to TestComponent inside a test was not wrapped in act(...).
      
      When testing, code that causes React state updates should be wrapped into act(...):
      
      act(() => {
        /* fire events that update state */
      });
      /* assert on the output */
      
      This ensures that you're testing the behavior the user would see in the browser. Learn more at https://reactjs.org/link/wrap-tests-with-act
          at TestComponent (C:\Users\leovp\Programming\adorador\adorador-frontend\node_modules\@testing-library\react\dist\pure.js:329:5)
          at QueryClientProvider (C:\Users\leovp\Programming\adorador\adorador-frontend\node_modules\@tanstack\react-query\src\QueryClientProvider.tsx:30:3)
          at children (C:\Users\leovp\Programming\adorador\adorador-frontend\src\app\(public)\grupos\_hooks\__tests__\useInviteUser.test.tsx:236:22)

       97 |       return true;
       98 |     } catch (error) {
    >  99 |       setIsInviting(false);
          |       ^
      100 |       const errorMessage =
      101 |         error instanceof Error ? error.message : 'Error al enviar la invitaci├│n';
      102 |

      at printWarning (node_modules/react-dom/cjs/react-dom.development.js:86:30)
      at error (node_modules/react-dom/cjs/react-dom.development.js:60:7)
      at warnIfUpdatesNotWrappedWithActDEV (node_modules/react-dom/cjs/react-dom.development.js:27628:9)
      at scheduleUpdateOnFiber (node_modules/react-dom/cjs/react-dom.development.js:25547:5)
      at dispatchSetState (node_modules/react-dom/cjs/react-dom.development.js:16708:7)
      at Object.setIsInviting [as inviteUser] (C:\Users\leovp\Programming\adorador\adorador-frontend\src\app\(public)../../../../../grupos/_hooks/useInviteUser.tsx:99:7)
      at Object.<anonymous> (C:\Users\leovp\Programming\adorador\adorador-frontend\src\app\(public)../../../../../grupos/_hooks/__tests__/useInviteUser.test.tsx:375:5)

PASS src/app/(public)/grupos/_services/__tests__/bandCacheIsolation.integration.test.tsx (12.233 s)
PASS src/app/(public)/grupos/[bandId]/eventos/[eventId]/en-vivo/_hooks/__tests__/useFullscreen.test.tsx (10.069 s)
PASS src/app/(public)/grupos/_components/__tests__/SongsSection.test.tsx (8.167 s)
PASS src/app/(public)/feed/_components/__tests__/CommentSection.test.tsx (16.038 s)
  ΓùÅ Console

    console.error
      Warning: React does not recognize the `minRows` prop on a DOM element. If you intentionally want it to appear in the DOM as a custom attribute, spell it as lowercase `minrows` instead. If you accidentally passed it from a parent component, remove it from the DOM element.
          at textarea
          at value (C:\Users\leovp\Programming\adorador\adorador-frontend\src\app\(public)\feed\_components\__tests__\CommentSection.test.tsx:35:7)
          at div
          at div
          at children (C:\Users\leovp\Programming\adorador\adorador-frontend\src\app\(public)\feed\_components\__tests__\CommentSection.test.tsx:17:18)
          at div
          at children (C:\Users\leovp\Programming\adorador\adorador-frontend\src\app\(public)\feed\_components\__tests__\CommentSection.test.tsx:14:14)
          at div
          at comments (C:\Users\leovp\Programming\adorador\adorador-frontend\src\app\(public)\feed\_components\CommentSection.tsx:17:3)
          at QueryClientProvider (C:\Users\leovp\Programming\adorador\adorador-frontend\node_modules\@tanstack\react-query\src\QueryClientProvider.tsx:30:3)

      68 | const renderWithQueryClient = (ui: React.ReactElement) => {
      69 |   const queryClient = new QueryClient();
    > 70 |   return render(
         |                ^
      71 |     <QueryClientProvider client={queryClient}>{ui}</QueryClientProvider>,
      72 |   );
      73 | };

      at printWarning (node_modules/react-dom/cjs/react-dom.development.js:86:30)
      at error (node_modules/react-dom/cjs/react-dom.development.js:60:7)
      at validateProperty$1 (node_modules/react-dom/cjs/react-dom.development.js:3757:7)
      at warnUnknownProperties (node_modules/react-dom/cjs/react-dom.development.js:3803:21)
      at validateProperties$2 (node_modules/react-dom/cjs/react-dom.development.js:3827:3)
      at validatePropertiesInDevelopment (node_modules/react-dom/cjs/react-dom.development.js:9541:5)
      at setInitialProperties (node_modules/react-dom/cjs/react-dom.development.js:9830:5)
      at finalizeInitialChildren (node_modules/react-dom/cjs/react-dom.development.js:10950:3)
      at completeWork (node_modules/react-dom/cjs/react-dom.development.js:22232:17)
      at completeUnitOfWork (node_modules/react-dom/cjs/react-dom.development.js:26632:16)
      at performUnitOfWork (node_modules/react-dom/cjs/react-dom.development.js:26607:5)
      at workLoopSync (node_modules/react-dom/cjs/react-dom.development.js:26505:5)
      at renderRootSync (node_modules/react-dom/cjs/react-dom.development.js:26473:7)
      at performConcurrentWorkOnRoot (node_modules/react-dom/cjs/react-dom.development.js:25777:74)
      at flushActQueue (node_modules/react/cjs/react.development.js:2667:24)
      at act (node_modules/react/cjs/react.development.js:2582:11)
      at node_modules/@testing-library/react/dist/act-compat.js:47:25
      at renderRoot (node_modules/@testing-library/react/dist/pure.js:190:26)
      at render (node_modules/@testing-library/react/dist/pure.js:292:10)
      at renderWithQueryClient (C:\Users\leovp\Programming\adorador\adorador-frontend\src\app\(public)../../../../../feed/_components/__tests__/CommentSection.test.tsx:70:16)
      at Object.renderWithQueryClient (C:\Users\leovp\Programming\adorador\adorador-frontend\src\app\(public)../../../../../feed/_components/__tests__/CommentSection.test.tsx:78:5)

    console.error
      Warning: React does not recognize the `maxRows` prop on a DOM element. If you intentionally want it to appear in the DOM as a custom attribute, spell it as lowercase `maxrows` instead. If you accidentally passed it from a parent component, remove it from the DOM element.
          at textarea
          at value (C:\Users\leovp\Programming\adorador\adorador-frontend\src\app\(public)\feed\_components\__tests__\CommentSection.test.tsx:35:7)
          at div
          at div
          at children (C:\Users\leovp\Programming\adorador\adorador-frontend\src\app\(public)\feed\_components\__tests__\CommentSection.test.tsx:17:18)
          at div
          at children (C:\Users\leovp\Programming\adorador\adorador-frontend\src\app\(public)\feed\_components\__tests__\CommentSection.test.tsx:14:14)
          at div
          at comments (C:\Users\leovp\Programming\adorador\adorador-frontend\src\app\(public)\feed\_components\CommentSection.tsx:17:3)
          at QueryClientProvider (C:\Users\leovp\Programming\adorador\adorador-frontend\node_modules\@tanstack\react-query\src\QueryClientProvider.tsx:30:3)

      68 | const renderWithQueryClient = (ui: React.ReactElement) => {
      69 |   const queryClient = new QueryClient();
    > 70 |   return render(
         |                ^
      71 |     <QueryClientProvider client={queryClient}>{ui}</QueryClientProvider>,
      72 |   );
      73 | };

      at printWarning (node_modules/react-dom/cjs/react-dom.development.js:86:30)
      at error (node_modules/react-dom/cjs/react-dom.development.js:60:7)
      at validateProperty$1 (node_modules/react-dom/cjs/react-dom.development.js:3757:7)
      at warnUnknownProperties (node_modules/react-dom/cjs/react-dom.development.js:3803:21)
      at validateProperties$2 (node_modules/react-dom/cjs/react-dom.development.js:3827:3)
      at validatePropertiesInDevelopment (node_modules/react-dom/cjs/react-dom.development.js:9541:5)
      at setInitialProperties (node_modules/react-dom/cjs/react-dom.development.js:9830:5)
      at finalizeInitialChildren (node_modules/react-dom/cjs/react-dom.development.js:10950:3)
      at completeWork (node_modules/react-dom/cjs/react-dom.development.js:22232:17)
      at completeUnitOfWork (node_modules/react-dom/cjs/react-dom.development.js:26632:16)
      at performUnitOfWork (node_modules/react-dom/cjs/react-dom.development.js:26607:5)
      at workLoopSync (node_modules/react-dom/cjs/react-dom.development.js:26505:5)
      at renderRootSync (node_modules/react-dom/cjs/react-dom.development.js:26473:7)
      at performConcurrentWorkOnRoot (node_modules/react-dom/cjs/react-dom.development.js:25777:74)
      at flushActQueue (node_modules/react/cjs/react.development.js:2667:24)
      at act (node_modules/react/cjs/react.development.js:2582:11)
      at node_modules/@testing-library/react/dist/act-compat.js:47:25
      at renderRoot (node_modules/@testing-library/react/dist/pure.js:190:26)
      at render (node_modules/@testing-library/react/dist/pure.js:292:10)
      at renderWithQueryClient (C:\Users\leovp\Programming\adorador\adorador-frontend\src\app\(public)../../../../../feed/_components/__tests__/CommentSection.test.tsx:70:16)
      at Object.renderWithQueryClient (C:\Users\leovp\Programming\adorador\adorador-frontend\src\app\(public)../../../../../feed/_components/__tests__/CommentSection.test.tsx:78:5)

    console.error
      Warning: React does not recognize the `isIconOnly` prop on a DOM element. If you intentionally want it to appear in the DOM as a custom attribute, spell it as lowercase `isicononly` instead. If you accidentally passed it from a parent component, remove it from the DOM element.
          at button
          at children (C:\Users\leovp\Programming\adorador\adorador-frontend\src\app\(public)\feed\_components\__tests__\CommentSection.test.tsx:24:7)
          at div
          at div
          at children (C:\Users\leovp\Programming\adorador\adorador-frontend\src\app\(public)\feed\_components\__tests__\CommentSection.test.tsx:17:18)
          at div
          at children (C:\Users\leovp\Programming\adorador\adorador-frontend\src\app\(public)\feed\_components\__tests__\CommentSection.test.tsx:14:14)
          at div
          at comments (C:\Users\leovp\Programming\adorador\adorador-frontend\src\app\(public)\feed\_components\CommentSection.tsx:17:3)
          at QueryClientProvider (C:\Users\leovp\Programming\adorador\adorador-frontend\node_modules\@tanstack\react-query\src\QueryClientProvider.tsx:30:3)

      68 | const renderWithQueryClient = (ui: React.ReactElement) => {
      69 |   const queryClient = new QueryClient();
    > 70 |   return render(
         |                ^
      71 |     <QueryClientProvider client={queryClient}>{ui}</QueryClientProvider>,
      72 |   );
      73 | };

      at printWarning (node_modules/react-dom/cjs/react-dom.development.js:86:30)
      at error (node_modules/react-dom/cjs/react-dom.development.js:60:7)
      at validateProperty$1 (node_modules/react-dom/cjs/react-dom.development.js:3757:7)
      at warnUnknownProperties (node_modules/react-dom/cjs/react-dom.development.js:3803:21)
      at validateProperties$2 (node_modules/react-dom/cjs/react-dom.development.js:3827:3)
      at validatePropertiesInDevelopment (node_modules/react-dom/cjs/react-dom.development.js:9541:5)
      at setInitialProperties (node_modules/react-dom/cjs/react-dom.development.js:9830:5)
      at finalizeInitialChildren (node_modules/react-dom/cjs/react-dom.development.js:10950:3)
      at completeWork (node_modules/react-dom/cjs/react-dom.development.js:22232:17)
      at completeUnitOfWork (node_modules/react-dom/cjs/react-dom.development.js:26632:16)
      at performUnitOfWork (node_modules/react-dom/cjs/react-dom.development.js:26607:5)
      at workLoopSync (node_modules/react-dom/cjs/react-dom.development.js:26505:5)
      at renderRootSync (node_modules/react-dom/cjs/react-dom.development.js:26473:7)
      at performConcurrentWorkOnRoot (node_modules/react-dom/cjs/react-dom.development.js:25777:74)
      at flushActQueue (node_modules/react/cjs/react.development.js:2667:24)
      at act (node_modules/react/cjs/react.development.js:2582:11)
      at node_modules/@testing-library/react/dist/act-compat.js:47:25
      at renderRoot (node_modules/@testing-library/react/dist/pure.js:190:26)
      at render (node_modules/@testing-library/react/dist/pure.js:292:10)
      at renderWithQueryClient (C:\Users\leovp\Programming\adorador\adorador-frontend\src\app\(public)../../../../../feed/_components/__tests__/CommentSection.test.tsx:70:16)
      at Object.renderWithQueryClient (C:\Users\leovp\Programming\adorador\adorador-frontend\src\app\(public)../../../../../feed/_components/__tests__/CommentSection.test.tsx:78:5)

    console.error
      Warning: React does not recognize the `isLoading` prop on a DOM element. If you intentionally want it to appear in the DOM as a custom attribute, spell it as lowercase `isloading` instead. If you accidentally passed it from a parent component, remove it from the DOM element.
          at button
          at children (C:\Users\leovp\Programming\adorador\adorador-frontend\src\app\(public)\feed\_components\__tests__\CommentSection.test.tsx:24:7)
          at div
          at div
          at children (C:\Users\leovp\Programming\adorador\adorador-frontend\src\app\(public)\feed\_components\__tests__\CommentSection.test.tsx:17:18)
          at div
          at children (C:\Users\leovp\Programming\adorador\adorador-frontend\src\app\(public)\feed\_components\__tests__\CommentSection.test.tsx:14:14)
          at div
          at comments (C:\Users\leovp\Programming\adorador\adorador-frontend\src\app\(public)\feed\_components\CommentSection.tsx:17:3)
          at QueryClientProvider (C:\Users\leovp\Programming\adorador\adorador-frontend\node_modules\@tanstack\react-query\src\QueryClientProvider.tsx:30:3)

      68 | const renderWithQueryClient = (ui: React.ReactElement) => {
      69 |   const queryClient = new QueryClient();
    > 70 |   return render(
         |                ^
      71 |     <QueryClientProvider client={queryClient}>{ui}</QueryClientProvider>,
      72 |   );
      73 | };

      at printWarning (node_modules/react-dom/cjs/react-dom.development.js:86:30)
      at error (node_modules/react-dom/cjs/react-dom.development.js:60:7)
      at validateProperty$1 (node_modules/react-dom/cjs/react-dom.development.js:3757:7)
      at warnUnknownProperties (node_modules/react-dom/cjs/react-dom.development.js:3803:21)
      at validateProperties$2 (node_modules/react-dom/cjs/react-dom.development.js:3827:3)
      at validatePropertiesInDevelopment (node_modules/react-dom/cjs/react-dom.development.js:9541:5)
      at setInitialProperties (node_modules/react-dom/cjs/react-dom.development.js:9830:5)
      at finalizeInitialChildren (node_modules/react-dom/cjs/react-dom.development.js:10950:3)
      at completeWork (node_modules/react-dom/cjs/react-dom.development.js:22232:17)
      at completeUnitOfWork (node_modules/react-dom/cjs/react-dom.development.js:26632:16)
      at performUnitOfWork (node_modules/react-dom/cjs/react-dom.development.js:26607:5)
      at workLoopSync (node_modules/react-dom/cjs/react-dom.development.js:26505:5)
      at renderRootSync (node_modules/react-dom/cjs/react-dom.development.js:26473:7)
      at performConcurrentWorkOnRoot (node_modules/react-dom/cjs/react-dom.development.js:25777:74)
      at flushActQueue (node_modules/react/cjs/react.development.js:2667:24)
      at act (node_modules/react/cjs/react.development.js:2582:11)
      at node_modules/@testing-library/react/dist/act-compat.js:47:25
      at renderRoot (node_modules/@testing-library/react/dist/pure.js:190:26)
      at render (node_modules/@testing-library/react/dist/pure.js:292:10)
      at renderWithQueryClient (C:\Users\leovp\Programming\adorador\adorador-frontend\src\app\(public)../../../../../feed/_components/__tests__/CommentSection.test.tsx:70:16)
      at Object.renderWithQueryClient (C:\Users\leovp\Programming\adorador\adorador-frontend\src\app\(public)../../../../../feed/_components/__tests__/CommentSection.test.tsx:78:5)

    console.error
      Warning: React does not recognize the `isDisabled` prop on a DOM element. If you intentionally want it to appear in the DOM as a custom attribute, spell it as lowercase `isdisabled` instead. If you accidentally passed it from a parent component, remove it from the DOM element.
          at button
          at children (C:\Users\leovp\Programming\adorador\adorador-frontend\src\app\(public)\feed\_components\__tests__\CommentSection.test.tsx:24:7)
          at div
          at div
          at children (C:\Users\leovp\Programming\adorador\adorador-frontend\src\app\(public)\feed\_components\__tests__\CommentSection.test.tsx:17:18)
          at div
          at children (C:\Users\leovp\Programming\adorador\adorador-frontend\src\app\(public)\feed\_components\__tests__\CommentSection.test.tsx:14:14)
          at div
          at comments (C:\Users\leovp\Programming\adorador\adorador-frontend\src\app\(public)\feed\_components\CommentSection.tsx:17:3)
          at QueryClientProvider (C:\Users\leovp\Programming\adorador\adorador-frontend\node_modules\@tanstack\react-query\src\QueryClientProvider.tsx:30:3)

      68 | const renderWithQueryClient = (ui: React.ReactElement) => {
      69 |   const queryClient = new QueryClient();
    > 70 |   return render(
         |                ^
      71 |     <QueryClientProvider client={queryClient}>{ui}</QueryClientProvider>,
      72 |   );
      73 | };

      at printWarning (node_modules/react-dom/cjs/react-dom.development.js:86:30)
      at error (node_modules/react-dom/cjs/react-dom.development.js:60:7)
      at validateProperty$1 (node_modules/react-dom/cjs/react-dom.development.js:3757:7)
      at warnUnknownProperties (node_modules/react-dom/cjs/react-dom.development.js:3803:21)
      at validateProperties$2 (node_modules/react-dom/cjs/react-dom.development.js:3827:3)
      at validatePropertiesInDevelopment (node_modules/react-dom/cjs/react-dom.development.js:9541:5)
      at setInitialProperties (node_modules/react-dom/cjs/react-dom.development.js:9830:5)
      at finalizeInitialChildren (node_modules/react-dom/cjs/react-dom.development.js:10950:3)
      at completeWork (node_modules/react-dom/cjs/react-dom.development.js:22232:17)
      at completeUnitOfWork (node_modules/react-dom/cjs/react-dom.development.js:26632:16)
      at performUnitOfWork (node_modules/react-dom/cjs/react-dom.development.js:26607:5)
      at workLoopSync (node_modules/react-dom/cjs/react-dom.development.js:26505:5)
      at renderRootSync (node_modules/react-dom/cjs/react-dom.development.js:26473:7)
      at performConcurrentWorkOnRoot (node_modules/react-dom/cjs/react-dom.development.js:25777:74)
      at flushActQueue (node_modules/react/cjs/react.development.js:2667:24)
      at act (node_modules/react/cjs/react.development.js:2582:11)
      at node_modules/@testing-library/react/dist/act-compat.js:47:25
      at renderRoot (node_modules/@testing-library/react/dist/pure.js:190:26)
      at render (node_modules/@testing-library/react/dist/pure.js:292:10)
      at renderWithQueryClient (C:\Users\leovp\Programming\adorador\adorador-frontend\src\app\(public)../../../../../feed/_components/__tests__/CommentSection.test.tsx:70:16)
      at Object.renderWithQueryClient (C:\Users\leovp\Programming\adorador\adorador-frontend\src\app\(public)../../../../../feed/_components/__tests__/CommentSection.test.tsx:78:5)

PASS src/app/(public)/(home)/_components/__tests__/ResourcesSection.test.tsx (12.123 s)
  ΓùÅ Console

    console.error
      Warning: React does not recognize the `endContent` prop on a DOM element. If you intentionally want it to appear in the DOM as a custom attribute, spell it as lowercase `endcontent` instead. If you accidentally passed it from a parent component, remove it from the DOM element.
          at a
          at as (C:\Users\leovp\Programming\adorador\adorador-frontend\src\app\(public)\(home)\_components\__tests__\ResourcesSection.test.tsx:29:14)
          at children (C:\Users\leovp\Programming\adorador\adorador-frontend\src\global\components\buttons\SecondaryButton.tsx:47:3)
          at div
          at div
          at section
          at ResourcesSection

      87 |   describe('Component Rendering', () => {
      88 |     it('should render the section with dark mode classes', () => {
    > 89 |       const { container } = render(<ResourcesSection />);
         |                                   ^
      90 |       const section = container.querySelector('section');
      91 |       expect(section).toBeInTheDocument();
      92 |       expect(section).toHaveClass('bg-gray-50');

      at printWarning (node_modules/react-dom/cjs/react-dom.development.js:86:30)
      at error (node_modules/react-dom/cjs/react-dom.development.js:60:7)
      at validateProperty$1 (node_modules/react-dom/cjs/react-dom.development.js:3757:7)
      at warnUnknownProperties (node_modules/react-dom/cjs/react-dom.development.js:3803:21)
      at validateProperties$2 (node_modules/react-dom/cjs/react-dom.development.js:3827:3)
      at validatePropertiesInDevelopment (node_modules/react-dom/cjs/react-dom.development.js:9541:5)
      at setInitialProperties (node_modules/react-dom/cjs/react-dom.development.js:9830:5)
      at finalizeInitialChildren (node_modules/react-dom/cjs/react-dom.development.js:10950:3)
      at completeWork (node_modules/react-dom/cjs/react-dom.development.js:22232:17)
      at completeUnitOfWork (node_modules/react-dom/cjs/react-dom.development.js:26632:16)
      at performUnitOfWork (node_modules/react-dom/cjs/react-dom.development.js:26607:5)
      at workLoopSync (node_modules/react-dom/cjs/react-dom.development.js:26505:5)
      at renderRootSync (node_modules/react-dom/cjs/react-dom.development.js:26473:7)
      at performConcurrentWorkOnRoot (node_modules/react-dom/cjs/react-dom.development.js:25777:74)
      at flushActQueue (node_modules/react/cjs/react.development.js:2667:24)
      at act (node_modules/react/cjs/react.development.js:2582:11)
      at node_modules/@testing-library/react/dist/act-compat.js:47:25
      at renderRoot (node_modules/@testing-library/react/dist/pure.js:190:26)
      at render (node_modules/@testing-library/react/dist/pure.js:292:10)
      at Object.<anonymous> (C:\Users\leovp\Programming\adorador\adorador-frontend\src\app\(public)\(home)../../../../../_components/__tests__/ResourcesSection.test.tsx:89:35)

    console.error
      Warning: React does not recognize the `startContent` prop on a DOM element. If you intentionally want it to appear in the DOM as a custom attribute, spell it as lowercase `startcontent` instead. If you accidentally passed it from a parent component, remove it from the DOM element.
          at a
          at as (C:\Users\leovp\Programming\adorador\adorador-frontend\src\app\(public)\(home)\_components\__tests__\ResourcesSection.test.tsx:29:14)
          at children (C:\Users\leovp\Programming\adorador\adorador-frontend\src\global\components\buttons\SecondaryButton.tsx:47:3)
          at div
          at div
          at section
          at ResourcesSection

      87 |   describe('Component Rendering', () => {
      88 |     it('should render the section with dark mode classes', () => {
    > 89 |       const { container } = render(<ResourcesSection />);
         |                                   ^
      90 |       const section = container.querySelector('section');
      91 |       expect(section).toBeInTheDocument();
      92 |       expect(section).toHaveClass('bg-gray-50');

      at printWarning (node_modules/react-dom/cjs/react-dom.development.js:86:30)
      at error (node_modules/react-dom/cjs/react-dom.development.js:60:7)
      at validateProperty$1 (node_modules/react-dom/cjs/react-dom.development.js:3757:7)
      at warnUnknownProperties (node_modules/react-dom/cjs/react-dom.development.js:3803:21)
      at validateProperties$2 (node_modules/react-dom/cjs/react-dom.development.js:3827:3)
      at validatePropertiesInDevelopment (node_modules/react-dom/cjs/react-dom.development.js:9541:5)
      at setInitialProperties (node_modules/react-dom/cjs/react-dom.development.js:9830:5)
      at finalizeInitialChildren (node_modules/react-dom/cjs/react-dom.development.js:10950:3)
      at completeWork (node_modules/react-dom/cjs/react-dom.development.js:22232:17)
      at completeUnitOfWork (node_modules/react-dom/cjs/react-dom.development.js:26632:16)
      at performUnitOfWork (node_modules/react-dom/cjs/react-dom.development.js:26607:5)
      at workLoopSync (node_modules/react-dom/cjs/react-dom.development.js:26505:5)
      at renderRootSync (node_modules/react-dom/cjs/react-dom.development.js:26473:7)
      at performConcurrentWorkOnRoot (node_modules/react-dom/cjs/react-dom.development.js:25777:74)
      at flushActQueue (node_modules/react/cjs/react.development.js:2667:24)
      at act (node_modules/react/cjs/react.development.js:2582:11)
      at node_modules/@testing-library/react/dist/act-compat.js:47:25
      at renderRoot (node_modules/@testing-library/react/dist/pure.js:190:26)
      at render (node_modules/@testing-library/react/dist/pure.js:292:10)
      at Object.<anonymous> (C:\Users\leovp\Programming\adorador\adorador-frontend\src\app\(public)\(home)../../../../../_components/__tests__/ResourcesSection.test.tsx:89:35)

    console.error
      Warning: React does not recognize the `isLoading` prop on a DOM element. If you intentionally want it to appear in the DOM as a custom attribute, spell it as lowercase `isloading` instead. If you accidentally passed it from a parent component, remove it from the DOM element.
          at a
          at as (C:\Users\leovp\Programming\adorador\adorador-frontend\src\app\(public)\(home)\_components\__tests__\ResourcesSection.test.tsx:29:14)
          at children (C:\Users\leovp\Programming\adorador\adorador-frontend\src\global\components\buttons\SecondaryButton.tsx:47:3)
          at div
          at div
          at section
          at ResourcesSection

      87 |   describe('Component Rendering', () => {
      88 |     it('should render the section with dark mode classes', () => {
    > 89 |       const { container } = render(<ResourcesSection />);
         |                                   ^
      90 |       const section = container.querySelector('section');
      91 |       expect(section).toBeInTheDocument();
      92 |       expect(section).toHaveClass('bg-gray-50');

      at printWarning (node_modules/react-dom/cjs/react-dom.development.js:86:30)
      at error (node_modules/react-dom/cjs/react-dom.development.js:60:7)
      at validateProperty$1 (node_modules/react-dom/cjs/react-dom.development.js:3757:7)
      at warnUnknownProperties (node_modules/react-dom/cjs/react-dom.development.js:3803:21)
      at validateProperties$2 (node_modules/react-dom/cjs/react-dom.development.js:3827:3)
      at validatePropertiesInDevelopment (node_modules/react-dom/cjs/react-dom.development.js:9541:5)
      at setInitialProperties (node_modules/react-dom/cjs/react-dom.development.js:9830:5)
      at finalizeInitialChildren (node_modules/react-dom/cjs/react-dom.development.js:10950:3)
      at completeWork (node_modules/react-dom/cjs/react-dom.development.js:22232:17)
      at completeUnitOfWork (node_modules/react-dom/cjs/react-dom.development.js:26632:16)
      at performUnitOfWork (node_modules/react-dom/cjs/react-dom.development.js:26607:5)
      at workLoopSync (node_modules/react-dom/cjs/react-dom.development.js:26505:5)
      at renderRootSync (node_modules/react-dom/cjs/react-dom.development.js:26473:7)
      at performConcurrentWorkOnRoot (node_modules/react-dom/cjs/react-dom.development.js:25777:74)
      at flushActQueue (node_modules/react/cjs/react.development.js:2667:24)
      at act (node_modules/react/cjs/react.development.js:2582:11)
      at node_modules/@testing-library/react/dist/act-compat.js:47:25
      at renderRoot (node_modules/@testing-library/react/dist/pure.js:190:26)
      at render (node_modules/@testing-library/react/dist/pure.js:292:10)
      at Object.<anonymous> (C:\Users\leovp\Programming\adorador\adorador-frontend\src\app\(public)\(home)../../../../../_components/__tests__/ResourcesSection.test.tsx:89:35)

    console.error
      Warning: React does not recognize the `isDisabled` prop on a DOM element. If you intentionally want it to appear in the DOM as a custom attribute, spell it as lowercase `isdisabled` instead. If you accidentally passed it from a parent component, remove it from the DOM element.
          at a
          at as (C:\Users\leovp\Programming\adorador\adorador-frontend\src\app\(public)\(home)\_components\__tests__\ResourcesSection.test.tsx:29:14)
          at children (C:\Users\leovp\Programming\adorador\adorador-frontend\src\global\components\buttons\SecondaryButton.tsx:47:3)
          at div
          at div
          at section
          at ResourcesSection

      87 |   describe('Component Rendering', () => {
      88 |     it('should render the section with dark mode classes', () => {
    > 89 |       const { container } = render(<ResourcesSection />);
         |                                   ^
      90 |       const section = container.querySelector('section');
      91 |       expect(section).toBeInTheDocument();
      92 |       expect(section).toHaveClass('bg-gray-50');

      at printWarning (node_modules/react-dom/cjs/react-dom.development.js:86:30)
      at error (node_modules/react-dom/cjs/react-dom.development.js:60:7)
      at validateProperty$1 (node_modules/react-dom/cjs/react-dom.development.js:3757:7)
      at warnUnknownProperties (node_modules/react-dom/cjs/react-dom.development.js:3803:21)
      at validateProperties$2 (node_modules/react-dom/cjs/react-dom.development.js:3827:3)
      at validatePropertiesInDevelopment (node_modules/react-dom/cjs/react-dom.development.js:9541:5)
      at setInitialProperties (node_modules/react-dom/cjs/react-dom.development.js:9830:5)
      at finalizeInitialChildren (node_modules/react-dom/cjs/react-dom.development.js:10950:3)
      at completeWork (node_modules/react-dom/cjs/react-dom.development.js:22232:17)
      at completeUnitOfWork (node_modules/react-dom/cjs/react-dom.development.js:26632:16)
      at performUnitOfWork (node_modules/react-dom/cjs/react-dom.development.js:26607:5)
      at workLoopSync (node_modules/react-dom/cjs/react-dom.development.js:26505:5)
      at renderRootSync (node_modules/react-dom/cjs/react-dom.development.js:26473:7)
      at performConcurrentWorkOnRoot (node_modules/react-dom/cjs/react-dom.development.js:25777:74)
      at flushActQueue (node_modules/react/cjs/react.development.js:2667:24)
      at act (node_modules/react/cjs/react.development.js:2582:11)
      at node_modules/@testing-library/react/dist/act-compat.js:47:25
      at renderRoot (node_modules/@testing-library/react/dist/pure.js:190:26)
      at render (node_modules/@testing-library/react/dist/pure.js:292:10)
      at Object.<anonymous> (C:\Users\leovp\Programming\adorador\adorador-frontend\src\app\(public)\(home)../../../../../_components/__tests__/ResourcesSection.test.tsx:89:35)

PASS src/global/utils/__tests__/Providers.retry.test.tsx (10.693 s)
PASS src/app/(public)/grupos/_hooks/__tests__/useRejectInvitation.test.tsx (11.536 s)
  ΓùÅ Console

    console.error
      Warning: An update to TestComponent inside a test was not wrapped in act(...).
      
      When testing, code that causes React state updates should be wrapped into act(...):
      
      act(() => {
        /* fire events that update state */
      });
      /* assert on the output */
      
      This ensures that you're testing the behavior the user would see in the browser. Learn more at https://reactjs.org/link/wrap-tests-with-act
          at TestComponent (C:\Users\leovp\Programming\adorador\adorador-frontend\node_modules\@testing-library\react\dist\pure.js:329:5)
          at QueryClientProvider (C:\Users\leovp\Programming\adorador\adorador-frontend\node_modules\@tanstack\react-query\src\QueryClientProvider.tsx:30:3)
          at children (C:\Users\leovp\Programming\adorador\adorador-frontend\src\app\(public)\grupos\_hooks\__tests__\useRejectInvitation.test.tsx:36:22)

      23 |
      24 |   const rejectInvitation = async () => {
    > 25 |     setIsRejecting(true);
         |     ^
      26 |
      27 |     try {
      28 |       await rejectInvitationMutation(undefined);

      at printWarning (node_modules/react-dom/cjs/react-dom.development.js:86:30)
      at error (node_modules/react-dom/cjs/react-dom.development.js:60:7)
      at warnIfUpdatesNotWrappedWithActDEV (node_modules/react-dom/cjs/react-dom.development.js:27628:9)
      at scheduleUpdateOnFiber (node_modules/react-dom/cjs/react-dom.development.js:25547:5)
      at dispatchSetState (node_modules/react-dom/cjs/react-dom.development.js:16708:7)
      at Object.setIsRejecting [as rejectInvitation] (C:\Users\leovp\Programming\adorador\adorador-frontend\src\app\(public)../../../../../grupos/_hooks/useRejectInvitation.tsx:25:5)
      at Object.rejectInvitation (C:\Users\leovp\Programming\adorador\adorador-frontend\src\app\(public)../../../../../grupos/_hooks/__tests__/useRejectInvitation.test.tsx:53:42)

    console.error
      Warning: An update to TestComponent inside a test was not wrapped in act(...).
      
      When testing, code that causes React state updates should be wrapped into act(...):
      
      act(() => {
        /* fire events that update state */
      });
      /* assert on the output */
      
      This ensures that you're testing the behavior the user would see in the browser. Learn more at https://reactjs.org/link/wrap-tests-with-act
          at TestComponent (C:\Users\leovp\Programming\adorador\adorador-frontend\node_modules\@testing-library\react\dist\pure.js:329:5)
          at QueryClientProvider (C:\Users\leovp\Programming\adorador\adorador-frontend\node_modules\@tanstack\react-query\src\QueryClientProvider.tsx:30:3)
          at children (C:\Users\leovp\Programming\adorador\adorador-frontend\src\app\(public)\grupos\_hooks\__tests__\useRejectInvitation.test.tsx:36:22)

      33 |       toast.success('Invitaci├│n rechazada');
      34 |
    > 35 |       setIsRejecting(false);
         |       ^
      36 |       return true;
      37 |     } catch (error) {
      38 |       setIsRejecting(false);

      at printWarning (node_modules/react-dom/cjs/react-dom.development.js:86:30)
      at error (node_modules/react-dom/cjs/react-dom.development.js:60:7)
      at warnIfUpdatesNotWrappedWithActDEV (node_modules/react-dom/cjs/react-dom.development.js:27628:9)
      at scheduleUpdateOnFiber (node_modules/react-dom/cjs/react-dom.development.js:25547:5)
      at dispatchSetState (node_modules/react-dom/cjs/react-dom.development.js:16708:7)
      at Object.setIsRejecting [as rejectInvitation] (C:\Users\leovp\Programming\adorador\adorador-frontend\src\app\(public)../../../../../grupos/_hooks/useRejectInvitation.tsx:35:7)
      at Object.<anonymous> (C:\Users\leovp\Programming\adorador\adorador-frontend\src\app\(public)../../../../../grupos/_hooks/__tests__/useRejectInvitation.test.tsx:53:21)

    console.error
      Warning: An update to TestComponent inside a test was not wrapped in act(...).
      
      When testing, code that causes React state updates should be wrapped into act(...):
      
      act(() => {
        /* fire events that update state */
      });
      /* assert on the output */
      
      This ensures that you're testing the behavior the user would see in the browser. Learn more at https://reactjs.org/link/wrap-tests-with-act
          at TestComponent (C:\Users\leovp\Programming\adorador\adorador-frontend\node_modules\@testing-library\react\dist\pure.js:329:5)
          at QueryClientProvider (C:\Users\leovp\Programming\adorador\adorador-frontend\node_modules\@tanstack\react-query\src\QueryClientProvider.tsx:30:3)
          at children (C:\Users\leovp\Programming\adorador\adorador-frontend\src\app\(public)\grupos\_hooks\__tests__\useRejectInvitation.test.tsx:36:22)

      23 |
      24 |   const rejectInvitation = async () => {
    > 25 |     setIsRejecting(true);
         |     ^
      26 |
      27 |     try {
      28 |       await rejectInvitationMutation(undefined);

      at printWarning (node_modules/react-dom/cjs/react-dom.development.js:86:30)
      at error (node_modules/react-dom/cjs/react-dom.development.js:60:7)
      at warnIfUpdatesNotWrappedWithActDEV (node_modules/react-dom/cjs/react-dom.development.js:27628:9)
      at scheduleUpdateOnFiber (node_modules/react-dom/cjs/react-dom.development.js:25547:5)
      at dispatchSetState (node_modules/react-dom/cjs/react-dom.development.js:16708:7)
      at Object.setIsRejecting [as rejectInvitation] (C:\Users\leovp\Programming\adorador\adorador-frontend\src\app\(public)../../../../../grupos/_hooks/useRejectInvitation.tsx:25:5)
      at Object.rejectInvitation (C:\Users\leovp\Programming\adorador\adorador-frontend\src\app\(public)../../../../../grupos/_hooks/__tests__/useRejectInvitation.test.tsx:75:26)

    console.error
      Warning: An update to TestComponent inside a test was not wrapped in act(...).
      
      When testing, code that causes React state updates should be wrapped into act(...):
      
      act(() => {
        /* fire events that update state */
      });
      /* assert on the output */
      
      This ensures that you're testing the behavior the user would see in the browser. Learn more at https://reactjs.org/link/wrap-tests-with-act
          at TestComponent (C:\Users\leovp\Programming\adorador\adorador-frontend\node_modules\@testing-library\react\dist\pure.js:329:5)
          at QueryClientProvider (C:\Users\leovp\Programming\adorador\adorador-frontend\node_modules\@tanstack\react-query\src\QueryClientProvider.tsx:30:3)
          at children (C:\Users\leovp\Programming\adorador\adorador-frontend\src\app\(public)\grupos\_hooks\__tests__\useRejectInvitation.test.tsx:36:22)

      33 |       toast.success('Invitaci├│n rechazada');
      34 |
    > 35 |       setIsRejecting(false);
         |       ^
      36 |       return true;
      37 |     } catch (error) {
      38 |       setIsRejecting(false);

      at printWarning (node_modules/react-dom/cjs/react-dom.development.js:86:30)
      at error (node_modules/react-dom/cjs/react-dom.development.js:60:7)
      at warnIfUpdatesNotWrappedWithActDEV (node_modules/react-dom/cjs/react-dom.development.js:27628:9)
      at scheduleUpdateOnFiber (node_modules/react-dom/cjs/react-dom.development.js:25547:5)
      at dispatchSetState (node_modules/react-dom/cjs/react-dom.development.js:16708:7)
      at Object.setIsRejecting [as rejectInvitation] (C:\Users\leovp\Programming\adorador\adorador-frontend\src\app\(public)../../../../../grupos/_hooks/useRejectInvitation.tsx:35:7)
      at Object.<anonymous> (C:\Users\leovp\Programming\adorador\adorador-frontend\src\app\(public)../../../../../grupos/_hooks/__tests__/useRejectInvitation.test.tsx:75:5)

    console.error
      Warning: An update to TestComponent inside a test was not wrapped in act(...).
      
      When testing, code that causes React state updates should be wrapped into act(...):
      
      act(() => {
        /* fire events that update state */
      });
      /* assert on the output */
      
      This ensures that you're testing the behavior the user would see in the browser. Learn more at https://reactjs.org/link/wrap-tests-with-act
          at TestComponent (C:\Users\leovp\Programming\adorador\adorador-frontend\node_modules\@testing-library\react\dist\pure.js:329:5)
          at QueryClientProvider (C:\Users\leovp\Programming\adorador\adorador-frontend\node_modules\@tanstack\react-query\src\QueryClientProvider.tsx:30:3)
          at children (C:\Users\leovp\Programming\adorador\adorador-frontend\src\app\(public)\grupos\_hooks\__tests__\useRejectInvitation.test.tsx:36:22)

      23 |
      24 |   const rejectInvitation = async () => {
    > 25 |     setIsRejecting(true);
         |     ^
      26 |
      27 |     try {
      28 |       await rejectInvitationMutation(undefined);

      at printWarning (node_modules/react-dom/cjs/react-dom.development.js:86:30)
      at error (node_modules/react-dom/cjs/react-dom.development.js:60:7)
      at warnIfUpdatesNotWrappedWithActDEV (node_modules/react-dom/cjs/react-dom.development.js:27628:9)
      at scheduleUpdateOnFiber (node_modules/react-dom/cjs/react-dom.development.js:25547:5)
      at dispatchSetState (node_modules/react-dom/cjs/react-dom.development.js:16708:7)
      at Object.setIsRejecting [as rejectInvitation] (C:\Users\leovp\Programming\adorador\adorador-frontend\src\app\(public)../../../../../grupos/_hooks/useRejectInvitation.tsx:25:5)
      at Object.rejectInvitation (C:\Users\leovp\Programming\adorador\adorador-frontend\src\app\(public)../../../../../grupos/_hooks/__tests__/useRejectInvitation.test.tsx:98:42)

    console.error
      Warning: An update to TestComponent inside a test was not wrapped in act(...).
      
      When testing, code that causes React state updates should be wrapped into act(...):
      
      act(() => {
        /* fire events that update state */
      });
      /* assert on the output */
      
      This ensures that you're testing the behavior the user would see in the browser. Learn more at https://reactjs.org/link/wrap-tests-with-act
          at TestComponent (C:\Users\leovp\Programming\adorador\adorador-frontend\node_modules\@testing-library\react\dist\pure.js:329:5)
          at QueryClientProvider (C:\Users\leovp\Programming\adorador\adorador-frontend\node_modules\@tanstack\react-query\src\QueryClientProvider.tsx:30:3)
          at children (C:\Users\leovp\Programming\adorador\adorador-frontend\src\app\(public)\grupos\_hooks\__tests__\useRejectInvitation.test.tsx:36:22)

      36 |       return true;
      37 |     } catch (error) {
    > 38 |       setIsRejecting(false);
         |       ^
      39 |       const errorMessage =
      40 |         error instanceof Error
      41 |           ? error.message

      at printWarning (node_modules/react-dom/cjs/react-dom.development.js:86:30)
      at error (node_modules/react-dom/cjs/react-dom.development.js:60:7)
      at warnIfUpdatesNotWrappedWithActDEV (node_modules/react-dom/cjs/react-dom.development.js:27628:9)
      at scheduleUpdateOnFiber (node_modules/react-dom/cjs/react-dom.development.js:25547:5)
      at dispatchSetState (node_modules/react-dom/cjs/react-dom.development.js:16708:7)
      at Object.setIsRejecting [as rejectInvitation] (C:\Users\leovp\Programming\adorador\adorador-frontend\src\app\(public)../../../../../grupos/_hooks/useRejectInvitation.tsx:38:7)
      at Object.<anonymous> (C:\Users\leovp\Programming\adorador\adorador-frontend\src\app\(public)../../../../../grupos/_hooks/__tests__/useRejectInvitation.test.tsx:98:21)

    console.error
      Warning: An update to TestComponent inside a test was not wrapped in act(...).
      
      When testing, code that causes React state updates should be wrapped into act(...):
      
      act(() => {
        /* fire events that update state */
      });
      /* assert on the output */
      
      This ensures that you're testing the behavior the user would see in the browser. Learn more at https://reactjs.org/link/wrap-tests-with-act
          at TestComponent (C:\Users\leovp\Programming\adorador\adorador-frontend\node_modules\@testing-library\react\dist\pure.js:329:5)
          at QueryClientProvider (C:\Users\leovp\Programming\adorador\adorador-frontend\node_modules\@tanstack\react-query\src\QueryClientProvider.tsx:30:3)
          at children (C:\Users\leovp\Programming\adorador\adorador-frontend\src\app\(public)\grupos\_hooks\__tests__\useRejectInvitation.test.tsx:36:22)

      23 |
      24 |   const rejectInvitation = async () => {
    > 25 |     setIsRejecting(true);
         |     ^
      26 |
      27 |     try {
      28 |       await rejectInvitationMutation(undefined);

      at printWarning (node_modules/react-dom/cjs/react-dom.development.js:86:30)
      at error (node_modules/react-dom/cjs/react-dom.development.js:60:7)
      at warnIfUpdatesNotWrappedWithActDEV (node_modules/react-dom/cjs/react-dom.development.js:27628:9)
      at scheduleUpdateOnFiber (node_modules/react-dom/cjs/react-dom.development.js:25547:5)
      at dispatchSetState (node_modules/react-dom/cjs/react-dom.development.js:16708:7)
      at Object.setIsRejecting [as rejectInvitation] (C:\Users\leovp\Programming\adorador\adorador-frontend\src\app\(public)../../../../../grupos/_hooks/useRejectInvitation.tsx:25:5)
      at Object.rejectInvitation (C:\Users\leovp\Programming\adorador\adorador-frontend\src\app\(public)../../../../../grupos/_hooks/__tests__/useRejectInvitation.test.tsx:119:36)

    console.error
      Warning: An update to TestComponent inside a test was not wrapped in act(...).
      
      When testing, code that causes React state updates should be wrapped into act(...):
      
      act(() => {
        /* fire events that update state */
      });
      /* assert on the output */
      
      This ensures that you're testing the behavior the user would see in the browser. Learn more at https://reactjs.org/link/wrap-tests-with-act
          at TestComponent (C:\Users\leovp\Programming\adorador\adorador-frontend\node_modules\@testing-library\react\dist\pure.js:329:5)
          at QueryClientProvider (C:\Users\leovp\Programming\adorador\adorador-frontend\node_modules\@tanstack\react-query\src\QueryClientProvider.tsx:30:3)
          at children (C:\Users\leovp\Programming\adorador\adorador-frontend\src\app\(public)\grupos\_hooks\__tests__\useRejectInvitation.test.tsx:36:22)

      23 |
      24 |   const rejectInvitation = async () => {
    > 25 |     setIsRejecting(true);
         |     ^
      26 |
      27 |     try {
      28 |       await rejectInvitationMutation(undefined);

      at printWarning (node_modules/react-dom/cjs/react-dom.development.js:86:30)
      at error (node_modules/react-dom/cjs/react-dom.development.js:60:7)
      at warnIfUpdatesNotWrappedWithActDEV (node_modules/react-dom/cjs/react-dom.development.js:27628:9)
      at scheduleUpdateOnFiber (node_modules/react-dom/cjs/react-dom.development.js:25547:5)
      at dispatchSetState (node_modules/react-dom/cjs/react-dom.development.js:16708:7)
      at Object.setIsRejecting [as rejectInvitation] (C:\Users\leovp\Programming\adorador\adorador-frontend\src\app\(public)../../../../../grupos/_hooks/useRejectInvitation.tsx:25:5)
      at Object.rejectInvitation (C:\Users\leovp\Programming\adorador\adorador-frontend\src\app\(public)../../../../../grupos/_hooks/__tests__/useRejectInvitation.test.tsx:141:42)

    console.error
      Warning: An update to TestComponent inside a test was not wrapped in act(...).
      
      When testing, code that causes React state updates should be wrapped into act(...):
      
      act(() => {
        /* fire events that update state */
      });
      /* assert on the output */
      
      This ensures that you're testing the behavior the user would see in the browser. Learn more at https://reactjs.org/link/wrap-tests-with-act
          at TestComponent (C:\Users\leovp\Programming\adorador\adorador-frontend\node_modules\@testing-library\react\dist\pure.js:329:5)
          at QueryClientProvider (C:\Users\leovp\Programming\adorador\adorador-frontend\node_modules\@tanstack\react-query\src\QueryClientProvider.tsx:30:3)
          at children (C:\Users\leovp\Programming\adorador\adorador-frontend\src\app\(public)\grupos\_hooks\__tests__\useRejectInvitation.test.tsx:36:22)

      36 |       return true;
      37 |     } catch (error) {
    > 38 |       setIsRejecting(false);
         |       ^
      39 |       const errorMessage =
      40 |         error instanceof Error
      41 |           ? error.message

      at printWarning (node_modules/react-dom/cjs/react-dom.development.js:86:30)
      at error (node_modules/react-dom/cjs/react-dom.development.js:60:7)
      at warnIfUpdatesNotWrappedWithActDEV (node_modules/react-dom/cjs/react-dom.development.js:27628:9)
      at scheduleUpdateOnFiber (node_modules/react-dom/cjs/react-dom.development.js:25547:5)
      at dispatchSetState (node_modules/react-dom/cjs/react-dom.development.js:16708:7)
      at Object.setIsRejecting [as rejectInvitation] (C:\Users\leovp\Programming\adorador\adorador-frontend\src\app\(public)../../../../../grupos/_hooks/useRejectInvitation.tsx:38:7)
      at Object.<anonymous> (C:\Users\leovp\Programming\adorador\adorador-frontend\src\app\(public)../../../../../grupos/_hooks/__tests__/useRejectInvitation.test.tsx:141:21)

    console.error
      Warning: An update to TestComponent inside a test was not wrapped in act(...).
      
      When testing, code that causes React state updates should be wrapped into act(...):
      
      act(() => {
        /* fire events that update state */
      });
      /* assert on the output */
      
      This ensures that you're testing the behavior the user would see in the browser. Learn more at https://reactjs.org/link/wrap-tests-with-act
          at TestComponent (C:\Users\leovp\Programming\adorador\adorador-frontend\node_modules\@testing-library\react\dist\pure.js:329:5)
          at QueryClientProvider (C:\Users\leovp\Programming\adorador\adorador-frontend\node_modules\@tanstack\react-query\src\QueryClientProvider.tsx:30:3)
          at children (C:\Users\leovp\Programming\adorador\adorador-frontend\src\app\(public)\grupos\_hooks\__tests__\useRejectInvitation.test.tsx:36:22)

      23 |
      24 |   const rejectInvitation = async () => {
    > 25 |     setIsRejecting(true);
         |     ^
      26 |
      27 |     try {
      28 |       await rejectInvitationMutation(undefined);

      at printWarning (node_modules/react-dom/cjs/react-dom.development.js:86:30)
      at error (node_modules/react-dom/cjs/react-dom.development.js:60:7)
      at warnIfUpdatesNotWrappedWithActDEV (node_modules/react-dom/cjs/react-dom.development.js:27628:9)
      at scheduleUpdateOnFiber (node_modules/react-dom/cjs/react-dom.development.js:25547:5)
      at dispatchSetState (node_modules/react-dom/cjs/react-dom.development.js:16708:7)
      at Object.setIsRejecting [as rejectInvitation] (C:\Users\leovp\Programming\adorador\adorador-frontend\src\app\(public)../../../../../grupos/_hooks/useRejectInvitation.tsx:25:5)
      at Object.rejectInvitation (C:\Users\leovp\Programming\adorador\adorador-frontend\src\app\(public)../../../../../grupos/_hooks/__tests__/useRejectInvitation.test.tsx:192:26)

    console.error
      Warning: An update to TestComponent inside a test was not wrapped in act(...).
      
      When testing, code that causes React state updates should be wrapped into act(...):
      
      act(() => {
        /* fire events that update state */
      });
      /* assert on the output */
      
      This ensures that you're testing the behavior the user would see in the browser. Learn more at https://reactjs.org/link/wrap-tests-with-act
          at TestComponent (C:\Users\leovp\Programming\adorador\adorador-frontend\node_modules\@testing-library\react\dist\pure.js:329:5)
          at QueryClientProvider (C:\Users\leovp\Programming\adorador\adorador-frontend\node_modules\@tanstack\react-query\src\QueryClientProvider.tsx:30:3)
          at children (C:\Users\leovp\Programming\adorador\adorador-frontend\src\app\(public)\grupos\_hooks\__tests__\useRejectInvitation.test.tsx:36:22)

      36 |       return true;
      37 |     } catch (error) {
    > 38 |       setIsRejecting(false);
         |       ^
      39 |       const errorMessage =
      40 |         error instanceof Error
      41 |           ? error.message

      at printWarning (node_modules/react-dom/cjs/react-dom.development.js:86:30)
      at error (node_modules/react-dom/cjs/react-dom.development.js:60:7)
      at warnIfUpdatesNotWrappedWithActDEV (node_modules/react-dom/cjs/react-dom.development.js:27628:9)
      at scheduleUpdateOnFiber (node_modules/react-dom/cjs/react-dom.development.js:25547:5)
      at dispatchSetState (node_modules/react-dom/cjs/react-dom.development.js:16708:7)
      at Object.setIsRejecting [as rejectInvitation] (C:\Users\leovp\Programming\adorador\adorador-frontend\src\app\(public)../../../../../grupos/_hooks/useRejectInvitation.tsx:38:7)
      at Object.<anonymous> (C:\Users\leovp\Programming\adorador\adorador-frontend\src\app\(public)../../../../../grupos/_hooks/__tests__/useRejectInvitation.test.tsx:192:5)

PASS src/global/components/buttons/__tests__/SecondaryButton.test.tsx (10.592 s)
PASS src/global/hooks/__tests__/useTokenRefresh.test.tsx (20.753 s)
  ΓùÅ Console

    console.log
      [TokenRefresh] Verificaci├│n reciente, saltando...

      at log (src/global/hooks/useTokenRefresh.tsx:20:35)

    console.log
      [TokenRefresh] Verificaci├│n reciente, saltando...

      at log (src/global/hooks/useTokenRefresh.tsx:20:35)

    console.log
      [TokenRefresh] Verificaci├│n reciente, saltando...

      at log (src/global/hooks/useTokenRefresh.tsx:20:35)

    console.log
      [TokenRefresh] Token renovado exitosamente

      at log (src/global/hooks/useTokenRefresh.tsx:66:37)

    console.log
      [TokenRefresh] Verificaci├│n reciente, saltando...

      at log (src/global/hooks/useTokenRefresh.tsx:20:35)

    console.log
      [TokenRefresh] Error al renovar token, limpiando sesi├│n...

      at log (src/global/hooks/useTokenRefresh.tsx:45:39)

    console.log
      [TokenRefresh] Verificaci├│n reciente, saltando...

      at log (src/global/hooks/useTokenRefresh.tsx:20:35)

    console.log
      [TokenRefresh] Verificaci├│n reciente, saltando...

      at log (src/global/hooks/useTokenRefresh.tsx:20:35)

    console.log
      [TokenRefresh] Verificaci├│n reciente, saltando...

      at log (src/global/hooks/useTokenRefresh.tsx:20:35)

    console.log
      [TokenRefresh] Verificaci├│n reciente, saltando...

      at log (src/global/hooks/useTokenRefresh.tsx:20:35)

PASS src/app/(public)/feed/_components/__tests__/CommentSection.moderation.test.tsx (12.122 s)
  ΓùÅ Console

    console.error
      Warning: React does not recognize the `minRows` prop on a DOM element. If you intentionally want it to appear in the DOM as a custom attribute, spell it as lowercase `minrows` instead. If you accidentally passed it from a parent component, remove it from the DOM element.
          at textarea
          at value (C:\Users\leovp\Programming\adorador\adorador-frontend\src\app\(public)\feed\_components\__tests__\CommentSection.moderation.test.tsx:35:7)
          at div
          at div
          at children (C:\Users\leovp\Programming\adorador\adorador-frontend\src\app\(public)\feed\_components\__tests__\CommentSection.moderation.test.tsx:17:18)
          at div
          at children (C:\Users\leovp\Programming\adorador\adorador-frontend\src\app\(public)\feed\_components\__tests__\CommentSection.moderation.test.tsx:14:14)
          at div
          at comments (C:\Users\leovp\Programming\adorador\adorador-frontend\src\app\(public)\feed\_components\CommentSection.tsx:17:3)
          at QueryClientProvider (C:\Users\leovp\Programming\adorador\adorador-frontend\node_modules\@tanstack\react-query\src\QueryClientProvider.tsx:30:3)

      68 | const renderWithQueryClient = (ui: React.ReactElement) => {
      69 |   const queryClient = new QueryClient();
    > 70 |   return render(
         |                ^
      71 |     <QueryClientProvider client={queryClient}>{ui}</QueryClientProvider>,
      72 |   );
      73 | };

      at printWarning (node_modules/react-dom/cjs/react-dom.development.js:86:30)
      at error (node_modules/react-dom/cjs/react-dom.development.js:60:7)
      at validateProperty$1 (node_modules/react-dom/cjs/react-dom.development.js:3757:7)
      at warnUnknownProperties (node_modules/react-dom/cjs/react-dom.development.js:3803:21)
      at validateProperties$2 (node_modules/react-dom/cjs/react-dom.development.js:3827:3)
      at validatePropertiesInDevelopment (node_modules/react-dom/cjs/react-dom.development.js:9541:5)
      at setInitialProperties (node_modules/react-dom/cjs/react-dom.development.js:9830:5)
      at finalizeInitialChildren (node_modules/react-dom/cjs/react-dom.development.js:10950:3)
      at completeWork (node_modules/react-dom/cjs/react-dom.development.js:22232:17)
      at completeUnitOfWork (node_modules/react-dom/cjs/react-dom.development.js:26632:16)
      at performUnitOfWork (node_modules/react-dom/cjs/react-dom.development.js:26607:5)
      at workLoopSync (node_modules/react-dom/cjs/react-dom.development.js:26505:5)
      at renderRootSync (node_modules/react-dom/cjs/react-dom.development.js:26473:7)
      at performConcurrentWorkOnRoot (node_modules/react-dom/cjs/react-dom.development.js:25777:74)
      at flushActQueue (node_modules/react/cjs/react.development.js:2667:24)
      at act (node_modules/react/cjs/react.development.js:2582:11)
      at node_modules/@testing-library/react/dist/act-compat.js:47:25
      at renderRoot (node_modules/@testing-library/react/dist/pure.js:190:26)
      at render (node_modules/@testing-library/react/dist/pure.js:292:10)
      at renderWithQueryClient (C:\Users\leovp\Programming\adorador\adorador-frontend\src\app\(public)../../../../../feed/_components/__tests__/CommentSection.moderation.test.tsx:70:16)
      at Object.renderWithQueryClient (C:\Users\leovp\Programming\adorador\adorador-frontend\src\app\(public)../../../../../feed/_components/__tests__/CommentSection.moderation.test.tsx:78:5)

    console.error
      Warning: React does not recognize the `maxRows` prop on a DOM element. If you intentionally want it to appear in the DOM as a custom attribute, spell it as lowercase `maxrows` instead. If you accidentally passed it from a parent component, remove it from the DOM element.
          at textarea
          at value (C:\Users\leovp\Programming\adorador\adorador-frontend\src\app\(public)\feed\_components\__tests__\CommentSection.moderation.test.tsx:35:7)
          at div
          at div
          at children (C:\Users\leovp\Programming\adorador\adorador-frontend\src\app\(public)\feed\_components\__tests__\CommentSection.moderation.test.tsx:17:18)
          at div
          at children (C:\Users\leovp\Programming\adorador\adorador-frontend\src\app\(public)\feed\_components\__tests__\CommentSection.moderation.test.tsx:14:14)
          at div
          at comments (C:\Users\leovp\Programming\adorador\adorador-frontend\src\app\(public)\feed\_components\CommentSection.tsx:17:3)
          at QueryClientProvider (C:\Users\leovp\Programming\adorador\adorador-frontend\node_modules\@tanstack\react-query\src\QueryClientProvider.tsx:30:3)

      68 | const renderWithQueryClient = (ui: React.ReactElement) => {
      69 |   const queryClient = new QueryClient();
    > 70 |   return render(
         |                ^
      71 |     <QueryClientProvider client={queryClient}>{ui}</QueryClientProvider>,
      72 |   );
      73 | };

      at printWarning (node_modules/react-dom/cjs/react-dom.development.js:86:30)
      at error (node_modules/react-dom/cjs/react-dom.development.js:60:7)
      at validateProperty$1 (node_modules/react-dom/cjs/react-dom.development.js:3757:7)
      at warnUnknownProperties (node_modules/react-dom/cjs/react-dom.development.js:3803:21)
      at validateProperties$2 (node_modules/react-dom/cjs/react-dom.development.js:3827:3)
      at validatePropertiesInDevelopment (node_modules/react-dom/cjs/react-dom.development.js:9541:5)
      at setInitialProperties (node_modules/react-dom/cjs/react-dom.development.js:9830:5)
      at finalizeInitialChildren (node_modules/react-dom/cjs/react-dom.development.js:10950:3)
      at completeWork (node_modules/react-dom/cjs/react-dom.development.js:22232:17)
      at completeUnitOfWork (node_modules/react-dom/cjs/react-dom.development.js:26632:16)
      at performUnitOfWork (node_modules/react-dom/cjs/react-dom.development.js:26607:5)
      at workLoopSync (node_modules/react-dom/cjs/react-dom.development.js:26505:5)
      at renderRootSync (node_modules/react-dom/cjs/react-dom.development.js:26473:7)
      at performConcurrentWorkOnRoot (node_modules/react-dom/cjs/react-dom.development.js:25777:74)
      at flushActQueue (node_modules/react/cjs/react.development.js:2667:24)
      at act (node_modules/react/cjs/react.development.js:2582:11)
      at node_modules/@testing-library/react/dist/act-compat.js:47:25
      at renderRoot (node_modules/@testing-library/react/dist/pure.js:190:26)
      at render (node_modules/@testing-library/react/dist/pure.js:292:10)
      at renderWithQueryClient (C:\Users\leovp\Programming\adorador\adorador-frontend\src\app\(public)../../../../../feed/_components/__tests__/CommentSection.moderation.test.tsx:70:16)
      at Object.renderWithQueryClient (C:\Users\leovp\Programming\adorador\adorador-frontend\src\app\(public)../../../../../feed/_components/__tests__/CommentSection.moderation.test.tsx:78:5)

    console.error
      Warning: React does not recognize the `isIconOnly` prop on a DOM element. If you intentionally want it to appear in the DOM as a custom attribute, spell it as lowercase `isicononly` instead. If you accidentally passed it from a parent component, remove it from the DOM element.
          at button
          at children (C:\Users\leovp\Programming\adorador\adorador-frontend\src\app\(public)\feed\_components\__tests__\CommentSection.moderation.test.tsx:24:7)
          at div
          at div
          at children (C:\Users\leovp\Programming\adorador\adorador-frontend\src\app\(public)\feed\_components\__tests__\CommentSection.moderation.test.tsx:17:18)
          at div
          at children (C:\Users\leovp\Programming\adorador\adorador-frontend\src\app\(public)\feed\_components\__tests__\CommentSection.moderation.test.tsx:14:14)
          at div
          at comments (C:\Users\leovp\Programming\adorador\adorador-frontend\src\app\(public)\feed\_components\CommentSection.tsx:17:3)
          at QueryClientProvider (C:\Users\leovp\Programming\adorador\adorador-frontend\node_modules\@tanstack\react-query\src\QueryClientProvider.tsx:30:3)

      68 | const renderWithQueryClient = (ui: React.ReactElement) => {
      69 |   const queryClient = new QueryClient();
    > 70 |   return render(
         |                ^
      71 |     <QueryClientProvider client={queryClient}>{ui}</QueryClientProvider>,
      72 |   );
      73 | };

      at printWarning (node_modules/react-dom/cjs/react-dom.development.js:86:30)
      at error (node_modules/react-dom/cjs/react-dom.development.js:60:7)
      at validateProperty$1 (node_modules/react-dom/cjs/react-dom.development.js:3757:7)
      at warnUnknownProperties (node_modules/react-dom/cjs/react-dom.development.js:3803:21)
      at validateProperties$2 (node_modules/react-dom/cjs/react-dom.development.js:3827:3)
      at validatePropertiesInDevelopment (node_modules/react-dom/cjs/react-dom.development.js:9541:5)
      at setInitialProperties (node_modules/react-dom/cjs/react-dom.development.js:9830:5)
      at finalizeInitialChildren (node_modules/react-dom/cjs/react-dom.development.js:10950:3)
      at completeWork (node_modules/react-dom/cjs/react-dom.development.js:22232:17)
      at completeUnitOfWork (node_modules/react-dom/cjs/react-dom.development.js:26632:16)
      at performUnitOfWork (node_modules/react-dom/cjs/react-dom.development.js:26607:5)
      at workLoopSync (node_modules/react-dom/cjs/react-dom.development.js:26505:5)
      at renderRootSync (node_modules/react-dom/cjs/react-dom.development.js:26473:7)
      at performConcurrentWorkOnRoot (node_modules/react-dom/cjs/react-dom.development.js:25777:74)
      at flushActQueue (node_modules/react/cjs/react.development.js:2667:24)
      at act (node_modules/react/cjs/react.development.js:2582:11)
      at node_modules/@testing-library/react/dist/act-compat.js:47:25
      at renderRoot (node_modules/@testing-library/react/dist/pure.js:190:26)
      at render (node_modules/@testing-library/react/dist/pure.js:292:10)
      at renderWithQueryClient (C:\Users\leovp\Programming\adorador\adorador-frontend\src\app\(public)../../../../../feed/_components/__tests__/CommentSection.moderation.test.tsx:70:16)
      at Object.renderWithQueryClient (C:\Users\leovp\Programming\adorador\adorador-frontend\src\app\(public)../../../../../feed/_components/__tests__/CommentSection.moderation.test.tsx:78:5)

    console.error
      Warning: React does not recognize the `isLoading` prop on a DOM element. If you intentionally want it to appear in the DOM as a custom attribute, spell it as lowercase `isloading` instead. If you accidentally passed it from a parent component, remove it from the DOM element.
          at button
          at children (C:\Users\leovp\Programming\adorador\adorador-frontend\src\app\(public)\feed\_components\__tests__\CommentSection.moderation.test.tsx:24:7)
          at div
          at div
          at children (C:\Users\leovp\Programming\adorador\adorador-frontend\src\app\(public)\feed\_components\__tests__\CommentSection.moderation.test.tsx:17:18)
          at div
          at children (C:\Users\leovp\Programming\adorador\adorador-frontend\src\app\(public)\feed\_components\__tests__\CommentSection.moderation.test.tsx:14:14)
          at div
          at comments (C:\Users\leovp\Programming\adorador\adorador-frontend\src\app\(public)\feed\_components\CommentSection.tsx:17:3)
          at QueryClientProvider (C:\Users\leovp\Programming\adorador\adorador-frontend\node_modules\@tanstack\react-query\src\QueryClientProvider.tsx:30:3)

      68 | const renderWithQueryClient = (ui: React.ReactElement) => {
      69 |   const queryClient = new QueryClient();
    > 70 |   return render(
         |                ^
      71 |     <QueryClientProvider client={queryClient}>{ui}</QueryClientProvider>,
      72 |   );
      73 | };

      at printWarning (node_modules/react-dom/cjs/react-dom.development.js:86:30)
      at error (node_modules/react-dom/cjs/react-dom.development.js:60:7)
      at validateProperty$1 (node_modules/react-dom/cjs/react-dom.development.js:3757:7)
      at warnUnknownProperties (node_modules/react-dom/cjs/react-dom.development.js:3803:21)
      at validateProperties$2 (node_modules/react-dom/cjs/react-dom.development.js:3827:3)
      at validatePropertiesInDevelopment (node_modules/react-dom/cjs/react-dom.development.js:9541:5)
      at setInitialProperties (node_modules/react-dom/cjs/react-dom.development.js:9830:5)
      at finalizeInitialChildren (node_modules/react-dom/cjs/react-dom.development.js:10950:3)
      at completeWork (node_modules/react-dom/cjs/react-dom.development.js:22232:17)
      at completeUnitOfWork (node_modules/react-dom/cjs/react-dom.development.js:26632:16)
      at performUnitOfWork (node_modules/react-dom/cjs/react-dom.development.js:26607:5)
      at workLoopSync (node_modules/react-dom/cjs/react-dom.development.js:26505:5)
      at renderRootSync (node_modules/react-dom/cjs/react-dom.development.js:26473:7)
      at performConcurrentWorkOnRoot (node_modules/react-dom/cjs/react-dom.development.js:25777:74)
      at flushActQueue (node_modules/react/cjs/react.development.js:2667:24)
      at act (node_modules/react/cjs/react.development.js:2582:11)
      at node_modules/@testing-library/react/dist/act-compat.js:47:25
      at renderRoot (node_modules/@testing-library/react/dist/pure.js:190:26)
      at render (node_modules/@testing-library/react/dist/pure.js:292:10)
      at renderWithQueryClient (C:\Users\leovp\Programming\adorador\adorador-frontend\src\app\(public)../../../../../feed/_components/__tests__/CommentSection.moderation.test.tsx:70:16)
      at Object.renderWithQueryClient (C:\Users\leovp\Programming\adorador\adorador-frontend\src\app\(public)../../../../../feed/_components/__tests__/CommentSection.moderation.test.tsx:78:5)

    console.error
      Warning: React does not recognize the `isDisabled` prop on a DOM element. If you intentionally want it to appear in the DOM as a custom attribute, spell it as lowercase `isdisabled` instead. If you accidentally passed it from a parent component, remove it from the DOM element.
          at button
          at children (C:\Users\leovp\Programming\adorador\adorador-frontend\src\app\(public)\feed\_components\__tests__\CommentSection.moderation.test.tsx:24:7)
          at div
          at div
          at children (C:\Users\leovp\Programming\adorador\adorador-frontend\src\app\(public)\feed\_components\__tests__\CommentSection.moderation.test.tsx:17:18)
          at div
          at children (C:\Users\leovp\Programming\adorador\adorador-frontend\src\app\(public)\feed\_components\__tests__\CommentSection.moderation.test.tsx:14:14)
          at div
          at comments (C:\Users\leovp\Programming\adorador\adorador-frontend\src\app\(public)\feed\_components\CommentSection.tsx:17:3)
          at QueryClientProvider (C:\Users\leovp\Programming\adorador\adorador-frontend\node_modules\@tanstack\react-query\src\QueryClientProvider.tsx:30:3)

      68 | const renderWithQueryClient = (ui: React.ReactElement) => {
      69 |   const queryClient = new QueryClient();
    > 70 |   return render(
         |                ^
      71 |     <QueryClientProvider client={queryClient}>{ui}</QueryClientProvider>,
      72 |   );
      73 | };

      at printWarning (node_modules/react-dom/cjs/react-dom.development.js:86:30)
      at error (node_modules/react-dom/cjs/react-dom.development.js:60:7)
      at validateProperty$1 (node_modules/react-dom/cjs/react-dom.development.js:3757:7)
      at warnUnknownProperties (node_modules/react-dom/cjs/react-dom.development.js:3803:21)
      at validateProperties$2 (node_modules/react-dom/cjs/react-dom.development.js:3827:3)
      at validatePropertiesInDevelopment (node_modules/react-dom/cjs/react-dom.development.js:9541:5)
      at setInitialProperties (node_modules/react-dom/cjs/react-dom.development.js:9830:5)
      at finalizeInitialChildren (node_modules/react-dom/cjs/react-dom.development.js:10950:3)
      at completeWork (node_modules/react-dom/cjs/react-dom.development.js:22232:17)
      at completeUnitOfWork (node_modules/react-dom/cjs/react-dom.development.js:26632:16)
      at performUnitOfWork (node_modules/react-dom/cjs/react-dom.development.js:26607:5)
      at workLoopSync (node_modules/react-dom/cjs/react-dom.development.js:26505:5)
      at renderRootSync (node_modules/react-dom/cjs/react-dom.development.js:26473:7)
      at performConcurrentWorkOnRoot (node_modules/react-dom/cjs/react-dom.development.js:25777:74)
      at flushActQueue (node_modules/react/cjs/react.development.js:2667:24)
      at act (node_modules/react/cjs/react.development.js:2582:11)
      at node_modules/@testing-library/react/dist/act-compat.js:47:25
      at renderRoot (node_modules/@testing-library/react/dist/pure.js:190:26)
      at render (node_modules/@testing-library/react/dist/pure.js:292:10)
      at renderWithQueryClient (C:\Users\leovp\Programming\adorador\adorador-frontend\src\app\(public)../../../../../feed/_components/__tests__/CommentSection.moderation.test.tsx:70:16)
      at Object.renderWithQueryClient (C:\Users\leovp\Programming\adorador\adorador-frontend\src\app\(public)../../../../../feed/_components/__tests__/CommentSection.moderation.test.tsx:78:5)

PASS src/app/(public)/feed/_components/__tests__/SharedSongInComment.test.tsx (14.656 s)
  ΓùÅ Console

    console.error
      Warning: React does not recognize the `startContent` prop on a DOM element. If you intentionally want it to appear in the DOM as a custom attribute, spell it as lowercase `startcontent` instead. If you accidentally passed it from a parent component, remove it from the DOM element.
          at button
          at children (C:\Users\leovp\Programming\adorador\adorador-frontend\src\app\(public)\feed\_components\__tests__\SharedSongInComment.test.tsx:13:9)
          at span
          at children (C:\Users\leovp\Programming\adorador\adorador-frontend\src\app\(public)\feed\_components\__tests__\SharedSongInComment.test.tsx:27:9)
          at div
          at div
          at div
          at comment (C:\Users\leovp\Programming\adorador\adorador-frontend\src\app\(public)\feed\_components\SharedSongInComment.tsx:22:5)
          at QueryClientProvider (C:\Users\leovp\Programming\adorador\adorador-frontend\node_modules\@tanstack\react-query\src\QueryClientProvider.tsx:30:3)

      39 | const renderWithQueryClient = (ui: React.ReactElement) => {
      40 |     const queryClient = new QueryClient();
    > 41 |     return render(
         |                  ^
      42 |         <QueryClientProvider client={queryClient}>{ui}</QueryClientProvider>,
      43 |     );
      44 | };

      at printWarning (node_modules/react-dom/cjs/react-dom.development.js:86:30)
      at error (node_modules/react-dom/cjs/react-dom.development.js:60:7)
      at validateProperty$1 (node_modules/react-dom/cjs/react-dom.development.js:3757:7)
      at warnUnknownProperties (node_modules/react-dom/cjs/react-dom.development.js:3803:21)
      at validateProperties$2 (node_modules/react-dom/cjs/react-dom.development.js:3827:3)
      at validatePropertiesInDevelopment (node_modules/react-dom/cjs/react-dom.development.js:9541:5)
      at setInitialProperties (node_modules/react-dom/cjs/react-dom.development.js:9830:5)
      at finalizeInitialChildren (node_modules/react-dom/cjs/react-dom.development.js:10950:3)
      at completeWork (node_modules/react-dom/cjs/react-dom.development.js:22232:17)
      at completeUnitOfWork (node_modules/react-dom/cjs/react-dom.development.js:26632:16)
      at performUnitOfWork (node_modules/react-dom/cjs/react-dom.development.js:26607:5)
      at workLoopSync (node_modules/react-dom/cjs/react-dom.development.js:26505:5)
      at renderRootSync (node_modules/react-dom/cjs/react-dom.development.js:26473:7)
      at performConcurrentWorkOnRoot (node_modules/react-dom/cjs/react-dom.development.js:25777:74)
      at flushActQueue (node_modules/react/cjs/react.development.js:2667:24)
      at act (node_modules/react/cjs/react.development.js:2582:11)
      at node_modules/@testing-library/react/dist/act-compat.js:47:25
      at renderRoot (node_modules/@testing-library/react/dist/pure.js:190:26)
      at render (node_modules/@testing-library/react/dist/pure.js:292:10)
      at renderWithQueryClient (C:\Users\leovp\Programming\adorador\adorador-frontend\src\app\(public)../../../../../feed/_components/__tests__/SharedSongInComment.test.tsx:41:18)
      at Object.renderWithQueryClient (C:\Users\leovp\Programming\adorador\adorador-frontend\src\app\(public)../../../../../feed/_components/__tests__/SharedSongInComment.test.tsx:89:9)

PASS src/app/(public)/(home)/_components/__tests__/SocialProofSection.test.tsx (11.502 s)
PASS src/app/(public)/grupos/[bandId]/eventos/[eventId]/en-vivo/_components/addSongToEvent/__tests__/AddSongEventButton.integration.test.tsx (14.844 s)
  ΓùÅ Console

    console.error
      Warning: React does not recognize the `isIconOnly` prop on a DOM element. If you intentionally want it to appear in the DOM as a custom attribute, spell it as lowercase `isicononly` instead. If you accidentally passed it from a parent component, remove it from the DOM element.
          at button
          at children (C:\Users\leovp\Programming\adorador\adorador-frontend\src\app\(public)\grupos\[bandId]\eventos\[eventId]\en-vivo\_components\addSongToEvent\__tests__\AddSongEventButton.integration.test.tsx:8:5)
          at div
          at children (C:\Users\leovp\Programming\adorador\adorador-frontend\src\app\(public)\grupos\[bandId]\eventos\[eventId]\en-vivo\_components\addSongToEvent\__tests__\AddSongEventButton.integration.test.tsx:34:22)
          at div
          at children (C:\Users\leovp\Programming\adorador\adorador-frontend\src\app\(public)\grupos\[bandId]\eventos\[eventId]\en-vivo\_components\addSongToEvent\__tests__\AddSongEventButton.integration.test.tsx:33:15)
          at div
          at div
          at children (C:\Users\leovp\Programming\adorador\adorador-frontend\src\app\(public)\grupos\[bandId]\eventos\[eventId]\en-vivo\_components\addSongToEvent\__tests__\AddSongEventButton.integration.test.tsx:36:15)
          at params (C:\Users\leovp\Programming\adorador\adorador-frontend\src\app\(public)\grupos\[bandId]\eventos\[eventId]\en-vivo\_components\addSongToEvent\AddSongEventButton.tsx:15:5)

      91 |
      92 |   it('should keep catalog modal open when popover is closed', async () => {
    > 93 |     const { container } = render(
         |                                 ^
      94 |       <AddSongEventButton params={mockParams} refetch={mockRefetch} />,
      95 |     );
      96 |

      at printWarning (node_modules/react-dom/cjs/react-dom.development.js:86:30)
      at error (node_modules/react-dom/cjs/react-dom.development.js:60:7)
      at validateProperty$1 (node_modules/react-dom/cjs/react-dom.development.js:3757:7)
      at warnUnknownProperties (node_modules/react-dom/cjs/react-dom.development.js:3803:21)
      at validateProperties$2 (node_modules/react-dom/cjs/react-dom.development.js:3827:3)
      at validatePropertiesInDevelopment (node_modules/react-dom/cjs/react-dom.development.js:9541:5)
      at setInitialProperties (node_modules/react-dom/cjs/react-dom.development.js:9830:5)
      at finalizeInitialChildren (node_modules/react-dom/cjs/react-dom.development.js:10950:3)
      at completeWork (node_modules/react-dom/cjs/react-dom.development.js:22232:17)
      at completeUnitOfWork (node_modules/react-dom/cjs/react-dom.development.js:26632:16)
      at performUnitOfWork (node_modules/react-dom/cjs/react-dom.development.js:26607:5)
      at workLoopSync (node_modules/react-dom/cjs/react-dom.development.js:26505:5)
      at renderRootSync (node_modules/react-dom/cjs/react-dom.development.js:26473:7)
      at performConcurrentWorkOnRoot (node_modules/react-dom/cjs/react-dom.development.js:25777:74)
      at flushActQueue (node_modules/react/cjs/react.development.js:2667:24)
      at act (node_modules/react/cjs/react.development.js:2582:11)
      at node_modules/@testing-library/react/dist/act-compat.js:47:25
      at renderRoot (node_modules/@testing-library/react/dist/pure.js:190:26)
      at render (node_modules/@testing-library/react/dist/pure.js:292:10)
      at Object.<anonymous> (C:\Users\leovp\Programming\adorador\adorador-frontend\src\app\(public)../../../../../grupos/[bandId]/eventos/[eventId]/en-vivo/_components/addSongToEvent/__tests__/AddSongEventButton.integration.test.tsx:93:33)

PASS src/app/(public)/grupos/[bandId]/eventos/[eventId]/_components/__tests__/SongListDisplay.test.tsx (21.252 s)
PASS src/app/__tests__/error.test.tsx (28.593 s)
PASS src/app/(public)/grupos/[bandId]/canciones/_services/__tests__/songsOfBandService.test.tsx (21.409 s)
PASS src/app/(public)/grupos/_components/__tests__/BandsShowCase.test.tsx (21.629 s)
PASS src/app/(public)/grupos/_components/__tests__/AddEventButton.queryInvalidation.test.tsx (19.228 s)
  ΓùÅ Console

    console.error
      Warning: React does not recognize the `isDisabled` prop on a DOM element. If you intentionally want it to appear in the DOM as a custom attribute, spell it as lowercase `isdisabled` instead. If you accidentally passed it from a parent component, remove it from the DOM element.
          at button
          at children (C:\Users\leovp\Programming\adorador\adorador-frontend\src\app\(public)\grupos\_components\__tests__\AddEventButton.queryInvalidation.test.tsx:3:14)
          at div
          at div
          at children (C:\Users\leovp\Programming\adorador\adorador-frontend\src\app\(public)\grupos\_components\__tests__\AddEventButton.queryInvalidation.test.tsx:13:15)
          at bandId (C:\Users\leovp\Programming\adorador\adorador-frontend\src\app\(public)\grupos\_components\AddEventButton.tsx:8:34)
          at QueryClientProvider (C:\Users\leovp\Programming\adorador\adorador-frontend\node_modules\@tanstack\react-query\src\QueryClientProvider.tsx:30:3)

       96 | function renderWithQueryClient(ui) {
       97 |   const queryClient = new QueryClient();
    >  98 |   return render(
          |                ^
       99 |     <QueryClientProvider client={queryClient}>{ui}</QueryClientProvider>,
      100 |   );
      101 | }

      at printWarning (node_modules/react-dom/cjs/react-dom.development.js:86:30)
      at error (node_modules/react-dom/cjs/react-dom.development.js:60:7)
      at validateProperty$1 (node_modules/react-dom/cjs/react-dom.development.js:3757:7)
      at warnUnknownProperties (node_modules/react-dom/cjs/react-dom.development.js:3803:21)
      at validateProperties$2 (node_modules/react-dom/cjs/react-dom.development.js:3827:3)
      at validatePropertiesInDevelopment (node_modules/react-dom/cjs/react-dom.development.js:9541:5)
      at setInitialProperties (node_modules/react-dom/cjs/react-dom.development.js:9830:5)
      at finalizeInitialChildren (node_modules/react-dom/cjs/react-dom.development.js:10950:3)
      at completeWork (node_modules/react-dom/cjs/react-dom.development.js:22232:17)
      at completeUnitOfWork (node_modules/react-dom/cjs/react-dom.development.js:26632:16)
      at performUnitOfWork (node_modules/react-dom/cjs/react-dom.development.js:26607:5)
      at workLoopSync (node_modules/react-dom/cjs/react-dom.development.js:26505:5)
      at renderRootSync (node_modules/react-dom/cjs/react-dom.development.js:26473:7)
      at performConcurrentWorkOnRoot (node_modules/react-dom/cjs/react-dom.development.js:25777:74)
      at flushActQueue (node_modules/react/cjs/react.development.js:2667:24)
      at act (node_modules/react/cjs/react.development.js:2582:11)
      at node_modules/@testing-library/react/dist/act-compat.js:47:25
      at renderRoot (node_modules/@testing-library/react/dist/pure.js:190:26)
      at render (node_modules/@testing-library/react/dist/pure.js:292:10)
      at renderWithQueryClient (C:\Users\leovp\Programming\adorador\adorador-frontend\src\app\(public)../../../../../grupos/_components/__tests__/AddEventButton.queryInvalidation.test.tsx:98:16)
      at Object.renderWithQueryClient (C:\Users\leovp\Programming\adorador\adorador-frontend\src\app\(public)../../../../../grupos/_components/__tests__/AddEventButton.queryInvalidation.test.tsx:149:26)

    console.error
      Warning: Functions are not valid as a React child. This may happen if you return a Component instead of <Component /> from render. Or maybe you meant to call this function rather than return it.
          at div
          at children (C:\Users\leovp\Programming\adorador\adorador-frontend\src\app\(public)\grupos\_components\__tests__\AddEventButton.queryInvalidation.test.tsx:10:20)
          at div
          at children (C:\Users\leovp\Programming\adorador\adorador-frontend\src\app\(public)\grupos\_components\__tests__\AddEventButton.queryInvalidation.test.tsx:8:13)
          at isOpen (C:\Users\leovp\Programming\adorador\adorador-frontend\src\app\(public)\grupos\_components\AddEventModal.tsx:26:5)
          at bandId (C:\Users\leovp\Programming\adorador\adorador-frontend\src\app\(public)\grupos\_components\AddEventButton.tsx:8:34)
          at QueryClientProvider (C:\Users\leovp\Programming\adorador\adorador-frontend\node_modules\@tanstack\react-query\src\QueryClientProvider.tsx:30:3)

       96 | function renderWithQueryClient(ui) {
       97 |   const queryClient = new QueryClient();
    >  98 |   return render(
          |                ^
       99 |     <QueryClientProvider client={queryClient}>{ui}</QueryClientProvider>,
      100 |   );
      101 | }

      at printWarning (node_modules/react-dom/cjs/react-dom.development.js:86:30)
      at error (node_modules/react-dom/cjs/react-dom.development.js:60:7)
      at warnOnFunctionType (node_modules/react-dom/cjs/react-dom.development.js:13136:5)
      at reconcileChildFibers (node_modules/react-dom/cjs/react-dom.development.js:14073:9)
      at reconcileChildren (node_modules/react-dom/cjs/react-dom.development.js:19186:28)
      at updateHostComponent (node_modules/react-dom/cjs/react-dom.development.js:19953:3)
      at beginWork (node_modules/react-dom/cjs/react-dom.development.js:21657:14)
      at beginWork$1 (node_modules/react-dom/cjs/react-dom.development.js:27465:14)
      at performUnitOfWork (node_modules/react-dom/cjs/react-dom.development.js:26599:12)
      at workLoopSync (node_modules/react-dom/cjs/react-dom.development.js:26505:5)
      at renderRootSync (node_modules/react-dom/cjs/react-dom.development.js:26473:7)
      at performConcurrentWorkOnRoot (node_modules/react-dom/cjs/react-dom.development.js:25777:74)
      at flushActQueue (node_modules/react/cjs/react.development.js:2667:24)
      at act (node_modules/react/cjs/react.development.js:2582:11)
      at node_modules/@testing-library/react/dist/act-compat.js:47:25
      at renderRoot (node_modules/@testing-library/react/dist/pure.js:190:26)
      at render (node_modules/@testing-library/react/dist/pure.js:292:10)
      at renderWithQueryClient (C:\Users\leovp\Programming\adorador\adorador-frontend\src\app\(public)../../../../../grupos/_components/__tests__/AddEventButton.queryInvalidation.test.tsx:98:16)
      at Object.renderWithQueryClient (C:\Users\leovp\Programming\adorador\adorador-frontend\src\app\(public)../../../../../grupos/_components/__tests__/AddEventButton.queryInvalidation.test.tsx:149:26)

    console.error
      Warning: React does not recognize the `isOpen` prop on a DOM element. If you intentionally want it to appear in the DOM as a custom attribute, spell it as lowercase `isopen` instead. If you accidentally passed it from a parent component, remove it from the DOM element.
          at div
          at children (C:\Users\leovp\Programming\adorador\adorador-frontend\src\app\(public)\grupos\_components\__tests__\AddEventButton.queryInvalidation.test.tsx:8:13)
          at isOpen (C:\Users\leovp\Programming\adorador\adorador-frontend\src\app\(public)\grupos\_components\AddEventModal.tsx:26:5)
          at bandId (C:\Users\leovp\Programming\adorador\adorador-frontend\src\app\(public)\grupos\_components\AddEventButton.tsx:8:34)
          at QueryClientProvider (C:\Users\leovp\Programming\adorador\adorador-frontend\node_modules\@tanstack\react-query\src\QueryClientProvider.tsx:30:3)

       96 | function renderWithQueryClient(ui) {
       97 |   const queryClient = new QueryClient();
    >  98 |   return render(
          |                ^
       99 |     <QueryClientProvider client={queryClient}>{ui}</QueryClientProvider>,
      100 |   );
      101 | }

      at printWarning (node_modules/react-dom/cjs/react-dom.development.js:86:30)
      at error (node_modules/react-dom/cjs/react-dom.development.js:60:7)
      at validateProperty$1 (node_modules/react-dom/cjs/react-dom.development.js:3757:7)
      at warnUnknownProperties (node_modules/react-dom/cjs/react-dom.development.js:3803:21)
      at validateProperties$2 (node_modules/react-dom/cjs/react-dom.development.js:3827:3)
      at validatePropertiesInDevelopment (node_modules/react-dom/cjs/react-dom.development.js:9541:5)
      at setInitialProperties (node_modules/react-dom/cjs/react-dom.development.js:9830:5)
      at finalizeInitialChildren (node_modules/react-dom/cjs/react-dom.development.js:10950:3)
      at completeWork (node_modules/react-dom/cjs/react-dom.development.js:22232:17)
      at completeUnitOfWork (node_modules/react-dom/cjs/react-dom.development.js:26632:16)
      at performUnitOfWork (node_modules/react-dom/cjs/react-dom.development.js:26607:5)
      at workLoopSync (node_modules/react-dom/cjs/react-dom.development.js:26505:5)
      at renderRootSync (node_modules/react-dom/cjs/react-dom.development.js:26473:7)
      at performConcurrentWorkOnRoot (node_modules/react-dom/cjs/react-dom.development.js:25777:74)
      at flushActQueue (node_modules/react/cjs/react.development.js:2667:24)
      at act (node_modules/react/cjs/react.development.js:2582:11)
      at node_modules/@testing-library/react/dist/act-compat.js:47:25
      at renderRoot (node_modules/@testing-library/react/dist/pure.js:190:26)
      at render (node_modules/@testing-library/react/dist/pure.js:292:10)
      at renderWithQueryClient (C:\Users\leovp\Programming\adorador\adorador-frontend\src\app\(public)../../../../../grupos/_components/__tests__/AddEventButton.queryInvalidation.test.tsx:98:16)
      at Object.renderWithQueryClient (C:\Users\leovp\Programming\adorador\adorador-frontend\src\app\(public)../../../../../grupos/_components/__tests__/AddEventButton.queryInvalidation.test.tsx:149:26)

    console.error
      Warning: Unknown event handler property `onOpenChange`. It will be ignored.
          at div
          at children (C:\Users\leovp\Programming\adorador\adorador-frontend\src\app\(public)\grupos\_components\__tests__\AddEventButton.queryInvalidation.test.tsx:8:13)
          at isOpen (C:\Users\leovp\Programming\adorador\adorador-frontend\src\app\(public)\grupos\_components\AddEventModal.tsx:26:5)
          at bandId (C:\Users\leovp\Programming\adorador\adorador-frontend\src\app\(public)\grupos\_components\AddEventButton.tsx:8:34)
          at QueryClientProvider (C:\Users\leovp\Programming\adorador\adorador-frontend\node_modules\@tanstack\react-query\src\QueryClientProvider.tsx:30:3)

       96 | function renderWithQueryClient(ui) {
       97 |   const queryClient = new QueryClient();
    >  98 |   return render(
          |                ^
       99 |     <QueryClientProvider client={queryClient}>{ui}</QueryClientProvider>,
      100 |   );
      101 | }

      at printWarning (node_modules/react-dom/cjs/react-dom.development.js:86:30)
      at error (node_modules/react-dom/cjs/react-dom.development.js:60:7)
      at validateProperty$1 (node_modules/react-dom/cjs/react-dom.development.js:3692:9)
      at warnUnknownProperties (node_modules/react-dom/cjs/react-dom.development.js:3803:21)
      at validateProperties$2 (node_modules/react-dom/cjs/react-dom.development.js:3827:3)
      at validatePropertiesInDevelopment (node_modules/react-dom/cjs/react-dom.development.js:9541:5)
      at setInitialProperties (node_modules/react-dom/cjs/react-dom.development.js:9830:5)
      at finalizeInitialChildren (node_modules/react-dom/cjs/react-dom.development.js:10950:3)
      at completeWork (node_modules/react-dom/cjs/react-dom.development.js:22232:17)
      at completeUnitOfWork (node_modules/react-dom/cjs/react-dom.development.js:26632:16)
      at performUnitOfWork (node_modules/react-dom/cjs/react-dom.development.js:26607:5)
      at workLoopSync (node_modules/react-dom/cjs/react-dom.development.js:26505:5)
      at renderRootSync (node_modules/react-dom/cjs/react-dom.development.js:26473:7)
      at performConcurrentWorkOnRoot (node_modules/react-dom/cjs/react-dom.development.js:25777:74)
      at flushActQueue (node_modules/react/cjs/react.development.js:2667:24)
      at act (node_modules/react/cjs/react.development.js:2582:11)
      at node_modules/@testing-library/react/dist/act-compat.js:47:25
      at renderRoot (node_modules/@testing-library/react/dist/pure.js:190:26)
      at render (node_modules/@testing-library/react/dist/pure.js:292:10)
      at renderWithQueryClient (C:\Users\leovp\Programming\adorador\adorador-frontend\src\app\(public)../../../../../grupos/_components/__tests__/AddEventButton.queryInvalidation.test.tsx:98:16)
      at Object.renderWithQueryClient (C:\Users\leovp\Programming\adorador\adorador-frontend\src\app\(public)../../../../../grupos/_components/__tests__/AddEventButton.queryInvalidation.test.tsx:149:26)

PASS src/app/(public)/grupos/_components/__tests__/BandIdMain.test.tsx (22.172 s)
  ΓùÅ Console

    console.warn
      [FetchAPI] Posible cold start detectado. Reintento 1/3 en 1000ms...

      134 |       if (isColdStartError(error) && attempt < maxRetries) {
      135 |         const backoffTime = Math.min(1000 * Math.pow(2, attempt), 8000); // Max 8 segundos
    > 136 |         console.warn(
          |                 ^
      137 |           `[FetchAPI] Posible cold start detectado. Reintento ${attempt + 1}/${maxRetries} en ${backoffTime}ms...`,
      138 |         );
      139 |         await delay(backoffTime);

      at warn (src/global/utils/fetchAPI.ts:136:17)

    console.warn
      [FetchAPI] Posible cold start detectado. Reintento 1/3 en 1000ms...

      134 |       if (isColdStartError(error) && attempt < maxRetries) {
      135 |         const backoffTime = Math.min(1000 * Math.pow(2, attempt), 8000); // Max 8 segundos
    > 136 |         console.warn(
          |                 ^
      137 |           `[FetchAPI] Posible cold start detectado. Reintento ${attempt + 1}/${maxRetries} en ${backoffTime}ms...`,
      138 |         );
      139 |         await delay(backoffTime);

      at warn (src/global/utils/fetchAPI.ts:136:17)

    console.warn
      [FetchAPI] Posible cold start detectado. Reintento 1/3 en 1000ms...

      134 |       if (isColdStartError(error) && attempt < maxRetries) {
      135 |         const backoffTime = Math.min(1000 * Math.pow(2, attempt), 8000); // Max 8 segundos
    > 136 |         console.warn(
          |                 ^
      137 |           `[FetchAPI] Posible cold start detectado. Reintento ${attempt + 1}/${maxRetries} en ${backoffTime}ms...`,
      138 |         );
      139 |         await delay(backoffTime);

      at warn (src/global/utils/fetchAPI.ts:136:17)

    console.warn
      [FetchAPI] Posible cold start detectado. Reintento 1/3 en 1000ms...

      134 |       if (isColdStartError(error) && attempt < maxRetries) {
      135 |         const backoffTime = Math.min(1000 * Math.pow(2, attempt), 8000); // Max 8 segundos
    > 136 |         console.warn(
          |                 ^
      137 |           `[FetchAPI] Posible cold start detectado. Reintento ${attempt + 1}/${maxRetries} en ${backoffTime}ms...`,
      138 |         );
      139 |         await delay(backoffTime);

      at warn (src/global/utils/fetchAPI.ts:136:17)

    console.warn
      [FetchAPI] Posible cold start detectado. Reintento 1/3 en 1000ms...

      134 |       if (isColdStartError(error) && attempt < maxRetries) {
      135 |         const backoffTime = Math.min(1000 * Math.pow(2, attempt), 8000); // Max 8 segundos
    > 136 |         console.warn(
          |                 ^
      137 |           `[FetchAPI] Posible cold start detectado. Reintento ${attempt + 1}/${maxRetries} en ${backoffTime}ms...`,
      138 |         );
      139 |         await delay(backoffTime);

      at warn (src/global/utils/fetchAPI.ts:136:17)

    console.warn
      [FetchAPI] Posible cold start detectado. Reintento 1/3 en 1000ms...

      134 |       if (isColdStartError(error) && attempt < maxRetries) {
      135 |         const backoffTime = Math.min(1000 * Math.pow(2, attempt), 8000); // Max 8 segundos
    > 136 |         console.warn(
          |                 ^
      137 |           `[FetchAPI] Posible cold start detectado. Reintento ${attempt + 1}/${maxRetries} en ${backoffTime}ms...`,
      138 |         );
      139 |         await delay(backoffTime);

      at warn (src/global/utils/fetchAPI.ts:136:17)

    console.warn
      [FetchAPI] Posible cold start detectado. Reintento 1/3 en 1000ms...

      134 |       if (isColdStartError(error) && attempt < maxRetries) {
      135 |         const backoffTime = Math.min(1000 * Math.pow(2, attempt), 8000); // Max 8 segundos
    > 136 |         console.warn(
          |                 ^
      137 |           `[FetchAPI] Posible cold start detectado. Reintento ${attempt + 1}/${maxRetries} en ${backoffTime}ms...`,
      138 |         );
      139 |         await delay(backoffTime);

      at warn (src/global/utils/fetchAPI.ts:136:17)

    console.warn
      [FetchAPI] Posible cold start detectado. Reintento 1/3 en 1000ms...

      134 |       if (isColdStartError(error) && attempt < maxRetries) {
      135 |         const backoffTime = Math.min(1000 * Math.pow(2, attempt), 8000); // Max 8 segundos
    > 136 |         console.warn(
          |                 ^
      137 |           `[FetchAPI] Posible cold start detectado. Reintento ${attempt + 1}/${maxRetries} en ${backoffTime}ms...`,
      138 |         );
      139 |         await delay(backoffTime);

      at warn (src/global/utils/fetchAPI.ts:136:17)

    console.warn
      [FetchAPI] Posible cold start detectado. Reintento 1/3 en 1000ms...

      134 |       if (isColdStartError(error) && attempt < maxRetries) {
      135 |         const backoffTime = Math.min(1000 * Math.pow(2, attempt), 8000); // Max 8 segundos
    > 136 |         console.warn(
          |                 ^
      137 |           `[FetchAPI] Posible cold start detectado. Reintento ${attempt + 1}/${maxRetries} en ${backoffTime}ms...`,
      138 |         );
      139 |         await delay(backoffTime);

      at warn (src/global/utils/fetchAPI.ts:136:17)

    console.warn
      [FetchAPI] Posible cold start detectado. Reintento 1/3 en 1000ms...

      134 |       if (isColdStartError(error) && attempt < maxRetries) {
      135 |         const backoffTime = Math.min(1000 * Math.pow(2, attempt), 8000); // Max 8 segundos
    > 136 |         console.warn(
          |                 ^
      137 |           `[FetchAPI] Posible cold start detectado. Reintento ${attempt + 1}/${maxRetries} en ${backoffTime}ms...`,
      138 |         );
      139 |         await delay(backoffTime);

      at warn (src/global/utils/fetchAPI.ts:136:17)

PASS src/app/(public)/__tests__/layout.test.tsx (6.067 s)
PASS src/app/(public)/grupos/[bandId]/eventos/[eventId]/en-vivo/_components/__tests__/EventControlsButtonsLirics.test.tsx (8.321 s)
PASS src/global/utils/__tests__/checkUserStatus.test.tsx (9.582 s)
PASS src/app/__tests__/not-found.test.tsx (16.473 s)
  ΓùÅ Console

    console.error
      Warning: Function components cannot be given refs. Attempts to access this ref will fail. Did you mean to use React.forwardRef()?
      
      Check the render method of `HeroUI.Link`.
          at children (C:\Users\leovp\Programming\adorador\adorador-frontend\src\app\__tests__\not-found.test.tsx:16:5)
          at C:\Users\leovp\Programming\adorador\adorador-frontend\node_modules\@heroui\link\dist\index.js:115:7
          at div
          at div
          at children (C:\Users\leovp\Programming\adorador\adorador-frontend\src\app\__tests__\not-found.test.tsx:7:19)
          at NotFound

      24 | describe('NotFound Page', () => {
      25 |   it('should render 404 heading', () => {
    > 26 |     render(<NotFound />);
         |           ^
      27 |
      28 |     const heading = screen.getByRole('heading', { name: '404' });
      29 |     expect(heading).toBeInTheDocument();

      at printWarning (node_modules/react-dom/cjs/react-dom.development.js:86:30)
      at error (node_modules/react-dom/cjs/react-dom.development.js:60:7)
      at validateFunctionComponentInDev (node_modules/react-dom/cjs/react-dom.development.js:20222:9)
      at mountIndeterminateComponent (node_modules/react-dom/cjs/react-dom.development.js:20189:7)
      at beginWork (node_modules/react-dom/cjs/react-dom.development.js:21626:16)
      at beginWork$1 (node_modules/react-dom/cjs/react-dom.development.js:27465:14)
      at performUnitOfWork (node_modules/react-dom/cjs/react-dom.development.js:26599:12)
      at workLoopSync (node_modules/react-dom/cjs/react-dom.development.js:26505:5)
      at renderRootSync (node_modules/react-dom/cjs/react-dom.development.js:26473:7)
      at performConcurrentWorkOnRoot (node_modules/react-dom/cjs/react-dom.development.js:25777:74)
      at flushActQueue (node_modules/react/cjs/react.development.js:2667:24)
      at act (node_modules/react/cjs/react.development.js:2582:11)
      at node_modules/@testing-library/react/dist/act-compat.js:47:25
      at renderRoot (node_modules/@testing-library/react/dist/pure.js:190:26)
      at render (node_modules/@testing-library/react/dist/pure.js:292:10)
      at Object.<anonymous> (src/app/__tests__/not-found.test.tsx:26:11)

PASS src/app/(public)/_ui/footer/__tests__/Footer.test.tsx (12.267 s)
PASS src/app/__tests__/layout.test.tsx (6.902 s)
  ΓùÅ Console

    console.error
      Warning: validateDOMNesting(...): <html> cannot appear as a child of <div>.
          at html
          at children (C:\Users\leovp\Programming\adorador\adorador-frontend\src\app\layout.tsx:55:3)

      18 |   describe('Component rendering', () => {
      19 |     it('should render the html element with correct lang', () => {
    > 20 |       const { container } = render(
         |                                   ^
      21 |         <RootLayout>
      22 |           <div>Test Content</div>
      23 |         </RootLayout>,

      at printWarning (node_modules/react-dom/cjs/react-dom.development.js:86:30)
      at error (node_modules/react-dom/cjs/react-dom.development.js:60:7)
      at validateDOMNesting (node_modules/react-dom/cjs/react-dom.development.js:10847:7)
      at createInstance (node_modules/react-dom/cjs/react-dom.development.js:10930:5)
      at completeWork (node_modules/react-dom/cjs/react-dom.development.js:22226:28)
      at completeUnitOfWork (node_modules/react-dom/cjs/react-dom.development.js:26632:16)
      at performUnitOfWork (node_modules/react-dom/cjs/react-dom.development.js:26607:5)
      at workLoopSync (node_modules/react-dom/cjs/react-dom.development.js:26505:5)
      at renderRootSync (node_modules/react-dom/cjs/react-dom.development.js:26473:7)
      at performConcurrentWorkOnRoot (node_modules/react-dom/cjs/react-dom.development.js:25777:74)
      at flushActQueue (node_modules/react/cjs/react.development.js:2667:24)
      at act (node_modules/react/cjs/react.development.js:2582:11)
      at node_modules/@testing-library/react/dist/act-compat.js:47:25
      at renderRoot (node_modules/@testing-library/react/dist/pure.js:190:26)
      at render (node_modules/@testing-library/react/dist/pure.js:292:10)
      at Object.<anonymous> (src/app/__tests__/layout.test.tsx:20:35)

PASS src/app/(public)/admin/pagos/_components/__tests__/PendingPaymentsTable.test.tsx (5.28 s)
  ΓùÅ Console

    console.error
      Warning: Functions are not valid as a React child. This may happen if you return a Component instead of <Component /> from render. Or maybe you meant to call this function rather than return it.
          at tr
          at children (C:\Users\leovp\Programming\adorador\adorador-frontend\src\app\(public)\admin\pagos\_components\__tests__\PendingPaymentsTable.test.tsx:32:18)
          at tbody
          at children (C:\Users\leovp\Programming\adorador\adorador-frontend\src\app\(public)\admin\pagos\_components\__tests__\PendingPaymentsTable.test.tsx:23:19)
          at table
          at children (C:\Users\leovp\Programming\adorador\adorador-frontend\src\app\(public)\admin\pagos\_components\__tests__\PendingPaymentsTable.test.tsx:12:15)
          at payments (C:\Users\leovp\Programming\adorador\adorador-frontend\src\app\(public)\admin\pagos\_components\PendingPaymentsTable.tsx:23:5)

      111 |
      112 |     it('should render table structure', () => {
    > 113 |         render(<PendingPaymentsTable payments={mockPayments} isLoading={false} />);
          |               ^
      114 |
      115 |         // Table should render
      116 |         expect(screen.getByRole('table')).toBeInTheDocument();

      at printWarning (node_modules/react-dom/cjs/react-dom.development.js:86:30)
      at error (node_modules/react-dom/cjs/react-dom.development.js:60:7)
      at warnOnFunctionType (node_modules/react-dom/cjs/react-dom.development.js:13136:5)
      at reconcileChildFibers (node_modules/react-dom/cjs/react-dom.development.js:14073:9)
      at reconcileChildren (node_modules/react-dom/cjs/react-dom.development.js:19186:28)
      at updateHostComponent (node_modules/react-dom/cjs/react-dom.development.js:19953:3)
      at beginWork (node_modules/react-dom/cjs/react-dom.development.js:21657:14)
      at beginWork$1 (node_modules/react-dom/cjs/react-dom.development.js:27465:14)
      at performUnitOfWork (node_modules/react-dom/cjs/react-dom.development.js:26599:12)
      at workLoopSync (node_modules/react-dom/cjs/react-dom.development.js:26505:5)
      at renderRootSync (node_modules/react-dom/cjs/react-dom.development.js:26473:7)
      at performConcurrentWorkOnRoot (node_modules/react-dom/cjs/react-dom.development.js:25777:74)
      at flushActQueue (node_modules/react/cjs/react.development.js:2667:24)
      at act (node_modules/react/cjs/react.development.js:2582:11)
      at node_modules/@testing-library/react/dist/act-compat.js:47:25
      at renderRoot (node_modules/@testing-library/react/dist/pure.js:190:26)
      at render (node_modules/@testing-library/react/dist/pure.js:292:10)
      at Object.<anonymous> (C:\Users\leovp\Programming\adorador\adorador-frontend\src\app\(public)../../../../../admin/pagos/_components/__tests__/PendingPaymentsTable.test.tsx:113:15)

PASS src/global/components/buttons/__tests__/TertiaryButton.test.tsx (11.716 s)
PASS src/global/services/__tests__/HandleAPI.test.tsx (8.279 s)
PASS src/app/(public)/grupos/_hooks/__tests__/useAcceptInvitation.test.tsx (7.256 s)
  ΓùÅ Console

    console.error
      Warning: An update to TestComponent inside a test was not wrapped in act(...).
      
      When testing, code that causes React state updates should be wrapped into act(...):
      
      act(() => {
        /* fire events that update state */
      });
      /* assert on the output */
      
      This ensures that you're testing the behavior the user would see in the browser. Learn more at https://reactjs.org/link/wrap-tests-with-act
          at TestComponent (C:\Users\leovp\Programming\adorador\adorador-frontend\node_modules\@testing-library\react\dist\pure.js:329:5)
          at QueryClientProvider (C:\Users\leovp\Programming\adorador\adorador-frontend\node_modules\@tanstack\react-query\src\QueryClientProvider.tsx:30:3)
          at children (C:\Users\leovp\Programming\adorador\adorador-frontend\src\app\(public)\grupos\_hooks\__tests__\useAcceptInvitation.test.tsx:63:22)

      43 |
      44 |   const acceptInvitation = async () => {
    > 45 |     setIsAccepting(true);
         |     ^
      46 |
      47 |     try {
      48 |       const response = await acceptInvitationMutation(undefined);

      at printWarning (node_modules/react-dom/cjs/react-dom.development.js:86:30)
      at error (node_modules/react-dom/cjs/react-dom.development.js:60:7)
      at warnIfUpdatesNotWrappedWithActDEV (node_modules/react-dom/cjs/react-dom.development.js:27628:9)
      at scheduleUpdateOnFiber (node_modules/react-dom/cjs/react-dom.development.js:25547:5)
      at dispatchSetState (node_modules/react-dom/cjs/react-dom.development.js:16708:7)
      at Object.setIsAccepting [as acceptInvitation] (C:\Users\leovp\Programming\adorador\adorador-frontend\src\app\(public)../../../../../grupos/_hooks/useAcceptInvitation.tsx:45:5)
      at Object.acceptInvitation (C:\Users\leovp\Programming\adorador\adorador-frontend\src\app\(public)../../../../../grupos/_hooks/__tests__/useAcceptInvitation.test.tsx:80:43)

    console.error
      Warning: An update to TestComponent inside a test was not wrapped in act(...).
      
      When testing, code that causes React state updates should be wrapped into act(...):
      
      act(() => {
        /* fire events that update state */
      });
      /* assert on the output */
      
      This ensures that you're testing the behavior the user would see in the browser. Learn more at https://reactjs.org/link/wrap-tests-with-act
          at TestComponent (C:\Users\leovp\Programming\adorador\adorador-frontend\node_modules\@testing-library\react\dist\pure.js:329:5)
          at QueryClientProvider (C:\Users\leovp\Programming\adorador\adorador-frontend\node_modules\@tanstack\react-query\src\QueryClientProvider.tsx:30:3)
          at children (C:\Users\leovp\Programming\adorador\adorador-frontend\src\app\(public)\grupos\_hooks\__tests__\useAcceptInvitation.test.tsx:63:22)

      66 |       toast.success(`Te uniste a ${response.membership.band.name}!`);
      67 |
    > 68 |       setIsAccepting(false);
         |       ^
      69 |       return response;
      70 |     } catch (error) {
      71 |       setIsAccepting(false);

      at printWarning (node_modules/react-dom/cjs/react-dom.development.js:86:30)
      at error (node_modules/react-dom/cjs/react-dom.development.js:60:7)
      at warnIfUpdatesNotWrappedWithActDEV (node_modules/react-dom/cjs/react-dom.development.js:27628:9)
      at scheduleUpdateOnFiber (node_modules/react-dom/cjs/react-dom.development.js:25547:5)
      at dispatchSetState (node_modules/react-dom/cjs/react-dom.development.js:16708:7)
      at Object.setIsAccepting [as acceptInvitation] (C:\Users\leovp\Programming\adorador\adorador-frontend\src\app\(public)../../../../../grupos/_hooks/useAcceptInvitation.tsx:68:7)
      at Object.<anonymous> (C:\Users\leovp\Programming\adorador\adorador-frontend\src\app\(public)../../../../../grupos/_hooks/__tests__/useAcceptInvitation.test.tsx:80:22)

    console.error
      Warning: An update to TestComponent inside a test was not wrapped in act(...).
      
      When testing, code that causes React state updates should be wrapped into act(...):
      
      act(() => {
        /* fire events that update state */
      });
      /* assert on the output */
      
      This ensures that you're testing the behavior the user would see in the browser. Learn more at https://reactjs.org/link/wrap-tests-with-act
          at TestComponent (C:\Users\leovp\Programming\adorador\adorador-frontend\node_modules\@testing-library\react\dist\pure.js:329:5)
          at QueryClientProvider (C:\Users\leovp\Programming\adorador\adorador-frontend\node_modules\@tanstack\react-query\src\QueryClientProvider.tsx:30:3)
          at children (C:\Users\leovp\Programming\adorador\adorador-frontend\src\app\(public)\grupos\_hooks\__tests__\useAcceptInvitation.test.tsx:63:22)

      43 |
      44 |   const acceptInvitation = async () => {
    > 45 |     setIsAccepting(true);
         |     ^
      46 |
      47 |     try {
      48 |       const response = await acceptInvitationMutation(undefined);

      at printWarning (node_modules/react-dom/cjs/react-dom.development.js:86:30)
      at error (node_modules/react-dom/cjs/react-dom.development.js:60:7)
      at warnIfUpdatesNotWrappedWithActDEV (node_modules/react-dom/cjs/react-dom.development.js:27628:9)
      at scheduleUpdateOnFiber (node_modules/react-dom/cjs/react-dom.development.js:25547:5)
      at dispatchSetState (node_modules/react-dom/cjs/react-dom.development.js:16708:7)
      at Object.setIsAccepting [as acceptInvitation] (C:\Users\leovp\Programming\adorador\adorador-frontend\src\app\(public)../../../../../grupos/_hooks/useAcceptInvitation.tsx:45:5)
      at Object.acceptInvitation (C:\Users\leovp\Programming\adorador\adorador-frontend\src\app\(public)../../../../../grupos/_hooks/__tests__/useAcceptInvitation.test.tsx:107:26)

    console.error
      Warning: An update to TestComponent inside a test was not wrapped in act(...).
      
      When testing, code that causes React state updates should be wrapped into act(...):
      
      act(() => {
        /* fire events that update state */
      });
      /* assert on the output */
      
      This ensures that you're testing the behavior the user would see in the browser. Learn more at https://reactjs.org/link/wrap-tests-with-act
          at TestComponent (C:\Users\leovp\Programming\adorador\adorador-frontend\node_modules\@testing-library\react\dist\pure.js:329:5)
          at QueryClientProvider (C:\Users\leovp\Programming\adorador\adorador-frontend\node_modules\@tanstack\react-query\src\QueryClientProvider.tsx:30:3)
          at children (C:\Users\leovp\Programming\adorador\adorador-frontend\src\app\(public)\grupos\_hooks\__tests__\useAcceptInvitation.test.tsx:63:22)

      66 |       toast.success(`Te uniste a ${response.membership.band.name}!`);
      67 |
    > 68 |       setIsAccepting(false);
         |       ^
      69 |       return response;
      70 |     } catch (error) {
      71 |       setIsAccepting(false);

      at printWarning (node_modules/react-dom/cjs/react-dom.development.js:86:30)
      at error (node_modules/react-dom/cjs/react-dom.development.js:60:7)
      at warnIfUpdatesNotWrappedWithActDEV (node_modules/react-dom/cjs/react-dom.development.js:27628:9)
      at scheduleUpdateOnFiber (node_modules/react-dom/cjs/react-dom.development.js:25547:5)
      at dispatchSetState (node_modules/react-dom/cjs/react-dom.development.js:16708:7)
      at Object.setIsAccepting [as acceptInvitation] (C:\Users\leovp\Programming\adorador\adorador-frontend\src\app\(public)../../../../../grupos/_hooks/useAcceptInvitation.tsx:68:7)
      at Object.<anonymous> (C:\Users\leovp\Programming\adorador\adorador-frontend\src\app\(public)../../../../../grupos/_hooks/__tests__/useAcceptInvitation.test.tsx:107:5)

    console.error
      Warning: An update to TestComponent inside a test was not wrapped in act(...).
      
      When testing, code that causes React state updates should be wrapped into act(...):
      
      act(() => {
        /* fire events that update state */
      });
      /* assert on the output */
      
      This ensures that you're testing the behavior the user would see in the browser. Learn more at https://reactjs.org/link/wrap-tests-with-act
          at TestComponent (C:\Users\leovp\Programming\adorador\adorador-frontend\node_modules\@testing-library\react\dist\pure.js:329:5)
          at QueryClientProvider (C:\Users\leovp\Programming\adorador\adorador-frontend\node_modules\@tanstack\react-query\src\QueryClientProvider.tsx:30:3)
          at children (C:\Users\leovp\Programming\adorador\adorador-frontend\src\app\(public)\grupos\_hooks\__tests__\useAcceptInvitation.test.tsx:63:22)

      43 |
      44 |   const acceptInvitation = async () => {
    > 45 |     setIsAccepting(true);
         |     ^
      46 |
      47 |     try {
      48 |       const response = await acceptInvitationMutation(undefined);

      at printWarning (node_modules/react-dom/cjs/react-dom.development.js:86:30)
      at error (node_modules/react-dom/cjs/react-dom.development.js:60:7)
      at warnIfUpdatesNotWrappedWithActDEV (node_modules/react-dom/cjs/react-dom.development.js:27628:9)
      at scheduleUpdateOnFiber (node_modules/react-dom/cjs/react-dom.development.js:25547:5)
      at dispatchSetState (node_modules/react-dom/cjs/react-dom.development.js:16708:7)
      at Object.setIsAccepting [as acceptInvitation] (C:\Users\leovp\Programming\adorador\adorador-frontend\src\app\(public)../../../../../grupos/_hooks/useAcceptInvitation.tsx:45:5)
      at Object.acceptInvitation (C:\Users\leovp\Programming\adorador\adorador-frontend\src\app\(public)../../../../../grupos/_hooks/__tests__/useAcceptInvitation.test.tsx:139:43)

    console.error
      Warning: An update to TestComponent inside a test was not wrapped in act(...).
      
      When testing, code that causes React state updates should be wrapped into act(...):
      
      act(() => {
        /* fire events that update state */
      });
      /* assert on the output */
      
      This ensures that you're testing the behavior the user would see in the browser. Learn more at https://reactjs.org/link/wrap-tests-with-act
          at TestComponent (C:\Users\leovp\Programming\adorador\adorador-frontend\node_modules\@testing-library\react\dist\pure.js:329:5)
          at QueryClientProvider (C:\Users\leovp\Programming\adorador\adorador-frontend\node_modules\@tanstack\react-query\src\QueryClientProvider.tsx:30:3)
          at children (C:\Users\leovp\Programming\adorador\adorador-frontend\src\app\(public)\grupos\_hooks\__tests__\useAcceptInvitation.test.tsx:63:22)

      69 |       return response;
      70 |     } catch (error) {
    > 71 |       setIsAccepting(false);
         |       ^
      72 |       const errorMessage =
      73 |         error instanceof Error
      74 |           ? error.message

      at printWarning (node_modules/react-dom/cjs/react-dom.development.js:86:30)
      at error (node_modules/react-dom/cjs/react-dom.development.js:60:7)
      at warnIfUpdatesNotWrappedWithActDEV (node_modules/react-dom/cjs/react-dom.development.js:27628:9)
      at scheduleUpdateOnFiber (node_modules/react-dom/cjs/react-dom.development.js:25547:5)
      at dispatchSetState (node_modules/react-dom/cjs/react-dom.development.js:16708:7)
      at Object.setIsAccepting [as acceptInvitation] (C:\Users\leovp\Programming\adorador\adorador-frontend\src\app\(public)../../../../../grupos/_hooks/useAcceptInvitation.tsx:71:7)
      at Object.<anonymous> (C:\Users\leovp\Programming\adorador\adorador-frontend\src\app\(public)../../../../../grupos/_hooks/__tests__/useAcceptInvitation.test.tsx:139:22)

    console.error
      Warning: An update to TestComponent inside a test was not wrapped in act(...).
      
      When testing, code that causes React state updates should be wrapped into act(...):
      
      act(() => {
        /* fire events that update state */
      });
      /* assert on the output */
      
      This ensures that you're testing the behavior the user would see in the browser. Learn more at https://reactjs.org/link/wrap-tests-with-act
          at TestComponent (C:\Users\leovp\Programming\adorador\adorador-frontend\node_modules\@testing-library\react\dist\pure.js:329:5)
          at QueryClientProvider (C:\Users\leovp\Programming\adorador\adorador-frontend\node_modules\@tanstack\react-query\src\QueryClientProvider.tsx:30:3)
          at children (C:\Users\leovp\Programming\adorador\adorador-frontend\src\app\(public)\grupos\_hooks\__tests__\useAcceptInvitation.test.tsx:63:22)

      43 |
      44 |   const acceptInvitation = async () => {
    > 45 |     setIsAccepting(true);
         |     ^
      46 |
      47 |     try {
      48 |       const response = await acceptInvitationMutation(undefined);

      at printWarning (node_modules/react-dom/cjs/react-dom.development.js:86:30)
      at error (node_modules/react-dom/cjs/react-dom.development.js:60:7)
      at warnIfUpdatesNotWrappedWithActDEV (node_modules/react-dom/cjs/react-dom.development.js:27628:9)
      at scheduleUpdateOnFiber (node_modules/react-dom/cjs/react-dom.development.js:25547:5)
      at dispatchSetState (node_modules/react-dom/cjs/react-dom.development.js:16708:7)
      at Object.setIsAccepting [as acceptInvitation] (C:\Users\leovp\Programming\adorador\adorador-frontend\src\app\(public)../../../../../grupos/_hooks/useAcceptInvitation.tsx:45:5)
      at Object.acceptInvitation (C:\Users\leovp\Programming\adorador\adorador-frontend\src\app\(public)../../../../../grupos/_hooks/__tests__/useAcceptInvitation.test.tsx:161:36)

    console.error
      Warning: An update to TestComponent inside a test was not wrapped in act(...).
      
      When testing, code that causes React state updates should be wrapped into act(...):
      
      act(() => {
        /* fire events that update state */
      });
      /* assert on the output */
      
      This ensures that you're testing the behavior the user would see in the browser. Learn more at https://reactjs.org/link/wrap-tests-with-act
          at TestComponent (C:\Users\leovp\Programming\adorador\adorador-frontend\node_modules\@testing-library\react\dist\pure.js:329:5)
          at QueryClientProvider (C:\Users\leovp\Programming\adorador\adorador-frontend\node_modules\@tanstack\react-query\src\QueryClientProvider.tsx:30:3)
          at children (C:\Users\leovp\Programming\adorador\adorador-frontend\src\app\(public)\grupos\_hooks\__tests__\useAcceptInvitation.test.tsx:63:22)

      43 |
      44 |   const acceptInvitation = async () => {
    > 45 |     setIsAccepting(true);
         |     ^
      46 |
      47 |     try {
      48 |       const response = await acceptInvitationMutation(undefined);

      at printWarning (node_modules/react-dom/cjs/react-dom.development.js:86:30)
      at error (node_modules/react-dom/cjs/react-dom.development.js:60:7)
      at warnIfUpdatesNotWrappedWithActDEV (node_modules/react-dom/cjs/react-dom.development.js:27628:9)
      at scheduleUpdateOnFiber (node_modules/react-dom/cjs/react-dom.development.js:25547:5)
      at dispatchSetState (node_modules/react-dom/cjs/react-dom.development.js:16708:7)
      at Object.setIsAccepting [as acceptInvitation] (C:\Users\leovp\Programming\adorador\adorador-frontend\src\app\(public)../../../../../grupos/_hooks/useAcceptInvitation.tsx:45:5)
      at Object.acceptInvitation (C:\Users\leovp\Programming\adorador\adorador-frontend\src\app\(public)../../../../../grupos/_hooks/__tests__/useAcceptInvitation.test.tsx:184:43)

    console.error
      Warning: An update to TestComponent inside a test was not wrapped in act(...).
      
      When testing, code that causes React state updates should be wrapped into act(...):
      
      act(() => {
        /* fire events that update state */
      });
      /* assert on the output */
      
      This ensures that you're testing the behavior the user would see in the browser. Learn more at https://reactjs.org/link/wrap-tests-with-act
          at TestComponent (C:\Users\leovp\Programming\adorador\adorador-frontend\node_modules\@testing-library\react\dist\pure.js:329:5)
          at QueryClientProvider (C:\Users\leovp\Programming\adorador\adorador-frontend\node_modules\@tanstack\react-query\src\QueryClientProvider.tsx:30:3)
          at children (C:\Users\leovp\Programming\adorador\adorador-frontend\src\app\(public)\grupos\_hooks\__tests__\useAcceptInvitation.test.tsx:63:22)

      69 |       return response;
      70 |     } catch (error) {
    > 71 |       setIsAccepting(false);
         |       ^
      72 |       const errorMessage =
      73 |         error instanceof Error
      74 |           ? error.message

      at printWarning (node_modules/react-dom/cjs/react-dom.development.js:86:30)
      at error (node_modules/react-dom/cjs/react-dom.development.js:60:7)
      at warnIfUpdatesNotWrappedWithActDEV (node_modules/react-dom/cjs/react-dom.development.js:27628:9)
      at scheduleUpdateOnFiber (node_modules/react-dom/cjs/react-dom.development.js:25547:5)
      at dispatchSetState (node_modules/react-dom/cjs/react-dom.development.js:16708:7)
      at Object.setIsAccepting [as acceptInvitation] (C:\Users\leovp\Programming\adorador\adorador-frontend\src\app\(public)../../../../../grupos/_hooks/useAcceptInvitation.tsx:71:7)
      at Object.<anonymous> (C:\Users\leovp\Programming\adorador\adorador-frontend\src\app\(public)../../../../../grupos/_hooks/__tests__/useAcceptInvitation.test.tsx:184:22)

PASS src/global/icons/__tests__/AdditionalIcons.test.tsx (7.771 s)
PASS src/app/(public)/_ui/footer/components/__tests__/LastFooter.test.tsx (8.569 s)
PASS src/app/(public)/grupos/_services/__tests__/bandsService.test.tsx (6.493 s)
PASS src/global/hooks/__tests__/useEventTimeLeft.test.tsx (6.157 s)
  ΓùÅ Console

    console.error
      Warning: An update to TestComponent inside a test was not wrapped in act(...).
      
      When testing, code that causes React state updates should be wrapped into act(...):
      
      act(() => {
        /* fire events that update state */
      });
      /* assert on the output */
      
      This ensures that you're testing the behavior the user would see in the browser. Learn more at https://reactjs.org/link/wrap-tests-with-act
          at TestComponent (C:\Users\leovp\Programming\adorador\adorador-frontend\node_modules\@testing-library\react\dist\pure.js:329:5)

      20 |       const now = new Date().getTime();
      21 |       const difference = targetTime - now;
    > 22 |       setTimeLeft(difference);
         |       ^
      23 |     };
      24 |
      25 |     updateTimeLeft(); // Actualizar inmediatamente

      at printWarning (node_modules/react-dom/cjs/react-dom.development.js:86:30)
      at error (node_modules/react-dom/cjs/react-dom.development.js:60:7)
      at warnIfUpdatesNotWrappedWithActDEV (node_modules/react-dom/cjs/react-dom.development.js:27628:9)
      at scheduleUpdateOnFiber (node_modules/react-dom/cjs/react-dom.development.js:25547:5)
      at dispatchSetState (node_modules/react-dom/cjs/react-dom.development.js:16708:7)
      at setTimeLeft (src/global/hooks/useEventTimeLeft.tsx:22:7)
      at callTimer (node_modules/@sinonjs/fake-timers/src/fake-timers-src.js:806:24)
      at doTickInner (node_modules/@sinonjs/fake-timers/src/fake-timers-src.js:1413:29)
      at doTick (node_modules/@sinonjs/fake-timers/src/fake-timers-src.js:1494:20)
      at Object.tick (node_modules/@sinonjs/fake-timers/src/fake-timers-src.js:1502:20)
      at Object.runToLast (node_modules/@sinonjs/fake-timers/src/fake-timers-src.js:1661:26)
      at FakeTimers.runOnlyPendingTimers (node_modules/@jest/fake-timers/build/index.js:542:19)
      at Object.runOnlyPendingTimers (src/global/hooks/__tests__/useEventTimeLeft.test.tsx:23:10)

    console.error
      Warning: An update to TestComponent inside a test was not wrapped in act(...).
      
      When testing, code that causes React state updates should be wrapped into act(...):
      
      act(() => {
        /* fire events that update state */
      });
      /* assert on the output */
      
      This ensures that you're testing the behavior the user would see in the browser. Learn more at https://reactjs.org/link/wrap-tests-with-act
          at TestComponent (C:\Users\leovp\Programming\adorador\adorador-frontend\node_modules\@testing-library\react\dist\pure.js:329:5)

      20 |       const now = new Date().getTime();
      21 |       const difference = targetTime - now;
    > 22 |       setTimeLeft(difference);
         |       ^
      23 |     };
      24 |
      25 |     updateTimeLeft(); // Actualizar inmediatamente

      at printWarning (node_modules/react-dom/cjs/react-dom.development.js:86:30)
      at error (node_modules/react-dom/cjs/react-dom.development.js:60:7)
      at warnIfUpdatesNotWrappedWithActDEV (node_modules/react-dom/cjs/react-dom.development.js:27628:9)
      at scheduleUpdateOnFiber (node_modules/react-dom/cjs/react-dom.development.js:25547:5)
      at dispatchSetState (node_modules/react-dom/cjs/react-dom.development.js:16708:7)
      at setTimeLeft (src/global/hooks/useEventTimeLeft.tsx:22:7)
      at callTimer (node_modules/@sinonjs/fake-timers/src/fake-timers-src.js:806:24)
      at doTickInner (node_modules/@sinonjs/fake-timers/src/fake-timers-src.js:1413:29)
      at doTick (node_modules/@sinonjs/fake-timers/src/fake-timers-src.js:1494:20)
      at Object.tick (node_modules/@sinonjs/fake-timers/src/fake-timers-src.js:1502:20)
      at Object.runToLast (node_modules/@sinonjs/fake-timers/src/fake-timers-src.js:1661:26)
      at FakeTimers.runOnlyPendingTimers (node_modules/@jest/fake-timers/build/index.js:542:19)
      at Object.runOnlyPendingTimers (src/global/hooks/__tests__/useEventTimeLeft.test.tsx:23:10)

    console.error
      Warning: An update to TestComponent inside a test was not wrapped in act(...).
      
      When testing, code that causes React state updates should be wrapped into act(...):
      
      act(() => {
        /* fire events that update state */
      });
      /* assert on the output */
      
      This ensures that you're testing the behavior the user would see in the browser. Learn more at https://reactjs.org/link/wrap-tests-with-act
          at TestComponent (C:\Users\leovp\Programming\adorador\adorador-frontend\node_modules\@testing-library\react\dist\pure.js:329:5)

      20 |       const now = new Date().getTime();
      21 |       const difference = targetTime - now;
    > 22 |       setTimeLeft(difference);
         |       ^
      23 |     };
      24 |
      25 |     updateTimeLeft(); // Actualizar inmediatamente

      at printWarning (node_modules/react-dom/cjs/react-dom.development.js:86:30)
      at error (node_modules/react-dom/cjs/react-dom.development.js:60:7)
      at warnIfUpdatesNotWrappedWithActDEV (node_modules/react-dom/cjs/react-dom.development.js:27628:9)
      at scheduleUpdateOnFiber (node_modules/react-dom/cjs/react-dom.development.js:25547:5)
      at dispatchSetState (node_modules/react-dom/cjs/react-dom.development.js:16708:7)
      at setTimeLeft (src/global/hooks/useEventTimeLeft.tsx:22:7)
      at callTimer (node_modules/@sinonjs/fake-timers/src/fake-timers-src.js:806:24)
      at doTickInner (node_modules/@sinonjs/fake-timers/src/fake-timers-src.js:1413:29)
      at doTick (node_modules/@sinonjs/fake-timers/src/fake-timers-src.js:1494:20)
      at Object.tick (node_modules/@sinonjs/fake-timers/src/fake-timers-src.js:1502:20)
      at FakeTimers.advanceTimersByTime (node_modules/@jest/fake-timers/build/index.js:576:19)
      at Object.advanceTimersByTime (src/global/hooks/__tests__/useEventTimeLeft.test.tsx:59:12)

    console.error
      Warning: An update to TestComponent inside a test was not wrapped in act(...).
      
      When testing, code that causes React state updates should be wrapped into act(...):
      
      act(() => {
        /* fire events that update state */
      });
      /* assert on the output */
      
      This ensures that you're testing the behavior the user would see in the browser. Learn more at https://reactjs.org/link/wrap-tests-with-act
          at TestComponent (C:\Users\leovp\Programming\adorador\adorador-frontend\node_modules\@testing-library\react\dist\pure.js:329:5)

      20 |       const now = new Date().getTime();
      21 |       const difference = targetTime - now;
    > 22 |       setTimeLeft(difference);
         |       ^
      23 |     };
      24 |
      25 |     updateTimeLeft(); // Actualizar inmediatamente

      at printWarning (node_modules/react-dom/cjs/react-dom.development.js:86:30)
      at error (node_modules/react-dom/cjs/react-dom.development.js:60:7)
      at warnIfUpdatesNotWrappedWithActDEV (node_modules/react-dom/cjs/react-dom.development.js:27628:9)
      at scheduleUpdateOnFiber (node_modules/react-dom/cjs/react-dom.development.js:25547:5)
      at dispatchSetState (node_modules/react-dom/cjs/react-dom.development.js:16708:7)
      at setTimeLeft (src/global/hooks/useEventTimeLeft.tsx:22:7)
      at callTimer (node_modules/@sinonjs/fake-timers/src/fake-timers-src.js:806:24)
      at doTickInner (node_modules/@sinonjs/fake-timers/src/fake-timers-src.js:1413:29)
      at doTick (node_modules/@sinonjs/fake-timers/src/fake-timers-src.js:1494:20)
      at Object.tick (node_modules/@sinonjs/fake-timers/src/fake-timers-src.js:1502:20)
      at Object.runToLast (node_modules/@sinonjs/fake-timers/src/fake-timers-src.js:1661:26)
      at FakeTimers.runOnlyPendingTimers (node_modules/@jest/fake-timers/build/index.js:542:19)
      at Object.runOnlyPendingTimers (src/global/hooks/__tests__/useEventTimeLeft.test.tsx:23:10)

    console.error
      Warning: An update to TestComponent inside a test was not wrapped in act(...).
      
      When testing, code that causes React state updates should be wrapped into act(...):
      
      act(() => {
        /* fire events that update state */
      });
      /* assert on the output */
      
      This ensures that you're testing the behavior the user would see in the browser. Learn more at https://reactjs.org/link/wrap-tests-with-act
          at TestComponent (C:\Users\leovp\Programming\adorador\adorador-frontend\node_modules\@testing-library\react\dist\pure.js:329:5)

      20 |       const now = new Date().getTime();
      21 |       const difference = targetTime - now;
    > 22 |       setTimeLeft(difference);
         |       ^
      23 |     };
      24 |
      25 |     updateTimeLeft(); // Actualizar inmediatamente

      at printWarning (node_modules/react-dom/cjs/react-dom.development.js:86:30)
      at error (node_modules/react-dom/cjs/react-dom.development.js:60:7)
      at warnIfUpdatesNotWrappedWithActDEV (node_modules/react-dom/cjs/react-dom.development.js:27628:9)
      at scheduleUpdateOnFiber (node_modules/react-dom/cjs/react-dom.development.js:25547:5)
      at dispatchSetState (node_modules/react-dom/cjs/react-dom.development.js:16708:7)
      at setTimeLeft (src/global/hooks/useEventTimeLeft.tsx:22:7)
      at callTimer (node_modules/@sinonjs/fake-timers/src/fake-timers-src.js:806:24)
      at doTickInner (node_modules/@sinonjs/fake-timers/src/fake-timers-src.js:1413:29)
      at doTick (node_modules/@sinonjs/fake-timers/src/fake-timers-src.js:1494:20)
      at Object.tick (node_modules/@sinonjs/fake-timers/src/fake-timers-src.js:1502:20)
      at Object.runToLast (node_modules/@sinonjs/fake-timers/src/fake-timers-src.js:1661:26)
      at FakeTimers.runOnlyPendingTimers (node_modules/@jest/fake-timers/build/index.js:542:19)
      at Object.runOnlyPendingTimers (src/global/hooks/__tests__/useEventTimeLeft.test.tsx:23:10)

    console.error
      Warning: An update to TestComponent inside a test was not wrapped in act(...).
      
      When testing, code that causes React state updates should be wrapped into act(...):
      
      act(() => {
        /* fire events that update state */
      });
      /* assert on the output */
      
      This ensures that you're testing the behavior the user would see in the browser. Learn more at https://reactjs.org/link/wrap-tests-with-act
          at TestComponent (C:\Users\leovp\Programming\adorador\adorador-frontend\node_modules\@testing-library\react\dist\pure.js:329:5)

      20 |       const now = new Date().getTime();
      21 |       const difference = targetTime - now;
    > 22 |       setTimeLeft(difference);
         |       ^
      23 |     };
      24 |
      25 |     updateTimeLeft(); // Actualizar inmediatamente

      at printWarning (node_modules/react-dom/cjs/react-dom.development.js:86:30)
      at error (node_modules/react-dom/cjs/react-dom.development.js:60:7)
      at warnIfUpdatesNotWrappedWithActDEV (node_modules/react-dom/cjs/react-dom.development.js:27628:9)
      at scheduleUpdateOnFiber (node_modules/react-dom/cjs/react-dom.development.js:25547:5)
      at dispatchSetState (node_modules/react-dom/cjs/react-dom.development.js:16708:7)
      at setTimeLeft (src/global/hooks/useEventTimeLeft.tsx:22:7)
      at callTimer (node_modules/@sinonjs/fake-timers/src/fake-timers-src.js:806:24)
      at doTickInner (node_modules/@sinonjs/fake-timers/src/fake-timers-src.js:1413:29)
      at doTick (node_modules/@sinonjs/fake-timers/src/fake-timers-src.js:1494:20)
      at Object.tick (node_modules/@sinonjs/fake-timers/src/fake-timers-src.js:1502:20)
      at Object.runToLast (node_modules/@sinonjs/fake-timers/src/fake-timers-src.js:1661:26)
      at FakeTimers.runOnlyPendingTimers (node_modules/@jest/fake-timers/build/index.js:542:19)
      at Object.runOnlyPendingTimers (src/global/hooks/__tests__/useEventTimeLeft.test.tsx:23:10)

    console.error
      Warning: An update to TestComponent inside a test was not wrapped in act(...).
      
      When testing, code that causes React state updates should be wrapped into act(...):
      
      act(() => {
        /* fire events that update state */
      });
      /* assert on the output */
      
      This ensures that you're testing the behavior the user would see in the browser. Learn more at https://reactjs.org/link/wrap-tests-with-act
          at TestComponent (C:\Users\leovp\Programming\adorador\adorador-frontend\node_modules\@testing-library\react\dist\pure.js:329:5)

      20 |       const now = new Date().getTime();
      21 |       const difference = targetTime - now;
    > 22 |       setTimeLeft(difference);
         |       ^
      23 |     };
      24 |
      25 |     updateTimeLeft(); // Actualizar inmediatamente

      at printWarning (node_modules/react-dom/cjs/react-dom.development.js:86:30)
      at error (node_modules/react-dom/cjs/react-dom.development.js:60:7)
      at warnIfUpdatesNotWrappedWithActDEV (node_modules/react-dom/cjs/react-dom.development.js:27628:9)
      at scheduleUpdateOnFiber (node_modules/react-dom/cjs/react-dom.development.js:25547:5)
      at dispatchSetState (node_modules/react-dom/cjs/react-dom.development.js:16708:7)
      at setTimeLeft (src/global/hooks/useEventTimeLeft.tsx:22:7)
      at callTimer (node_modules/@sinonjs/fake-timers/src/fake-timers-src.js:806:24)
      at doTickInner (node_modules/@sinonjs/fake-timers/src/fake-timers-src.js:1413:29)
      at doTick (node_modules/@sinonjs/fake-timers/src/fake-timers-src.js:1494:20)
      at Object.tick (node_modules/@sinonjs/fake-timers/src/fake-timers-src.js:1502:20)
      at Object.runToLast (node_modules/@sinonjs/fake-timers/src/fake-timers-src.js:1661:26)
      at FakeTimers.runOnlyPendingTimers (node_modules/@jest/fake-timers/build/index.js:542:19)
      at Object.runOnlyPendingTimers (src/global/hooks/__tests__/useEventTimeLeft.test.tsx:23:10)

    console.error
      Warning: An update to TestComponent inside a test was not wrapped in act(...).
      
      When testing, code that causes React state updates should be wrapped into act(...):
      
      act(() => {
        /* fire events that update state */
      });
      /* assert on the output */
      
      This ensures that you're testing the behavior the user would see in the browser. Learn more at https://reactjs.org/link/wrap-tests-with-act
          at TestComponent (C:\Users\leovp\Programming\adorador\adorador-frontend\node_modules\@testing-library\react\dist\pure.js:329:5)

      20 |       const now = new Date().getTime();
      21 |       const difference = targetTime - now;
    > 22 |       setTimeLeft(difference);
         |       ^
      23 |     };
      24 |
      25 |     updateTimeLeft(); // Actualizar inmediatamente

      at printWarning (node_modules/react-dom/cjs/react-dom.development.js:86:30)
      at error (node_modules/react-dom/cjs/react-dom.development.js:60:7)
      at warnIfUpdatesNotWrappedWithActDEV (node_modules/react-dom/cjs/react-dom.development.js:27628:9)
      at scheduleUpdateOnFiber (node_modules/react-dom/cjs/react-dom.development.js:25547:5)
      at dispatchSetState (node_modules/react-dom/cjs/react-dom.development.js:16708:7)
      at setTimeLeft (src/global/hooks/useEventTimeLeft.tsx:22:7)
      at callTimer (node_modules/@sinonjs/fake-timers/src/fake-timers-src.js:806:24)
      at doTickInner (node_modules/@sinonjs/fake-timers/src/fake-timers-src.js:1413:29)
      at doTick (node_modules/@sinonjs/fake-timers/src/fake-timers-src.js:1494:20)
      at Object.tick (node_modules/@sinonjs/fake-timers/src/fake-timers-src.js:1502:20)
      at Object.runToLast (node_modules/@sinonjs/fake-timers/src/fake-timers-src.js:1661:26)
      at FakeTimers.runOnlyPendingTimers (node_modules/@jest/fake-timers/build/index.js:542:19)
      at Object.runOnlyPendingTimers (src/global/hooks/__tests__/useEventTimeLeft.test.tsx:23:10)

    console.error
      Warning: An update to TestComponent inside a test was not wrapped in act(...).
      
      When testing, code that causes React state updates should be wrapped into act(...):
      
      act(() => {
        /* fire events that update state */
      });
      /* assert on the output */
      
      This ensures that you're testing the behavior the user would see in the browser. Learn more at https://reactjs.org/link/wrap-tests-with-act
          at TestComponent (C:\Users\leovp\Programming\adorador\adorador-frontend\node_modules\@testing-library\react\dist\pure.js:329:5)

      20 |       const now = new Date().getTime();
      21 |       const difference = targetTime - now;
    > 22 |       setTimeLeft(difference);
         |       ^
      23 |     };
      24 |
      25 |     updateTimeLeft(); // Actualizar inmediatamente

      at printWarning (node_modules/react-dom/cjs/react-dom.development.js:86:30)
      at error (node_modules/react-dom/cjs/react-dom.development.js:60:7)
      at warnIfUpdatesNotWrappedWithActDEV (node_modules/react-dom/cjs/react-dom.development.js:27628:9)
      at scheduleUpdateOnFiber (node_modules/react-dom/cjs/react-dom.development.js:25547:5)
      at dispatchSetState (node_modules/react-dom/cjs/react-dom.development.js:16708:7)
      at setTimeLeft (src/global/hooks/useEventTimeLeft.tsx:22:7)
      at callTimer (node_modules/@sinonjs/fake-timers/src/fake-timers-src.js:806:24)
      at doTickInner (node_modules/@sinonjs/fake-timers/src/fake-timers-src.js:1413:29)
      at doTick (node_modules/@sinonjs/fake-timers/src/fake-timers-src.js:1494:20)
      at Object.tick (node_modules/@sinonjs/fake-timers/src/fake-timers-src.js:1502:20)
      at Object.runToLast (node_modules/@sinonjs/fake-timers/src/fake-timers-src.js:1661:26)
      at FakeTimers.runOnlyPendingTimers (node_modules/@jest/fake-timers/build/index.js:542:19)
      at Object.runOnlyPendingTimers (src/global/hooks/__tests__/useEventTimeLeft.test.tsx:23:10)

    console.error
      Warning: An update to TestComponent inside a test was not wrapped in act(...).
      
      When testing, code that causes React state updates should be wrapped into act(...):
      
      act(() => {
        /* fire events that update state */
      });
      /* assert on the output */
      
      This ensures that you're testing the behavior the user would see in the browser. Learn more at https://reactjs.org/link/wrap-tests-with-act
          at TestComponent (C:\Users\leovp\Programming\adorador\adorador-frontend\node_modules\@testing-library\react\dist\pure.js:329:5)

      20 |       const now = new Date().getTime();
      21 |       const difference = targetTime - now;
    > 22 |       setTimeLeft(difference);
         |       ^
      23 |     };
      24 |
      25 |     updateTimeLeft(); // Actualizar inmediatamente

      at printWarning (node_modules/react-dom/cjs/react-dom.development.js:86:30)
      at error (node_modules/react-dom/cjs/react-dom.development.js:60:7)
      at warnIfUpdatesNotWrappedWithActDEV (node_modules/react-dom/cjs/react-dom.development.js:27628:9)
      at scheduleUpdateOnFiber (node_modules/react-dom/cjs/react-dom.development.js:25547:5)
      at dispatchSetState (node_modules/react-dom/cjs/react-dom.development.js:16708:7)
      at setTimeLeft (src/global/hooks/useEventTimeLeft.tsx:22:7)
      at callTimer (node_modules/@sinonjs/fake-timers/src/fake-timers-src.js:806:24)
      at doTickInner (node_modules/@sinonjs/fake-timers/src/fake-timers-src.js:1413:29)
      at doTick (node_modules/@sinonjs/fake-timers/src/fake-timers-src.js:1494:20)
      at Object.tick (node_modules/@sinonjs/fake-timers/src/fake-timers-src.js:1502:20)
      at FakeTimers.advanceTimersByTime (node_modules/@jest/fake-timers/build/index.js:576:19)
      at Object.advanceTimersByTime (src/global/hooks/__tests__/useEventTimeLeft.test.tsx:202:12)

    console.error
      Warning: An update to TestComponent inside a test was not wrapped in act(...).
      
      When testing, code that causes React state updates should be wrapped into act(...):
      
      act(() => {
        /* fire events that update state */
      });
      /* assert on the output */
      
      This ensures that you're testing the behavior the user would see in the browser. Learn more at https://reactjs.org/link/wrap-tests-with-act
          at TestComponent (C:\Users\leovp\Programming\adorador\adorador-frontend\node_modules\@testing-library\react\dist\pure.js:329:5)

      20 |       const now = new Date().getTime();
      21 |       const difference = targetTime - now;
    > 22 |       setTimeLeft(difference);
         |       ^
      23 |     };
      24 |
      25 |     updateTimeLeft(); // Actualizar inmediatamente

      at printWarning (node_modules/react-dom/cjs/react-dom.development.js:86:30)
      at error (node_modules/react-dom/cjs/react-dom.development.js:60:7)
      at warnIfUpdatesNotWrappedWithActDEV (node_modules/react-dom/cjs/react-dom.development.js:27628:9)
      at scheduleUpdateOnFiber (node_modules/react-dom/cjs/react-dom.development.js:25547:5)
      at dispatchSetState (node_modules/react-dom/cjs/react-dom.development.js:16708:7)
      at setTimeLeft (src/global/hooks/useEventTimeLeft.tsx:22:7)
      at callTimer (node_modules/@sinonjs/fake-timers/src/fake-timers-src.js:806:24)
      at doTickInner (node_modules/@sinonjs/fake-timers/src/fake-timers-src.js:1413:29)
      at doTick (node_modules/@sinonjs/fake-timers/src/fake-timers-src.js:1494:20)
      at Object.tick (node_modules/@sinonjs/fake-timers/src/fake-timers-src.js:1502:20)
      at FakeTimers.advanceTimersByTime (node_modules/@jest/fake-timers/build/index.js:576:19)
      at Object.advanceTimersByTime (src/global/hooks/__tests__/useEventTimeLeft.test.tsx:202:12)

    console.error
      Warning: An update to TestComponent inside a test was not wrapped in act(...).
      
      When testing, code that causes React state updates should be wrapped into act(...):
      
      act(() => {
        /* fire events that update state */
      });
      /* assert on the output */
      
      This ensures that you're testing the behavior the user would see in the browser. Learn more at https://reactjs.org/link/wrap-tests-with-act
          at TestComponent (C:\Users\leovp\Programming\adorador\adorador-frontend\node_modules\@testing-library\react\dist\pure.js:329:5)

      20 |       const now = new Date().getTime();
      21 |       const difference = targetTime - now;
    > 22 |       setTimeLeft(difference);
         |       ^
      23 |     };
      24 |
      25 |     updateTimeLeft(); // Actualizar inmediatamente

      at printWarning (node_modules/react-dom/cjs/react-dom.development.js:86:30)
      at error (node_modules/react-dom/cjs/react-dom.development.js:60:7)
      at warnIfUpdatesNotWrappedWithActDEV (node_modules/react-dom/cjs/react-dom.development.js:27628:9)
      at scheduleUpdateOnFiber (node_modules/react-dom/cjs/react-dom.development.js:25547:5)
      at dispatchSetState (node_modules/react-dom/cjs/react-dom.development.js:16708:7)
      at setTimeLeft (src/global/hooks/useEventTimeLeft.tsx:22:7)
      at callTimer (node_modules/@sinonjs/fake-timers/src/fake-timers-src.js:806:24)
      at doTickInner (node_modules/@sinonjs/fake-timers/src/fake-timers-src.js:1413:29)
      at doTick (node_modules/@sinonjs/fake-timers/src/fake-timers-src.js:1494:20)
      at Object.tick (node_modules/@sinonjs/fake-timers/src/fake-timers-src.js:1502:20)
      at FakeTimers.advanceTimersByTime (node_modules/@jest/fake-timers/build/index.js:576:19)
      at Object.advanceTimersByTime (src/global/hooks/__tests__/useEventTimeLeft.test.tsx:202:12)

    console.error
      Warning: An update to TestComponent inside a test was not wrapped in act(...).
      
      When testing, code that causes React state updates should be wrapped into act(...):
      
      act(() => {
        /* fire events that update state */
      });
      /* assert on the output */
      
      This ensures that you're testing the behavior the user would see in the browser. Learn more at https://reactjs.org/link/wrap-tests-with-act
          at TestComponent (C:\Users\leovp\Programming\adorador\adorador-frontend\node_modules\@testing-library\react\dist\pure.js:329:5)

      20 |       const now = new Date().getTime();
      21 |       const difference = targetTime - now;
    > 22 |       setTimeLeft(difference);
         |       ^
      23 |     };
      24 |
      25 |     updateTimeLeft(); // Actualizar inmediatamente

      at printWarning (node_modules/react-dom/cjs/react-dom.development.js:86:30)
      at error (node_modules/react-dom/cjs/react-dom.development.js:60:7)
      at warnIfUpdatesNotWrappedWithActDEV (node_modules/react-dom/cjs/react-dom.development.js:27628:9)
      at scheduleUpdateOnFiber (node_modules/react-dom/cjs/react-dom.development.js:25547:5)
      at dispatchSetState (node_modules/react-dom/cjs/react-dom.development.js:16708:7)
      at setTimeLeft (src/global/hooks/useEventTimeLeft.tsx:22:7)
      at callTimer (node_modules/@sinonjs/fake-timers/src/fake-timers-src.js:806:24)
      at doTickInner (node_modules/@sinonjs/fake-timers/src/fake-timers-src.js:1413:29)
      at doTick (node_modules/@sinonjs/fake-timers/src/fake-timers-src.js:1494:20)
      at Object.tick (node_modules/@sinonjs/fake-timers/src/fake-timers-src.js:1502:20)
      at FakeTimers.advanceTimersByTime (node_modules/@jest/fake-timers/build/index.js:576:19)
      at Object.advanceTimersByTime (src/global/hooks/__tests__/useEventTimeLeft.test.tsx:202:12)

    console.error
      Warning: An update to TestComponent inside a test was not wrapped in act(...).
      
      When testing, code that causes React state updates should be wrapped into act(...):
      
      act(() => {
        /* fire events that update state */
      });
      /* assert on the output */
      
      This ensures that you're testing the behavior the user would see in the browser. Learn more at https://reactjs.org/link/wrap-tests-with-act
          at TestComponent (C:\Users\leovp\Programming\adorador\adorador-frontend\node_modules\@testing-library\react\dist\pure.js:329:5)

      20 |       const now = new Date().getTime();
      21 |       const difference = targetTime - now;
    > 22 |       setTimeLeft(difference);
         |       ^
      23 |     };
      24 |
      25 |     updateTimeLeft(); // Actualizar inmediatamente

      at printWarning (node_modules/react-dom/cjs/react-dom.development.js:86:30)
      at error (node_modules/react-dom/cjs/react-dom.development.js:60:7)
      at warnIfUpdatesNotWrappedWithActDEV (node_modules/react-dom/cjs/react-dom.development.js:27628:9)
      at scheduleUpdateOnFiber (node_modules/react-dom/cjs/react-dom.development.js:25547:5)
      at dispatchSetState (node_modules/react-dom/cjs/react-dom.development.js:16708:7)
      at setTimeLeft (src/global/hooks/useEventTimeLeft.tsx:22:7)
      at callTimer (node_modules/@sinonjs/fake-timers/src/fake-timers-src.js:806:24)
      at doTickInner (node_modules/@sinonjs/fake-timers/src/fake-timers-src.js:1413:29)
      at doTick (node_modules/@sinonjs/fake-timers/src/fake-timers-src.js:1494:20)
      at Object.tick (node_modules/@sinonjs/fake-timers/src/fake-timers-src.js:1502:20)
      at FakeTimers.advanceTimersByTime (node_modules/@jest/fake-timers/build/index.js:576:19)
      at Object.advanceTimersByTime (src/global/hooks/__tests__/useEventTimeLeft.test.tsx:202:12)

    console.error
      Warning: An update to TestComponent inside a test was not wrapped in act(...).
      
      When testing, code that causes React state updates should be wrapped into act(...):
      
      act(() => {
        /* fire events that update state */
      });
      /* assert on the output */
      
      This ensures that you're testing the behavior the user would see in the browser. Learn more at https://reactjs.org/link/wrap-tests-with-act
          at TestComponent (C:\Users\leovp\Programming\adorador\adorador-frontend\node_modules\@testing-library\react\dist\pure.js:329:5)

      20 |       const now = new Date().getTime();
      21 |       const difference = targetTime - now;
    > 22 |       setTimeLeft(difference);
         |       ^
      23 |     };
      24 |
      25 |     updateTimeLeft(); // Actualizar inmediatamente

      at printWarning (node_modules/react-dom/cjs/react-dom.development.js:86:30)
      at error (node_modules/react-dom/cjs/react-dom.development.js:60:7)
      at warnIfUpdatesNotWrappedWithActDEV (node_modules/react-dom/cjs/react-dom.development.js:27628:9)
      at scheduleUpdateOnFiber (node_modules/react-dom/cjs/react-dom.development.js:25547:5)
      at dispatchSetState (node_modules/react-dom/cjs/react-dom.development.js:16708:7)
      at setTimeLeft (src/global/hooks/useEventTimeLeft.tsx:22:7)
      at callTimer (node_modules/@sinonjs/fake-timers/src/fake-timers-src.js:806:24)
      at doTickInner (node_modules/@sinonjs/fake-timers/src/fake-timers-src.js:1413:29)
      at doTick (node_modules/@sinonjs/fake-timers/src/fake-timers-src.js:1494:20)
      at Object.tick (node_modules/@sinonjs/fake-timers/src/fake-timers-src.js:1502:20)
      at FakeTimers.advanceTimersByTime (node_modules/@jest/fake-timers/build/index.js:576:19)
      at Object.advanceTimersByTime (src/global/hooks/__tests__/useEventTimeLeft.test.tsx:202:12)

    console.error
      Warning: An update to TestComponent inside a test was not wrapped in act(...).
      
      When testing, code that causes React state updates should be wrapped into act(...):
      
      act(() => {
        /* fire events that update state */
      });
      /* assert on the output */
      
      This ensures that you're testing the behavior the user would see in the browser. Learn more at https://reactjs.org/link/wrap-tests-with-act
          at TestComponent (C:\Users\leovp\Programming\adorador\adorador-frontend\node_modules\@testing-library\react\dist\pure.js:329:5)

      20 |       const now = new Date().getTime();
      21 |       const difference = targetTime - now;
    > 22 |       setTimeLeft(difference);
         |       ^
      23 |     };
      24 |
      25 |     updateTimeLeft(); // Actualizar inmediatamente

      at printWarning (node_modules/react-dom/cjs/react-dom.development.js:86:30)
      at error (node_modules/react-dom/cjs/react-dom.development.js:60:7)
      at warnIfUpdatesNotWrappedWithActDEV (node_modules/react-dom/cjs/react-dom.development.js:27628:9)
      at scheduleUpdateOnFiber (node_modules/react-dom/cjs/react-dom.development.js:25547:5)
      at dispatchSetState (node_modules/react-dom/cjs/react-dom.development.js:16708:7)
      at setTimeLeft (src/global/hooks/useEventTimeLeft.tsx:22:7)
      at callTimer (node_modules/@sinonjs/fake-timers/src/fake-timers-src.js:806:24)
      at doTickInner (node_modules/@sinonjs/fake-timers/src/fake-timers-src.js:1413:29)
      at doTick (node_modules/@sinonjs/fake-timers/src/fake-timers-src.js:1494:20)
      at Object.tick (node_modules/@sinonjs/fake-timers/src/fake-timers-src.js:1502:20)
      at FakeTimers.advanceTimersByTime (node_modules/@jest/fake-timers/build/index.js:576:19)
      at Object.advanceTimersByTime (src/global/hooks/__tests__/useEventTimeLeft.test.tsx:202:12)

    console.error
      Warning: An update to TestComponent inside a test was not wrapped in act(...).
      
      When testing, code that causes React state updates should be wrapped into act(...):
      
      act(() => {
        /* fire events that update state */
      });
      /* assert on the output */
      
      This ensures that you're testing the behavior the user would see in the browser. Learn more at https://reactjs.org/link/wrap-tests-with-act
          at TestComponent (C:\Users\leovp\Programming\adorador\adorador-frontend\node_modules\@testing-library\react\dist\pure.js:329:5)

      20 |       const now = new Date().getTime();
      21 |       const difference = targetTime - now;
    > 22 |       setTimeLeft(difference);
         |       ^
      23 |     };
      24 |
      25 |     updateTimeLeft(); // Actualizar inmediatamente

      at printWarning (node_modules/react-dom/cjs/react-dom.development.js:86:30)
      at error (node_modules/react-dom/cjs/react-dom.development.js:60:7)
      at warnIfUpdatesNotWrappedWithActDEV (node_modules/react-dom/cjs/react-dom.development.js:27628:9)
      at scheduleUpdateOnFiber (node_modules/react-dom/cjs/react-dom.development.js:25547:5)
      at dispatchSetState (node_modules/react-dom/cjs/react-dom.development.js:16708:7)
      at setTimeLeft (src/global/hooks/useEventTimeLeft.tsx:22:7)
      at callTimer (node_modules/@sinonjs/fake-timers/src/fake-timers-src.js:806:24)
      at doTickInner (node_modules/@sinonjs/fake-timers/src/fake-timers-src.js:1413:29)
      at doTick (node_modules/@sinonjs/fake-timers/src/fake-timers-src.js:1494:20)
      at Object.tick (node_modules/@sinonjs/fake-timers/src/fake-timers-src.js:1502:20)
      at FakeTimers.advanceTimersByTime (node_modules/@jest/fake-timers/build/index.js:576:19)
      at Object.advanceTimersByTime (src/global/hooks/__tests__/useEventTimeLeft.test.tsx:202:12)

    console.error
      Warning: An update to TestComponent inside a test was not wrapped in act(...).
      
      When testing, code that causes React state updates should be wrapped into act(...):
      
      act(() => {
        /* fire events that update state */
      });
      /* assert on the output */
      
      This ensures that you're testing the behavior the user would see in the browser. Learn more at https://reactjs.org/link/wrap-tests-with-act
          at TestComponent (C:\Users\leovp\Programming\adorador\adorador-frontend\node_modules\@testing-library\react\dist\pure.js:329:5)

      20 |       const now = new Date().getTime();
      21 |       const difference = targetTime - now;
    > 22 |       setTimeLeft(difference);
         |       ^
      23 |     };
      24 |
      25 |     updateTimeLeft(); // Actualizar inmediatamente

      at printWarning (node_modules/react-dom/cjs/react-dom.development.js:86:30)
      at error (node_modules/react-dom/cjs/react-dom.development.js:60:7)
      at warnIfUpdatesNotWrappedWithActDEV (node_modules/react-dom/cjs/react-dom.development.js:27628:9)
      at scheduleUpdateOnFiber (node_modules/react-dom/cjs/react-dom.development.js:25547:5)
      at dispatchSetState (node_modules/react-dom/cjs/react-dom.development.js:16708:7)
      at setTimeLeft (src/global/hooks/useEventTimeLeft.tsx:22:7)
      at callTimer (node_modules/@sinonjs/fake-timers/src/fake-timers-src.js:806:24)
      at doTickInner (node_modules/@sinonjs/fake-timers/src/fake-timers-src.js:1413:29)
      at doTick (node_modules/@sinonjs/fake-timers/src/fake-timers-src.js:1494:20)
      at Object.tick (node_modules/@sinonjs/fake-timers/src/fake-timers-src.js:1502:20)
      at FakeTimers.advanceTimersByTime (node_modules/@jest/fake-timers/build/index.js:576:19)
      at Object.advanceTimersByTime (src/global/hooks/__tests__/useEventTimeLeft.test.tsx:202:12)

    console.error
      Warning: An update to TestComponent inside a test was not wrapped in act(...).
      
      When testing, code that causes React state updates should be wrapped into act(...):
      
      act(() => {
        /* fire events that update state */
      });
      /* assert on the output */
      
      This ensures that you're testing the behavior the user would see in the browser. Learn more at https://reactjs.org/link/wrap-tests-with-act
          at TestComponent (C:\Users\leovp\Programming\adorador\adorador-frontend\node_modules\@testing-library\react\dist\pure.js:329:5)

      20 |       const now = new Date().getTime();
      21 |       const difference = targetTime - now;
    > 22 |       setTimeLeft(difference);
         |       ^
      23 |     };
      24 |
      25 |     updateTimeLeft(); // Actualizar inmediatamente

      at printWarning (node_modules/react-dom/cjs/react-dom.development.js:86:30)
      at error (node_modules/react-dom/cjs/react-dom.development.js:60:7)
      at warnIfUpdatesNotWrappedWithActDEV (node_modules/react-dom/cjs/react-dom.development.js:27628:9)
      at scheduleUpdateOnFiber (node_modules/react-dom/cjs/react-dom.development.js:25547:5)
      at dispatchSetState (node_modules/react-dom/cjs/react-dom.development.js:16708:7)
      at setTimeLeft (src/global/hooks/useEventTimeLeft.tsx:22:7)
      at callTimer (node_modules/@sinonjs/fake-timers/src/fake-timers-src.js:806:24)
      at doTickInner (node_modules/@sinonjs/fake-timers/src/fake-timers-src.js:1413:29)
      at doTick (node_modules/@sinonjs/fake-timers/src/fake-timers-src.js:1494:20)
      at Object.tick (node_modules/@sinonjs/fake-timers/src/fake-timers-src.js:1502:20)
      at FakeTimers.advanceTimersByTime (node_modules/@jest/fake-timers/build/index.js:576:19)
      at Object.advanceTimersByTime (src/global/hooks/__tests__/useEventTimeLeft.test.tsx:202:12)

    console.error
      Warning: An update to TestComponent inside a test was not wrapped in act(...).
      
      When testing, code that causes React state updates should be wrapped into act(...):
      
      act(() => {
        /* fire events that update state */
      });
      /* assert on the output */
      
      This ensures that you're testing the behavior the user would see in the browser. Learn more at https://reactjs.org/link/wrap-tests-with-act
          at TestComponent (C:\Users\leovp\Programming\adorador\adorador-frontend\node_modules\@testing-library\react\dist\pure.js:329:5)

      20 |       const now = new Date().getTime();
      21 |       const difference = targetTime - now;
    > 22 |       setTimeLeft(difference);
         |       ^
      23 |     };
      24 |
      25 |     updateTimeLeft(); // Actualizar inmediatamente

      at printWarning (node_modules/react-dom/cjs/react-dom.development.js:86:30)
      at error (node_modules/react-dom/cjs/react-dom.development.js:60:7)
      at warnIfUpdatesNotWrappedWithActDEV (node_modules/react-dom/cjs/react-dom.development.js:27628:9)
      at scheduleUpdateOnFiber (node_modules/react-dom/cjs/react-dom.development.js:25547:5)
      at dispatchSetState (node_modules/react-dom/cjs/react-dom.development.js:16708:7)
      at setTimeLeft (src/global/hooks/useEventTimeLeft.tsx:22:7)
      at callTimer (node_modules/@sinonjs/fake-timers/src/fake-timers-src.js:806:24)
      at doTickInner (node_modules/@sinonjs/fake-timers/src/fake-timers-src.js:1413:29)
      at doTick (node_modules/@sinonjs/fake-timers/src/fake-timers-src.js:1494:20)
      at Object.tick (node_modules/@sinonjs/fake-timers/src/fake-timers-src.js:1502:20)
      at FakeTimers.advanceTimersByTime (node_modules/@jest/fake-timers/build/index.js:576:19)
      at Object.advanceTimersByTime (src/global/hooks/__tests__/useEventTimeLeft.test.tsx:202:12)

    console.error
      Warning: An update to TestComponent inside a test was not wrapped in act(...).
      
      When testing, code that causes React state updates should be wrapped into act(...):
      
      act(() => {
        /* fire events that update state */
      });
      /* assert on the output */
      
      This ensures that you're testing the behavior the user would see in the browser. Learn more at https://reactjs.org/link/wrap-tests-with-act
          at TestComponent (C:\Users\leovp\Programming\adorador\adorador-frontend\node_modules\@testing-library\react\dist\pure.js:329:5)

      20 |       const now = new Date().getTime();
      21 |       const difference = targetTime - now;
    > 22 |       setTimeLeft(difference);
         |       ^
      23 |     };
      24 |
      25 |     updateTimeLeft(); // Actualizar inmediatamente

      at printWarning (node_modules/react-dom/cjs/react-dom.development.js:86:30)
      at error (node_modules/react-dom/cjs/react-dom.development.js:60:7)
      at warnIfUpdatesNotWrappedWithActDEV (node_modules/react-dom/cjs/react-dom.development.js:27628:9)
      at scheduleUpdateOnFiber (node_modules/react-dom/cjs/react-dom.development.js:25547:5)
      at dispatchSetState (node_modules/react-dom/cjs/react-dom.development.js:16708:7)
      at setTimeLeft (src/global/hooks/useEventTimeLeft.tsx:22:7)
      at callTimer (node_modules/@sinonjs/fake-timers/src/fake-timers-src.js:806:24)
      at doTickInner (node_modules/@sinonjs/fake-timers/src/fake-timers-src.js:1413:29)
      at doTick (node_modules/@sinonjs/fake-timers/src/fake-timers-src.js:1494:20)
      at Object.tick (node_modules/@sinonjs/fake-timers/src/fake-timers-src.js:1502:20)
      at FakeTimers.advanceTimersByTime (node_modules/@jest/fake-timers/build/index.js:576:19)
      at Object.advanceTimersByTime (src/global/hooks/__tests__/useEventTimeLeft.test.tsx:202:12)

    console.error
      Warning: An update to TestComponent inside a test was not wrapped in act(...).
      
      When testing, code that causes React state updates should be wrapped into act(...):
      
      act(() => {
        /* fire events that update state */
      });
      /* assert on the output */
      
      This ensures that you're testing the behavior the user would see in the browser. Learn more at https://reactjs.org/link/wrap-tests-with-act
          at TestComponent (C:\Users\leovp\Programming\adorador\adorador-frontend\node_modules\@testing-library\react\dist\pure.js:329:5)

      20 |       const now = new Date().getTime();
      21 |       const difference = targetTime - now;
    > 22 |       setTimeLeft(difference);
         |       ^
      23 |     };
      24 |
      25 |     updateTimeLeft(); // Actualizar inmediatamente

      at printWarning (node_modules/react-dom/cjs/react-dom.development.js:86:30)
      at error (node_modules/react-dom/cjs/react-dom.development.js:60:7)
      at warnIfUpdatesNotWrappedWithActDEV (node_modules/react-dom/cjs/react-dom.development.js:27628:9)
      at scheduleUpdateOnFiber (node_modules/react-dom/cjs/react-dom.development.js:25547:5)
      at dispatchSetState (node_modules/react-dom/cjs/react-dom.development.js:16708:7)
      at setTimeLeft (src/global/hooks/useEventTimeLeft.tsx:22:7)
      at callTimer (node_modules/@sinonjs/fake-timers/src/fake-timers-src.js:806:24)
      at doTickInner (node_modules/@sinonjs/fake-timers/src/fake-timers-src.js:1413:29)
      at doTick (node_modules/@sinonjs/fake-timers/src/fake-timers-src.js:1494:20)
      at Object.tick (node_modules/@sinonjs/fake-timers/src/fake-timers-src.js:1502:20)
      at FakeTimers.advanceTimersByTime (node_modules/@jest/fake-timers/build/index.js:576:19)
      at Object.advanceTimersByTime (src/global/hooks/__tests__/useEventTimeLeft.test.tsx:202:12)

    console.error
      Warning: An update to TestComponent inside a test was not wrapped in act(...).
      
      When testing, code that causes React state updates should be wrapped into act(...):
      
      act(() => {
        /* fire events that update state */
      });
      /* assert on the output */
      
      This ensures that you're testing the behavior the user would see in the browser. Learn more at https://reactjs.org/link/wrap-tests-with-act
          at TestComponent (C:\Users\leovp\Programming\adorador\adorador-frontend\node_modules\@testing-library\react\dist\pure.js:329:5)

      20 |       const now = new Date().getTime();
      21 |       const difference = targetTime - now;
    > 22 |       setTimeLeft(difference);
         |       ^
      23 |     };
      24 |
      25 |     updateTimeLeft(); // Actualizar inmediatamente

      at printWarning (node_modules/react-dom/cjs/react-dom.development.js:86:30)
      at error (node_modules/react-dom/cjs/react-dom.development.js:60:7)
      at warnIfUpdatesNotWrappedWithActDEV (node_modules/react-dom/cjs/react-dom.development.js:27628:9)
      at scheduleUpdateOnFiber (node_modules/react-dom/cjs/react-dom.development.js:25547:5)
      at dispatchSetState (node_modules/react-dom/cjs/react-dom.development.js:16708:7)
      at setTimeLeft (src/global/hooks/useEventTimeLeft.tsx:22:7)
      at callTimer (node_modules/@sinonjs/fake-timers/src/fake-timers-src.js:806:24)
      at doTickInner (node_modules/@sinonjs/fake-timers/src/fake-timers-src.js:1413:29)
      at doTick (node_modules/@sinonjs/fake-timers/src/fake-timers-src.js:1494:20)
      at Object.tick (node_modules/@sinonjs/fake-timers/src/fake-timers-src.js:1502:20)
      at FakeTimers.advanceTimersByTime (node_modules/@jest/fake-timers/build/index.js:576:19)
      at Object.advanceTimersByTime (src/global/hooks/__tests__/useEventTimeLeft.test.tsx:202:12)

    console.error
      Warning: An update to TestComponent inside a test was not wrapped in act(...).
      
      When testing, code that causes React state updates should be wrapped into act(...):
      
      act(() => {
        /* fire events that update state */
      });
      /* assert on the output */
      
      This ensures that you're testing the behavior the user would see in the browser. Learn more at https://reactjs.org/link/wrap-tests-with-act
          at TestComponent (C:\Users\leovp\Programming\adorador\adorador-frontend\node_modules\@testing-library\react\dist\pure.js:329:5)

      20 |       const now = new Date().getTime();
      21 |       const difference = targetTime - now;
    > 22 |       setTimeLeft(difference);
         |       ^
      23 |     };
      24 |
      25 |     updateTimeLeft(); // Actualizar inmediatamente

      at printWarning (node_modules/react-dom/cjs/react-dom.development.js:86:30)
      at error (node_modules/react-dom/cjs/react-dom.development.js:60:7)
      at warnIfUpdatesNotWrappedWithActDEV (node_modules/react-dom/cjs/react-dom.development.js:27628:9)
      at scheduleUpdateOnFiber (node_modules/react-dom/cjs/react-dom.development.js:25547:5)
      at dispatchSetState (node_modules/react-dom/cjs/react-dom.development.js:16708:7)
      at setTimeLeft (src/global/hooks/useEventTimeLeft.tsx:22:7)
      at callTimer (node_modules/@sinonjs/fake-timers/src/fake-timers-src.js:806:24)
      at doTickInner (node_modules/@sinonjs/fake-timers/src/fake-timers-src.js:1413:29)
      at doTick (node_modules/@sinonjs/fake-timers/src/fake-timers-src.js:1494:20)
      at Object.tick (node_modules/@sinonjs/fake-timers/src/fake-timers-src.js:1502:20)
      at FakeTimers.advanceTimersByTime (node_modules/@jest/fake-timers/build/index.js:576:19)
      at Object.advanceTimersByTime (src/global/hooks/__tests__/useEventTimeLeft.test.tsx:202:12)

    console.error
      Warning: An update to TestComponent inside a test was not wrapped in act(...).
      
      When testing, code that causes React state updates should be wrapped into act(...):
      
      act(() => {
        /* fire events that update state */
      });
      /* assert on the output */
      
      This ensures that you're testing the behavior the user would see in the browser. Learn more at https://reactjs.org/link/wrap-tests-with-act
          at TestComponent (C:\Users\leovp\Programming\adorador\adorador-frontend\node_modules\@testing-library\react\dist\pure.js:329:5)

      20 |       const now = new Date().getTime();
      21 |       const difference = targetTime - now;
    > 22 |       setTimeLeft(difference);
         |       ^
      23 |     };
      24 |
      25 |     updateTimeLeft(); // Actualizar inmediatamente

      at printWarning (node_modules/react-dom/cjs/react-dom.development.js:86:30)
      at error (node_modules/react-dom/cjs/react-dom.development.js:60:7)
      at warnIfUpdatesNotWrappedWithActDEV (node_modules/react-dom/cjs/react-dom.development.js:27628:9)
      at scheduleUpdateOnFiber (node_modules/react-dom/cjs/react-dom.development.js:25547:5)
      at dispatchSetState (node_modules/react-dom/cjs/react-dom.development.js:16708:7)
      at setTimeLeft (src/global/hooks/useEventTimeLeft.tsx:22:7)
      at callTimer (node_modules/@sinonjs/fake-timers/src/fake-timers-src.js:806:24)
      at doTickInner (node_modules/@sinonjs/fake-timers/src/fake-timers-src.js:1413:29)
      at doTick (node_modules/@sinonjs/fake-timers/src/fake-timers-src.js:1494:20)
      at Object.tick (node_modules/@sinonjs/fake-timers/src/fake-timers-src.js:1502:20)
      at FakeTimers.advanceTimersByTime (node_modules/@jest/fake-timers/build/index.js:576:19)
      at Object.advanceTimersByTime (src/global/hooks/__tests__/useEventTimeLeft.test.tsx:202:12)

    console.error
      Warning: An update to TestComponent inside a test was not wrapped in act(...).
      
      When testing, code that causes React state updates should be wrapped into act(...):
      
      act(() => {
        /* fire events that update state */
      });
      /* assert on the output */
      
      This ensures that you're testing the behavior the user would see in the browser. Learn more at https://reactjs.org/link/wrap-tests-with-act
          at TestComponent (C:\Users\leovp\Programming\adorador\adorador-frontend\node_modules\@testing-library\react\dist\pure.js:329:5)

      20 |       const now = new Date().getTime();
      21 |       const difference = targetTime - now;
    > 22 |       setTimeLeft(difference);
         |       ^
      23 |     };
      24 |
      25 |     updateTimeLeft(); // Actualizar inmediatamente

      at printWarning (node_modules/react-dom/cjs/react-dom.development.js:86:30)
      at error (node_modules/react-dom/cjs/react-dom.development.js:60:7)
      at warnIfUpdatesNotWrappedWithActDEV (node_modules/react-dom/cjs/react-dom.development.js:27628:9)
      at scheduleUpdateOnFiber (node_modules/react-dom/cjs/react-dom.development.js:25547:5)
      at dispatchSetState (node_modules/react-dom/cjs/react-dom.development.js:16708:7)
      at setTimeLeft (src/global/hooks/useEventTimeLeft.tsx:22:7)
      at callTimer (node_modules/@sinonjs/fake-timers/src/fake-timers-src.js:806:24)
      at doTickInner (node_modules/@sinonjs/fake-timers/src/fake-timers-src.js:1413:29)
      at doTick (node_modules/@sinonjs/fake-timers/src/fake-timers-src.js:1494:20)
      at Object.tick (node_modules/@sinonjs/fake-timers/src/fake-timers-src.js:1502:20)
      at FakeTimers.advanceTimersByTime (node_modules/@jest/fake-timers/build/index.js:576:19)
      at Object.advanceTimersByTime (src/global/hooks/__tests__/useEventTimeLeft.test.tsx:202:12)

    console.error
      Warning: An update to TestComponent inside a test was not wrapped in act(...).
      
      When testing, code that causes React state updates should be wrapped into act(...):
      
      act(() => {
        /* fire events that update state */
      });
      /* assert on the output */
      
      This ensures that you're testing the behavior the user would see in the browser. Learn more at https://reactjs.org/link/wrap-tests-with-act
          at TestComponent (C:\Users\leovp\Programming\adorador\adorador-frontend\node_modules\@testing-library\react\dist\pure.js:329:5)

      20 |       const now = new Date().getTime();
      21 |       const difference = targetTime - now;
    > 22 |       setTimeLeft(difference);
         |       ^
      23 |     };
      24 |
      25 |     updateTimeLeft(); // Actualizar inmediatamente

      at printWarning (node_modules/react-dom/cjs/react-dom.development.js:86:30)
      at error (node_modules/react-dom/cjs/react-dom.development.js:60:7)
      at warnIfUpdatesNotWrappedWithActDEV (node_modules/react-dom/cjs/react-dom.development.js:27628:9)
      at scheduleUpdateOnFiber (node_modules/react-dom/cjs/react-dom.development.js:25547:5)
      at dispatchSetState (node_modules/react-dom/cjs/react-dom.development.js:16708:7)
      at setTimeLeft (src/global/hooks/useEventTimeLeft.tsx:22:7)
      at callTimer (node_modules/@sinonjs/fake-timers/src/fake-timers-src.js:806:24)
      at doTickInner (node_modules/@sinonjs/fake-timers/src/fake-timers-src.js:1413:29)
      at doTick (node_modules/@sinonjs/fake-timers/src/fake-timers-src.js:1494:20)
      at Object.tick (node_modules/@sinonjs/fake-timers/src/fake-timers-src.js:1502:20)
      at FakeTimers.advanceTimersByTime (node_modules/@jest/fake-timers/build/index.js:576:19)
      at Object.advanceTimersByTime (src/global/hooks/__tests__/useEventTimeLeft.test.tsx:202:12)

    console.error
      Warning: An update to TestComponent inside a test was not wrapped in act(...).
      
      When testing, code that causes React state updates should be wrapped into act(...):
      
      act(() => {
        /* fire events that update state */
      });
      /* assert on the output */
      
      This ensures that you're testing the behavior the user would see in the browser. Learn more at https://reactjs.org/link/wrap-tests-with-act
          at TestComponent (C:\Users\leovp\Programming\adorador\adorador-frontend\node_modules\@testing-library\react\dist\pure.js:329:5)

      20 |       const now = new Date().getTime();
      21 |       const difference = targetTime - now;
    > 22 |       setTimeLeft(difference);
         |       ^
      23 |     };
      24 |
      25 |     updateTimeLeft(); // Actualizar inmediatamente

      at printWarning (node_modules/react-dom/cjs/react-dom.development.js:86:30)
      at error (node_modules/react-dom/cjs/react-dom.development.js:60:7)
      at warnIfUpdatesNotWrappedWithActDEV (node_modules/react-dom/cjs/react-dom.development.js:27628:9)
      at scheduleUpdateOnFiber (node_modules/react-dom/cjs/react-dom.development.js:25547:5)
      at dispatchSetState (node_modules/react-dom/cjs/react-dom.development.js:16708:7)
      at setTimeLeft (src/global/hooks/useEventTimeLeft.tsx:22:7)
      at callTimer (node_modules/@sinonjs/fake-timers/src/fake-timers-src.js:806:24)
      at doTickInner (node_modules/@sinonjs/fake-timers/src/fake-timers-src.js:1413:29)
      at doTick (node_modules/@sinonjs/fake-timers/src/fake-timers-src.js:1494:20)
      at Object.tick (node_modules/@sinonjs/fake-timers/src/fake-timers-src.js:1502:20)
      at FakeTimers.advanceTimersByTime (node_modules/@jest/fake-timers/build/index.js:576:19)
      at Object.advanceTimersByTime (src/global/hooks/__tests__/useEventTimeLeft.test.tsx:202:12)

    console.error
      Warning: An update to TestComponent inside a test was not wrapped in act(...).
      
      When testing, code that causes React state updates should be wrapped into act(...):
      
      act(() => {
        /* fire events that update state */
      });
      /* assert on the output */
      
      This ensures that you're testing the behavior the user would see in the browser. Learn more at https://reactjs.org/link/wrap-tests-with-act
          at TestComponent (C:\Users\leovp\Programming\adorador\adorador-frontend\node_modules\@testing-library\react\dist\pure.js:329:5)

      20 |       const now = new Date().getTime();
      21 |       const difference = targetTime - now;
    > 22 |       setTimeLeft(difference);
         |       ^
      23 |     };
      24 |
      25 |     updateTimeLeft(); // Actualizar inmediatamente

      at printWarning (node_modules/react-dom/cjs/react-dom.development.js:86:30)
      at error (node_modules/react-dom/cjs/react-dom.development.js:60:7)
      at warnIfUpdatesNotWrappedWithActDEV (node_modules/react-dom/cjs/react-dom.development.js:27628:9)
      at scheduleUpdateOnFiber (node_modules/react-dom/cjs/react-dom.development.js:25547:5)
      at dispatchSetState (node_modules/react-dom/cjs/react-dom.development.js:16708:7)
      at setTimeLeft (src/global/hooks/useEventTimeLeft.tsx:22:7)
      at callTimer (node_modules/@sinonjs/fake-timers/src/fake-timers-src.js:806:24)
      at doTickInner (node_modules/@sinonjs/fake-timers/src/fake-timers-src.js:1413:29)
      at doTick (node_modules/@sinonjs/fake-timers/src/fake-timers-src.js:1494:20)
      at Object.tick (node_modules/@sinonjs/fake-timers/src/fake-timers-src.js:1502:20)
      at FakeTimers.advanceTimersByTime (node_modules/@jest/fake-timers/build/index.js:576:19)
      at Object.advanceTimersByTime (src/global/hooks/__tests__/useEventTimeLeft.test.tsx:202:12)

    console.error
      Warning: An update to TestComponent inside a test was not wrapped in act(...).
      
      When testing, code that causes React state updates should be wrapped into act(...):
      
      act(() => {
        /* fire events that update state */
      });
      /* assert on the output */
      
      This ensures that you're testing the behavior the user would see in the browser. Learn more at https://reactjs.org/link/wrap-tests-with-act
          at TestComponent (C:\Users\leovp\Programming\adorador\adorador-frontend\node_modules\@testing-library\react\dist\pure.js:329:5)

      20 |       const now = new Date().getTime();
      21 |       const difference = targetTime - now;
    > 22 |       setTimeLeft(difference);
         |       ^
      23 |     };
      24 |
      25 |     updateTimeLeft(); // Actualizar inmediatamente

      at printWarning (node_modules/react-dom/cjs/react-dom.development.js:86:30)
      at error (node_modules/react-dom/cjs/react-dom.development.js:60:7)
      at warnIfUpdatesNotWrappedWithActDEV (node_modules/react-dom/cjs/react-dom.development.js:27628:9)
      at scheduleUpdateOnFiber (node_modules/react-dom/cjs/react-dom.development.js:25547:5)
      at dispatchSetState (node_modules/react-dom/cjs/react-dom.development.js:16708:7)
      at setTimeLeft (src/global/hooks/useEventTimeLeft.tsx:22:7)
      at callTimer (node_modules/@sinonjs/fake-timers/src/fake-timers-src.js:806:24)
      at doTickInner (node_modules/@sinonjs/fake-timers/src/fake-timers-src.js:1413:29)
      at doTick (node_modules/@sinonjs/fake-timers/src/fake-timers-src.js:1494:20)
      at Object.tick (node_modules/@sinonjs/fake-timers/src/fake-timers-src.js:1502:20)
      at FakeTimers.advanceTimersByTime (node_modules/@jest/fake-timers/build/index.js:576:19)
      at Object.advanceTimersByTime (src/global/hooks/__tests__/useEventTimeLeft.test.tsx:202:12)

    console.error
      Warning: An update to TestComponent inside a test was not wrapped in act(...).
      
      When testing, code that causes React state updates should be wrapped into act(...):
      
      act(() => {
        /* fire events that update state */
      });
      /* assert on the output */
      
      This ensures that you're testing the behavior the user would see in the browser. Learn more at https://reactjs.org/link/wrap-tests-with-act
          at TestComponent (C:\Users\leovp\Programming\adorador\adorador-frontend\node_modules\@testing-library\react\dist\pure.js:329:5)

      20 |       const now = new Date().getTime();
      21 |       const difference = targetTime - now;
    > 22 |       setTimeLeft(difference);
         |       ^
      23 |     };
      24 |
      25 |     updateTimeLeft(); // Actualizar inmediatamente

      at printWarning (node_modules/react-dom/cjs/react-dom.development.js:86:30)
      at error (node_modules/react-dom/cjs/react-dom.development.js:60:7)
      at warnIfUpdatesNotWrappedWithActDEV (node_modules/react-dom/cjs/react-dom.development.js:27628:9)
      at scheduleUpdateOnFiber (node_modules/react-dom/cjs/react-dom.development.js:25547:5)
      at dispatchSetState (node_modules/react-dom/cjs/react-dom.development.js:16708:7)
      at setTimeLeft (src/global/hooks/useEventTimeLeft.tsx:22:7)
      at callTimer (node_modules/@sinonjs/fake-timers/src/fake-timers-src.js:806:24)
      at doTickInner (node_modules/@sinonjs/fake-timers/src/fake-timers-src.js:1413:29)
      at doTick (node_modules/@sinonjs/fake-timers/src/fake-timers-src.js:1494:20)
      at Object.tick (node_modules/@sinonjs/fake-timers/src/fake-timers-src.js:1502:20)
      at FakeTimers.advanceTimersByTime (node_modules/@jest/fake-timers/build/index.js:576:19)
      at Object.advanceTimersByTime (src/global/hooks/__tests__/useEventTimeLeft.test.tsx:202:12)

    console.error
      Warning: An update to TestComponent inside a test was not wrapped in act(...).
      
      When testing, code that causes React state updates should be wrapped into act(...):
      
      act(() => {
        /* fire events that update state */
      });
      /* assert on the output */
      
      This ensures that you're testing the behavior the user would see in the browser. Learn more at https://reactjs.org/link/wrap-tests-with-act
          at TestComponent (C:\Users\leovp\Programming\adorador\adorador-frontend\node_modules\@testing-library\react\dist\pure.js:329:5)

      20 |       const now = new Date().getTime();
      21 |       const difference = targetTime - now;
    > 22 |       setTimeLeft(difference);
         |       ^
      23 |     };
      24 |
      25 |     updateTimeLeft(); // Actualizar inmediatamente

      at printWarning (node_modules/react-dom/cjs/react-dom.development.js:86:30)
      at error (node_modules/react-dom/cjs/react-dom.development.js:60:7)
      at warnIfUpdatesNotWrappedWithActDEV (node_modules/react-dom/cjs/react-dom.development.js:27628:9)
      at scheduleUpdateOnFiber (node_modules/react-dom/cjs/react-dom.development.js:25547:5)
      at dispatchSetState (node_modules/react-dom/cjs/react-dom.development.js:16708:7)
      at setTimeLeft (src/global/hooks/useEventTimeLeft.tsx:22:7)
      at callTimer (node_modules/@sinonjs/fake-timers/src/fake-timers-src.js:806:24)
      at doTickInner (node_modules/@sinonjs/fake-timers/src/fake-timers-src.js:1413:29)
      at doTick (node_modules/@sinonjs/fake-timers/src/fake-timers-src.js:1494:20)
      at Object.tick (node_modules/@sinonjs/fake-timers/src/fake-timers-src.js:1502:20)
      at FakeTimers.advanceTimersByTime (node_modules/@jest/fake-timers/build/index.js:576:19)
      at Object.advanceTimersByTime (src/global/hooks/__tests__/useEventTimeLeft.test.tsx:202:12)

    console.error
      Warning: An update to TestComponent inside a test was not wrapped in act(...).
      
      When testing, code that causes React state updates should be wrapped into act(...):
      
      act(() => {
        /* fire events that update state */
      });
      /* assert on the output */
      
      This ensures that you're testing the behavior the user would see in the browser. Learn more at https://reactjs.org/link/wrap-tests-with-act
          at TestComponent (C:\Users\leovp\Programming\adorador\adorador-frontend\node_modules\@testing-library\react\dist\pure.js:329:5)

      20 |       const now = new Date().getTime();
      21 |       const difference = targetTime - now;
    > 22 |       setTimeLeft(difference);
         |       ^
      23 |     };
      24 |
      25 |     updateTimeLeft(); // Actualizar inmediatamente

      at printWarning (node_modules/react-dom/cjs/react-dom.development.js:86:30)
      at error (node_modules/react-dom/cjs/react-dom.development.js:60:7)
      at warnIfUpdatesNotWrappedWithActDEV (node_modules/react-dom/cjs/react-dom.development.js:27628:9)
      at scheduleUpdateOnFiber (node_modules/react-dom/cjs/react-dom.development.js:25547:5)
      at dispatchSetState (node_modules/react-dom/cjs/react-dom.development.js:16708:7)
      at setTimeLeft (src/global/hooks/useEventTimeLeft.tsx:22:7)
      at callTimer (node_modules/@sinonjs/fake-timers/src/fake-timers-src.js:806:24)
      at doTickInner (node_modules/@sinonjs/fake-timers/src/fake-timers-src.js:1413:29)
      at doTick (node_modules/@sinonjs/fake-timers/src/fake-timers-src.js:1494:20)
      at Object.tick (node_modules/@sinonjs/fake-timers/src/fake-timers-src.js:1502:20)
      at FakeTimers.advanceTimersByTime (node_modules/@jest/fake-timers/build/index.js:576:19)
      at Object.advanceTimersByTime (src/global/hooks/__tests__/useEventTimeLeft.test.tsx:202:12)

    console.error
      Warning: An update to TestComponent inside a test was not wrapped in act(...).
      
      When testing, code that causes React state updates should be wrapped into act(...):
      
      act(() => {
        /* fire events that update state */
      });
      /* assert on the output */
      
      This ensures that you're testing the behavior the user would see in the browser. Learn more at https://reactjs.org/link/wrap-tests-with-act
          at TestComponent (C:\Users\leovp\Programming\adorador\adorador-frontend\node_modules\@testing-library\react\dist\pure.js:329:5)

      20 |       const now = new Date().getTime();
      21 |       const difference = targetTime - now;
    > 22 |       setTimeLeft(difference);
         |       ^
      23 |     };
      24 |
      25 |     updateTimeLeft(); // Actualizar inmediatamente

      at printWarning (node_modules/react-dom/cjs/react-dom.development.js:86:30)
      at error (node_modules/react-dom/cjs/react-dom.development.js:60:7)
      at warnIfUpdatesNotWrappedWithActDEV (node_modules/react-dom/cjs/react-dom.development.js:27628:9)
      at scheduleUpdateOnFiber (node_modules/react-dom/cjs/react-dom.development.js:25547:5)
      at dispatchSetState (node_modules/react-dom/cjs/react-dom.development.js:16708:7)
      at setTimeLeft (src/global/hooks/useEventTimeLeft.tsx:22:7)
      at callTimer (node_modules/@sinonjs/fake-timers/src/fake-timers-src.js:806:24)
      at doTickInner (node_modules/@sinonjs/fake-timers/src/fake-timers-src.js:1413:29)
      at doTick (node_modules/@sinonjs/fake-timers/src/fake-timers-src.js:1494:20)
      at Object.tick (node_modules/@sinonjs/fake-timers/src/fake-timers-src.js:1502:20)
      at FakeTimers.advanceTimersByTime (node_modules/@jest/fake-timers/build/index.js:576:19)
      at Object.advanceTimersByTime (src/global/hooks/__tests__/useEventTimeLeft.test.tsx:202:12)

    console.error
      Warning: An update to TestComponent inside a test was not wrapped in act(...).
      
      When testing, code that causes React state updates should be wrapped into act(...):
      
      act(() => {
        /* fire events that update state */
      });
      /* assert on the output */
      
      This ensures that you're testing the behavior the user would see in the browser. Learn more at https://reactjs.org/link/wrap-tests-with-act
          at TestComponent (C:\Users\leovp\Programming\adorador\adorador-frontend\node_modules\@testing-library\react\dist\pure.js:329:5)

      20 |       const now = new Date().getTime();
      21 |       const difference = targetTime - now;
    > 22 |       setTimeLeft(difference);
         |       ^
      23 |     };
      24 |
      25 |     updateTimeLeft(); // Actualizar inmediatamente

      at printWarning (node_modules/react-dom/cjs/react-dom.development.js:86:30)
      at error (node_modules/react-dom/cjs/react-dom.development.js:60:7)
      at warnIfUpdatesNotWrappedWithActDEV (node_modules/react-dom/cjs/react-dom.development.js:27628:9)
      at scheduleUpdateOnFiber (node_modules/react-dom/cjs/react-dom.development.js:25547:5)
      at dispatchSetState (node_modules/react-dom/cjs/react-dom.development.js:16708:7)
      at setTimeLeft (src/global/hooks/useEventTimeLeft.tsx:22:7)
      at callTimer (node_modules/@sinonjs/fake-timers/src/fake-timers-src.js:806:24)
      at doTickInner (node_modules/@sinonjs/fake-timers/src/fake-timers-src.js:1413:29)
      at doTick (node_modules/@sinonjs/fake-timers/src/fake-timers-src.js:1494:20)
      at Object.tick (node_modules/@sinonjs/fake-timers/src/fake-timers-src.js:1502:20)
      at FakeTimers.advanceTimersByTime (node_modules/@jest/fake-timers/build/index.js:576:19)
      at Object.advanceTimersByTime (src/global/hooks/__tests__/useEventTimeLeft.test.tsx:202:12)

    console.error
      Warning: An update to TestComponent inside a test was not wrapped in act(...).
      
      When testing, code that causes React state updates should be wrapped into act(...):
      
      act(() => {
        /* fire events that update state */
      });
      /* assert on the output */
      
      This ensures that you're testing the behavior the user would see in the browser. Learn more at https://reactjs.org/link/wrap-tests-with-act
          at TestComponent (C:\Users\leovp\Programming\adorador\adorador-frontend\node_modules\@testing-library\react\dist\pure.js:329:5)

      20 |       const now = new Date().getTime();
      21 |       const difference = targetTime - now;
    > 22 |       setTimeLeft(difference);
         |       ^
      23 |     };
      24 |
      25 |     updateTimeLeft(); // Actualizar inmediatamente

      at printWarning (node_modules/react-dom/cjs/react-dom.development.js:86:30)
      at error (node_modules/react-dom/cjs/react-dom.development.js:60:7)
      at warnIfUpdatesNotWrappedWithActDEV (node_modules/react-dom/cjs/react-dom.development.js:27628:9)
      at scheduleUpdateOnFiber (node_modules/react-dom/cjs/react-dom.development.js:25547:5)
      at dispatchSetState (node_modules/react-dom/cjs/react-dom.development.js:16708:7)
      at setTimeLeft (src/global/hooks/useEventTimeLeft.tsx:22:7)
      at callTimer (node_modules/@sinonjs/fake-timers/src/fake-timers-src.js:806:24)
      at doTickInner (node_modules/@sinonjs/fake-timers/src/fake-timers-src.js:1413:29)
      at doTick (node_modules/@sinonjs/fake-timers/src/fake-timers-src.js:1494:20)
      at Object.tick (node_modules/@sinonjs/fake-timers/src/fake-timers-src.js:1502:20)
      at FakeTimers.advanceTimersByTime (node_modules/@jest/fake-timers/build/index.js:576:19)
      at Object.advanceTimersByTime (src/global/hooks/__tests__/useEventTimeLeft.test.tsx:202:12)

    console.error
      Warning: An update to TestComponent inside a test was not wrapped in act(...).
      
      When testing, code that causes React state updates should be wrapped into act(...):
      
      act(() => {
        /* fire events that update state */
      });
      /* assert on the output */
      
      This ensures that you're testing the behavior the user would see in the browser. Learn more at https://reactjs.org/link/wrap-tests-with-act
          at TestComponent (C:\Users\leovp\Programming\adorador\adorador-frontend\node_modules\@testing-library\react\dist\pure.js:329:5)

      20 |       const now = new Date().getTime();
      21 |       const difference = targetTime - now;
    > 22 |       setTimeLeft(difference);
         |       ^
      23 |     };
      24 |
      25 |     updateTimeLeft(); // Actualizar inmediatamente

      at printWarning (node_modules/react-dom/cjs/react-dom.development.js:86:30)
      at error (node_modules/react-dom/cjs/react-dom.development.js:60:7)
      at warnIfUpdatesNotWrappedWithActDEV (node_modules/react-dom/cjs/react-dom.development.js:27628:9)
      at scheduleUpdateOnFiber (node_modules/react-dom/cjs/react-dom.development.js:25547:5)
      at dispatchSetState (node_modules/react-dom/cjs/react-dom.development.js:16708:7)
      at setTimeLeft (src/global/hooks/useEventTimeLeft.tsx:22:7)
      at callTimer (node_modules/@sinonjs/fake-timers/src/fake-timers-src.js:806:24)
      at doTickInner (node_modules/@sinonjs/fake-timers/src/fake-timers-src.js:1413:29)
      at doTick (node_modules/@sinonjs/fake-timers/src/fake-timers-src.js:1494:20)
      at Object.tick (node_modules/@sinonjs/fake-timers/src/fake-timers-src.js:1502:20)
      at FakeTimers.advanceTimersByTime (node_modules/@jest/fake-timers/build/index.js:576:19)
      at Object.advanceTimersByTime (src/global/hooks/__tests__/useEventTimeLeft.test.tsx:202:12)

    console.error
      Warning: An update to TestComponent inside a test was not wrapped in act(...).
      
      When testing, code that causes React state updates should be wrapped into act(...):
      
      act(() => {
        /* fire events that update state */
      });
      /* assert on the output */
      
      This ensures that you're testing the behavior the user would see in the browser. Learn more at https://reactjs.org/link/wrap-tests-with-act
          at TestComponent (C:\Users\leovp\Programming\adorador\adorador-frontend\node_modules\@testing-library\react\dist\pure.js:329:5)

      20 |       const now = new Date().getTime();
      21 |       const difference = targetTime - now;
    > 22 |       setTimeLeft(difference);
         |       ^
      23 |     };
      24 |
      25 |     updateTimeLeft(); // Actualizar inmediatamente

      at printWarning (node_modules/react-dom/cjs/react-dom.development.js:86:30)
      at error (node_modules/react-dom/cjs/react-dom.development.js:60:7)
      at warnIfUpdatesNotWrappedWithActDEV (node_modules/react-dom/cjs/react-dom.development.js:27628:9)
      at scheduleUpdateOnFiber (node_modules/react-dom/cjs/react-dom.development.js:25547:5)
      at dispatchSetState (node_modules/react-dom/cjs/react-dom.development.js:16708:7)
      at setTimeLeft (src/global/hooks/useEventTimeLeft.tsx:22:7)
      at callTimer (node_modules/@sinonjs/fake-timers/src/fake-timers-src.js:806:24)
      at doTickInner (node_modules/@sinonjs/fake-timers/src/fake-timers-src.js:1413:29)
      at doTick (node_modules/@sinonjs/fake-timers/src/fake-timers-src.js:1494:20)
      at Object.tick (node_modules/@sinonjs/fake-timers/src/fake-timers-src.js:1502:20)
      at FakeTimers.advanceTimersByTime (node_modules/@jest/fake-timers/build/index.js:576:19)
      at Object.advanceTimersByTime (src/global/hooks/__tests__/useEventTimeLeft.test.tsx:202:12)

    console.error
      Warning: An update to TestComponent inside a test was not wrapped in act(...).
      
      When testing, code that causes React state updates should be wrapped into act(...):
      
      act(() => {
        /* fire events that update state */
      });
      /* assert on the output */
      
      This ensures that you're testing the behavior the user would see in the browser. Learn more at https://reactjs.org/link/wrap-tests-with-act
          at TestComponent (C:\Users\leovp\Programming\adorador\adorador-frontend\node_modules\@testing-library\react\dist\pure.js:329:5)

      20 |       const now = new Date().getTime();
      21 |       const difference = targetTime - now;
    > 22 |       setTimeLeft(difference);
         |       ^
      23 |     };
      24 |
      25 |     updateTimeLeft(); // Actualizar inmediatamente

      at printWarning (node_modules/react-dom/cjs/react-dom.development.js:86:30)
      at error (node_modules/react-dom/cjs/react-dom.development.js:60:7)
      at warnIfUpdatesNotWrappedWithActDEV (node_modules/react-dom/cjs/react-dom.development.js:27628:9)
      at scheduleUpdateOnFiber (node_modules/react-dom/cjs/react-dom.development.js:25547:5)
      at dispatchSetState (node_modules/react-dom/cjs/react-dom.development.js:16708:7)
      at setTimeLeft (src/global/hooks/useEventTimeLeft.tsx:22:7)
      at callTimer (node_modules/@sinonjs/fake-timers/src/fake-timers-src.js:806:24)
      at doTickInner (node_modules/@sinonjs/fake-timers/src/fake-timers-src.js:1413:29)
      at doTick (node_modules/@sinonjs/fake-timers/src/fake-timers-src.js:1494:20)
      at Object.tick (node_modules/@sinonjs/fake-timers/src/fake-timers-src.js:1502:20)
      at FakeTimers.advanceTimersByTime (node_modules/@jest/fake-timers/build/index.js:576:19)
      at Object.advanceTimersByTime (src/global/hooks/__tests__/useEventTimeLeft.test.tsx:202:12)

    console.error
      Warning: An update to TestComponent inside a test was not wrapped in act(...).
      
      When testing, code that causes React state updates should be wrapped into act(...):
      
      act(() => {
        /* fire events that update state */
      });
      /* assert on the output */
      
      This ensures that you're testing the behavior the user would see in the browser. Learn more at https://reactjs.org/link/wrap-tests-with-act
          at TestComponent (C:\Users\leovp\Programming\adorador\adorador-frontend\node_modules\@testing-library\react\dist\pure.js:329:5)

      20 |       const now = new Date().getTime();
      21 |       const difference = targetTime - now;
    > 22 |       setTimeLeft(difference);
         |       ^
      23 |     };
      24 |
      25 |     updateTimeLeft(); // Actualizar inmediatamente

      at printWarning (node_modules/react-dom/cjs/react-dom.development.js:86:30)
      at error (node_modules/react-dom/cjs/react-dom.development.js:60:7)
      at warnIfUpdatesNotWrappedWithActDEV (node_modules/react-dom/cjs/react-dom.development.js:27628:9)
      at scheduleUpdateOnFiber (node_modules/react-dom/cjs/react-dom.development.js:25547:5)
      at dispatchSetState (node_modules/react-dom/cjs/react-dom.development.js:16708:7)
      at setTimeLeft (src/global/hooks/useEventTimeLeft.tsx:22:7)
      at callTimer (node_modules/@sinonjs/fake-timers/src/fake-timers-src.js:806:24)
      at doTickInner (node_modules/@sinonjs/fake-timers/src/fake-timers-src.js:1413:29)
      at doTick (node_modules/@sinonjs/fake-timers/src/fake-timers-src.js:1494:20)
      at Object.tick (node_modules/@sinonjs/fake-timers/src/fake-timers-src.js:1502:20)
      at FakeTimers.advanceTimersByTime (node_modules/@jest/fake-timers/build/index.js:576:19)
      at Object.advanceTimersByTime (src/global/hooks/__tests__/useEventTimeLeft.test.tsx:202:12)

    console.error
      Warning: An update to TestComponent inside a test was not wrapped in act(...).
      
      When testing, code that causes React state updates should be wrapped into act(...):
      
      act(() => {
        /* fire events that update state */
      });
      /* assert on the output */
      
      This ensures that you're testing the behavior the user would see in the browser. Learn more at https://reactjs.org/link/wrap-tests-with-act
          at TestComponent (C:\Users\leovp\Programming\adorador\adorador-frontend\node_modules\@testing-library\react\dist\pure.js:329:5)

      20 |       const now = new Date().getTime();
      21 |       const difference = targetTime - now;
    > 22 |       setTimeLeft(difference);
         |       ^
      23 |     };
      24 |
      25 |     updateTimeLeft(); // Actualizar inmediatamente

      at printWarning (node_modules/react-dom/cjs/react-dom.development.js:86:30)
      at error (node_modules/react-dom/cjs/react-dom.development.js:60:7)
      at warnIfUpdatesNotWrappedWithActDEV (node_modules/react-dom/cjs/react-dom.development.js:27628:9)
      at scheduleUpdateOnFiber (node_modules/react-dom/cjs/react-dom.development.js:25547:5)
      at dispatchSetState (node_modules/react-dom/cjs/react-dom.development.js:16708:7)
      at setTimeLeft (src/global/hooks/useEventTimeLeft.tsx:22:7)
      at callTimer (node_modules/@sinonjs/fake-timers/src/fake-timers-src.js:806:24)
      at doTickInner (node_modules/@sinonjs/fake-timers/src/fake-timers-src.js:1413:29)
      at doTick (node_modules/@sinonjs/fake-timers/src/fake-timers-src.js:1494:20)
      at Object.tick (node_modules/@sinonjs/fake-timers/src/fake-timers-src.js:1502:20)
      at Object.runToLast (node_modules/@sinonjs/fake-timers/src/fake-timers-src.js:1661:26)
      at FakeTimers.runOnlyPendingTimers (node_modules/@jest/fake-timers/build/index.js:542:19)
      at Object.runOnlyPendingTimers (src/global/hooks/__tests__/useEventTimeLeft.test.tsx:23:10)

    console.error
      Warning: An update to TestComponent inside a test was not wrapped in act(...).
      
      When testing, code that causes React state updates should be wrapped into act(...):
      
      act(() => {
        /* fire events that update state */
      });
      /* assert on the output */
      
      This ensures that you're testing the behavior the user would see in the browser. Learn more at https://reactjs.org/link/wrap-tests-with-act
          at TestComponent (C:\Users\leovp\Programming\adorador\adorador-frontend\node_modules\@testing-library\react\dist\pure.js:329:5)

      20 |       const now = new Date().getTime();
      21 |       const difference = targetTime - now;
    > 22 |       setTimeLeft(difference);
         |       ^
      23 |     };
      24 |
      25 |     updateTimeLeft(); // Actualizar inmediatamente

      at printWarning (node_modules/react-dom/cjs/react-dom.development.js:86:30)
      at error (node_modules/react-dom/cjs/react-dom.development.js:60:7)
      at warnIfUpdatesNotWrappedWithActDEV (node_modules/react-dom/cjs/react-dom.development.js:27628:9)
      at scheduleUpdateOnFiber (node_modules/react-dom/cjs/react-dom.development.js:25547:5)
      at dispatchSetState (node_modules/react-dom/cjs/react-dom.development.js:16708:7)
      at setTimeLeft (src/global/hooks/useEventTimeLeft.tsx:22:7)
      at callTimer (node_modules/@sinonjs/fake-timers/src/fake-timers-src.js:806:24)
      at doTickInner (node_modules/@sinonjs/fake-timers/src/fake-timers-src.js:1413:29)
      at doTick (node_modules/@sinonjs/fake-timers/src/fake-timers-src.js:1494:20)
      at Object.tick (node_modules/@sinonjs/fake-timers/src/fake-timers-src.js:1502:20)
      at FakeTimers.advanceTimersByTime (node_modules/@jest/fake-timers/build/index.js:576:19)
      at Object.advanceTimersByTime (src/global/hooks/__tests__/useEventTimeLeft.test.tsx:224:12)

    console.error
      Warning: An update to TestComponent inside a test was not wrapped in act(...).
      
      When testing, code that causes React state updates should be wrapped into act(...):
      
      act(() => {
        /* fire events that update state */
      });
      /* assert on the output */
      
      This ensures that you're testing the behavior the user would see in the browser. Learn more at https://reactjs.org/link/wrap-tests-with-act
          at TestComponent (C:\Users\leovp\Programming\adorador\adorador-frontend\node_modules\@testing-library\react\dist\pure.js:329:5)

      20 |       const now = new Date().getTime();
      21 |       const difference = targetTime - now;
    > 22 |       setTimeLeft(difference);
         |       ^
      23 |     };
      24 |
      25 |     updateTimeLeft(); // Actualizar inmediatamente

      at printWarning (node_modules/react-dom/cjs/react-dom.development.js:86:30)
      at error (node_modules/react-dom/cjs/react-dom.development.js:60:7)
      at warnIfUpdatesNotWrappedWithActDEV (node_modules/react-dom/cjs/react-dom.development.js:27628:9)
      at scheduleUpdateOnFiber (node_modules/react-dom/cjs/react-dom.development.js:25547:5)
      at dispatchSetState (node_modules/react-dom/cjs/react-dom.development.js:16708:7)
      at setTimeLeft (src/global/hooks/useEventTimeLeft.tsx:22:7)
      at callTimer (node_modules/@sinonjs/fake-timers/src/fake-timers-src.js:806:24)
      at doTickInner (node_modules/@sinonjs/fake-timers/src/fake-timers-src.js:1413:29)
      at doTick (node_modules/@sinonjs/fake-timers/src/fake-timers-src.js:1494:20)
      at Object.tick (node_modules/@sinonjs/fake-timers/src/fake-timers-src.js:1502:20)
      at FakeTimers.advanceTimersByTime (node_modules/@jest/fake-timers/build/index.js:576:19)
      at Object.advanceTimersByTime (src/global/hooks/__tests__/useEventTimeLeft.test.tsx:224:12)

    console.error
      Warning: An update to TestComponent inside a test was not wrapped in act(...).
      
      When testing, code that causes React state updates should be wrapped into act(...):
      
      act(() => {
        /* fire events that update state */
      });
      /* assert on the output */
      
      This ensures that you're testing the behavior the user would see in the browser. Learn more at https://reactjs.org/link/wrap-tests-with-act
          at TestComponent (C:\Users\leovp\Programming\adorador\adorador-frontend\node_modules\@testing-library\react\dist\pure.js:329:5)

      20 |       const now = new Date().getTime();
      21 |       const difference = targetTime - now;
    > 22 |       setTimeLeft(difference);
         |       ^
      23 |     };
      24 |
      25 |     updateTimeLeft(); // Actualizar inmediatamente

      at printWarning (node_modules/react-dom/cjs/react-dom.development.js:86:30)
      at error (node_modules/react-dom/cjs/react-dom.development.js:60:7)
      at warnIfUpdatesNotWrappedWithActDEV (node_modules/react-dom/cjs/react-dom.development.js:27628:9)
      at scheduleUpdateOnFiber (node_modules/react-dom/cjs/react-dom.development.js:25547:5)
      at dispatchSetState (node_modules/react-dom/cjs/react-dom.development.js:16708:7)
      at setTimeLeft (src/global/hooks/useEventTimeLeft.tsx:22:7)
      at callTimer (node_modules/@sinonjs/fake-timers/src/fake-timers-src.js:806:24)
      at doTickInner (node_modules/@sinonjs/fake-timers/src/fake-timers-src.js:1413:29)
      at doTick (node_modules/@sinonjs/fake-timers/src/fake-timers-src.js:1494:20)
      at Object.tick (node_modules/@sinonjs/fake-timers/src/fake-timers-src.js:1502:20)
      at FakeTimers.advanceTimersByTime (node_modules/@jest/fake-timers/build/index.js:576:19)
      at Object.advanceTimersByTime (src/global/hooks/__tests__/useEventTimeLeft.test.tsx:224:12)

    console.error
      Warning: An update to TestComponent inside a test was not wrapped in act(...).
      
      When testing, code that causes React state updates should be wrapped into act(...):
      
      act(() => {
        /* fire events that update state */
      });
      /* assert on the output */
      
      This ensures that you're testing the behavior the user would see in the browser. Learn more at https://reactjs.org/link/wrap-tests-with-act
          at TestComponent (C:\Users\leovp\Programming\adorador\adorador-frontend\node_modules\@testing-library\react\dist\pure.js:329:5)

      20 |       const now = new Date().getTime();
      21 |       const difference = targetTime - now;
    > 22 |       setTimeLeft(difference);
         |       ^
      23 |     };
      24 |
      25 |     updateTimeLeft(); // Actualizar inmediatamente

      at printWarning (node_modules/react-dom/cjs/react-dom.development.js:86:30)
      at error (node_modules/react-dom/cjs/react-dom.development.js:60:7)
      at warnIfUpdatesNotWrappedWithActDEV (node_modules/react-dom/cjs/react-dom.development.js:27628:9)
      at scheduleUpdateOnFiber (node_modules/react-dom/cjs/react-dom.development.js:25547:5)
      at dispatchSetState (node_modules/react-dom/cjs/react-dom.development.js:16708:7)
      at setTimeLeft (src/global/hooks/useEventTimeLeft.tsx:22:7)
      at callTimer (node_modules/@sinonjs/fake-timers/src/fake-timers-src.js:806:24)
      at doTickInner (node_modules/@sinonjs/fake-timers/src/fake-timers-src.js:1413:29)
      at doTick (node_modules/@sinonjs/fake-timers/src/fake-timers-src.js:1494:20)
      at Object.tick (node_modules/@sinonjs/fake-timers/src/fake-timers-src.js:1502:20)
      at Object.runToLast (node_modules/@sinonjs/fake-timers/src/fake-timers-src.js:1661:26)
      at FakeTimers.runOnlyPendingTimers (node_modules/@jest/fake-timers/build/index.js:542:19)
      at Object.runOnlyPendingTimers (src/global/hooks/__tests__/useEventTimeLeft.test.tsx:23:10)

    console.error
      Warning: An update to TestComponent inside a test was not wrapped in act(...).
      
      When testing, code that causes React state updates should be wrapped into act(...):
      
      act(() => {
        /* fire events that update state */
      });
      /* assert on the output */
      
      This ensures that you're testing the behavior the user would see in the browser. Learn more at https://reactjs.org/link/wrap-tests-with-act
          at TestComponent (C:\Users\leovp\Programming\adorador\adorador-frontend\node_modules\@testing-library\react\dist\pure.js:329:5)

      20 |       const now = new Date().getTime();
      21 |       const difference = targetTime - now;
    > 22 |       setTimeLeft(difference);
         |       ^
      23 |     };
      24 |
      25 |     updateTimeLeft(); // Actualizar inmediatamente

      at printWarning (node_modules/react-dom/cjs/react-dom.development.js:86:30)
      at error (node_modules/react-dom/cjs/react-dom.development.js:60:7)
      at warnIfUpdatesNotWrappedWithActDEV (node_modules/react-dom/cjs/react-dom.development.js:27628:9)
      at scheduleUpdateOnFiber (node_modules/react-dom/cjs/react-dom.development.js:25547:5)
      at dispatchSetState (node_modules/react-dom/cjs/react-dom.development.js:16708:7)
      at setTimeLeft (src/global/hooks/useEventTimeLeft.tsx:22:7)
      at callTimer (node_modules/@sinonjs/fake-timers/src/fake-timers-src.js:806:24)
      at doTickInner (node_modules/@sinonjs/fake-timers/src/fake-timers-src.js:1413:29)
      at doTick (node_modules/@sinonjs/fake-timers/src/fake-timers-src.js:1494:20)
      at Object.tick (node_modules/@sinonjs/fake-timers/src/fake-timers-src.js:1502:20)
      at FakeTimers.advanceTimersByTime (node_modules/@jest/fake-timers/build/index.js:576:19)
      at Object.advanceTimersByTime (src/global/hooks/__tests__/useEventTimeLeft.test.tsx:242:12)

    console.error
      Warning: An update to TestComponent inside a test was not wrapped in act(...).
      
      When testing, code that causes React state updates should be wrapped into act(...):
      
      act(() => {
        /* fire events that update state */
      });
      /* assert on the output */
      
      This ensures that you're testing the behavior the user would see in the browser. Learn more at https://reactjs.org/link/wrap-tests-with-act
          at TestComponent (C:\Users\leovp\Programming\adorador\adorador-frontend\node_modules\@testing-library\react\dist\pure.js:329:5)

      20 |       const now = new Date().getTime();
      21 |       const difference = targetTime - now;
    > 22 |       setTimeLeft(difference);
         |       ^
      23 |     };
      24 |
      25 |     updateTimeLeft(); // Actualizar inmediatamente

      at printWarning (node_modules/react-dom/cjs/react-dom.development.js:86:30)
      at error (node_modules/react-dom/cjs/react-dom.development.js:60:7)
      at warnIfUpdatesNotWrappedWithActDEV (node_modules/react-dom/cjs/react-dom.development.js:27628:9)
      at scheduleUpdateOnFiber (node_modules/react-dom/cjs/react-dom.development.js:25547:5)
      at dispatchSetState (node_modules/react-dom/cjs/react-dom.development.js:16708:7)
      at setTimeLeft (src/global/hooks/useEventTimeLeft.tsx:22:7)
      at callTimer (node_modules/@sinonjs/fake-timers/src/fake-timers-src.js:806:24)
      at doTickInner (node_modules/@sinonjs/fake-timers/src/fake-timers-src.js:1413:29)
      at doTick (node_modules/@sinonjs/fake-timers/src/fake-timers-src.js:1494:20)
      at Object.tick (node_modules/@sinonjs/fake-timers/src/fake-timers-src.js:1502:20)
      at Object.runToLast (node_modules/@sinonjs/fake-timers/src/fake-timers-src.js:1661:26)
      at FakeTimers.runOnlyPendingTimers (node_modules/@jest/fake-timers/build/index.js:542:19)
      at Object.runOnlyPendingTimers (src/global/hooks/__tests__/useEventTimeLeft.test.tsx:23:10)

    console.error
      Warning: An update to TestComponent inside a test was not wrapped in act(...).
      
      When testing, code that causes React state updates should be wrapped into act(...):
      
      act(() => {
        /* fire events that update state */
      });
      /* assert on the output */
      
      This ensures that you're testing the behavior the user would see in the browser. Learn more at https://reactjs.org/link/wrap-tests-with-act
          at TestComponent (C:\Users\leovp\Programming\adorador\adorador-frontend\node_modules\@testing-library\react\dist\pure.js:329:5)

      20 |       const now = new Date().getTime();
      21 |       const difference = targetTime - now;
    > 22 |       setTimeLeft(difference);
         |       ^
      23 |     };
      24 |
      25 |     updateTimeLeft(); // Actualizar inmediatamente

      at printWarning (node_modules/react-dom/cjs/react-dom.development.js:86:30)
      at error (node_modules/react-dom/cjs/react-dom.development.js:60:7)
      at warnIfUpdatesNotWrappedWithActDEV (node_modules/react-dom/cjs/react-dom.development.js:27628:9)
      at scheduleUpdateOnFiber (node_modules/react-dom/cjs/react-dom.development.js:25547:5)
      at dispatchSetState (node_modules/react-dom/cjs/react-dom.development.js:16708:7)
      at setTimeLeft (src/global/hooks/useEventTimeLeft.tsx:22:7)
      at callTimer (node_modules/@sinonjs/fake-timers/src/fake-timers-src.js:806:24)
      at doTickInner (node_modules/@sinonjs/fake-timers/src/fake-timers-src.js:1413:29)
      at doTick (node_modules/@sinonjs/fake-timers/src/fake-timers-src.js:1494:20)
      at Object.tick (node_modules/@sinonjs/fake-timers/src/fake-timers-src.js:1502:20)
      at FakeTimers.advanceTimersByTime (node_modules/@jest/fake-timers/build/index.js:576:19)
      at Object.advanceTimersByTime (src/global/hooks/__tests__/useEventTimeLeft.test.tsx:261:14)

    console.error
      Warning: An update to TestComponent inside a test was not wrapped in act(...).
      
      When testing, code that causes React state updates should be wrapped into act(...):
      
      act(() => {
        /* fire events that update state */
      });
      /* assert on the output */
      
      This ensures that you're testing the behavior the user would see in the browser. Learn more at https://reactjs.org/link/wrap-tests-with-act
          at TestComponent (C:\Users\leovp\Programming\adorador\adorador-frontend\node_modules\@testing-library\react\dist\pure.js:329:5)

      20 |       const now = new Date().getTime();
      21 |       const difference = targetTime - now;
    > 22 |       setTimeLeft(difference);
         |       ^
      23 |     };
      24 |
      25 |     updateTimeLeft(); // Actualizar inmediatamente

      at printWarning (node_modules/react-dom/cjs/react-dom.development.js:86:30)
      at error (node_modules/react-dom/cjs/react-dom.development.js:60:7)
      at warnIfUpdatesNotWrappedWithActDEV (node_modules/react-dom/cjs/react-dom.development.js:27628:9)
      at scheduleUpdateOnFiber (node_modules/react-dom/cjs/react-dom.development.js:25547:5)
      at dispatchSetState (node_modules/react-dom/cjs/react-dom.development.js:16708:7)
      at setTimeLeft (src/global/hooks/useEventTimeLeft.tsx:22:7)
      at callTimer (node_modules/@sinonjs/fake-timers/src/fake-timers-src.js:806:24)
      at doTickInner (node_modules/@sinonjs/fake-timers/src/fake-timers-src.js:1413:29)
      at doTick (node_modules/@sinonjs/fake-timers/src/fake-timers-src.js:1494:20)
      at Object.tick (node_modules/@sinonjs/fake-timers/src/fake-timers-src.js:1502:20)
      at FakeTimers.advanceTimersByTime (node_modules/@jest/fake-timers/build/index.js:576:19)
      at Object.advanceTimersByTime (src/global/hooks/__tests__/useEventTimeLeft.test.tsx:261:14)

    console.error
      Warning: An update to TestComponent inside a test was not wrapped in act(...).
      
      When testing, code that causes React state updates should be wrapped into act(...):
      
      act(() => {
        /* fire events that update state */
      });
      /* assert on the output */
      
      This ensures that you're testing the behavior the user would see in the browser. Learn more at https://reactjs.org/link/wrap-tests-with-act
          at TestComponent (C:\Users\leovp\Programming\adorador\adorador-frontend\node_modules\@testing-library\react\dist\pure.js:329:5)

      20 |       const now = new Date().getTime();
      21 |       const difference = targetTime - now;
    > 22 |       setTimeLeft(difference);
         |       ^
      23 |     };
      24 |
      25 |     updateTimeLeft(); // Actualizar inmediatamente

      at printWarning (node_modules/react-dom/cjs/react-dom.development.js:86:30)
      at error (node_modules/react-dom/cjs/react-dom.development.js:60:7)
      at warnIfUpdatesNotWrappedWithActDEV (node_modules/react-dom/cjs/react-dom.development.js:27628:9)
      at scheduleUpdateOnFiber (node_modules/react-dom/cjs/react-dom.development.js:25547:5)
      at dispatchSetState (node_modules/react-dom/cjs/react-dom.development.js:16708:7)
      at setTimeLeft (src/global/hooks/useEventTimeLeft.tsx:22:7)
      at callTimer (node_modules/@sinonjs/fake-timers/src/fake-timers-src.js:806:24)
      at doTickInner (node_modules/@sinonjs/fake-timers/src/fake-timers-src.js:1413:29)
      at doTick (node_modules/@sinonjs/fake-timers/src/fake-timers-src.js:1494:20)
      at Object.tick (node_modules/@sinonjs/fake-timers/src/fake-timers-src.js:1502:20)
      at FakeTimers.advanceTimersByTime (node_modules/@jest/fake-timers/build/index.js:576:19)
      at Object.advanceTimersByTime (src/global/hooks/__tests__/useEventTimeLeft.test.tsx:261:14)

    console.error
      Warning: An update to TestComponent inside a test was not wrapped in act(...).
      
      When testing, code that causes React state updates should be wrapped into act(...):
      
      act(() => {
        /* fire events that update state */
      });
      /* assert on the output */
      
      This ensures that you're testing the behavior the user would see in the browser. Learn more at https://reactjs.org/link/wrap-tests-with-act
          at TestComponent (C:\Users\leovp\Programming\adorador\adorador-frontend\node_modules\@testing-library\react\dist\pure.js:329:5)

      20 |       const now = new Date().getTime();
      21 |       const difference = targetTime - now;
    > 22 |       setTimeLeft(difference);
         |       ^
      23 |     };
      24 |
      25 |     updateTimeLeft(); // Actualizar inmediatamente

      at printWarning (node_modules/react-dom/cjs/react-dom.development.js:86:30)
      at error (node_modules/react-dom/cjs/react-dom.development.js:60:7)
      at warnIfUpdatesNotWrappedWithActDEV (node_modules/react-dom/cjs/react-dom.development.js:27628:9)
      at scheduleUpdateOnFiber (node_modules/react-dom/cjs/react-dom.development.js:25547:5)
      at dispatchSetState (node_modules/react-dom/cjs/react-dom.development.js:16708:7)
      at setTimeLeft (src/global/hooks/useEventTimeLeft.tsx:22:7)
      at callTimer (node_modules/@sinonjs/fake-timers/src/fake-timers-src.js:806:24)
      at doTickInner (node_modules/@sinonjs/fake-timers/src/fake-timers-src.js:1413:29)
      at doTick (node_modules/@sinonjs/fake-timers/src/fake-timers-src.js:1494:20)
      at Object.tick (node_modules/@sinonjs/fake-timers/src/fake-timers-src.js:1502:20)
      at FakeTimers.advanceTimersByTime (node_modules/@jest/fake-timers/build/index.js:576:19)
      at Object.advanceTimersByTime (src/global/hooks/__tests__/useEventTimeLeft.test.tsx:261:14)

    console.error
      Warning: An update to TestComponent inside a test was not wrapped in act(...).
      
      When testing, code that causes React state updates should be wrapped into act(...):
      
      act(() => {
        /* fire events that update state */
      });
      /* assert on the output */
      
      This ensures that you're testing the behavior the user would see in the browser. Learn more at https://reactjs.org/link/wrap-tests-with-act
          at TestComponent (C:\Users\leovp\Programming\adorador\adorador-frontend\node_modules\@testing-library\react\dist\pure.js:329:5)

      20 |       const now = new Date().getTime();
      21 |       const difference = targetTime - now;
    > 22 |       setTimeLeft(difference);
         |       ^
      23 |     };
      24 |
      25 |     updateTimeLeft(); // Actualizar inmediatamente

      at printWarning (node_modules/react-dom/cjs/react-dom.development.js:86:30)
      at error (node_modules/react-dom/cjs/react-dom.development.js:60:7)
      at warnIfUpdatesNotWrappedWithActDEV (node_modules/react-dom/cjs/react-dom.development.js:27628:9)
      at scheduleUpdateOnFiber (node_modules/react-dom/cjs/react-dom.development.js:25547:5)
      at dispatchSetState (node_modules/react-dom/cjs/react-dom.development.js:16708:7)
      at setTimeLeft (src/global/hooks/useEventTimeLeft.tsx:22:7)
      at callTimer (node_modules/@sinonjs/fake-timers/src/fake-timers-src.js:806:24)
      at doTickInner (node_modules/@sinonjs/fake-timers/src/fake-timers-src.js:1413:29)
      at doTick (node_modules/@sinonjs/fake-timers/src/fake-timers-src.js:1494:20)
      at Object.tick (node_modules/@sinonjs/fake-timers/src/fake-timers-src.js:1502:20)
      at FakeTimers.advanceTimersByTime (node_modules/@jest/fake-timers/build/index.js:576:19)
      at Object.advanceTimersByTime (src/global/hooks/__tests__/useEventTimeLeft.test.tsx:261:14)

    console.error
      Warning: An update to TestComponent inside a test was not wrapped in act(...).
      
      When testing, code that causes React state updates should be wrapped into act(...):
      
      act(() => {
        /* fire events that update state */
      });
      /* assert on the output */
      
      This ensures that you're testing the behavior the user would see in the browser. Learn more at https://reactjs.org/link/wrap-tests-with-act
          at TestComponent (C:\Users\leovp\Programming\adorador\adorador-frontend\node_modules\@testing-library\react\dist\pure.js:329:5)

      20 |       const now = new Date().getTime();
      21 |       const difference = targetTime - now;
    > 22 |       setTimeLeft(difference);
         |       ^
      23 |     };
      24 |
      25 |     updateTimeLeft(); // Actualizar inmediatamente

      at printWarning (node_modules/react-dom/cjs/react-dom.development.js:86:30)
      at error (node_modules/react-dom/cjs/react-dom.development.js:60:7)
      at warnIfUpdatesNotWrappedWithActDEV (node_modules/react-dom/cjs/react-dom.development.js:27628:9)
      at scheduleUpdateOnFiber (node_modules/react-dom/cjs/react-dom.development.js:25547:5)
      at dispatchSetState (node_modules/react-dom/cjs/react-dom.development.js:16708:7)
      at setTimeLeft (src/global/hooks/useEventTimeLeft.tsx:22:7)
      at callTimer (node_modules/@sinonjs/fake-timers/src/fake-timers-src.js:806:24)
      at doTickInner (node_modules/@sinonjs/fake-timers/src/fake-timers-src.js:1413:29)
      at doTick (node_modules/@sinonjs/fake-timers/src/fake-timers-src.js:1494:20)
      at Object.tick (node_modules/@sinonjs/fake-timers/src/fake-timers-src.js:1502:20)
      at Object.runToLast (node_modules/@sinonjs/fake-timers/src/fake-timers-src.js:1661:26)
      at FakeTimers.runOnlyPendingTimers (node_modules/@jest/fake-timers/build/index.js:542:19)
      at Object.runOnlyPendingTimers (src/global/hooks/__tests__/useEventTimeLeft.test.tsx:23:10)

    console.error
      Warning: An update to TestComponent inside a test was not wrapped in act(...).
      
      When testing, code that causes React state updates should be wrapped into act(...):
      
      act(() => {
        /* fire events that update state */
      });
      /* assert on the output */
      
      This ensures that you're testing the behavior the user would see in the browser. Learn more at https://reactjs.org/link/wrap-tests-with-act
          at TestComponent (C:\Users\leovp\Programming\adorador\adorador-frontend\node_modules\@testing-library\react\dist\pure.js:329:5)

      20 |       const now = new Date().getTime();
      21 |       const difference = targetTime - now;
    > 22 |       setTimeLeft(difference);
         |       ^
      23 |     };
      24 |
      25 |     updateTimeLeft(); // Actualizar inmediatamente

      at printWarning (node_modules/react-dom/cjs/react-dom.development.js:86:30)
      at error (node_modules/react-dom/cjs/react-dom.development.js:60:7)
      at warnIfUpdatesNotWrappedWithActDEV (node_modules/react-dom/cjs/react-dom.development.js:27628:9)
      at scheduleUpdateOnFiber (node_modules/react-dom/cjs/react-dom.development.js:25547:5)
      at dispatchSetState (node_modules/react-dom/cjs/react-dom.development.js:16708:7)
      at setTimeLeft (src/global/hooks/useEventTimeLeft.tsx:22:7)
      at callTimer (node_modules/@sinonjs/fake-timers/src/fake-timers-src.js:806:24)
      at doTickInner (node_modules/@sinonjs/fake-timers/src/fake-timers-src.js:1413:29)
      at doTick (node_modules/@sinonjs/fake-timers/src/fake-timers-src.js:1494:20)
      at Object.tick (node_modules/@sinonjs/fake-timers/src/fake-timers-src.js:1502:20)
      at Object.runToLast (node_modules/@sinonjs/fake-timers/src/fake-timers-src.js:1661:26)
      at FakeTimers.runOnlyPendingTimers (node_modules/@jest/fake-timers/build/index.js:542:19)
      at Object.runOnlyPendingTimers (src/global/hooks/__tests__/useEventTimeLeft.test.tsx:23:10)

    console.error
      Warning: An update to TestComponent inside a test was not wrapped in act(...).
      
      When testing, code that causes React state updates should be wrapped into act(...):
      
      act(() => {
        /* fire events that update state */
      });
      /* assert on the output */
      
      This ensures that you're testing the behavior the user would see in the browser. Learn more at https://reactjs.org/link/wrap-tests-with-act
          at TestComponent (C:\Users\leovp\Programming\adorador\adorador-frontend\node_modules\@testing-library\react\dist\pure.js:329:5)

      20 |       const now = new Date().getTime();
      21 |       const difference = targetTime - now;
    > 22 |       setTimeLeft(difference);
         |       ^
      23 |     };
      24 |
      25 |     updateTimeLeft(); // Actualizar inmediatamente

      at printWarning (node_modules/react-dom/cjs/react-dom.development.js:86:30)
      at error (node_modules/react-dom/cjs/react-dom.development.js:60:7)
      at warnIfUpdatesNotWrappedWithActDEV (node_modules/react-dom/cjs/react-dom.development.js:27628:9)
      at scheduleUpdateOnFiber (node_modules/react-dom/cjs/react-dom.development.js:25547:5)
      at dispatchSetState (node_modules/react-dom/cjs/react-dom.development.js:16708:7)
      at setTimeLeft (src/global/hooks/useEventTimeLeft.tsx:22:7)
      at callTimer (node_modules/@sinonjs/fake-timers/src/fake-timers-src.js:806:24)
      at doTickInner (node_modules/@sinonjs/fake-timers/src/fake-timers-src.js:1413:29)
      at doTick (node_modules/@sinonjs/fake-timers/src/fake-timers-src.js:1494:20)
      at Object.tick (node_modules/@sinonjs/fake-timers/src/fake-timers-src.js:1502:20)
      at Object.runToLast (node_modules/@sinonjs/fake-timers/src/fake-timers-src.js:1661:26)
      at FakeTimers.runOnlyPendingTimers (node_modules/@jest/fake-timers/build/index.js:542:19)
      at Object.runOnlyPendingTimers (src/global/hooks/__tests__/useEventTimeLeft.test.tsx:23:10)

    console.error
      Warning: An update to TestComponent inside a test was not wrapped in act(...).
      
      When testing, code that causes React state updates should be wrapped into act(...):
      
      act(() => {
        /* fire events that update state */
      });
      /* assert on the output */
      
      This ensures that you're testing the behavior the user would see in the browser. Learn more at https://reactjs.org/link/wrap-tests-with-act
          at TestComponent (C:\Users\leovp\Programming\adorador\adorador-frontend\node_modules\@testing-library\react\dist\pure.js:329:5)

      20 |       const now = new Date().getTime();
      21 |       const difference = targetTime - now;
    > 22 |       setTimeLeft(difference);
         |       ^
      23 |     };
      24 |
      25 |     updateTimeLeft(); // Actualizar inmediatamente

      at printWarning (node_modules/react-dom/cjs/react-dom.development.js:86:30)
      at error (node_modules/react-dom/cjs/react-dom.development.js:60:7)
      at warnIfUpdatesNotWrappedWithActDEV (node_modules/react-dom/cjs/react-dom.development.js:27628:9)
      at scheduleUpdateOnFiber (node_modules/react-dom/cjs/react-dom.development.js:25547:5)
      at dispatchSetState (node_modules/react-dom/cjs/react-dom.development.js:16708:7)
      at setTimeLeft (src/global/hooks/useEventTimeLeft.tsx:22:7)
      at callTimer (node_modules/@sinonjs/fake-timers/src/fake-timers-src.js:806:24)
      at doTickInner (node_modules/@sinonjs/fake-timers/src/fake-timers-src.js:1413:29)
      at doTick (node_modules/@sinonjs/fake-timers/src/fake-timers-src.js:1494:20)
      at Object.tick (node_modules/@sinonjs/fake-timers/src/fake-timers-src.js:1502:20)
      at Object.runToLast (node_modules/@sinonjs/fake-timers/src/fake-timers-src.js:1661:26)
      at FakeTimers.runOnlyPendingTimers (node_modules/@jest/fake-timers/build/index.js:542:19)
      at Object.runOnlyPendingTimers (src/global/hooks/__tests__/useEventTimeLeft.test.tsx:23:10)

PASS src/app/(public)/feed/_components/__tests__/CreatePostCollapsedView.test.tsx (6.279 s)
PASS src/app/(public)/grupos/[bandId]/canciones/[songId]/_components/__tests__/MiniLyricsEditor.test.tsx (7.214 s)
PASS src/app/(public)/grupos/_components/__tests__/EventsSection.test.tsx (8.299 s)
PASS src/app/(public)/(home)/_components/__tests__/FeaturesSection.test.tsx (8.849 s)
PASS src/app/(public)/grupos/[bandId]/eventos/_services/__tests__/eventsOfBandService.test.tsx (6.509 s)
PASS src/app/(public)/feed/_components/__tests__/CommentItem.test.tsx
PASS src/app/(public)/auth/login/_components/__tests__/LoginForm.test.tsx
PASS src/app/(public)/feed/_hooks/__tests__/useCreatePostForm.test.tsx
PASS src/app/(public)/grupos/[bandId]/canciones/[songId]/_components/__tests__/ChordDisplay.test.tsx
PASS src/app/(public)/feed/_components/__tests__/CommentReplyForm.test.tsx
  ΓùÅ Console

    console.error
      Warning: React does not recognize the `startContent` prop on a DOM element. If you intentionally want it to appear in the DOM as a custom attribute, spell it as lowercase `startcontent` instead. If you accidentally passed it from a parent component, remove it from the DOM element.
          at button
          at children (C:\Users\leovp\Programming\adorador\adorador-frontend\src\app\(public)\feed\_components\__tests__\CommentReplyForm.test.tsx:7:9)
          at div
          at div
          at div
          at newComment (C:\Users\leovp\Programming\adorador\adorador-frontend\src\app\(public)\feed\_components\CommentReplyForm.tsx:18:5)

      64 |
      65 |     it('renderiza el formulario correctamente', () => {
    > 66 |         render(<CommentReplyForm {...defaultProps} />);
         |               ^
      67 |
      68 |         expect(
      69 |             screen.getByPlaceholderText('Escribe una respuesta...'),

      at printWarning (node_modules/react-dom/cjs/react-dom.development.js:86:30)
      at error (node_modules/react-dom/cjs/react-dom.development.js:60:7)
      at validateProperty$1 (node_modules/react-dom/cjs/react-dom.development.js:3757:7)
      at warnUnknownProperties (node_modules/react-dom/cjs/react-dom.development.js:3803:21)
      at validateProperties$2 (node_modules/react-dom/cjs/react-dom.development.js:3827:3)
      at validatePropertiesInDevelopment (node_modules/react-dom/cjs/react-dom.development.js:9541:5)
      at setInitialProperties (node_modules/react-dom/cjs/react-dom.development.js:9830:5)
      at finalizeInitialChildren (node_modules/react-dom/cjs/react-dom.development.js:10950:3)
      at completeWork (node_modules/react-dom/cjs/react-dom.development.js:22232:17)
      at completeUnitOfWork (node_modules/react-dom/cjs/react-dom.development.js:26632:16)
      at performUnitOfWork (node_modules/react-dom/cjs/react-dom.development.js:26607:5)
      at workLoopSync (node_modules/react-dom/cjs/react-dom.development.js:26505:5)
      at renderRootSync (node_modules/react-dom/cjs/react-dom.development.js:26473:7)
      at performConcurrentWorkOnRoot (node_modules/react-dom/cjs/react-dom.development.js:25777:74)
      at flushActQueue (node_modules/react/cjs/react.development.js:2667:24)
      at act (node_modules/react/cjs/react.development.js:2582:11)
      at node_modules/@testing-library/react/dist/act-compat.js:47:25
      at renderRoot (node_modules/@testing-library/react/dist/pure.js:190:26)
      at render (node_modules/@testing-library/react/dist/pure.js:292:10)
      at Object.<anonymous> (C:\Users\leovp\Programming\adorador\adorador-frontend\src\app\(public)../../../../../feed/_components/__tests__/CommentReplyForm.test.tsx:66:15)

PASS src/global/services/__tests__/HandleAPI.reactquery.test.tsx
PASS src/app/(public)/_ui/header/__tests__/Header.test.tsx
PASS src/app/(public)/grupos/[bandId]/canciones/_components/__tests__/AddSongToEventModal.test.tsx
PASS src/global/utils/__tests__/handleLocalStorage.test.ts
PASS src/app/(public)/feed/_components/__tests__/BlessingButton.test.tsx
PASS src/app/(public)/grupos/[bandId]/eventos/[eventId]/en-vivo/_hooks/__tests__/useEditEvent.queryInvalidation.test.tsx
PASS src/app/(public)/grupos/[bandId]/canciones/_components/musicPlayer/__tests__/PlayerControls.test.tsx
PASS src/app/(public)/feed/_components/__tests__/PostCard.test.tsx (5.261 s)
PASS src/app/(public)/grupos/[bandId]/canciones/_hooks/__tests__/useEditSong.queryInvalidation.test.tsx
PASS src/app/(public)/auth/sign-up/_components/__tests__/SignUpForm.test.tsx
PASS src/global/icons/__tests__/Icons.test.tsx (5.381 s)
  ΓùÅ Console

    console.error
      Warning: Invalid DOM property `stroke-linecap`. Did you mean `strokeLinecap`?
          at g
          at svg
          at CopyIcon

      132 |   describe('CopyIcon', () => {
      133 |     it('should render without crashing', () => {
    > 134 |       const { container } = render(<CopyIcon />);
          |                                   ^
      135 |       expect(container.querySelector('svg')).toBeInTheDocument();
      136 |     });
      137 |   });

      at printWarning (node_modules/react-dom/cjs/react-dom.development.js:86:30)
      at error (node_modules/react-dom/cjs/react-dom.development.js:60:7)
      at validateProperty$1 (node_modules/react-dom/cjs/react-dom.development.js:3749:9)
      at warnUnknownProperties (node_modules/react-dom/cjs/react-dom.development.js:3803:21)
      at validateProperties$2 (node_modules/react-dom/cjs/react-dom.development.js:3827:3)
      at validatePropertiesInDevelopment (node_modules/react-dom/cjs/react-dom.development.js:9541:5)
      at setInitialProperties (node_modules/react-dom/cjs/react-dom.development.js:9830:5)
      at finalizeInitialChildren (node_modules/react-dom/cjs/react-dom.development.js:10950:3)
      at completeWork (node_modules/react-dom/cjs/react-dom.development.js:22232:17)
      at completeUnitOfWork (node_modules/react-dom/cjs/react-dom.development.js:26632:16)
      at performUnitOfWork (node_modules/react-dom/cjs/react-dom.development.js:26607:5)
      at workLoopSync (node_modules/react-dom/cjs/react-dom.development.js:26505:5)
      at renderRootSync (node_modules/react-dom/cjs/react-dom.development.js:26473:7)
      at performConcurrentWorkOnRoot (node_modules/react-dom/cjs/react-dom.development.js:25777:74)
      at flushActQueue (node_modules/react/cjs/react.development.js:2667:24)
      at act (node_modules/react/cjs/react.development.js:2582:11)
      at node_modules/@testing-library/react/dist/act-compat.js:47:25
      at renderRoot (node_modules/@testing-library/react/dist/pure.js:190:26)
      at render (node_modules/@testing-library/react/dist/pure.js:292:10)
      at Object.<anonymous> (src/global/icons/__tests__/Icons.test.tsx:134:35)

    console.error
      Warning: Invalid DOM property `stroke-linejoin`. Did you mean `strokeLinejoin`?
          at g
          at svg
          at CopyIcon

      132 |   describe('CopyIcon', () => {
      133 |     it('should render without crashing', () => {
    > 134 |       const { container } = render(<CopyIcon />);
          |                                   ^
      135 |       expect(container.querySelector('svg')).toBeInTheDocument();
      136 |     });
      137 |   });

      at printWarning (node_modules/react-dom/cjs/react-dom.development.js:86:30)
      at error (node_modules/react-dom/cjs/react-dom.development.js:60:7)
      at validateProperty$1 (node_modules/react-dom/cjs/react-dom.development.js:3749:9)
      at warnUnknownProperties (node_modules/react-dom/cjs/react-dom.development.js:3803:21)
      at validateProperties$2 (node_modules/react-dom/cjs/react-dom.development.js:3827:3)
      at validatePropertiesInDevelopment (node_modules/react-dom/cjs/react-dom.development.js:9541:5)
      at setInitialProperties (node_modules/react-dom/cjs/react-dom.development.js:9830:5)
      at finalizeInitialChildren (node_modules/react-dom/cjs/react-dom.development.js:10950:3)
      at completeWork (node_modules/react-dom/cjs/react-dom.development.js:22232:17)
      at completeUnitOfWork (node_modules/react-dom/cjs/react-dom.development.js:26632:16)
      at performUnitOfWork (node_modules/react-dom/cjs/react-dom.development.js:26607:5)
      at workLoopSync (node_modules/react-dom/cjs/react-dom.development.js:26505:5)
      at renderRootSync (node_modules/react-dom/cjs/react-dom.development.js:26473:7)
      at performConcurrentWorkOnRoot (node_modules/react-dom/cjs/react-dom.development.js:25777:74)
      at flushActQueue (node_modules/react/cjs/react.development.js:2667:24)
      at act (node_modules/react/cjs/react.development.js:2582:11)
      at node_modules/@testing-library/react/dist/act-compat.js:47:25
      at renderRoot (node_modules/@testing-library/react/dist/pure.js:190:26)
      at render (node_modules/@testing-library/react/dist/pure.js:292:10)
      at Object.<anonymous> (src/global/icons/__tests__/Icons.test.tsx:134:35)

    console.error
      Warning: Invalid DOM property `stroke-width`. Did you mean `strokeWidth`?
          at g
          at svg
          at CopyIcon

      132 |   describe('CopyIcon', () => {
      133 |     it('should render without crashing', () => {
    > 134 |       const { container } = render(<CopyIcon />);
          |                                   ^
      135 |       expect(container.querySelector('svg')).toBeInTheDocument();
      136 |     });
      137 |   });

      at printWarning (node_modules/react-dom/cjs/react-dom.development.js:86:30)
      at error (node_modules/react-dom/cjs/react-dom.development.js:60:7)
      at validateProperty$1 (node_modules/react-dom/cjs/react-dom.development.js:3749:9)
      at warnUnknownProperties (node_modules/react-dom/cjs/react-dom.development.js:3803:21)
      at validateProperties$2 (node_modules/react-dom/cjs/react-dom.development.js:3827:3)
      at validatePropertiesInDevelopment (node_modules/react-dom/cjs/react-dom.development.js:9541:5)
      at setInitialProperties (node_modules/react-dom/cjs/react-dom.development.js:9830:5)
      at finalizeInitialChildren (node_modules/react-dom/cjs/react-dom.development.js:10950:3)
      at completeWork (node_modules/react-dom/cjs/react-dom.development.js:22232:17)
      at completeUnitOfWork (node_modules/react-dom/cjs/react-dom.development.js:26632:16)
      at performUnitOfWork (node_modules/react-dom/cjs/react-dom.development.js:26607:5)
      at workLoopSync (node_modules/react-dom/cjs/react-dom.development.js:26505:5)
      at renderRootSync (node_modules/react-dom/cjs/react-dom.development.js:26473:7)
      at performConcurrentWorkOnRoot (node_modules/react-dom/cjs/react-dom.development.js:25777:74)
      at flushActQueue (node_modules/react/cjs/react.development.js:2667:24)
      at act (node_modules/react/cjs/react.development.js:2582:11)
      at node_modules/@testing-library/react/dist/act-compat.js:47:25
      at renderRoot (node_modules/@testing-library/react/dist/pure.js:190:26)
      at render (node_modules/@testing-library/react/dist/pure.js:292:10)
      at Object.<anonymous> (src/global/icons/__tests__/Icons.test.tsx:134:35)

PASS src/global/hooks/__tests__/useIsClient.test.tsx (5.026 s)
PASS src/global/utils/__tests__/jwtUtils.test.ts (5.881 s)
  ΓùÅ Console

    console.log
      [JWT] Renovaci├│n programada ejecut├índose...

      at log (src/global/utils/jwtUtils.ts:160:35)

    console.log
      [JWT] Renovaci├│n programada ejecut├índose...

      at log (src/global/utils/jwtUtils.ts:160:35)

    console.log
      [JWT] Renovaci├│n programada ejecut├índose...

      at log (src/global/utils/jwtUtils.ts:160:35)

    console.log
      [JWT] Token considerado expirado: { timeToActualExpiry: '-600s', bufferUsed: '180s' }

      at log (src/global/utils/jwtUtils.ts:56:33)

    console.log
      [JWT] Token considerado expirado: { timeToActualExpiry: '30s', bufferUsed: '180s' }

      at log (src/global/utils/jwtUtils.ts:56:33)

    console.log
      [JWT] Token considerado expirado: { timeToActualExpiry: '120s', bufferUsed: '180s' }

      at log (src/global/utils/jwtUtils.ts:56:33)

    console.error
      Error parsing JWT token: SyntaxError: Unexpected token '┬╢', "┬╢┬ë" is not valid JSON
          at JSON.parse (<anonymous>)
          at parse (C:\Users\leovp\Programming\adorador\adorador-frontend\src\global\utils\jwtUtils.ts:75:26)
          at Object.<anonymous> (C:\Users\leovp\Programming\adorador\adorador-frontend\src\global\utils\__tests__\jwtUtils.test.ts:235:52)
          at Promise.finally.completed (C:\Users\leovp\Programming\adorador\adorador-frontend\node_modules\jest-circus\build\jestAdapterInit.js:1557:28)
          at new Promise (<anonymous>)
          at callAsyncCircusFn (C:\Users\leovp\Programming\adorador\adorador-frontend\node_modules\jest-circus\build\jestAdapterInit.js:1497:10)
          at _callCircusTest (C:\Users\leovp\Programming\adorador\adorador-frontend\node_modules\jest-circus\build\jestAdapterInit.js:1007:40)
          at processTicksAndRejections (node:internal/process/task_queues:95:5)
          at _runTest (C:\Users\leovp\Programming\adorador\adorador-frontend\node_modules\jest-circus\build\jestAdapterInit.js:947:3)
          at C:\Users\leovp\Programming\adorador\adorador-frontend\node_modules\jest-circus\build\jestAdapterInit.js:849:7
          at _runTestsForDescribeBlock (C:\Users\leovp\Programming\adorador\adorador-frontend\node_modules\jest-circus\build\jestAdapterInit.js:862:11)
          at _runTestsForDescribeBlock (C:\Users\leovp\Programming\adorador\adorador-frontend\node_modules\jest-circus\build\jestAdapterInit.js:857:11)
          at _runTestsForDescribeBlock (C:\Users\leovp\Programming\adorador\adorador-frontend\node_modules\jest-circus\build\jestAdapterInit.js:857:11)
          at run (C:\Users\leovp\Programming\adorador\adorador-frontend\node_modules\jest-circus\build\jestAdapterInit.js:761:3)
          at runAndTransformResultsToJestFormat (C:\Users\leovp\Programming\adorador\adorador-frontend\node_modules\jest-circus\build\jestAdapterInit.js:1918:21)
          at jestAdapter (C:\Users\leovp\Programming\adorador\adorador-frontend\node_modules\jest-circus\build\runner.js:101:19)
          at runTestInternal (C:\Users\leovp\Programming\adorador\adorador-frontend\node_modules\jest-runner\build\testWorker.js:277:16)
          at runTest (C:\Users\leovp\Programming\adorador\adorador-frontend\node_modules\jest-runner\build\testWorker.js:345:7)
          at Object.worker (C:\Users\leovp\Programming\adorador\adorador-frontend\node_modules\jest-runner\build\testWorker.js:499:12)

      76 |     return payload.exp * 1000; // Convertir de segundos a millisegundos
      77 |   } catch (error) {
    > 78 |     /* eslint-disable */console.error(...oo_tx(`996524751_78_4_78_52_11`,'Error parsing JWT token:', error));
         |                                 ^
      79 |     return Date.now(); // Si hay error, consideramos que ha expirado
      80 |   }
      81 | };

      at error (src/global/utils/jwtUtils.ts:78:33)
      at Object.<anonymous> (src/global/utils/__tests__/jwtUtils.test.ts:235:52)

    console.error
      Error parsing JWT token: Error: Invalid base64
          at C:\Users\leovp\Programming\adorador\adorador-frontend\src\global\utils\__tests__\jwtUtils.test.ts:245:15
          at C:\Users\leovp\Programming\adorador\adorador-frontend\node_modules\jest-mock\build\index.js:305:39
          at C:\Users\leovp\Programming\adorador\adorador-frontend\node_modules\jest-mock\build\index.js:312:13
          at mockConstructor (C:\Users\leovp\Programming\adorador\adorador-frontend\node_modules\jest-mock\build\index.js:102:19)
          at atob (C:\Users\leovp\Programming\adorador\adorador-frontend\src\global\utils\jwtUtils.ts:75:32)
          at Object.<anonymous> (C:\Users\leovp\Programming\adorador\adorador-frontend\src\global\utils\__tests__\jwtUtils.test.ts:249:52)
          at Promise.finally.completed (C:\Users\leovp\Programming\adorador\adorador-frontend\node_modules\jest-circus\build\jestAdapterInit.js:1557:28)
          at new Promise (<anonymous>)
          at callAsyncCircusFn (C:\Users\leovp\Programming\adorador\adorador-frontend\node_modules\jest-circus\build\jestAdapterInit.js:1497:10)
          at _callCircusTest (C:\Users\leovp\Programming\adorador\adorador-frontend\node_modules\jest-circus\build\jestAdapterInit.js:1007:40)
          at processTicksAndRejections (node:internal/process/task_queues:95:5)
          at _runTest (C:\Users\leovp\Programming\adorador\adorador-frontend\node_modules\jest-circus\build\jestAdapterInit.js:947:3)
          at C:\Users\leovp\Programming\adorador\adorador-frontend\node_modules\jest-circus\build\jestAdapterInit.js:849:7
          at _runTestsForDescribeBlock (C:\Users\leovp\Programming\adorador\adorador-frontend\node_modules\jest-circus\build\jestAdapterInit.js:862:11)
          at _runTestsForDescribeBlock (C:\Users\leovp\Programming\adorador\adorador-frontend\node_modules\jest-circus\build\jestAdapterInit.js:857:11)
          at _runTestsForDescribeBlock (C:\Users\leovp\Programming\adorador\adorador-frontend\node_modules\jest-circus\build\jestAdapterInit.js:857:11)
          at run (C:\Users\leovp\Programming\adorador\adorador-frontend\node_modules\jest-circus\build\jestAdapterInit.js:761:3)
          at runAndTransformResultsToJestFormat (C:\Users\leovp\Programming\adorador\adorador-frontend\node_modules\jest-circus\build\jestAdapterInit.js:1918:21)
          at jestAdapter (C:\Users\leovp\Programming\adorador\adorador-frontend\node_modules\jest-circus\build\runner.js:101:19)
          at runTestInternal (C:\Users\leovp\Programming\adorador\adorador-frontend\node_modules\jest-runner\build\testWorker.js:277:16)
          at runTest (C:\Users\leovp\Programming\adorador\adorador-frontend\node_modules\jest-runner\build\testWorker.js:345:7)
          at Object.worker (C:\Users\leovp\Programming\adorador\adorador-frontend\node_modules\jest-runner\build\testWorker.js:499:12)

      76 |     return payload.exp * 1000; // Convertir de segundos a millisegundos
      77 |   } catch (error) {
    > 78 |     /* eslint-disable */console.error(...oo_tx(`996524751_78_4_78_52_11`,'Error parsing JWT token:', error));
         |                                 ^
      79 |     return Date.now(); // Si hay error, consideramos que ha expirado
      80 |   }
      81 | };

      at error (src/global/utils/jwtUtils.ts:78:33)
      at Object.<anonymous> (src/global/utils/__tests__/jwtUtils.test.ts:249:52)

    console.log
      [JWT] Token considerado expirado: { timeToActualExpiry: '-600s', bufferUsed: '180s' }

      at log (src/global/utils/jwtUtils.ts:56:33)

    console.log
      [JWT] Token renovado exitosamente

      at log (src/global/utils/jwtUtils.ts:203:35)

    console.log
      [JWT] Renovaci├│n programada ejecut├índose...

      at log (src/global/utils/jwtUtils.ts:160:35)

    console.log
      [JWT] No hay refresh token disponible

      at log (src/global/utils/jwtUtils.ts:170:33)

    console.log
      [JWT] Token renovado exitosamente

      at log (src/global/utils/jwtUtils.ts:203:35)

    console.log
      [JWT] Renovaci├│n programada ejecut├índose...

      at log (src/global/utils/jwtUtils.ts:160:35)

    console.log
      [JWT] Backend rechaz├│ el refresh token. Status: 401 Error: Unauthorized

      at log (src/global/utils/jwtUtils.ts:219:35)

    console.log
      [JWT] Backend rechaz├│ el refresh token. Status: 403 Error: Forbidden

      at log (src/global/utils/jwtUtils.ts:219:35)

    console.error
      [JWT] Error al renovar token: Error: Network error
          at Object.<anonymous> (C:\Users\leovp\Programming\adorador\adorador-frontend\src\global\utils\__tests__\jwtUtils.test.ts:380:9)
          at Promise.finally.completed (C:\Users\leovp\Programming\adorador\adorador-frontend\node_modules\jest-circus\build\jestAdapterInit.js:1557:28)
          at new Promise (<anonymous>)
          at callAsyncCircusFn (C:\Users\leovp\Programming\adorador\adorador-frontend\node_modules\jest-circus\build\jestAdapterInit.js:1497:10)
          at _callCircusTest (C:\Users\leovp\Programming\adorador\adorador-frontend\node_modules\jest-circus\build\jestAdapterInit.js:1007:40)
          at processTicksAndRejections (node:internal/process/task_queues:95:5)
          at _runTest (C:\Users\leovp\Programming\adorador\adorador-frontend\node_modules\jest-circus\build\jestAdapterInit.js:947:3)
          at C:\Users\leovp\Programming\adorador\adorador-frontend\node_modules\jest-circus\build\jestAdapterInit.js:849:7
          at _runTestsForDescribeBlock (C:\Users\leovp\Programming\adorador\adorador-frontend\node_modules\jest-circus\build\jestAdapterInit.js:862:11)
          at _runTestsForDescribeBlock (C:\Users\leovp\Programming\adorador\adorador-frontend\node_modules\jest-circus\build\jestAdapterInit.js:857:11)
          at _runTestsForDescribeBlock (C:\Users\leovp\Programming\adorador\adorador-frontend\node_modules\jest-circus\build\jestAdapterInit.js:857:11)
          at run (C:\Users\leovp\Programming\adorador\adorador-frontend\node_modules\jest-circus\build\jestAdapterInit.js:761:3)
          at runAndTransformResultsToJestFormat (C:\Users\leovp\Programming\adorador\adorador-frontend\node_modules\jest-circus\build\jestAdapterInit.js:1918:21)
          at jestAdapter (C:\Users\leovp\Programming\adorador\adorador-frontend\node_modules\jest-circus\build\runner.js:101:19)
          at runTestInternal (C:\Users\leovp\Programming\adorador\adorador-frontend\node_modules\jest-runner\build\testWorker.js:277:16)
          at runTest (C:\Users\leovp\Programming\adorador\adorador-frontend\node_modules\jest-runner\build\testWorker.js:345:7)
          at Object.worker (C:\Users\leovp\Programming\adorador\adorador-frontend\node_modules\jest-runner\build\testWorker.js:499:12)

      235 |       /* eslint-disable */console.error(...oo_tx(`996524751_235_6_235_52_11`,'[JWT] Timeout renovando token'));
      236 |     } else {
    > 237 |       /* eslint-disable */console.error(...oo_tx(`996524751_237_6_237_59_11`,'[JWT] Error al renovar token:', error));
          |                                   ^
      238 |     }
      239 |
      240 |     // No limpiar tokens en errores de red - puede ser temporal

      at error (src/global/utils/jwtUtils.ts:237:35)
      at Object.<anonymous> (src/global/utils/__tests__/jwtUtils.test.ts:383:22)

    console.error
      [JWT] Timeout renovando token

      233 |     const err = error as Error;
      234 |     if (err.name === 'AbortError') {
    > 235 |       /* eslint-disable */console.error(...oo_tx(`996524751_235_6_235_52_11`,'[JWT] Timeout renovando token'));
          |                                   ^
      236 |     } else {
      237 |       /* eslint-disable */console.error(...oo_tx(`996524751_237_6_237_59_11`,'[JWT] Error al renovar token:', error));
      238 |     }

      at error (src/global/utils/jwtUtils.ts:235:35)
      at Object.<anonymous> (src/global/utils/__tests__/jwtUtils.test.ts:397:22)

    console.error
      [JWT] API URL not configured

      176 |     const apiUrl = process.env.NEXT_PUBLIC_API_URL_1;
      177 |     if (!apiUrl) {
    > 178 |       /* eslint-disable */console.error(...oo_tx(`996524751_178_6_178_51_11`,'[JWT] API URL not configured'));
          |                                   ^
      179 |       clearTokens();
      180 |       return null;
      181 |     }

      at error (src/global/utils/jwtUtils.ts:178:35)
      at Object.<anonymous> (src/global/utils/__tests__/jwtUtils.test.ts:407:46)

    console.log
      [JWT] Renovaci├│n programada ejecut├índose...

      at log (src/global/utils/jwtUtils.ts:160:35)

    console.log
      [JWT] Renovaci├│n programada ejecut├índose...

      at log (src/global/utils/jwtUtils.ts:160:35)

    console.log
      [JWT] Renovaci├│n programada ejecut├índose...

      at log (src/global/utils/jwtUtils.ts:160:35)

    console.log
      [JWT] Renovaci├│n programada ejecut├índose...

      at log (src/global/utils/jwtUtils.ts:160:35)

    console.log
      [JWT] Token considerado expirado: { timeToActualExpiry: '-600s', bufferUsed: '180s' }

      at log (src/global/utils/jwtUtils.ts:56:33)

    console.log
      [JWT] Token renovado exitosamente

      at log (src/global/utils/jwtUtils.ts:203:35)

    console.log
      [JWT] Token considerado expirado: { timeToActualExpiry: '-600s', bufferUsed: '180s' }

      at log (src/global/utils/jwtUtils.ts:56:33)

    console.log
      [JWT] Token considerado expirado: { timeToActualExpiry: '-600s', bufferUsed: '180s' }

      at log (src/global/utils/jwtUtils.ts:56:33)

    console.log
      [JWT] Esperando renovaci├│n existente...

      at log (src/global/utils/jwtUtils.ts:111:33)

    console.log
      [JWT] Token considerado expirado: { timeToActualExpiry: '-600s', bufferUsed: '180s' }

      at log (src/global/utils/jwtUtils.ts:56:33)

    console.log
      [JWT] Esperando renovaci├│n existente...

      at log (src/global/utils/jwtUtils.ts:111:33)

    console.log
      [JWT] Token renovado exitosamente

      at log (src/global/utils/jwtUtils.ts:203:35)

    console.log
      [JWT] Renovaci├│n programada ejecut├índose...

      at log (src/global/utils/jwtUtils.ts:160:35)

PASS src/global/hooks/__tests__/useWebSocketDebounce.test.ts (6.42 s)
PASS src/app/(public)/feed/_hooks/__tests__/useCommentActions.test.tsx (6.314 s)
PASS src/app/(public)/grupos/[bandId]/canciones/_hooks/__tests__/useAddSongToEvent.test.tsx (5.594 s)
PASS src/global/services/__tests__/userInitializer.persistence.test.ts (5.24 s)
  ΓùÅ Console

    console.log
      [UserInit] Estado: {
        hasLocalUser: true,
        localUserLoggedIn: true,
        hasValidToken: true,
        tokenExpiry: '8/12/2025, 6:39:05 p.┬ám.'
      }

      at log (src/global/services/userInitializer.ts:66:33)

    console.log
      [UserInit] Usuario con token v├ílido restaurado

      at log (src/global/services/userInitializer.ts:112:39)

    console.log
      [UserInit] Estado: {
        hasLocalUser: true,
        localUserLoggedIn: true,
        hasValidToken: false,
        tokenExpiry: '8/12/2025, 6:09:04 p.┬ám.'
      }

      at log (src/global/services/userInitializer.ts:66:33)

    console.log
      [UserInit] Token inv├ílido, intentando renovar con retry para cold starts...

      at log (src/global/services/userInitializer.ts:133:37)

    console.log
      [UserInit] Token renovado exitosamente (posible cold start recuperado)

      at log (src/global/services/userInitializer.ts:144:41)

    console.log
      [UserInit] Estado: {
        hasLocalUser: true,
        localUserLoggedIn: true,
        hasValidToken: false,
        tokenExpiry: '8/12/2025, 6:09:04 p.┬ám.'
      }

      at log (src/global/services/userInitializer.ts:66:33)

    console.log
      [UserInit] Token inv├ílido, intentando renovar con retry para cold starts...

      at log (src/global/services/userInitializer.ts:133:37)

    console.log
      [UserInit] Reintento 1/3 en 2000ms...

      at log (src/global/services/userInitializer.ts:24:37)

    console.log
      [UserInit] Reintento 2/3 en 4000ms...

      at log (src/global/services/userInitializer.ts:24:37)

    console.log
      [UserInit] Reintento 3/3 en 8000ms...

      at log (src/global/services/userInitializer.ts:24:37)

    console.log
      [UserInit] Error renovando token despu├⌐s de retries: Error: Network error
          at Object.<anonymous> (C:\Users\leovp\Programming\adorador\adorador-frontend\src\global\services\__tests__\userInitializer.persistence.test.ts:155:9)
          at Promise.finally.completed (C:\Users\leovp\Programming\adorador\adorador-frontend\node_modules\jest-circus\build\jestAdapterInit.js:1557:28)
          at new Promise (<anonymous>)
          at callAsyncCircusFn (C:\Users\leovp\Programming\adorador\adorador-frontend\node_modules\jest-circus\build\jestAdapterInit.js:1497:10)
          at _callCircusTest (C:\Users\leovp\Programming\adorador\adorador-frontend\node_modules\jest-circus\build\jestAdapterInit.js:1007:40)
          at processTicksAndRejections (node:internal/process/task_queues:95:5)
          at _runTest (C:\Users\leovp\Programming\adorador\adorador-frontend\node_modules\jest-circus\build\jestAdapterInit.js:947:3)
          at C:\Users\leovp\Programming\adorador\adorador-frontend\node_modules\jest-circus\build\jestAdapterInit.js:849:7
          at _runTestsForDescribeBlock (C:\Users\leovp\Programming\adorador\adorador-frontend\node_modules\jest-circus\build\jestAdapterInit.js:862:11)
          at _runTestsForDescribeBlock (C:\Users\leovp\Programming\adorador\adorador-frontend\node_modules\jest-circus\build\jestAdapterInit.js:857:11)
          at _runTestsForDescribeBlock (C:\Users\leovp\Programming\adorador\adorador-frontend\node_modules\jest-circus\build\jestAdapterInit.js:857:11)
          at run (C:\Users\leovp\Programming\adorador\adorador-frontend\node_modules\jest-circus\build\jestAdapterInit.js:761:3)
          at runAndTransformResultsToJestFormat (C:\Users\leovp\Programming\adorador\adorador-frontend\node_modules\jest-circus\build\jestAdapterInit.js:1918:21)
          at jestAdapter (C:\Users\leovp\Programming\adorador\adorador-frontend\node_modules\jest-circus\build\runner.js:101:19)
          at runTestInternal (C:\Users\leovp\Programming\adorador\adorador-frontend\node_modules\jest-runner\build\testWorker.js:277:16)
          at runTest (C:\Users\leovp\Programming\adorador\adorador-frontend\node_modules\jest-runner\build\testWorker.js:345:7)
          at Object.worker (C:\Users\leovp\Programming\adorador\adorador-frontend\node_modules\jest-runner\build\testWorker.js:499:12)

      at log (src/global/services/userInitializer.ts:158:39)

    console.log
      [UserInit] Deslogueando usuario

      at log (src/global/services/userInitializer.ts:162:39)

    console.log
      [UserInit] Estado: {
        hasLocalUser: true,
        localUserLoggedIn: false,
        hasValidToken: true,
        tokenExpiry: '8/12/2025, 6:39:06 p.┬ám.'
      }

      at log (src/global/services/userInitializer.ts:66:33)

    console.warn
      [UserInit] CORRIGIENDO: Token v├ílido pero usuario marcado como deslogueado

      73 |     // FORZAR SINCRONIZACI├ôN: Si hay discrepancia entre tokens y estado, corregir inmediatamente
      74 |     if (hasValidToken && localUser && !localUser.isLoggedIn) {
    > 75 |       console.warn(
         |               ^
      76 |         '[UserInit] CORRIGIENDO: Token v├ílido pero usuario marcado como deslogueado',
      77 |       );
      78 |       const correctedUser = { ...localUser, isLoggedIn: true };

      at warn (src/global/services/userInitializer.ts:75:15)
      at Object.<anonymous> (src/global/services/__tests__/userInitializer.persistence.test.ts:201:7)

    console.log
      [UserInit] Estado: {
        hasLocalUser: true,
        localUserLoggedIn: false,
        hasValidToken: null,
        tokenExpiry: 'N/A'
      }

      at log (src/global/services/userInitializer.ts:66:33)

    console.log
      [UserInit] Usuario sincronizado (sin sesi├│n activa)

      at log (src/global/services/userInitializer.ts:169:37)

    console.log
      [UserInit] Estado: {
        hasLocalUser: false,
        localUserLoggedIn: undefined,
        hasValidToken: null,
        tokenExpiry: 'N/A'
      }

      at log (src/global/services/userInitializer.ts:66:33)

    console.log
      [UserInit] Estado: {
        hasLocalUser: false,
        localUserLoggedIn: undefined,
        hasValidToken: true,
        tokenExpiry: '8/12/2025, 6:39:06 p.┬ám.'
      }

      at log (src/global/services/userInitializer.ts:66:33)

PASS src/app/(public)/grupos/[bandId]/canciones/[songId]/_components/__tests__/MiniLyricsCreator.test.tsx (5.843 s)
PASS src/app/(public)/grupos/[bandId]/eventos/[eventId]/_hooks/__tests__/useEventAdminPage.test.tsx
PASS src/global/utils/__tests__/dataFormat.test.ts
PASS src/app/(public)/grupos/[bandId]/canciones/[songId]/_components/__tests__/LyricsCard.test.tsx
PASS src/global/utils/__tests__/Spinner.test.tsx (5.201 s)
PASS src/app/(public)/auth/_components/ui/__tests__/AuthUI.test.tsx (5.785 s)
PASS src/app/(public)/feed/_hooks/__tests__/useFeedSongActions.test.tsx (8.778 s)
PASS src/app/(public)/grupos/[bandId]/canciones/[songId]/_components/__tests__/LyricsGroupedCard.test.tsx (6.56 s)
PASS src/app/(public)/feed/_hooks/__tests__/useFeedModals.test.tsx (6.108 s)
PASS src/global/utils/__tests__/fetchAPI.test.ts (5.551 s)
  ΓùÅ Console

    console.error
      Error: Not implemented: navigation (except hash changes)
          at fetchAPI (C:\Users\leovp\Programming\adorador\adorador-frontend\src\global\utils\fetchAPI.ts:101:31)
          at Object.<anonymous> (C:\Users\leovp\Programming\adorador\adorador-frontend\src\global\utils\__tests__\fetchAPI.test.ts:312:7) {
        type: 'not implemented'
      }

       99 |         // Esto evita bucles infinitos cuando el usuario no est├í logueado desde el inicio
      100 |         if (typeof window !== 'undefined' && headers.Authorization) {
    > 101 |           window.location.href = '/auth/login';
          |                               ^
      102 |         }
      103 |         throw new Error('401-Token expired');
      104 |       }

      at VirtualConsole.<anonymous> (node_modules/@jest/environment-jsdom-abstract/build/index.js:87:23)
      at module.exports (node_modules/jsdom/lib/jsdom/browser/not-implemented.js:12:26)
      at navigateFetch (node_modules/jsdom/lib/jsdom/living/window/navigation.js:77:3)
      at exports.navigate (node_modules/jsdom/lib/jsdom/living/window/navigation.js:55:3)
      at LocationImpl._locationObjectNavigate (node_modules/jsdom/lib/jsdom/living/window/Location-impl.js:30:5)
      at LocationImpl._locationObjectSetterNavigate (node_modules/jsdom/lib/jsdom/living/window/Location-impl.js:24:17)
      at LocationImpl.set href [as href] (node_modules/jsdom/lib/jsdom/living/window/Location-impl.js:46:10)
      at Location.set href [as href] (node_modules/jsdom/lib/jsdom/living/generated/Location.js:125:37)
      at fetchAPI (src/global/utils/fetchAPI.ts:101:31)
      at Object.<anonymous> (src/global/utils/__tests__/fetchAPI.test.ts:312:7)

    console.error
      { statusCode: 400, message: 'Bad Request - Invalid input' }

      115 |         return data;
      116 |       } else {
    > 117 |         /* eslint-disable */console.error(...oo_tx(`290377864_117_8_117_27_11`,data));
          |                                     ^
      118 |         throw new Error(`${data.statusCode}-${data.message}`);
      119 |       }
      120 |     } catch (error) {

      at error (src/global/utils/fetchAPI.ts:117:37)
      at Object.<anonymous> (src/global/utils/__tests__/fetchAPI.test.ts:371:7)

    console.error
      { statusCode: 500, message: 'Internal Server Error' }

      115 |         return data;
      116 |       } else {
    > 117 |         /* eslint-disable */console.error(...oo_tx(`290377864_117_8_117_27_11`,data));
          |                                     ^
      118 |         throw new Error(`${data.statusCode}-${data.message}`);
      119 |       }
      120 |     } catch (error) {

      at error (src/global/utils/fetchAPI.ts:117:37)
      at Object.<anonymous> (src/global/utils/__tests__/fetchAPI.test.ts:390:7)

    console.error
      [FetchAPI] Fall├│ despu├⌐s de 3 reintentos: Error: Network error
          at Object.<anonymous> (C:\Users\leovp\Programming\adorador\adorador-frontend\src\global\utils\__tests__\fetchAPI.test.ts:396:53)
          at Promise.finally.completed (C:\Users\leovp\Programming\adorador\adorador-frontend\node_modules\jest-circus\build\jestAdapterInit.js:1557:28)
          at new Promise (<anonymous>)
          at callAsyncCircusFn (C:\Users\leovp\Programming\adorador\adorador-frontend\node_modules\jest-circus\build\jestAdapterInit.js:1497:10)
          at _callCircusTest (C:\Users\leovp\Programming\adorador\adorador-frontend\node_modules\jest-circus\build\jestAdapterInit.js:1007:40)
          at processTicksAndRejections (node:internal/process/task_queues:95:5)
          at _runTest (C:\Users\leovp\Programming\adorador\adorador-frontend\node_modules\jest-circus\build\jestAdapterInit.js:947:3)
          at C:\Users\leovp\Programming\adorador\adorador-frontend\node_modules\jest-circus\build\jestAdapterInit.js:849:7
          at _runTestsForDescribeBlock (C:\Users\leovp\Programming\adorador\adorador-frontend\node_modules\jest-circus\build\jestAdapterInit.js:862:11)
          at _runTestsForDescribeBlock (C:\Users\leovp\Programming\adorador\adorador-frontend\node_modules\jest-circus\build\jestAdapterInit.js:857:11)
          at _runTestsForDescribeBlock (C:\Users\leovp\Programming\adorador\adorador-frontend\node_modules\jest-circus\build\jestAdapterInit.js:857:11)
          at run (C:\Users\leovp\Programming\adorador\adorador-frontend\node_modules\jest-circus\build\jestAdapterInit.js:761:3)
          at runAndTransformResultsToJestFormat (C:\Users\leovp\Programming\adorador\adorador-frontend\node_modules\jest-circus\build\jestAdapterInit.js:1918:21)
          at jestAdapter (C:\Users\leovp\Programming\adorador\adorador-frontend\node_modules\jest-circus\build\runner.js:101:19)
          at runTestInternal (C:\Users\leovp\Programming\adorador\adorador-frontend\node_modules\jest-runner\build\testWorker.js:277:16)
          at runTest (C:\Users\leovp\Programming\adorador\adorador-frontend\node_modules\jest-runner\build\testWorker.js:345:7)
          at Object.worker (C:\Users\leovp\Programming\adorador\adorador-frontend\node_modules\jest-runner\build\testWorker.js:499:12)

      143 |       // Si no es cold start error o no quedan intentos, lanzar error
      144 |       if (attempt === maxRetries) {
    > 145 |         /* eslint-disable */console.error(
          |                                     ^
      146 |           ...oo_tx(`290377864_145_8_148_9_11`,`[FetchAPI] Fall├│ despu├⌐s de ${maxRetries} reintentos:`,
      147 |           lastError),
      148 |         );

      at error (src/global/utils/fetchAPI.ts:145:37)
      at Object.<anonymous> (src/global/utils/__tests__/fetchAPI.test.ts:401:7)

PASS src/app/(public)/grupos/[bandId]/canciones/[songId]/_utils/__tests__/lyricsStorage.test.ts (7.508 s)
  ΓùÅ Console

    console.error
      Error saving lyrics to localStorage: Error: Storage full
          at Object.<anonymous> (C:\Users\leovp\Programming\adorador\adorador-frontend\src\app\(public)\grupos\[bandId]\canciones\[songId]\_utils\__tests__\lyricsStorage.test.ts:74:15)
          at C:\Users\leovp\Programming\adorador\adorador-frontend\node_modules\jest-mock\build\index.js:305:39
          at Object.<anonymous> (C:\Users\leovp\Programming\adorador\adorador-frontend\node_modules\jest-mock\build\index.js:312:13)
          at Object.mockConstructor [as setItem] (C:\Users\leovp\Programming\adorador\adorador-frontend\node_modules\jest-mock\build\index.js:102:19)
          at setItem (C:\Users\leovp\Programming\adorador\adorador-frontend\src\app\(public)\grupos\[bandId]\canciones\[songId]\_utils\lyricsStorage.ts:30:18)
          at C:\Users\leovp\Programming\adorador\adorador-frontend\src\app\(public)\grupos\[bandId]\canciones\[songId]\_utils\__tests__\lyricsStorage.test.ts:79:23
          at Object.<anonymous> (C:\Users\leovp\Programming\adorador\adorador-frontend\node_modules\expect\build\index.js:1824:9)
          at Object.throwingMatcher [as toThrow] (C:\Users\leovp\Programming\adorador\adorador-frontend\node_modules\expect\build\index.js:2235:93)
          at Object.toThrow (C:\Users\leovp\Programming\adorador\adorador-frontend\src\app\(public)\grupos\[bandId]\canciones\[songId]\_utils\__tests__\lyricsStorage.test.ts:80:14)
          at Promise.finally.completed (C:\Users\leovp\Programming\adorador\adorador-frontend\node_modules\jest-circus\build\jestAdapterInit.js:1557:28)
          at new Promise (<anonymous>)
          at callAsyncCircusFn (C:\Users\leovp\Programming\adorador\adorador-frontend\node_modules\jest-circus\build\jestAdapterInit.js:1497:10)
          at _callCircusTest (C:\Users\leovp\Programming\adorador\adorador-frontend\node_modules\jest-circus\build\jestAdapterInit.js:1007:40)
          at processTicksAndRejections (node:internal/process/task_queues:95:5)
          at _runTest (C:\Users\leovp\Programming\adorador\adorador-frontend\node_modules\jest-circus\build\jestAdapterInit.js:947:3)
          at C:\Users\leovp\Programming\adorador\adorador-frontend\node_modules\jest-circus\build\jestAdapterInit.js:849:7
          at _runTestsForDescribeBlock (C:\Users\leovp\Programming\adorador\adorador-frontend\node_modules\jest-circus\build\jestAdapterInit.js:862:11)
          at _runTestsForDescribeBlock (C:\Users\leovp\Programming\adorador\adorador-frontend\node_modules\jest-circus\build\jestAdapterInit.js:857:11)
          at _runTestsForDescribeBlock (C:\Users\leovp\Programming\adorador\adorador-frontend\node_modules\jest-circus\build\jestAdapterInit.js:857:11)
          at run (C:\Users\leovp\Programming\adorador\adorador-frontend\node_modules\jest-circus\build\jestAdapterInit.js:761:3)
          at runAndTransformResultsToJestFormat (C:\Users\leovp\Programming\adorador\adorador-frontend\node_modules\jest-circus\build\jestAdapterInit.js:1918:21)
          at jestAdapter (C:\Users\leovp\Programming\adorador\adorador-frontend\node_modules\jest-circus\build\runner.js:101:19)
          at runTestInternal (C:\Users\leovp\Programming\adorador\adorador-frontend\node_modules\jest-runner\build\testWorker.js:277:16)
          at runTest (C:\Users\leovp\Programming\adorador\adorador-frontend\node_modules\jest-runner\build\testWorker.js:345:7)
          at Object.worker (C:\Users\leovp\Programming\adorador\adorador-frontend\node_modules\jest-runner\build\testWorker.js:499:12)

      35 |     window.dispatchEvent(new Event('lyricsStorageChange'));
      36 |   } catch (error) {
    > 37 |     /* eslint-disable */console.error(...oo_tx(`3364765490_37_4_37_64_11`,'Error saving lyrics to localStorage:', error));
         |                                 ^
      38 |   }
      39 | };
      40 |

      at error (C:\Users\leovp\Programming\adorador\adorador-frontend\src\app\(public)../../../../../grupos/[bandId]/canciones/[songId]/_utils/lyricsStorage.ts:37:33)
      at C:\Users\leovp\Programming\adorador\adorador-frontend\src\app\(public)../../../../../grupos/[bandId]/canciones/[songId]/_utils/__tests__/lyricsStorage.test.ts:79:23
      at Object.<anonymous> (node_modules/expect/build/index.js:1824:9)
      at Object.throwingMatcher [as toThrow] (node_modules/expect/build/index.js:2235:93)
      at Object.toThrow (C:\Users\leovp\Programming\adorador\adorador-frontend\src\app\(public)../../../../../grupos/[bandId]/canciones/[songId]/_utils/__tests__/lyricsStorage.test.ts:80:14)

    console.error
      Error getting lyrics from localStorage: Error: Storage error
          at Object.<anonymous> (C:\Users\leovp\Programming\adorador\adorador-frontend\src\app\(public)\grupos\[bandId]\canciones\[songId]\_utils\__tests__\lyricsStorage.test.ts:105:15)
          at C:\Users\leovp\Programming\adorador\adorador-frontend\node_modules\jest-mock\build\index.js:305:39
          at Object.<anonymous> (C:\Users\leovp\Programming\adorador\adorador-frontend\node_modules\jest-mock\build\index.js:312:13)
          at Object.mockConstructor [as getItem] (C:\Users\leovp\Programming\adorador\adorador-frontend\node_modules\jest-mock\build\index.js:102:19)
          at getItem (C:\Users\leovp\Programming\adorador\adorador-frontend\src\app\(public)\grupos\[bandId]\canciones\[songId]\_utils\lyricsStorage.ts:49:33)
          at Object.<anonymous> (C:\Users\leovp\Programming\adorador\adorador-frontend\src\app\(public)\grupos\[bandId]\canciones\[songId]\_utils\__tests__\lyricsStorage.test.ts:108:35)
          at Promise.finally.completed (C:\Users\leovp\Programming\adorador\adorador-frontend\node_modules\jest-circus\build\jestAdapterInit.js:1557:28)
          at new Promise (<anonymous>)
          at callAsyncCircusFn (C:\Users\leovp\Programming\adorador\adorador-frontend\node_modules\jest-circus\build\jestAdapterInit.js:1497:10)
          at _callCircusTest (C:\Users\leovp\Programming\adorador\adorador-frontend\node_modules\jest-circus\build\jestAdapterInit.js:1007:40)
          at processTicksAndRejections (node:internal/process/task_queues:95:5)
          at _runTest (C:\Users\leovp\Programming\adorador\adorador-frontend\node_modules\jest-circus\build\jestAdapterInit.js:947:3)
          at C:\Users\leovp\Programming\adorador\adorador-frontend\node_modules\jest-circus\build\jestAdapterInit.js:849:7
          at _runTestsForDescribeBlock (C:\Users\leovp\Programming\adorador\adorador-frontend\node_modules\jest-circus\build\jestAdapterInit.js:862:11)
          at _runTestsForDescribeBlock (C:\Users\leovp\Programming\adorador\adorador-frontend\node_modules\jest-circus\build\jestAdapterInit.js:857:11)
          at _runTestsForDescribeBlock (C:\Users\leovp\Programming\adorador\adorador-frontend\node_modules\jest-circus\build\jestAdapterInit.js:857:11)
          at run (C:\Users\leovp\Programming\adorador\adorador-frontend\node_modules\jest-circus\build\jestAdapterInit.js:761:3)
          at runAndTransformResultsToJestFormat (C:\Users\leovp\Programming\adorador\adorador-frontend\node_modules\jest-circus\build\jestAdapterInit.js:1918:21)
          at jestAdapter (C:\Users\leovp\Programming\adorador\adorador-frontend\node_modules\jest-circus\build\runner.js:101:19)
          at runTestInternal (C:\Users\leovp\Programming\adorador\adorador-frontend\node_modules\jest-runner\build\testWorker.js:277:16)
          at runTest (C:\Users\leovp\Programming\adorador\adorador-frontend\node_modules\jest-runner\build\testWorker.js:345:7)
          at Object.worker (C:\Users\leovp\Programming\adorador\adorador-frontend\node_modules\jest-runner\build\testWorker.js:499:12)

      51 |     return JSON.parse(stored) as StoredLyric;
      52 |   } catch (error) {
    > 53 |     /* eslint-disable */console.error(...oo_tx(`3364765490_53_4_53_67_11`,'Error getting lyrics from localStorage:', error));
         |                                 ^
      54 |     return null;
      55 |   }
      56 | };

      at error (C:\Users\leovp\Programming\adorador\adorador-frontend\src\app\(public)../../../../../grupos/[bandId]/canciones/[songId]/_utils/lyricsStorage.ts:53:33)
      at Object.<anonymous> (C:\Users\leovp\Programming\adorador\adorador-frontend\src\app\(public)../../../../../grupos/[bandId]/canciones/[songId]/_utils/__tests__/lyricsStorage.test.ts:108:35)

    console.error
      Error getting lyrics from localStorage: SyntaxError: Unexpected token 'i', "invalid json" is not valid JSON
          at JSON.parse (<anonymous>)
          at parse (C:\Users\leovp\Programming\adorador\adorador-frontend\src\app\(public)\grupos\[bandId]\canciones\[songId]\_utils\lyricsStorage.ts:51:17)
          at Object.<anonymous> (C:\Users\leovp\Programming\adorador\adorador-frontend\src\app\(public)\grupos\[bandId]\canciones\[songId]\_utils\__tests__\lyricsStorage.test.ts:117:35)
          at Promise.finally.completed (C:\Users\leovp\Programming\adorador\adorador-frontend\node_modules\jest-circus\build\jestAdapterInit.js:1557:28)
          at new Promise (<anonymous>)
          at callAsyncCircusFn (C:\Users\leovp\Programming\adorador\adorador-frontend\node_modules\jest-circus\build\jestAdapterInit.js:1497:10)
          at _callCircusTest (C:\Users\leovp\Programming\adorador\adorador-frontend\node_modules\jest-circus\build\jestAdapterInit.js:1007:40)
          at processTicksAndRejections (node:internal/process/task_queues:95:5)
          at _runTest (C:\Users\leovp\Programming\adorador\adorador-frontend\node_modules\jest-circus\build\jestAdapterInit.js:947:3)
          at C:\Users\leovp\Programming\adorador\adorador-frontend\node_modules\jest-circus\build\jestAdapterInit.js:849:7
          at _runTestsForDescribeBlock (C:\Users\leovp\Programming\adorador\adorador-frontend\node_modules\jest-circus\build\jestAdapterInit.js:862:11)
          at _runTestsForDescribeBlock (C:\Users\leovp\Programming\adorador\adorador-frontend\node_modules\jest-circus\build\jestAdapterInit.js:857:11)
          at _runTestsForDescribeBlock (C:\Users\leovp\Programming\adorador\adorador-frontend\node_modules\jest-circus\build\jestAdapterInit.js:857:11)
          at run (C:\Users\leovp\Programming\adorador\adorador-frontend\node_modules\jest-circus\build\jestAdapterInit.js:761:3)
          at runAndTransformResultsToJestFormat (C:\Users\leovp\Programming\adorador\adorador-frontend\node_modules\jest-circus\build\jestAdapterInit.js:1918:21)
          at jestAdapter (C:\Users\leovp\Programming\adorador\adorador-frontend\node_modules\jest-circus\build\runner.js:101:19)
          at runTestInternal (C:\Users\leovp\Programming\adorador\adorador-frontend\node_modules\jest-runner\build\testWorker.js:277:16)
          at runTest (C:\Users\leovp\Programming\adorador\adorador-frontend\node_modules\jest-runner\build\testWorker.js:345:7)
          at Object.worker (C:\Users\leovp\Programming\adorador\adorador-frontend\node_modules\jest-runner\build\testWorker.js:499:12)

      51 |     return JSON.parse(stored) as StoredLyric;
      52 |   } catch (error) {
    > 53 |     /* eslint-disable */console.error(...oo_tx(`3364765490_53_4_53_67_11`,'Error getting lyrics from localStorage:', error));
         |                                 ^
      54 |     return null;
      55 |   }
      56 | };

      at error (C:\Users\leovp\Programming\adorador\adorador-frontend\src\app\(public)../../../../../grupos/[bandId]/canciones/[songId]/_utils/lyricsStorage.ts:53:33)
      at Object.<anonymous> (C:\Users\leovp\Programming\adorador\adorador-frontend\src\app\(public)../../../../../grupos/[bandId]/canciones/[songId]/_utils/__tests__/lyricsStorage.test.ts:117:35)

    console.error
      Error deleting lyrics from localStorage: Error: Storage error
          at Object.<anonymous> (C:\Users\leovp\Programming\adorador\adorador-frontend\src\app\(public)\grupos\[bandId]\canciones\[songId]\_utils\__tests__\lyricsStorage.test.ts:134:15)
          at C:\Users\leovp\Programming\adorador\adorador-frontend\node_modules\jest-mock\build\index.js:305:39
          at Object.<anonymous> (C:\Users\leovp\Programming\adorador\adorador-frontend\node_modules\jest-mock\build\index.js:312:13)
          at Object.mockConstructor [as removeItem] (C:\Users\leovp\Programming\adorador\adorador-frontend\node_modules\jest-mock\build\index.js:102:19)
          at removeItem (C:\Users\leovp\Programming\adorador\adorador-frontend\src\app\(public)\grupos\[bandId]\canciones\[songId]\_utils\lyricsStorage.ts:63:18)
          at C:\Users\leovp\Programming\adorador\adorador-frontend\src\app\(public)\grupos\[bandId]\canciones\[songId]\_utils\__tests__\lyricsStorage.test.ts:138:25
          at Object.<anonymous> (C:\Users\leovp\Programming\adorador\adorador-frontend\node_modules\expect\build\index.js:1824:9)
          at Object.throwingMatcher [as toThrow] (C:\Users\leovp\Programming\adorador\adorador-frontend\node_modules\expect\build\index.js:2235:93)
          at Object.toThrow (C:\Users\leovp\Programming\adorador\adorador-frontend\src\app\(public)\grupos\[bandId]\canciones\[songId]\_utils\__tests__\lyricsStorage.test.ts:139:14)
          at Promise.finally.completed (C:\Users\leovp\Programming\adorador\adorador-frontend\node_modules\jest-circus\build\jestAdapterInit.js:1557:28)
          at new Promise (<anonymous>)
          at callAsyncCircusFn (C:\Users\leovp\Programming\adorador\adorador-frontend\node_modules\jest-circus\build\jestAdapterInit.js:1497:10)
          at _callCircusTest (C:\Users\leovp\Programming\adorador\adorador-frontend\node_modules\jest-circus\build\jestAdapterInit.js:1007:40)
          at processTicksAndRejections (node:internal/process/task_queues:95:5)
          at _runTest (C:\Users\leovp\Programming\adorador\adorador-frontend\node_modules\jest-circus\build\jestAdapterInit.js:947:3)
          at C:\Users\leovp\Programming\adorador\adorador-frontend\node_modules\jest-circus\build\jestAdapterInit.js:849:7
          at _runTestsForDescribeBlock (C:\Users\leovp\Programming\adorador\adorador-frontend\node_modules\jest-circus\build\jestAdapterInit.js:862:11)
          at _runTestsForDescribeBlock (C:\Users\leovp\Programming\adorador\adorador-frontend\node_modules\jest-circus\build\jestAdapterInit.js:857:11)
          at _runTestsForDescribeBlock (C:\Users\leovp\Programming\adorador\adorador-frontend\node_modules\jest-circus\build\jestAdapterInit.js:857:11)
          at run (C:\Users\leovp\Programming\adorador\adorador-frontend\node_modules\jest-circus\build\jestAdapterInit.js:761:3)
          at runAndTransformResultsToJestFormat (C:\Users\leovp\Programming\adorador\adorador-frontend\node_modules\jest-circus\build\jestAdapterInit.js:1918:21)
          at jestAdapter (C:\Users\leovp\Programming\adorador\adorador-frontend\node_modules\jest-circus\build\runner.js:101:19)
          at runTestInternal (C:\Users\leovp\Programming\adorador\adorador-frontend\node_modules\jest-runner\build\testWorker.js:277:16)
          at runTest (C:\Users\leovp\Programming\adorador\adorador-frontend\node_modules\jest-runner\build\testWorker.js:345:7)
          at Object.worker (C:\Users\leovp\Programming\adorador\adorador-frontend\node_modules\jest-runner\build\testWorker.js:499:12)

      65 |     window.dispatchEvent(new Event('lyricsStorageChange'));
      66 |   } catch (error) {
    > 67 |     /* eslint-disable */console.error(...oo_tx(`3364765490_67_4_67_68_11`,'Error deleting lyrics from localStorage:', error));
         |                                 ^
      68 |   }
      69 | };
      70 |

      at error (C:\Users\leovp\Programming\adorador\adorador-frontend\src\app\(public)../../../../../grupos/[bandId]/canciones/[songId]/_utils/lyricsStorage.ts:67:33)
      at C:\Users\leovp\Programming\adorador\adorador-frontend\src\app\(public)../../../../../grupos/[bandId]/canciones/[songId]/_utils/__tests__/lyricsStorage.test.ts:138:25
      at Object.<anonymous> (node_modules/expect/build/index.js:1824:9)
      at Object.throwingMatcher [as toThrow] (node_modules/expect/build/index.js:2235:93)
      at Object.toThrow (C:\Users\leovp\Programming\adorador\adorador-frontend\src\app\(public)../../../../../grupos/[bandId]/canciones/[songId]/_utils/__tests__/lyricsStorage.test.ts:139:14)

    console.error
      Error getting all lyrics from localStorage: Error: Storage error
          at Object.<anonymous> (C:\Users\leovp\Programming\adorador\adorador-frontend\src\app\(public)\grupos\[bandId]\canciones\[songId]\_utils\__tests__\lyricsStorage.test.ts:177:15)
          at C:\Users\leovp\Programming\adorador\adorador-frontend\node_modules\jest-mock\build\index.js:305:39
          at Object.<anonymous> (C:\Users\leovp\Programming\adorador\adorador-frontend\node_modules\jest-mock\build\index.js:312:13)
          at Object.mockConstructor [as key] (C:\Users\leovp\Programming\adorador\adorador-frontend\node_modules\jest-mock\build\index.js:102:19)
          at key (C:\Users\leovp\Programming\adorador\adorador-frontend\src\app\(public)\grupos\[bandId]\canciones\[songId]\_utils\lyricsStorage.ts:78:32)
          at Object.<anonymous> (C:\Users\leovp\Programming\adorador\adorador-frontend\src\app\(public)\grupos\[bandId]\canciones\[songId]\_utils\__tests__\lyricsStorage.test.ts:180:38)
          at Promise.finally.completed (C:\Users\leovp\Programming\adorador\adorador-frontend\node_modules\jest-circus\build\jestAdapterInit.js:1557:28)
          at new Promise (<anonymous>)
          at callAsyncCircusFn (C:\Users\leovp\Programming\adorador\adorador-frontend\node_modules\jest-circus\build\jestAdapterInit.js:1497:10)
          at _callCircusTest (C:\Users\leovp\Programming\adorador\adorador-frontend\node_modules\jest-circus\build\jestAdapterInit.js:1007:40)
          at processTicksAndRejections (node:internal/process/task_queues:95:5)
          at _runTest (C:\Users\leovp\Programming\adorador\adorador-frontend\node_modules\jest-circus\build\jestAdapterInit.js:947:3)
          at C:\Users\leovp\Programming\adorador\adorador-frontend\node_modules\jest-circus\build\jestAdapterInit.js:849:7
          at _runTestsForDescribeBlock (C:\Users\leovp\Programming\adorador\adorador-frontend\node_modules\jest-circus\build\jestAdapterInit.js:862:11)
          at _runTestsForDescribeBlock (C:\Users\leovp\Programming\adorador\adorador-frontend\node_modules\jest-circus\build\jestAdapterInit.js:857:11)
          at _runTestsForDescribeBlock (C:\Users\leovp\Programming\adorador\adorador-frontend\node_modules\jest-circus\build\jestAdapterInit.js:857:11)
          at run (C:\Users\leovp\Programming\adorador\adorador-frontend\node_modules\jest-circus\build\jestAdapterInit.js:761:3)
          at runAndTransformResultsToJestFormat (C:\Users\leovp\Programming\adorador\adorador-frontend\node_modules\jest-circus\build\jestAdapterInit.js:1918:21)
          at jestAdapter (C:\Users\leovp\Programming\adorador\adorador-frontend\node_modules\jest-circus\build\runner.js:101:19)
          at runTestInternal (C:\Users\leovp\Programming\adorador\adorador-frontend\node_modules\jest-runner\build\testWorker.js:277:16)
          at runTest (C:\Users\leovp\Programming\adorador\adorador-frontend\node_modules\jest-runner\build\testWorker.js:345:7)
          at Object.worker (C:\Users\leovp\Programming\adorador\adorador-frontend\node_modules\jest-runner\build\testWorker.js:499:12)

      86 |     return allLyrics;
      87 |   } catch (error) {
    > 88 |     /* eslint-disable */console.error(...oo_tx(`3364765490_88_4_88_71_11`,'Error getting all lyrics from localStorage:', error));
         |                                 ^
      89 |     return [];
      90 |   }
      91 | };

      at error (C:\Users\leovp\Programming\adorador\adorador-frontend\src\app\(public)../../../../../grupos/[bandId]/canciones/[songId]/_utils/lyricsStorage.ts:88:33)
      at Object.<anonymous> (C:\Users\leovp\Programming\adorador\adorador-frontend\src\app\(public)../../../../../grupos/[bandId]/canciones/[songId]/_utils/__tests__/lyricsStorage.test.ts:180:38)

PASS src/app/(public)/grupos/[bandId]/canciones/[songId]/_utils/__tests__/lyricsConverter.test.ts
PASS src/app/__tests__/loading.test.tsx (6.825 s)
PASS src/global/utils/__tests__/datesUtils.test.ts
PASS src/app/(public)/grupos/[bandId]/canciones/_hooks/__tests__/useMusicPlayer.test.tsx (6.611 s)
PASS src/app/(public)/grupos/[bandId]/canciones/_utils/__tests__/timeFormatters.test.ts
PASS src/app/(public)/feed/_components/__tests__/Notifications.test.tsx
PASS src/global/utils/__tests__/formUtils.test.ts
PASS src/app/(public)/grupos/_components/__tests__/AddSongButton.test.tsx
PASS src/global/config/__tests__/links.test.ts
PASS src/global/config/__tests__/constants.test.ts
PASS src/global/utils/__tests__/findHrefFromLinks.test.ts
node:internal/modules/esm/utils:211
    throw new ERR_VM_DYNAMIC_IMPORT_CALLBACK_MISSING_FLAG();
          ^

TypeError: A dynamic import callback was invoked without --experimental-vm-modules
    at importModuleDynamicallyCallback (node:internal/modules/esm/utils:211:11)
    at domAnimation (C:\Users\leovp\Programming\adorador\adorador-frontend\node_modules\@heroui\modal\dist\index.js:246:58)
    at C:\Users\leovp\Programming\adorador\adorador-frontend\node_modules\framer-motion\dist\cjs\index.js:9462:13
    at commitHookEffectListMount (C:\Users\leovp\Programming\adorador\adorador-frontend\node_modules\react-dom\cjs\react-dom.development.js:23189:26)
    at commitPassiveMountOnFiber (C:\Users\leovp\Programming\adorador\adorador-frontend\node_modules\react-dom\cjs\react-dom.development.js:24970:11)
    at commitPassiveMountEffects_complete (C:\Users\leovp\Programming\adorador\adorador-frontend\node_modules\react-dom\cjs\react-dom.development.js:24930:9)
    at commitPassiveMountEffects_begin (C:\Users\leovp\Programming\adorador\adorador-frontend\node_modules\react-dom\cjs\react-dom.development.js:24917:7)
    at commitPassiveMountEffects (C:\Users\leovp\Programming\adorador\adorador-frontend\node_modules\react-dom\cjs\react-dom.development.js:24905:3)
    at flushPassiveEffectsImpl (C:\Users\leovp\Programming\adorador\adorador-frontend\node_modules\react-dom\cjs\react-dom.development.js:27078:3)
    at flushPassiveEffects (C:\Users\leovp\Programming\adorador\adorador-frontend\node_modules\react-dom\cjs\react-dom.development.js:27023:14)
    at commitRootImpl (C:\Users\leovp\Programming\adorador\adorador-frontend\node_modules\react-dom\cjs\react-dom.development.js:26974:5)
    at commitRoot (C:\Users\leovp\Programming\adorador\adorador-frontend\node_modules\react-dom\cjs\react-dom.development.js:26721:5)
    at performSyncWorkOnRoot (C:\Users\leovp\Programming\adorador\adorador-frontend\node_modules\react-dom\cjs\react-dom.development.js:26156:3)
    at flushSyncCallbacks (C:\Users\leovp\Programming\adorador\adorador-frontend\node_modules\react-dom\cjs\react-dom.development.js:12042:22)
    at flushActQueue (C:\Users\leovp\Programming\adorador\adorador-frontend\node_modules\react\cjs\react.development.js:2667:24)
    at act (C:\Users\leovp\Programming\adorador\adorador-frontend\node_modules\react\cjs\react.development.js:2582:11)
    at C:\Users\leovp\Programming\adorador\adorador-frontend\node_modules\@testing-library\react\dist\act-compat.js:47:25
    at Object.eventWrapper (C:\Users\leovp\Programming\adorador\adorador-frontend\node_modules\@testing-library\react\dist\pure.js:107:28)
    at fireEvent (C:\Users\leovp\Programming\adorador\adorador-frontend\node_modules\@testing-library\dom\dist\events.js:12:35)
    at Function.fireEvent.<computed> [as click] (C:\Users\leovp\Programming\adorador\adorador-frontend\node_modules\@testing-library\dom\dist\events.js:110:36)
    at Function.fireEvent.<computed> [as click] (C:\Users\leovp\Programming\adorador\adorador-frontend\node_modules\@testing-library\react\dist\fire-event.js:15:52)
    at Object.click (C:\Users\leovp\Programming\adorador\adorador-frontend\src\app\(public)\grupos\[bandId]\canciones\[songId]\_components\__tests__\ButtonNormalizeLyrics.test.tsx:104:15)
    at Promise.finally.completed (C:\Users\leovp\Programming\adorador\adorador-frontend\node_modules\jest-circus\build\jestAdapterInit.js:1557:28)
    at new Promise (<anonymous>)
    at callAsyncCircusFn (C:\Users\leovp\Programming\adorador\adorador-frontend\node_modules\jest-circus\build\jestAdapterInit.js:1497:10)
    at _callCircusTest (C:\Users\leovp\Programming\adorador\adorador-frontend\node_modules\jest-circus\build\jestAdapterInit.js:1007:40)
    at processTicksAndRejections (node:internal/process/task_queues:95:5)
    at _runTest (C:\Users\leovp\Programming\adorador\adorador-frontend\node_modules\jest-circus\build\jestAdapterInit.js:947:3)
    at C:\Users\leovp\Programming\adorador\adorador-frontend\node_modules\jest-circus\build\jestAdapterInit.js:849:7
    at _runTestsForDescribeBlock (C:\Users\leovp\Programming\adorador\adorador-frontend\node_modules\jest-circus\build\jestAdapterInit.js:862:11)
    at _runTestsForDescribeBlock (C:\Users\leovp\Programming\adorador\adorador-frontend\node_modules\jest-circus\build\jestAdapterInit.js:857:11)
    at run (C:\Users\leovp\Programming\adorador\adorador-frontend\node_modules\jest-circus\build\jestAdapterInit.js:761:3)
    at runAndTransformResultsToJestFormat (C:\Users\leovp\Programming\adorador\adorador-frontend\node_modules\jest-circus\build\jestAdapterInit.js:1918:21)
    at jestAdapter (C:\Users\leovp\Programming\adorador\adorador-frontend\node_modules\jest-circus\build\runner.js:101:19)
    at runTestInternal (C:\Users\leovp\Programming\adorador\adorador-frontend\node_modules\jest-runner\build\testWorker.js:277:16)
    at runTest (C:\Users\leovp\Programming\adorador\adorador-frontend\node_modules\jest-runner\build\testWorker.js:345:7)
    at Object.worker (C:\Users\leovp\Programming\adorador\adorador-frontend\node_modules\jest-runner\build\testWorker.js:499:12) {
  code: 'ERR_VM_DYNAMIC_IMPORT_CALLBACK_MISSING_FLAG'
}

Node.js v20.11.1
node:internal/modules/esm/utils:211
    throw new ERR_VM_DYNAMIC_IMPORT_CALLBACK_MISSING_FLAG();
          ^

TypeError: A dynamic import callback was invoked without --experimental-vm-modules
    at importModuleDynamicallyCallback (node:internal/modules/esm/utils:211:11)
    at domAnimation (C:\Users\leovp\Programming\adorador\adorador-frontend\node_modules\@heroui\modal\dist\index.js:246:58)
    at C:\Users\leovp\Programming\adorador\adorador-frontend\node_modules\framer-motion\dist\cjs\index.js:9462:13
    at commitHookEffectListMount (C:\Users\leovp\Programming\adorador\adorador-frontend\node_modules\react-dom\cjs\react-dom.development.js:23189:26)
    at commitPassiveMountOnFiber (C:\Users\leovp\Programming\adorador\adorador-frontend\node_modules\react-dom\cjs\react-dom.development.js:24970:11)
    at commitPassiveMountEffects_complete (C:\Users\leovp\Programming\adorador\adorador-frontend\node_modules\react-dom\cjs\react-dom.development.js:24930:9)
    at commitPassiveMountEffects_begin (C:\Users\leovp\Programming\adorador\adorador-frontend\node_modules\react-dom\cjs\react-dom.development.js:24917:7)
    at commitPassiveMountEffects (C:\Users\leovp\Programming\adorador\adorador-frontend\node_modules\react-dom\cjs\react-dom.development.js:24905:3)
    at flushPassiveEffectsImpl (C:\Users\leovp\Programming\adorador\adorador-frontend\node_modules\react-dom\cjs\react-dom.development.js:27078:3)
    at flushPassiveEffects (C:\Users\leovp\Programming\adorador\adorador-frontend\node_modules\react-dom\cjs\react-dom.development.js:27023:14)
    at commitRootImpl (C:\Users\leovp\Programming\adorador\adorador-frontend\node_modules\react-dom\cjs\react-dom.development.js:26974:5)
    at commitRoot (C:\Users\leovp\Programming\adorador\adorador-frontend\node_modules\react-dom\cjs\react-dom.development.js:26721:5)
    at performSyncWorkOnRoot (C:\Users\leovp\Programming\adorador\adorador-frontend\node_modules\react-dom\cjs\react-dom.development.js:26156:3)
    at flushSyncCallbacks (C:\Users\leovp\Programming\adorador\adorador-frontend\node_modules\react-dom\cjs\react-dom.development.js:12042:22)
    at flushActQueue (C:\Users\leovp\Programming\adorador\adorador-frontend\node_modules\react\cjs\react.development.js:2667:24)
    at act (C:\Users\leovp\Programming\adorador\adorador-frontend\node_modules\react\cjs\react.development.js:2582:11)
    at C:\Users\leovp\Programming\adorador\adorador-frontend\node_modules\@testing-library\react\dist\act-compat.js:47:25
    at Object.eventWrapper (C:\Users\leovp\Programming\adorador\adorador-frontend\node_modules\@testing-library\react\dist\pure.js:107:28)
    at fireEvent (C:\Users\leovp\Programming\adorador\adorador-frontend\node_modules\@testing-library\dom\dist\events.js:12:35)
    at Function.fireEvent.<computed> [as click] (C:\Users\leovp\Programming\adorador\adorador-frontend\node_modules\@testing-library\dom\dist\events.js:110:36)
    at Function.fireEvent.<computed> [as click] (C:\Users\leovp\Programming\adorador\adorador-frontend\node_modules\@testing-library\react\dist\fire-event.js:15:52)
    at Object.click (C:\Users\leovp\Programming\adorador\adorador-frontend\src\app\(public)\grupos\[bandId]\canciones\[songId]\_components\__tests__\ButtonNormalizeLyrics.test.tsx:104:15)
    at Promise.finally.completed (C:\Users\leovp\Programming\adorador\adorador-frontend\node_modules\jest-circus\build\jestAdapterInit.js:1557:28)
    at new Promise (<anonymous>)
    at callAsyncCircusFn (C:\Users\leovp\Programming\adorador\adorador-frontend\node_modules\jest-circus\build\jestAdapterInit.js:1497:10)
    at _callCircusTest (C:\Users\leovp\Programming\adorador\adorador-frontend\node_modules\jest-circus\build\jestAdapterInit.js:1007:40)
    at processTicksAndRejections (node:internal/process/task_queues:95:5)
    at _runTest (C:\Users\leovp\Programming\adorador\adorador-frontend\node_modules\jest-circus\build\jestAdapterInit.js:947:3)
    at C:\Users\leovp\Programming\adorador\adorador-frontend\node_modules\jest-circus\build\jestAdapterInit.js:849:7
    at _runTestsForDescribeBlock (C:\Users\leovp\Programming\adorador\adorador-frontend\node_modules\jest-circus\build\jestAdapterInit.js:862:11)
    at _runTestsForDescribeBlock (C:\Users\leovp\Programming\adorador\adorador-frontend\node_modules\jest-circus\build\jestAdapterInit.js:857:11)
    at run (C:\Users\leovp\Programming\adorador\adorador-frontend\node_modules\jest-circus\build\jestAdapterInit.js:761:3)
    at runAndTransformResultsToJestFormat (C:\Users\leovp\Programming\adorador\adorador-frontend\node_modules\jest-circus\build\jestAdapterInit.js:1918:21)
    at jestAdapter (C:\Users\leovp\Programming\adorador\adorador-frontend\node_modules\jest-circus\build\runner.js:101:19)
    at runTestInternal (C:\Users\leovp\Programming\adorador\adorador-frontend\node_modules\jest-runner\build\testWorker.js:277:16)
    at runTest (C:\Users\leovp\Programming\adorador\adorador-frontend\node_modules\jest-runner\build\testWorker.js:345:7)
    at Object.worker (C:\Users\leovp\Programming\adorador\adorador-frontend\node_modules\jest-runner\build\testWorker.js:499:12) {
  code: 'ERR_VM_DYNAMIC_IMPORT_CALLBACK_MISSING_FLAG'
}

Node.js v20.11.1
node:internal/modules/esm/utils:211
    throw new ERR_VM_DYNAMIC_IMPORT_CALLBACK_MISSING_FLAG();
          ^

TypeError: A dynamic import callback was invoked without --experimental-vm-modules
    at importModuleDynamicallyCallback (node:internal/modules/esm/utils:211:11)
    at domAnimation (C:\Users\leovp\Programming\adorador\adorador-frontend\node_modules\@heroui\modal\dist\index.js:246:58)
    at C:\Users\leovp\Programming\adorador\adorador-frontend\node_modules\framer-motion\dist\cjs\index.js:9462:13
    at commitHookEffectListMount (C:\Users\leovp\Programming\adorador\adorador-frontend\node_modules\react-dom\cjs\react-dom.development.js:23189:26)
    at commitPassiveMountOnFiber (C:\Users\leovp\Programming\adorador\adorador-frontend\node_modules\react-dom\cjs\react-dom.development.js:24970:11)
    at commitPassiveMountEffects_complete (C:\Users\leovp\Programming\adorador\adorador-frontend\node_modules\react-dom\cjs\react-dom.development.js:24930:9)
    at commitPassiveMountEffects_begin (C:\Users\leovp\Programming\adorador\adorador-frontend\node_modules\react-dom\cjs\react-dom.development.js:24917:7)
    at commitPassiveMountEffects (C:\Users\leovp\Programming\adorador\adorador-frontend\node_modules\react-dom\cjs\react-dom.development.js:24905:3)
    at flushPassiveEffectsImpl (C:\Users\leovp\Programming\adorador\adorador-frontend\node_modules\react-dom\cjs\react-dom.development.js:27078:3)
    at flushPassiveEffects (C:\Users\leovp\Programming\adorador\adorador-frontend\node_modules\react-dom\cjs\react-dom.development.js:27023:14)
    at commitRootImpl (C:\Users\leovp\Programming\adorador\adorador-frontend\node_modules\react-dom\cjs\react-dom.development.js:26974:5)
    at commitRoot (C:\Users\leovp\Programming\adorador\adorador-frontend\node_modules\react-dom\cjs\react-dom.development.js:26721:5)
    at performSyncWorkOnRoot (C:\Users\leovp\Programming\adorador\adorador-frontend\node_modules\react-dom\cjs\react-dom.development.js:26156:3)
    at flushSyncCallbacks (C:\Users\leovp\Programming\adorador\adorador-frontend\node_modules\react-dom\cjs\react-dom.development.js:12042:22)
    at flushActQueue (C:\Users\leovp\Programming\adorador\adorador-frontend\node_modules\react\cjs\react.development.js:2667:24)
    at act (C:\Users\leovp\Programming\adorador\adorador-frontend\node_modules\react\cjs\react.development.js:2582:11)
    at C:\Users\leovp\Programming\adorador\adorador-frontend\node_modules\@testing-library\react\dist\act-compat.js:47:25
    at Object.eventWrapper (C:\Users\leovp\Programming\adorador\adorador-frontend\node_modules\@testing-library\react\dist\pure.js:107:28)
    at fireEvent (C:\Users\leovp\Programming\adorador\adorador-frontend\node_modules\@testing-library\dom\dist\events.js:12:35)
    at Function.fireEvent.<computed> [as click] (C:\Users\leovp\Programming\adorador\adorador-frontend\node_modules\@testing-library\dom\dist\events.js:110:36)
    at Function.fireEvent.<computed> [as click] (C:\Users\leovp\Programming\adorador\adorador-frontend\node_modules\@testing-library\react\dist\fire-event.js:15:52)
    at Object.click (C:\Users\leovp\Programming\adorador\adorador-frontend\src\app\(public)\grupos\[bandId]\canciones\[songId]\_components\__tests__\ButtonNormalizeLyrics.test.tsx:104:15)
    at Promise.finally.completed (C:\Users\leovp\Programming\adorador\adorador-frontend\node_modules\jest-circus\build\jestAdapterInit.js:1557:28)
    at new Promise (<anonymous>)
    at callAsyncCircusFn (C:\Users\leovp\Programming\adorador\adorador-frontend\node_modules\jest-circus\build\jestAdapterInit.js:1497:10)
    at _callCircusTest (C:\Users\leovp\Programming\adorador\adorador-frontend\node_modules\jest-circus\build\jestAdapterInit.js:1007:40)
    at processTicksAndRejections (node:internal/process/task_queues:95:5)
    at _runTest (C:\Users\leovp\Programming\adorador\adorador-frontend\node_modules\jest-circus\build\jestAdapterInit.js:947:3)
    at C:\Users\leovp\Programming\adorador\adorador-frontend\node_modules\jest-circus\build\jestAdapterInit.js:849:7
    at _runTestsForDescribeBlock (C:\Users\leovp\Programming\adorador\adorador-frontend\node_modules\jest-circus\build\jestAdapterInit.js:862:11)
    at _runTestsForDescribeBlock (C:\Users\leovp\Programming\adorador\adorador-frontend\node_modules\jest-circus\build\jestAdapterInit.js:857:11)
    at run (C:\Users\leovp\Programming\adorador\adorador-frontend\node_modules\jest-circus\build\jestAdapterInit.js:761:3)
    at runAndTransformResultsToJestFormat (C:\Users\leovp\Programming\adorador\adorador-frontend\node_modules\jest-circus\build\jestAdapterInit.js:1918:21)
    at jestAdapter (C:\Users\leovp\Programming\adorador\adorador-frontend\node_modules\jest-circus\build\runner.js:101:19)
    at runTestInternal (C:\Users\leovp\Programming\adorador\adorador-frontend\node_modules\jest-runner\build\testWorker.js:277:16)
    at runTest (C:\Users\leovp\Programming\adorador\adorador-frontend\node_modules\jest-runner\build\testWorker.js:345:7)
    at Object.worker (C:\Users\leovp\Programming\adorador\adorador-frontend\node_modules\jest-runner\build\testWorker.js:499:12) {
  code: 'ERR_VM_DYNAMIC_IMPORT_CALLBACK_MISSING_FLAG'
}

Node.js v20.11.1
node:internal/modules/esm/utils:211
    throw new ERR_VM_DYNAMIC_IMPORT_CALLBACK_MISSING_FLAG();
          ^

TypeError: A dynamic import callback was invoked without --experimental-vm-modules
    at importModuleDynamicallyCallback (node:internal/modules/esm/utils:211:11)
    at domAnimation (C:\Users\leovp\Programming\adorador\adorador-frontend\node_modules\@heroui\modal\dist\index.js:246:58)
    at C:\Users\leovp\Programming\adorador\adorador-frontend\node_modules\framer-motion\dist\cjs\index.js:9462:13
    at commitHookEffectListMount (C:\Users\leovp\Programming\adorador\adorador-frontend\node_modules\react-dom\cjs\react-dom.development.js:23189:26)
    at commitPassiveMountOnFiber (C:\Users\leovp\Programming\adorador\adorador-frontend\node_modules\react-dom\cjs\react-dom.development.js:24970:11)
    at commitPassiveMountEffects_complete (C:\Users\leovp\Programming\adorador\adorador-frontend\node_modules\react-dom\cjs\react-dom.development.js:24930:9)
    at commitPassiveMountEffects_begin (C:\Users\leovp\Programming\adorador\adorador-frontend\node_modules\react-dom\cjs\react-dom.development.js:24917:7)
    at commitPassiveMountEffects (C:\Users\leovp\Programming\adorador\adorador-frontend\node_modules\react-dom\cjs\react-dom.development.js:24905:3)
    at flushPassiveEffectsImpl (C:\Users\leovp\Programming\adorador\adorador-frontend\node_modules\react-dom\cjs\react-dom.development.js:27078:3)
    at flushPassiveEffects (C:\Users\leovp\Programming\adorador\adorador-frontend\node_modules\react-dom\cjs\react-dom.development.js:27023:14)
    at commitRootImpl (C:\Users\leovp\Programming\adorador\adorador-frontend\node_modules\react-dom\cjs\react-dom.development.js:26974:5)
    at commitRoot (C:\Users\leovp\Programming\adorador\adorador-frontend\node_modules\react-dom\cjs\react-dom.development.js:26721:5)
    at performSyncWorkOnRoot (C:\Users\leovp\Programming\adorador\adorador-frontend\node_modules\react-dom\cjs\react-dom.development.js:26156:3)
    at flushSyncCallbacks (C:\Users\leovp\Programming\adorador\adorador-frontend\node_modules\react-dom\cjs\react-dom.development.js:12042:22)
    at flushActQueue (C:\Users\leovp\Programming\adorador\adorador-frontend\node_modules\react\cjs\react.development.js:2667:24)
    at act (C:\Users\leovp\Programming\adorador\adorador-frontend\node_modules\react\cjs\react.development.js:2582:11)
    at C:\Users\leovp\Programming\adorador\adorador-frontend\node_modules\@testing-library\react\dist\act-compat.js:47:25
    at Object.eventWrapper (C:\Users\leovp\Programming\adorador\adorador-frontend\node_modules\@testing-library\react\dist\pure.js:107:28)
    at fireEvent (C:\Users\leovp\Programming\adorador\adorador-frontend\node_modules\@testing-library\dom\dist\events.js:12:35)
    at Function.fireEvent.<computed> [as click] (C:\Users\leovp\Programming\adorador\adorador-frontend\node_modules\@testing-library\dom\dist\events.js:110:36)
    at Function.fireEvent.<computed> [as click] (C:\Users\leovp\Programming\adorador\adorador-frontend\node_modules\@testing-library\react\dist\fire-event.js:15:52)
    at Object.click (C:\Users\leovp\Programming\adorador\adorador-frontend\src\app\(public)\grupos\[bandId]\canciones\[songId]\_components\__tests__\ButtonNormalizeLyrics.test.tsx:104:15)
    at Promise.finally.completed (C:\Users\leovp\Programming\adorador\adorador-frontend\node_modules\jest-circus\build\jestAdapterInit.js:1557:28)
    at new Promise (<anonymous>)
    at callAsyncCircusFn (C:\Users\leovp\Programming\adorador\adorador-frontend\node_modules\jest-circus\build\jestAdapterInit.js:1497:10)
    at _callCircusTest (C:\Users\leovp\Programming\adorador\adorador-frontend\node_modules\jest-circus\build\jestAdapterInit.js:1007:40)
    at processTicksAndRejections (node:internal/process/task_queues:95:5)
    at _runTest (C:\Users\leovp\Programming\adorador\adorador-frontend\node_modules\jest-circus\build\jestAdapterInit.js:947:3)
    at C:\Users\leovp\Programming\adorador\adorador-frontend\node_modules\jest-circus\build\jestAdapterInit.js:849:7
    at _runTestsForDescribeBlock (C:\Users\leovp\Programming\adorador\adorador-frontend\node_modules\jest-circus\build\jestAdapterInit.js:862:11)
    at _runTestsForDescribeBlock (C:\Users\leovp\Programming\adorador\adorador-frontend\node_modules\jest-circus\build\jestAdapterInit.js:857:11)
    at run (C:\Users\leovp\Programming\adorador\adorador-frontend\node_modules\jest-circus\build\jestAdapterInit.js:761:3)
    at runAndTransformResultsToJestFormat (C:\Users\leovp\Programming\adorador\adorador-frontend\node_modules\jest-circus\build\jestAdapterInit.js:1918:21)
    at jestAdapter (C:\Users\leovp\Programming\adorador\adorador-frontend\node_modules\jest-circus\build\runner.js:101:19)
    at runTestInternal (C:\Users\leovp\Programming\adorador\adorador-frontend\node_modules\jest-runner\build\testWorker.js:277:16)
    at runTest (C:\Users\leovp\Programming\adorador\adorador-frontend\node_modules\jest-runner\build\testWorker.js:345:7)
    at Object.worker (C:\Users\leovp\Programming\adorador\adorador-frontend\node_modules\jest-runner\build\testWorker.js:499:12) {
  code: 'ERR_VM_DYNAMIC_IMPORT_CALLBACK_MISSING_FLAG'
}

Node.js v20.11.1
FAIL src/app/(public)/grupos/[bandId]/canciones/[songId]/_components/__tests__/ButtonNormalizeLyrics.test.tsx
  ΓùÅ Test suite failed to run

    Jest worker encountered 4 child process exceptions, exceeding retry limit

      at ChildProcessWorker.initialize (node_modules/jest-worker/build/index.js:805:21)

A worker process has failed to exit gracefully and has been force exited. This is likely caused by tests leaking due to improper teardown. Try running with --detectOpenHandles to find leaks. Active timers can also cause this, ensure that .unref() was called on them.
Summary of all failing tests
FAIL src/app/(public)/grupos/[bandId]/canciones/[songId]/_components/__tests__/LyricsTextEditor.test.tsx (48.876 s)
  ΓùÅ LyricsTextEditor ΓÇ║ should auto-save to localStorage after typing

    expect(jest.fn()).toHaveBeenCalledWith(...expected)

    Expected: "1", "100", "Auto save test", "Test Song"

    Number of calls: 0

    Ignored nodes: comments, script, style
    <html>
      <head />
      <body>
        <div>
          <div
            class="flex w-full flex-col items-center gap-4"
          >
            <div
              class="flex w-full max-w-3xl items-center justify-between"
            >
              <div>
                <h4
                  class="text-lg font-bold dark:text-slate-100"
                >
                  Editor de Letras
                </h4>
                <p
                  class="text-sm text-slate-600 dark:text-slate-300"
                >
                  Escribe la letra con los acordes sobre cada l├¡nea
                </p>
              </div>
            </div>
            <div
              class="w-full max-w-3xl rounded-lg border-1 border-slate-200 bg-white p-4 dark:bg-gray-900 dark:border-slate-700"
            >
              <h5
                class="mb-3 font-semibold text-slate-700 dark:text-slate-100"
              >
                Instrucciones de formato:
              </h5>
              <ul
                class="mb-4 space-y-1 text-sm text-slate-600 dark:text-slate-300"
              >
                <li>
                  ΓÇó Incluye etiquetas de estructura entre par├⌐ntesis: (verso), (coro), (intro), (puente)
                </li>
                <li>
                  ΓÇó Los acordes van sobre la letra (l├¡nea anterior)
                </li>
                <li>
                  ΓÇó Formato de acordes: Em, D, Gbm, C#, Bb/G, etc.
                </li>
                <li>
                  ΓÇó Puedes usar bemoles (b) y sostenidos (#)
                </li>
                <li>
                  ΓÇó Puedes dejar espacios en blanco entre secciones
                </li>
              </ul>
              <div
                class="mb-4 rounded-md bg-slate-50 p-3 dark:bg-gray-800"
              >
                <p
                  class="mb-2 text-sm font-semibold text-slate-700 dark:text-slate-100"
                >
                  Ejemplo:
                </p>
                <pre
                  class="whitespace-pre-wrap text-xs text-slate-600 dark:text-slate-300"
                >
                  (verso)
    Em
    Mi Dios, eres mi fortaleza
              D/E
    A ti me entrego yo



    (coro)
           Em      Gbm
    Senor, eres mi anhelo
               D
    Eres todo para mi
                </pre>
              </div>
              <textarea
                class="min-h-[300px] w-full rounded-md border-1 border-slate-300 p-4 font-mono text-sm focus:border-primary-500 focus:outline-none focus:ring-2 focus:ring-primary-200 dark:bg-gray-950 dark:border-slate-700 dark:text-slate-100 dark:placeholder:text-slate-400"
                placeholder="Escribe aqu├¡ la letra con los acordes...

    Ejemplo:
    (verso)
    Em
    Mi Dios, eres mi fortaleza
              D/E
    A ti me entrego yo



    (coro)
           Em      Gbm
    Senor, eres mi anhelo
               D
    Eres todo para mi"
                spellcheck="false"
              >
                Auto save test
              </textarea>
            </div>
            <div
              class="flex w-full max-w-3xl justify-end gap-3"
            >
              <button>
                Cargar Letra
              </button>
            </div>
          </div>
        </div>
      </body>
    </html>

      189 |     await waitFor(
      190 |       () => {
    > 191 |         expect(mockSaveTempLyrics).toHaveBeenCalledWith(
          |                                    ^
      192 |           '1',
      193 |           '100',
      194 |           'Auto save test',

      at toHaveBeenCalledWith (C:\Users\leovp\Programming\adorador\adorador-frontend\src\app\(public)../../../../../grupos/[bandId]/canciones/[songId]/_components/__tests__/LyricsTextEditor.test.tsx:191:36)
      at runWithExpensiveErrorDiagnosticsDisabled (node_modules/@testing-library/dom/dist/config.js:47:12)
      at checkCallback (node_modules/@testing-library/dom/dist/wait-for.js:124:77)
      at checkRealTimersCallback (node_modules/@testing-library/dom/dist/wait-for.js:118:16)
      at Timeout.task [as _onTimeout] (node_modules/jsdom/lib/jsdom/browser/Window.js:579:19)

FAIL src/app/(public)/grupos/[bandId]/eventos/[eventId]/en-vivo/_components/addSongToEvent/__tests__/AddSongEventButton.test.tsx (60.726 s)
  ΓùÅ AddSongEventButton ΓÇ║ should open popover when clicking the button

    TypeError: A dynamic import callback was invoked without --experimental-vm-modules

      57 |
      58 |   it('should render the button', () => {
    > 59 |     render(<AddSongEventButton params={mockParams} refetch={mockRefetch} />);
         |           ^
      60 |
      61 |     const button = screen.getByLabelText('Agregar canci├│n al evento');
      62 |     expect(button).toBeInTheDocument();

      at domAnimation (node_modules/@heroui/tooltip/dist/index.js:252:58)
      at node_modules/framer-motion/dist/cjs/index.js:9462:13
      at commitHookEffectListMount (node_modules/react-dom/cjs/react-dom.development.js:23189:26)
      at commitPassiveMountOnFiber (node_modules/react-dom/cjs/react-dom.development.js:24970:11)
      at commitPassiveMountEffects_complete (node_modules/react-dom/cjs/react-dom.development.js:24930:9)
      at commitPassiveMountEffects_begin (node_modules/react-dom/cjs/react-dom.development.js:24917:7)
      at commitPassiveMountEffects (node_modules/react-dom/cjs/react-dom.development.js:24905:3)
      at flushPassiveEffectsImpl (node_modules/react-dom/cjs/react-dom.development.js:27078:3)
      at flushPassiveEffects (node_modules/react-dom/cjs/react-dom.development.js:27023:14)
      at node_modules/react-dom/cjs/react-dom.development.js:26808:9
      at flushActQueue (node_modules/react/cjs/react.development.js:2667:24)
      at act (node_modules/react/cjs/react.development.js:2582:11)
      at node_modules/@testing-library/react/dist/act-compat.js:47:25
      at renderRoot (node_modules/@testing-library/react/dist/pure.js:190:26)
      at render (node_modules/@testing-library/react/dist/pure.js:292:10)
      at Object.<anonymous> (C:\Users\leovp\Programming\adorador\adorador-frontend\src\app\(public)../../../../../grupos/[bandId]/eventos/[eventId]/en-vivo/_components/addSongToEvent/__tests__/AddSongEventButton.test.tsx:59:11)

  ΓùÅ AddSongEventButton ΓÇ║ should open popover when clicking the button

    TypeError: A dynamic import callback was invoked without --experimental-vm-modules

      64 |
      65 |   it('should open popover when clicking the button', async () => {
    > 66 |     render(<AddSongEventButton params={mockParams} refetch={mockRefetch} />);
         |           ^
      67 |
      68 |     const button = screen.getByLabelText('Agregar canci├│n al evento');
      69 |     fireEvent.click(button);

      at domAnimation (node_modules/@heroui/tooltip/dist/index.js:252:58)
      at node_modules/framer-motion/dist/cjs/index.js:9462:13
      at commitHookEffectListMount (node_modules/react-dom/cjs/react-dom.development.js:23189:26)
      at commitPassiveMountOnFiber (node_modules/react-dom/cjs/react-dom.development.js:24970:11)
      at commitPassiveMountEffects_complete (node_modules/react-dom/cjs/react-dom.development.js:24930:9)
      at commitPassiveMountEffects_begin (node_modules/react-dom/cjs/react-dom.development.js:24917:7)
      at commitPassiveMountEffects (node_modules/react-dom/cjs/react-dom.development.js:24905:3)
      at flushPassiveEffectsImpl (node_modules/react-dom/cjs/react-dom.development.js:27078:3)
      at flushPassiveEffects (node_modules/react-dom/cjs/react-dom.development.js:27023:14)
      at node_modules/react-dom/cjs/react-dom.development.js:26808:9
      at flushActQueue (node_modules/react/cjs/react.development.js:2667:24)
      at act (node_modules/react/cjs/react.development.js:2582:11)
      at node_modules/@testing-library/react/dist/act-compat.js:47:25
      at renderRoot (node_modules/@testing-library/react/dist/pure.js:190:26)
      at render (node_modules/@testing-library/react/dist/pure.js:292:10)
      at Object.<anonymous> (C:\Users\leovp\Programming\adorador\adorador-frontend\src\app\(public)../../../../../grupos/[bandId]/eventos/[eventId]/en-vivo/_components/addSongToEvent/__tests__/AddSongEventButton.test.tsx:66:11)

  ΓùÅ AddSongEventButton ΓÇ║ should open popover when clicking the button

    TypeError: A dynamic import callback was invoked without --experimental-vm-modules

      67 |
      68 |     const button = screen.getByLabelText('Agregar canci├│n al evento');
    > 69 |     fireEvent.click(button);
         |               ^
      70 |
      71 |     await waitFor(() => {
      72 |       expect(screen.getByText(/Cat├ílogo de Canciones/)).toBeInTheDocument();

      at domAnimation (node_modules/@heroui/popover/dist/index.js:432:58)
      at node_modules/framer-motion/dist/cjs/index.js:9462:13
      at commitHookEffectListMount (node_modules/react-dom/cjs/react-dom.development.js:23189:26)
      at commitPassiveMountOnFiber (node_modules/react-dom/cjs/react-dom.development.js:24970:11)
      at commitPassiveMountEffects_complete (node_modules/react-dom/cjs/react-dom.development.js:24930:9)
      at commitPassiveMountEffects_begin (node_modules/react-dom/cjs/react-dom.development.js:24917:7)
      at commitPassiveMountEffects (node_modules/react-dom/cjs/react-dom.development.js:24905:3)
      at flushPassiveEffectsImpl (node_modules/react-dom/cjs/react-dom.development.js:27078:3)
      at flushPassiveEffects (node_modules/react-dom/cjs/react-dom.development.js:27023:14)
      at commitRootImpl (node_modules/react-dom/cjs/react-dom.development.js:26974:5)
      at commitRoot (node_modules/react-dom/cjs/react-dom.development.js:26721:5)
      at performSyncWorkOnRoot (node_modules/react-dom/cjs/react-dom.development.js:26156:3)
      at flushSyncCallbacks (node_modules/react-dom/cjs/react-dom.development.js:12042:22)
      at flushActQueue (node_modules/react/cjs/react.development.js:2667:24)
      at act (node_modules/react/cjs/react.development.js:2582:11)
      at node_modules/@testing-library/react/dist/act-compat.js:47:25
      at Object.eventWrapper (node_modules/@testing-library/react/dist/pure.js:107:28)
      at fireEvent (node_modules/@testing-library/dom/dist/events.js:12:35)
      at Function.fireEvent.<computed> [as click] (node_modules/@testing-library/dom/dist/events.js:110:36)
      at Function.fireEvent.<computed> [as click] (node_modules/@testing-library/react/dist/fire-event.js:15:52)
      at Object.click (C:\Users\leovp\Programming\adorador\adorador-frontend\src\app\(public)../../../../../grupos/[bandId]/eventos/[eventId]/en-vivo/_components/addSongToEvent/__tests__/AddSongEventButton.test.tsx:69:15)

  ΓùÅ AddSongEventButton ΓÇ║ should open popover when clicking the button

    TypeError: A dynamic import callback was invoked without --experimental-vm-modules

      57 |
      58 |   it('should render the button', () => {
    > 59 |     render(<AddSongEventButton params={mockParams} refetch={mockRefetch} />);
         |           ^
      60 |
      61 |     const button = screen.getByLabelText('Agregar canci├│n al evento');
      62 |     expect(button).toBeInTheDocument();

      at domAnimation (node_modules/@heroui/tooltip/dist/index.js:252:58)
      at node_modules/framer-motion/dist/cjs/index.js:9462:13
      at commitHookEffectListMount (node_modules/react-dom/cjs/react-dom.development.js:23189:26)
      at commitPassiveMountOnFiber (node_modules/react-dom/cjs/react-dom.development.js:24970:11)
      at commitPassiveMountEffects_complete (node_modules/react-dom/cjs/react-dom.development.js:24930:9)
      at commitPassiveMountEffects_begin (node_modules/react-dom/cjs/react-dom.development.js:24917:7)
      at commitPassiveMountEffects (node_modules/react-dom/cjs/react-dom.development.js:24905:3)
      at flushPassiveEffectsImpl (node_modules/react-dom/cjs/react-dom.development.js:27078:3)
      at flushPassiveEffects (node_modules/react-dom/cjs/react-dom.development.js:27023:14)
      at node_modules/react-dom/cjs/react-dom.development.js:26808:9
      at flushActQueue (node_modules/react/cjs/react.development.js:2667:24)
      at act (node_modules/react/cjs/react.development.js:2582:11)
      at node_modules/@testing-library/react/dist/act-compat.js:47:25
      at renderRoot (node_modules/@testing-library/react/dist/pure.js:190:26)
      at render (node_modules/@testing-library/react/dist/pure.js:292:10)
      at Object.<anonymous> (C:\Users\leovp\Programming\adorador\adorador-frontend\src\app\(public)../../../../../grupos/[bandId]/eventos/[eventId]/en-vivo/_components/addSongToEvent/__tests__/AddSongEventButton.test.tsx:59:11)

  ΓùÅ AddSongEventButton ΓÇ║ should open popover when clicking the button

    TypeError: A dynamic import callback was invoked without --experimental-vm-modules

      64 |
      65 |   it('should open popover when clicking the button', async () => {
    > 66 |     render(<AddSongEventButton params={mockParams} refetch={mockRefetch} />);
         |           ^
      67 |
      68 |     const button = screen.getByLabelText('Agregar canci├│n al evento');
      69 |     fireEvent.click(button);

      at domAnimation (node_modules/@heroui/tooltip/dist/index.js:252:58)
      at node_modules/framer-motion/dist/cjs/index.js:9462:13
      at commitHookEffectListMount (node_modules/react-dom/cjs/react-dom.development.js:23189:26)
      at commitPassiveMountOnFiber (node_modules/react-dom/cjs/react-dom.development.js:24970:11)
      at commitPassiveMountEffects_complete (node_modules/react-dom/cjs/react-dom.development.js:24930:9)
      at commitPassiveMountEffects_begin (node_modules/react-dom/cjs/react-dom.development.js:24917:7)
      at commitPassiveMountEffects (node_modules/react-dom/cjs/react-dom.development.js:24905:3)
      at flushPassiveEffectsImpl (node_modules/react-dom/cjs/react-dom.development.js:27078:3)
      at flushPassiveEffects (node_modules/react-dom/cjs/react-dom.development.js:27023:14)
      at node_modules/react-dom/cjs/react-dom.development.js:26808:9
      at flushActQueue (node_modules/react/cjs/react.development.js:2667:24)
      at act (node_modules/react/cjs/react.development.js:2582:11)
      at node_modules/@testing-library/react/dist/act-compat.js:47:25
      at renderRoot (node_modules/@testing-library/react/dist/pure.js:190:26)
      at render (node_modules/@testing-library/react/dist/pure.js:292:10)
      at Object.<anonymous> (C:\Users\leovp\Programming\adorador\adorador-frontend\src\app\(public)../../../../../grupos/[bandId]/eventos/[eventId]/en-vivo/_components/addSongToEvent/__tests__/AddSongEventButton.test.tsx:66:11)

  ΓùÅ AddSongEventButton ΓÇ║ should open popover when clicking the button

    TypeError: A dynamic import callback was invoked without --experimental-vm-modules

      67 |
      68 |     const button = screen.getByLabelText('Agregar canci├│n al evento');
    > 69 |     fireEvent.click(button);
         |               ^
      70 |
      71 |     await waitFor(() => {
      72 |       expect(screen.getByText(/Cat├ílogo de Canciones/)).toBeInTheDocument();

      at domAnimation (node_modules/@heroui/popover/dist/index.js:432:58)
      at node_modules/framer-motion/dist/cjs/index.js:9462:13
      at commitHookEffectListMount (node_modules/react-dom/cjs/react-dom.development.js:23189:26)
      at commitPassiveMountOnFiber (node_modules/react-dom/cjs/react-dom.development.js:24970:11)
      at commitPassiveMountEffects_complete (node_modules/react-dom/cjs/react-dom.development.js:24930:9)
      at commitPassiveMountEffects_begin (node_modules/react-dom/cjs/react-dom.development.js:24917:7)
      at commitPassiveMountEffects (node_modules/react-dom/cjs/react-dom.development.js:24905:3)
      at flushPassiveEffectsImpl (node_modules/react-dom/cjs/react-dom.development.js:27078:3)
      at flushPassiveEffects (node_modules/react-dom/cjs/react-dom.development.js:27023:14)
      at commitRootImpl (node_modules/react-dom/cjs/react-dom.development.js:26974:5)
      at commitRoot (node_modules/react-dom/cjs/react-dom.development.js:26721:5)
      at performSyncWorkOnRoot (node_modules/react-dom/cjs/react-dom.development.js:26156:3)
      at flushSyncCallbacks (node_modules/react-dom/cjs/react-dom.development.js:12042:22)
      at flushActQueue (node_modules/react/cjs/react.development.js:2667:24)
      at act (node_modules/react/cjs/react.development.js:2582:11)
      at node_modules/@testing-library/react/dist/act-compat.js:47:25
      at Object.eventWrapper (node_modules/@testing-library/react/dist/pure.js:107:28)
      at fireEvent (node_modules/@testing-library/dom/dist/events.js:12:35)
      at Function.fireEvent.<computed> [as click] (node_modules/@testing-library/dom/dist/events.js:110:36)
      at Function.fireEvent.<computed> [as click] (node_modules/@testing-library/react/dist/fire-event.js:15:52)
      at Object.click (C:\Users\leovp\Programming\adorador\adorador-frontend\src\app\(public)../../../../../grupos/[bandId]/eventos/[eventId]/en-vivo/_components/addSongToEvent/__tests__/AddSongEventButton.test.tsx:69:15)

  ΓùÅ AddSongEventButton ΓÇ║ should open catalog modal when clicking catalog button

    TypeError: A dynamic import callback was invoked without --experimental-vm-modules

      76 |
      77 |   it('should open catalog modal when clicking catalog button', async () => {
    > 78 |     render(<AddSongEventButton params={mockParams} refetch={mockRefetch} />);
         |           ^
      79 |
      80 |     const button = screen.getByLabelText('Agregar canci├│n al evento');
      81 |     fireEvent.click(button);

      at domAnimation (node_modules/@heroui/tooltip/dist/index.js:252:58)
      at node_modules/framer-motion/dist/cjs/index.js:9462:13
      at commitHookEffectListMount (node_modules/react-dom/cjs/react-dom.development.js:23189:26)
      at commitPassiveMountOnFiber (node_modules/react-dom/cjs/react-dom.development.js:24970:11)
      at commitPassiveMountEffects_complete (node_modules/react-dom/cjs/react-dom.development.js:24930:9)
      at commitPassiveMountEffects_begin (node_modules/react-dom/cjs/react-dom.development.js:24917:7)
      at commitPassiveMountEffects (node_modules/react-dom/cjs/react-dom.development.js:24905:3)
      at flushPassiveEffectsImpl (node_modules/react-dom/cjs/react-dom.development.js:27078:3)
      at flushPassiveEffects (node_modules/react-dom/cjs/react-dom.development.js:27023:14)
      at node_modules/react-dom/cjs/react-dom.development.js:26808:9
      at flushActQueue (node_modules/react/cjs/react.development.js:2667:24)
      at act (node_modules/react/cjs/react.development.js:2582:11)
      at node_modules/@testing-library/react/dist/act-compat.js:47:25
      at renderRoot (node_modules/@testing-library/react/dist/pure.js:190:26)
      at render (node_modules/@testing-library/react/dist/pure.js:292:10)
      at Object.<anonymous> (C:\Users\leovp\Programming\adorador\adorador-frontend\src\app\(public)../../../../../grupos/[bandId]/eventos/[eventId]/en-vivo/_components/addSongToEvent/__tests__/AddSongEventButton.test.tsx:78:11)

  ΓùÅ AddSongEventButton ΓÇ║ should open catalog modal when clicking catalog button

    TypeError: A dynamic import callback was invoked without --experimental-vm-modules

      79 |
      80 |     const button = screen.getByLabelText('Agregar canci├│n al evento');
    > 81 |     fireEvent.click(button);
         |               ^
      82 |
      83 |     await waitFor(() => {
      84 |       expect(screen.getByText(/Cat├ílogo de Canciones/)).toBeInTheDocument();

      at domAnimation (node_modules/@heroui/popover/dist/index.js:432:58)
      at node_modules/framer-motion/dist/cjs/index.js:9462:13
      at commitHookEffectListMount (node_modules/react-dom/cjs/react-dom.development.js:23189:26)
      at commitPassiveMountOnFiber (node_modules/react-dom/cjs/react-dom.development.js:24970:11)
      at commitPassiveMountEffects_complete (node_modules/react-dom/cjs/react-dom.development.js:24930:9)
      at commitPassiveMountEffects_begin (node_modules/react-dom/cjs/react-dom.development.js:24917:7)
      at commitPassiveMountEffects (node_modules/react-dom/cjs/react-dom.development.js:24905:3)
      at flushPassiveEffectsImpl (node_modules/react-dom/cjs/react-dom.development.js:27078:3)
      at flushPassiveEffects (node_modules/react-dom/cjs/react-dom.development.js:27023:14)
      at commitRootImpl (node_modules/react-dom/cjs/react-dom.development.js:26974:5)
      at commitRoot (node_modules/react-dom/cjs/react-dom.development.js:26721:5)
      at performSyncWorkOnRoot (node_modules/react-dom/cjs/react-dom.development.js:26156:3)
      at flushSyncCallbacks (node_modules/react-dom/cjs/react-dom.development.js:12042:22)
      at flushActQueue (node_modules/react/cjs/react.development.js:2667:24)
      at act (node_modules/react/cjs/react.development.js:2582:11)
      at node_modules/@testing-library/react/dist/act-compat.js:47:25
      at Object.eventWrapper (node_modules/@testing-library/react/dist/pure.js:107:28)
      at fireEvent (node_modules/@testing-library/dom/dist/events.js:12:35)
      at Function.fireEvent.<computed> [as click] (node_modules/@testing-library/dom/dist/events.js:110:36)
      at Function.fireEvent.<computed> [as click] (node_modules/@testing-library/react/dist/fire-event.js:15:52)
      at Object.click (C:\Users\leovp\Programming\adorador\adorador-frontend\src\app\(public)../../../../../grupos/[bandId]/eventos/[eventId]/en-vivo/_components/addSongToEvent/__tests__/AddSongEventButton.test.tsx:81:15)

  ΓùÅ AddSongEventButton ΓÇ║ should open catalog modal when clicking catalog button

    TypeError: A dynamic import callback was invoked without --experimental-vm-modules

      76 |
      77 |   it('should open catalog modal when clicking catalog button', async () => {
    > 78 |     render(<AddSongEventButton params={mockParams} refetch={mockRefetch} />);
         |           ^
      79 |
      80 |     const button = screen.getByLabelText('Agregar canci├│n al evento');
      81 |     fireEvent.click(button);

      at domAnimation (node_modules/@heroui/tooltip/dist/index.js:252:58)
      at node_modules/framer-motion/dist/cjs/index.js:9462:13
      at commitHookEffectListMount (node_modules/react-dom/cjs/react-dom.development.js:23189:26)
      at commitPassiveMountOnFiber (node_modules/react-dom/cjs/react-dom.development.js:24970:11)
      at commitPassiveMountEffects_complete (node_modules/react-dom/cjs/react-dom.development.js:24930:9)
      at commitPassiveMountEffects_begin (node_modules/react-dom/cjs/react-dom.development.js:24917:7)
      at commitPassiveMountEffects (node_modules/react-dom/cjs/react-dom.development.js:24905:3)
      at flushPassiveEffectsImpl (node_modules/react-dom/cjs/react-dom.development.js:27078:3)
      at flushPassiveEffects (node_modules/react-dom/cjs/react-dom.development.js:27023:14)
      at node_modules/react-dom/cjs/react-dom.development.js:26808:9
      at flushActQueue (node_modules/react/cjs/react.development.js:2667:24)
      at act (node_modules/react/cjs/react.development.js:2582:11)
      at node_modules/@testing-library/react/dist/act-compat.js:47:25
      at renderRoot (node_modules/@testing-library/react/dist/pure.js:190:26)
      at render (node_modules/@testing-library/react/dist/pure.js:292:10)
      at Object.<anonymous> (C:\Users\leovp\Programming\adorador\adorador-frontend\src\app\(public)../../../../../grupos/[bandId]/eventos/[eventId]/en-vivo/_components/addSongToEvent/__tests__/AddSongEventButton.test.tsx:78:11)

  ΓùÅ AddSongEventButton ΓÇ║ should open catalog modal when clicking catalog button

    TypeError: A dynamic import callback was invoked without --experimental-vm-modules

      79 |
      80 |     const button = screen.getByLabelText('Agregar canci├│n al evento');
    > 81 |     fireEvent.click(button);
         |               ^
      82 |
      83 |     await waitFor(() => {
      84 |       expect(screen.getByText(/Cat├ílogo de Canciones/)).toBeInTheDocument();

      at domAnimation (node_modules/@heroui/popover/dist/index.js:432:58)
      at node_modules/framer-motion/dist/cjs/index.js:9462:13
      at commitHookEffectListMount (node_modules/react-dom/cjs/react-dom.development.js:23189:26)
      at commitPassiveMountOnFiber (node_modules/react-dom/cjs/react-dom.development.js:24970:11)
      at commitPassiveMountEffects_complete (node_modules/react-dom/cjs/react-dom.development.js:24930:9)
      at commitPassiveMountEffects_begin (node_modules/react-dom/cjs/react-dom.development.js:24917:7)
      at commitPassiveMountEffects (node_modules/react-dom/cjs/react-dom.development.js:24905:3)
      at flushPassiveEffectsImpl (node_modules/react-dom/cjs/react-dom.development.js:27078:3)
      at flushPassiveEffects (node_modules/react-dom/cjs/react-dom.development.js:27023:14)
      at commitRootImpl (node_modules/react-dom/cjs/react-dom.development.js:26974:5)
      at commitRoot (node_modules/react-dom/cjs/react-dom.development.js:26721:5)
      at performSyncWorkOnRoot (node_modules/react-dom/cjs/react-dom.development.js:26156:3)
      at flushSyncCallbacks (node_modules/react-dom/cjs/react-dom.development.js:12042:22)
      at flushActQueue (node_modules/react/cjs/react.development.js:2667:24)
      at act (node_modules/react/cjs/react.development.js:2582:11)
      at node_modules/@testing-library/react/dist/act-compat.js:47:25
      at Object.eventWrapper (node_modules/@testing-library/react/dist/pure.js:107:28)
      at fireEvent (node_modules/@testing-library/dom/dist/events.js:12:35)
      at Function.fireEvent.<computed> [as click] (node_modules/@testing-library/dom/dist/events.js:110:36)
      at Function.fireEvent.<computed> [as click] (node_modules/@testing-library/react/dist/fire-event.js:15:52)
      at Object.click (C:\Users\leovp\Programming\adorador\adorador-frontend\src\app\(public)../../../../../grupos/[bandId]/eventos/[eventId]/en-vivo/_components/addSongToEvent/__tests__/AddSongEventButton.test.tsx:81:15)

  ΓùÅ AddSongEventButton ΓÇ║ should open new song modal when clicking new song button

    TypeError: A dynamic import callback was invoked without --experimental-vm-modules

       95 |
       96 |   it('should open new song modal when clicking new song button', async () => {
    >  97 |     render(<AddSongEventButton params={mockParams} refetch={mockRefetch} />);
          |           ^
       98 |
       99 |     const button = screen.getByLabelText('Agregar canci├│n al evento');
      100 |     fireEvent.click(button);

      at domAnimation (node_modules/@heroui/tooltip/dist/index.js:252:58)
      at node_modules/framer-motion/dist/cjs/index.js:9462:13
      at commitHookEffectListMount (node_modules/react-dom/cjs/react-dom.development.js:23189:26)
      at commitPassiveMountOnFiber (node_modules/react-dom/cjs/react-dom.development.js:24970:11)
      at commitPassiveMountEffects_complete (node_modules/react-dom/cjs/react-dom.development.js:24930:9)
      at commitPassiveMountEffects_begin (node_modules/react-dom/cjs/react-dom.development.js:24917:7)
      at commitPassiveMountEffects (node_modules/react-dom/cjs/react-dom.development.js:24905:3)
      at flushPassiveEffectsImpl (node_modules/react-dom/cjs/react-dom.development.js:27078:3)
      at flushPassiveEffects (node_modules/react-dom/cjs/react-dom.development.js:27023:14)
      at node_modules/react-dom/cjs/react-dom.development.js:26808:9
      at flushActQueue (node_modules/react/cjs/react.development.js:2667:24)
      at act (node_modules/react/cjs/react.development.js:2582:11)
      at node_modules/@testing-library/react/dist/act-compat.js:47:25
      at renderRoot (node_modules/@testing-library/react/dist/pure.js:190:26)
      at render (node_modules/@testing-library/react/dist/pure.js:292:10)
      at Object.<anonymous> (C:\Users\leovp\Programming\adorador\adorador-frontend\src\app\(public)../../../../../grupos/[bandId]/eventos/[eventId]/en-vivo/_components/addSongToEvent/__tests__/AddSongEventButton.test.tsx:97:11)

  ΓùÅ AddSongEventButton ΓÇ║ should open new song modal when clicking new song button

    TypeError: A dynamic import callback was invoked without --experimental-vm-modules

       98 |
       99 |     const button = screen.getByLabelText('Agregar canci├│n al evento');
    > 100 |     fireEvent.click(button);
          |               ^
      101 |
      102 |     await waitFor(() => {
      103 |       expect(screen.getByText(/Nueva Canci├│n/)).toBeInTheDocument();

      at domAnimation (node_modules/@heroui/popover/dist/index.js:432:58)
      at node_modules/framer-motion/dist/cjs/index.js:9462:13
      at commitHookEffectListMount (node_modules/react-dom/cjs/react-dom.development.js:23189:26)
      at commitPassiveMountOnFiber (node_modules/react-dom/cjs/react-dom.development.js:24970:11)
      at commitPassiveMountEffects_complete (node_modules/react-dom/cjs/react-dom.development.js:24930:9)
      at commitPassiveMountEffects_begin (node_modules/react-dom/cjs/react-dom.development.js:24917:7)
      at commitPassiveMountEffects (node_modules/react-dom/cjs/react-dom.development.js:24905:3)
      at flushPassiveEffectsImpl (node_modules/react-dom/cjs/react-dom.development.js:27078:3)
      at flushPassiveEffects (node_modules/react-dom/cjs/react-dom.development.js:27023:14)
      at commitRootImpl (node_modules/react-dom/cjs/react-dom.development.js:26974:5)
      at commitRoot (node_modules/react-dom/cjs/react-dom.development.js:26721:5)
      at performSyncWorkOnRoot (node_modules/react-dom/cjs/react-dom.development.js:26156:3)
      at flushSyncCallbacks (node_modules/react-dom/cjs/react-dom.development.js:12042:22)
      at flushActQueue (node_modules/react/cjs/react.development.js:2667:24)
      at act (node_modules/react/cjs/react.development.js:2582:11)
      at node_modules/@testing-library/react/dist/act-compat.js:47:25
      at Object.eventWrapper (node_modules/@testing-library/react/dist/pure.js:107:28)
      at fireEvent (node_modules/@testing-library/dom/dist/events.js:12:35)
      at Function.fireEvent.<computed> [as click] (node_modules/@testing-library/dom/dist/events.js:110:36)
      at Function.fireEvent.<computed> [as click] (node_modules/@testing-library/react/dist/fire-event.js:15:52)
      at Object.click (C:\Users\leovp\Programming\adorador\adorador-frontend\src\app\(public)../../../../../grupos/[bandId]/eventos/[eventId]/en-vivo/_components/addSongToEvent/__tests__/AddSongEventButton.test.tsx:100:15)

  ΓùÅ AddSongEventButton ΓÇ║ should open new song modal when clicking new song button

    TypeError: A dynamic import callback was invoked without --experimental-vm-modules

       95 |
       96 |   it('should open new song modal when clicking new song button', async () => {
    >  97 |     render(<AddSongEventButton params={mockParams} refetch={mockRefetch} />);
          |           ^
       98 |
       99 |     const button = screen.getByLabelText('Agregar canci├│n al evento');
      100 |     fireEvent.click(button);

      at domAnimation (node_modules/@heroui/tooltip/dist/index.js:252:58)
      at node_modules/framer-motion/dist/cjs/index.js:9462:13
      at commitHookEffectListMount (node_modules/react-dom/cjs/react-dom.development.js:23189:26)
      at commitPassiveMountOnFiber (node_modules/react-dom/cjs/react-dom.development.js:24970:11)
      at commitPassiveMountEffects_complete (node_modules/react-dom/cjs/react-dom.development.js:24930:9)
      at commitPassiveMountEffects_begin (node_modules/react-dom/cjs/react-dom.development.js:24917:7)
      at commitPassiveMountEffects (node_modules/react-dom/cjs/react-dom.development.js:24905:3)
      at flushPassiveEffectsImpl (node_modules/react-dom/cjs/react-dom.development.js:27078:3)
      at flushPassiveEffects (node_modules/react-dom/cjs/react-dom.development.js:27023:14)
      at node_modules/react-dom/cjs/react-dom.development.js:26808:9
      at flushActQueue (node_modules/react/cjs/react.development.js:2667:24)
      at act (node_modules/react/cjs/react.development.js:2582:11)
      at node_modules/@testing-library/react/dist/act-compat.js:47:25
      at renderRoot (node_modules/@testing-library/react/dist/pure.js:190:26)
      at render (node_modules/@testing-library/react/dist/pure.js:292:10)
      at Object.<anonymous> (C:\Users\leovp\Programming\adorador\adorador-frontend\src\app\(public)../../../../../grupos/[bandId]/eventos/[eventId]/en-vivo/_components/addSongToEvent/__tests__/AddSongEventButton.test.tsx:97:11)

  ΓùÅ AddSongEventButton ΓÇ║ should open new song modal when clicking new song button

    TypeError: A dynamic import callback was invoked without --experimental-vm-modules

       98 |
       99 |     const button = screen.getByLabelText('Agregar canci├│n al evento');
    > 100 |     fireEvent.click(button);
          |               ^
      101 |
      102 |     await waitFor(() => {
      103 |       expect(screen.getByText(/Nueva Canci├│n/)).toBeInTheDocument();

      at domAnimation (node_modules/@heroui/popover/dist/index.js:432:58)
      at node_modules/framer-motion/dist/cjs/index.js:9462:13
      at commitHookEffectListMount (node_modules/react-dom/cjs/react-dom.development.js:23189:26)
      at commitPassiveMountOnFiber (node_modules/react-dom/cjs/react-dom.development.js:24970:11)
      at commitPassiveMountEffects_complete (node_modules/react-dom/cjs/react-dom.development.js:24930:9)
      at commitPassiveMountEffects_begin (node_modules/react-dom/cjs/react-dom.development.js:24917:7)
      at commitPassiveMountEffects (node_modules/react-dom/cjs/react-dom.development.js:24905:3)
      at flushPassiveEffectsImpl (node_modules/react-dom/cjs/react-dom.development.js:27078:3)
      at flushPassiveEffects (node_modules/react-dom/cjs/react-dom.development.js:27023:14)
      at commitRootImpl (node_modules/react-dom/cjs/react-dom.development.js:26974:5)
      at commitRoot (node_modules/react-dom/cjs/react-dom.development.js:26721:5)
      at performSyncWorkOnRoot (node_modules/react-dom/cjs/react-dom.development.js:26156:3)
      at flushSyncCallbacks (node_modules/react-dom/cjs/react-dom.development.js:12042:22)
      at flushActQueue (node_modules/react/cjs/react.development.js:2667:24)
      at act (node_modules/react/cjs/react.development.js:2582:11)
      at node_modules/@testing-library/react/dist/act-compat.js:47:25
      at Object.eventWrapper (node_modules/@testing-library/react/dist/pure.js:107:28)
      at fireEvent (node_modules/@testing-library/dom/dist/events.js:12:35)
      at Function.fireEvent.<computed> [as click] (node_modules/@testing-library/dom/dist/events.js:110:36)
      at Function.fireEvent.<computed> [as click] (node_modules/@testing-library/react/dist/fire-event.js:15:52)
      at Object.click (C:\Users\leovp\Programming\adorador\adorador-frontend\src\app\(public)../../../../../grupos/[bandId]/eventos/[eventId]/en-vivo/_components/addSongToEvent/__tests__/AddSongEventButton.test.tsx:100:15)

  ΓùÅ AddSongEventButton ΓÇ║ should close catalog modal when close button is clicked

    TypeError: A dynamic import callback was invoked without --experimental-vm-modules

      114 |
      115 |   it('should close catalog modal when close button is clicked', async () => {
    > 116 |     render(<AddSongEventButton params={mockParams} refetch={mockRefetch} />);
          |           ^
      117 |
      118 |     const button = screen.getByLabelText('Agregar canci├│n al evento');
      119 |     fireEvent.click(button);

      at domAnimation (node_modules/@heroui/tooltip/dist/index.js:252:58)
      at node_modules/framer-motion/dist/cjs/index.js:9462:13
      at commitHookEffectListMount (node_modules/react-dom/cjs/react-dom.development.js:23189:26)
      at commitPassiveMountOnFiber (node_modules/react-dom/cjs/react-dom.development.js:24970:11)
      at commitPassiveMountEffects_complete (node_modules/react-dom/cjs/react-dom.development.js:24930:9)
      at commitPassiveMountEffects_begin (node_modules/react-dom/cjs/react-dom.development.js:24917:7)
      at commitPassiveMountEffects (node_modules/react-dom/cjs/react-dom.development.js:24905:3)
      at flushPassiveEffectsImpl (node_modules/react-dom/cjs/react-dom.development.js:27078:3)
      at flushPassiveEffects (node_modules/react-dom/cjs/react-dom.development.js:27023:14)
      at node_modules/react-dom/cjs/react-dom.development.js:26808:9
      at flushActQueue (node_modules/react/cjs/react.development.js:2667:24)
      at act (node_modules/react/cjs/react.development.js:2582:11)
      at node_modules/@testing-library/react/dist/act-compat.js:47:25
      at renderRoot (node_modules/@testing-library/react/dist/pure.js:190:26)
      at render (node_modules/@testing-library/react/dist/pure.js:292:10)
      at Object.<anonymous> (C:\Users\leovp\Programming\adorador\adorador-frontend\src\app\(public)../../../../../grupos/[bandId]/eventos/[eventId]/en-vivo/_components/addSongToEvent/__tests__/AddSongEventButton.test.tsx:116:11)

  ΓùÅ AddSongEventButton ΓÇ║ should close catalog modal when close button is clicked

    TypeError: A dynamic import callback was invoked without --experimental-vm-modules

      117 |
      118 |     const button = screen.getByLabelText('Agregar canci├│n al evento');
    > 119 |     fireEvent.click(button);
          |               ^
      120 |
      121 |     await waitFor(() => {
      122 |       expect(screen.getByText(/Cat├ílogo de Canciones/)).toBeInTheDocument();

      at domAnimation (node_modules/@heroui/popover/dist/index.js:432:58)
      at node_modules/framer-motion/dist/cjs/index.js:9462:13
      at commitHookEffectListMount (node_modules/react-dom/cjs/react-dom.development.js:23189:26)
      at commitPassiveMountOnFiber (node_modules/react-dom/cjs/react-dom.development.js:24970:11)
      at commitPassiveMountEffects_complete (node_modules/react-dom/cjs/react-dom.development.js:24930:9)
      at commitPassiveMountEffects_begin (node_modules/react-dom/cjs/react-dom.development.js:24917:7)
      at commitPassiveMountEffects (node_modules/react-dom/cjs/react-dom.development.js:24905:3)
      at flushPassiveEffectsImpl (node_modules/react-dom/cjs/react-dom.development.js:27078:3)
      at flushPassiveEffects (node_modules/react-dom/cjs/react-dom.development.js:27023:14)
      at commitRootImpl (node_modules/react-dom/cjs/react-dom.development.js:26974:5)
      at commitRoot (node_modules/react-dom/cjs/react-dom.development.js:26721:5)
      at performSyncWorkOnRoot (node_modules/react-dom/cjs/react-dom.development.js:26156:3)
      at flushSyncCallbacks (node_modules/react-dom/cjs/react-dom.development.js:12042:22)
      at flushActQueue (node_modules/react/cjs/react.development.js:2667:24)
      at act (node_modules/react/cjs/react.development.js:2582:11)
      at node_modules/@testing-library/react/dist/act-compat.js:47:25
      at Object.eventWrapper (node_modules/@testing-library/react/dist/pure.js:107:28)
      at fireEvent (node_modules/@testing-library/dom/dist/events.js:12:35)
      at Function.fireEvent.<computed> [as click] (node_modules/@testing-library/dom/dist/events.js:110:36)
      at Function.fireEvent.<computed> [as click] (node_modules/@testing-library/react/dist/fire-event.js:15:52)
      at Object.click (C:\Users\leovp\Programming\adorador\adorador-frontend\src\app\(public)../../../../../grupos/[bandId]/eventos/[eventId]/en-vivo/_components/addSongToEvent/__tests__/AddSongEventButton.test.tsx:119:15)

  ΓùÅ AddSongEventButton ΓÇ║ should close catalog modal when close button is clicked

    TypeError: A dynamic import callback was invoked without --experimental-vm-modules

      114 |
      115 |   it('should close catalog modal when close button is clicked', async () => {
    > 116 |     render(<AddSongEventButton params={mockParams} refetch={mockRefetch} />);
          |           ^
      117 |
      118 |     const button = screen.getByLabelText('Agregar canci├│n al evento');
      119 |     fireEvent.click(button);

      at domAnimation (node_modules/@heroui/tooltip/dist/index.js:252:58)
      at node_modules/framer-motion/dist/cjs/index.js:9462:13
      at commitHookEffectListMount (node_modules/react-dom/cjs/react-dom.development.js:23189:26)
      at commitPassiveMountOnFiber (node_modules/react-dom/cjs/react-dom.development.js:24970:11)
      at commitPassiveMountEffects_complete (node_modules/react-dom/cjs/react-dom.development.js:24930:9)
      at commitPassiveMountEffects_begin (node_modules/react-dom/cjs/react-dom.development.js:24917:7)
      at commitPassiveMountEffects (node_modules/react-dom/cjs/react-dom.development.js:24905:3)
      at flushPassiveEffectsImpl (node_modules/react-dom/cjs/react-dom.development.js:27078:3)
      at flushPassiveEffects (node_modules/react-dom/cjs/react-dom.development.js:27023:14)
      at node_modules/react-dom/cjs/react-dom.development.js:26808:9
      at flushActQueue (node_modules/react/cjs/react.development.js:2667:24)
      at act (node_modules/react/cjs/react.development.js:2582:11)
      at node_modules/@testing-library/react/dist/act-compat.js:47:25
      at renderRoot (node_modules/@testing-library/react/dist/pure.js:190:26)
      at render (node_modules/@testing-library/react/dist/pure.js:292:10)
      at Object.<anonymous> (C:\Users\leovp\Programming\adorador\adorador-frontend\src\app\(public)../../../../../grupos/[bandId]/eventos/[eventId]/en-vivo/_components/addSongToEvent/__tests__/AddSongEventButton.test.tsx:116:11)

  ΓùÅ AddSongEventButton ΓÇ║ should close catalog modal when close button is clicked

    TypeError: A dynamic import callback was invoked without --experimental-vm-modules

      117 |
      118 |     const button = screen.getByLabelText('Agregar canci├│n al evento');
    > 119 |     fireEvent.click(button);
          |               ^
      120 |
      121 |     await waitFor(() => {
      122 |       expect(screen.getByText(/Cat├ílogo de Canciones/)).toBeInTheDocument();

      at domAnimation (node_modules/@heroui/popover/dist/index.js:432:58)
      at node_modules/framer-motion/dist/cjs/index.js:9462:13
      at commitHookEffectListMount (node_modules/react-dom/cjs/react-dom.development.js:23189:26)
      at commitPassiveMountOnFiber (node_modules/react-dom/cjs/react-dom.development.js:24970:11)
      at commitPassiveMountEffects_complete (node_modules/react-dom/cjs/react-dom.development.js:24930:9)
      at commitPassiveMountEffects_begin (node_modules/react-dom/cjs/react-dom.development.js:24917:7)
      at commitPassiveMountEffects (node_modules/react-dom/cjs/react-dom.development.js:24905:3)
      at flushPassiveEffectsImpl (node_modules/react-dom/cjs/react-dom.development.js:27078:3)
      at flushPassiveEffects (node_modules/react-dom/cjs/react-dom.development.js:27023:14)
      at commitRootImpl (node_modules/react-dom/cjs/react-dom.development.js:26974:5)
      at commitRoot (node_modules/react-dom/cjs/react-dom.development.js:26721:5)
      at performSyncWorkOnRoot (node_modules/react-dom/cjs/react-dom.development.js:26156:3)
      at flushSyncCallbacks (node_modules/react-dom/cjs/react-dom.development.js:12042:22)
      at flushActQueue (node_modules/react/cjs/react.development.js:2667:24)
      at act (node_modules/react/cjs/react.development.js:2582:11)
      at node_modules/@testing-library/react/dist/act-compat.js:47:25
      at Object.eventWrapper (node_modules/@testing-library/react/dist/pure.js:107:28)
      at fireEvent (node_modules/@testing-library/dom/dist/events.js:12:35)
      at Function.fireEvent.<computed> [as click] (node_modules/@testing-library/dom/dist/events.js:110:36)
      at Function.fireEvent.<computed> [as click] (node_modules/@testing-library/react/dist/fire-event.js:15:52)
      at Object.click (C:\Users\leovp\Programming\adorador\adorador-frontend\src\app\(public)../../../../../grupos/[bandId]/eventos/[eventId]/en-vivo/_components/addSongToEvent/__tests__/AddSongEventButton.test.tsx:119:15)

  ΓùÅ AddSongEventButton ΓÇ║ should close new song modal when close button is clicked

    TypeError: A dynamic import callback was invoked without --experimental-vm-modules

      141 |
      142 |   it('should close new song modal when close button is clicked', async () => {
    > 143 |     render(<AddSongEventButton params={mockParams} refetch={mockRefetch} />);
          |           ^
      144 |
      145 |     const button = screen.getByLabelText('Agregar canci├│n al evento');
      146 |     fireEvent.click(button);

      at domAnimation (node_modules/@heroui/tooltip/dist/index.js:252:58)
      at node_modules/framer-motion/dist/cjs/index.js:9462:13
      at commitHookEffectListMount (node_modules/react-dom/cjs/react-dom.development.js:23189:26)
      at commitPassiveMountOnFiber (node_modules/react-dom/cjs/react-dom.development.js:24970:11)
      at commitPassiveMountEffects_complete (node_modules/react-dom/cjs/react-dom.development.js:24930:9)
      at commitPassiveMountEffects_begin (node_modules/react-dom/cjs/react-dom.development.js:24917:7)
      at commitPassiveMountEffects (node_modules/react-dom/cjs/react-dom.development.js:24905:3)
      at flushPassiveEffectsImpl (node_modules/react-dom/cjs/react-dom.development.js:27078:3)
      at flushPassiveEffects (node_modules/react-dom/cjs/react-dom.development.js:27023:14)
      at node_modules/react-dom/cjs/react-dom.development.js:26808:9
      at flushActQueue (node_modules/react/cjs/react.development.js:2667:24)
      at act (node_modules/react/cjs/react.development.js:2582:11)
      at node_modules/@testing-library/react/dist/act-compat.js:47:25
      at renderRoot (node_modules/@testing-library/react/dist/pure.js:190:26)
      at render (node_modules/@testing-library/react/dist/pure.js:292:10)
      at Object.<anonymous> (C:\Users\leovp\Programming\adorador\adorador-frontend\src\app\(public)../../../../../grupos/[bandId]/eventos/[eventId]/en-vivo/_components/addSongToEvent/__tests__/AddSongEventButton.test.tsx:143:11)

  ΓùÅ AddSongEventButton ΓÇ║ should close new song modal when close button is clicked

    TypeError: A dynamic import callback was invoked without --experimental-vm-modules

      144 |
      145 |     const button = screen.getByLabelText('Agregar canci├│n al evento');
    > 146 |     fireEvent.click(button);
          |               ^
      147 |
      148 |     await waitFor(() => {
      149 |       expect(screen.getByText(/Nueva Canci├│n/)).toBeInTheDocument();

      at domAnimation (node_modules/@heroui/popover/dist/index.js:432:58)
      at node_modules/framer-motion/dist/cjs/index.js:9462:13
      at commitHookEffectListMount (node_modules/react-dom/cjs/react-dom.development.js:23189:26)
      at commitPassiveMountOnFiber (node_modules/react-dom/cjs/react-dom.development.js:24970:11)
      at commitPassiveMountEffects_complete (node_modules/react-dom/cjs/react-dom.development.js:24930:9)
      at commitPassiveMountEffects_begin (node_modules/react-dom/cjs/react-dom.development.js:24917:7)
      at commitPassiveMountEffects (node_modules/react-dom/cjs/react-dom.development.js:24905:3)
      at flushPassiveEffectsImpl (node_modules/react-dom/cjs/react-dom.development.js:27078:3)
      at flushPassiveEffects (node_modules/react-dom/cjs/react-dom.development.js:27023:14)
      at commitRootImpl (node_modules/react-dom/cjs/react-dom.development.js:26974:5)
      at commitRoot (node_modules/react-dom/cjs/react-dom.development.js:26721:5)
      at performSyncWorkOnRoot (node_modules/react-dom/cjs/react-dom.development.js:26156:3)
      at flushSyncCallbacks (node_modules/react-dom/cjs/react-dom.development.js:12042:22)
      at flushActQueue (node_modules/react/cjs/react.development.js:2667:24)
      at act (node_modules/react/cjs/react.development.js:2582:11)
      at node_modules/@testing-library/react/dist/act-compat.js:47:25
      at Object.eventWrapper (node_modules/@testing-library/react/dist/pure.js:107:28)
      at fireEvent (node_modules/@testing-library/dom/dist/events.js:12:35)
      at Function.fireEvent.<computed> [as click] (node_modules/@testing-library/dom/dist/events.js:110:36)
      at Function.fireEvent.<computed> [as click] (node_modules/@testing-library/react/dist/fire-event.js:15:52)
      at Object.click (C:\Users\leovp\Programming\adorador\adorador-frontend\src\app\(public)../../../../../grupos/[bandId]/eventos/[eventId]/en-vivo/_components/addSongToEvent/__tests__/AddSongEventButton.test.tsx:146:15)

  ΓùÅ AddSongEventButton ΓÇ║ should close new song modal when close button is clicked

    TypeError: A dynamic import callback was invoked without --experimental-vm-modules

      141 |
      142 |   it('should close new song modal when close button is clicked', async () => {
    > 143 |     render(<AddSongEventButton params={mockParams} refetch={mockRefetch} />);
          |           ^
      144 |
      145 |     const button = screen.getByLabelText('Agregar canci├│n al evento');
      146 |     fireEvent.click(button);

      at domAnimation (node_modules/@heroui/tooltip/dist/index.js:252:58)
      at node_modules/framer-motion/dist/cjs/index.js:9462:13
      at commitHookEffectListMount (node_modules/react-dom/cjs/react-dom.development.js:23189:26)
      at commitPassiveMountOnFiber (node_modules/react-dom/cjs/react-dom.development.js:24970:11)
      at commitPassiveMountEffects_complete (node_modules/react-dom/cjs/react-dom.development.js:24930:9)
      at commitPassiveMountEffects_begin (node_modules/react-dom/cjs/react-dom.development.js:24917:7)
      at commitPassiveMountEffects (node_modules/react-dom/cjs/react-dom.development.js:24905:3)
      at flushPassiveEffectsImpl (node_modules/react-dom/cjs/react-dom.development.js:27078:3)
      at flushPassiveEffects (node_modules/react-dom/cjs/react-dom.development.js:27023:14)
      at node_modules/react-dom/cjs/react-dom.development.js:26808:9
      at flushActQueue (node_modules/react/cjs/react.development.js:2667:24)
      at act (node_modules/react/cjs/react.development.js:2582:11)
      at node_modules/@testing-library/react/dist/act-compat.js:47:25
      at renderRoot (node_modules/@testing-library/react/dist/pure.js:190:26)
      at render (node_modules/@testing-library/react/dist/pure.js:292:10)
      at Object.<anonymous> (C:\Users\leovp\Programming\adorador\adorador-frontend\src\app\(public)../../../../../grupos/[bandId]/eventos/[eventId]/en-vivo/_components/addSongToEvent/__tests__/AddSongEventButton.test.tsx:143:11)

  ΓùÅ AddSongEventButton ΓÇ║ should close new song modal when close button is clicked

    TypeError: A dynamic import callback was invoked without --experimental-vm-modules

      144 |
      145 |     const button = screen.getByLabelText('Agregar canci├│n al evento');
    > 146 |     fireEvent.click(button);
          |               ^
      147 |
      148 |     await waitFor(() => {
      149 |       expect(screen.getByText(/Nueva Canci├│n/)).toBeInTheDocument();

      at domAnimation (node_modules/@heroui/popover/dist/index.js:432:58)
      at node_modules/framer-motion/dist/cjs/index.js:9462:13
      at commitHookEffectListMount (node_modules/react-dom/cjs/react-dom.development.js:23189:26)
      at commitPassiveMountOnFiber (node_modules/react-dom/cjs/react-dom.development.js:24970:11)
      at commitPassiveMountEffects_complete (node_modules/react-dom/cjs/react-dom.development.js:24930:9)
      at commitPassiveMountEffects_begin (node_modules/react-dom/cjs/react-dom.development.js:24917:7)
      at commitPassiveMountEffects (node_modules/react-dom/cjs/react-dom.development.js:24905:3)
      at flushPassiveEffectsImpl (node_modules/react-dom/cjs/react-dom.development.js:27078:3)
      at flushPassiveEffects (node_modules/react-dom/cjs/react-dom.development.js:27023:14)
      at commitRootImpl (node_modules/react-dom/cjs/react-dom.development.js:26974:5)
      at commitRoot (node_modules/react-dom/cjs/react-dom.development.js:26721:5)
      at performSyncWorkOnRoot (node_modules/react-dom/cjs/react-dom.development.js:26156:3)
      at flushSyncCallbacks (node_modules/react-dom/cjs/react-dom.development.js:12042:22)
      at flushActQueue (node_modules/react/cjs/react.development.js:2667:24)
      at act (node_modules/react/cjs/react.development.js:2582:11)
      at node_modules/@testing-library/react/dist/act-compat.js:47:25
      at Object.eventWrapper (node_modules/@testing-library/react/dist/pure.js:107:28)
      at fireEvent (node_modules/@testing-library/dom/dist/events.js:12:35)
      at Function.fireEvent.<computed> [as click] (node_modules/@testing-library/dom/dist/events.js:110:36)
      at Function.fireEvent.<computed> [as click] (node_modules/@testing-library/react/dist/fire-event.js:15:52)
      at Object.click (C:\Users\leovp\Programming\adorador\adorador-frontend\src\app\(public)../../../../../grupos/[bandId]/eventos/[eventId]/en-vivo/_components/addSongToEvent/__tests__/AddSongEventButton.test.tsx:146:15)

  ΓùÅ AddSongEventButton ΓÇ║ should render modals outside popover in the component tree

    TypeError: A dynamic import callback was invoked without --experimental-vm-modules

      168 |
      169 |   it('should render modals outside popover in the component tree', async () => {
    > 170 |     const { container } = render(
          |                                 ^
      171 |       <AddSongEventButton params={mockParams} refetch={mockRefetch} />,
      172 |     );
      173 |

      at domAnimation (node_modules/@heroui/tooltip/dist/index.js:252:58)
      at node_modules/framer-motion/dist/cjs/index.js:9462:13
      at commitHookEffectListMount (node_modules/react-dom/cjs/react-dom.development.js:23189:26)
      at commitPassiveMountOnFiber (node_modules/react-dom/cjs/react-dom.development.js:24970:11)
      at commitPassiveMountEffects_complete (node_modules/react-dom/cjs/react-dom.development.js:24930:9)
      at commitPassiveMountEffects_begin (node_modules/react-dom/cjs/react-dom.development.js:24917:7)
      at commitPassiveMountEffects (node_modules/react-dom/cjs/react-dom.development.js:24905:3)
      at flushPassiveEffectsImpl (node_modules/react-dom/cjs/react-dom.development.js:27078:3)
      at flushPassiveEffects (node_modules/react-dom/cjs/react-dom.development.js:27023:14)
      at node_modules/react-dom/cjs/react-dom.development.js:26808:9
      at flushActQueue (node_modules/react/cjs/react.development.js:2667:24)
      at act (node_modules/react/cjs/react.development.js:2582:11)
      at node_modules/@testing-library/react/dist/act-compat.js:47:25
      at renderRoot (node_modules/@testing-library/react/dist/pure.js:190:26)
      at render (node_modules/@testing-library/react/dist/pure.js:292:10)
      at Object.<anonymous> (C:\Users\leovp\Programming\adorador\adorador-frontend\src\app\(public)../../../../../grupos/[bandId]/eventos/[eventId]/en-vivo/_components/addSongToEvent/__tests__/AddSongEventButton.test.tsx:170:33)

  ΓùÅ AddSongEventButton ΓÇ║ should render modals outside popover in the component tree

    TypeError: A dynamic import callback was invoked without --experimental-vm-modules

      173 |
      174 |     const button = screen.getByLabelText('Agregar canci├│n al evento');
    > 175 |     fireEvent.click(button);
          |               ^
      176 |
      177 |     await waitFor(() => {
      178 |       expect(screen.getByText(/Cat├ílogo de Canciones/)).toBeInTheDocument();

      at domAnimation (node_modules/@heroui/popover/dist/index.js:432:58)
      at node_modules/framer-motion/dist/cjs/index.js:9462:13
      at commitHookEffectListMount (node_modules/react-dom/cjs/react-dom.development.js:23189:26)
      at commitPassiveMountOnFiber (node_modules/react-dom/cjs/react-dom.development.js:24970:11)
      at commitPassiveMountEffects_complete (node_modules/react-dom/cjs/react-dom.development.js:24930:9)
      at commitPassiveMountEffects_begin (node_modules/react-dom/cjs/react-dom.development.js:24917:7)
      at commitPassiveMountEffects (node_modules/react-dom/cjs/react-dom.development.js:24905:3)
      at flushPassiveEffectsImpl (node_modules/react-dom/cjs/react-dom.development.js:27078:3)
      at flushPassiveEffects (node_modules/react-dom/cjs/react-dom.development.js:27023:14)
      at commitRootImpl (node_modules/react-dom/cjs/react-dom.development.js:26974:5)
      at commitRoot (node_modules/react-dom/cjs/react-dom.development.js:26721:5)
      at performSyncWorkOnRoot (node_modules/react-dom/cjs/react-dom.development.js:26156:3)
      at flushSyncCallbacks (node_modules/react-dom/cjs/react-dom.development.js:12042:22)
      at flushActQueue (node_modules/react/cjs/react.development.js:2667:24)
      at act (node_modules/react/cjs/react.development.js:2582:11)
      at node_modules/@testing-library/react/dist/act-compat.js:47:25
      at Object.eventWrapper (node_modules/@testing-library/react/dist/pure.js:107:28)
      at fireEvent (node_modules/@testing-library/dom/dist/events.js:12:35)
      at Function.fireEvent.<computed> [as click] (node_modules/@testing-library/dom/dist/events.js:110:36)
      at Function.fireEvent.<computed> [as click] (node_modules/@testing-library/react/dist/fire-event.js:15:52)
      at Object.click (C:\Users\leovp\Programming\adorador\adorador-frontend\src\app\(public)../../../../../grupos/[bandId]/eventos/[eventId]/en-vivo/_components/addSongToEvent/__tests__/AddSongEventButton.test.tsx:175:15)

  ΓùÅ AddSongEventButton ΓÇ║ should render modals outside popover in the component tree

    TypeError: A dynamic import callback was invoked without --experimental-vm-modules

      168 |
      169 |   it('should render modals outside popover in the component tree', async () => {
    > 170 |     const { container } = render(
          |                                 ^
      171 |       <AddSongEventButton params={mockParams} refetch={mockRefetch} />,
      172 |     );
      173 |

      at domAnimation (node_modules/@heroui/tooltip/dist/index.js:252:58)
      at node_modules/framer-motion/dist/cjs/index.js:9462:13
      at commitHookEffectListMount (node_modules/react-dom/cjs/react-dom.development.js:23189:26)
      at commitPassiveMountOnFiber (node_modules/react-dom/cjs/react-dom.development.js:24970:11)
      at commitPassiveMountEffects_complete (node_modules/react-dom/cjs/react-dom.development.js:24930:9)
      at commitPassiveMountEffects_begin (node_modules/react-dom/cjs/react-dom.development.js:24917:7)
      at commitPassiveMountEffects (node_modules/react-dom/cjs/react-dom.development.js:24905:3)
      at flushPassiveEffectsImpl (node_modules/react-dom/cjs/react-dom.development.js:27078:3)
      at flushPassiveEffects (node_modules/react-dom/cjs/react-dom.development.js:27023:14)
      at node_modules/react-dom/cjs/react-dom.development.js:26808:9
      at flushActQueue (node_modules/react/cjs/react.development.js:2667:24)
      at act (node_modules/react/cjs/react.development.js:2582:11)
      at node_modules/@testing-library/react/dist/act-compat.js:47:25
      at renderRoot (node_modules/@testing-library/react/dist/pure.js:190:26)
      at render (node_modules/@testing-library/react/dist/pure.js:292:10)
      at Object.<anonymous> (C:\Users\leovp\Programming\adorador\adorador-frontend\src\app\(public)../../../../../grupos/[bandId]/eventos/[eventId]/en-vivo/_components/addSongToEvent/__tests__/AddSongEventButton.test.tsx:170:33)

  ΓùÅ AddSongEventButton ΓÇ║ should render modals outside popover in the component tree

    TypeError: A dynamic import callback was invoked without --experimental-vm-modules

      173 |
      174 |     const button = screen.getByLabelText('Agregar canci├│n al evento');
    > 175 |     fireEvent.click(button);
          |               ^
      176 |
      177 |     await waitFor(() => {
      178 |       expect(screen.getByText(/Cat├ílogo de Canciones/)).toBeInTheDocument();

      at domAnimation (node_modules/@heroui/popover/dist/index.js:432:58)
      at node_modules/framer-motion/dist/cjs/index.js:9462:13
      at commitHookEffectListMount (node_modules/react-dom/cjs/react-dom.development.js:23189:26)
      at commitPassiveMountOnFiber (node_modules/react-dom/cjs/react-dom.development.js:24970:11)
      at commitPassiveMountEffects_complete (node_modules/react-dom/cjs/react-dom.development.js:24930:9)
      at commitPassiveMountEffects_begin (node_modules/react-dom/cjs/react-dom.development.js:24917:7)
      at commitPassiveMountEffects (node_modules/react-dom/cjs/react-dom.development.js:24905:3)
      at flushPassiveEffectsImpl (node_modules/react-dom/cjs/react-dom.development.js:27078:3)
      at flushPassiveEffects (node_modules/react-dom/cjs/react-dom.development.js:27023:14)
      at commitRootImpl (node_modules/react-dom/cjs/react-dom.development.js:26974:5)
      at commitRoot (node_modules/react-dom/cjs/react-dom.development.js:26721:5)
      at performSyncWorkOnRoot (node_modules/react-dom/cjs/react-dom.development.js:26156:3)
      at flushSyncCallbacks (node_modules/react-dom/cjs/react-dom.development.js:12042:22)
      at flushActQueue (node_modules/react/cjs/react.development.js:2667:24)
      at act (node_modules/react/cjs/react.development.js:2582:11)
      at node_modules/@testing-library/react/dist/act-compat.js:47:25
      at Object.eventWrapper (node_modules/@testing-library/react/dist/pure.js:107:28)
      at fireEvent (node_modules/@testing-library/dom/dist/events.js:12:35)
      at Function.fireEvent.<computed> [as click] (node_modules/@testing-library/dom/dist/events.js:110:36)
      at Function.fireEvent.<computed> [as click] (node_modules/@testing-library/react/dist/fire-event.js:15:52)
      at Object.click (C:\Users\leovp\Programming\adorador\adorador-frontend\src\app\(public)../../../../../grupos/[bandId]/eventos/[eventId]/en-vivo/_components/addSongToEvent/__tests__/AddSongEventButton.test.tsx:175:15)

FAIL src/app/(public)/grupos/[bandId]/eventos/[eventId]/en-vivo/_components/updatingElements/__tests__/UpdatingSongList.test.tsx (76.143 s)
  ΓùÅ UpdatingSongList ΓÇ║ should open modal when clicking the edit button

    TypeError: A dynamic import callback was invoked without --experimental-vm-modules

      212 |
      213 |   it('should render the edit button', () => {
    > 214 |     render(
          |           ^
      215 |       <UpdatingSongList
      216 |         songs={mockSongs}
      217 |         params={mockParams}

      at domAnimation (node_modules/@heroui/tooltip/dist/index.js:252:58)
      at node_modules/framer-motion/dist/cjs/index.js:9462:13
      at commitHookEffectListMount (node_modules/react-dom/cjs/react-dom.development.js:23189:26)
      at commitPassiveMountOnFiber (node_modules/react-dom/cjs/react-dom.development.js:24970:11)
      at commitPassiveMountEffects_complete (node_modules/react-dom/cjs/react-dom.development.js:24930:9)
      at commitPassiveMountEffects_begin (node_modules/react-dom/cjs/react-dom.development.js:24917:7)
      at commitPassiveMountEffects (node_modules/react-dom/cjs/react-dom.development.js:24905:3)
      at flushPassiveEffectsImpl (node_modules/react-dom/cjs/react-dom.development.js:27078:3)
      at flushPassiveEffects (node_modules/react-dom/cjs/react-dom.development.js:27023:14)
      at node_modules/react-dom/cjs/react-dom.development.js:26808:9
      at flushActQueue (node_modules/react/cjs/react.development.js:2667:24)
      at act (node_modules/react/cjs/react.development.js:2582:11)
      at node_modules/@testing-library/react/dist/act-compat.js:47:25
      at renderRoot (node_modules/@testing-library/react/dist/pure.js:190:26)
      at render (node_modules/@testing-library/react/dist/pure.js:292:10)
      at Object.<anonymous> (C:\Users\leovp\Programming\adorador\adorador-frontend\src\app\(public)../../../../../grupos/[bandId]/eventos/[eventId]/en-vivo/_components/updatingElements/__tests__/UpdatingSongList.test.tsx:214:11)

  ΓùÅ UpdatingSongList ΓÇ║ should open modal when clicking the edit button

    TypeError: A dynamic import callback was invoked without --experimental-vm-modules

      225 |
      226 |   it('should open modal when clicking the edit button', async () => {
    > 227 |     render(
          |           ^
      228 |       <UpdatingSongList
      229 |         songs={mockSongs}
      230 |         params={mockParams}

      at domAnimation (node_modules/@heroui/tooltip/dist/index.js:252:58)
      at node_modules/framer-motion/dist/cjs/index.js:9462:13
      at commitHookEffectListMount (node_modules/react-dom/cjs/react-dom.development.js:23189:26)
      at commitPassiveMountOnFiber (node_modules/react-dom/cjs/react-dom.development.js:24970:11)
      at commitPassiveMountEffects_complete (node_modules/react-dom/cjs/react-dom.development.js:24930:9)
      at commitPassiveMountEffects_begin (node_modules/react-dom/cjs/react-dom.development.js:24917:7)
      at commitPassiveMountEffects (node_modules/react-dom/cjs/react-dom.development.js:24905:3)
      at flushPassiveEffectsImpl (node_modules/react-dom/cjs/react-dom.development.js:27078:3)
      at flushPassiveEffects (node_modules/react-dom/cjs/react-dom.development.js:27023:14)
      at node_modules/react-dom/cjs/react-dom.development.js:26808:9
      at flushActQueue (node_modules/react/cjs/react.development.js:2667:24)
      at act (node_modules/react/cjs/react.development.js:2582:11)
      at node_modules/@testing-library/react/dist/act-compat.js:47:25
      at renderRoot (node_modules/@testing-library/react/dist/pure.js:190:26)
      at render (node_modules/@testing-library/react/dist/pure.js:292:10)
      at Object.<anonymous> (C:\Users\leovp\Programming\adorador\adorador-frontend\src\app\(public)../../../../../grupos/[bandId]/eventos/[eventId]/en-vivo/_components/updatingElements/__tests__/UpdatingSongList.test.tsx:227:11)

  ΓùÅ UpdatingSongList ΓÇ║ should open modal when clicking the edit button

    TypeError: A dynamic import callback was invoked without --experimental-vm-modules

      234 |
      235 |     const editButton = screen.getByLabelText('Editar canciones del evento');
    > 236 |     fireEvent.click(editButton);
          |               ^
      237 |
      238 |     // Wait for modal to open
      239 |     await waitFor(() => {

      at domAnimation (node_modules/@heroui/modal/dist/index.js:246:58)
      at node_modules/framer-motion/dist/cjs/index.js:9462:13
      at commitHookEffectListMount (node_modules/react-dom/cjs/react-dom.development.js:23189:26)
      at commitPassiveMountOnFiber (node_modules/react-dom/cjs/react-dom.development.js:24970:11)
      at commitPassiveMountEffects_complete (node_modules/react-dom/cjs/react-dom.development.js:24930:9)
      at commitPassiveMountEffects_begin (node_modules/react-dom/cjs/react-dom.development.js:24917:7)
      at commitPassiveMountEffects (node_modules/react-dom/cjs/react-dom.development.js:24905:3)
      at flushPassiveEffectsImpl (node_modules/react-dom/cjs/react-dom.development.js:27078:3)
      at flushPassiveEffects (node_modules/react-dom/cjs/react-dom.development.js:27023:14)
      at commitRootImpl (node_modules/react-dom/cjs/react-dom.development.js:26974:5)
      at commitRoot (node_modules/react-dom/cjs/react-dom.development.js:26721:5)
      at performSyncWorkOnRoot (node_modules/react-dom/cjs/react-dom.development.js:26156:3)
      at flushSyncCallbacks (node_modules/react-dom/cjs/react-dom.development.js:12042:22)
      at flushActQueue (node_modules/react/cjs/react.development.js:2667:24)
      at act (node_modules/react/cjs/react.development.js:2582:11)
      at node_modules/@testing-library/react/dist/act-compat.js:47:25
      at Object.eventWrapper (node_modules/@testing-library/react/dist/pure.js:107:28)
      at fireEvent (node_modules/@testing-library/dom/dist/events.js:12:35)
      at Function.fireEvent.<computed> [as click] (node_modules/@testing-library/dom/dist/events.js:110:36)
      at Function.fireEvent.<computed> [as click] (node_modules/@testing-library/react/dist/fire-event.js:15:52)
      at Object.click (C:\Users\leovp\Programming\adorador\adorador-frontend\src\app\(public)../../../../../grupos/[bandId]/eventos/[eventId]/en-vivo/_components/updatingElements/__tests__/UpdatingSongList.test.tsx:236:15)

  ΓùÅ UpdatingSongList ΓÇ║ should open modal when clicking the edit button

    TypeError: A dynamic import callback was invoked without --experimental-vm-modules

      234 |
      235 |     const editButton = screen.getByLabelText('Editar canciones del evento');
    > 236 |     fireEvent.click(editButton);
          |               ^
      237 |
      238 |     // Wait for modal to open
      239 |     await waitFor(() => {

      at domAnimation (node_modules/@heroui/modal/dist/index.js:246:58)
      at node_modules/framer-motion/dist/cjs/index.js:9462:13
      at commitHookEffectListMount (node_modules/react-dom/cjs/react-dom.development.js:23189:26)
      at commitPassiveMountOnFiber (node_modules/react-dom/cjs/react-dom.development.js:24970:11)
      at commitPassiveMountEffects_complete (node_modules/react-dom/cjs/react-dom.development.js:24930:9)
      at commitPassiveMountEffects_begin (node_modules/react-dom/cjs/react-dom.development.js:24917:7)
      at commitPassiveMountEffects (node_modules/react-dom/cjs/react-dom.development.js:24905:3)
      at flushPassiveEffectsImpl (node_modules/react-dom/cjs/react-dom.development.js:27078:3)
      at flushPassiveEffects (node_modules/react-dom/cjs/react-dom.development.js:27023:14)
      at commitRootImpl (node_modules/react-dom/cjs/react-dom.development.js:26974:5)
      at commitRoot (node_modules/react-dom/cjs/react-dom.development.js:26721:5)
      at performSyncWorkOnRoot (node_modules/react-dom/cjs/react-dom.development.js:26156:3)
      at flushSyncCallbacks (node_modules/react-dom/cjs/react-dom.development.js:12042:22)
      at flushActQueue (node_modules/react/cjs/react.development.js:2667:24)
      at act (node_modules/react/cjs/react.development.js:2582:11)
      at node_modules/@testing-library/react/dist/act-compat.js:47:25
      at Object.eventWrapper (node_modules/@testing-library/react/dist/pure.js:107:28)
      at fireEvent (node_modules/@testing-library/dom/dist/events.js:12:35)
      at Function.fireEvent.<computed> [as click] (node_modules/@testing-library/dom/dist/events.js:110:36)
      at Function.fireEvent.<computed> [as click] (node_modules/@testing-library/react/dist/fire-event.js:15:52)
      at Object.click (C:\Users\leovp\Programming\adorador\adorador-frontend\src\app\(public)../../../../../grupos/[bandId]/eventos/[eventId]/en-vivo/_components/updatingElements/__tests__/UpdatingSongList.test.tsx:236:15)

  ΓùÅ UpdatingSongList ΓÇ║ should open modal when clicking the edit button

    TypeError: A dynamic import callback was invoked without --experimental-vm-modules

      212 |
      213 |   it('should render the edit button', () => {
    > 214 |     render(
          |           ^
      215 |       <UpdatingSongList
      216 |         songs={mockSongs}
      217 |         params={mockParams}

      at domAnimation (node_modules/@heroui/tooltip/dist/index.js:252:58)
      at node_modules/framer-motion/dist/cjs/index.js:9462:13
      at commitHookEffectListMount (node_modules/react-dom/cjs/react-dom.development.js:23189:26)
      at commitPassiveMountOnFiber (node_modules/react-dom/cjs/react-dom.development.js:24970:11)
      at commitPassiveMountEffects_complete (node_modules/react-dom/cjs/react-dom.development.js:24930:9)
      at commitPassiveMountEffects_begin (node_modules/react-dom/cjs/react-dom.development.js:24917:7)
      at commitPassiveMountEffects (node_modules/react-dom/cjs/react-dom.development.js:24905:3)
      at flushPassiveEffectsImpl (node_modules/react-dom/cjs/react-dom.development.js:27078:3)
      at flushPassiveEffects (node_modules/react-dom/cjs/react-dom.development.js:27023:14)
      at node_modules/react-dom/cjs/react-dom.development.js:26808:9
      at flushActQueue (node_modules/react/cjs/react.development.js:2667:24)
      at act (node_modules/react/cjs/react.development.js:2582:11)
      at node_modules/@testing-library/react/dist/act-compat.js:47:25
      at renderRoot (node_modules/@testing-library/react/dist/pure.js:190:26)
      at render (node_modules/@testing-library/react/dist/pure.js:292:10)
      at Object.<anonymous> (C:\Users\leovp\Programming\adorador\adorador-frontend\src\app\(public)../../../../../grupos/[bandId]/eventos/[eventId]/en-vivo/_components/updatingElements/__tests__/UpdatingSongList.test.tsx:214:11)

  ΓùÅ UpdatingSongList ΓÇ║ should open modal when clicking the edit button

    TypeError: A dynamic import callback was invoked without --experimental-vm-modules

      225 |
      226 |   it('should open modal when clicking the edit button', async () => {
    > 227 |     render(
          |           ^
      228 |       <UpdatingSongList
      229 |         songs={mockSongs}
      230 |         params={mockParams}

      at domAnimation (node_modules/@heroui/tooltip/dist/index.js:252:58)
      at node_modules/framer-motion/dist/cjs/index.js:9462:13
      at commitHookEffectListMount (node_modules/react-dom/cjs/react-dom.development.js:23189:26)
      at commitPassiveMountOnFiber (node_modules/react-dom/cjs/react-dom.development.js:24970:11)
      at commitPassiveMountEffects_complete (node_modules/react-dom/cjs/react-dom.development.js:24930:9)
      at commitPassiveMountEffects_begin (node_modules/react-dom/cjs/react-dom.development.js:24917:7)
      at commitPassiveMountEffects (node_modules/react-dom/cjs/react-dom.development.js:24905:3)
      at flushPassiveEffectsImpl (node_modules/react-dom/cjs/react-dom.development.js:27078:3)
      at flushPassiveEffects (node_modules/react-dom/cjs/react-dom.development.js:27023:14)
      at node_modules/react-dom/cjs/react-dom.development.js:26808:9
      at flushActQueue (node_modules/react/cjs/react.development.js:2667:24)
      at act (node_modules/react/cjs/react.development.js:2582:11)
      at node_modules/@testing-library/react/dist/act-compat.js:47:25
      at renderRoot (node_modules/@testing-library/react/dist/pure.js:190:26)
      at render (node_modules/@testing-library/react/dist/pure.js:292:10)
      at Object.<anonymous> (C:\Users\leovp\Programming\adorador\adorador-frontend\src\app\(public)../../../../../grupos/[bandId]/eventos/[eventId]/en-vivo/_components/updatingElements/__tests__/UpdatingSongList.test.tsx:227:11)

  ΓùÅ UpdatingSongList ΓÇ║ should open modal when clicking the edit button

    TypeError: A dynamic import callback was invoked without --experimental-vm-modules

      234 |
      235 |     const editButton = screen.getByLabelText('Editar canciones del evento');
    > 236 |     fireEvent.click(editButton);
          |               ^
      237 |
      238 |     // Wait for modal to open
      239 |     await waitFor(() => {

      at domAnimation (node_modules/@heroui/modal/dist/index.js:246:58)
      at node_modules/framer-motion/dist/cjs/index.js:9462:13
      at commitHookEffectListMount (node_modules/react-dom/cjs/react-dom.development.js:23189:26)
      at commitPassiveMountOnFiber (node_modules/react-dom/cjs/react-dom.development.js:24970:11)
      at commitPassiveMountEffects_complete (node_modules/react-dom/cjs/react-dom.development.js:24930:9)
      at commitPassiveMountEffects_begin (node_modules/react-dom/cjs/react-dom.development.js:24917:7)
      at commitPassiveMountEffects (node_modules/react-dom/cjs/react-dom.development.js:24905:3)
      at flushPassiveEffectsImpl (node_modules/react-dom/cjs/react-dom.development.js:27078:3)
      at flushPassiveEffects (node_modules/react-dom/cjs/react-dom.development.js:27023:14)
      at commitRootImpl (node_modules/react-dom/cjs/react-dom.development.js:26974:5)
      at commitRoot (node_modules/react-dom/cjs/react-dom.development.js:26721:5)
      at performSyncWorkOnRoot (node_modules/react-dom/cjs/react-dom.development.js:26156:3)
      at flushSyncCallbacks (node_modules/react-dom/cjs/react-dom.development.js:12042:22)
      at flushActQueue (node_modules/react/cjs/react.development.js:2667:24)
      at act (node_modules/react/cjs/react.development.js:2582:11)
      at node_modules/@testing-library/react/dist/act-compat.js:47:25
      at Object.eventWrapper (node_modules/@testing-library/react/dist/pure.js:107:28)
      at fireEvent (node_modules/@testing-library/dom/dist/events.js:12:35)
      at Function.fireEvent.<computed> [as click] (node_modules/@testing-library/dom/dist/events.js:110:36)
      at Function.fireEvent.<computed> [as click] (node_modules/@testing-library/react/dist/fire-event.js:15:52)
      at Object.click (C:\Users\leovp\Programming\adorador\adorador-frontend\src\app\(public)../../../../../grupos/[bandId]/eventos/[eventId]/en-vivo/_components/updatingElements/__tests__/UpdatingSongList.test.tsx:236:15)

  ΓùÅ UpdatingSongList ΓÇ║ should open modal when clicking the edit button

    TypeError: A dynamic import callback was invoked without --experimental-vm-modules

      234 |
      235 |     const editButton = screen.getByLabelText('Editar canciones del evento');
    > 236 |     fireEvent.click(editButton);
          |               ^
      237 |
      238 |     // Wait for modal to open
      239 |     await waitFor(() => {

      at domAnimation (node_modules/@heroui/modal/dist/index.js:246:58)
      at node_modules/framer-motion/dist/cjs/index.js:9462:13
      at commitHookEffectListMount (node_modules/react-dom/cjs/react-dom.development.js:23189:26)
      at commitPassiveMountOnFiber (node_modules/react-dom/cjs/react-dom.development.js:24970:11)
      at commitPassiveMountEffects_complete (node_modules/react-dom/cjs/react-dom.development.js:24930:9)
      at commitPassiveMountEffects_begin (node_modules/react-dom/cjs/react-dom.development.js:24917:7)
      at commitPassiveMountEffects (node_modules/react-dom/cjs/react-dom.development.js:24905:3)
      at flushPassiveEffectsImpl (node_modules/react-dom/cjs/react-dom.development.js:27078:3)
      at flushPassiveEffects (node_modules/react-dom/cjs/react-dom.development.js:27023:14)
      at commitRootImpl (node_modules/react-dom/cjs/react-dom.development.js:26974:5)
      at commitRoot (node_modules/react-dom/cjs/react-dom.development.js:26721:5)
      at performSyncWorkOnRoot (node_modules/react-dom/cjs/react-dom.development.js:26156:3)
      at flushSyncCallbacks (node_modules/react-dom/cjs/react-dom.development.js:12042:22)
      at flushActQueue (node_modules/react/cjs/react.development.js:2667:24)
      at act (node_modules/react/cjs/react.development.js:2582:11)
      at node_modules/@testing-library/react/dist/act-compat.js:47:25
      at Object.eventWrapper (node_modules/@testing-library/react/dist/pure.js:107:28)
      at fireEvent (node_modules/@testing-library/dom/dist/events.js:12:35)
      at Function.fireEvent.<computed> [as click] (node_modules/@testing-library/dom/dist/events.js:110:36)
      at Function.fireEvent.<computed> [as click] (node_modules/@testing-library/react/dist/fire-event.js:15:52)
      at Object.click (C:\Users\leovp\Programming\adorador\adorador-frontend\src\app\(public)../../../../../grupos/[bandId]/eventos/[eventId]/en-vivo/_components/updatingElements/__tests__/UpdatingSongList.test.tsx:236:15)

  ΓùÅ UpdatingSongList ΓÇ║ should reset state when opening modal

    TypeError: A dynamic import callback was invoked without --experimental-vm-modules

      246 |
      247 |   it('should reset state when opening modal', async () => {
    > 248 |     render(
          |           ^
      249 |       <UpdatingSongList
      250 |         songs={mockSongs}
      251 |         params={mockParams}

      at domAnimation (node_modules/@heroui/tooltip/dist/index.js:252:58)
      at node_modules/framer-motion/dist/cjs/index.js:9462:13
      at commitHookEffectListMount (node_modules/react-dom/cjs/react-dom.development.js:23189:26)
      at commitPassiveMountOnFiber (node_modules/react-dom/cjs/react-dom.development.js:24970:11)
      at commitPassiveMountEffects_complete (node_modules/react-dom/cjs/react-dom.development.js:24930:9)
      at commitPassiveMountEffects_begin (node_modules/react-dom/cjs/react-dom.development.js:24917:7)
      at commitPassiveMountEffects (node_modules/react-dom/cjs/react-dom.development.js:24905:3)
      at flushPassiveEffectsImpl (node_modules/react-dom/cjs/react-dom.development.js:27078:3)
      at flushPassiveEffects (node_modules/react-dom/cjs/react-dom.development.js:27023:14)
      at node_modules/react-dom/cjs/react-dom.development.js:26808:9
      at flushActQueue (node_modules/react/cjs/react.development.js:2667:24)
      at act (node_modules/react/cjs/react.development.js:2582:11)
      at node_modules/@testing-library/react/dist/act-compat.js:47:25
      at renderRoot (node_modules/@testing-library/react/dist/pure.js:190:26)
      at render (node_modules/@testing-library/react/dist/pure.js:292:10)
      at Object.<anonymous> (C:\Users\leovp\Programming\adorador\adorador-frontend\src\app\(public)../../../../../grupos/[bandId]/eventos/[eventId]/en-vivo/_components/updatingElements/__tests__/UpdatingSongList.test.tsx:248:11)

  ΓùÅ UpdatingSongList ΓÇ║ should reset state when opening modal

    TypeError: A dynamic import callback was invoked without --experimental-vm-modules

      255 |
      256 |     const editButton = screen.getByLabelText('Editar canciones del evento');
    > 257 |     fireEvent.click(editButton);
          |               ^
      258 |
      259 |     // Wait for modal to open and check original songs
      260 |     await waitFor(() => {

      at domAnimation (node_modules/@heroui/modal/dist/index.js:246:58)
      at node_modules/framer-motion/dist/cjs/index.js:9462:13
      at commitHookEffectListMount (node_modules/react-dom/cjs/react-dom.development.js:23189:26)
      at commitPassiveMountOnFiber (node_modules/react-dom/cjs/react-dom.development.js:24970:11)
      at commitPassiveMountEffects_complete (node_modules/react-dom/cjs/react-dom.development.js:24930:9)
      at commitPassiveMountEffects_begin (node_modules/react-dom/cjs/react-dom.development.js:24917:7)
      at commitPassiveMountEffects (node_modules/react-dom/cjs/react-dom.development.js:24905:3)
      at flushPassiveEffectsImpl (node_modules/react-dom/cjs/react-dom.development.js:27078:3)
      at flushPassiveEffects (node_modules/react-dom/cjs/react-dom.development.js:27023:14)
      at commitRootImpl (node_modules/react-dom/cjs/react-dom.development.js:26974:5)
      at commitRoot (node_modules/react-dom/cjs/react-dom.development.js:26721:5)
      at performSyncWorkOnRoot (node_modules/react-dom/cjs/react-dom.development.js:26156:3)
      at flushSyncCallbacks (node_modules/react-dom/cjs/react-dom.development.js:12042:22)
      at flushActQueue (node_modules/react/cjs/react.development.js:2667:24)
      at act (node_modules/react/cjs/react.development.js:2582:11)
      at node_modules/@testing-library/react/dist/act-compat.js:47:25
      at Object.eventWrapper (node_modules/@testing-library/react/dist/pure.js:107:28)
      at fireEvent (node_modules/@testing-library/dom/dist/events.js:12:35)
      at Function.fireEvent.<computed> [as click] (node_modules/@testing-library/dom/dist/events.js:110:36)
      at Function.fireEvent.<computed> [as click] (node_modules/@testing-library/react/dist/fire-event.js:15:52)
      at Object.click (C:\Users\leovp\Programming\adorador\adorador-frontend\src\app\(public)../../../../../grupos/[bandId]/eventos/[eventId]/en-vivo/_components/updatingElements/__tests__/UpdatingSongList.test.tsx:257:15)

  ΓùÅ UpdatingSongList ΓÇ║ should reset state when opening modal

    TypeError: A dynamic import callback was invoked without --experimental-vm-modules

      255 |
      256 |     const editButton = screen.getByLabelText('Editar canciones del evento');
    > 257 |     fireEvent.click(editButton);
          |               ^
      258 |
      259 |     // Wait for modal to open and check original songs
      260 |     await waitFor(() => {

      at domAnimation (node_modules/@heroui/modal/dist/index.js:246:58)
      at node_modules/framer-motion/dist/cjs/index.js:9462:13
      at commitHookEffectListMount (node_modules/react-dom/cjs/react-dom.development.js:23189:26)
      at commitPassiveMountOnFiber (node_modules/react-dom/cjs/react-dom.development.js:24970:11)
      at commitPassiveMountEffects_complete (node_modules/react-dom/cjs/react-dom.development.js:24930:9)
      at commitPassiveMountEffects_begin (node_modules/react-dom/cjs/react-dom.development.js:24917:7)
      at commitPassiveMountEffects (node_modules/react-dom/cjs/react-dom.development.js:24905:3)
      at flushPassiveEffectsImpl (node_modules/react-dom/cjs/react-dom.development.js:27078:3)
      at flushPassiveEffects (node_modules/react-dom/cjs/react-dom.development.js:27023:14)
      at commitRootImpl (node_modules/react-dom/cjs/react-dom.development.js:26974:5)
      at commitRoot (node_modules/react-dom/cjs/react-dom.development.js:26721:5)
      at performSyncWorkOnRoot (node_modules/react-dom/cjs/react-dom.development.js:26156:3)
      at flushSyncCallbacks (node_modules/react-dom/cjs/react-dom.development.js:12042:22)
      at flushActQueue (node_modules/react/cjs/react.development.js:2667:24)
      at act (node_modules/react/cjs/react.development.js:2582:11)
      at node_modules/@testing-library/react/dist/act-compat.js:47:25
      at Object.eventWrapper (node_modules/@testing-library/react/dist/pure.js:107:28)
      at fireEvent (node_modules/@testing-library/dom/dist/events.js:12:35)
      at Function.fireEvent.<computed> [as click] (node_modules/@testing-library/dom/dist/events.js:110:36)
      at Function.fireEvent.<computed> [as click] (node_modules/@testing-library/react/dist/fire-event.js:15:52)
      at Object.click (C:\Users\leovp\Programming\adorador\adorador-frontend\src\app\(public)../../../../../grupos/[bandId]/eventos/[eventId]/en-vivo/_components/updatingElements/__tests__/UpdatingSongList.test.tsx:257:15)

  ΓùÅ UpdatingSongList ΓÇ║ should reset state when opening modal

    TypeError: A dynamic import callback was invoked without --experimental-vm-modules

      246 |
      247 |   it('should reset state when opening modal', async () => {
    > 248 |     render(
          |           ^
      249 |       <UpdatingSongList
      250 |         songs={mockSongs}
      251 |         params={mockParams}

      at domAnimation (node_modules/@heroui/tooltip/dist/index.js:252:58)
      at node_modules/framer-motion/dist/cjs/index.js:9462:13
      at commitHookEffectListMount (node_modules/react-dom/cjs/react-dom.development.js:23189:26)
      at commitPassiveMountOnFiber (node_modules/react-dom/cjs/react-dom.development.js:24970:11)
      at commitPassiveMountEffects_complete (node_modules/react-dom/cjs/react-dom.development.js:24930:9)
      at commitPassiveMountEffects_begin (node_modules/react-dom/cjs/react-dom.development.js:24917:7)
      at commitPassiveMountEffects (node_modules/react-dom/cjs/react-dom.development.js:24905:3)
      at flushPassiveEffectsImpl (node_modules/react-dom/cjs/react-dom.development.js:27078:3)
      at flushPassiveEffects (node_modules/react-dom/cjs/react-dom.development.js:27023:14)
      at node_modules/react-dom/cjs/react-dom.development.js:26808:9
      at flushActQueue (node_modules/react/cjs/react.development.js:2667:24)
      at act (node_modules/react/cjs/react.development.js:2582:11)
      at node_modules/@testing-library/react/dist/act-compat.js:47:25
      at renderRoot (node_modules/@testing-library/react/dist/pure.js:190:26)
      at render (node_modules/@testing-library/react/dist/pure.js:292:10)
      at Object.<anonymous> (C:\Users\leovp\Programming\adorador\adorador-frontend\src\app\(public)../../../../../grupos/[bandId]/eventos/[eventId]/en-vivo/_components/updatingElements/__tests__/UpdatingSongList.test.tsx:248:11)

  ΓùÅ UpdatingSongList ΓÇ║ should reset state when opening modal

    TypeError: A dynamic import callback was invoked without --experimental-vm-modules

      255 |
      256 |     const editButton = screen.getByLabelText('Editar canciones del evento');
    > 257 |     fireEvent.click(editButton);
          |               ^
      258 |
      259 |     // Wait for modal to open and check original songs
      260 |     await waitFor(() => {

      at domAnimation (node_modules/@heroui/modal/dist/index.js:246:58)
      at node_modules/framer-motion/dist/cjs/index.js:9462:13
      at commitHookEffectListMount (node_modules/react-dom/cjs/react-dom.development.js:23189:26)
      at commitPassiveMountOnFiber (node_modules/react-dom/cjs/react-dom.development.js:24970:11)
      at commitPassiveMountEffects_complete (node_modules/react-dom/cjs/react-dom.development.js:24930:9)
      at commitPassiveMountEffects_begin (node_modules/react-dom/cjs/react-dom.development.js:24917:7)
      at commitPassiveMountEffects (node_modules/react-dom/cjs/react-dom.development.js:24905:3)
      at flushPassiveEffectsImpl (node_modules/react-dom/cjs/react-dom.development.js:27078:3)
      at flushPassiveEffects (node_modules/react-dom/cjs/react-dom.development.js:27023:14)
      at commitRootImpl (node_modules/react-dom/cjs/react-dom.development.js:26974:5)
      at commitRoot (node_modules/react-dom/cjs/react-dom.development.js:26721:5)
      at performSyncWorkOnRoot (node_modules/react-dom/cjs/react-dom.development.js:26156:3)
      at flushSyncCallbacks (node_modules/react-dom/cjs/react-dom.development.js:12042:22)
      at flushActQueue (node_modules/react/cjs/react.development.js:2667:24)
      at act (node_modules/react/cjs/react.development.js:2582:11)
      at node_modules/@testing-library/react/dist/act-compat.js:47:25
      at Object.eventWrapper (node_modules/@testing-library/react/dist/pure.js:107:28)
      at fireEvent (node_modules/@testing-library/dom/dist/events.js:12:35)
      at Function.fireEvent.<computed> [as click] (node_modules/@testing-library/dom/dist/events.js:110:36)
      at Function.fireEvent.<computed> [as click] (node_modules/@testing-library/react/dist/fire-event.js:15:52)
      at Object.click (C:\Users\leovp\Programming\adorador\adorador-frontend\src\app\(public)../../../../../grupos/[bandId]/eventos/[eventId]/en-vivo/_components/updatingElements/__tests__/UpdatingSongList.test.tsx:257:15)

  ΓùÅ UpdatingSongList ΓÇ║ should reset state when opening modal

    TypeError: A dynamic import callback was invoked without --experimental-vm-modules

      255 |
      256 |     const editButton = screen.getByLabelText('Editar canciones del evento');
    > 257 |     fireEvent.click(editButton);
          |               ^
      258 |
      259 |     // Wait for modal to open and check original songs
      260 |     await waitFor(() => {

      at domAnimation (node_modules/@heroui/modal/dist/index.js:246:58)
      at node_modules/framer-motion/dist/cjs/index.js:9462:13
      at commitHookEffectListMount (node_modules/react-dom/cjs/react-dom.development.js:23189:26)
      at commitPassiveMountOnFiber (node_modules/react-dom/cjs/react-dom.development.js:24970:11)
      at commitPassiveMountEffects_complete (node_modules/react-dom/cjs/react-dom.development.js:24930:9)
      at commitPassiveMountEffects_begin (node_modules/react-dom/cjs/react-dom.development.js:24917:7)
      at commitPassiveMountEffects (node_modules/react-dom/cjs/react-dom.development.js:24905:3)
      at flushPassiveEffectsImpl (node_modules/react-dom/cjs/react-dom.development.js:27078:3)
      at flushPassiveEffects (node_modules/react-dom/cjs/react-dom.development.js:27023:14)
      at commitRootImpl (node_modules/react-dom/cjs/react-dom.development.js:26974:5)
      at commitRoot (node_modules/react-dom/cjs/react-dom.development.js:26721:5)
      at performSyncWorkOnRoot (node_modules/react-dom/cjs/react-dom.development.js:26156:3)
      at flushSyncCallbacks (node_modules/react-dom/cjs/react-dom.development.js:12042:22)
      at flushActQueue (node_modules/react/cjs/react.development.js:2667:24)
      at act (node_modules/react/cjs/react.development.js:2582:11)
      at node_modules/@testing-library/react/dist/act-compat.js:47:25
      at Object.eventWrapper (node_modules/@testing-library/react/dist/pure.js:107:28)
      at fireEvent (node_modules/@testing-library/dom/dist/events.js:12:35)
      at Function.fireEvent.<computed> [as click] (node_modules/@testing-library/dom/dist/events.js:110:36)
      at Function.fireEvent.<computed> [as click] (node_modules/@testing-library/react/dist/fire-event.js:15:52)
      at Object.click (C:\Users\leovp\Programming\adorador\adorador-frontend\src\app\(public)../../../../../grupos/[bandId]/eventos/[eventId]/en-vivo/_components/updatingElements/__tests__/UpdatingSongList.test.tsx:257:15)

  ΓùÅ UpdatingSongList ΓÇ║ should close modal and reset changes when clicking cancel

    TypeError: A dynamic import callback was invoked without --experimental-vm-modules

      265 |
      266 |   it('should close modal and reset changes when clicking cancel', async () => {
    > 267 |     render(
          |           ^
      268 |       <UpdatingSongList
      269 |         songs={mockSongs}
      270 |         params={mockParams}

      at domAnimation (node_modules/@heroui/tooltip/dist/index.js:252:58)
      at node_modules/framer-motion/dist/cjs/index.js:9462:13
      at commitHookEffectListMount (node_modules/react-dom/cjs/react-dom.development.js:23189:26)
      at commitPassiveMountOnFiber (node_modules/react-dom/cjs/react-dom.development.js:24970:11)
      at commitPassiveMountEffects_complete (node_modules/react-dom/cjs/react-dom.development.js:24930:9)
      at commitPassiveMountEffects_begin (node_modules/react-dom/cjs/react-dom.development.js:24917:7)
      at commitPassiveMountEffects (node_modules/react-dom/cjs/react-dom.development.js:24905:3)
      at flushPassiveEffectsImpl (node_modules/react-dom/cjs/react-dom.development.js:27078:3)
      at flushPassiveEffects (node_modules/react-dom/cjs/react-dom.development.js:27023:14)
      at node_modules/react-dom/cjs/react-dom.development.js:26808:9
      at flushActQueue (node_modules/react/cjs/react.development.js:2667:24)
      at act (node_modules/react/cjs/react.development.js:2582:11)
      at node_modules/@testing-library/react/dist/act-compat.js:47:25
      at renderRoot (node_modules/@testing-library/react/dist/pure.js:190:26)
      at render (node_modules/@testing-library/react/dist/pure.js:292:10)
      at Object.<anonymous> (C:\Users\leovp\Programming\adorador\adorador-frontend\src\app\(public)../../../../../grupos/[bandId]/eventos/[eventId]/en-vivo/_components/updatingElements/__tests__/UpdatingSongList.test.tsx:267:11)

  ΓùÅ UpdatingSongList ΓÇ║ should close modal and reset changes when clicking cancel

    TypeError: A dynamic import callback was invoked without --experimental-vm-modules

      275 |     // Open modal
      276 |     const editButton = screen.getByLabelText('Editar canciones del evento');
    > 277 |     fireEvent.click(editButton);
          |               ^
      278 |
      279 |     // Wait for modal to open
      280 |     await waitFor(() => {

      at domAnimation (node_modules/@heroui/modal/dist/index.js:246:58)
      at node_modules/framer-motion/dist/cjs/index.js:9462:13
      at commitHookEffectListMount (node_modules/react-dom/cjs/react-dom.development.js:23189:26)
      at commitPassiveMountOnFiber (node_modules/react-dom/cjs/react-dom.development.js:24970:11)
      at commitPassiveMountEffects_complete (node_modules/react-dom/cjs/react-dom.development.js:24930:9)
      at commitPassiveMountEffects_begin (node_modules/react-dom/cjs/react-dom.development.js:24917:7)
      at commitPassiveMountEffects (node_modules/react-dom/cjs/react-dom.development.js:24905:3)
      at flushPassiveEffectsImpl (node_modules/react-dom/cjs/react-dom.development.js:27078:3)
      at flushPassiveEffects (node_modules/react-dom/cjs/react-dom.development.js:27023:14)
      at commitRootImpl (node_modules/react-dom/cjs/react-dom.development.js:26974:5)
      at commitRoot (node_modules/react-dom/cjs/react-dom.development.js:26721:5)
      at performSyncWorkOnRoot (node_modules/react-dom/cjs/react-dom.development.js:26156:3)
      at flushSyncCallbacks (node_modules/react-dom/cjs/react-dom.development.js:12042:22)
      at flushActQueue (node_modules/react/cjs/react.development.js:2667:24)
      at act (node_modules/react/cjs/react.development.js:2582:11)
      at node_modules/@testing-library/react/dist/act-compat.js:47:25
      at Object.eventWrapper (node_modules/@testing-library/react/dist/pure.js:107:28)
      at fireEvent (node_modules/@testing-library/dom/dist/events.js:12:35)
      at Function.fireEvent.<computed> [as click] (node_modules/@testing-library/dom/dist/events.js:110:36)
      at Function.fireEvent.<computed> [as click] (node_modules/@testing-library/react/dist/fire-event.js:15:52)
      at Object.click (C:\Users\leovp\Programming\adorador\adorador-frontend\src\app\(public)../../../../../grupos/[bandId]/eventos/[eventId]/en-vivo/_components/updatingElements/__tests__/UpdatingSongList.test.tsx:277:15)

  ΓùÅ UpdatingSongList ΓÇ║ should close modal and reset changes when clicking cancel

    TypeError: A dynamic import callback was invoked without --experimental-vm-modules

      275 |     // Open modal
      276 |     const editButton = screen.getByLabelText('Editar canciones del evento');
    > 277 |     fireEvent.click(editButton);
          |               ^
      278 |
      279 |     // Wait for modal to open
      280 |     await waitFor(() => {

      at domAnimation (node_modules/@heroui/modal/dist/index.js:246:58)
      at node_modules/framer-motion/dist/cjs/index.js:9462:13
      at commitHookEffectListMount (node_modules/react-dom/cjs/react-dom.development.js:23189:26)
      at commitPassiveMountOnFiber (node_modules/react-dom/cjs/react-dom.development.js:24970:11)
      at commitPassiveMountEffects_complete (node_modules/react-dom/cjs/react-dom.development.js:24930:9)
      at commitPassiveMountEffects_begin (node_modules/react-dom/cjs/react-dom.development.js:24917:7)
      at commitPassiveMountEffects (node_modules/react-dom/cjs/react-dom.development.js:24905:3)
      at flushPassiveEffectsImpl (node_modules/react-dom/cjs/react-dom.development.js:27078:3)
      at flushPassiveEffects (node_modules/react-dom/cjs/react-dom.development.js:27023:14)
      at commitRootImpl (node_modules/react-dom/cjs/react-dom.development.js:26974:5)
      at commitRoot (node_modules/react-dom/cjs/react-dom.development.js:26721:5)
      at performSyncWorkOnRoot (node_modules/react-dom/cjs/react-dom.development.js:26156:3)
      at flushSyncCallbacks (node_modules/react-dom/cjs/react-dom.development.js:12042:22)
      at flushActQueue (node_modules/react/cjs/react.development.js:2667:24)
      at act (node_modules/react/cjs/react.development.js:2582:11)
      at node_modules/@testing-library/react/dist/act-compat.js:47:25
      at Object.eventWrapper (node_modules/@testing-library/react/dist/pure.js:107:28)
      at fireEvent (node_modules/@testing-library/dom/dist/events.js:12:35)
      at Function.fireEvent.<computed> [as click] (node_modules/@testing-library/dom/dist/events.js:110:36)
      at Function.fireEvent.<computed> [as click] (node_modules/@testing-library/react/dist/fire-event.js:15:52)
      at Object.click (C:\Users\leovp\Programming\adorador\adorador-frontend\src\app\(public)../../../../../grupos/[bandId]/eventos/[eventId]/en-vivo/_components/updatingElements/__tests__/UpdatingSongList.test.tsx:277:15)

  ΓùÅ UpdatingSongList ΓÇ║ should close modal and reset changes when clicking cancel

    TypeError: A dynamic import callback was invoked without --experimental-vm-modules

      265 |
      266 |   it('should close modal and reset changes when clicking cancel', async () => {
    > 267 |     render(
          |           ^
      268 |       <UpdatingSongList
      269 |         songs={mockSongs}
      270 |         params={mockParams}

      at domAnimation (node_modules/@heroui/tooltip/dist/index.js:252:58)
      at node_modules/framer-motion/dist/cjs/index.js:9462:13
      at commitHookEffectListMount (node_modules/react-dom/cjs/react-dom.development.js:23189:26)
      at commitPassiveMountOnFiber (node_modules/react-dom/cjs/react-dom.development.js:24970:11)
      at commitPassiveMountEffects_complete (node_modules/react-dom/cjs/react-dom.development.js:24930:9)
      at commitPassiveMountEffects_begin (node_modules/react-dom/cjs/react-dom.development.js:24917:7)
      at commitPassiveMountEffects (node_modules/react-dom/cjs/react-dom.development.js:24905:3)
      at flushPassiveEffectsImpl (node_modules/react-dom/cjs/react-dom.development.js:27078:3)
      at flushPassiveEffects (node_modules/react-dom/cjs/react-dom.development.js:27023:14)
      at node_modules/react-dom/cjs/react-dom.development.js:26808:9
      at flushActQueue (node_modules/react/cjs/react.development.js:2667:24)
      at act (node_modules/react/cjs/react.development.js:2582:11)
      at node_modules/@testing-library/react/dist/act-compat.js:47:25
      at renderRoot (node_modules/@testing-library/react/dist/pure.js:190:26)
      at render (node_modules/@testing-library/react/dist/pure.js:292:10)
      at Object.<anonymous> (C:\Users\leovp\Programming\adorador\adorador-frontend\src\app\(public)../../../../../grupos/[bandId]/eventos/[eventId]/en-vivo/_components/updatingElements/__tests__/UpdatingSongList.test.tsx:267:11)

  ΓùÅ UpdatingSongList ΓÇ║ should close modal and reset changes when clicking cancel

    TypeError: A dynamic import callback was invoked without --experimental-vm-modules

      275 |     // Open modal
      276 |     const editButton = screen.getByLabelText('Editar canciones del evento');
    > 277 |     fireEvent.click(editButton);
          |               ^
      278 |
      279 |     // Wait for modal to open
      280 |     await waitFor(() => {

      at domAnimation (node_modules/@heroui/modal/dist/index.js:246:58)
      at node_modules/framer-motion/dist/cjs/index.js:9462:13
      at commitHookEffectListMount (node_modules/react-dom/cjs/react-dom.development.js:23189:26)
      at commitPassiveMountOnFiber (node_modules/react-dom/cjs/react-dom.development.js:24970:11)
      at commitPassiveMountEffects_complete (node_modules/react-dom/cjs/react-dom.development.js:24930:9)
      at commitPassiveMountEffects_begin (node_modules/react-dom/cjs/react-dom.development.js:24917:7)
      at commitPassiveMountEffects (node_modules/react-dom/cjs/react-dom.development.js:24905:3)
      at flushPassiveEffectsImpl (node_modules/react-dom/cjs/react-dom.development.js:27078:3)
      at flushPassiveEffects (node_modules/react-dom/cjs/react-dom.development.js:27023:14)
      at commitRootImpl (node_modules/react-dom/cjs/react-dom.development.js:26974:5)
      at commitRoot (node_modules/react-dom/cjs/react-dom.development.js:26721:5)
      at performSyncWorkOnRoot (node_modules/react-dom/cjs/react-dom.development.js:26156:3)
      at flushSyncCallbacks (node_modules/react-dom/cjs/react-dom.development.js:12042:22)
      at flushActQueue (node_modules/react/cjs/react.development.js:2667:24)
      at act (node_modules/react/cjs/react.development.js:2582:11)
      at node_modules/@testing-library/react/dist/act-compat.js:47:25
      at Object.eventWrapper (node_modules/@testing-library/react/dist/pure.js:107:28)
      at fireEvent (node_modules/@testing-library/dom/dist/events.js:12:35)
      at Function.fireEvent.<computed> [as click] (node_modules/@testing-library/dom/dist/events.js:110:36)
      at Function.fireEvent.<computed> [as click] (node_modules/@testing-library/react/dist/fire-event.js:15:52)
      at Object.click (C:\Users\leovp\Programming\adorador\adorador-frontend\src\app\(public)../../../../../grupos/[bandId]/eventos/[eventId]/en-vivo/_components/updatingElements/__tests__/UpdatingSongList.test.tsx:277:15)

  ΓùÅ UpdatingSongList ΓÇ║ should close modal and reset changes when clicking cancel

    TypeError: A dynamic import callback was invoked without --experimental-vm-modules

      275 |     // Open modal
      276 |     const editButton = screen.getByLabelText('Editar canciones del evento');
    > 277 |     fireEvent.click(editButton);
          |               ^
      278 |
      279 |     // Wait for modal to open
      280 |     await waitFor(() => {

      at domAnimation (node_modules/@heroui/modal/dist/index.js:246:58)
      at node_modules/framer-motion/dist/cjs/index.js:9462:13
      at commitHookEffectListMount (node_modules/react-dom/cjs/react-dom.development.js:23189:26)
      at commitPassiveMountOnFiber (node_modules/react-dom/cjs/react-dom.development.js:24970:11)
      at commitPassiveMountEffects_complete (node_modules/react-dom/cjs/react-dom.development.js:24930:9)
      at commitPassiveMountEffects_begin (node_modules/react-dom/cjs/react-dom.development.js:24917:7)
      at commitPassiveMountEffects (node_modules/react-dom/cjs/react-dom.development.js:24905:3)
      at flushPassiveEffectsImpl (node_modules/react-dom/cjs/react-dom.development.js:27078:3)
      at flushPassiveEffects (node_modules/react-dom/cjs/react-dom.development.js:27023:14)
      at commitRootImpl (node_modules/react-dom/cjs/react-dom.development.js:26974:5)
      at commitRoot (node_modules/react-dom/cjs/react-dom.development.js:26721:5)
      at performSyncWorkOnRoot (node_modules/react-dom/cjs/react-dom.development.js:26156:3)
      at flushSyncCallbacks (node_modules/react-dom/cjs/react-dom.development.js:12042:22)
      at flushActQueue (node_modules/react/cjs/react.development.js:2667:24)
      at act (node_modules/react/cjs/react.development.js:2582:11)
      at node_modules/@testing-library/react/dist/act-compat.js:47:25
      at Object.eventWrapper (node_modules/@testing-library/react/dist/pure.js:107:28)
      at fireEvent (node_modules/@testing-library/dom/dist/events.js:12:35)
      at Function.fireEvent.<computed> [as click] (node_modules/@testing-library/dom/dist/events.js:110:36)
      at Function.fireEvent.<computed> [as click] (node_modules/@testing-library/react/dist/fire-event.js:15:52)
      at Object.click (C:\Users\leovp\Programming\adorador\adorador-frontend\src\app\(public)../../../../../grupos/[bandId]/eventos/[eventId]/en-vivo/_components/updatingElements/__tests__/UpdatingSongList.test.tsx:277:15)

  ΓùÅ UpdatingSongList ΓÇ║ should show save button as disabled when there are no changes

    TypeError: A dynamic import callback was invoked without --experimental-vm-modules

      293 |
      294 |   it('should show save button as disabled when there are no changes', async () => {
    > 295 |     render(
          |           ^
      296 |       <UpdatingSongList
      297 |         songs={mockSongs}
      298 |         params={mockParams}

      at domAnimation (node_modules/@heroui/tooltip/dist/index.js:252:58)
      at node_modules/framer-motion/dist/cjs/index.js:9462:13
      at commitHookEffectListMount (node_modules/react-dom/cjs/react-dom.development.js:23189:26)
      at commitPassiveMountOnFiber (node_modules/react-dom/cjs/react-dom.development.js:24970:11)
      at commitPassiveMountEffects_complete (node_modules/react-dom/cjs/react-dom.development.js:24930:9)
      at commitPassiveMountEffects_begin (node_modules/react-dom/cjs/react-dom.development.js:24917:7)
      at commitPassiveMountEffects (node_modules/react-dom/cjs/react-dom.development.js:24905:3)
      at flushPassiveEffectsImpl (node_modules/react-dom/cjs/react-dom.development.js:27078:3)
      at flushPassiveEffects (node_modules/react-dom/cjs/react-dom.development.js:27023:14)
      at node_modules/react-dom/cjs/react-dom.development.js:26808:9
      at flushActQueue (node_modules/react/cjs/react.development.js:2667:24)
      at act (node_modules/react/cjs/react.development.js:2582:11)
      at node_modules/@testing-library/react/dist/act-compat.js:47:25
      at renderRoot (node_modules/@testing-library/react/dist/pure.js:190:26)
      at render (node_modules/@testing-library/react/dist/pure.js:292:10)
      at Object.<anonymous> (C:\Users\leovp\Programming\adorador\adorador-frontend\src\app\(public)../../../../../grupos/[bandId]/eventos/[eventId]/en-vivo/_components/updatingElements/__tests__/UpdatingSongList.test.tsx:295:11)

  ΓùÅ UpdatingSongList ΓÇ║ should show save button as disabled when there are no changes

    TypeError: A dynamic import callback was invoked without --experimental-vm-modules

      302 |
      303 |     const editButton = screen.getByLabelText('Editar canciones del evento');
    > 304 |     fireEvent.click(editButton);
          |               ^
      305 |
      306 |     // Wait for modal to open
      307 |     await waitFor(() => {

      at domAnimation (node_modules/@heroui/modal/dist/index.js:246:58)
      at node_modules/framer-motion/dist/cjs/index.js:9462:13
      at commitHookEffectListMount (node_modules/react-dom/cjs/react-dom.development.js:23189:26)
      at commitPassiveMountOnFiber (node_modules/react-dom/cjs/react-dom.development.js:24970:11)
      at commitPassiveMountEffects_complete (node_modules/react-dom/cjs/react-dom.development.js:24930:9)
      at commitPassiveMountEffects_begin (node_modules/react-dom/cjs/react-dom.development.js:24917:7)
      at commitPassiveMountEffects (node_modules/react-dom/cjs/react-dom.development.js:24905:3)
      at flushPassiveEffectsImpl (node_modules/react-dom/cjs/react-dom.development.js:27078:3)
      at flushPassiveEffects (node_modules/react-dom/cjs/react-dom.development.js:27023:14)
      at commitRootImpl (node_modules/react-dom/cjs/react-dom.development.js:26974:5)
      at commitRoot (node_modules/react-dom/cjs/react-dom.development.js:26721:5)
      at performSyncWorkOnRoot (node_modules/react-dom/cjs/react-dom.development.js:26156:3)
      at flushSyncCallbacks (node_modules/react-dom/cjs/react-dom.development.js:12042:22)
      at flushActQueue (node_modules/react/cjs/react.development.js:2667:24)
      at act (node_modules/react/cjs/react.development.js:2582:11)
      at node_modules/@testing-library/react/dist/act-compat.js:47:25
      at Object.eventWrapper (node_modules/@testing-library/react/dist/pure.js:107:28)
      at fireEvent (node_modules/@testing-library/dom/dist/events.js:12:35)
      at Function.fireEvent.<computed> [as click] (node_modules/@testing-library/dom/dist/events.js:110:36)
      at Function.fireEvent.<computed> [as click] (node_modules/@testing-library/react/dist/fire-event.js:15:52)
      at Object.click (C:\Users\leovp\Programming\adorador\adorador-frontend\src\app\(public)../../../../../grupos/[bandId]/eventos/[eventId]/en-vivo/_components/updatingElements/__tests__/UpdatingSongList.test.tsx:304:15)

  ΓùÅ UpdatingSongList ΓÇ║ should show save button as disabled when there are no changes

    TypeError: A dynamic import callback was invoked without --experimental-vm-modules

      302 |
      303 |     const editButton = screen.getByLabelText('Editar canciones del evento');
    > 304 |     fireEvent.click(editButton);
          |               ^
      305 |
      306 |     // Wait for modal to open
      307 |     await waitFor(() => {

      at domAnimation (node_modules/@heroui/modal/dist/index.js:246:58)
      at node_modules/framer-motion/dist/cjs/index.js:9462:13
      at commitHookEffectListMount (node_modules/react-dom/cjs/react-dom.development.js:23189:26)
      at commitPassiveMountOnFiber (node_modules/react-dom/cjs/react-dom.development.js:24970:11)
      at commitPassiveMountEffects_complete (node_modules/react-dom/cjs/react-dom.development.js:24930:9)
      at commitPassiveMountEffects_begin (node_modules/react-dom/cjs/react-dom.development.js:24917:7)
      at commitPassiveMountEffects (node_modules/react-dom/cjs/react-dom.development.js:24905:3)
      at flushPassiveEffectsImpl (node_modules/react-dom/cjs/react-dom.development.js:27078:3)
      at flushPassiveEffects (node_modules/react-dom/cjs/react-dom.development.js:27023:14)
      at commitRootImpl (node_modules/react-dom/cjs/react-dom.development.js:26974:5)
      at commitRoot (node_modules/react-dom/cjs/react-dom.development.js:26721:5)
      at performSyncWorkOnRoot (node_modules/react-dom/cjs/react-dom.development.js:26156:3)
      at flushSyncCallbacks (node_modules/react-dom/cjs/react-dom.development.js:12042:22)
      at flushActQueue (node_modules/react/cjs/react.development.js:2667:24)
      at act (node_modules/react/cjs/react.development.js:2582:11)
      at node_modules/@testing-library/react/dist/act-compat.js:47:25
      at Object.eventWrapper (node_modules/@testing-library/react/dist/pure.js:107:28)
      at fireEvent (node_modules/@testing-library/dom/dist/events.js:12:35)
      at Function.fireEvent.<computed> [as click] (node_modules/@testing-library/dom/dist/events.js:110:36)
      at Function.fireEvent.<computed> [as click] (node_modules/@testing-library/react/dist/fire-event.js:15:52)
      at Object.click (C:\Users\leovp\Programming\adorador\adorador-frontend\src\app\(public)../../../../../grupos/[bandId]/eventos/[eventId]/en-vivo/_components/updatingElements/__tests__/UpdatingSongList.test.tsx:304:15)

  ΓùÅ UpdatingSongList ΓÇ║ should show save button as disabled when there are no changes

    TypeError: A dynamic import callback was invoked without --experimental-vm-modules

      293 |
      294 |   it('should show save button as disabled when there are no changes', async () => {
    > 295 |     render(
          |           ^
      296 |       <UpdatingSongList
      297 |         songs={mockSongs}
      298 |         params={mockParams}

      at domAnimation (node_modules/@heroui/tooltip/dist/index.js:252:58)
      at node_modules/framer-motion/dist/cjs/index.js:9462:13
      at commitHookEffectListMount (node_modules/react-dom/cjs/react-dom.development.js:23189:26)
      at commitPassiveMountOnFiber (node_modules/react-dom/cjs/react-dom.development.js:24970:11)
      at commitPassiveMountEffects_complete (node_modules/react-dom/cjs/react-dom.development.js:24930:9)
      at commitPassiveMountEffects_begin (node_modules/react-dom/cjs/react-dom.development.js:24917:7)
      at commitPassiveMountEffects (node_modules/react-dom/cjs/react-dom.development.js:24905:3)
      at flushPassiveEffectsImpl (node_modules/react-dom/cjs/react-dom.development.js:27078:3)
      at flushPassiveEffects (node_modules/react-dom/cjs/react-dom.development.js:27023:14)
      at node_modules/react-dom/cjs/react-dom.development.js:26808:9
      at flushActQueue (node_modules/react/cjs/react.development.js:2667:24)
      at act (node_modules/react/cjs/react.development.js:2582:11)
      at node_modules/@testing-library/react/dist/act-compat.js:47:25
      at renderRoot (node_modules/@testing-library/react/dist/pure.js:190:26)
      at render (node_modules/@testing-library/react/dist/pure.js:292:10)
      at Object.<anonymous> (C:\Users\leovp\Programming\adorador\adorador-frontend\src\app\(public)../../../../../grupos/[bandId]/eventos/[eventId]/en-vivo/_components/updatingElements/__tests__/UpdatingSongList.test.tsx:295:11)

  ΓùÅ UpdatingSongList ΓÇ║ should show save button as disabled when there are no changes

    TypeError: A dynamic import callback was invoked without --experimental-vm-modules

      302 |
      303 |     const editButton = screen.getByLabelText('Editar canciones del evento');
    > 304 |     fireEvent.click(editButton);
          |               ^
      305 |
      306 |     // Wait for modal to open
      307 |     await waitFor(() => {

      at domAnimation (node_modules/@heroui/modal/dist/index.js:246:58)
      at node_modules/framer-motion/dist/cjs/index.js:9462:13
      at commitHookEffectListMount (node_modules/react-dom/cjs/react-dom.development.js:23189:26)
      at commitPassiveMountOnFiber (node_modules/react-dom/cjs/react-dom.development.js:24970:11)
      at commitPassiveMountEffects_complete (node_modules/react-dom/cjs/react-dom.development.js:24930:9)
      at commitPassiveMountEffects_begin (node_modules/react-dom/cjs/react-dom.development.js:24917:7)
      at commitPassiveMountEffects (node_modules/react-dom/cjs/react-dom.development.js:24905:3)
      at flushPassiveEffectsImpl (node_modules/react-dom/cjs/react-dom.development.js:27078:3)
      at flushPassiveEffects (node_modules/react-dom/cjs/react-dom.development.js:27023:14)
      at commitRootImpl (node_modules/react-dom/cjs/react-dom.development.js:26974:5)
      at commitRoot (node_modules/react-dom/cjs/react-dom.development.js:26721:5)
      at performSyncWorkOnRoot (node_modules/react-dom/cjs/react-dom.development.js:26156:3)
      at flushSyncCallbacks (node_modules/react-dom/cjs/react-dom.development.js:12042:22)
      at flushActQueue (node_modules/react/cjs/react.development.js:2667:24)
      at act (node_modules/react/cjs/react.development.js:2582:11)
      at node_modules/@testing-library/react/dist/act-compat.js:47:25
      at Object.eventWrapper (node_modules/@testing-library/react/dist/pure.js:107:28)
      at fireEvent (node_modules/@testing-library/dom/dist/events.js:12:35)
      at Function.fireEvent.<computed> [as click] (node_modules/@testing-library/dom/dist/events.js:110:36)
      at Function.fireEvent.<computed> [as click] (node_modules/@testing-library/react/dist/fire-event.js:15:52)
      at Object.click (C:\Users\leovp\Programming\adorador\adorador-frontend\src\app\(public)../../../../../grupos/[bandId]/eventos/[eventId]/en-vivo/_components/updatingElements/__tests__/UpdatingSongList.test.tsx:304:15)

  ΓùÅ UpdatingSongList ΓÇ║ should show save button as disabled when there are no changes

    TypeError: A dynamic import callback was invoked without --experimental-vm-modules

      302 |
      303 |     const editButton = screen.getByLabelText('Editar canciones del evento');
    > 304 |     fireEvent.click(editButton);
          |               ^
      305 |
      306 |     // Wait for modal to open
      307 |     await waitFor(() => {

      at domAnimation (node_modules/@heroui/modal/dist/index.js:246:58)
      at node_modules/framer-motion/dist/cjs/index.js:9462:13
      at commitHookEffectListMount (node_modules/react-dom/cjs/react-dom.development.js:23189:26)
      at commitPassiveMountOnFiber (node_modules/react-dom/cjs/react-dom.development.js:24970:11)
      at commitPassiveMountEffects_complete (node_modules/react-dom/cjs/react-dom.development.js:24930:9)
      at commitPassiveMountEffects_begin (node_modules/react-dom/cjs/react-dom.development.js:24917:7)
      at commitPassiveMountEffects (node_modules/react-dom/cjs/react-dom.development.js:24905:3)
      at flushPassiveEffectsImpl (node_modules/react-dom/cjs/react-dom.development.js:27078:3)
      at flushPassiveEffects (node_modules/react-dom/cjs/react-dom.development.js:27023:14)
      at commitRootImpl (node_modules/react-dom/cjs/react-dom.development.js:26974:5)
      at commitRoot (node_modules/react-dom/cjs/react-dom.development.js:26721:5)
      at performSyncWorkOnRoot (node_modules/react-dom/cjs/react-dom.development.js:26156:3)
      at flushSyncCallbacks (node_modules/react-dom/cjs/react-dom.development.js:12042:22)
      at flushActQueue (node_modules/react/cjs/react.development.js:2667:24)
      at act (node_modules/react/cjs/react.development.js:2582:11)
      at node_modules/@testing-library/react/dist/act-compat.js:47:25
      at Object.eventWrapper (node_modules/@testing-library/react/dist/pure.js:107:28)
      at fireEvent (node_modules/@testing-library/dom/dist/events.js:12:35)
      at Function.fireEvent.<computed> [as click] (node_modules/@testing-library/dom/dist/events.js:110:36)
      at Function.fireEvent.<computed> [as click] (node_modules/@testing-library/react/dist/fire-event.js:15:52)
      at Object.click (C:\Users\leovp\Programming\adorador\adorador-frontend\src\app\(public)../../../../../grupos/[bandId]/eventos/[eventId]/en-vivo/_components/updatingElements/__tests__/UpdatingSongList.test.tsx:304:15)

  ΓùÅ UpdatingSongList ΓÇ║ should display empty state when there are no songs

    TypeError: A dynamic import callback was invoked without --experimental-vm-modules

      315 |
      316 |   it('should display empty state when there are no songs', async () => {
    > 317 |     render(
          |           ^
      318 |       <UpdatingSongList songs={[]} params={mockParams} refetch={mockRefetch} />,
      319 |     );
      320 |

      at domAnimation (node_modules/@heroui/tooltip/dist/index.js:252:58)
      at node_modules/framer-motion/dist/cjs/index.js:9462:13
      at commitHookEffectListMount (node_modules/react-dom/cjs/react-dom.development.js:23189:26)
      at commitPassiveMountOnFiber (node_modules/react-dom/cjs/react-dom.development.js:24970:11)
      at commitPassiveMountEffects_complete (node_modules/react-dom/cjs/react-dom.development.js:24930:9)
      at commitPassiveMountEffects_begin (node_modules/react-dom/cjs/react-dom.development.js:24917:7)
      at commitPassiveMountEffects (node_modules/react-dom/cjs/react-dom.development.js:24905:3)
      at flushPassiveEffectsImpl (node_modules/react-dom/cjs/react-dom.development.js:27078:3)
      at flushPassiveEffects (node_modules/react-dom/cjs/react-dom.development.js:27023:14)
      at node_modules/react-dom/cjs/react-dom.development.js:26808:9
      at flushActQueue (node_modules/react/cjs/react.development.js:2667:24)
      at act (node_modules/react/cjs/react.development.js:2582:11)
      at node_modules/@testing-library/react/dist/act-compat.js:47:25
      at renderRoot (node_modules/@testing-library/react/dist/pure.js:190:26)
      at render (node_modules/@testing-library/react/dist/pure.js:292:10)
      at Object.<anonymous> (C:\Users\leovp\Programming\adorador\adorador-frontend\src\app\(public)../../../../../grupos/[bandId]/eventos/[eventId]/en-vivo/_components/updatingElements/__tests__/UpdatingSongList.test.tsx:317:11)

  ΓùÅ UpdatingSongList ΓÇ║ should display empty state when there are no songs

    TypeError: A dynamic import callback was invoked without --experimental-vm-modules

      320 |
      321 |     const editButton = screen.getByLabelText('Editar canciones del evento');
    > 322 |     fireEvent.click(editButton);
          |               ^
      323 |
      324 |     // Wait for modal to open
      325 |     await waitFor(() => {

      at domAnimation (node_modules/@heroui/modal/dist/index.js:246:58)
      at node_modules/framer-motion/dist/cjs/index.js:9462:13
      at commitHookEffectListMount (node_modules/react-dom/cjs/react-dom.development.js:23189:26)
      at commitPassiveMountOnFiber (node_modules/react-dom/cjs/react-dom.development.js:24970:11)
      at commitPassiveMountEffects_complete (node_modules/react-dom/cjs/react-dom.development.js:24930:9)
      at commitPassiveMountEffects_begin (node_modules/react-dom/cjs/react-dom.development.js:24917:7)
      at commitPassiveMountEffects (node_modules/react-dom/cjs/react-dom.development.js:24905:3)
      at flushPassiveEffectsImpl (node_modules/react-dom/cjs/react-dom.development.js:27078:3)
      at flushPassiveEffects (node_modules/react-dom/cjs/react-dom.development.js:27023:14)
      at commitRootImpl (node_modules/react-dom/cjs/react-dom.development.js:26974:5)
      at commitRoot (node_modules/react-dom/cjs/react-dom.development.js:26721:5)
      at performSyncWorkOnRoot (node_modules/react-dom/cjs/react-dom.development.js:26156:3)
      at flushSyncCallbacks (node_modules/react-dom/cjs/react-dom.development.js:12042:22)
      at flushActQueue (node_modules/react/cjs/react.development.js:2667:24)
      at act (node_modules/react/cjs/react.development.js:2582:11)
      at node_modules/@testing-library/react/dist/act-compat.js:47:25
      at Object.eventWrapper (node_modules/@testing-library/react/dist/pure.js:107:28)
      at fireEvent (node_modules/@testing-library/dom/dist/events.js:12:35)
      at Function.fireEvent.<computed> [as click] (node_modules/@testing-library/dom/dist/events.js:110:36)
      at Function.fireEvent.<computed> [as click] (node_modules/@testing-library/react/dist/fire-event.js:15:52)
      at Object.click (C:\Users\leovp\Programming\adorador\adorador-frontend\src\app\(public)../../../../../grupos/[bandId]/eventos/[eventId]/en-vivo/_components/updatingElements/__tests__/UpdatingSongList.test.tsx:322:15)

  ΓùÅ UpdatingSongList ΓÇ║ should display empty state when there are no songs

    TypeError: A dynamic import callback was invoked without --experimental-vm-modules

      320 |
      321 |     const editButton = screen.getByLabelText('Editar canciones del evento');
    > 322 |     fireEvent.click(editButton);
          |               ^
      323 |
      324 |     // Wait for modal to open
      325 |     await waitFor(() => {

      at domAnimation (node_modules/@heroui/modal/dist/index.js:246:58)
      at node_modules/framer-motion/dist/cjs/index.js:9462:13
      at commitHookEffectListMount (node_modules/react-dom/cjs/react-dom.development.js:23189:26)
      at commitPassiveMountOnFiber (node_modules/react-dom/cjs/react-dom.development.js:24970:11)
      at commitPassiveMountEffects_complete (node_modules/react-dom/cjs/react-dom.development.js:24930:9)
      at commitPassiveMountEffects_begin (node_modules/react-dom/cjs/react-dom.development.js:24917:7)
      at commitPassiveMountEffects (node_modules/react-dom/cjs/react-dom.development.js:24905:3)
      at flushPassiveEffectsImpl (node_modules/react-dom/cjs/react-dom.development.js:27078:3)
      at flushPassiveEffects (node_modules/react-dom/cjs/react-dom.development.js:27023:14)
      at commitRootImpl (node_modules/react-dom/cjs/react-dom.development.js:26974:5)
      at commitRoot (node_modules/react-dom/cjs/react-dom.development.js:26721:5)
      at performSyncWorkOnRoot (node_modules/react-dom/cjs/react-dom.development.js:26156:3)
      at flushSyncCallbacks (node_modules/react-dom/cjs/react-dom.development.js:12042:22)
      at flushActQueue (node_modules/react/cjs/react.development.js:2667:24)
      at act (node_modules/react/cjs/react.development.js:2582:11)
      at node_modules/@testing-library/react/dist/act-compat.js:47:25
      at Object.eventWrapper (node_modules/@testing-library/react/dist/pure.js:107:28)
      at fireEvent (node_modules/@testing-library/dom/dist/events.js:12:35)
      at Function.fireEvent.<computed> [as click] (node_modules/@testing-library/dom/dist/events.js:110:36)
      at Function.fireEvent.<computed> [as click] (node_modules/@testing-library/react/dist/fire-event.js:15:52)
      at Object.click (C:\Users\leovp\Programming\adorador\adorador-frontend\src\app\(public)../../../../../grupos/[bandId]/eventos/[eventId]/en-vivo/_components/updatingElements/__tests__/UpdatingSongList.test.tsx:322:15)

  ΓùÅ UpdatingSongList ΓÇ║ should display empty state when there are no songs

    TypeError: A dynamic import callback was invoked without --experimental-vm-modules

      315 |
      316 |   it('should display empty state when there are no songs', async () => {
    > 317 |     render(
          |           ^
      318 |       <UpdatingSongList songs={[]} params={mockParams} refetch={mockRefetch} />,
      319 |     );
      320 |

      at domAnimation (node_modules/@heroui/tooltip/dist/index.js:252:58)
      at node_modules/framer-motion/dist/cjs/index.js:9462:13
      at commitHookEffectListMount (node_modules/react-dom/cjs/react-dom.development.js:23189:26)
      at commitPassiveMountOnFiber (node_modules/react-dom/cjs/react-dom.development.js:24970:11)
      at commitPassiveMountEffects_complete (node_modules/react-dom/cjs/react-dom.development.js:24930:9)
      at commitPassiveMountEffects_begin (node_modules/react-dom/cjs/react-dom.development.js:24917:7)
      at commitPassiveMountEffects (node_modules/react-dom/cjs/react-dom.development.js:24905:3)
      at flushPassiveEffectsImpl (node_modules/react-dom/cjs/react-dom.development.js:27078:3)
      at flushPassiveEffects (node_modules/react-dom/cjs/react-dom.development.js:27023:14)
      at node_modules/react-dom/cjs/react-dom.development.js:26808:9
      at flushActQueue (node_modules/react/cjs/react.development.js:2667:24)
      at act (node_modules/react/cjs/react.development.js:2582:11)
      at node_modules/@testing-library/react/dist/act-compat.js:47:25
      at renderRoot (node_modules/@testing-library/react/dist/pure.js:190:26)
      at render (node_modules/@testing-library/react/dist/pure.js:292:10)
      at Object.<anonymous> (C:\Users\leovp\Programming\adorador\adorador-frontend\src\app\(public)../../../../../grupos/[bandId]/eventos/[eventId]/en-vivo/_components/updatingElements/__tests__/UpdatingSongList.test.tsx:317:11)

  ΓùÅ UpdatingSongList ΓÇ║ should display empty state when there are no songs

    TypeError: A dynamic import callback was invoked without --experimental-vm-modules

      320 |
      321 |     const editButton = screen.getByLabelText('Editar canciones del evento');
    > 322 |     fireEvent.click(editButton);
          |               ^
      323 |
      324 |     // Wait for modal to open
      325 |     await waitFor(() => {

      at domAnimation (node_modules/@heroui/modal/dist/index.js:246:58)
      at node_modules/framer-motion/dist/cjs/index.js:9462:13
      at commitHookEffectListMount (node_modules/react-dom/cjs/react-dom.development.js:23189:26)
      at commitPassiveMountOnFiber (node_modules/react-dom/cjs/react-dom.development.js:24970:11)
      at commitPassiveMountEffects_complete (node_modules/react-dom/cjs/react-dom.development.js:24930:9)
      at commitPassiveMountEffects_begin (node_modules/react-dom/cjs/react-dom.development.js:24917:7)
      at commitPassiveMountEffects (node_modules/react-dom/cjs/react-dom.development.js:24905:3)
      at flushPassiveEffectsImpl (node_modules/react-dom/cjs/react-dom.development.js:27078:3)
      at flushPassiveEffects (node_modules/react-dom/cjs/react-dom.development.js:27023:14)
      at commitRootImpl (node_modules/react-dom/cjs/react-dom.development.js:26974:5)
      at commitRoot (node_modules/react-dom/cjs/react-dom.development.js:26721:5)
      at performSyncWorkOnRoot (node_modules/react-dom/cjs/react-dom.development.js:26156:3)
      at flushSyncCallbacks (node_modules/react-dom/cjs/react-dom.development.js:12042:22)
      at flushActQueue (node_modules/react/cjs/react.development.js:2667:24)
      at act (node_modules/react/cjs/react.development.js:2582:11)
      at node_modules/@testing-library/react/dist/act-compat.js:47:25
      at Object.eventWrapper (node_modules/@testing-library/react/dist/pure.js:107:28)
      at fireEvent (node_modules/@testing-library/dom/dist/events.js:12:35)
      at Function.fireEvent.<computed> [as click] (node_modules/@testing-library/dom/dist/events.js:110:36)
      at Function.fireEvent.<computed> [as click] (node_modules/@testing-library/react/dist/fire-event.js:15:52)
      at Object.click (C:\Users\leovp\Programming\adorador\adorador-frontend\src\app\(public)../../../../../grupos/[bandId]/eventos/[eventId]/en-vivo/_components/updatingElements/__tests__/UpdatingSongList.test.tsx:322:15)

  ΓùÅ UpdatingSongList ΓÇ║ should display empty state when there are no songs

    TypeError: A dynamic import callback was invoked without --experimental-vm-modules

      320 |
      321 |     const editButton = screen.getByLabelText('Editar canciones del evento');
    > 322 |     fireEvent.click(editButton);
          |               ^
      323 |
      324 |     // Wait for modal to open
      325 |     await waitFor(() => {

      at domAnimation (node_modules/@heroui/modal/dist/index.js:246:58)
      at node_modules/framer-motion/dist/cjs/index.js:9462:13
      at commitHookEffectListMount (node_modules/react-dom/cjs/react-dom.development.js:23189:26)
      at commitPassiveMountOnFiber (node_modules/react-dom/cjs/react-dom.development.js:24970:11)
      at commitPassiveMountEffects_complete (node_modules/react-dom/cjs/react-dom.development.js:24930:9)
      at commitPassiveMountEffects_begin (node_modules/react-dom/cjs/react-dom.development.js:24917:7)
      at commitPassiveMountEffects (node_modules/react-dom/cjs/react-dom.development.js:24905:3)
      at flushPassiveEffectsImpl (node_modules/react-dom/cjs/react-dom.development.js:27078:3)
      at flushPassiveEffects (node_modules/react-dom/cjs/react-dom.development.js:27023:14)
      at commitRootImpl (node_modules/react-dom/cjs/react-dom.development.js:26974:5)
      at commitRoot (node_modules/react-dom/cjs/react-dom.development.js:26721:5)
      at performSyncWorkOnRoot (node_modules/react-dom/cjs/react-dom.development.js:26156:3)
      at flushSyncCallbacks (node_modules/react-dom/cjs/react-dom.development.js:12042:22)
      at flushActQueue (node_modules/react/cjs/react.development.js:2667:24)
      at act (node_modules/react/cjs/react.development.js:2582:11)
      at node_modules/@testing-library/react/dist/act-compat.js:47:25
      at Object.eventWrapper (node_modules/@testing-library/react/dist/pure.js:107:28)
      at fireEvent (node_modules/@testing-library/dom/dist/events.js:12:35)
      at Function.fireEvent.<computed> [as click] (node_modules/@testing-library/dom/dist/events.js:110:36)
      at Function.fireEvent.<computed> [as click] (node_modules/@testing-library/react/dist/fire-event.js:15:52)
      at Object.click (C:\Users\leovp\Programming\adorador\adorador-frontend\src\app\(public)../../../../../grupos/[bandId]/eventos/[eventId]/en-vivo/_components/updatingElements/__tests__/UpdatingSongList.test.tsx:322:15)

  ΓùÅ UpdatingSongList ΓÇ║ should call refetch after successful save

    TypeError: A dynamic import callback was invoked without --experimental-vm-modules

      341 |     );
      342 |
    > 343 |     const { rerender } = render(
          |                                ^
      344 |       <UpdatingSongList
      345 |         songs={mockSongs}
      346 |         params={mockParams}

      at domAnimation (node_modules/@heroui/tooltip/dist/index.js:252:58)
      at node_modules/framer-motion/dist/cjs/index.js:9462:13
      at commitHookEffectListMount (node_modules/react-dom/cjs/react-dom.development.js:23189:26)
      at commitPassiveMountOnFiber (node_modules/react-dom/cjs/react-dom.development.js:24970:11)
      at commitPassiveMountEffects_complete (node_modules/react-dom/cjs/react-dom.development.js:24930:9)
      at commitPassiveMountEffects_begin (node_modules/react-dom/cjs/react-dom.development.js:24917:7)
      at commitPassiveMountEffects (node_modules/react-dom/cjs/react-dom.development.js:24905:3)
      at flushPassiveEffectsImpl (node_modules/react-dom/cjs/react-dom.development.js:27078:3)
      at flushPassiveEffects (node_modules/react-dom/cjs/react-dom.development.js:27023:14)
      at node_modules/react-dom/cjs/react-dom.development.js:26808:9
      at flushActQueue (node_modules/react/cjs/react.development.js:2667:24)
      at act (node_modules/react/cjs/react.development.js:2582:11)
      at node_modules/@testing-library/react/dist/act-compat.js:47:25
      at renderRoot (node_modules/@testing-library/react/dist/pure.js:190:26)
      at render (node_modules/@testing-library/react/dist/pure.js:292:10)
      at Object.<anonymous> (C:\Users\leovp\Programming\adorador\adorador-frontend\src\app\(public)../../../../../grupos/[bandId]/eventos/[eventId]/en-vivo/_components/updatingElements/__tests__/UpdatingSongList.test.tsx:343:32)

  ΓùÅ UpdatingSongList ΓÇ║ should call refetch after successful save

    TypeError: A dynamic import callback was invoked without --experimental-vm-modules

      341 |     );
      342 |
    > 343 |     const { rerender } = render(
          |                                ^
      344 |       <UpdatingSongList
      345 |         songs={mockSongs}
      346 |         params={mockParams}

      at domAnimation (node_modules/@heroui/tooltip/dist/index.js:252:58)
      at node_modules/framer-motion/dist/cjs/index.js:9462:13
      at commitHookEffectListMount (node_modules/react-dom/cjs/react-dom.development.js:23189:26)
      at commitPassiveMountOnFiber (node_modules/react-dom/cjs/react-dom.development.js:24970:11)
      at commitPassiveMountEffects_complete (node_modules/react-dom/cjs/react-dom.development.js:24930:9)
      at commitPassiveMountEffects_begin (node_modules/react-dom/cjs/react-dom.development.js:24917:7)
      at commitPassiveMountEffects (node_modules/react-dom/cjs/react-dom.development.js:24905:3)
      at flushPassiveEffectsImpl (node_modules/react-dom/cjs/react-dom.development.js:27078:3)
      at flushPassiveEffects (node_modules/react-dom/cjs/react-dom.development.js:27023:14)
      at node_modules/react-dom/cjs/react-dom.development.js:26808:9
      at flushActQueue (node_modules/react/cjs/react.development.js:2667:24)
      at act (node_modules/react/cjs/react.development.js:2582:11)
      at node_modules/@testing-library/react/dist/act-compat.js:47:25
      at renderRoot (node_modules/@testing-library/react/dist/pure.js:190:26)
      at render (node_modules/@testing-library/react/dist/pure.js:292:10)
      at Object.<anonymous> (C:\Users\leovp\Programming\adorador\adorador-frontend\src\app\(public)../../../../../grupos/[bandId]/eventos/[eventId]/en-vivo/_components/updatingElements/__tests__/UpdatingSongList.test.tsx:343:32)

  ΓùÅ UpdatingSongList ΓÇ║ should show loading state on save button when pending

    TypeError: A dynamic import callback was invoked without --experimental-vm-modules

      374 |     );
      375 |
    > 376 |     render(
          |           ^
      377 |       <UpdatingSongList
      378 |         songs={mockSongs}
      379 |         params={mockParams}

      at domAnimation (node_modules/@heroui/tooltip/dist/index.js:252:58)
      at node_modules/framer-motion/dist/cjs/index.js:9462:13
      at commitHookEffectListMount (node_modules/react-dom/cjs/react-dom.development.js:23189:26)
      at commitPassiveMountOnFiber (node_modules/react-dom/cjs/react-dom.development.js:24970:11)
      at commitPassiveMountEffects_complete (node_modules/react-dom/cjs/react-dom.development.js:24930:9)
      at commitPassiveMountEffects_begin (node_modules/react-dom/cjs/react-dom.development.js:24917:7)
      at commitPassiveMountEffects (node_modules/react-dom/cjs/react-dom.development.js:24905:3)
      at flushPassiveEffectsImpl (node_modules/react-dom/cjs/react-dom.development.js:27078:3)
      at flushPassiveEffects (node_modules/react-dom/cjs/react-dom.development.js:27023:14)
      at node_modules/react-dom/cjs/react-dom.development.js:26808:9
      at flushActQueue (node_modules/react/cjs/react.development.js:2667:24)
      at act (node_modules/react/cjs/react.development.js:2582:11)
      at node_modules/@testing-library/react/dist/act-compat.js:47:25
      at renderRoot (node_modules/@testing-library/react/dist/pure.js:190:26)
      at render (node_modules/@testing-library/react/dist/pure.js:292:10)
      at Object.<anonymous> (C:\Users\leovp\Programming\adorador\adorador-frontend\src\app\(public)../../../../../grupos/[bandId]/eventos/[eventId]/en-vivo/_components/updatingElements/__tests__/UpdatingSongList.test.tsx:376:11)

  ΓùÅ UpdatingSongList ΓÇ║ should show loading state on save button when pending

    TypeError: A dynamic import callback was invoked without --experimental-vm-modules

      398 |     );
      399 |
    > 400 |     render(
          |           ^
      401 |       <UpdatingSongList
      402 |         songs={mockSongs}
      403 |         params={mockParams}

      at domAnimation (node_modules/@heroui/tooltip/dist/index.js:252:58)
      at node_modules/framer-motion/dist/cjs/index.js:9462:13
      at commitHookEffectListMount (node_modules/react-dom/cjs/react-dom.development.js:23189:26)
      at commitPassiveMountOnFiber (node_modules/react-dom/cjs/react-dom.development.js:24970:11)
      at commitPassiveMountEffects_complete (node_modules/react-dom/cjs/react-dom.development.js:24930:9)
      at commitPassiveMountEffects_begin (node_modules/react-dom/cjs/react-dom.development.js:24917:7)
      at commitPassiveMountEffects (node_modules/react-dom/cjs/react-dom.development.js:24905:3)
      at flushPassiveEffectsImpl (node_modules/react-dom/cjs/react-dom.development.js:27078:3)
      at flushPassiveEffects (node_modules/react-dom/cjs/react-dom.development.js:27023:14)
      at node_modules/react-dom/cjs/react-dom.development.js:26808:9
      at flushActQueue (node_modules/react/cjs/react.development.js:2667:24)
      at act (node_modules/react/cjs/react.development.js:2582:11)
      at node_modules/@testing-library/react/dist/act-compat.js:47:25
      at renderRoot (node_modules/@testing-library/react/dist/pure.js:190:26)
      at render (node_modules/@testing-library/react/dist/pure.js:292:10)
      at Object.<anonymous> (C:\Users\leovp\Programming\adorador\adorador-frontend\src\app\(public)../../../../../grupos/[bandId]/eventos/[eventId]/en-vivo/_components/updatingElements/__tests__/UpdatingSongList.test.tsx:400:11)

  ΓùÅ UpdatingSongList ΓÇ║ should show loading state on save button when pending

    TypeError: A dynamic import callback was invoked without --experimental-vm-modules

      421 |     );
      422 |
    > 423 |     render(
          |           ^
      424 |       <UpdatingSongList
      425 |         songs={mockSongs}
      426 |         params={mockParams}

      at domAnimation (node_modules/@heroui/tooltip/dist/index.js:252:58)
      at node_modules/framer-motion/dist/cjs/index.js:9462:13
      at commitHookEffectListMount (node_modules/react-dom/cjs/react-dom.development.js:23189:26)
      at commitPassiveMountOnFiber (node_modules/react-dom/cjs/react-dom.development.js:24970:11)
      at commitPassiveMountEffects_complete (node_modules/react-dom/cjs/react-dom.development.js:24930:9)
      at commitPassiveMountEffects_begin (node_modules/react-dom/cjs/react-dom.development.js:24917:7)
      at commitPassiveMountEffects (node_modules/react-dom/cjs/react-dom.development.js:24905:3)
      at flushPassiveEffectsImpl (node_modules/react-dom/cjs/react-dom.development.js:27078:3)
      at flushPassiveEffects (node_modules/react-dom/cjs/react-dom.development.js:27023:14)
      at node_modules/react-dom/cjs/react-dom.development.js:26808:9
      at flushActQueue (node_modules/react/cjs/react.development.js:2667:24)
      at act (node_modules/react/cjs/react.development.js:2582:11)
      at node_modules/@testing-library/react/dist/act-compat.js:47:25
      at renderRoot (node_modules/@testing-library/react/dist/pure.js:190:26)
      at render (node_modules/@testing-library/react/dist/pure.js:292:10)
      at Object.<anonymous> (C:\Users\leovp\Programming\adorador\adorador-frontend\src\app\(public)../../../../../grupos/[bandId]/eventos/[eventId]/en-vivo/_components/updatingElements/__tests__/UpdatingSongList.test.tsx:423:11)

  ΓùÅ UpdatingSongList ΓÇ║ should show loading state on save button when pending

    TypeError: A dynamic import callback was invoked without --experimental-vm-modules

      430 |
      431 |     const editButton = screen.getByLabelText('Editar canciones del evento');
    > 432 |     fireEvent.click(editButton);
          |               ^
      433 |
      434 |     // Wait for modal to open
      435 |     await waitFor(() => {

      at domAnimation (node_modules/@heroui/modal/dist/index.js:246:58)
      at node_modules/framer-motion/dist/cjs/index.js:9462:13
      at commitHookEffectListMount (node_modules/react-dom/cjs/react-dom.development.js:23189:26)
      at commitPassiveMountOnFiber (node_modules/react-dom/cjs/react-dom.development.js:24970:11)
      at commitPassiveMountEffects_complete (node_modules/react-dom/cjs/react-dom.development.js:24930:9)
      at commitPassiveMountEffects_begin (node_modules/react-dom/cjs/react-dom.development.js:24917:7)
      at commitPassiveMountEffects (node_modules/react-dom/cjs/react-dom.development.js:24905:3)
      at flushPassiveEffectsImpl (node_modules/react-dom/cjs/react-dom.development.js:27078:3)
      at flushPassiveEffects (node_modules/react-dom/cjs/react-dom.development.js:27023:14)
      at commitRootImpl (node_modules/react-dom/cjs/react-dom.development.js:26974:5)
      at commitRoot (node_modules/react-dom/cjs/react-dom.development.js:26721:5)
      at performSyncWorkOnRoot (node_modules/react-dom/cjs/react-dom.development.js:26156:3)
      at flushSyncCallbacks (node_modules/react-dom/cjs/react-dom.development.js:12042:22)
      at flushActQueue (node_modules/react/cjs/react.development.js:2667:24)
      at act (node_modules/react/cjs/react.development.js:2582:11)
      at node_modules/@testing-library/react/dist/act-compat.js:47:25
      at Object.eventWrapper (node_modules/@testing-library/react/dist/pure.js:107:28)
      at fireEvent (node_modules/@testing-library/dom/dist/events.js:12:35)
      at Function.fireEvent.<computed> [as click] (node_modules/@testing-library/dom/dist/events.js:110:36)
      at Function.fireEvent.<computed> [as click] (node_modules/@testing-library/react/dist/fire-event.js:15:52)
      at Object.click (C:\Users\leovp\Programming\adorador\adorador-frontend\src\app\(public)../../../../../grupos/[bandId]/eventos/[eventId]/en-vivo/_components/updatingElements/__tests__/UpdatingSongList.test.tsx:432:15)

  ΓùÅ UpdatingSongList ΓÇ║ should show loading state on save button when pending

    TypeError: A dynamic import callback was invoked without --experimental-vm-modules

      430 |
      431 |     const editButton = screen.getByLabelText('Editar canciones del evento');
    > 432 |     fireEvent.click(editButton);
          |               ^
      433 |
      434 |     // Wait for modal to open
      435 |     await waitFor(() => {

      at domAnimation (node_modules/@heroui/modal/dist/index.js:246:58)
      at node_modules/framer-motion/dist/cjs/index.js:9462:13
      at commitHookEffectListMount (node_modules/react-dom/cjs/react-dom.development.js:23189:26)
      at commitPassiveMountOnFiber (node_modules/react-dom/cjs/react-dom.development.js:24970:11)
      at commitPassiveMountEffects_complete (node_modules/react-dom/cjs/react-dom.development.js:24930:9)
      at commitPassiveMountEffects_begin (node_modules/react-dom/cjs/react-dom.development.js:24917:7)
      at commitPassiveMountEffects (node_modules/react-dom/cjs/react-dom.development.js:24905:3)
      at flushPassiveEffectsImpl (node_modules/react-dom/cjs/react-dom.development.js:27078:3)
      at flushPassiveEffects (node_modules/react-dom/cjs/react-dom.development.js:27023:14)
      at commitRootImpl (node_modules/react-dom/cjs/react-dom.development.js:26974:5)
      at commitRoot (node_modules/react-dom/cjs/react-dom.development.js:26721:5)
      at performSyncWorkOnRoot (node_modules/react-dom/cjs/react-dom.development.js:26156:3)
      at flushSyncCallbacks (node_modules/react-dom/cjs/react-dom.development.js:12042:22)
      at flushActQueue (node_modules/react/cjs/react.development.js:2667:24)
      at act (node_modules/react/cjs/react.development.js:2582:11)
      at node_modules/@testing-library/react/dist/act-compat.js:47:25
      at Object.eventWrapper (node_modules/@testing-library/react/dist/pure.js:107:28)
      at fireEvent (node_modules/@testing-library/dom/dist/events.js:12:35)
      at Function.fireEvent.<computed> [as click] (node_modules/@testing-library/dom/dist/events.js:110:36)
      at Function.fireEvent.<computed> [as click] (node_modules/@testing-library/react/dist/fire-event.js:15:52)
      at Object.click (C:\Users\leovp\Programming\adorador\adorador-frontend\src\app\(public)../../../../../grupos/[bandId]/eventos/[eventId]/en-vivo/_components/updatingElements/__tests__/UpdatingSongList.test.tsx:432:15)

  ΓùÅ UpdatingSongList ΓÇ║ should show loading state on save button when pending

    TypeError: A dynamic import callback was invoked without --experimental-vm-modules

      374 |     );
      375 |
    > 376 |     render(
          |           ^
      377 |       <UpdatingSongList
      378 |         songs={mockSongs}
      379 |         params={mockParams}

      at domAnimation (node_modules/@heroui/tooltip/dist/index.js:252:58)
      at node_modules/framer-motion/dist/cjs/index.js:9462:13
      at commitHookEffectListMount (node_modules/react-dom/cjs/react-dom.development.js:23189:26)
      at commitPassiveMountOnFiber (node_modules/react-dom/cjs/react-dom.development.js:24970:11)
      at commitPassiveMountEffects_complete (node_modules/react-dom/cjs/react-dom.development.js:24930:9)
      at commitPassiveMountEffects_begin (node_modules/react-dom/cjs/react-dom.development.js:24917:7)
      at commitPassiveMountEffects (node_modules/react-dom/cjs/react-dom.development.js:24905:3)
      at flushPassiveEffectsImpl (node_modules/react-dom/cjs/react-dom.development.js:27078:3)
      at flushPassiveEffects (node_modules/react-dom/cjs/react-dom.development.js:27023:14)
      at node_modules/react-dom/cjs/react-dom.development.js:26808:9
      at flushActQueue (node_modules/react/cjs/react.development.js:2667:24)
      at act (node_modules/react/cjs/react.development.js:2582:11)
      at node_modules/@testing-library/react/dist/act-compat.js:47:25
      at renderRoot (node_modules/@testing-library/react/dist/pure.js:190:26)
      at render (node_modules/@testing-library/react/dist/pure.js:292:10)
      at Object.<anonymous> (C:\Users\leovp\Programming\adorador\adorador-frontend\src\app\(public)../../../../../grupos/[bandId]/eventos/[eventId]/en-vivo/_components/updatingElements/__tests__/UpdatingSongList.test.tsx:376:11)

  ΓùÅ UpdatingSongList ΓÇ║ should show loading state on save button when pending

    TypeError: A dynamic import callback was invoked without --experimental-vm-modules

      398 |     );
      399 |
    > 400 |     render(
          |           ^
      401 |       <UpdatingSongList
      402 |         songs={mockSongs}
      403 |         params={mockParams}

      at domAnimation (node_modules/@heroui/tooltip/dist/index.js:252:58)
      at node_modules/framer-motion/dist/cjs/index.js:9462:13
      at commitHookEffectListMount (node_modules/react-dom/cjs/react-dom.development.js:23189:26)
      at commitPassiveMountOnFiber (node_modules/react-dom/cjs/react-dom.development.js:24970:11)
      at commitPassiveMountEffects_complete (node_modules/react-dom/cjs/react-dom.development.js:24930:9)
      at commitPassiveMountEffects_begin (node_modules/react-dom/cjs/react-dom.development.js:24917:7)
      at commitPassiveMountEffects (node_modules/react-dom/cjs/react-dom.development.js:24905:3)
      at flushPassiveEffectsImpl (node_modules/react-dom/cjs/react-dom.development.js:27078:3)
      at flushPassiveEffects (node_modules/react-dom/cjs/react-dom.development.js:27023:14)
      at node_modules/react-dom/cjs/react-dom.development.js:26808:9
      at flushActQueue (node_modules/react/cjs/react.development.js:2667:24)
      at act (node_modules/react/cjs/react.development.js:2582:11)
      at node_modules/@testing-library/react/dist/act-compat.js:47:25
      at renderRoot (node_modules/@testing-library/react/dist/pure.js:190:26)
      at render (node_modules/@testing-library/react/dist/pure.js:292:10)
      at Object.<anonymous> (C:\Users\leovp\Programming\adorador\adorador-frontend\src\app\(public)../../../../../grupos/[bandId]/eventos/[eventId]/en-vivo/_components/updatingElements/__tests__/UpdatingSongList.test.tsx:400:11)

  ΓùÅ UpdatingSongList ΓÇ║ should show loading state on save button when pending

    TypeError: A dynamic import callback was invoked without --experimental-vm-modules

      421 |     );
      422 |
    > 423 |     render(
          |           ^
      424 |       <UpdatingSongList
      425 |         songs={mockSongs}
      426 |         params={mockParams}

      at domAnimation (node_modules/@heroui/tooltip/dist/index.js:252:58)
      at node_modules/framer-motion/dist/cjs/index.js:9462:13
      at commitHookEffectListMount (node_modules/react-dom/cjs/react-dom.development.js:23189:26)
      at commitPassiveMountOnFiber (node_modules/react-dom/cjs/react-dom.development.js:24970:11)
      at commitPassiveMountEffects_complete (node_modules/react-dom/cjs/react-dom.development.js:24930:9)
      at commitPassiveMountEffects_begin (node_modules/react-dom/cjs/react-dom.development.js:24917:7)
      at commitPassiveMountEffects (node_modules/react-dom/cjs/react-dom.development.js:24905:3)
      at flushPassiveEffectsImpl (node_modules/react-dom/cjs/react-dom.development.js:27078:3)
      at flushPassiveEffects (node_modules/react-dom/cjs/react-dom.development.js:27023:14)
      at node_modules/react-dom/cjs/react-dom.development.js:26808:9
      at flushActQueue (node_modules/react/cjs/react.development.js:2667:24)
      at act (node_modules/react/cjs/react.development.js:2582:11)
      at node_modules/@testing-library/react/dist/act-compat.js:47:25
      at renderRoot (node_modules/@testing-library/react/dist/pure.js:190:26)
      at render (node_modules/@testing-library/react/dist/pure.js:292:10)
      at Object.<anonymous> (C:\Users\leovp\Programming\adorador\adorador-frontend\src\app\(public)../../../../../grupos/[bandId]/eventos/[eventId]/en-vivo/_components/updatingElements/__tests__/UpdatingSongList.test.tsx:423:11)

  ΓùÅ UpdatingSongList ΓÇ║ should show loading state on save button when pending

    TypeError: A dynamic import callback was invoked without --experimental-vm-modules

      430 |
      431 |     const editButton = screen.getByLabelText('Editar canciones del evento');
    > 432 |     fireEvent.click(editButton);
          |               ^
      433 |
      434 |     // Wait for modal to open
      435 |     await waitFor(() => {

      at domAnimation (node_modules/@heroui/modal/dist/index.js:246:58)
      at node_modules/framer-motion/dist/cjs/index.js:9462:13
      at commitHookEffectListMount (node_modules/react-dom/cjs/react-dom.development.js:23189:26)
      at commitPassiveMountOnFiber (node_modules/react-dom/cjs/react-dom.development.js:24970:11)
      at commitPassiveMountEffects_complete (node_modules/react-dom/cjs/react-dom.development.js:24930:9)
      at commitPassiveMountEffects_begin (node_modules/react-dom/cjs/react-dom.development.js:24917:7)
      at commitPassiveMountEffects (node_modules/react-dom/cjs/react-dom.development.js:24905:3)
      at flushPassiveEffectsImpl (node_modules/react-dom/cjs/react-dom.development.js:27078:3)
      at flushPassiveEffects (node_modules/react-dom/cjs/react-dom.development.js:27023:14)
      at commitRootImpl (node_modules/react-dom/cjs/react-dom.development.js:26974:5)
      at commitRoot (node_modules/react-dom/cjs/react-dom.development.js:26721:5)
      at performSyncWorkOnRoot (node_modules/react-dom/cjs/react-dom.development.js:26156:3)
      at flushSyncCallbacks (node_modules/react-dom/cjs/react-dom.development.js:12042:22)
      at flushActQueue (node_modules/react/cjs/react.development.js:2667:24)
      at act (node_modules/react/cjs/react.development.js:2582:11)
      at node_modules/@testing-library/react/dist/act-compat.js:47:25
      at Object.eventWrapper (node_modules/@testing-library/react/dist/pure.js:107:28)
      at fireEvent (node_modules/@testing-library/dom/dist/events.js:12:35)
      at Function.fireEvent.<computed> [as click] (node_modules/@testing-library/dom/dist/events.js:110:36)
      at Function.fireEvent.<computed> [as click] (node_modules/@testing-library/react/dist/fire-event.js:15:52)
      at Object.click (C:\Users\leovp\Programming\adorador\adorador-frontend\src\app\(public)../../../../../grupos/[bandId]/eventos/[eventId]/en-vivo/_components/updatingElements/__tests__/UpdatingSongList.test.tsx:432:15)

  ΓùÅ UpdatingSongList ΓÇ║ should show loading state on save button when pending

    TypeError: A dynamic import callback was invoked without --experimental-vm-modules

      430 |
      431 |     const editButton = screen.getByLabelText('Editar canciones del evento');
    > 432 |     fireEvent.click(editButton);
          |               ^
      433 |
      434 |     // Wait for modal to open
      435 |     await waitFor(() => {

      at domAnimation (node_modules/@heroui/modal/dist/index.js:246:58)
      at node_modules/framer-motion/dist/cjs/index.js:9462:13
      at commitHookEffectListMount (node_modules/react-dom/cjs/react-dom.development.js:23189:26)
      at commitPassiveMountOnFiber (node_modules/react-dom/cjs/react-dom.development.js:24970:11)
      at commitPassiveMountEffects_complete (node_modules/react-dom/cjs/react-dom.development.js:24930:9)
      at commitPassiveMountEffects_begin (node_modules/react-dom/cjs/react-dom.development.js:24917:7)
      at commitPassiveMountEffects (node_modules/react-dom/cjs/react-dom.development.js:24905:3)
      at flushPassiveEffectsImpl (node_modules/react-dom/cjs/react-dom.development.js:27078:3)
      at flushPassiveEffects (node_modules/react-dom/cjs/react-dom.development.js:27023:14)
      at commitRootImpl (node_modules/react-dom/cjs/react-dom.development.js:26974:5)
      at commitRoot (node_modules/react-dom/cjs/react-dom.development.js:26721:5)
      at performSyncWorkOnRoot (node_modules/react-dom/cjs/react-dom.development.js:26156:3)
      at flushSyncCallbacks (node_modules/react-dom/cjs/react-dom.development.js:12042:22)
      at flushActQueue (node_modules/react/cjs/react.development.js:2667:24)
      at act (node_modules/react/cjs/react.development.js:2582:11)
      at node_modules/@testing-library/react/dist/act-compat.js:47:25
      at Object.eventWrapper (node_modules/@testing-library/react/dist/pure.js:107:28)
      at fireEvent (node_modules/@testing-library/dom/dist/events.js:12:35)
      at Function.fireEvent.<computed> [as click] (node_modules/@testing-library/dom/dist/events.js:110:36)
      at Function.fireEvent.<computed> [as click] (node_modules/@testing-library/react/dist/fire-event.js:15:52)
      at Object.click (C:\Users\leovp\Programming\adorador\adorador-frontend\src\app\(public)../../../../../grupos/[bandId]/eventos/[eventId]/en-vivo/_components/updatingElements/__tests__/UpdatingSongList.test.tsx:432:15)

  ΓùÅ UpdatingSongList ΓÇ║ should disable cancel button when operation is pending

    TypeError: A dynamic import callback was invoked without --experimental-vm-modules

      449 |     );
      450 |
    > 451 |     render(
          |           ^
      452 |       <UpdatingSongList
      453 |         songs={mockSongs}
      454 |         params={mockParams}

      at domAnimation (node_modules/@heroui/tooltip/dist/index.js:252:58)
      at node_modules/framer-motion/dist/cjs/index.js:9462:13
      at commitHookEffectListMount (node_modules/react-dom/cjs/react-dom.development.js:23189:26)
      at commitPassiveMountOnFiber (node_modules/react-dom/cjs/react-dom.development.js:24970:11)
      at commitPassiveMountEffects_complete (node_modules/react-dom/cjs/react-dom.development.js:24930:9)
      at commitPassiveMountEffects_begin (node_modules/react-dom/cjs/react-dom.development.js:24917:7)
      at commitPassiveMountEffects (node_modules/react-dom/cjs/react-dom.development.js:24905:3)
      at flushPassiveEffectsImpl (node_modules/react-dom/cjs/react-dom.development.js:27078:3)
      at flushPassiveEffects (node_modules/react-dom/cjs/react-dom.development.js:27023:14)
      at node_modules/react-dom/cjs/react-dom.development.js:26808:9
      at flushActQueue (node_modules/react/cjs/react.development.js:2667:24)
      at act (node_modules/react/cjs/react.development.js:2582:11)
      at node_modules/@testing-library/react/dist/act-compat.js:47:25
      at renderRoot (node_modules/@testing-library/react/dist/pure.js:190:26)
      at render (node_modules/@testing-library/react/dist/pure.js:292:10)
      at Object.<anonymous> (C:\Users\leovp\Programming\adorador\adorador-frontend\src\app\(public)../../../../../grupos/[bandId]/eventos/[eventId]/en-vivo/_components/updatingElements/__tests__/UpdatingSongList.test.tsx:451:11)

  ΓùÅ UpdatingSongList ΓÇ║ should disable cancel button when operation is pending

    TypeError: A dynamic import callback was invoked without --experimental-vm-modules

      458 |
      459 |     const editButton = screen.getByLabelText('Editar canciones del evento');
    > 460 |     fireEvent.click(editButton);
          |               ^
      461 |
      462 |     // Wait for modal to open
      463 |     await waitFor(() => {

      at domAnimation (node_modules/@heroui/modal/dist/index.js:246:58)
      at node_modules/framer-motion/dist/cjs/index.js:9462:13
      at commitHookEffectListMount (node_modules/react-dom/cjs/react-dom.development.js:23189:26)
      at commitPassiveMountOnFiber (node_modules/react-dom/cjs/react-dom.development.js:24970:11)
      at commitPassiveMountEffects_complete (node_modules/react-dom/cjs/react-dom.development.js:24930:9)
      at commitPassiveMountEffects_begin (node_modules/react-dom/cjs/react-dom.development.js:24917:7)
      at commitPassiveMountEffects (node_modules/react-dom/cjs/react-dom.development.js:24905:3)
      at flushPassiveEffectsImpl (node_modules/react-dom/cjs/react-dom.development.js:27078:3)
      at flushPassiveEffects (node_modules/react-dom/cjs/react-dom.development.js:27023:14)
      at commitRootImpl (node_modules/react-dom/cjs/react-dom.development.js:26974:5)
      at commitRoot (node_modules/react-dom/cjs/react-dom.development.js:26721:5)
      at performSyncWorkOnRoot (node_modules/react-dom/cjs/react-dom.development.js:26156:3)
      at flushSyncCallbacks (node_modules/react-dom/cjs/react-dom.development.js:12042:22)
      at flushActQueue (node_modules/react/cjs/react.development.js:2667:24)
      at act (node_modules/react/cjs/react.development.js:2582:11)
      at node_modules/@testing-library/react/dist/act-compat.js:47:25
      at Object.eventWrapper (node_modules/@testing-library/react/dist/pure.js:107:28)
      at fireEvent (node_modules/@testing-library/dom/dist/events.js:12:35)
      at Function.fireEvent.<computed> [as click] (node_modules/@testing-library/dom/dist/events.js:110:36)
      at Function.fireEvent.<computed> [as click] (node_modules/@testing-library/react/dist/fire-event.js:15:52)
      at Object.click (C:\Users\leovp\Programming\adorador\adorador-frontend\src\app\(public)../../../../../grupos/[bandId]/eventos/[eventId]/en-vivo/_components/updatingElements/__tests__/UpdatingSongList.test.tsx:460:15)

  ΓùÅ UpdatingSongList ΓÇ║ should disable cancel button when operation is pending

    TypeError: A dynamic import callback was invoked without --experimental-vm-modules

      458 |
      459 |     const editButton = screen.getByLabelText('Editar canciones del evento');
    > 460 |     fireEvent.click(editButton);
          |               ^
      461 |
      462 |     // Wait for modal to open
      463 |     await waitFor(() => {

      at domAnimation (node_modules/@heroui/modal/dist/index.js:246:58)
      at node_modules/framer-motion/dist/cjs/index.js:9462:13
      at commitHookEffectListMount (node_modules/react-dom/cjs/react-dom.development.js:23189:26)
      at commitPassiveMountOnFiber (node_modules/react-dom/cjs/react-dom.development.js:24970:11)
      at commitPassiveMountEffects_complete (node_modules/react-dom/cjs/react-dom.development.js:24930:9)
      at commitPassiveMountEffects_begin (node_modules/react-dom/cjs/react-dom.development.js:24917:7)
      at commitPassiveMountEffects (node_modules/react-dom/cjs/react-dom.development.js:24905:3)
      at flushPassiveEffectsImpl (node_modules/react-dom/cjs/react-dom.development.js:27078:3)
      at flushPassiveEffects (node_modules/react-dom/cjs/react-dom.development.js:27023:14)
      at commitRootImpl (node_modules/react-dom/cjs/react-dom.development.js:26974:5)
      at commitRoot (node_modules/react-dom/cjs/react-dom.development.js:26721:5)
      at performSyncWorkOnRoot (node_modules/react-dom/cjs/react-dom.development.js:26156:3)
      at flushSyncCallbacks (node_modules/react-dom/cjs/react-dom.development.js:12042:22)
      at flushActQueue (node_modules/react/cjs/react.development.js:2667:24)
      at act (node_modules/react/cjs/react.development.js:2582:11)
      at node_modules/@testing-library/react/dist/act-compat.js:47:25
      at Object.eventWrapper (node_modules/@testing-library/react/dist/pure.js:107:28)
      at fireEvent (node_modules/@testing-library/dom/dist/events.js:12:35)
      at Function.fireEvent.<computed> [as click] (node_modules/@testing-library/dom/dist/events.js:110:36)
      at Function.fireEvent.<computed> [as click] (node_modules/@testing-library/react/dist/fire-event.js:15:52)
      at Object.click (C:\Users\leovp\Programming\adorador\adorador-frontend\src\app\(public)../../../../../grupos/[bandId]/eventos/[eventId]/en-vivo/_components/updatingElements/__tests__/UpdatingSongList.test.tsx:460:15)

  ΓùÅ UpdatingSongList ΓÇ║ should disable cancel button when operation is pending

    TypeError: A dynamic import callback was invoked without --experimental-vm-modules

      449 |     );
      450 |
    > 451 |     render(
          |           ^
      452 |       <UpdatingSongList
      453 |         songs={mockSongs}
      454 |         params={mockParams}

      at domAnimation (node_modules/@heroui/tooltip/dist/index.js:252:58)
      at node_modules/framer-motion/dist/cjs/index.js:9462:13
      at commitHookEffectListMount (node_modules/react-dom/cjs/react-dom.development.js:23189:26)
      at commitPassiveMountOnFiber (node_modules/react-dom/cjs/react-dom.development.js:24970:11)
      at commitPassiveMountEffects_complete (node_modules/react-dom/cjs/react-dom.development.js:24930:9)
      at commitPassiveMountEffects_begin (node_modules/react-dom/cjs/react-dom.development.js:24917:7)
      at commitPassiveMountEffects (node_modules/react-dom/cjs/react-dom.development.js:24905:3)
      at flushPassiveEffectsImpl (node_modules/react-dom/cjs/react-dom.development.js:27078:3)
      at flushPassiveEffects (node_modules/react-dom/cjs/react-dom.development.js:27023:14)
      at node_modules/react-dom/cjs/react-dom.development.js:26808:9
      at flushActQueue (node_modules/react/cjs/react.development.js:2667:24)
      at act (node_modules/react/cjs/react.development.js:2582:11)
      at node_modules/@testing-library/react/dist/act-compat.js:47:25
      at renderRoot (node_modules/@testing-library/react/dist/pure.js:190:26)
      at render (node_modules/@testing-library/react/dist/pure.js:292:10)
      at Object.<anonymous> (C:\Users\leovp\Programming\adorador\adorador-frontend\src\app\(public)../../../../../grupos/[bandId]/eventos/[eventId]/en-vivo/_components/updatingElements/__tests__/UpdatingSongList.test.tsx:451:11)

  ΓùÅ UpdatingSongList ΓÇ║ should disable cancel button when operation is pending

    TypeError: A dynamic import callback was invoked without --experimental-vm-modules

      458 |
      459 |     const editButton = screen.getByLabelText('Editar canciones del evento');
    > 460 |     fireEvent.click(editButton);
          |               ^
      461 |
      462 |     // Wait for modal to open
      463 |     await waitFor(() => {

      at domAnimation (node_modules/@heroui/modal/dist/index.js:246:58)
      at node_modules/framer-motion/dist/cjs/index.js:9462:13
      at commitHookEffectListMount (node_modules/react-dom/cjs/react-dom.development.js:23189:26)
      at commitPassiveMountOnFiber (node_modules/react-dom/cjs/react-dom.development.js:24970:11)
      at commitPassiveMountEffects_complete (node_modules/react-dom/cjs/react-dom.development.js:24930:9)
      at commitPassiveMountEffects_begin (node_modules/react-dom/cjs/react-dom.development.js:24917:7)
      at commitPassiveMountEffects (node_modules/react-dom/cjs/react-dom.development.js:24905:3)
      at flushPassiveEffectsImpl (node_modules/react-dom/cjs/react-dom.development.js:27078:3)
      at flushPassiveEffects (node_modules/react-dom/cjs/react-dom.development.js:27023:14)
      at commitRootImpl (node_modules/react-dom/cjs/react-dom.development.js:26974:5)
      at commitRoot (node_modules/react-dom/cjs/react-dom.development.js:26721:5)
      at performSyncWorkOnRoot (node_modules/react-dom/cjs/react-dom.development.js:26156:3)
      at flushSyncCallbacks (node_modules/react-dom/cjs/react-dom.development.js:12042:22)
      at flushActQueue (node_modules/react/cjs/react.development.js:2667:24)
      at act (node_modules/react/cjs/react.development.js:2582:11)
      at node_modules/@testing-library/react/dist/act-compat.js:47:25
      at Object.eventWrapper (node_modules/@testing-library/react/dist/pure.js:107:28)
      at fireEvent (node_modules/@testing-library/dom/dist/events.js:12:35)
      at Function.fireEvent.<computed> [as click] (node_modules/@testing-library/dom/dist/events.js:110:36)
      at Function.fireEvent.<computed> [as click] (node_modules/@testing-library/react/dist/fire-event.js:15:52)
      at Object.click (C:\Users\leovp\Programming\adorador\adorador-frontend\src\app\(public)../../../../../grupos/[bandId]/eventos/[eventId]/en-vivo/_components/updatingElements/__tests__/UpdatingSongList.test.tsx:460:15)

  ΓùÅ UpdatingSongList ΓÇ║ should disable cancel button when operation is pending

    TypeError: A dynamic import callback was invoked without --experimental-vm-modules

      458 |
      459 |     const editButton = screen.getByLabelText('Editar canciones del evento');
    > 460 |     fireEvent.click(editButton);
          |               ^
      461 |
      462 |     // Wait for modal to open
      463 |     await waitFor(() => {

      at domAnimation (node_modules/@heroui/modal/dist/index.js:246:58)
      at node_modules/framer-motion/dist/cjs/index.js:9462:13
      at commitHookEffectListMount (node_modules/react-dom/cjs/react-dom.development.js:23189:26)
      at commitPassiveMountOnFiber (node_modules/react-dom/cjs/react-dom.development.js:24970:11)
      at commitPassiveMountEffects_complete (node_modules/react-dom/cjs/react-dom.development.js:24930:9)
      at commitPassiveMountEffects_begin (node_modules/react-dom/cjs/react-dom.development.js:24917:7)
      at commitPassiveMountEffects (node_modules/react-dom/cjs/react-dom.development.js:24905:3)
      at flushPassiveEffectsImpl (node_modules/react-dom/cjs/react-dom.development.js:27078:3)
      at flushPassiveEffects (node_modules/react-dom/cjs/react-dom.development.js:27023:14)
      at commitRootImpl (node_modules/react-dom/cjs/react-dom.development.js:26974:5)
      at commitRoot (node_modules/react-dom/cjs/react-dom.development.js:26721:5)
      at performSyncWorkOnRoot (node_modules/react-dom/cjs/react-dom.development.js:26156:3)
      at flushSyncCallbacks (node_modules/react-dom/cjs/react-dom.development.js:12042:22)
      at flushActQueue (node_modules/react/cjs/react.development.js:2667:24)
      at act (node_modules/react/cjs/react.development.js:2582:11)
      at node_modules/@testing-library/react/dist/act-compat.js:47:25
      at Object.eventWrapper (node_modules/@testing-library/react/dist/pure.js:107:28)
      at fireEvent (node_modules/@testing-library/dom/dist/events.js:12:35)
      at Function.fireEvent.<computed> [as click] (node_modules/@testing-library/dom/dist/events.js:110:36)
      at Function.fireEvent.<computed> [as click] (node_modules/@testing-library/react/dist/fire-event.js:15:52)
      at Object.click (C:\Users\leovp\Programming\adorador\adorador-frontend\src\app\(public)../../../../../grupos/[bandId]/eventos/[eventId]/en-vivo/_components/updatingElements/__tests__/UpdatingSongList.test.tsx:460:15)

  ΓùÅ UpdatingSongList ΓÇ║ should maintain modal open state during save operation

    TypeError: A dynamic import callback was invoked without --experimental-vm-modules

      477 |     );
      478 |
    > 479 |     render(
          |           ^
      480 |       <UpdatingSongList
      481 |         songs={mockSongs}
      482 |         params={mockParams}

      at domAnimation (node_modules/@heroui/tooltip/dist/index.js:252:58)
      at node_modules/framer-motion/dist/cjs/index.js:9462:13
      at commitHookEffectListMount (node_modules/react-dom/cjs/react-dom.development.js:23189:26)
      at commitPassiveMountOnFiber (node_modules/react-dom/cjs/react-dom.development.js:24970:11)
      at commitPassiveMountEffects_complete (node_modules/react-dom/cjs/react-dom.development.js:24930:9)
      at commitPassiveMountEffects_begin (node_modules/react-dom/cjs/react-dom.development.js:24917:7)
      at commitPassiveMountEffects (node_modules/react-dom/cjs/react-dom.development.js:24905:3)
      at flushPassiveEffectsImpl (node_modules/react-dom/cjs/react-dom.development.js:27078:3)
      at flushPassiveEffects (node_modules/react-dom/cjs/react-dom.development.js:27023:14)
      at node_modules/react-dom/cjs/react-dom.development.js:26808:9
      at flushActQueue (node_modules/react/cjs/react.development.js:2667:24)
      at act (node_modules/react/cjs/react.development.js:2582:11)
      at node_modules/@testing-library/react/dist/act-compat.js:47:25
      at renderRoot (node_modules/@testing-library/react/dist/pure.js:190:26)
      at render (node_modules/@testing-library/react/dist/pure.js:292:10)
      at Object.<anonymous> (C:\Users\leovp\Programming\adorador\adorador-frontend\src\app\(public)../../../../../grupos/[bandId]/eventos/[eventId]/en-vivo/_components/updatingElements/__tests__/UpdatingSongList.test.tsx:479:11)

  ΓùÅ UpdatingSongList ΓÇ║ should maintain modal open state during save operation

    TypeError: A dynamic import callback was invoked without --experimental-vm-modules

      486 |
      487 |     const editButton = screen.getByLabelText('Editar canciones del evento');
    > 488 |     fireEvent.click(editButton);
          |               ^
      489 |
      490 |     // Wait for modal to open
      491 |     await waitFor(() => {

      at domAnimation (node_modules/@heroui/modal/dist/index.js:246:58)
      at node_modules/framer-motion/dist/cjs/index.js:9462:13
      at commitHookEffectListMount (node_modules/react-dom/cjs/react-dom.development.js:23189:26)
      at commitPassiveMountOnFiber (node_modules/react-dom/cjs/react-dom.development.js:24970:11)
      at commitPassiveMountEffects_complete (node_modules/react-dom/cjs/react-dom.development.js:24930:9)
      at commitPassiveMountEffects_begin (node_modules/react-dom/cjs/react-dom.development.js:24917:7)
      at commitPassiveMountEffects (node_modules/react-dom/cjs/react-dom.development.js:24905:3)
      at flushPassiveEffectsImpl (node_modules/react-dom/cjs/react-dom.development.js:27078:3)
      at flushPassiveEffects (node_modules/react-dom/cjs/react-dom.development.js:27023:14)
      at commitRootImpl (node_modules/react-dom/cjs/react-dom.development.js:26974:5)
      at commitRoot (node_modules/react-dom/cjs/react-dom.development.js:26721:5)
      at performSyncWorkOnRoot (node_modules/react-dom/cjs/react-dom.development.js:26156:3)
      at flushSyncCallbacks (node_modules/react-dom/cjs/react-dom.development.js:12042:22)
      at flushActQueue (node_modules/react/cjs/react.development.js:2667:24)
      at act (node_modules/react/cjs/react.development.js:2582:11)
      at node_modules/@testing-library/react/dist/act-compat.js:47:25
      at Object.eventWrapper (node_modules/@testing-library/react/dist/pure.js:107:28)
      at fireEvent (node_modules/@testing-library/dom/dist/events.js:12:35)
      at Function.fireEvent.<computed> [as click] (node_modules/@testing-library/dom/dist/events.js:110:36)
      at Function.fireEvent.<computed> [as click] (node_modules/@testing-library/react/dist/fire-event.js:15:52)
      at Object.click (C:\Users\leovp\Programming\adorador\adorador-frontend\src\app\(public)../../../../../grupos/[bandId]/eventos/[eventId]/en-vivo/_components/updatingElements/__tests__/UpdatingSongList.test.tsx:488:15)

  ΓùÅ UpdatingSongList ΓÇ║ should maintain modal open state during save operation

    TypeError: A dynamic import callback was invoked without --experimental-vm-modules

      486 |
      487 |     const editButton = screen.getByLabelText('Editar canciones del evento');
    > 488 |     fireEvent.click(editButton);
          |               ^
      489 |
      490 |     // Wait for modal to open
      491 |     await waitFor(() => {

      at domAnimation (node_modules/@heroui/modal/dist/index.js:246:58)
      at node_modules/framer-motion/dist/cjs/index.js:9462:13
      at commitHookEffectListMount (node_modules/react-dom/cjs/react-dom.development.js:23189:26)
      at commitPassiveMountOnFiber (node_modules/react-dom/cjs/react-dom.development.js:24970:11)
      at commitPassiveMountEffects_complete (node_modules/react-dom/cjs/react-dom.development.js:24930:9)
      at commitPassiveMountEffects_begin (node_modules/react-dom/cjs/react-dom.development.js:24917:7)
      at commitPassiveMountEffects (node_modules/react-dom/cjs/react-dom.development.js:24905:3)
      at flushPassiveEffectsImpl (node_modules/react-dom/cjs/react-dom.development.js:27078:3)
      at flushPassiveEffects (node_modules/react-dom/cjs/react-dom.development.js:27023:14)
      at commitRootImpl (node_modules/react-dom/cjs/react-dom.development.js:26974:5)
      at commitRoot (node_modules/react-dom/cjs/react-dom.development.js:26721:5)
      at performSyncWorkOnRoot (node_modules/react-dom/cjs/react-dom.development.js:26156:3)
      at flushSyncCallbacks (node_modules/react-dom/cjs/react-dom.development.js:12042:22)
      at flushActQueue (node_modules/react/cjs/react.development.js:2667:24)
      at act (node_modules/react/cjs/react.development.js:2582:11)
      at node_modules/@testing-library/react/dist/act-compat.js:47:25
      at Object.eventWrapper (node_modules/@testing-library/react/dist/pure.js:107:28)
      at fireEvent (node_modules/@testing-library/dom/dist/events.js:12:35)
      at Function.fireEvent.<computed> [as click] (node_modules/@testing-library/dom/dist/events.js:110:36)
      at Function.fireEvent.<computed> [as click] (node_modules/@testing-library/react/dist/fire-event.js:15:52)
      at Object.click (C:\Users\leovp\Programming\adorador\adorador-frontend\src\app\(public)../../../../../grupos/[bandId]/eventos/[eventId]/en-vivo/_components/updatingElements/__tests__/UpdatingSongList.test.tsx:488:15)

  ΓùÅ UpdatingSongList ΓÇ║ should maintain modal open state during save operation

    TypeError: A dynamic import callback was invoked without --experimental-vm-modules

      477 |     );
      478 |
    > 479 |     render(
          |           ^
      480 |       <UpdatingSongList
      481 |         songs={mockSongs}
      482 |         params={mockParams}

      at domAnimation (node_modules/@heroui/tooltip/dist/index.js:252:58)
      at node_modules/framer-motion/dist/cjs/index.js:9462:13
      at commitHookEffectListMount (node_modules/react-dom/cjs/react-dom.development.js:23189:26)
      at commitPassiveMountOnFiber (node_modules/react-dom/cjs/react-dom.development.js:24970:11)
      at commitPassiveMountEffects_complete (node_modules/react-dom/cjs/react-dom.development.js:24930:9)
      at commitPassiveMountEffects_begin (node_modules/react-dom/cjs/react-dom.development.js:24917:7)
      at commitPassiveMountEffects (node_modules/react-dom/cjs/react-dom.development.js:24905:3)
      at flushPassiveEffectsImpl (node_modules/react-dom/cjs/react-dom.development.js:27078:3)
      at flushPassiveEffects (node_modules/react-dom/cjs/react-dom.development.js:27023:14)
      at node_modules/react-dom/cjs/react-dom.development.js:26808:9
      at flushActQueue (node_modules/react/cjs/react.development.js:2667:24)
      at act (node_modules/react/cjs/react.development.js:2582:11)
      at node_modules/@testing-library/react/dist/act-compat.js:47:25
      at renderRoot (node_modules/@testing-library/react/dist/pure.js:190:26)
      at render (node_modules/@testing-library/react/dist/pure.js:292:10)
      at Object.<anonymous> (C:\Users\leovp\Programming\adorador\adorador-frontend\src\app\(public)../../../../../grupos/[bandId]/eventos/[eventId]/en-vivo/_components/updatingElements/__tests__/UpdatingSongList.test.tsx:479:11)

  ΓùÅ UpdatingSongList ΓÇ║ should maintain modal open state during save operation

    TypeError: A dynamic import callback was invoked without --experimental-vm-modules

      486 |
      487 |     const editButton = screen.getByLabelText('Editar canciones del evento');
    > 488 |     fireEvent.click(editButton);
          |               ^
      489 |
      490 |     // Wait for modal to open
      491 |     await waitFor(() => {

      at domAnimation (node_modules/@heroui/modal/dist/index.js:246:58)
      at node_modules/framer-motion/dist/cjs/index.js:9462:13
      at commitHookEffectListMount (node_modules/react-dom/cjs/react-dom.development.js:23189:26)
      at commitPassiveMountOnFiber (node_modules/react-dom/cjs/react-dom.development.js:24970:11)
      at commitPassiveMountEffects_complete (node_modules/react-dom/cjs/react-dom.development.js:24930:9)
      at commitPassiveMountEffects_begin (node_modules/react-dom/cjs/react-dom.development.js:24917:7)
      at commitPassiveMountEffects (node_modules/react-dom/cjs/react-dom.development.js:24905:3)
      at flushPassiveEffectsImpl (node_modules/react-dom/cjs/react-dom.development.js:27078:3)
      at flushPassiveEffects (node_modules/react-dom/cjs/react-dom.development.js:27023:14)
      at commitRootImpl (node_modules/react-dom/cjs/react-dom.development.js:26974:5)
      at commitRoot (node_modules/react-dom/cjs/react-dom.development.js:26721:5)
      at performSyncWorkOnRoot (node_modules/react-dom/cjs/react-dom.development.js:26156:3)
      at flushSyncCallbacks (node_modules/react-dom/cjs/react-dom.development.js:12042:22)
      at flushActQueue (node_modules/react/cjs/react.development.js:2667:24)
      at act (node_modules/react/cjs/react.development.js:2582:11)
      at node_modules/@testing-library/react/dist/act-compat.js:47:25
      at Object.eventWrapper (node_modules/@testing-library/react/dist/pure.js:107:28)
      at fireEvent (node_modules/@testing-library/dom/dist/events.js:12:35)
      at Function.fireEvent.<computed> [as click] (node_modules/@testing-library/dom/dist/events.js:110:36)
      at Function.fireEvent.<computed> [as click] (node_modules/@testing-library/react/dist/fire-event.js:15:52)
      at Object.click (C:\Users\leovp\Programming\adorador\adorador-frontend\src\app\(public)../../../../../grupos/[bandId]/eventos/[eventId]/en-vivo/_components/updatingElements/__tests__/UpdatingSongList.test.tsx:488:15)

  ΓùÅ UpdatingSongList ΓÇ║ should maintain modal open state during save operation

    TypeError: A dynamic import callback was invoked without --experimental-vm-modules

      486 |
      487 |     const editButton = screen.getByLabelText('Editar canciones del evento');
    > 488 |     fireEvent.click(editButton);
          |               ^
      489 |
      490 |     // Wait for modal to open
      491 |     await waitFor(() => {

      at domAnimation (node_modules/@heroui/modal/dist/index.js:246:58)
      at node_modules/framer-motion/dist/cjs/index.js:9462:13
      at commitHookEffectListMount (node_modules/react-dom/cjs/react-dom.development.js:23189:26)
      at commitPassiveMountOnFiber (node_modules/react-dom/cjs/react-dom.development.js:24970:11)
      at commitPassiveMountEffects_complete (node_modules/react-dom/cjs/react-dom.development.js:24930:9)
      at commitPassiveMountEffects_begin (node_modules/react-dom/cjs/react-dom.development.js:24917:7)
      at commitPassiveMountEffects (node_modules/react-dom/cjs/react-dom.development.js:24905:3)
      at flushPassiveEffectsImpl (node_modules/react-dom/cjs/react-dom.development.js:27078:3)
      at flushPassiveEffects (node_modules/react-dom/cjs/react-dom.development.js:27023:14)
      at commitRootImpl (node_modules/react-dom/cjs/react-dom.development.js:26974:5)
      at commitRoot (node_modules/react-dom/cjs/react-dom.development.js:26721:5)
      at performSyncWorkOnRoot (node_modules/react-dom/cjs/react-dom.development.js:26156:3)
      at flushSyncCallbacks (node_modules/react-dom/cjs/react-dom.development.js:12042:22)
      at flushActQueue (node_modules/react/cjs/react.development.js:2667:24)
      at act (node_modules/react/cjs/react.development.js:2582:11)
      at node_modules/@testing-library/react/dist/act-compat.js:47:25
      at Object.eventWrapper (node_modules/@testing-library/react/dist/pure.js:107:28)
      at fireEvent (node_modules/@testing-library/dom/dist/events.js:12:35)
      at Function.fireEvent.<computed> [as click] (node_modules/@testing-library/dom/dist/events.js:110:36)
      at Function.fireEvent.<computed> [as click] (node_modules/@testing-library/react/dist/fire-event.js:15:52)
      at Object.click (C:\Users\leovp\Programming\adorador\adorador-frontend\src\app\(public)../../../../../grupos/[bandId]/eventos/[eventId]/en-vivo/_components/updatingElements/__tests__/UpdatingSongList.test.tsx:488:15)

FAIL src/app/(public)/grupos/[bandId]/eventos/[eventId]/en-vivo/_hooks/__tests__/useEventWSConexion.test.tsx (16.672 s)
  ΓùÅ useEventWSConexion - Sincronizaci├│n de estado ΓÇ║ Carga inicial - sincronizaci├│n desde servidor ΓÇ║ debe mantener la posici├│n actual cuando llegan mensajes del servidor en la carga inicial

    expect(jest.fn()).toHaveBeenCalled()

    Expected number of calls: >= 1
    Received number of calls:    0

    Ignored nodes: comments, script, style
    <html>
      <head />
      <body>
        <div />
      </body>
    </html>

      234 |
      235 |       await waitFor(() => {
    > 236 |         expect(mockOn).toHaveBeenCalled();
          |                        ^
      237 |       });
      238 |
      239 |       // Simular que los listeners est├ín configurados

      at toHaveBeenCalled (C:\Users\leovp\Programming\adorador\adorador-frontend\src\app\(public)../../../../../grupos/[bandId]/eventos/[eventId]/en-vivo/_hooks/__tests__/useEventWSConexion.test.tsx:236:24)
      at runWithExpensiveErrorDiagnosticsDisabled (node_modules/@testing-library/dom/dist/config.js:47:12)
      at checkCallback (node_modules/@testing-library/dom/dist/wait-for.js:124:77)
      at node_modules/@testing-library/dom/dist/wait-for.js:97:7
      at waitFor (node_modules/@testing-library/dom/dist/wait-for.js:36:10)
      at node_modules/@testing-library/dom/dist/wait-for.js:164:54
      at Object.asyncWrapper (node_modules/@testing-library/react/dist/pure.js:88:28)
      at waitForWrapper (node_modules/@testing-library/dom/dist/wait-for.js:164:35)
      at Object.<anonymous> (C:\Users\leovp\Programming\adorador\adorador-frontend\src\app\(public)../../../../../grupos/[bandId]/eventos/[eventId]/en-vivo/_hooks/__tests__/useEventWSConexion.test.tsx:235:20)

FAIL src/app/(public)/grupos/[bandId]/eventos/[eventId]/en-vivo/_hooks/__tests__/useEventWSConexion.raceConditions.test.tsx (16.469 s)
  ΓùÅ useEventWSConexion - Orden de eventos y race conditions ΓÇ║ Race condition: lyricSelected llega antes que eventSelectedSong ΓÇ║ debe mantener la posici├│n cuando lyricSelected llega primero

    expect(jest.fn()).toHaveBeenCalled()

    Expected number of calls: >= 1
    Received number of calls:    0

    Ignored nodes: comments, script, style
    <html>
      <head />
      <body>
        <div />
      </body>
    </html>

      206 |
      207 |       await waitFor(() => {
    > 208 |         expect(mockOn).toHaveBeenCalled();
          |                        ^
      209 |       });
      210 |
      211 |       const lyricListener = mockOn.mock.calls.find(

      at toHaveBeenCalled (C:\Users\leovp\Programming\adorador\adorador-frontend\src\app\(public)../../../../../grupos/[bandId]/eventos/[eventId]/en-vivo/_hooks/__tests__/useEventWSConexion.raceConditions.test.tsx:208:24)
      at runWithExpensiveErrorDiagnosticsDisabled (node_modules/@testing-library/dom/dist/config.js:47:12)
      at checkCallback (node_modules/@testing-library/dom/dist/wait-for.js:124:77)
      at node_modules/@testing-library/dom/dist/wait-for.js:97:7
      at waitFor (node_modules/@testing-library/dom/dist/wait-for.js:36:10)
      at node_modules/@testing-library/dom/dist/wait-for.js:164:54
      at Object.asyncWrapper (node_modules/@testing-library/react/dist/pure.js:88:28)
      at waitForWrapper (node_modules/@testing-library/dom/dist/wait-for.js:164:35)
      at Object.<anonymous> (C:\Users\leovp\Programming\adorador\adorador-frontend\src\app\(public)../../../../../grupos/[bandId]/eventos/[eventId]/en-vivo/_hooks/__tests__/useEventWSConexion.raceConditions.test.tsx:207:20)

FAIL src/app/(public)/grupos/[bandId]/canciones/[songId]/_components/__tests__/ButtonNormalizeLyrics.test.tsx
  ΓùÅ Test suite failed to run

    Jest worker encountered 4 child process exceptions, exceeding retry limit

      at ChildProcessWorker.initialize (node_modules/jest-worker/build/index.js:805:21)


Test Suites: 6 failed, 101 passed, 107 total
Tests:       18 failed, 1271 passed, 1289 total
Snapshots:   0 total
Time:        288.731 s
Ran all test suites.
